04-12 23:00:46.982 D/GsmSST  ( 3447): [GsmSST] Poll ServiceState done:  oldSS=[0 0 voice home data home Orange Orange 26003 Orange Orange 26003  UMTS HSPA CSS not supported -1 -1 RoamInd=-1 DefRoamInd=-1 EmergOnly=false IsDataRoamingFromRegistration=false mIsVoiceSearching=false mIsDataSearching=false mVoiceNetworkName=null mDataNetworkName=null Check64QAM0 Dual carrier0] newSS=[0 0 voice home data home Orange Orange 26003 Orange Orange 26003  UMTS HSPAP CSS not supported -1 -1 RoamInd=-1 DefRoamInd=-1 EmergOnly=false IsDataRoamingFromRegistration=false mIsVoiceSearching=false mIsDataSearching=false mVoiceNetworkName=null mDataNetworkName=null Check64QAM0 Dual carrier0] oldMaxDataCalls=20 mNewMaxDataCalls=20 oldReasonDataDenied=-1 mNewReasonDataDenied=-1
04-12 23:00:46.982 D/PHONE   ( 3447): [ServiceState] setNullState=1
04-12 23:00:46.982 D/TelephonyManager( 3447): setTelephonyProperty: success phoneId=0 property=gsm.network.type value: UMTS propVal=UMTS
04-12 23:00:46.983 D/SIMRecords( 3447): [SIMRecords] getServiceProviderName: no brandOverride
04-12 23:00:46.983 D/SIMRecords( 3447): [SIMRecords] getServiceProviderName: providerName=Orange
04-12 23:00:46.983 D/SIMRecords( 3447): [SIMRecords] getServiceProviderName: no brandOverride
04-12 23:00:46.983 D/SIMRecords( 3447): [SIMRecords] getServiceProviderName: providerName=Orange
04-12 23:00:46.983 D/GSMPhoneEx( 3447): grandblue SpnMvno = Orange operator = 26003 simMcc  = 260 simMnc  = 03
04-12 23:00:46.983 D/GSMPhoneEx( 3447): grandblue after SpnMvno = Orange operator = 26003 simMcc  = 260 simMnc  = 03
04-12 23:00:46.984 D/TelephonyManager( 3447): setTelephonyProperty: success phoneId=0 property=gsm.operator.alpha value: Orange propVal=Orange
04-12 23:00:46.984 D/TelephonyManager( 3447): setTelephonyProperty: success phoneId=0 property=gsm.operator.numeric value: 26003 propVal=26003
04-12 23:00:46.985 D/TelephonyManager( 3447): setTelephonyProperty: success phoneId=0 property=gsm.operator.iso-country value: pl propVal=pl
04-12 23:00:46.986 D/GsmSST  ( 3447): [GsmSST] shouldFixTimeZoneNow: retVal=false iccCardExist=true operatorNumeric=26003 mcc=260 prevOperatorNumeric=26003 prevMcc=260 needToFixTimeZone=false ltod=04-12 23:00:46.985
04-12 23:00:46.986 D/TelephonyManager( 3447): setTelephonyProperty: success phoneId=0 property=gsm.operator.isroaming value: false propVal=false
04-12 23:00:46.986 D/TelephonyManager( 3447): setTelephonyProperty: success phoneId=0 property=ril.cdma.voiceinservice value: true propVal=true
04-12 23:00:46.987 D/GsmSST  ( 3447): [GsmSST] Broadcasting ServiceState : 0 0 voice home data home Orange Orange 26003 Orange Orange 26003  UMTS HSPAP CSS not supported -1 -1 RoamInd=-1 DefRoamInd=-1 EmergOnly=false IsDataRoamingFromRegistration=false mIsVoiceSearching=false mIsDataSearching=false mVoiceNetworkName=null mDataNetworkName=null Check64QAM0 Dual carrier0
04-12 23:00:46.987 D/DefaultPhoneNotifier( 3447): nofityServiceState: mRegistry=com.android.internal.telephony.ITelephonyRegistry$Stub$Proxy@ced2ad0 ss=0 0 voice home data home Orange Orange 26003 Orange Orange 26003  UMTS HSPAP CSS not supported -1 -1 RoamInd=-1 DefRoamInd=-1 EmergOnly=false IsDataRoamingFromRegistration=false mIsVoiceSearching=false mIsDataSearching=false mVoiceNetworkName=null mDataNetworkName=null Check64QAM0 Dual carrier0 sender=Handler (com.qti.internal.telephony.gsm.QtiGSMPhone) {560d91e} phondId=0 subId=2
04-12 23:00:46.991 I/RILC    (  370): RIL_SOCKET_1 UNSOLICITED: RIL_UNSOL_LTE_REJECT_CAUSE length:16
04-12 23:00:46.991 E/RILC    (  370): Send Response to RIL_SOCKET_1
04-12 23:00:46.991 E/RILC    (  370): RIL Response bytes written:4
04-12 23:00:46.991 D/RILJ    ( 3447): [UNSL]< RIL_UNSOL_LTE_REJECT_CAUSE {15} [SUB0]
04-12 23:00:46.992 E/RILC    (  370): RIL Response bytes written:16
04-12 23:00:46.993 I/RILC    (  370): RIL_SOCKET_1 UNSOLICITED: UNSOL_RESPONSE_VOICE_NETWORK_STATE_CHANGED length:8
04-12 23:00:46.993 E/RILC    (  370): Send Response to RIL_SOCKET_1
04-12 23:00:46.994 E/RILC    (  370): RIL Response bytes written:4
04-12 23:00:46.995 D/RILJ    ( 3447): [UNSL]< UNSOL_RESPONSE_VOICE_NETWORK_STATE_CHANGED [SUB0]
04-12 23:00:46.995 E/RILC    (  370): RIL Response bytes written:8
04-12 23:00:46.997 I/RILC    (  370): RIL_SOCKET_1 UNSOLICITED: UNSOL_DATA_CALL_LIST_CHANGED length:428
04-12 23:00:46.997 E/RILC    (  370): Send Response to RIL_SOCKET_1
04-12 23:00:46.997 E/RILC    (  370): RIL Response bytes written:4
04-12 23:00:46.997 E/RILC    (  370): RIL Response bytes written:428
04-12 23:00:46.997 D/RILJ    ( 3447): responseDataCallList ver=11 num=1 [SUB0]
04-12 23:00:46.997 D/RILJ    ( 3447): getDataCallResponse before ver=11 [SUB0]
04-12 23:00:46.997 D/RILJ    ( 3447): [UNSL]< UNSOL_DATA_CALL_LIST_CHANGED [DataCallResponse: {version=11 status=0 retry=-1 cid=0 active=2 type=IPV6 ifname=rmnet_data0 mtu=1500 addresses=[2a00:0f41:200a:625d:4683:58b3:ef11:3899/64] dnses=[2a01:1700:0003:ffff:0000:0000:0000:9822,2a01:1700:0002:ffff:0000:0000:0000:9f01] gateways=[fe80:0000:0000:0000:dcaa:d923:8cba:621e] pcscf=[]}] [SUB0]
04-12 23:00:46.997 I/LG-FASTDORMANCY( 3447): [IDLE] Data call list changed.
04-12 23:00:46.998 I/LG-FASTDORMANCY( 3447): [IDLE] [DataCallResponse: {version=11 status=0 retry=-1 cid=0 active=2 type=IPV6 ifname=rmnet_data0 mtu=1500 addresses=[2a00:0f41:200a:625d:4683:58b3:ef11:3899/64] dnses=[2a01:1700:0003:ffff:0000:0000:0000:9822,2a01:1700:0002:ffff:0000:0000:0000:9f01] gateways=[fe80:0000:0000:0000:dcaa:d923:8cba:621e] pcscf=[]}]
04-12 23:00:46.998 I/LG-FASTDORMANCY( 3447): [IDLE] prev:[IDLE] , curr:false
04-12 23:00:46.998 D/QtiGsmDCT( 3447): [0]fetchDunApn: Ignore the dun apn in settings.db
04-12 23:00:47.001 D/SubscriptionManager( 1891): getSimStateForSubscriber: simState=5 slotIdx=0
04-12 23:00:47.003 D/LG-FASTDORMANCY( 3447): [IDLE] isUMTS(): RadioTech(15)
04-12 23:00:47.003 D/GsmSST  ( 3447): [GsmSST] notifyDataRegStateRilRadioTechnologyChanged: drs=0 rat=15
04-12 23:00:47.003 D/LG-FASTDORMANCY( 3447): [IDLE] Exit from IDLE State
04-12 23:00:47.003 D/LG-FASTDORMANCY( 3447): [DCH/FACH] FDCount : 0 Enter to DCH or FACH State
04-12 23:00:47.003 D/TelephonyManager( 3447): setTelephonyProperty: success phoneId=0 property=gsm.network.type value: HSPAP propVal=HSPAP
04-12 23:00:47.005 D/LG-FASTDORMANCY( 3447): [DCH/FACH] FDCount : 0 isUMTS(): RadioTech(15)
04-12 23:00:47.005 I/LG-FASTDORMANCY( 3447): [DCH/FACH] FDCount : 0 Scheduling checkNetStat for 1000msec, current state is [DCH/FACH] FDCount : 0 
04-12 23:00:47.008 D/QtiGsmDCT( 3447): [0]get all active apn types
04-12 23:00:47.011 D/QtiGsmDCT( 3447): [0]return link properites for default
04-12 23:00:47.012 D/QtiGsmDCT( 3447): [0]getDataEnabled: getIntWithSubId retVal=true
04-12 23:00:47.029 D/QtiGsmDCT( 3447): [0]fetchDunApn: config_tether_apndata dunSetting=null
04-12 23:00:47.030 D/DC-1    ( 3447): isInternetRequested = true
04-12 23:00:47.030 D/Dcc     ( 3447): onDataStateChanged: dcsList=[DataCallResponse: {version=11 status=0 retry=-1 cid=0 active=2 type=IPV6 ifname=rmnet_data0 mtu=1500 addresses=[2a00:0f41:200a:625d:4683:58b3:ef11:3899/64] dnses=[2a01:1700:0003:ffff:0000:0000:0000:9822,2a01:1700:0002:ffff:0000:0000:0000:9f01] gateways=[fe80:0000:0000:0000:dcaa:d923:8cba:621e] pcscf=[]}] mDcListActiveByCid={0={DC-1: State=DcActiveState mApnSetting=[ApnSettingV3] Orange Internet, 695, 26003, internetipv6, , , , , , 1, default | dun | hipri | supl, IPV6, IP, true, 0, 0, 1, false, 0, 0, 0, 0, , , 0, ,  RefCount=1 mCid=0 mCreateTime=-1 mLastastFailTime=-1 mLastFailCause=NONE mTag=4 mRetryManager=RetryManager: { forever=false maxRetry=10 curMaxRetry=0 retry=0 config={default_randomization=2000,5000,10000,20000,40000,80000:5000,160000:5000,320000:5000,640000:5000,1280000:5000,1800000:5000} retryArray={5000:2000 10000:2000 20000:2000 40000:2000 80000:5000 160000:5000 320000:5000 640000:5000 1280000:5000 1800000:5000 }} mLinkProperties={InterfaceName: rmnet_data0 LinkAddresses: [2a00:f41:200a:625d:4683:58b3:ef11:3899/64,]  Routes: [::/0 -> fe80::dcaa:d923:8cba:621e rmnet_data0,] DnsAddresses: [2a01:1700:3:ffff::9822,2a01:1700:2:ffff::9f01,] Domains: null MTU: 1500 TcpBufferSizes: 40778,244668,3461120,16777,140625,3461120} linkCapabilities=[ Transports: CELLULAR Capabilities: SUPL&DUN&INTERNET&NOT_RESTRICTED&TRUSTED&NOT_VPN LinkUpBandwidth>=5898Kbps LinkDnBandwidth>=14336Kbps Specifier: <2>] mApnContexts=[{mApnType=default mState=CONNECTED mWaitingApns={[[ApnSettingV3] Orange Internet, 695, 26003, internetipv6, , , , , , 1, default | dun | hipri | supl, IPV6, IP, true, 0, 0, 1, false, 0, 0, 0, 0, , , 0, , ]} mWaitingApnsPermanentFailureCountDown=1 mApnSetting={[ApnSettingV3] Orange Internet, 695, 26003, internetipv6, , , , , , 1, default | dun | hipri | supl, IPV6, IP, true, 0, 0, 1, false, 0, 0, 0, 0, , , 0, , } mReason=connected mDataEnabled=true mDependencyMet=true}]}}
04-12 23:00:47.030 D/Dcc     ( 3447): onDataStateChanged: dcsToRetry=[]
04-12 23:00:47.030 D/Dcc     ( 3447): onDataStateChanged: Found ConnId=0 newState=DataCallResponse: {version=11 status=0 retry=-1 cid=0 active=2 type=IPV6 ifname=rmnet_data0 mtu=1500 addresses=[2a00:0f41:200a:625d:4683:58b3:ef11:3899/64] dnses=[2a01:1700:0003:ffff:0000:0000:0000:9822,2a01:1700:0002:ffff:0000:0000:0000:9f01] gateways=[fe80:0000:0000:0000:dcaa:d923:8cba:621e] pcscf=[]}
04-12 23:00:47.030 D/DataCallResponse( 3447): addr/pl=2a00:0f41:200a:625d:4683:58b3:ef11:3899/64
04-12 23:00:47.030 D/DC-1    ( 3447): MTU set by call response to: 1500
04-12 23:00:47.031 D/Dcc     ( 3447): onDataStateChanged: no change
04-12 23:00:47.031 D/Dcc     ( 3447): onDataStateChanged: Data Activity updated to NONE. isAnyDataCallActive = true isAnyDataCallDormant = false
04-12 23:00:47.031 D/Dcc     ( 3447): onDataStateChanged: Skip startNetStatPoll
04-12 23:00:47.031 D/Dcc     ( 3447): onDataStateChanged: dcsToRetry=[] apnsToCleanup=[]
04-12 23:00:47.031 D/Dcc     ( 3447): onDataStateChanged: X
04-12 23:00:47.031 D/DC-1    ( 3447): DcActiveState not handled msg.what=EVENT_DATA_CONNECTION_DRS_OR_RAT_CHANGED
04-12 23:00:47.031 D/DC-1    ( 3447): DcDefault msg=EVENT_DATA_CONNECTION_DRS_OR_RAT_CHANGED RefCount=1
04-12 23:00:47.031 D/DC-1    ( 3447): DcDefaultState: EVENT_DATA_CONNECTION_DRS_OR_RAT_CHANGED drs=0 mRilRat=15
04-12 23:00:47.031 D/QtiGsmDCT( 3447): [0]fetchDunApn: Ignore the dun apn in settings.db
04-12 23:00:47.054 D/QtiGsmDCT( 3447): [0]fetchDunApn: config_tether_apndata dunSetting=null
04-12 23:00:47.054 D/DC-1    ( 3447): isInternetRequested = true
04-12 23:00:47.054 D/DC-1    ( 3447): DcActiveState not handled msg.what=REQ_GET_LINK_PROPERTIES
04-12 23:00:47.055 D/DC-1    ( 3447): DcDefault msg=REQ_GET_LINK_PROPERTIES RefCount=1
04-12 23:00:47.055 D/DC-1    ( 3447): REQ_GET_LINK_PROPERTIES linkProperties{InterfaceName: rmnet_data0 LinkAddresses: [2a00:f41:200a:625d:4683:58b3:ef11:3899/64,]  Routes: [::/0 -> fe80::dcaa:d923:8cba:621e rmnet_data0,] DnsAddresses: [2a01:1700:3:ffff::9822,2a01:1700:2:ffff::9f01,] Domains: null MTU: 1500 TcpBufferSizes: 122334,734003,3461120,32040,192239,3461120}
04-12 23:00:47.055 D/QtiGsmDCT( 3447): [0]get active pdp is not null, return NetworkCapabilities for default
04-12 23:00:47.055 D/DC-1    ( 3447): DcActiveState not handled msg.what=REQ_GET_NETWORK_CAPABILITIES
04-12 23:00:47.056 D/DC-1    ( 3447): DcDefault msg=REQ_GET_NETWORK_CAPABILITIES RefCount=1
04-12 23:00:47.056 D/QtiGsmDCT( 3447): [0]fetchDunApn: Ignore the dun apn in settings.db
04-12 23:00:47.082 D/QtiGsmDCT( 3447): [0]fetchDunApn: config_tether_apndata dunSetting=null
04-12 23:00:47.082 D/DC-1    ( 3447): isInternetRequested = true
04-12 23:00:47.082 D/DC-1    ( 3447): REQ_GET_NETWORK_CAPABILITIES networkCapabilities[ Transports: CELLULAR Capabilities: SUPL&DUN&INTERNET&NOT_RESTRICTED&TRUSTED&NOT_VPN LinkUpBandwidth>=11264Kbps LinkDnBandwidth>=43008Kbps Specifier: <2>]
04-12 23:00:47.087 D/QtiGsmDCT( 3447): [0]isDataPossible(default): possible=true isDataAllowed=true apnTypePossible=true apnContextisEnabled=true apnContextState()=CONNECTED
04-12 23:00:47.087 D/QtiGsmDCT( 3447): [0]get active apn string for type:default
04-12 23:00:47.087 D/DCT     ( 3447): [ApnContext:default] getApnSetting: apnSetting=[ApnSettingV3] Orange Internet, 695, 26003, internetipv6, , , , , , 1, default | dun | hipri | supl, IPV6, IP, true, 0, 0, 1, false, 0, 0, 0, 0, , , 0, , 
04-12 23:00:47.091 D/TelephonyRegistry( 1891): Notify data connection state changed on sub: 2
04-12 23:00:47.091 D/TelephonyRegistry( 1891): Notify data connection state changed on sub: 2
04-12 23:00:47.091 D/TelephonyRegistry( 1891): Notify data connection state changed on sub: 2
04-12 23:00:47.091 D/TelephonyRegistry( 1891): Notify data connection state changed on sub: 2
04-12 23:00:47.091 D/TelephonyRegistry( 1891): Notify data connection state changed on sub: 2
04-12 23:00:47.092 D/TelephonyRegistry( 1891): broadcastPreciseDataConnectionStateChanged():state=2, apnType=default, smCause=(0), reason=null
04-12 23:00:47.093 D/RILJ    ( 3447): [7148]> OPERATOR [SUB0]
04-12 23:00:47.094 D/RILJ    ( 3447): [7149]> DATA_REGISTRATION_STATE [SUB0]
04-12 23:00:47.094 D/RILC    (  370): SOCKET RIL_SOCKET_1 REQUEST: OPERATOR length:8
04-12 23:00:47.095 D/RILJ    ( 3447): [7150]> VOICE_REGISTRATION_STATE [SUB0]
04-12 23:00:47.095 D/RILC    (  370): SOCKET RIL_SOCKET_1 REQUEST: DATA_REGISTRATION_STATE length:8
04-12 23:00:47.096 D/RILJ    ( 3447): [7151]> QUERY_NETWORK_SELECTION_MODE [SUB0]
04-12 23:00:47.097 D/RILC    (  370): SOCKET RIL_SOCKET_1 REQUEST: VOICE_REGISTRATION_STATE length:8
04-12 23:00:47.097 D/QtiGsmDCT( 3447): [0]QtiDcTracker handleMessage msg={ when=-99ms what=270340 obj=android.os.AsyncResult@3bd092d target=com.qti.internal.telephony.dataconnection.QtiDcTracker }
04-12 23:00:47.097 D/QtiGsmDCT( 3447): [0]handleMessage msg={ when=-99ms what=270340 obj=android.os.AsyncResult@3bd092d target=com.qti.internal.telephony.dataconnection.QtiDcTracker }
04-12 23:00:47.097 E/DATA    ( 3447): Unidentified event msg={ when=-100ms what=270340 obj=android.os.AsyncResult@3bd092d target=com.qti.internal.telephony.dataconnection.QtiDcTracker }
04-12 23:00:47.098 D/RILC    (  370): SOCKET RIL_SOCKET_1 REQUEST: QUERY_NETWORK_SELECTION_MODE length:8
04-12 23:00:47.098 V/LG-FASTDORMANCY( 3447): [DCH/FACH] FDCount : 0 intent received :android.intent.action.SERVICE_STATE
04-12 23:00:47.098 E/PHONE   ( 3447): ServiceState.getRadioTechnology() DEPRECATED will be removed *******
04-12 23:00:47.099 I/LG-FASTDORMANCY( 3447): [DCH/FACH] FDCount : 0 Service State is changed : 0 0 voice home data home Orange Orange 26003 Orange Orange 26003  UMTS HSPAP CSS not supported -1 -1 RoamInd=-1 DefRoamInd=-1 EmergOnly=false IsDataRoamingFromRegistration=false mIsVoiceSearching=false mIsDataSearching=false mVoiceNetworkName=null mDataNetworkName=null Check64QAM0 Dual carrier0
04-12 23:00:47.099 I/LG-FASTDORMANCY( 3447): [DCH/FACH] FDCount : 0 radioTech changed!! currenRT = 15 isChange?? true
04-12 23:00:47.100 D/QtiGsmDCT( 3447): [0]QtiDcTracker handleMessage msg={ when=-92ms what=270377 obj=android.os.AsyncResult@616ce62 target=com.qti.internal.telephony.dataconnection.QtiDcTracker }
04-12 23:00:47.100 I/LG-FASTDORMANCY( 3447): [DCH/FACH] FDCount : 0 Radio Tech changed.
04-12 23:00:47.100 D/QtiGsmDCT( 3447): [0]handleMessage msg={ when=-92ms what=270377 obj=android.os.AsyncResult@616ce62 target=com.qti.internal.telephony.dataconnection.QtiDcTracker }
04-12 23:00:47.100 D/QtiGsmDCT( 3447): [0]onUpdateIcc: newIccRecords com.android.internal.telephony.uicc.SIMRecords
04-12 23:00:47.101 D/GsmSST  ( 3447): [GsmSST] getCellLocation(): X good mCellLoc=[57330,46057520,472]
04-12 23:00:47.101 D/LG-FASTDORMANCY( 3447): [DCH/FACH] FDCount : 0 isUMTS(): RadioTech(15)
04-12 23:00:47.105 D/QtiGsmDCT( 3447): [0]getDataOnRoamingEnabled: phoneSubId=2 isDataRoamingEnabled=false
04-12 23:00:47.106 D/QtiGsmDCT( 3447): [0]getDataEnabled: getIntWithSubId retVal=true
04-12 23:00:47.106 D/RILC    (  370): RequestComplete, RIL_SOCKET_1
04-12 23:00:47.106 E/RILC    (  370): Send Response to RIL_SOCKET_1
04-12 23:00:47.106 E/RILC    (  370): RIL Response bytes written:4
04-12 23:00:47.106 E/RILC    (  370): RIL Response bytes written:72
04-12 23:00:47.106 D/RILJ    ( 3447): [7148]< OPERATOR {Orange, Orange, 26003} [SUB0]
04-12 23:00:47.109 D/RILC    (  370): RequestComplete, RIL_SOCKET_1
04-12 23:00:47.109 E/RILC    (  370): Send Response to RIL_SOCKET_1
04-12 23:00:47.109 E/RILC    (  370): RIL Response bytes written:4
04-12 23:00:47.109 E/RILC    (  370): RIL Response bytes written:20
04-12 23:00:47.110 D/RILJ    ( 3447): [7151]< QUERY_NETWORK_SELECTION_MODE {0} [SUB0]
04-12 23:00:47.111 D/RILC    (  370): RequestComplete, RIL_SOCKET_1
04-12 23:00:47.111 E/RILC    (  370): Send Response to RIL_SOCKET_1
04-12 23:00:47.112 E/RILC    (  370): RIL Response bytes written:4
04-12 23:00:47.112 D/RILJ    ( 3447): [7149]< DATA_REGISTRATION_STATE {1, dff2, 02bec830, 15, null, 20, null, null, null, null, null, 0} [SUB0]
04-12 23:00:47.112 E/RILC    (  370): RIL Response bytes written:120
04-12 23:00:47.112 D/GsmSST  ( 3447): isSFROperators result = false
04-12 23:00:47.112 D/PHONE   ( 3447): [ServiceState] setDataRegState=0
04-12 23:00:47.112 D/PHONE   ( 3447): [ServiceState] setDataRadioTechnology=15
04-12 23:00:47.112 D/GsmSST  ( 3447): [GsmSST] LOGRadioInfo : In Service
04-12 23:00:47.112 D/GsmSST  ( 3447): [GsmSST] handlPollStateResultMessage: GsmSST setDataRegState=0 regState=1 dataRadioTechnology=15
04-12 23:00:47.113 D/RILC    (  370): RequestComplete, RIL_SOCKET_1
04-12 23:00:47.113 E/RILC    (  370): Send Response to RIL_SOCKET_1
04-12 23:00:47.113 E/RILC    (  370): RIL Response bytes written:4
04-12 23:00:47.113 D/RILJ    ( 3447): [7150]< VOICE_REGISTRATION_STATE {1, dff2, 02bec830, 3, null, null, null, 0, null, null, 1, null, null, 0, 1d8} [SUB0]
04-12 23:00:47.113 E/RILC    (  370): RIL Response bytes written:136
04-12 23:00:47.113 D/PHONE   ( 3447): [ServiceState] setVoiceRegState=0
04-12 23:00:47.113 E/PHONE   ( 3447): [ServiceState] setState deprecated use setVoiceRegState()
04-12 23:00:47.113 D/GsmSST  ( 3447): [GsmSST] LOGRadioInfo : In Service
04-12 23:00:47.113 D/QtiGsmDCT( 3447): [0]getDataEnabled: getIntWithSubId retVal=true
04-12 23:00:47.118 D/GsmSST  ( 3447): [GsmSST] Poll ServiceState done:  oldSS=[0 0 voice home data home Orange Orange 26003 Orange Orange 26003  UMTS HSPAP CSS not supported -1 -1 RoamInd=-1 DefRoamInd=-1 EmergOnly=false IsDataRoamingFromRegistration=false mIsVoiceSearching=false mIsDataSearching=false mVoiceNetworkName=null mDataNetworkName=null Check64QAM0 Dual carrier0] newSS=[0 0 voice home data home Orange Orange 26003 Orange Orange 26003  UMTS HSPAP CSS not supported -1 -1 RoamInd=-1 DefRoamInd=-1 EmergOnly=false IsDataRoamingFromRegistration=false mIsVoiceSearching=false mIsDataSearching=false mVoiceNetworkName=null mDataNetworkName=null Check64QAM0 Dual carrier0] oldMaxDataCalls=20 mNewMaxDataCalls=20 oldReasonDataDenied=-1 mNewReasonDataDenied=-1
04-12 23:00:47.118 D/PHONE   ( 3447): [ServiceState] setNullState=1
04-12 23:00:47.134 D/RILJ    ( 3447): [7152]> REQUEST_GET_NEIGHBORING_CELL_IDS [SUB0]
04-12 23:00:47.136 D/RILC    (  370): SOCKET RIL_SOCKET_1 REQUEST: GET_NEIGHBORING_CELL_IDS length:8
04-12 23:00:47.136 I/RILQ    (  370): (0/370):RIL[0][main] qcril_qmi_nas_get_neighboring_cell_ids: completed with 0
04-12 23:00:47.139 I/RILQ    (  370): (0/370):RIL[0][qmi_cb] qcril_qmi_nas_get_neighboring_cells_cb: .. qmi error 0, resultqmi  0, qmi transp_err 0, ril res 0
04-12 23:00:47.140 D/RILC    (  370): RequestComplete, RIL_SOCKET_1
04-12 23:00:47.140 E/RILC    (  370): Send Response to RIL_SOCKET_1
04-12 23:00:47.140 E/RILC    (  370): RIL Response bytes written:4
04-12 23:00:47.140 E/RILC    (  370): RIL Response bytes written:184
04-12 23:00:47.141 I/RILQ    (  370): (0/370):RIL[0][qmi_cb] qcril_qmi_nas_get_neighboring_cells_cb: completed with 0 with 6 entries
04-12 23:00:47.142 D/RILJ    ( 3447): [7152]< REQUEST_GET_NEIGHBORING_CELL_IDS {[[]] [[]] [[]] [[]] [[]] [[]] } [SUB0]
04-12 23:00:47.145 D/RILJ    ( 3447): [7153]> RIL_REQUEST_GET_CELL_INFO_LIST [SUB0]
04-12 23:00:47.147 D/RILC    (  370): SOCKET RIL_SOCKET_1 REQUEST: GET_CELL_INFO_LIST length:8
04-12 23:00:47.149 D/RILC    (  370): RequestComplete, RIL_SOCKET_1
04-12 23:00:47.150 E/RILC    (  370): Send Response to RIL_SOCKET_1
04-12 23:00:47.150 E/RILC    (  370): RIL Response bytes written:4
04-12 23:00:47.150 D/RILJ    ( 3447): [7153]< RIL_REQUEST_GET_CELL_INFO_LIST [CellInfoWcdma:{mRegistered=YES mTimeStampType=oem_ril mTimeStamp=24181890716851ns CellIdentityWcdma:{ mMcc=260 mMnc=3 mLac=57330 mCid=46057520 mPsc=472} CellSignalStrengthWcdma: ss=0 ber=99}, CellInfoWcdma:{mRegistered=NO mTimeStampType=oem_ril mTimeStamp=24181890716851ns CellIdentityWcdma:{ mMcc=2147483647 mMnc=2147483647 mLac=2147483647 mCid=2147483647 mPsc=296} CellSignalStrengthWcdma: ss=10 ber=99}, CellInfoWcdma:{mRegistered=NO mTimeStampType=oem_ril mTimeStamp=24181890716851ns CellIdentityWcdma:{ mMcc=2147483647 mMnc=2147483647 mLac=2147483647 mCid=2147483647 mPsc=20} CellSignalStrengthWcdma: ss=10 ber=99}, CellInfoWcdma:{mRegistered=NO mTimeStampType=oem_ril mTimeStamp=24181890716851ns CellIdentityWcdma:{ mMcc=2147483647 mMnc=2147483647 mLac=2147483647 mCid=2147483647 mPsc=382} CellSignalStrengthWcdma: ss=9 ber=99}, CellInfoWcdma:{mRegistered=NO mTimeStampType=oem_ril mTimeStamp=24181890716851ns CellIdentityWcdma:{ mMcc=2147483647 mMnc=2147483647 mLac=2147483647 mCid=2147483647 mPsc=62} CellSignalStrengthWcdma: ss=8 ber=99}, CellInfoWcdma:{mRegistered=NO mTimeStampType=oem_ril mTimeStamp=24181890716851ns CellIdentityWcdma:{ mMcc=2147483647 mMnc=2147483647 mLac=2147483647 mCid=2147483647 mPsc=472} CellSignalStrengthWcdma: ss=11 ber=99}, CellInfoWcdma:{mRegistered=NO mTimeStampType=oem_ril mTimeStamp=24181890716851ns CellIdentityWcdma:{ mMcc=2147483647 mMnc=2147483647 mLac=2147483647 mCid=2147483647 mPsc=472} CellSignalStrengthWcdma: ss=11 ber=99}] [SUB0]
04-12 23:00:47.150 E/RILC    (  370): RIL Response bytes written:352
04-12 23:00:47.152 D/GsmSST  ( 3447): [GsmSST] SST.getAllCellInfo(): X size=7 list=[CellInfoWcdma:{mRegistered=YES mTimeStampType=oem_ril mTimeStamp=24181890716851ns CellIdentityWcdma:{ mMcc=260 mMnc=3 mLac=57330 mCid=46057520 mPsc=472} CellSignalStrengthWcdma: ss=0 ber=99}, CellInfoWcdma:{mRegistered=NO mTimeStampType=oem_ril mTimeStamp=24181890716851ns CellIdentityWcdma:{ mMcc=2147483647 mMnc=2147483647 mLac=2147483647 mCid=2147483647 mPsc=296} CellSignalStrengthWcdma: ss=10 ber=99}, CellInfoWcdma:{mRegistered=NO mTimeStampType=oem_ril mTimeStamp=24181890716851ns CellIdentityWcdma:{ mMcc=2147483647 mMnc=2147483647 mLac=2147483647 mCid=2147483647 mPsc=20} CellSignalStrengthWcdma: ss=10 ber=99}, CellInfoWcdma:{mRegistered=NO mTimeStampType=oem_ril mTimeStamp=24181890716851ns CellIdentityWcdma:{ mMcc=2147483647 mMnc=2147483647 mLac=2147483647 mCid=2147483647 mPsc=382} CellSignalStrengthWcdma: ss=9 ber=99}, CellInfoWcdma:{mRegistered=NO mTimeStampType=oem_ril mTimeStamp=24181890716851ns CellIdentityWcdma:{ mMcc=2147483647 mMnc=2147483647 mLac=2147483647 mCid=2147483647 mPsc=62} CellSignalStrengthWcdma: ss=8 ber=99}, CellInfoWcdma:{mRegistered=NO mTimeStampType=oem_ril mTimeStamp=24181890716851ns CellIdentityWcdma:{ mMcc=2147483647 mMnc=2147483647 mLac=2147483647 mCid=2147483647 mPsc=472} CellSignalStrengthWcdma: ss=11 ber=99}, CellInfoWcdma:{mRegistered=NO mTimeStampType=oem_ril mTimeStamp=24181890716851ns CellIdentityWcdma:{ mMcc=2147483647 mMnc=2147483647 mLac=2147483647 mCid=2147483647 mPsc=472} CellSignalStrengthWcdma: ss=11 ber=99}]
04-12 23:00:47.156 D/GsmSST  ( 3447): [GsmSST] getCellLocation(): X good mCellLoc=[57330,46057520,472]
04-12 23:00:47.285 D/QtiGsmDCT( 3447): [0]updateDataActivity: curTxRxSum={txSum=46215 rxSum=55763} preTxRxSum={txSum=46199 rxSum=55745}
04-12 23:00:47.285 D/QtiGsmDCT( 3447): [0]updateDataActivity: sent=16 received=18
04-12 23:00:47.285 D/QtiGsmDCT( 3447): [0]updateDataActivity: newActivity=DATAINANDOUT
04-12 23:00:47.295 D/QtiGsmDCT( 3447): [0]getDataEnabled: getIntWithSubId retVal=true
04-12 23:00:48.010 V/LG-FASTDORMANCY( 3447): [DCH/FACH] FDCount : 0 intent received :com.android.internal.telephony.ACTION_CHECK_NETSTAT
04-12 23:00:48.013 V/LG-FASTDORMANCY( 3447): [DCH/FACH] FDCount : 0 prev: TxPkts(46199), RxPkts(55745)
04-12 23:00:48.013 V/LG-FASTDORMANCY( 3447): [DCH/FACH] FDCount : 0 curr: TxPkts(46219), RxPkts(55767)
04-12 23:00:48.014 I/LG-FASTDORMANCY( 3447): [DCH/FACH] FDCount : 0 Scheduling checkNetStat for 1000msec, current state is [DCH/FACH] FDCount : 0 
04-12 23:00:48.290 D/QtiGsmDCT( 3447): [0]updateDataActivity: curTxRxSum={txSum=46219 rxSum=55767} preTxRxSum={txSum=46215 rxSum=55763}
04-12 23:00:48.290 D/QtiGsmDCT( 3447): [0]updateDataActivity: sent=4 received=4
04-12 23:00:48.804 I/RILC    (  370): RIL_SOCKET_1 UNSOLICITED: UNSOL_SIGNAL_STRENGTH length:68
04-12 23:00:48.805 E/RILC    (  370): Send Response to RIL_SOCKET_1
04-12 23:00:48.805 E/RILC    (  370): RIL Response bytes written:4
04-12 23:00:48.805 E/RILC    (  370): RIL Response bytes written:68
04-12 23:00:48.805 D/GsmSST  ( 3447): [GsmSST] ServiceStateTrackerEx:onSignalStrengthResult() isGsm=true DataRadioTech=15
04-12 23:00:48.805 W/LGSignalStrength( 3447): setDataRadioTechnology: dataRadioTechnology = 15
04-12 23:00:48.806 D/DefaultPhoneNotifier( 3447): notifySignalStrength: mRegistry=com.android.internal.telephony.ITelephonyRegistry$Stub$Proxy@ced2ad0 ss=SignalStrength: 11 0 -92 -85 -120 -1 -1 99 2147483647 2147483647 2147483647 2147483647 2147483647 gsm|lte 15 0 -92 -85 sender=Handler (com.qti.internal.telephony.gsm.QtiGSMPhone) {560d91e}
04-12 23:00:48.817 D/QtiGsmDCT( 3447): [0]getDataEnabled: getIntWithSubId retVal=true
04-12 23:00:48.885 D/QtiGsmDCT( 3447): [0]onReceive: action=com.android.internal.telephony.data-stall
04-12 23:00:48.887 D/QtiGsmDCT( 3447): [0]QtiDcTracker handleMessage msg={ when=-1ms what=270353 arg1=32231 obj=com.android.internal.telephony.data-stall target=com.qti.internal.telephony.dataconnection.QtiDcTracker }
04-12 23:00:48.887 D/QtiGsmDCT( 3447): [0]handleMessage msg={ when=-2ms what=270353 arg1=32231 obj=com.android.internal.telephony.data-stall target=com.qti.internal.telephony.dataconnection.QtiDcTracker }
04-12 23:00:48.894 D/QtiGsmDCT( 3447): [0]overall state is CONNECTED
04-12 23:00:49.018 V/LG-FASTDORMANCY( 3447): [DCH/FACH] FDCount : 0 intent received :com.android.internal.telephony.ACTION_CHECK_NETSTAT
04-12 23:00:49.023 V/LG-FASTDORMANCY( 3447): [DCH/FACH] FDCount : 0 prev: TxPkts(46219), RxPkts(55767)
04-12 23:00:49.023 V/LG-FASTDORMANCY( 3447): [DCH/FACH] FDCount : 0 curr: TxPkts(46219), RxPkts(55767)
04-12 23:00:49.024 I/LG-FASTDORMANCY( 3447): [DCH/FACH] FDCount : 1 Scheduling checkNetStat for 1000msec, current state is [DCH/FACH] FDCount : 1 
04-12 23:00:49.294 D/QtiGsmDCT( 3447): [0]updateDataActivity: curTxRxSum={txSum=46219 rxSum=55767} preTxRxSum={txSum=46219 rxSum=55767}
04-12 23:00:49.294 D/QtiGsmDCT( 3447): [0]updateDataActivity: sent=0 received=0
04-12 23:00:49.294 D/QtiGsmDCT( 3447): [0]updateDataActivity: newActivity=NONE
04-12 23:00:49.300 D/QtiGsmDCT( 3447): [0]getDataEnabled: getIntWithSubId retVal=true
04-12 23:00:50.028 V/LG-FASTDORMANCY( 3447): [DCH/FACH] FDCount : 1 intent received :com.android.internal.telephony.ACTION_CHECK_NETSTAT
04-12 23:00:50.032 V/LG-FASTDORMANCY( 3447): [DCH/FACH] FDCount : 1 prev: TxPkts(46219), RxPkts(55767)
04-12 23:00:50.032 V/LG-FASTDORMANCY( 3447): [DCH/FACH] FDCount : 1 curr: TxPkts(46219), RxPkts(55767)
04-12 23:00:50.033 I/LG-FASTDORMANCY( 3447): [DCH/FACH] FDCount : 2 Scheduling checkNetStat for 1000msec, current state is [DCH/FACH] FDCount : 2 
04-12 23:00:50.303 D/QtiGsmDCT( 3447): [0]updateDataActivity: curTxRxSum={txSum=46219 rxSum=55767} preTxRxSum={txSum=46219 rxSum=55767}
04-12 23:00:50.303 D/QtiGsmDCT( 3447): [0]updateDataActivity: sent=0 received=0
04-12 23:00:51.037 V/LG-FASTDORMANCY( 3447): [DCH/FACH] FDCount : 2 intent received :com.android.internal.telephony.ACTION_CHECK_NETSTAT
04-12 23:00:51.042 V/LG-FASTDORMANCY( 3447): [DCH/FACH] FDCount : 2 prev: TxPkts(46219), RxPkts(55767)
04-12 23:00:51.042 V/LG-FASTDORMANCY( 3447): [DCH/FACH] FDCount : 2 curr: TxPkts(46219), RxPkts(55767)
04-12 23:00:51.043 I/LG-FASTDORMANCY( 3447): [DCH/FACH] FDCount : 3 Scheduling checkNetStat for 1000msec, current state is [DCH/FACH] FDCount : 3 
04-12 23:00:51.307 D/QtiGsmDCT( 3447): [0]updateDataActivity: curTxRxSum={txSum=46219 rxSum=55767} preTxRxSum={txSum=46219 rxSum=55767}
04-12 23:00:51.307 D/QtiGsmDCT( 3447): [0]updateDataActivity: sent=0 received=0
04-12 23:00:51.804 I/RILC    (  370): RIL_SOCKET_1 UNSOLICITED: UNSOL_SIGNAL_STRENGTH length:68
04-12 23:00:51.804 E/RILC    (  370): Send Response to RIL_SOCKET_1
04-12 23:00:51.804 E/RILC    (  370): RIL Response bytes written:4
04-12 23:00:51.804 E/RILC    (  370): RIL Response bytes written:68
04-12 23:00:51.805 D/GsmSST  ( 3447): [GsmSST] ServiceStateTrackerEx:onSignalStrengthResult() isGsm=true DataRadioTech=15
04-12 23:00:51.805 W/LGSignalStrength( 3447): setDataRadioTechnology: dataRadioTechnology = 15
04-12 23:00:51.805 D/DefaultPhoneNotifier( 3447): notifySignalStrength: mRegistry=com.android.internal.telephony.ITelephonyRegistry$Stub$Proxy@ced2ad0 ss=SignalStrength: 13 0 -88 -75 -120 -1 -1 99 2147483647 2147483647 2147483647 2147483647 2147483647 gsm|lte 15 0 -88 -75 sender=Handler (com.qti.internal.telephony.gsm.QtiGSMPhone) {560d91e}
04-12 23:00:51.818 D/QtiGsmDCT( 3447): [0]getDataEnabled: getIntWithSubId retVal=true
04-12 23:00:52.047 V/LG-FASTDORMANCY( 3447): [DCH/FACH] FDCount : 3 intent received :com.android.internal.telephony.ACTION_CHECK_NETSTAT
04-12 23:00:52.055 V/LG-FASTDORMANCY( 3447): [DCH/FACH] FDCount : 3 prev: TxPkts(46219), RxPkts(55767)
04-12 23:00:52.055 V/LG-FASTDORMANCY( 3447): [DCH/FACH] FDCount : 3 curr: TxPkts(46219), RxPkts(55767)
04-12 23:00:52.056 I/LG-FASTDORMANCY( 3447): [DCH/FACH] FDCount : 4 Scheduling checkNetStat for 1000msec, current state is [DCH/FACH] FDCount : 4 
04-12 23:00:52.310 D/QtiGsmDCT( 3447): [0]updateDataActivity: curTxRxSum={txSum=46219 rxSum=55767} preTxRxSum={txSum=46219 rxSum=55767}
04-12 23:00:52.310 D/QtiGsmDCT( 3447): [0]updateDataActivity: sent=0 received=0
04-12 23:00:53.065 V/LG-FASTDORMANCY( 3447): [DCH/FACH] FDCount : 4 intent received :com.android.internal.telephony.ACTION_CHECK_NETSTAT
04-12 23:00:53.070 V/LG-FASTDORMANCY( 3447): [DCH/FACH] FDCount : 4 prev: TxPkts(46219), RxPkts(55767)
04-12 23:00:53.070 V/LG-FASTDORMANCY( 3447): [DCH/FACH] FDCount : 4 curr: TxPkts(46219), RxPkts(55767)
04-12 23:00:53.071 I/LG-FASTDORMANCY( 3447): [DCH/FACH] FDCount : 5 Scheduling checkNetStat for 1000msec, current state is [DCH/FACH] FDCount : 5 
04-12 23:00:53.314 D/QtiGsmDCT( 3447): [0]updateDataActivity: curTxRxSum={txSum=46219 rxSum=55767} preTxRxSum={txSum=46219 rxSum=55767}
04-12 23:00:53.314 D/QtiGsmDCT( 3447): [0]updateDataActivity: sent=0 received=0
04-12 23:00:54.076 V/LG-FASTDORMANCY( 3447): [DCH/FACH] FDCount : 5 intent received :com.android.internal.telephony.ACTION_CHECK_NETSTAT
04-12 23:00:54.079 V/LG-FASTDORMANCY( 3447): [DCH/FACH] FDCount : 5 prev: TxPkts(46219), RxPkts(55767)
04-12 23:00:54.079 V/LG-FASTDORMANCY( 3447): [DCH/FACH] FDCount : 5 curr: TxPkts(46219), RxPkts(55767)
04-12 23:00:54.081 I/LG-FASTDORMANCY( 3447): [DCH/FACH] FDCount : 6 Scheduling checkNetStat for 1000msec, current state is [DCH/FACH] FDCount : 6 
04-12 23:00:54.318 D/QtiGsmDCT( 3447): [0]updateDataActivity: curTxRxSum={txSum=46219 rxSum=55767} preTxRxSum={txSum=46219 rxSum=55767}
04-12 23:00:54.318 D/QtiGsmDCT( 3447): [0]updateDataActivity: sent=0 received=0
04-12 23:00:55.084 V/LG-FASTDORMANCY( 3447): [DCH/FACH] FDCount : 6 intent received :com.android.internal.telephony.ACTION_CHECK_NETSTAT
04-12 23:00:55.089 V/LG-FASTDORMANCY( 3447): [DCH/FACH] FDCount : 6 prev: TxPkts(46219), RxPkts(55767)
04-12 23:00:55.089 V/LG-FASTDORMANCY( 3447): [DCH/FACH] FDCount : 6 curr: TxPkts(46219), RxPkts(55767)
04-12 23:00:55.090 I/LG-FASTDORMANCY( 3447): [DCH/FACH] FDCount : 7 Scheduling checkNetStat for 1000msec, current state is [DCH/FACH] FDCount : 7 
04-12 23:00:55.323 D/QtiGsmDCT( 3447): [0]updateDataActivity: curTxRxSum={txSum=46219 rxSum=55767} preTxRxSum={txSum=46219 rxSum=55767}
04-12 23:00:55.323 D/QtiGsmDCT( 3447): [0]updateDataActivity: sent=0 received=0
04-12 23:00:56.094 V/LG-FASTDORMANCY( 3447): [DCH/FACH] FDCount : 7 intent received :com.android.internal.telephony.ACTION_CHECK_NETSTAT
04-12 23:00:56.099 V/LG-FASTDORMANCY( 3447): [DCH/FACH] FDCount : 7 prev: TxPkts(46219), RxPkts(55767)
04-12 23:00:56.099 V/LG-FASTDORMANCY( 3447): [DCH/FACH] FDCount : 7 curr: TxPkts(46219), RxPkts(55767)
04-12 23:00:56.100 I/LG-FASTDORMANCY( 3447): [DCH/FACH] FDCount : 8 Scheduling checkNetStat for 1000msec, current state is [DCH/FACH] FDCount : 8 
04-12 23:00:56.328 D/QtiGsmDCT( 3447): [0]updateDataActivity: curTxRxSum={txSum=46219 rxSum=55767} preTxRxSum={txSum=46219 rxSum=55767}
04-12 23:00:56.329 D/QtiGsmDCT( 3447): [0]updateDataActivity: sent=0 received=0
04-12 23:00:57.103 V/LG-FASTDORMANCY( 3447): [DCH/FACH] FDCount : 8 intent received :com.android.internal.telephony.ACTION_CHECK_NETSTAT
04-12 23:00:57.108 V/LG-FASTDORMANCY( 3447): [DCH/FACH] FDCount : 8 prev: TxPkts(46219), RxPkts(55767)
04-12 23:00:57.108 V/LG-FASTDORMANCY( 3447): [DCH/FACH] FDCount : 8 curr: TxPkts(46219), RxPkts(55767)
04-12 23:00:57.109 I/LG-FASTDORMANCY( 3447): [DCH/FACH] FDCount : 9 Scheduling checkNetStat for 1000msec, current state is [DCH/FACH] FDCount : 9 
04-12 23:00:57.334 D/QtiGsmDCT( 3447): [0]updateDataActivity: curTxRxSum={txSum=46219 rxSum=55767} preTxRxSum={txSum=46219 rxSum=55767}
04-12 23:00:57.334 D/QtiGsmDCT( 3447): [0]updateDataActivity: sent=0 received=0
04-12 23:00:58.113 V/LG-FASTDORMANCY( 3447): [DCH/FACH] FDCount : 9 intent received :com.android.internal.telephony.ACTION_CHECK_NETSTAT
04-12 23:00:58.119 V/LG-FASTDORMANCY( 3447): [DCH/FACH] FDCount : 9 prev: TxPkts(46219), RxPkts(55767)
04-12 23:00:58.119 V/LG-FASTDORMANCY( 3447): [DCH/FACH] FDCount : 9 curr: TxPkts(46219), RxPkts(55767)
04-12 23:00:58.121 I/LG-FASTDORMANCY( 3447): [DCH/FACH] FDCount : 10 Scheduling checkNetStat for 1000msec, current state is [DCH/FACH] FDCount : 10 
04-12 23:00:58.340 D/QtiGsmDCT( 3447): [0]updateDataActivity: curTxRxSum={txSum=46219 rxSum=55767} preTxRxSum={txSum=46219 rxSum=55767}
04-12 23:00:58.340 D/QtiGsmDCT( 3447): [0]updateDataActivity: sent=0 received=0
04-12 23:00:59.124 V/LG-FASTDORMANCY( 3447): [DCH/FACH] FDCount : 10 intent received :com.android.internal.telephony.ACTION_CHECK_NETSTAT
04-12 23:00:59.127 V/LG-FASTDORMANCY( 3447): [DCH/FACH] FDCount : 10 prev: TxPkts(46219), RxPkts(55767)
04-12 23:00:59.127 V/LG-FASTDORMANCY( 3447): [DCH/FACH] FDCount : 10 curr: TxPkts(46219), RxPkts(55767)
04-12 23:00:59.128 V/LG-FASTDORMANCY( 3447): [DCH/FACH] FDCount : 11 isRetryNeeded(): mRetryCount: 0, MaxRetry: 1
04-12 23:00:59.131 D/LG-FASTDORMANCY( 3447): [DCH/FACH] FDCount : 11 isUMTS(): RadioTech(15)
04-12 23:00:59.131 D/LG-FASTDORMANCY( 3447): [DCH/FACH] FDCount : 11 triggerGoDormant() using qcRilGoDormant with GO_DORMANT_INTERFACE_ALL
04-12 23:00:59.133 E/RILQ    (  370): (0/370): RIL[0][oem_socket0] void qcril_qmi_generic_socket_agent::recv_thread_func(): read 4 bytes length message with length 28
04-12 23:00:59.134 E/RILQ    (  370): (0/370): RIL[0][oem_socket0] qcril_data_iface_go_dormant:  binding v6 handle to IPV6 family failed rc=-1, qmi_err=0
04-12 23:00:59.141 E/RILQ    (  370): (0/370): RIL[0][oem_socket0] qcril_data_process_qcrilhook_go_dormant: invalid dev_instance [-1] derived for index [1]
04-12 23:00:59.141 E/RILQ    (  370): (0/370): RIL[0][oem_socket0] qcril_data_process_qcrilhook_go_dormant: invalid dev_instance [-1] derived for index [2]
04-12 23:00:59.141 E/RILQ    (  370): (0/370): RIL[0][oem_socket0] qcril_data_process_qcrilhook_go_dormant: invalid dev_instance [-1] derived for index [3]
04-12 23:00:59.142 E/RILQ    (  370): (0/370): RIL[0][oem_socket0] qcril_data_process_qcrilhook_go_dormant: invalid dev_instance [-1] derived for index [4]
04-12 23:00:59.142 E/RILQ    (  370): (0/370): RIL[0][oem_socket0] qcril_data_process_qcrilhook_go_dormant: invalid dev_instance [-1] derived for index [5]
04-12 23:00:59.142 E/RILQ    (  370): (0/370): RIL[0][oem_socket0] qcril_data_process_qcrilhook_go_dormant: invalid dev_instance [-1] derived for index [6]
04-12 23:00:59.142 E/RILQ    (  370): (0/370): RIL[0][oem_socket0] qcril_data_process_qcrilhook_go_dormant: invalid dev_instance [-1] derived for index [7]
04-12 23:00:59.142 E/RILQ    (  370): (0/370): RIL[0][oem_socket0] qcril_data_process_qcrilhook_go_dormant: invalid dev_instance [-1] derived for index [8]
04-12 23:00:59.142 E/RILQ    (  370): (0/370): RIL[0][oem_socket0] qcril_data_process_qcrilhook_go_dormant: invalid dev_instance [-1] derived for index [9]
04-12 23:00:59.142 E/RILQ    (  370): (0/370): RIL[0][oem_socket0] qcril_data_process_qcrilhook_go_dormant: invalid dev_instance [-1] derived for index [10]
04-12 23:00:59.142 E/RILQ    (  370): (0/370): RIL[0][oem_socket0] qcril_data_process_qcrilhook_go_dormant: invalid dev_instance [-1] derived for index [11]
04-12 23:00:59.142 E/RILQ    (  370): (0/370): RIL[0][oem_socket0] qcril_data_process_qcrilhook_go_dormant: invalid dev_instance [-1] derived for index [12]
04-12 23:00:59.142 E/RILQ    (  370): (0/370): RIL[0][oem_socket0] qcril_data_process_qcrilhook_go_dormant: invalid dev_instance [-1] derived for index [13]
04-12 23:00:59.142 E/RILQ    (  370): (0/370): RIL[0][oem_socket0] qcril_data_process_qcrilhook_go_dormant: invalid dev_instance [-1] derived for index [14]
04-12 23:00:59.142 E/RILQ    (  370): (0/370): RIL[0][oem_socket0] qcril_data_process_qcrilhook_go_dormant: invalid dev_instance [-1] derived for index [15]
04-12 23:00:59.142 E/RILQ    (  370): (0/370): RIL[0][oem_socket0] qcril_data_process_qcrilhook_go_dormant: invalid dev_instance [-1] derived for index [16]
04-12 23:00:59.142 E/RILQ    (  370): (0/370): RIL[0][oem_socket0] qcril_data_process_qcrilhook_go_dormant: invalid dev_instance [-1] derived for index [17]
04-12 23:00:59.142 E/RILQ    (  370): (0/370): RIL[0][oem_socket0] qcril_data_process_qcrilhook_go_dormant: invalid dev_instance [-1] derived for index [18]
04-12 23:00:59.142 E/RILQ    (  370): (0/370): RIL[0][oem_socket0] qcril_data_process_qcrilhook_go_dormant: invalid dev_instance [-1] derived for index [19]
04-12 23:00:59.144 V/LG-FASTDORMANCY( 3447): [DCH/FACH] FDCount : 0 increaseCount(): mRetryCount: 1
04-12 23:00:59.144 I/LG-FASTDORMANCY( 3447): [DCH/FACH] FDCount : 0 Scheduling checkNetStat for 1000msec, current state is [DCH/FACH] FDCount : 0 
04-12 23:00:59.229 I/RILC    (  370): RIL_SOCKET_1 UNSOLICITED: RIL_UNSOL_LTE_REJECT_CAUSE length:16
04-12 23:00:59.229 E/RILC    (  370): Send Response to RIL_SOCKET_1
04-12 23:00:59.230 E/RILC    (  370): RIL Response bytes written:4
04-12 23:00:59.230 D/RILJ    ( 3447): [UNSL]< RIL_UNSOL_LTE_REJECT_CAUSE {15} [SUB0]
04-12 23:00:59.230 E/RILC    (  370): RIL Response bytes written:16
04-12 23:00:59.232 I/RILC    (  370): RIL_SOCKET_1 UNSOLICITED: UNSOL_OEM_HOOK_RAW length:32
04-12 23:00:59.232 E/RILC    (  370): Send Response to RIL_SOCKET_1
04-12 23:00:59.232 E/RILC    (  370): RIL Response bytes written:4
04-12 23:00:59.232 E/RILC    (  370): RIL Response bytes written:32
04-12 23:00:59.234 I/RILC    (  370): RIL_SOCKET_1 UNSOLICITED: UNSOL_RESPONSE_VOICE_NETWORK_STATE_CHANGED length:8
04-12 23:00:59.234 E/RILC    (  370): Send Response to RIL_SOCKET_1
04-12 23:00:59.234 E/RILC    (  370): RIL Response bytes written:4
04-12 23:00:59.234 E/RILC    (  370): RIL Response bytes written:8
04-12 23:00:59.234 V/RILJ    ( 3447): [UNSL]< UNSOL_OEM_HOOK_RAW 514f454d484f4f4bef0308000100000002 [SUB0]
04-12 23:00:59.234 D/RILJ    ( 3447): Oem ID in RIL_UNSOL_OEM_HOOK_RAW is QOEMHOOK
04-12 23:00:59.234 D/RILJ    ( 3447): OEM ID check Passed
04-12 23:00:59.234 D/RILJ    ( 3447): Response ID in RIL_UNSOL_OEM_HOOK_RAW is 525295
04-12 23:00:59.235 D/RILJ    ( 3447): Response ID 525295 is not served in this process.
04-12 23:00:59.235 D/RILJ    ( 3447): [UNSL]< UNSOL_RESPONSE_VOICE_NETWORK_STATE_CHANGED [SUB0]
04-12 23:00:59.235 D/RILJ    ( 3447): [7154]> OPERATOR [SUB0]
04-12 23:00:59.236 I/RILC    (  370): RIL_SOCKET_1 UNSOLICITED: UNSOL_DATA_CALL_LIST_CHANGED length:428
04-12 23:00:59.236 E/RILC    (  370): Send Response to RIL_SOCKET_1
04-12 23:00:59.236 E/RILC    (  370): RIL Response bytes written:4
04-12 23:00:59.236 E/RILC    (  370): RIL Response bytes written:428
04-12 23:00:59.236 D/RILJ    ( 3447): [7155]> DATA_REGISTRATION_STATE [SUB0]
04-12 23:00:59.237 D/RILC    (  370): SOCKET RIL_SOCKET_1 REQUEST: OPERATOR length:8
04-12 23:00:59.238 D/RILJ    ( 3447): [7156]> VOICE_REGISTRATION_STATE [SUB0]
04-12 23:00:59.238 D/RILC    (  370): SOCKET RIL_SOCKET_1 REQUEST: DATA_REGISTRATION_STATE length:8
04-12 23:00:59.239 D/RILJ    ( 3447): responseDataCallList ver=11 num=1 [SUB0]
04-12 23:00:59.239 D/RILJ    ( 3447): getDataCallResponse before ver=11 [SUB0]
04-12 23:00:59.239 D/RILJ    ( 3447): [UNSL]< UNSOL_DATA_CALL_LIST_CHANGED [DataCallResponse: {version=11 status=0 retry=-1 cid=0 active=1 type=IPV6 ifname=rmnet_data0 mtu=1500 addresses=[2a00:0f41:200a:625d:4683:58b3:ef11:3899/64] dnses=[2a01:1700:0003:ffff:0000:0000:0000:9822,2a01:1700:0002:ffff:0000:0000:0000:9f01] gateways=[fe80:0000:0000:0000:dcaa:d923:8cba:621e] pcscf=[]}] [SUB0]
04-12 23:00:59.241 D/RILJ    ( 3447): [7157]> QUERY_NETWORK_SELECTION_MODE [SUB0]
04-12 23:00:59.242 I/LG-FASTDORMANCY( 3447): [DCH/FACH] FDCount : 0 Data call list changed.
04-12 23:00:59.242 I/LG-FASTDORMANCY( 3447): [DCH/FACH] FDCount : 0 [DataCallResponse: {version=11 status=0 retry=-1 cid=0 active=1 type=IPV6 ifname=rmnet_data0 mtu=1500 addresses=[2a00:0f41:200a:625d:4683:58b3:ef11:3899/64] dnses=[2a01:1700:0003:ffff:0000:0000:0000:9822,2a01:1700:0002:ffff:0000:0000:0000:9f01] gateways=[fe80:0000:0000:0000:dcaa:d923:8cba:621e] pcscf=[]}]
04-12 23:00:59.242 I/LG-FASTDORMANCY( 3447): [DCH/FACH] FDCount : 0 prev:[DCH/FACH] FDCount : 0 , curr:true
04-12 23:00:59.242 D/QtiGsmDCT( 3447): [0]fetchDunApn: Ignore the dun apn in settings.db
04-12 23:00:59.243 D/QtiGsmDCT( 3447): [0]QtiDcTracker handleMessage msg={ when=-1ms what=270340 obj=android.os.AsyncResult@c63ebf3 target=com.qti.internal.telephony.dataconnection.QtiDcTracker }
04-12 23:00:59.243 D/QtiGsmDCT( 3447): [0]handleMessage msg={ when=-1ms what=270340 obj=android.os.AsyncResult@c63ebf3 target=com.qti.internal.telephony.dataconnection.QtiDcTracker }
04-12 23:00:59.243 D/RILC    (  370): SOCKET RIL_SOCKET_1 REQUEST: VOICE_REGISTRATION_STATE length:8
04-12 23:00:59.243 E/DATA    ( 3447): Unidentified event msg={ when=-1ms what=270340 obj=android.os.AsyncResult@c63ebf3 target=com.qti.internal.telephony.dataconnection.QtiDcTracker }
04-12 23:00:59.244 D/LG-FASTDORMANCY( 3447): [DCH/FACH] FDCount : 0 isUMTS(): RadioTech(15)
04-12 23:00:59.244 D/LG-FASTDORMANCY( 3447): [DCH/FACH] FDCount : 0 Exit from DCH or FACH State
04-12 23:00:59.244 D/LG-FASTDORMANCY( 3447): [IDLE] Enter to IDLE State
04-12 23:00:59.244 D/RILC    (  370): SOCKET RIL_SOCKET_1 REQUEST: QUERY_NETWORK_SELECTION_MODE length:8
04-12 23:00:59.245 D/LG-FASTDORMANCY( 3447): [IDLE] isUMTS(): RadioTech(15)
04-12 23:00:59.245 D/LG-FASTDORMANCY( 3447): [IDLE] resetAll()
04-12 23:00:59.249 D/RILC    (  370): RequestComplete, RIL_SOCKET_1
04-12 23:00:59.249 E/RILC    (  370): Send Response to RIL_SOCKET_1
04-12 23:00:59.249 E/RILC    (  370): RIL Response bytes written:4
04-12 23:00:59.249 E/RILC    (  370): RIL Response bytes written:72
04-12 23:00:59.249 D/RILJ    ( 3447): [7154]< OPERATOR {Orange, Orange, 26003} [SUB0]
04-12 23:00:59.250 V/LG-FASTDORMANCY( 3447): [IDLE] prev: TxPkts(46219), RxPkts(55767)
04-12 23:00:59.250 V/LG-FASTDORMANCY( 3447): [IDLE] curr: TxPkts(46219), RxPkts(55767)
04-12 23:00:59.250 V/LG-FASTDORMANCY( 3447): [IDLE] resetCount(): mRetryCount: 0
04-12 23:00:59.252 D/RILC    (  370): RequestComplete, RIL_SOCKET_1
04-12 23:00:59.252 E/RILC    (  370): Send Response to RIL_SOCKET_1
04-12 23:00:59.252 E/RILC    (  370): RIL Response bytes written:4
04-12 23:00:59.252 E/RILC    (  370): RIL Response bytes written:136
04-12 23:00:59.253 D/RILJ    ( 3447): [7156]< VOICE_REGISTRATION_STATE {1, dff2, 02bec830, 3, null, null, null, 0, null, null, 1, null, null, 0, 1d8} [SUB0]
04-12 23:00:59.253 D/PHONE   ( 3447): [ServiceState] setVoiceRegState=0
04-12 23:00:59.253 E/PHONE   ( 3447): [ServiceState] setState deprecated use setVoiceRegState()
04-12 23:00:59.253 D/GsmSST  ( 3447): [GsmSST] LOGRadioInfo : In Service
04-12 23:00:59.254 D/RILC    (  370): RequestComplete, RIL_SOCKET_1
04-12 23:00:59.254 E/RILC    (  370): Send Response to RIL_SOCKET_1
04-12 23:00:59.254 E/RILC    (  370): RIL Response bytes written:4
04-12 23:00:59.254 E/RILC    (  370): RIL Response bytes written:120
04-12 23:00:59.254 D/RILJ    ( 3447): [7155]< DATA_REGISTRATION_STATE {1, dff2, 02bec830, 15, null, 20, null, null, null, null, null, 0} [SUB0]
04-12 23:00:59.255 D/GsmSST  ( 3447): isSFROperators result = false
04-12 23:00:59.255 D/PHONE   ( 3447): [ServiceState] setDataRegState=0
04-12 23:00:59.255 D/PHONE   ( 3447): [ServiceState] setDataRadioTechnology=15
04-12 23:00:59.255 D/GsmSST  ( 3447): [GsmSST] LOGRadioInfo : In Service
04-12 23:00:59.255 D/GsmSST  ( 3447): [GsmSST] handlPollStateResultMessage: GsmSST setDataRegState=0 regState=1 dataRadioTechnology=15
04-12 23:00:59.256 D/RILC    (  370): RequestComplete, RIL_SOCKET_1
04-12 23:00:59.256 E/RILC    (  370): Send Response to RIL_SOCKET_1
04-12 23:00:59.256 E/RILC    (  370): RIL Response bytes written:4
04-12 23:00:59.256 E/RILC    (  370): RIL Response bytes written:20
04-12 23:00:59.256 D/RILJ    ( 3447): [7157]< QUERY_NETWORK_SELECTION_MODE {0} [SUB0]
04-12 23:00:59.258 D/GsmSST  ( 3447): [GsmSST] Poll ServiceState done:  oldSS=[0 0 voice home data home Orange Orange 26003 Orange Orange 26003  UMTS HSPAP CSS not supported -1 -1 RoamInd=-1 DefRoamInd=-1 EmergOnly=false IsDataRoamingFromRegistration=false mIsVoiceSearching=false mIsDataSearching=false mVoiceNetworkName=null mDataNetworkName=null Check64QAM0 Dual carrier0] newSS=[0 0 voice home data home Orange Orange 26003 Orange Orange 26003  UMTS HSPAP CSS not supported -1 -1 RoamInd=-1 DefRoamInd=-1 EmergOnly=false IsDataRoamingFromRegistration=false mIsVoiceSearching=false mIsDataSearching=false mVoiceNetworkName=null mDataNetworkName=null Check64QAM0 Dual carrier0] oldMaxDataCalls=20 mNewMaxDataCalls=20 oldReasonDataDenied=-1 mNewReasonDataDenied=-1
04-12 23:00:59.259 D/PHONE   ( 3447): [ServiceState] setNullState=1
04-12 23:00:59.278 D/QtiGsmDCT( 3447): [0]fetchDunApn: config_tether_apndata dunSetting=null
04-12 23:00:59.279 D/DC-1    ( 3447): isInternetRequested = true
04-12 23:00:59.279 D/Dcc     ( 3447): onDataStateChanged: dcsList=[DataCallResponse: {version=11 status=0 retry=-1 cid=0 active=1 type=IPV6 ifname=rmnet_data0 mtu=1500 addresses=[2a00:0f41:200a:625d:4683:58b3:ef11:3899/64] dnses=[2a01:1700:0003:ffff:0000:0000:0000:9822,2a01:1700:0002:ffff:0000:0000:0000:9f01] gateways=[fe80:0000:0000:0000:dcaa:d923:8cba:621e] pcscf=[]}] mDcListActiveByCid={0={DC-1: State=DcActiveState mApnSetting=[ApnSettingV3] Orange Internet, 695, 26003, internetipv6, , , , , , 1, default | dun | hipri | supl, IPV6, IP, true, 0, 0, 1, false, 0, 0, 0, 0, , , 0, ,  RefCount=1 mCid=0 mCreateTime=-1 mLastastFailTime=-1 mLastFailCause=NONE mTag=4 mRetryManager=RetryManager: { forever=false maxRetry=10 curMaxRetry=0 retry=0 config={default_randomization=2000,5000,10000,20000,40000,80000:5000,160000:5000,320000:5000,640000:5000,1280000:5000,1800000:5000} retryArray={5000:2000 10000:2000 20000:2000 40000:2000 80000:5000 160000:5000 320000:5000 640000:5000 1280000:5000 1800000:5000 }} mLinkProperties={InterfaceName: rmnet_data0 LinkAddresses: [2a00:f41:200a:625d:4683:58b3:ef11:3899/64,]  Routes: [::/0 -> fe80::dcaa:d923:8cba:621e rmnet_data0,] DnsAddresses: [2a01:1700:3:ffff::9822,2a01:1700:2:ffff::9f01,] Domains: null MTU: 1500 TcpBufferSizes: 122334,734003,3461120,32040,192239,3461120} linkCapabilities=[ Transports: CELLULAR Capabilities: SUPL&DUN&INTERNET&NOT_RESTRICTED&TRUSTED&NOT_VPN LinkUpBandwidth>=11264Kbps LinkDnBandwidth>=43008Kbps Specifier: <2>] mApnContexts=[{mApnType=default mState=CONNECTED mWaitingApns={[[ApnSettingV3] Orange Internet, 695, 26003, internetipv6, , , , , , 1, default | dun | hipri | supl, IPV6, IP, true, 0, 0, 1, false, 0, 0, 0, 0, , , 0, , ]} mWaitingApnsPermanentFailureCountDown=1 mApnSetting={[ApnSettingV3] Orange Internet, 695, 26003, internetipv6, , , , , , 1, default | dun | hipri | supl, IPV6, IP, true, 0, 0, 1, false, 0, 0, 0, 0, , , 0, , } mReason=connected mDataEnabled=true mDependencyMet=true}]}}
04-12 23:00:59.279 D/Dcc     ( 3447): onDataStateChanged: dcsToRetry=[]
04-12 23:00:59.279 D/Dcc     ( 3447): onDataStateChanged: Found ConnId=0 newState=DataCallResponse: {version=11 status=0 retry=-1 cid=0 active=1 type=IPV6 ifname=rmnet_data0 mtu=1500 addresses=[2a00:0f41:200a:625d:4683:58b3:ef11:3899/64] dnses=[2a01:1700:0003:ffff:0000:0000:0000:9822,2a01:1700:0002:ffff:0000:0000:0000:9f01] gateways=[fe80:0000:0000:0000:dcaa:d923:8cba:621e] pcscf=[]}
04-12 23:00:59.280 D/DataCallResponse( 3447): addr/pl=2a00:0f41:200a:625d:4683:58b3:ef11:3899/64
04-12 23:00:59.280 D/DC-1    ( 3447): MTU set by call response to: 1500
04-12 23:00:59.280 D/Dcc     ( 3447): onDataStateChanged: no change
04-12 23:00:59.280 D/Dcc     ( 3447): onDataStateChanged: Data Activity updated to DORMANT. stopNetStatePoll
04-12 23:00:59.280 D/Dcc     ( 3447): onDataStateChanged: Skip stopNetStatPoll
04-12 23:00:59.280 D/Dcc     ( 3447): onDataStateChanged: dcsToRetry=[] apnsToCleanup=[]
04-12 23:00:59.280 D/Dcc     ( 3447): onDataStateChanged: X
