04-12 23:01:32.112 V/LG-FASTDORMANCY( 3447): [DCH/FACH] FDCount : 4 curr: TxPkts(46463), RxPkts(56007)
04-12 23:01:32.114 I/LG-FASTDORMANCY( 3447): [DCH/FACH] FDCount : 5 Scheduling checkNetStat for 1000msec, current state is [DCH/FACH] FDCount : 5 
04-12 23:01:32.126 D/QtiGsmDCT( 3447): [0]getDataEnabled: getIntWithSubId retVal=true
04-12 23:01:32.525 D/QtiGsmDCT( 3447): [0]updateDataActivity: curTxRxSum={txSum=46463 rxSum=56007} preTxRxSum={txSum=46463 rxSum=56007}
04-12 23:01:32.525 D/QtiGsmDCT( 3447): [0]updateDataActivity: sent=0 received=0
04-12 23:01:33.118 V/LG-FASTDORMANCY( 3447): [DCH/FACH] FDCount : 5 intent received :com.android.internal.telephony.ACTION_CHECK_NETSTAT
04-12 23:01:33.122 V/LG-FASTDORMANCY( 3447): [DCH/FACH] FDCount : 5 prev: TxPkts(46463), RxPkts(56007)
04-12 23:01:33.122 V/LG-FASTDORMANCY( 3447): [DCH/FACH] FDCount : 5 curr: TxPkts(46463), RxPkts(56007)
04-12 23:01:33.123 I/LG-FASTDORMANCY( 3447): [DCH/FACH] FDCount : 6 Scheduling checkNetStat for 1000msec, current state is [DCH/FACH] FDCount : 6 
04-12 23:01:33.529 D/QtiGsmDCT( 3447): [0]updateDataActivity: curTxRxSum={txSum=46463 rxSum=56007} preTxRxSum={txSum=46463 rxSum=56007}
04-12 23:01:33.529 D/QtiGsmDCT( 3447): [0]updateDataActivity: sent=0 received=0
04-12 23:01:34.128 V/LG-FASTDORMANCY( 3447): [DCH/FACH] FDCount : 6 intent received :com.android.internal.telephony.ACTION_CHECK_NETSTAT
04-12 23:01:34.133 V/LG-FASTDORMANCY( 3447): [DCH/FACH] FDCount : 6 prev: TxPkts(46463), RxPkts(56007)
04-12 23:01:34.133 V/LG-FASTDORMANCY( 3447): [DCH/FACH] FDCount : 6 curr: TxPkts(46465), RxPkts(56008)
04-12 23:01:34.133 I/LG-FASTDORMANCY( 3447): [DCH/FACH] FDCount : 0 Scheduling checkNetStat for 1000msec, current state is [DCH/FACH] FDCount : 0 
04-12 23:01:34.534 D/QtiGsmDCT( 3447): [0]updateDataActivity: curTxRxSum={txSum=46472 rxSum=56013} preTxRxSum={txSum=46463 rxSum=56007}
04-12 23:01:34.534 D/QtiGsmDCT( 3447): [0]updateDataActivity: sent=9 received=6
04-12 23:01:34.534 D/QtiGsmDCT( 3447): [0]updateDataActivity: newActivity=DATAINANDOUT
04-12 23:01:34.545 D/QtiGsmDCT( 3447): [0]getDataEnabled: getIntWithSubId retVal=true
04-12 23:01:35.136 V/LG-FASTDORMANCY( 3447): [DCH/FACH] FDCount : 0 intent received :com.android.internal.telephony.ACTION_CHECK_NETSTAT
04-12 23:01:35.145 V/LG-FASTDORMANCY( 3447): [DCH/FACH] FDCount : 0 prev: TxPkts(46465), RxPkts(56008)
04-12 23:01:35.145 V/LG-FASTDORMANCY( 3447): [DCH/FACH] FDCount : 0 curr: TxPkts(46510), RxPkts(56051)
04-12 23:01:35.146 I/LG-FASTDORMANCY( 3447): [DCH/FACH] FDCount : 0 Scheduling checkNetStat for 1000msec, current state is [DCH/FACH] FDCount : 0 
04-12 23:01:35.541 D/QtiGsmDCT( 3447): [0]updateDataActivity: curTxRxSum={txSum=46510 rxSum=56051} preTxRxSum={txSum=46472 rxSum=56013}
04-12 23:01:35.541 D/QtiGsmDCT( 3447): [0]updateDataActivity: sent=38 received=38
04-12 23:01:36.149 V/LG-FASTDORMANCY( 3447): [DCH/FACH] FDCount : 0 intent received :com.android.internal.telephony.ACTION_CHECK_NETSTAT
04-12 23:01:36.153 V/LG-FASTDORMANCY( 3447): [DCH/FACH] FDCount : 0 prev: TxPkts(46510), RxPkts(56051)
04-12 23:01:36.153 V/LG-FASTDORMANCY( 3447): [DCH/FACH] FDCount : 0 curr: TxPkts(46516), RxPkts(56053)
04-12 23:01:36.153 I/LG-FASTDORMANCY( 3447): [DCH/FACH] FDCount : 0 Scheduling checkNetStat for 1000msec, current state is [DCH/FACH] FDCount : 0 
04-12 23:01:36.559 D/QtiGsmDCT( 3447): [0]updateDataActivity: curTxRxSum={txSum=46522 rxSum=56061} preTxRxSum={txSum=46510 rxSum=56051}
04-12 23:01:36.559 D/QtiGsmDCT( 3447): [0]updateDataActivity: sent=12 received=10
04-12 23:01:37.157 V/LG-FASTDORMANCY( 3447): [DCH/FACH] FDCount : 0 intent received :com.android.internal.telephony.ACTION_CHECK_NETSTAT
04-12 23:01:37.159 V/LG-FASTDORMANCY( 3447): [DCH/FACH] FDCount : 0 prev: TxPkts(46516), RxPkts(56053)
04-12 23:01:37.159 V/LG-FASTDORMANCY( 3447): [DCH/FACH] FDCount : 0 curr: TxPkts(46540), RxPkts(56083)
04-12 23:01:37.160 I/LG-FASTDORMANCY( 3447): [DCH/FACH] FDCount : 0 Scheduling checkNetStat for 1000msec, current state is [DCH/FACH] FDCount : 0 
04-12 23:01:37.562 D/QtiGsmDCT( 3447): [0]updateDataActivity: curTxRxSum={txSum=46551 rxSum=56090} preTxRxSum={txSum=46522 rxSum=56061}
04-12 23:01:37.562 D/QtiGsmDCT( 3447): [0]updateDataActivity: sent=29 received=29
04-12 23:01:38.164 V/LG-FASTDORMANCY( 3447): [DCH/FACH] FDCount : 0 intent received :com.android.internal.telephony.ACTION_CHECK_NETSTAT
04-12 23:01:38.169 V/LG-FASTDORMANCY( 3447): [DCH/FACH] FDCount : 0 prev: TxPkts(46540), RxPkts(56083)
04-12 23:01:38.169 V/LG-FASTDORMANCY( 3447): [DCH/FACH] FDCount : 0 curr: TxPkts(46601), RxPkts(56134)
04-12 23:01:38.170 I/LG-FASTDORMANCY( 3447): [DCH/FACH] FDCount : 0 Scheduling checkNetStat for 1000msec, current state is [DCH/FACH] FDCount : 0 
04-12 23:01:38.567 D/QtiGsmDCT( 3447): [0]updateDataActivity: curTxRxSum={txSum=46639 rxSum=56174} preTxRxSum={txSum=46551 rxSum=56090}
04-12 23:01:38.567 D/QtiGsmDCT( 3447): [0]updateDataActivity: sent=88 received=84
04-12 23:01:39.173 V/LG-FASTDORMANCY( 3447): [DCH/FACH] FDCount : 0 intent received :com.android.internal.telephony.ACTION_CHECK_NETSTAT
04-12 23:01:39.177 I/RILC    (  370): RIL_SOCKET_1 UNSOLICITED: RIL_UNSOL_LTE_REJECT_CAUSE length:16
04-12 23:01:39.177 E/RILC    (  370): Send Response to RIL_SOCKET_1
04-12 23:01:39.177 E/RILC    (  370): RIL Response bytes written:4
04-12 23:01:39.177 D/RILJ    ( 3447): [UNSL]< RIL_UNSOL_LTE_REJECT_CAUSE {15} [SUB0]
04-12 23:01:39.177 E/RILC    (  370): RIL Response bytes written:16
04-12 23:01:39.178 V/LG-FASTDORMANCY( 3447): [DCH/FACH] FDCount : 0 prev: TxPkts(46601), RxPkts(56134)
04-12 23:01:39.178 V/LG-FASTDORMANCY( 3447): [DCH/FACH] FDCount : 0 curr: TxPkts(46664), RxPkts(56203)
04-12 23:01:39.179 I/LG-FASTDORMANCY( 3447): [DCH/FACH] FDCount : 0 Scheduling checkNetStat for 1000msec, current state is [DCH/FACH] FDCount : 0 
04-12 23:01:39.180 I/RILC    (  370): RIL_SOCKET_1 UNSOLICITED: UNSOL_OEM_HOOK_RAW length:32
04-12 23:01:39.180 E/RILC    (  370): Send Response to RIL_SOCKET_1
04-12 23:01:39.180 E/RILC    (  370): RIL Response bytes written:4
04-12 23:01:39.180 E/RILC    (  370): RIL Response bytes written:32
04-12 23:01:39.181 V/RILJ    ( 3447): [UNSL]< UNSOL_OEM_HOOK_RAW 514f454d484f4f4bef0308000100000002 [SUB0]
04-12 23:01:39.182 D/RILJ    ( 3447): Oem ID in RIL_UNSOL_OEM_HOOK_RAW is QOEMHOOK
04-12 23:01:39.182 D/RILJ    ( 3447): OEM ID check Passed
04-12 23:01:39.182 D/RILJ    ( 3447): Response ID in RIL_UNSOL_OEM_HOOK_RAW is 525295
04-12 23:01:39.182 D/RILJ    ( 3447): Response ID 525295 is not served in this process.
04-12 23:01:39.183 I/RILC    (  370): RIL_SOCKET_1 UNSOLICITED: UNSOL_RESPONSE_VOICE_NETWORK_STATE_CHANGED length:8
04-12 23:01:39.183 E/RILC    (  370): Send Response to RIL_SOCKET_1
04-12 23:01:39.183 E/RILC    (  370): RIL Response bytes written:4
04-12 23:01:39.183 E/RILC    (  370): RIL Response bytes written:8
04-12 23:01:39.183 D/RILJ    ( 3447): [UNSL]< UNSOL_RESPONSE_VOICE_NETWORK_STATE_CHANGED [SUB0]
04-12 23:01:39.184 D/RILJ    ( 3447): [7197]> OPERATOR [SUB0]
04-12 23:01:39.185 I/RILQ    (  370): (0/370):RIL[0][event] qcril_arb_set_dsd_sys_status: old_pref_data 1 - new_data_pref 1
04-12 23:01:39.186 I/RILQ    (  370): (0/370):RIL[0][event] qcril_arb_set_dsd_sys_status: preferred dsd_sys_status nw=0x0, rat_value=0x1, so_mask=0x0000000000000015
04-12 23:01:39.186 D/RILJ    ( 3447): [7198]> DATA_REGISTRATION_STATE [SUB0]
04-12 23:01:39.186 I/RILQ    (  370): (0/370):RIL[0][event] qcril_arb_set_dsd_sys_status: preferred 1 - dsd_sys_status nw=0x0, rat_value=0x1, so_mask=0x0000000000000015
04-12 23:01:39.186 I/RILQ    (  370): (0/370):RIL[0][event] qcril_arb_set_dsd_sys_status: is_wwan_available 0
04-12 23:01:39.186 I/RILC    (  370): RIL_SOCKET_1 UNSOLICITED: UNSOL_OEM_HOOK_RAW length:32
04-12 23:01:39.186 E/RILC    (  370): Send Response to RIL_SOCKET_1
04-12 23:01:39.186 E/RILC    (  370): RIL Response bytes written:4
04-12 23:01:39.186 D/RILC    (  370): SOCKET RIL_SOCKET_1 REQUEST: OPERATOR length:8
04-12 23:01:39.186 E/RILC    (  370): RIL Response bytes written:32
04-12 23:01:39.187 V/RILJ    ( 3447): [UNSL]< UNSOL_OEM_HOOK_RAW 514f454d484f4f4bfa0308000100000000 [SUB0]
04-12 23:01:39.187 D/RILJ    ( 3447): Oem ID in RIL_UNSOL_OEM_HOOK_RAW is QOEMHOOK
04-12 23:01:39.187 D/RILJ    ( 3447): OEM ID check Passed
04-12 23:01:39.187 D/RILJ    ( 3447): Response ID in RIL_UNSOL_OEM_HOOK_RAW is 525306
04-12 23:01:39.187 D/RILJ    ( 3447): WWAN, IWLAN coexistence notified to registrants
04-12 23:01:39.189 D/RILJ    ( 3447): [7199]> VOICE_REGISTRATION_STATE [SUB0]
04-12 23:01:39.189 D/RILC    (  370): SOCKET RIL_SOCKET_1 REQUEST: DATA_REGISTRATION_STATE length:8
04-12 23:01:39.190 D/RILJ    ( 3447): [7200]> QUERY_NETWORK_SELECTION_MODE [SUB0]
04-12 23:01:39.192 D/RILC    (  370): SOCKET RIL_SOCKET_1 REQUEST: VOICE_REGISTRATION_STATE length:8
04-12 23:01:39.193 D/RILC    (  370): SOCKET RIL_SOCKET_1 REQUEST: QUERY_NETWORK_SELECTION_MODE length:8
04-12 23:01:39.200 D/RILC    (  370): RequestComplete, RIL_SOCKET_1
04-12 23:01:39.200 E/RILC    (  370): Send Response to RIL_SOCKET_1
04-12 23:01:39.200 E/RILC    (  370): RIL Response bytes written:4
04-12 23:01:39.200 E/RILC    (  370): RIL Response bytes written:72
04-12 23:01:39.201 D/RILJ    ( 3447): [7197]< OPERATOR {Orange, Orange, 26003} [SUB0]
04-12 23:01:39.205 I/RILC    (  370): RIL_SOCKET_1 UNSOLICITED: RIL_UNSOL_LTE_REJECT_CAUSE length:16
04-12 23:01:39.205 E/RILC    (  370): Send Response to RIL_SOCKET_1
04-12 23:01:39.205 E/RILC    (  370): RIL Response bytes written:4
04-12 23:01:39.205 D/RILJ    ( 3447): [UNSL]< RIL_UNSOL_LTE_REJECT_CAUSE {15} [SUB0]
04-12 23:01:39.206 E/RILC    (  370): RIL Response bytes written:16
04-12 23:01:39.210 D/RILC    (  370): RequestComplete, RIL_SOCKET_1
04-12 23:01:39.210 E/RILC    (  370): Send Response to RIL_SOCKET_1
04-12 23:01:39.210 E/RILC    (  370): RIL Response bytes written:4
04-12 23:01:39.210 E/RILC    (  370): RIL Response bytes written:120
04-12 23:01:39.211 D/RILJ    ( 3447): [7198]< DATA_REGISTRATION_STATE {1, dff2, 02bec830, 15, null, 20, null, null, null, null, null, 0} [SUB0]
04-12 23:01:39.211 D/GsmSST  ( 3447): isSFROperators result = false
04-12 23:01:39.211 D/PHONE   ( 3447): [ServiceState] setDataRegState=0
04-12 23:01:39.211 D/PHONE   ( 3447): [ServiceState] setDataRadioTechnology=15
04-12 23:01:39.211 D/GsmSST  ( 3447): [GsmSST] LOGRadioInfo : In Service
04-12 23:01:39.211 D/GsmSST  ( 3447): [GsmSST] handlPollStateResultMessage: GsmSST setDataRegState=0 regState=1 dataRadioTechnology=15
04-12 23:01:39.213 D/RILC    (  370): RequestComplete, RIL_SOCKET_1
04-12 23:01:39.213 E/RILC    (  370): Send Response to RIL_SOCKET_1
04-12 23:01:39.213 E/RILC    (  370): RIL Response bytes written:4
04-12 23:01:39.213 D/RILJ    ( 3447): [7199]< VOICE_REGISTRATION_STATE {1, dff2, 02bec830, 3, null, null, null, 0, null, null, 1, null, null, 0, 1d8} [SUB0]
04-12 23:01:39.213 D/PHONE   ( 3447): [ServiceState] setVoiceRegState=0
04-12 23:01:39.213 E/PHONE   ( 3447): [ServiceState] setState deprecated use setVoiceRegState()
04-12 23:01:39.214 D/GsmSST  ( 3447): [GsmSST] LOGRadioInfo : In Service
04-12 23:01:39.214 E/RILC    (  370): RIL Response bytes written:136
04-12 23:01:39.214 I/RILC    (  370): RIL_SOCKET_1 UNSOLICITED: UNSOL_RESPONSE_VOICE_NETWORK_STATE_CHANGED length:8
04-12 23:01:39.214 E/RILC    (  370): Send Response to RIL_SOCKET_1
04-12 23:01:39.215 E/RILC    (  370): RIL Response bytes written:4
04-12 23:01:39.215 D/RILJ    ( 3447): [UNSL]< UNSOL_RESPONSE_VOICE_NETWORK_STATE_CHANGED [SUB0]
04-12 23:01:39.215 D/RILJ    ( 3447): [7201]> OPERATOR [SUB0]
04-12 23:01:39.216 D/RILJ    ( 3447): [7202]> DATA_REGISTRATION_STATE [SUB0]
04-12 23:01:39.217 D/RILC    (  370): SOCKET RIL_SOCKET_1 REQUEST: OPERATOR length:8
04-12 23:01:39.218 E/RILC    (  370): RIL Response bytes written:8
04-12 23:01:39.220 D/RILJ    ( 3447): [7203]> VOICE_REGISTRATION_STATE [SUB0]
04-12 23:01:39.221 D/RILC    (  370): SOCKET RIL_SOCKET_1 REQUEST: DATA_REGISTRATION_STATE length:8
04-12 23:01:39.222 D/RILJ    ( 3447): [7204]> QUERY_NETWORK_SELECTION_MODE [SUB0]
04-12 23:01:39.223 D/RILC    (  370): SOCKET RIL_SOCKET_1 REQUEST: VOICE_REGISTRATION_STATE length:8
04-12 23:01:39.224 D/RILC    (  370): SOCKET RIL_SOCKET_1 REQUEST: QUERY_NETWORK_SELECTION_MODE length:8
04-12 23:01:39.225 D/RILC    (  370): RequestComplete, RIL_SOCKET_1
04-12 23:01:39.225 E/RILC    (  370): Send Response to RIL_SOCKET_1
04-12 23:01:39.225 E/RILC    (  370): RIL Response bytes written:4
04-12 23:01:39.225 D/RILJ    ( 3447): [7200]< QUERY_NETWORK_SELECTION_MODE {0} [SUB0]
04-12 23:01:39.225 E/RILC    (  370): RIL Response bytes written:20
04-12 23:01:39.230 D/RILC    (  370): RequestComplete, RIL_SOCKET_1
04-12 23:01:39.230 E/RILC    (  370): Send Response to RIL_SOCKET_1
04-12 23:01:39.230 E/RILC    (  370): RIL Response bytes written:4
04-12 23:01:39.230 E/RILC    (  370): RIL Response bytes written:72
04-12 23:01:39.230 D/RILJ    ( 3447): [7201]< OPERATOR {Orange, Orange, 26003} [SUB0]
04-12 23:01:39.233 D/RILC    (  370): RequestComplete, RIL_SOCKET_1
04-12 23:01:39.233 E/RILC    (  370): Send Response to RIL_SOCKET_1
04-12 23:01:39.233 E/RILC    (  370): RIL Response bytes written:4
04-12 23:01:39.233 E/RILC    (  370): RIL Response bytes written:136
04-12 23:01:39.235 D/RILJ    ( 3447): [7203]< VOICE_REGISTRATION_STATE {1, dff2, 02bec830, 3, null, null, null, 0, null, null, 1, null, null, 0, 1d8} [SUB0]
04-12 23:01:39.235 D/PHONE   ( 3447): [ServiceState] setVoiceRegState=0
04-12 23:01:39.235 E/PHONE   ( 3447): [ServiceState] setState deprecated use setVoiceRegState()
04-12 23:01:39.236 D/RILC    (  370): RequestComplete, RIL_SOCKET_1
04-12 23:01:39.236 D/GsmSST  ( 3447): [GsmSST] LOGRadioInfo : In Service
04-12 23:01:39.236 E/RILC    (  370): Send Response to RIL_SOCKET_1
04-12 23:01:39.236 E/RILC    (  370): RIL Response bytes written:4
04-12 23:01:39.236 E/RILC    (  370): RIL Response bytes written:120
04-12 23:01:39.239 D/RILC    (  370): RequestComplete, RIL_SOCKET_1
04-12 23:01:39.239 E/RILC    (  370): Send Response to RIL_SOCKET_1
04-12 23:01:39.239 E/RILC    (  370): RIL Response bytes written:4
04-12 23:01:39.239 E/RILC    (  370): RIL Response bytes written:20
04-12 23:01:39.240 D/RILJ    ( 3447): [7202]< DATA_REGISTRATION_STATE {1, dff2, 02bec830, 15, null, 20, null, null, null, null, null, 0} [SUB0]
04-12 23:01:39.240 D/RILJ    ( 3447): [7204]< QUERY_NETWORK_SELECTION_MODE {0} [SUB0]
04-12 23:01:39.241 D/GsmSST  ( 3447): isSFROperators result = false
04-12 23:01:39.241 D/PHONE   ( 3447): [ServiceState] setDataRegState=0
04-12 23:01:39.241 D/PHONE   ( 3447): [ServiceState] setDataRadioTechnology=15
04-12 23:01:39.241 D/GsmSST  ( 3447): [GsmSST] LOGRadioInfo : In Service
04-12 23:01:39.241 D/GsmSST  ( 3447): [GsmSST] handlPollStateResultMessage: GsmSST setDataRegState=0 regState=1 dataRadioTechnology=15
04-12 23:01:39.244 D/GsmSST  ( 3447): [GsmSST] Poll ServiceState done:  oldSS=[0 0 voice home data home Orange Orange 26003 Orange Orange 26003  UMTS HSPAP CSS not supported -1 -1 RoamInd=-1 DefRoamInd=-1 EmergOnly=false IsDataRoamingFromRegistration=false mIsVoiceSearching=false mIsDataSearching=false mVoiceNetworkName=null mDataNetworkName=null Check64QAM0 Dual carrier0] newSS=[0 0 voice home data home Orange Orange 26003 Orange Orange 26003  UMTS HSPAP CSS not supported -1 -1 RoamInd=-1 DefRoamInd=-1 EmergOnly=false IsDataRoamingFromRegistration=false mIsVoiceSearching=false mIsDataSearching=false mVoiceNetworkName=null mDataNetworkName=null Check64QAM0 Dual carrier0] oldMaxDataCalls=20 mNewMaxDataCalls=20 oldReasonDataDenied=-1 mNewReasonDataDenied=-1
04-12 23:01:39.244 D/PHONE   ( 3447): [ServiceState] setNullState=1
04-12 23:01:39.571 D/QtiGsmDCT( 3447): [0]updateDataActivity: curTxRxSum={txSum=46726 rxSum=56267} preTxRxSum={txSum=46639 rxSum=56174}
04-12 23:01:39.571 D/QtiGsmDCT( 3447): [0]updateDataActivity: sent=87 received=93
04-12 23:01:40.184 V/LG-FASTDORMANCY( 3447): [DCH/FACH] FDCount : 0 intent received :com.android.internal.telephony.ACTION_CHECK_NETSTAT
04-12 23:01:40.194 V/LG-FASTDORMANCY( 3447): [DCH/FACH] FDCount : 0 prev: TxPkts(46664), RxPkts(56203)
04-12 23:01:40.194 V/LG-FASTDORMANCY( 3447): [DCH/FACH] FDCount : 0 curr: TxPkts(46766), RxPkts(56303)
04-12 23:01:40.195 I/LG-FASTDORMANCY( 3447): [DCH/FACH] FDCount : 0 Scheduling checkNetStat for 1000msec, current state is [DCH/FACH] FDCount : 0 
04-12 23:01:40.580 D/QtiGsmDCT( 3447): [0]updateDataActivity: curTxRxSum={txSum=46798 rxSum=56337} preTxRxSum={txSum=46726 rxSum=56267}
04-12 23:01:40.580 D/QtiGsmDCT( 3447): [0]updateDataActivity: sent=72 received=70
04-12 23:01:41.202 V/LG-FASTDORMANCY( 3447): [DCH/FACH] FDCount : 0 intent received :com.android.internal.telephony.ACTION_CHECK_NETSTAT
04-12 23:01:41.207 V/LG-FASTDORMANCY( 3447): [DCH/FACH] FDCount : 0 prev: TxPkts(46766), RxPkts(56303)
04-12 23:01:41.209 V/LG-FASTDORMANCY( 3447): [DCH/FACH] FDCount : 0 curr: TxPkts(46814), RxPkts(56347)
04-12 23:01:41.209 I/LG-FASTDORMANCY( 3447): [DCH/FACH] FDCount : 0 Scheduling checkNetStat for 1000msec, current state is [DCH/FACH] FDCount : 0 
04-12 23:01:41.585 D/QtiGsmDCT( 3447): [0]updateDataActivity: curTxRxSum={txSum=46832 rxSum=56381} preTxRxSum={txSum=46798 rxSum=56337}
04-12 23:01:41.585 D/QtiGsmDCT( 3447): [0]updateDataActivity: sent=34 received=44
04-12 23:01:42.217 V/LG-FASTDORMANCY( 3447): [DCH/FACH] FDCount : 0 intent received :com.android.internal.telephony.ACTION_CHECK_NETSTAT
04-12 23:01:42.225 V/LG-FASTDORMANCY( 3447): [DCH/FACH] FDCount : 0 prev: TxPkts(46814), RxPkts(56347)
04-12 23:01:42.225 V/LG-FASTDORMANCY( 3447): [DCH/FACH] FDCount : 0 curr: TxPkts(46897), RxPkts(56430)
04-12 23:01:42.226 I/LG-FASTDORMANCY( 3447): [DCH/FACH] FDCount : 0 Scheduling checkNetStat for 1000msec, current state is [DCH/FACH] FDCount : 0 
04-12 23:01:42.588 D/QtiGsmDCT( 3447): [0]updateDataActivity: curTxRxSum={txSum=46921 rxSum=56456} preTxRxSum={txSum=46832 rxSum=56381}
04-12 23:01:42.588 D/QtiGsmDCT( 3447): [0]updateDataActivity: sent=89 received=75
04-12 23:01:43.229 V/LG-FASTDORMANCY( 3447): [DCH/FACH] FDCount : 0 intent received :com.android.internal.telephony.ACTION_CHECK_NETSTAT
04-12 23:01:43.237 V/LG-FASTDORMANCY( 3447): [DCH/FACH] FDCount : 0 prev: TxPkts(46897), RxPkts(56430)
04-12 23:01:43.237 V/LG-FASTDORMANCY( 3447): [DCH/FACH] FDCount : 0 curr: TxPkts(46975), RxPkts(56510)
04-12 23:01:43.239 I/LG-FASTDORMANCY( 3447): [DCH/FACH] FDCount : 0 Scheduling checkNetStat for 1000msec, current state is [DCH/FACH] FDCount : 0 
04-12 23:01:43.592 D/QtiGsmDCT( 3447): [0]updateDataActivity: curTxRxSum={txSum=46977 rxSum=56512} preTxRxSum={txSum=46921 rxSum=56456}
04-12 23:01:43.592 D/QtiGsmDCT( 3447): [0]updateDataActivity: sent=56 received=56
04-12 23:01:44.244 V/LG-FASTDORMANCY( 3447): [DCH/FACH] FDCount : 0 intent received :com.android.internal.telephony.ACTION_CHECK_NETSTAT
04-12 23:01:44.249 V/LG-FASTDORMANCY( 3447): [DCH/FACH] FDCount : 0 prev: TxPkts(46975), RxPkts(56510)
04-12 23:01:44.249 V/LG-FASTDORMANCY( 3447): [DCH/FACH] FDCount : 0 curr: TxPkts(47021), RxPkts(56556)
04-12 23:01:44.251 I/LG-FASTDORMANCY( 3447): [DCH/FACH] FDCount : 0 Scheduling checkNetStat for 1000msec, current state is [DCH/FACH] FDCount : 0 
04-12 23:01:44.595 D/QtiGsmDCT( 3447): [0]updateDataActivity: curTxRxSum={txSum=47065 rxSum=56596} preTxRxSum={txSum=46977 rxSum=56512}
04-12 23:01:44.595 D/QtiGsmDCT( 3447): [0]updateDataActivity: sent=88 received=84
04-12 23:01:45.254 V/LG-FASTDORMANCY( 3447): [DCH/FACH] FDCount : 0 intent received :com.android.internal.telephony.ACTION_CHECK_NETSTAT
04-12 23:01:45.259 V/LG-FASTDORMANCY( 3447): [DCH/FACH] FDCount : 0 prev: TxPkts(47021), RxPkts(56556)
04-12 23:01:45.259 V/LG-FASTDORMANCY( 3447): [DCH/FACH] FDCount : 0 curr: TxPkts(47093), RxPkts(56632)
04-12 23:01:45.259 I/LG-FASTDORMANCY( 3447): [DCH/FACH] FDCount : 0 Scheduling checkNetStat for 1000msec, current state is [DCH/FACH] FDCount : 0 
04-12 23:01:45.600 D/QtiGsmDCT( 3447): [0]updateDataActivity: curTxRxSum={txSum=47148 rxSum=56684} preTxRxSum={txSum=47065 rxSum=56596}
04-12 23:01:45.600 D/QtiGsmDCT( 3447): [0]updateDataActivity: sent=83 received=88
04-12 23:01:46.262 V/LG-FASTDORMANCY( 3447): [DCH/FACH] FDCount : 0 intent received :com.android.internal.telephony.ACTION_CHECK_NETSTAT
04-12 23:01:46.265 V/LG-FASTDORMANCY( 3447): [DCH/FACH] FDCount : 0 prev: TxPkts(47093), RxPkts(56632)
04-12 23:01:46.266 V/LG-FASTDORMANCY( 3447): [DCH/FACH] FDCount : 0 curr: TxPkts(47216), RxPkts(56755)
04-12 23:01:46.266 I/LG-FASTDORMANCY( 3447): [DCH/FACH] FDCount : 0 Scheduling checkNetStat for 1000msec, current state is [DCH/FACH] FDCount : 0 
04-12 23:01:46.605 D/QtiGsmDCT( 3447): [0]updateDataActivity: curTxRxSum={txSum=47216 rxSum=56755} preTxRxSum={txSum=47148 rxSum=56684}
04-12 23:01:46.605 D/QtiGsmDCT( 3447): [0]updateDataActivity: sent=68 received=71
04-12 23:01:47.095 I/RILC    (  370): RIL_SOCKET_1 UNSOLICITED: UNSOL_SIGNAL_STRENGTH length:68
04-12 23:01:47.095 E/RILC    (  370): Send Response to RIL_SOCKET_1
04-12 23:01:47.095 E/RILC    (  370): RIL Response bytes written:4
04-12 23:01:47.095 E/RILC    (  370): RIL Response bytes written:68
04-12 23:01:47.096 D/GsmSST  ( 3447): [GsmSST] ServiceStateTrackerEx:onSignalStrengthResult() isGsm=true DataRadioTech=15
04-12 23:01:47.096 W/LGSignalStrength( 3447): setDataRadioTechnology: dataRadioTechnology = 15
04-12 23:01:47.096 D/DefaultPhoneNotifier( 3447): notifySignalStrength: mRegistry=com.android.internal.telephony.ITelephonyRegistry$Stub$Proxy@ced2ad0 ss=SignalStrength: 13 0 -88 -85 -120 -1 -1 99 2147483647 2147483647 2147483647 2147483647 2147483647 gsm|lte 15 0 -88 -85 sender=Handler (com.qti.internal.telephony.gsm.QtiGSMPhone) {560d91e}
04-12 23:01:47.113 D/QtiGsmDCT( 3447): [0]getDataEnabled: getIntWithSubId retVal=true
04-12 23:01:47.271 V/LG-FASTDORMANCY( 3447): [DCH/FACH] FDCount : 0 intent received :com.android.internal.telephony.ACTION_CHECK_NETSTAT
04-12 23:01:47.275 V/LG-FASTDORMANCY( 3447): [DCH/FACH] FDCount : 0 prev: TxPkts(47216), RxPkts(56755)
04-12 23:01:47.275 V/LG-FASTDORMANCY( 3447): [DCH/FACH] FDCount : 0 curr: TxPkts(47222), RxPkts(56761)
04-12 23:01:47.276 I/LG-FASTDORMANCY( 3447): [DCH/FACH] FDCount : 0 Scheduling checkNetStat for 1000msec, current state is [DCH/FACH] FDCount : 0 
04-12 23:01:47.613 D/QtiGsmDCT( 3447): [0]updateDataActivity: curTxRxSum={txSum=47222 rxSum=56761} preTxRxSum={txSum=47216 rxSum=56755}
04-12 23:01:47.613 D/QtiGsmDCT( 3447): [0]updateDataActivity: sent=6 received=6
04-12 23:01:48.279 V/LG-FASTDORMANCY( 3447): [DCH/FACH] FDCount : 0 intent received :com.android.internal.telephony.ACTION_CHECK_NETSTAT
04-12 23:01:48.282 V/LG-FASTDORMANCY( 3447): [DCH/FACH] FDCount : 0 prev: TxPkts(47222), RxPkts(56761)
04-12 23:01:48.282 V/LG-FASTDORMANCY( 3447): [DCH/FACH] FDCount : 0 curr: TxPkts(47222), RxPkts(56761)
04-12 23:01:48.283 I/LG-FASTDORMANCY( 3447): [DCH/FACH] FDCount : 1 Scheduling checkNetStat for 1000msec, current state is [DCH/FACH] FDCount : 1 
04-12 23:01:48.619 D/QtiGsmDCT( 3447): [0]updateDataActivity: curTxRxSum={txSum=47222 rxSum=56761} preTxRxSum={txSum=47222 rxSum=56761}
04-12 23:01:48.619 D/QtiGsmDCT( 3447): [0]updateDataActivity: sent=0 received=0
04-12 23:01:48.619 D/QtiGsmDCT( 3447): [0]updateDataActivity: newActivity=NONE
04-12 23:01:48.626 D/QtiGsmDCT( 3447): [0]getDataEnabled: getIntWithSubId retVal=true
04-12 23:01:48.899 D/QtiGsmDCT( 3447): [0]onReceive: action=com.android.internal.telephony.data-stall
04-12 23:01:48.899 D/QtiGsmDCT( 3447): [0]QtiDcTracker handleMessage msg={ when=-1ms what=270353 arg1=32232 obj=com.android.internal.telephony.data-stall target=com.qti.internal.telephony.dataconnection.QtiDcTracker }
04-12 23:01:48.899 D/QtiGsmDCT( 3447): [0]handleMessage msg={ when=-1ms what=270353 arg1=32232 obj=com.android.internal.telephony.data-stall target=com.qti.internal.telephony.dataconnection.QtiDcTracker }
04-12 23:01:48.911 D/QtiGsmDCT( 3447): [0]overall state is CONNECTED
04-12 23:01:49.291 V/LG-FASTDORMANCY( 3447): [DCH/FACH] FDCount : 1 intent received :com.android.internal.telephony.ACTION_CHECK_NETSTAT
04-12 23:01:49.296 V/LG-FASTDORMANCY( 3447): [DCH/FACH] FDCount : 1 prev: TxPkts(47222), RxPkts(56761)
04-12 23:01:49.296 V/LG-FASTDORMANCY( 3447): [DCH/FACH] FDCount : 1 curr: TxPkts(47268), RxPkts(56805)
04-12 23:01:49.297 I/LG-FASTDORMANCY( 3447): [DCH/FACH] FDCount : 0 Scheduling checkNetStat for 1000msec, current state is [DCH/FACH] FDCount : 0 
04-12 23:01:49.624 D/QtiGsmDCT( 3447): [0]updateDataActivity: curTxRxSum={txSum=47270 rxSum=56807} preTxRxSum={txSum=47222 rxSum=56761}
04-12 23:01:49.625 D/QtiGsmDCT( 3447): [0]updateDataActivity: sent=48 received=46
04-12 23:01:49.625 D/QtiGsmDCT( 3447): [0]updateDataActivity: newActivity=DATAINANDOUT
04-12 23:01:49.632 D/QtiGsmDCT( 3447): [0]getDataEnabled: getIntWithSubId retVal=true
04-12 23:01:50.302 V/LG-FASTDORMANCY( 3447): [DCH/FACH] FDCount : 0 intent received :com.android.internal.telephony.ACTION_CHECK_NETSTAT
04-12 23:01:50.307 V/LG-FASTDORMANCY( 3447): [DCH/FACH] FDCount : 0 prev: TxPkts(47268), RxPkts(56805)
04-12 23:01:50.307 V/LG-FASTDORMANCY( 3447): [DCH/FACH] FDCount : 0 curr: TxPkts(47332), RxPkts(56869)
04-12 23:01:50.308 I/LG-FASTDORMANCY( 3447): [DCH/FACH] FDCount : 0 Scheduling checkNetStat for 1000msec, current state is [DCH/FACH] FDCount : 0 
04-12 23:01:50.631 D/QtiGsmDCT( 3447): [0]updateDataActivity: curTxRxSum={txSum=47362 rxSum=56901} preTxRxSum={txSum=47270 rxSum=56807}
04-12 23:01:50.631 D/QtiGsmDCT( 3447): [0]updateDataActivity: sent=92 received=94
04-12 23:01:51.311 V/LG-FASTDORMANCY( 3447): [DCH/FACH] FDCount : 0 intent received :com.android.internal.telephony.ACTION_CHECK_NETSTAT
04-12 23:01:51.316 V/LG-FASTDORMANCY( 3447): [DCH/FACH] FDCount : 0 prev: TxPkts(47332), RxPkts(56869)
04-12 23:01:51.316 V/LG-FASTDORMANCY( 3447): [DCH/FACH] FDCount : 0 curr: TxPkts(47396), RxPkts(56939)
04-12 23:01:51.317 I/LG-FASTDORMANCY( 3447): [DCH/FACH] FDCount : 0 Scheduling checkNetStat for 1000msec, current state is [DCH/FACH] FDCount : 0 
04-12 23:01:51.634 D/QtiGsmDCT( 3447): [0]updateDataActivity: curTxRxSum={txSum=47448 rxSum=56981} preTxRxSum={txSum=47362 rxSum=56901}
04-12 23:01:51.634 D/QtiGsmDCT( 3447): [0]updateDataActivity: sent=86 received=80
04-12 23:01:52.320 V/LG-FASTDORMANCY( 3447): [DCH/FACH] FDCount : 0 intent received :com.android.internal.telephony.ACTION_CHECK_NETSTAT
04-12 23:01:52.324 V/LG-FASTDORMANCY( 3447): [DCH/FACH] FDCount : 0 prev: TxPkts(47396), RxPkts(56939)
04-12 23:01:52.324 V/LG-FASTDORMANCY( 3447): [DCH/FACH] FDCount : 0 curr: TxPkts(47516), RxPkts(57051)
04-12 23:01:52.325 I/LG-FASTDORMANCY( 3447): [DCH/FACH] FDCount : 0 Scheduling checkNetStat for 1000msec, current state is [DCH/FACH] FDCount : 0 
04-12 23:01:52.641 D/QtiGsmDCT( 3447): [0]updateDataActivity: curTxRxSum={txSum=47522 rxSum=57053} preTxRxSum={txSum=47448 rxSum=56981}
04-12 23:01:52.641 D/QtiGsmDCT( 3447): [0]updateDataActivity: sent=74 received=72
04-12 23:01:53.329 V/LG-FASTDORMANCY( 3447): [DCH/FACH] FDCount : 0 intent received :com.android.internal.telephony.ACTION_CHECK_NETSTAT
04-12 23:01:53.334 V/LG-FASTDORMANCY( 3447): [DCH/FACH] FDCount : 0 prev: TxPkts(47516), RxPkts(57051)
04-12 23:01:53.334 V/LG-FASTDORMANCY( 3447): [DCH/FACH] FDCount : 0 curr: TxPkts(47592), RxPkts(57127)
04-12 23:01:53.335 I/LG-FASTDORMANCY( 3447): [DCH/FACH] FDCount : 0 Scheduling checkNetStat for 1000msec, current state is [DCH/FACH] FDCount : 0 
04-12 23:01:53.646 D/QtiGsmDCT( 3447): [0]updateDataActivity: curTxRxSum={txSum=47592 rxSum=57127} preTxRxSum={txSum=47522 rxSum=57053}
04-12 23:01:53.646 D/QtiGsmDCT( 3447): [0]updateDataActivity: sent=70 received=74
04-12 23:01:54.338 V/LG-FASTDORMANCY( 3447): [DCH/FACH] FDCount : 0 intent received :com.android.internal.telephony.ACTION_CHECK_NETSTAT
04-12 23:01:54.343 V/LG-FASTDORMANCY( 3447): [DCH/FACH] FDCount : 0 prev: TxPkts(47592), RxPkts(57127)
04-12 23:01:54.343 V/LG-FASTDORMANCY( 3447): [DCH/FACH] FDCount : 0 curr: TxPkts(47628), RxPkts(57163)
04-12 23:01:54.344 I/LG-FASTDORMANCY( 3447): [DCH/FACH] FDCount : 0 Scheduling checkNetStat for 1000msec, current state is [DCH/FACH] FDCount : 0 
04-12 23:01:54.651 D/QtiGsmDCT( 3447): [0]updateDataActivity: curTxRxSum={txSum=47654 rxSum=57187} preTxRxSum={txSum=47592 rxSum=57127}
04-12 23:01:54.652 D/QtiGsmDCT( 3447): [0]updateDataActivity: sent=62 received=60
04-12 23:01:55.348 V/LG-FASTDORMANCY( 3447): [DCH/FACH] FDCount : 0 intent received :com.android.internal.telephony.ACTION_CHECK_NETSTAT
04-12 23:01:55.351 V/LG-FASTDORMANCY( 3447): [DCH/FACH] FDCount : 0 prev: TxPkts(47628), RxPkts(57163)
04-12 23:01:55.351 V/LG-FASTDORMANCY( 3447): [DCH/FACH] FDCount : 0 curr: TxPkts(47720), RxPkts(57261)
04-12 23:01:55.352 I/LG-FASTDORMANCY( 3447): [DCH/FACH] FDCount : 0 Scheduling checkNetStat for 1000msec, current state is [DCH/FACH] FDCount : 0 
04-12 23:01:55.657 D/QtiGsmDCT( 3447): [0]updateDataActivity: curTxRxSum={txSum=47774 rxSum=57307} preTxRxSum={txSum=47654 rxSum=57187}
04-12 23:01:55.657 D/QtiGsmDCT( 3447): [0]updateDataActivity: sent=120 received=120
04-12 23:01:56.356 V/LG-FASTDORMANCY( 3447): [DCH/FACH] FDCount : 0 intent received :com.android.internal.telephony.ACTION_CHECK_NETSTAT
04-12 23:01:56.360 V/LG-FASTDORMANCY( 3447): [DCH/FACH] FDCount : 0 prev: TxPkts(47720), RxPkts(57261)
04-12 23:01:56.361 V/LG-FASTDORMANCY( 3447): [DCH/FACH] FDCount : 0 curr: TxPkts(47916), RxPkts(57449)
04-12 23:01:56.361 I/LG-FASTDORMANCY( 3447): [DCH/FACH] FDCount : 0 Scheduling checkNetStat for 1000msec, current state is [DCH/FACH] FDCount : 0 
04-12 23:01:56.662 D/QtiGsmDCT( 3447): [0]updateDataActivity: curTxRxSum={txSum=47916 rxSum=57449} preTxRxSum={txSum=47774 rxSum=57307}
04-12 23:01:56.662 D/QtiGsmDCT( 3447): [0]updateDataActivity: sent=142 received=142
04-12 23:01:57.366 V/LG-FASTDORMANCY( 3447): [DCH/FACH] FDCount : 0 intent received :com.android.internal.telephony.ACTION_CHECK_NETSTAT
04-12 23:01:57.372 V/LG-FASTDORMANCY( 3447): [DCH/FACH] FDCount : 0 prev: TxPkts(47916), RxPkts(57449)
04-12 23:01:57.372 V/LG-FASTDORMANCY( 3447): [DCH/FACH] FDCount : 0 curr: TxPkts(47916), RxPkts(57449)
04-12 23:01:57.374 I/LG-FASTDORMANCY( 3447): [DCH/FACH] FDCount : 1 Scheduling checkNetStat for 1000msec, current state is [DCH/FACH] FDCount : 1 
04-12 23:01:57.666 D/QtiGsmDCT( 3447): [0]updateDataActivity: curTxRxSum={txSum=47916 rxSum=57449} preTxRxSum={txSum=47916 rxSum=57449}
04-12 23:01:57.666 D/QtiGsmDCT( 3447): [0]updateDataActivity: sent=0 received=0
04-12 23:01:57.666 D/QtiGsmDCT( 3447): [0]updateDataActivity: newActivity=NONE
04-12 23:01:57.673 D/QtiGsmDCT( 3447): [0]getDataEnabled: getIntWithSubId retVal=true
04-12 23:01:58.379 V/LG-FASTDORMANCY( 3447): [DCH/FACH] FDCount : 1 intent received :com.android.internal.telephony.ACTION_CHECK_NETSTAT
04-12 23:01:58.382 V/LG-FASTDORMANCY( 3447): [DCH/FACH] FDCount : 1 prev: TxPkts(47916), RxPkts(57449)
04-12 23:01:58.382 V/LG-FASTDORMANCY( 3447): [DCH/FACH] FDCount : 1 curr: TxPkts(47916), RxPkts(57449)
04-12 23:01:58.383 I/LG-FASTDORMANCY( 3447): [DCH/FACH] FDCount : 2 Scheduling checkNetStat for 1000msec, current state is [DCH/FACH] FDCount : 2 
04-12 23:01:58.675 D/QtiGsmDCT( 3447): [0]updateDataActivity: curTxRxSum={txSum=47916 rxSum=57449} preTxRxSum={txSum=47916 rxSum=57449}
04-12 23:01:58.675 D/QtiGsmDCT( 3447): [0]updateDataActivity: sent=0 received=0
04-12 23:01:59.386 V/LG-FASTDORMANCY( 3447): [DCH/FACH] FDCount : 2 intent received :com.android.internal.telephony.ACTION_CHECK_NETSTAT
04-12 23:01:59.391 V/LG-FASTDORMANCY( 3447): [DCH/FACH] FDCount : 2 prev: TxPkts(47916), RxPkts(57449)
04-12 23:01:59.391 V/LG-FASTDORMANCY( 3447): [DCH/FACH] FDCount : 2 curr: TxPkts(47916), RxPkts(57449)
04-12 23:01:59.392 I/LG-FASTDORMANCY( 3447): [DCH/FACH] FDCount : 3 Scheduling checkNetStat for 1000msec, current state is [DCH/FACH] FDCount : 3 
04-12 23:01:59.680 D/QtiGsmDCT( 3447): [0]updateDataActivity: curTxRxSum={txSum=47916 rxSum=57449} preTxRxSum={txSum=47916 rxSum=57449}
04-12 23:01:59.680 D/QtiGsmDCT( 3447): [0]updateDataActivity: sent=0 received=0
04-12 23:02:00.395 V/LG-FASTDORMANCY( 3447): [DCH/FACH] FDCount : 3 intent received :com.android.internal.telephony.ACTION_CHECK_NETSTAT
04-12 23:02:00.400 V/LG-FASTDORMANCY( 3447): [DCH/FACH] FDCount : 3 prev: TxPkts(47916), RxPkts(57449)
04-12 23:02:00.401 V/LG-FASTDORMANCY( 3447): [DCH/FACH] FDCount : 3 curr: TxPkts(47959), RxPkts(57488)
04-12 23:02:00.401 I/LG-FASTDORMANCY( 3447): [DCH/FACH] FDCount : 0 Scheduling checkNetStat for 1000msec, current state is [DCH/FACH] FDCount : 0 
04-12 23:02:00.685 D/QtiGsmDCT( 3447): [0]updateDataActivity: curTxRxSum={txSum=47959 rxSum=57488} preTxRxSum={txSum=47916 rxSum=57449}
04-12 23:02:00.685 D/QtiGsmDCT( 3447): [0]updateDataActivity: sent=43 received=39
04-12 23:02:00.685 D/QtiGsmDCT( 3447): [0]updateDataActivity: newActivity=DATAINANDOUT
04-12 23:02:00.692 D/QtiGsmDCT( 3447): [0]getDataEnabled: getIntWithSubId retVal=true
04-12 23:02:01.411 V/LG-FASTDORMANCY( 3447): [DCH/FACH] FDCount : 0 intent received :com.android.internal.telephony.ACTION_CHECK_NETSTAT
04-12 23:02:01.415 V/LG-FASTDORMANCY( 3447): [DCH/FACH] FDCount : 0 prev: TxPkts(47959), RxPkts(57488)
04-12 23:02:01.415 V/LG-FASTDORMANCY( 3447): [DCH/FACH] FDCount : 0 curr: TxPkts(47959), RxPkts(57488)
04-12 23:02:01.416 I/LG-FASTDORMANCY( 3447): [DCH/FACH] FDCount : 1 Scheduling checkNetStat for 1000msec, current state is [DCH/FACH] FDCount : 1 
04-12 23:02:01.694 D/QtiGsmDCT( 3447): [0]updateDataActivity: curTxRxSum={txSum=47959 rxSum=57488} preTxRxSum={txSum=47959 rxSum=57488}
04-12 23:02:01.694 D/QtiGsmDCT( 3447): [0]updateDataActivity: sent=0 received=0
04-12 23:02:01.694 D/QtiGsmDCT( 3447): [0]updateDataActivity: newActivity=NONE
04-12 23:02:01.703 D/QtiGsmDCT( 3447): [0]getDataEnabled: getIntWithSubId retVal=true
04-12 23:02:02.421 V/LG-FASTDORMANCY( 3447): [DCH/FACH] FDCount : 1 intent received :com.android.internal.telephony.ACTION_CHECK_NETSTAT
04-12 23:02:02.425 V/LG-FASTDORMANCY( 3447): [DCH/FACH] FDCount : 1 prev: TxPkts(47959), RxPkts(57488)
04-12 23:02:02.425 V/LG-FASTDORMANCY( 3447): [DCH/FACH] FDCount : 1 curr: TxPkts(47959), RxPkts(57488)
04-12 23:02:02.426 I/LG-FASTDORMANCY( 3447): [DCH/FACH] FDCount : 2 Scheduling checkNetStat for 1000msec, current state is [DCH/FACH] FDCount : 2 
04-12 23:02:02.707 D/QtiGsmDCT( 3447): [0]updateDataActivity: curTxRxSum={txSum=47959 rxSum=57488} preTxRxSum={txSum=47959 rxSum=57488}
04-12 23:02:02.707 D/QtiGsmDCT( 3447): [0]updateDataActivity: sent=0 received=0
04-12 23:02:02.842 D/LGUICC  (11232): [LGUiccManager] getProperty: not ready: key=gid1, slot=0
04-12 23:02:02.843 D/LGUICC  (11232): [LGUiccManager] getProperty: traceCaller: com.lge.appbox.util.SDKReflector.getGid(SDKReflector.java:226)
04-12 23:02:03.429 V/LG-FASTDORMANCY( 3447): [DCH/FACH] FDCount : 2 intent received :com.android.internal.telephony.ACTION_CHECK_NETSTAT
04-12 23:02:03.433 V/LG-FASTDORMANCY( 3447): [DCH/FACH] FDCount : 2 prev: TxPkts(47959), RxPkts(57488)
04-12 23:02:03.434 V/LG-FASTDORMANCY( 3447): [DCH/FACH] FDCount : 2 curr: TxPkts(47959), RxPkts(57488)
04-12 23:02:03.434 I/LG-FASTDORMANCY( 3447): [DCH/FACH] FDCount : 3 Scheduling checkNetStat for 1000msec, current state is [DCH/FACH] FDCount : 3 
04-12 23:02:03.712 D/QtiGsmDCT( 3447): [0]updateDataActivity: curTxRxSum={txSum=47959 rxSum=57488} preTxRxSum={txSum=47959 rxSum=57488}
04-12 23:02:03.712 D/QtiGsmDCT( 3447): [0]updateDataActivity: sent=0 received=0
04-12 23:02:04.438 V/LG-FASTDORMANCY( 3447): [DCH/FACH] FDCount : 3 intent received :com.android.internal.telephony.ACTION_CHECK_NETSTAT
04-12 23:02:04.443 V/LG-FASTDORMANCY( 3447): [DCH/FACH] FDCount : 3 prev: TxPkts(47959), RxPkts(57488)
04-12 23:02:04.443 V/LG-FASTDORMANCY( 3447): [DCH/FACH] FDCount : 3 curr: TxPkts(47959), RxPkts(57488)
04-12 23:02:04.444 I/LG-FASTDORMANCY( 3447): [DCH/FACH] FDCount : 4 Scheduling checkNetStat for 1000msec, current state is [DCH/FACH] FDCount : 4 
04-12 23:02:04.716 D/QtiGsmDCT( 3447): [0]updateDataActivity: curTxRxSum={txSum=47959 rxSum=57488} preTxRxSum={txSum=47959 rxSum=57488}
04-12 23:02:04.716 D/QtiGsmDCT( 3447): [0]updateDataActivity: sent=0 received=0
04-12 23:02:05.447 V/LG-FASTDORMANCY( 3447): [DCH/FACH] FDCount : 4 intent received :com.android.internal.telephony.ACTION_CHECK_NETSTAT
04-12 23:02:05.451 V/LG-FASTDORMANCY( 3447): [DCH/FACH] FDCount : 4 prev: TxPkts(47959), RxPkts(57488)
04-12 23:02:05.451 V/LG-FASTDORMANCY( 3447): [DCH/FACH] FDCount : 4 curr: TxPkts(47959), RxPkts(57488)
04-12 23:02:05.452 I/LG-FASTDORMANCY( 3447): [DCH/FACH] FDCount : 5 Scheduling checkNetStat for 1000msec, current state is [DCH/FACH] FDCount : 5 
04-12 23:02:05.720 D/QtiGsmDCT( 3447): [0]updateDataActivity: curTxRxSum={txSum=47959 rxSum=57488} preTxRxSum={txSum=47959 rxSum=57488}
04-12 23:02:05.720 D/QtiGsmDCT( 3447): [0]updateDataActivity: sent=0 received=0
04-12 23:02:06.456 V/LG-FASTDORMANCY( 3447): [DCH/FACH] FDCount : 5 intent received :com.android.internal.telephony.ACTION_CHECK_NETSTAT
04-12 23:02:06.460 V/LG-FASTDORMANCY( 3447): [DCH/FACH] FDCount : 5 prev: TxPkts(47959), RxPkts(57488)
04-12 23:02:06.460 V/LG-FASTDORMANCY( 3447): [DCH/FACH] FDCount : 5 curr: TxPkts(47959), RxPkts(57488)
04-12 23:02:06.461 I/LG-FASTDORMANCY( 3447): [DCH/FACH] FDCount : 6 Scheduling checkNetStat for 1000msec, current state is [DCH/FACH] FDCount : 6 
04-12 23:02:06.724 D/QtiGsmDCT( 3447): [0]updateDataActivity: curTxRxSum={txSum=47959 rxSum=57488} preTxRxSum={txSum=47959 rxSum=57488}
04-12 23:02:06.724 D/QtiGsmDCT( 3447): [0]updateDataActivity: sent=0 received=0
04-12 23:02:07.464 V/LG-FASTDORMANCY( 3447): [DCH/FACH] FDCount : 6 intent received :com.android.internal.telephony.ACTION_CHECK_NETSTAT
04-12 23:02:07.469 V/LG-FASTDORMANCY( 3447): [DCH/FACH] FDCount : 6 prev: TxPkts(47959), RxPkts(57488)
04-12 23:02:07.469 V/LG-FASTDORMANCY( 3447): [DCH/FACH] FDCount : 6 curr: TxPkts(47961), RxPkts(57490)
04-12 23:02:07.470 I/LG-FASTDORMANCY( 3447): [DCH/FACH] FDCount : 0 Scheduling checkNetStat for 1000msec, current state is [DCH/FACH] FDCount : 0 
04-12 23:02:07.730 D/QtiGsmDCT( 3447): [0]updateDataActivity: curTxRxSum={txSum=47961 rxSum=57490} preTxRxSum={txSum=47959 rxSum=57488}
04-12 23:02:07.730 D/QtiGsmDCT( 3447): [0]updateDataActivity: sent=2 received=2
04-12 23:02:07.730 D/QtiGsmDCT( 3447): [0]updateDataActivity: newActivity=DATAINANDOUT
04-12 23:02:07.736 D/QtiGsmDCT( 3447): [0]getDataEnabled: getIntWithSubId retVal=true
04-12 23:02:08.473 V/LG-FASTDORMANCY( 3447): [DCH/FACH] FDCount : 0 intent received :com.android.internal.telephony.ACTION_CHECK_NETSTAT
04-12 23:02:08.478 V/LG-FASTDORMANCY( 3447): [DCH/FACH] FDCount : 0 prev: TxPkts(47961), RxPkts(57490)
04-12 23:02:08.478 V/LG-FASTDORMANCY( 3447): [DCH/FACH] FDCount : 0 curr: TxPkts(47961), RxPkts(57490)
04-12 23:02:08.479 I/LG-FASTDORMANCY( 3447): [DCH/FACH] FDCount : 1 Scheduling checkNetStat for 1000msec, current state is [DCH/FACH] FDCount : 1 
04-12 23:02:08.735 D/QtiGsmDCT( 3447): [0]updateDataActivity: curTxRxSum={txSum=47961 rxSum=57490} preTxRxSum={txSum=47961 rxSum=57490}
04-12 23:02:08.735 D/QtiGsmDCT( 3447): [0]updateDataActivity: sent=0 received=0
04-12 23:02:08.735 D/QtiGsmDCT( 3447): [0]updateDataActivity: newActivity=NONE
04-12 23:02:08.743 D/QtiGsmDCT( 3447): [0]getDataEnabled: getIntWithSubId retVal=true
