04-12 23:00:59.344 D/QtiGsmDCT( 3447): [0]updateDataActivity: curTxRxSum={txSum=46219 rxSum=55767} preTxRxSum={txSum=46219 rxSum=55767}
04-12 23:00:59.344 D/QtiGsmDCT( 3447): [0]updateDataActivity: sent=0 received=0
04-12 23:00:59.510 I/RILC    (  370): RIL_SOCKET_1 UNSOLICITED: RIL_UNSOL_LTE_REJECT_CAUSE length:16
04-12 23:00:59.510 E/RILC    (  370): Send Response to RIL_SOCKET_1
04-12 23:00:59.510 E/RILC    (  370): RIL Response bytes written:4
04-12 23:00:59.510 D/RILJ    ( 3447): [UNSL]< RIL_UNSOL_LTE_REJECT_CAUSE {15} [SUB0]
04-12 23:00:59.510 E/RILC    (  370): RIL Response bytes written:16
04-12 23:00:59.514 I/RILC    (  370): RIL_SOCKET_1 UNSOLICITED: UNSOL_OEM_HOOK_RAW length:32
04-12 23:00:59.514 E/RILC    (  370): Send Response to RIL_SOCKET_1
04-12 23:00:59.515 E/RILC    (  370): RIL Response bytes written:4
04-12 23:00:59.515 V/RILJ    ( 3447): [UNSL]< UNSOL_OEM_HOOK_RAW 514f454d484f4f4bef0308000100000002 [SUB0]
04-12 23:00:59.515 D/RILJ    ( 3447): Oem ID in RIL_UNSOL_OEM_HOOK_RAW is QOEMHOOK
04-12 23:00:59.515 D/RILJ    ( 3447): OEM ID check Passed
04-12 23:00:59.515 D/RILJ    ( 3447): Response ID in RIL_UNSOL_OEM_HOOK_RAW is 525295
04-12 23:00:59.515 D/RILJ    ( 3447): Response ID 525295 is not served in this process.
04-12 23:00:59.515 E/RILC    (  370): RIL Response bytes written:32
04-12 23:00:59.518 I/RILC    (  370): RIL_SOCKET_1 UNSOLICITED: UNSOL_RESPONSE_VOICE_NETWORK_STATE_CHANGED length:8
04-12 23:00:59.518 E/RILC    (  370): Send Response to RIL_SOCKET_1
04-12 23:00:59.518 E/RILC    (  370): RIL Response bytes written:4
04-12 23:00:59.518 D/RILJ    ( 3447): [UNSL]< UNSOL_RESPONSE_VOICE_NETWORK_STATE_CHANGED [SUB0]
04-12 23:00:59.518 D/RILJ    ( 3447): [7158]> OPERATOR [SUB0]
04-12 23:00:59.519 E/RILC    (  370): RIL Response bytes written:8
04-12 23:00:59.520 D/RILC    (  370): SOCKET RIL_SOCKET_1 REQUEST: OPERATOR length:8
04-12 23:00:59.521 D/RILJ    ( 3447): [7159]> DATA_REGISTRATION_STATE [SUB0]
04-12 23:00:59.522 D/RILC    (  370): SOCKET RIL_SOCKET_1 REQUEST: DATA_REGISTRATION_STATE length:8
04-12 23:00:59.523 D/RILJ    ( 3447): [7160]> VOICE_REGISTRATION_STATE [SUB0]
04-12 23:00:59.525 D/RILC    (  370): SOCKET RIL_SOCKET_1 REQUEST: VOICE_REGISTRATION_STATE length:8
04-12 23:00:59.525 D/RILJ    ( 3447): [7161]> QUERY_NETWORK_SELECTION_MODE [SUB0]
04-12 23:00:59.527 D/RILC    (  370): SOCKET RIL_SOCKET_1 REQUEST: QUERY_NETWORK_SELECTION_MODE length:8
04-12 23:00:59.533 I/RILQ    (  370): (0/370):RIL[0][event] qcril_arb_set_dsd_sys_status: old_pref_data 1 - new_data_pref 1
04-12 23:00:59.533 I/RILQ    (  370): (0/370):RIL[0][event] qcril_arb_set_dsd_sys_status: preferred dsd_sys_status nw=0x0, rat_value=0x1, so_mask=0x0000000000000007
04-12 23:00:59.533 I/RILQ    (  370): (0/370):RIL[0][event] qcril_arb_set_dsd_sys_status: preferred 1 - dsd_sys_status nw=0x0, rat_value=0x1, so_mask=0x0000000000000007
04-12 23:00:59.533 I/RILQ    (  370): (0/370):RIL[0][event] qcril_arb_set_dsd_sys_status: is_wwan_available 0
04-12 23:00:59.535 I/RILC    (  370): RIL_SOCKET_1 UNSOLICITED: UNSOL_OEM_HOOK_RAW length:32
04-12 23:00:59.535 E/RILC    (  370): Send Response to RIL_SOCKET_1
04-12 23:00:59.535 E/RILC    (  370): RIL Response bytes written:4
04-12 23:00:59.535 E/RILC    (  370): RIL Response bytes written:32
04-12 23:00:59.535 V/RILJ    ( 3447): [UNSL]< UNSOL_OEM_HOOK_RAW 514f454d484f4f4bfa0308000100000000 [SUB0]
04-12 23:00:59.535 D/RILJ    ( 3447): Oem ID in RIL_UNSOL_OEM_HOOK_RAW is QOEMHOOK
04-12 23:00:59.535 D/RILJ    ( 3447): OEM ID check Passed
04-12 23:00:59.535 D/RILJ    ( 3447): Response ID in RIL_UNSOL_OEM_HOOK_RAW is 525306
04-12 23:00:59.535 D/RILJ    ( 3447): WWAN, IWLAN coexistence notified to registrants
04-12 23:00:59.535 D/RILC    (  370): RequestComplete, RIL_SOCKET_1
04-12 23:00:59.536 E/RILC    (  370): Send Response to RIL_SOCKET_1
04-12 23:00:59.536 E/RILC    (  370): RIL Response bytes written:4
04-12 23:00:59.536 D/RILJ    ( 3447): [7160]< VOICE_REGISTRATION_STATE {1, dff2, 02bec830, 3, null, null, null, 0, null, null, 1, null, null, 0, 1d8} [SUB0]
04-12 23:00:59.536 E/RILC    (  370): RIL Response bytes written:136
04-12 23:00:59.536 D/PHONE   ( 3447): [ServiceState] setVoiceRegState=0
04-12 23:00:59.536 E/PHONE   ( 3447): [ServiceState] setState deprecated use setVoiceRegState()
04-12 23:00:59.536 D/GsmSST  ( 3447): [GsmSST] LOGRadioInfo : In Service
04-12 23:00:59.537 D/RILC    (  370): RequestComplete, RIL_SOCKET_1
04-12 23:00:59.537 E/RILC    (  370): Send Response to RIL_SOCKET_1
04-12 23:00:59.539 E/RILC    (  370): RIL Response bytes written:4
04-12 23:00:59.539 E/RILC    (  370): RIL Response bytes written:72
04-12 23:00:59.539 D/RILJ    ( 3447): [7158]< OPERATOR {Orange, Orange, 26003} [SUB0]
04-12 23:00:59.541 D/RILC    (  370): RequestComplete, RIL_SOCKET_1
04-12 23:00:59.541 E/RILC    (  370): Send Response to RIL_SOCKET_1
04-12 23:00:59.541 E/RILC    (  370): RIL Response bytes written:4
04-12 23:00:59.541 D/RILJ    ( 3447): [7161]< QUERY_NETWORK_SELECTION_MODE {0} [SUB0]
04-12 23:00:59.542 E/RILC    (  370): RIL Response bytes written:20
04-12 23:00:59.544 I/RILC    (  370): RIL_SOCKET_1 UNSOLICITED: RIL_UNSOL_LTE_REJECT_CAUSE length:16
04-12 23:00:59.544 E/RILC    (  370): Send Response to RIL_SOCKET_1
04-12 23:00:59.545 E/RILC    (  370): RIL Response bytes written:4
04-12 23:00:59.545 E/RILC    (  370): RIL Response bytes written:16
04-12 23:00:59.545 D/RILJ    ( 3447): [UNSL]< RIL_UNSOL_LTE_REJECT_CAUSE {15} [SUB0]
04-12 23:00:59.546 D/RILC    (  370): RequestComplete, RIL_SOCKET_1
04-12 23:00:59.546 E/RILC    (  370): Send Response to RIL_SOCKET_1
04-12 23:00:59.546 E/RILC    (  370): RIL Response bytes written:4
04-12 23:00:59.546 D/RILJ    ( 3447): [7159]< DATA_REGISTRATION_STATE {1, dff2, 02bec830, 11, null, 20, null, null, null, null, null, 0} [SUB0]
04-12 23:00:59.547 E/RILC    (  370): RIL Response bytes written:120
04-12 23:00:59.547 D/GsmSST  ( 3447): isSFROperators result = false
04-12 23:00:59.547 D/PHONE   ( 3447): [ServiceState] setDataRegState=0
04-12 23:00:59.547 D/PHONE   ( 3447): [ServiceState] setDataRadioTechnology=11
04-12 23:00:59.547 D/GsmSST  ( 3447): [GsmSST] LOGRadioInfo : In Service
04-12 23:00:59.547 D/GsmSST  ( 3447): [GsmSST] handlPollStateResultMessage: GsmSST setDataRegState=0 regState=1 dataRadioTechnology=11
04-12 23:00:59.549 I/RILC    (  370): RIL_SOCKET_1 UNSOLICITED: UNSOL_RESPONSE_VOICE_NETWORK_STATE_CHANGED length:8
04-12 23:00:59.549 E/RILC    (  370): Send Response to RIL_SOCKET_1
04-12 23:00:59.549 D/GsmSST  ( 3447): [GsmSST] Poll ServiceState done:  oldSS=[0 0 voice home data home Orange Orange 26003 Orange Orange 26003  UMTS HSPAP CSS not supported -1 -1 RoamInd=-1 DefRoamInd=-1 EmergOnly=false IsDataRoamingFromRegistration=false mIsVoiceSearching=false mIsDataSearching=false mVoiceNetworkName=null mDataNetworkName=null Check64QAM0 Dual carrier0] newSS=[0 0 voice home data home Orange Orange 26003 Orange Orange 26003  UMTS HSPA CSS not supported -1 -1 RoamInd=-1 DefRoamInd=-1 EmergOnly=false IsDataRoamingFromRegistration=false mIsVoiceSearching=false mIsDataSearching=false mVoiceNetworkName=null mDataNetworkName=null Check64QAM0 Dual carrier0] oldMaxDataCalls=20 mNewMaxDataCalls=20 oldReasonDataDenied=-1 mNewReasonDataDenied=-1
04-12 23:00:59.549 D/PHONE   ( 3447): [ServiceState] setNullState=1
04-12 23:00:59.549 D/TelephonyManager( 3447): setTelephonyProperty: success phoneId=0 property=gsm.network.type value: UMTS propVal=UMTS
04-12 23:00:59.549 E/RILC    (  370): RIL Response bytes written:4
04-12 23:00:59.549 D/RILJ    ( 3447): [UNSL]< UNSOL_RESPONSE_VOICE_NETWORK_STATE_CHANGED [SUB0]
04-12 23:00:59.549 E/RILC    (  370): RIL Response bytes written:8
04-12 23:00:59.550 D/SIMRecords( 3447): [SIMRecords] getServiceProviderName: no brandOverride
04-12 23:00:59.550 D/SIMRecords( 3447): [SIMRecords] getServiceProviderName: providerName=Orange
04-12 23:00:59.550 D/SIMRecords( 3447): [SIMRecords] getServiceProviderName: no brandOverride
04-12 23:00:59.550 D/SIMRecords( 3447): [SIMRecords] getServiceProviderName: providerName=Orange
04-12 23:00:59.550 D/GSMPhoneEx( 3447): grandblue SpnMvno = Orange operator = 26003 simMcc  = 260 simMnc  = 03
04-12 23:00:59.550 D/GSMPhoneEx( 3447): grandblue after SpnMvno = Orange operator = 26003 simMcc  = 260 simMnc  = 03
04-12 23:00:59.551 D/TelephonyManager( 3447): setTelephonyProperty: success phoneId=0 property=gsm.operator.alpha value: Orange propVal=Orange
04-12 23:00:59.551 D/TelephonyManager( 3447): setTelephonyProperty: success phoneId=0 property=gsm.operator.numeric value: 26003 propVal=26003
04-12 23:00:59.552 D/TelephonyManager( 3447): setTelephonyProperty: success phoneId=0 property=gsm.operator.iso-country value: pl propVal=pl
04-12 23:00:59.553 D/GsmSST  ( 3447): [GsmSST] shouldFixTimeZoneNow: retVal=false iccCardExist=true operatorNumeric=26003 mcc=260 prevOperatorNumeric=26003 prevMcc=260 needToFixTimeZone=false ltod=04-12 23:00:59.552
04-12 23:00:59.553 D/TelephonyManager( 3447): setTelephonyProperty: success phoneId=0 property=gsm.operator.isroaming value: false propVal=false
04-12 23:00:59.553 D/TelephonyManager( 3447): setTelephonyProperty: success phoneId=0 property=ril.cdma.voiceinservice value: true propVal=true
04-12 23:00:59.554 D/GsmSST  ( 3447): [GsmSST] Broadcasting ServiceState : 0 0 voice home data home Orange Orange 26003 Orange Orange 26003  UMTS HSPA CSS not supported -1 -1 RoamInd=-1 DefRoamInd=-1 EmergOnly=false IsDataRoamingFromRegistration=false mIsVoiceSearching=false mIsDataSearching=false mVoiceNetworkName=null mDataNetworkName=null Check64QAM0 Dual carrier0
04-12 23:00:59.554 D/DefaultPhoneNotifier( 3447): nofityServiceState: mRegistry=com.android.internal.telephony.ITelephonyRegistry$Stub$Proxy@ced2ad0 ss=0 0 voice home data home Orange Orange 26003 Orange Orange 26003  UMTS HSPA CSS not supported -1 -1 RoamInd=-1 DefRoamInd=-1 EmergOnly=false IsDataRoamingFromRegistration=false mIsVoiceSearching=false mIsDataSearching=false mVoiceNetworkName=null mDataNetworkName=null Check64QAM0 Dual carrier0 sender=Handler (com.qti.internal.telephony.gsm.QtiGSMPhone) {560d91e} phondId=0 subId=2
04-12 23:00:59.561 D/SubscriptionManager( 1891): getSimStateForSubscriber: simState=5 slotIdx=0
04-12 23:00:59.562 D/GsmSST  ( 3447): [GsmSST] notifyDataRegStateRilRadioTechnologyChanged: drs=0 rat=11
04-12 23:00:59.563 D/TelephonyManager( 3447): setTelephonyProperty: success phoneId=0 property=gsm.network.type value: HSPA propVal=HSPA
04-12 23:00:59.563 D/QtiGsmDCT( 3447): [0]get all active apn types
04-12 23:00:59.564 D/DC-1    ( 3447): DcActiveState not handled msg.what=EVENT_DATA_CONNECTION_DRS_OR_RAT_CHANGED
04-12 23:00:59.564 D/DC-1    ( 3447): DcDefault msg=EVENT_DATA_CONNECTION_DRS_OR_RAT_CHANGED RefCount=1
04-12 23:00:59.564 D/DC-1    ( 3447): DcDefaultState: EVENT_DATA_CONNECTION_DRS_OR_RAT_CHANGED drs=0 mRilRat=11
04-12 23:00:59.564 D/QtiGsmDCT( 3447): [0]fetchDunApn: Ignore the dun apn in settings.db
04-12 23:00:59.564 D/QtiGsmDCT( 3447): [0]return link properites for default
04-12 23:00:59.567 D/QtiGsmDCT( 3447): [0]getDataEnabled: getIntWithSubId retVal=true
04-12 23:00:59.594 D/QtiGsmDCT( 3447): [0]fetchDunApn: config_tether_apndata dunSetting=null
04-12 23:00:59.594 D/DC-1    ( 3447): isInternetRequested = true
04-12 23:00:59.595 D/DC-1    ( 3447): DcActiveState not handled msg.what=REQ_GET_LINK_PROPERTIES
04-12 23:00:59.595 D/DC-1    ( 3447): DcDefault msg=REQ_GET_LINK_PROPERTIES RefCount=1
04-12 23:00:59.595 D/DC-1    ( 3447): REQ_GET_LINK_PROPERTIES linkProperties{InterfaceName: rmnet_data0 LinkAddresses: [2a00:f41:200a:625d:4683:58b3:ef11:3899/64,]  Routes: [::/0 -> fe80::dcaa:d923:8cba:621e rmnet_data0,] DnsAddresses: [2a01:1700:3:ffff::9822,2a01:1700:2:ffff::9f01,] Domains: null MTU: 1500 TcpBufferSizes: 40778,244668,3461120,16777,140625,3461120}
04-12 23:00:59.596 D/QtiGsmDCT( 3447): [0]get active pdp is not null, return NetworkCapabilities for default
04-12 23:00:59.596 D/DC-1    ( 3447): DcActiveState not handled msg.what=REQ_GET_NETWORK_CAPABILITIES
04-12 23:00:59.596 D/DC-1    ( 3447): DcDefault msg=REQ_GET_NETWORK_CAPABILITIES RefCount=1
04-12 23:00:59.596 D/QtiGsmDCT( 3447): [0]fetchDunApn: Ignore the dun apn in settings.db
04-12 23:00:59.622 D/QtiGsmDCT( 3447): [0]fetchDunApn: config_tether_apndata dunSetting=null
04-12 23:00:59.622 D/DC-1    ( 3447): isInternetRequested = true
04-12 23:00:59.623 D/DC-1    ( 3447): REQ_GET_NETWORK_CAPABILITIES networkCapabilities[ Transports: CELLULAR Capabilities: SUPL&DUN&INTERNET&NOT_RESTRICTED&TRUSTED&NOT_VPN LinkUpBandwidth>=5898Kbps LinkDnBandwidth>=14336Kbps Specifier: <2>]
04-12 23:00:59.624 D/QtiGsmDCT( 3447): [0]isDataPossible(default): possible=true isDataAllowed=true apnTypePossible=true apnContextisEnabled=true apnContextState()=CONNECTED
04-12 23:00:59.625 D/QtiGsmDCT( 3447): [0]get active apn string for type:default
04-12 23:00:59.625 D/DCT     ( 3447): [ApnContext:default] getApnSetting: apnSetting=[ApnSettingV3] Orange Internet, 695, 26003, internetipv6, , , , , , 1, default | dun | hipri | supl, IPV6, IP, true, 0, 0, 1, false, 0, 0, 0, 0, , , 0, , 
04-12 23:00:59.626 D/TelephonyRegistry( 1891): Notify data connection state changed on sub: 2
04-12 23:00:59.627 D/TelephonyRegistry( 1891): Notify data connection state changed on sub: 2
04-12 23:00:59.627 D/TelephonyRegistry( 1891): Notify data connection state changed on sub: 2
04-12 23:00:59.627 D/TelephonyRegistry( 1891): Notify data connection state changed on sub: 2
04-12 23:00:59.627 D/TelephonyRegistry( 1891): Notify data connection state changed on sub: 2
04-12 23:00:59.627 D/TelephonyRegistry( 1891): broadcastPreciseDataConnectionStateChanged():state=2, apnType=default, smCause=(0), reason=null
04-12 23:00:59.629 D/RILJ    ( 3447): [7162]> OPERATOR [SUB0]
04-12 23:00:59.630 D/RILJ    ( 3447): [7163]> DATA_REGISTRATION_STATE [SUB0]
04-12 23:00:59.630 D/RILC    (  370): SOCKET RIL_SOCKET_1 REQUEST: OPERATOR length:8
04-12 23:00:59.635 D/RILJ    ( 3447): [7164]> VOICE_REGISTRATION_STATE [SUB0]
04-12 23:00:59.635 D/RILC    (  370): SOCKET RIL_SOCKET_1 REQUEST: DATA_REGISTRATION_STATE length:8
04-12 23:00:59.635 D/RILJ    ( 3447): [7165]> QUERY_NETWORK_SELECTION_MODE [SUB0]
04-12 23:00:59.635 D/RILC    (  370): RequestComplete, RIL_SOCKET_1
04-12 23:00:59.636 E/RILC    (  370): Send Response to RIL_SOCKET_1
04-12 23:00:59.636 E/RILC    (  370): RIL Response bytes written:4
04-12 23:00:59.636 E/RILC    (  370): RIL Response bytes written:72
04-12 23:00:59.636 D/RILJ    ( 3447): [7162]< OPERATOR {Orange, Orange, 26003} [SUB0]
04-12 23:00:59.636 D/GsmSST  ( 3447): [GsmSST] getCellLocation(): X good mCellLoc=[57330,46057520,472]
04-12 23:00:59.637 D/RILC    (  370): SOCKET RIL_SOCKET_1 REQUEST: VOICE_REGISTRATION_STATE length:8
04-12 23:00:59.637 D/RILC    (  370): SOCKET RIL_SOCKET_1 REQUEST: QUERY_NETWORK_SELECTION_MODE length:8
04-12 23:00:59.638 V/LG-FASTDORMANCY( 3447): [IDLE] intent received :android.intent.action.SERVICE_STATE
04-12 23:00:59.639 E/PHONE   ( 3447): ServiceState.getRadioTechnology() DEPRECATED will be removed *******
04-12 23:00:59.639 I/LG-FASTDORMANCY( 3447): [IDLE] Service State is changed : 0 0 voice home data home Orange Orange 26003 Orange Orange 26003  UMTS HSPA CSS not supported -1 -1 RoamInd=-1 DefRoamInd=-1 EmergOnly=false IsDataRoamingFromRegistration=false mIsVoiceSearching=false mIsDataSearching=false mVoiceNetworkName=null mDataNetworkName=null Check64QAM0 Dual carrier0
04-12 23:00:59.639 I/LG-FASTDORMANCY( 3447): [IDLE] radioTech changed!! currenRT = 11 isChange?? true
04-12 23:00:59.640 D/QtiGsmDCT( 3447): [0]QtiDcTracker handleMessage msg={ when=-76ms what=270377 obj=android.os.AsyncResult@961b0b0 target=com.qti.internal.telephony.dataconnection.QtiDcTracker }
04-12 23:00:59.640 I/LG-FASTDORMANCY( 3447): [IDLE] Radio Tech changed.
04-12 23:00:59.640 D/QtiGsmDCT( 3447): [0]handleMessage msg={ when=-76ms what=270377 obj=android.os.AsyncResult@961b0b0 target=com.qti.internal.telephony.dataconnection.QtiDcTracker }
04-12 23:00:59.640 D/QtiGsmDCT( 3447): [0]onUpdateIcc: newIccRecords com.android.internal.telephony.uicc.SIMRecords
04-12 23:00:59.641 D/LG-FASTDORMANCY( 3447): [IDLE] isUMTS(): RadioTech(10)
04-12 23:00:59.644 D/RILC    (  370): RequestComplete, RIL_SOCKET_1
04-12 23:00:59.644 E/RILC    (  370): Send Response to RIL_SOCKET_1
04-12 23:00:59.644 E/RILC    (  370): RIL Response bytes written:4
04-12 23:00:59.644 E/RILC    (  370): RIL Response bytes written:20
04-12 23:00:59.644 D/RILJ    ( 3447): [7165]< QUERY_NETWORK_SELECTION_MODE {0} [SUB0]
04-12 23:00:59.645 D/RILC    (  370): RequestComplete, RIL_SOCKET_1
04-12 23:00:59.645 E/RILC    (  370): Send Response to RIL_SOCKET_1
04-12 23:00:59.645 E/RILC    (  370): RIL Response bytes written:4
04-12 23:00:59.645 E/RILC    (  370): RIL Response bytes written:120
04-12 23:00:59.645 D/RILJ    ( 3447): [7163]< DATA_REGISTRATION_STATE {1, dff2, 02bec830, 11, null, 20, null, null, null, null, null, 0} [SUB0]
04-12 23:00:59.646 D/QtiGsmDCT( 3447): [0]getDataOnRoamingEnabled: phoneSubId=2 isDataRoamingEnabled=false
04-12 23:00:59.646 D/QtiGsmDCT( 3447): [0]getDataEnabled: getIntWithSubId retVal=true
04-12 23:00:59.646 D/GsmSST  ( 3447): isSFROperators result = false
04-12 23:00:59.646 D/PHONE   ( 3447): [ServiceState] setDataRegState=0
04-12 23:00:59.647 D/PHONE   ( 3447): [ServiceState] setDataRadioTechnology=11
04-12 23:00:59.647 D/GsmSST  ( 3447): [GsmSST] LOGRadioInfo : In Service
04-12 23:00:59.647 D/GsmSST  ( 3447): [GsmSST] handlPollStateResultMessage: GsmSST setDataRegState=0 regState=1 dataRadioTechnology=11
04-12 23:00:59.648 D/QtiGsmDCT( 3447): [0]getDataEnabled: getIntWithSubId retVal=true
04-12 23:00:59.648 D/RILC    (  370): RequestComplete, RIL_SOCKET_1
04-12 23:00:59.648 E/RILC    (  370): Send Response to RIL_SOCKET_1
04-12 23:00:59.648 E/RILC    (  370): RIL Response bytes written:4
04-12 23:00:59.648 E/RILC    (  370): RIL Response bytes written:136
04-12 23:00:59.649 D/RILJ    ( 3447): [7164]< VOICE_REGISTRATION_STATE {1, dff2, 02bec830, 3, null, null, null, 0, null, null, 1, null, null, 0, 1d8} [SUB0]
04-12 23:00:59.649 D/PHONE   ( 3447): [ServiceState] setVoiceRegState=0
04-12 23:00:59.649 E/PHONE   ( 3447): [ServiceState] setState deprecated use setVoiceRegState()
04-12 23:00:59.649 D/GsmSST  ( 3447): [GsmSST] LOGRadioInfo : In Service
04-12 23:00:59.651 D/GsmSST  ( 3447): [GsmSST] Poll ServiceState done:  oldSS=[0 0 voice home data home Orange Orange 26003 Orange Orange 26003  UMTS HSPA CSS not supported -1 -1 RoamInd=-1 DefRoamInd=-1 EmergOnly=false IsDataRoamingFromRegistration=false mIsVoiceSearching=false mIsDataSearching=false mVoiceNetworkName=null mDataNetworkName=null Check64QAM0 Dual carrier0] newSS=[0 0 voice home data home Orange Orange 26003 Orange Orange 26003  UMTS HSPA CSS not supported -1 -1 RoamInd=-1 DefRoamInd=-1 EmergOnly=false IsDataRoamingFromRegistration=false mIsVoiceSearching=false mIsDataSearching=false mVoiceNetworkName=null mDataNetworkName=null Check64QAM0 Dual carrier0] oldMaxDataCalls=20 mNewMaxDataCalls=20 oldReasonDataDenied=-1 mNewReasonDataDenied=-1
04-12 23:00:59.651 D/PHONE   ( 3447): [ServiceState] setNullState=1
04-12 23:00:59.658 D/RILJ    ( 3447): [7166]> REQUEST_GET_NEIGHBORING_CELL_IDS [SUB0]
04-12 23:00:59.659 D/RILC    (  370): SOCKET RIL_SOCKET_1 REQUEST: GET_NEIGHBORING_CELL_IDS length:8
04-12 23:00:59.660 I/RILQ    (  370): (0/370):RIL[0][main] qcril_qmi_nas_get_neighboring_cell_ids: completed with 0
04-12 23:00:59.662 I/RILQ    (  370): (0/370):RIL[0][qmi_cb] qcril_qmi_nas_get_neighboring_cells_cb: .. qmi error 0, resultqmi  0, qmi transp_err 0, ril res 0
04-12 23:00:59.665 D/RILC    (  370): RequestComplete, RIL_SOCKET_1
04-12 23:00:59.665 E/RILC    (  370): Send Response to RIL_SOCKET_1
04-12 23:00:59.665 E/RILC    (  370): RIL Response bytes written:4
04-12 23:00:59.665 E/RILC    (  370): RIL Response bytes written:100
04-12 23:00:59.665 I/RILQ    (  370): (0/370):RIL[0][qmi_cb] qcril_qmi_nas_get_neighboring_cells_cb: completed with 0 with 3 entries
04-12 23:00:59.668 D/RILJ    ( 3447): [7166]< REQUEST_GET_NEIGHBORING_CELL_IDS {[[3e@-92]] [[17e@-96]] [[14@-97]] } [SUB0]
04-12 23:00:59.670 D/RILJ    ( 3447): [7167]> RIL_REQUEST_GET_CELL_INFO_LIST [SUB0]
04-12 23:00:59.671 D/RILC    (  370): SOCKET RIL_SOCKET_1 REQUEST: GET_CELL_INFO_LIST length:8
04-12 23:00:59.674 D/RILC    (  370): RequestComplete, RIL_SOCKET_1
04-12 23:00:59.674 E/RILC    (  370): Send Response to RIL_SOCKET_1
04-12 23:00:59.674 E/RILC    (  370): RIL Response bytes written:4
04-12 23:00:59.674 D/RILJ    ( 3447): [7167]< RIL_REQUEST_GET_CELL_INFO_LIST [CellInfoWcdma:{mRegistered=YES mTimeStampType=oem_ril mTimeStamp=24194415257054ns CellIdentityWcdma:{ mMcc=260 mMnc=3 mLac=57330 mCid=46057520 mPsc=472} CellSignalStrengthWcdma: ss=13 ber=99}, CellInfoWcdma:{mRegistered=NO mTimeStampType=oem_ril mTimeStamp=24194415257054ns CellIdentityWcdma:{ mMcc=2147483647 mMnc=2147483647 mLac=2147483647 mCid=2147483647 mPsc=62} CellSignalStrengthWcdma: ss=11 ber=99}, CellInfoWcdma:{mRegistered=NO mTimeStampType=oem_ril mTimeStamp=24194415257054ns CellIdentityWcdma:{ mMcc=2147483647 mMnc=2147483647 mLac=2147483647 mCid=2147483647 mPsc=382} CellSignalStrengthWcdma: ss=9 ber=99}, CellInfoWcdma:{mRegistered=NO mTimeStampType=oem_ril mTimeStamp=24194415257054ns CellIdentityWcdma:{ mMcc=2147483647 mMnc=2147483647 mLac=2147483647 mCid=2147483647 mPsc=20} CellSignalStrengthWcdma: ss=8 ber=99}] [SUB0]
04-12 23:00:59.675 E/RILC    (  370): RIL Response bytes written:208
04-12 23:00:59.675 D/GsmSST  ( 3447): [GsmSST] SST.getAllCellInfo(): X size=4 list=[CellInfoWcdma:{mRegistered=YES mTimeStampType=oem_ril mTimeStamp=24194415257054ns CellIdentityWcdma:{ mMcc=260 mMnc=3 mLac=57330 mCid=46057520 mPsc=472} CellSignalStrengthWcdma: ss=13 ber=99}, CellInfoWcdma:{mRegistered=NO mTimeStampType=oem_ril mTimeStamp=24194415257054ns CellIdentityWcdma:{ mMcc=2147483647 mMnc=2147483647 mLac=2147483647 mCid=2147483647 mPsc=62} CellSignalStrengthWcdma: ss=11 ber=99}, CellInfoWcdma:{mRegistered=NO mTimeStampType=oem_ril mTimeStamp=24194415257054ns CellIdentityWcdma:{ mMcc=2147483647 mMnc=2147483647 mLac=2147483647 mCid=2147483647 mPsc=382} CellSignalStrengthWcdma: ss=9 ber=99}, CellInfoWcdma:{mRegistered=NO mTimeStampType=oem_ril mTimeStamp=24194415257054ns CellIdentityWcdma:{ mMcc=2147483647 mMnc=2147483647 mLac=2147483647 mCid=2147483647 mPsc=20} CellSignalStrengthWcdma: ss=8 ber=99}]
04-12 23:00:59.677 D/GsmSST  ( 3447): [GsmSST] getCellLocation(): X good mCellLoc=[57330,46057520,472]
04-12 23:00:59.939 I/RILC    (  370): RIL_SOCKET_1 UNSOLICITED: RIL_UNSOL_LTE_REJECT_CAUSE length:16
04-12 23:00:59.939 E/RILC    (  370): Send Response to RIL_SOCKET_1
04-12 23:00:59.939 E/RILC    (  370): RIL Response bytes written:4
04-12 23:00:59.940 D/RILJ    ( 3447): [UNSL]< RIL_UNSOL_LTE_REJECT_CAUSE {15} [SUB0]
04-12 23:00:59.940 E/RILC    (  370): RIL Response bytes written:16
04-12 23:00:59.942 I/RILC    (  370): RIL_SOCKET_1 UNSOLICITED: UNSOL_OEM_HOOK_RAW length:32
04-12 23:00:59.942 E/RILC    (  370): Send Response to RIL_SOCKET_1
04-12 23:00:59.942 E/RILC    (  370): RIL Response bytes written:4
04-12 23:00:59.942 E/RILC    (  370): RIL Response bytes written:32
04-12 23:00:59.943 V/RILJ    ( 3447): [UNSL]< UNSOL_OEM_HOOK_RAW 514f454d484f4f4bef0308000100000002 [SUB0]
04-12 23:00:59.943 D/RILJ    ( 3447): Oem ID in RIL_UNSOL_OEM_HOOK_RAW is QOEMHOOK
04-12 23:00:59.943 D/RILJ    ( 3447): OEM ID check Passed
04-12 23:00:59.943 D/RILJ    ( 3447): Response ID in RIL_UNSOL_OEM_HOOK_RAW is 525295
04-12 23:00:59.943 D/RILJ    ( 3447): Response ID 525295 is not served in this process.
04-12 23:00:59.945 I/RILC    (  370): RIL_SOCKET_1 UNSOLICITED: UNSOL_RESPONSE_VOICE_NETWORK_STATE_CHANGED length:8
04-12 23:00:59.945 E/RILC    (  370): Send Response to RIL_SOCKET_1
04-12 23:00:59.945 E/RILC    (  370): RIL Response bytes written:4
04-12 23:00:59.945 D/RILJ    ( 3447): [UNSL]< UNSOL_RESPONSE_VOICE_NETWORK_STATE_CHANGED [SUB0]
04-12 23:00:59.945 D/RILJ    ( 3447): [7168]> OPERATOR [SUB0]
04-12 23:00:59.946 D/RILJ    ( 3447): [7169]> DATA_REGISTRATION_STATE [SUB0]
04-12 23:00:59.947 E/RILC    (  370): RIL Response bytes written:8
04-12 23:00:59.947 D/RILC    (  370): SOCKET RIL_SOCKET_1 REQUEST: OPERATOR length:8
04-12 23:00:59.949 D/RILJ    ( 3447): [7170]> VOICE_REGISTRATION_STATE [SUB0]
04-12 23:00:59.950 D/RILC    (  370): SOCKET RIL_SOCKET_1 REQUEST: DATA_REGISTRATION_STATE length:8
04-12 23:00:59.951 D/RILJ    ( 3447): [7171]> QUERY_NETWORK_SELECTION_MODE [SUB0]
04-12 23:00:59.951 D/RILC    (  370): SOCKET RIL_SOCKET_1 REQUEST: VOICE_REGISTRATION_STATE length:8
04-12 23:00:59.952 D/RILC    (  370): SOCKET RIL_SOCKET_1 REQUEST: QUERY_NETWORK_SELECTION_MODE length:8
04-12 23:00:59.957 D/RILC    (  370): RequestComplete, RIL_SOCKET_1
04-12 23:00:59.957 E/RILC    (  370): Send Response to RIL_SOCKET_1
04-12 23:00:59.957 E/RILC    (  370): RIL Response bytes written:4
04-12 23:00:59.958 D/RILJ    ( 3447): [7169]< DATA_REGISTRATION_STATE {1, dff2, 02be380c, 11, null, 20, null, null, null, null, null, 0} [SUB0]
04-12 23:00:59.958 D/GsmSST  ( 3447): isSFROperators result = false
04-12 23:00:59.958 D/PHONE   ( 3447): [ServiceState] setDataRegState=0
04-12 23:00:59.958 D/PHONE   ( 3447): [ServiceState] setDataRadioTechnology=11
04-12 23:00:59.958 D/GsmSST  ( 3447): [GsmSST] LOGRadioInfo : In Service
04-12 23:00:59.958 D/GsmSST  ( 3447): [GsmSST] handlPollStateResultMessage: GsmSST setDataRegState=0 regState=1 dataRadioTechnology=11
04-12 23:00:59.958 E/RILC    (  370): RIL Response bytes written:120
04-12 23:00:59.966 D/RILC    (  370): RequestComplete, RIL_SOCKET_1
04-12 23:00:59.966 E/RILC    (  370): Send Response to RIL_SOCKET_1
04-12 23:00:59.967 E/RILC    (  370): RIL Response bytes written:4
04-12 23:00:59.967 D/RILJ    ( 3447): [7168]< OPERATOR {Orange, Orange, 26003} [SUB0]
04-12 23:00:59.967 E/RILC    (  370): RIL Response bytes written:72
04-12 23:00:59.969 D/RILC    (  370): RequestComplete, RIL_SOCKET_1
04-12 23:00:59.969 E/RILC    (  370): Send Response to RIL_SOCKET_1
04-12 23:00:59.969 E/RILC    (  370): RIL Response bytes written:4
04-12 23:00:59.969 E/RILC    (  370): RIL Response bytes written:20
04-12 23:00:59.970 D/RILJ    ( 3447): [7171]< QUERY_NETWORK_SELECTION_MODE {0} [SUB0]
04-12 23:00:59.970 D/RILC    (  370): RequestComplete, RIL_SOCKET_1
04-12 23:00:59.970 E/RILC    (  370): Send Response to RIL_SOCKET_1
04-12 23:00:59.971 E/RILC    (  370): RIL Response bytes written:4
04-12 23:00:59.971 D/RILJ    ( 3447): [7170]< VOICE_REGISTRATION_STATE {1, dff2, 02be380c, 3, null, null, null, 0, null, null, 1, null, null, 0, 126} [SUB0]
04-12 23:00:59.971 D/PHONE   ( 3447): [ServiceState] setVoiceRegState=0
04-12 23:00:59.971 E/PHONE   ( 3447): [ServiceState] setState deprecated use setVoiceRegState()
04-12 23:00:59.971 D/GsmSST  ( 3447): [GsmSST] LOGRadioInfo : In Service
04-12 23:00:59.973 D/GsmSST  ( 3447): [GsmSST] Poll ServiceState done:  oldSS=[0 0 voice home data home Orange Orange 26003 Orange Orange 26003  UMTS HSPA CSS not supported -1 -1 RoamInd=-1 DefRoamInd=-1 EmergOnly=false IsDataRoamingFromRegistration=false mIsVoiceSearching=false mIsDataSearching=false mVoiceNetworkName=null mDataNetworkName=null Check64QAM0 Dual carrier0] newSS=[0 0 voice home data home Orange Orange 26003 Orange Orange 26003  UMTS HSPA CSS not supported -1 -1 RoamInd=-1 DefRoamInd=-1 EmergOnly=false IsDataRoamingFromRegistration=false mIsVoiceSearching=false mIsDataSearching=false mVoiceNetworkName=null mDataNetworkName=null Check64QAM0 Dual carrier0] oldMaxDataCalls=20 mNewMaxDataCalls=20 oldReasonDataDenied=-1 mNewReasonDataDenied=-1
04-12 23:00:59.974 D/PHONE   ( 3447): [ServiceState] setNullState=1
04-12 23:00:59.974 D/GsmSST  ( 3447): [GsmSST] getCellLocation(): X good mCellLoc=[57330,46020620,294]
04-12 23:00:59.974 D/TelephonyRegistry( 1891): notifyCellLocationForSubscriber: subId=2 cellLocation=Bundle[mParcelledData.dataSize=64]
04-12 23:00:59.979 E/RILC    (  370): RIL Response bytes written:136
04-12 23:00:59.996 D/GsmSST  ( 3447): [GsmSST] getCellLocation(): X good mCellLoc=[57330,46020620,294]
04-12 23:01:00.012 D/RILJ    ( 3447): [7172]> REQUEST_GET_NEIGHBORING_CELL_IDS [SUB0]
04-12 23:01:00.013 D/RILC    (  370): SOCKET RIL_SOCKET_1 REQUEST: GET_NEIGHBORING_CELL_IDS length:8
04-12 23:01:00.014 I/RILQ    (  370): (0/370):RIL[0][main] qcril_qmi_nas_get_neighboring_cell_ids: completed with 0
04-12 23:01:00.019 I/RILQ    (  370): (0/370):RIL[0][qmi_cb] qcril_qmi_nas_get_neighboring_cells_cb: .. qmi error 0, resultqmi  0, qmi transp_err 0, ril res 0
04-12 23:01:00.021 D/RILC    (  370): RequestComplete, RIL_SOCKET_1
04-12 23:01:00.021 E/RILC    (  370): Send Response to RIL_SOCKET_1
04-12 23:01:00.021 E/RILC    (  370): RIL Response bytes written:4
04-12 23:01:00.021 E/RILC    (  370): RIL Response bytes written:100
04-12 23:01:00.021 I/RILQ    (  370): (0/370):RIL[0][qmi_cb] qcril_qmi_nas_get_neighboring_cells_cb: completed with 0 with 3 entries
04-12 23:01:00.024 D/RILJ    ( 3447): [7172]< REQUEST_GET_NEIGHBORING_CELL_IDS {[[3e@-92]] [[17e@-96]] [[14@-97]] } [SUB0]
04-12 23:01:00.029 D/GsmSST  ( 3447): [GsmSST] SST.getAllCellInfo(): return last, back to back calls
04-12 23:01:00.029 D/GsmSST  ( 3447): [GsmSST] SST.getAllCellInfo(): X size=4 list=[CellInfoWcdma:{mRegistered=YES mTimeStampType=oem_ril mTimeStamp=24194415257054ns CellIdentityWcdma:{ mMcc=260 mMnc=3 mLac=57330 mCid=46057520 mPsc=472} CellSignalStrengthWcdma: ss=13 ber=99}, CellInfoWcdma:{mRegistered=NO mTimeStampType=oem_ril mTimeStamp=24194415257054ns CellIdentityWcdma:{ mMcc=2147483647 mMnc=2147483647 mLac=2147483647 mCid=2147483647 mPsc=62} CellSignalStrengthWcdma: ss=11 ber=99}, CellInfoWcdma:{mRegistered=NO mTimeStampType=oem_ril mTimeStamp=24194415257054ns CellIdentityWcdma:{ mMcc=2147483647 mMnc=2147483647 mLac=2147483647 mCid=2147483647 mPsc=382} CellSignalStrengthWcdma: ss=9 ber=99}, CellInfoWcdma:{mRegistered=NO mTimeStampType=oem_ril mTimeStamp=24194415257054ns CellIdentityWcdma:{ mMcc=2147483647 mMnc=2147483647 mLac=2147483647 mCid=2147483647 mPsc=20} CellSignalStrengthWcdma: ss=8 ber=99}]
04-12 23:01:00.033 D/GsmSST  ( 3447): [GsmSST] getCellLocation(): X good mCellLoc=[57330,46020620,294]
04-12 23:01:00.348 D/QtiGsmDCT( 3447): [0]updateDataActivity: curTxRxSum={txSum=46219 rxSum=55767} preTxRxSum={txSum=46219 rxSum=55767}
04-12 23:01:00.348 D/QtiGsmDCT( 3447): [0]updateDataActivity: sent=0 received=0
04-12 23:01:01.354 D/QtiGsmDCT( 3447): [0]updateDataActivity: curTxRxSum={txSum=46219 rxSum=55767} preTxRxSum={txSum=46219 rxSum=55767}
04-12 23:01:01.354 D/QtiGsmDCT( 3447): [0]updateDataActivity: sent=0 received=0
04-12 23:01:02.358 D/QtiGsmDCT( 3447): [0]updateDataActivity: curTxRxSum={txSum=46219 rxSum=55767} preTxRxSum={txSum=46219 rxSum=55767}
04-12 23:01:02.359 D/QtiGsmDCT( 3447): [0]updateDataActivity: sent=0 received=0
04-12 23:01:03.364 D/QtiGsmDCT( 3447): [0]updateDataActivity: curTxRxSum={txSum=46219 rxSum=55767} preTxRxSum={txSum=46219 rxSum=55767}
04-12 23:01:03.364 D/QtiGsmDCT( 3447): [0]updateDataActivity: sent=0 received=0
04-12 23:01:04.289 I/RILC    (  370): RIL_SOCKET_1 UNSOLICITED: UNSOL_SIGNAL_STRENGTH length:68
04-12 23:01:04.289 E/RILC    (  370): Send Response to RIL_SOCKET_1
04-12 23:01:04.289 E/RILC    (  370): RIL Response bytes written:4
04-12 23:01:04.289 E/RILC    (  370): RIL Response bytes written:68
04-12 23:01:04.289 D/GsmSST  ( 3447): [GsmSST] ServiceStateTrackerEx:onSignalStrengthResult() isGsm=true DataRadioTech=11
04-12 23:01:04.289 W/LGSignalStrength( 3447): setDataRadioTechnology: dataRadioTechnology = 11
04-12 23:01:04.290 D/DefaultPhoneNotifier( 3447): notifySignalStrength: mRegistry=com.android.internal.telephony.ITelephonyRegistry$Stub$Proxy@ced2ad0 ss=SignalStrength: 11 0 -91 -280 -120 -1 -1 99 2147483647 2147483647 2147483647 2147483647 2147483647 gsm|lte 11 0 -91 -280 sender=Handler (com.qti.internal.telephony.gsm.QtiGSMPhone) {560d91e}
04-12 23:01:04.303 D/QtiGsmDCT( 3447): [0]getDataEnabled: getIntWithSubId retVal=true
04-12 23:01:04.367 D/QtiGsmDCT( 3447): [0]updateDataActivity: curTxRxSum={txSum=46219 rxSum=55767} preTxRxSum={txSum=46219 rxSum=55767}
04-12 23:01:04.367 D/QtiGsmDCT( 3447): [0]updateDataActivity: sent=0 received=0
04-12 23:01:05.372 D/QtiGsmDCT( 3447): [0]updateDataActivity: curTxRxSum={txSum=46219 rxSum=55767} preTxRxSum={txSum=46219 rxSum=55767}
04-12 23:01:05.372 D/QtiGsmDCT( 3447): [0]updateDataActivity: sent=0 received=0
04-12 23:01:06.378 D/QtiGsmDCT( 3447): [0]updateDataActivity: curTxRxSum={txSum=46219 rxSum=55767} preTxRxSum={txSum=46219 rxSum=55767}
04-12 23:01:06.378 D/QtiGsmDCT( 3447): [0]updateDataActivity: sent=0 received=0
04-12 23:01:07.383 D/QtiGsmDCT( 3447): [0]updateDataActivity: curTxRxSum={txSum=46219 rxSum=55767} preTxRxSum={txSum=46219 rxSum=55767}
04-12 23:01:07.383 D/QtiGsmDCT( 3447): [0]updateDataActivity: sent=0 received=0
04-12 23:01:07.497 I/RILC    (  370): RIL_SOCKET_1 UNSOLICITED: UNSOL_SIGNAL_STRENGTH length:68
04-12 23:01:07.497 E/RILC    (  370): Send Response to RIL_SOCKET_1
04-12 23:01:07.497 E/RILC    (  370): RIL Response bytes written:4
04-12 23:01:07.497 E/RILC    (  370): RIL Response bytes written:68
04-12 23:01:07.498 D/GsmSST  ( 3447): [GsmSST] ServiceStateTrackerEx:onSignalStrengthResult() isGsm=true DataRadioTech=11
04-12 23:01:07.498 W/LGSignalStrength( 3447): setDataRadioTechnology: dataRadioTechnology = 11
04-12 23:01:07.498 D/DefaultPhoneNotifier( 3447): notifySignalStrength: mRegistry=com.android.internal.telephony.ITelephonyRegistry$Stub$Proxy@ced2ad0 ss=SignalStrength: 9 0 -95 -80 -120 -1 -1 99 2147483647 2147483647 2147483647 2147483647 2147483647 gsm|lte 11 0 -95 -80 sender=Handler (com.qti.internal.telephony.gsm.QtiGSMPhone) {560d91e}
04-12 23:01:07.510 D/QtiGsmDCT( 3447): [0]getDataEnabled: getIntWithSubId retVal=true
04-12 23:01:08.391 D/QtiGsmDCT( 3447): [0]updateDataActivity: curTxRxSum={txSum=46219 rxSum=55767} preTxRxSum={txSum=46219 rxSum=55767}
04-12 23:01:08.391 D/QtiGsmDCT( 3447): [0]updateDataActivity: sent=0 received=0
04-12 23:01:09.085 I/RILC    (  370): RIL_SOCKET_1 UNSOLICITED: RIL_UNSOL_LTE_REJECT_CAUSE length:16
04-12 23:01:09.086 E/RILC    (  370): Send Response to RIL_SOCKET_1
04-12 23:01:09.086 E/RILC    (  370): RIL Response bytes written:4
04-12 23:01:09.086 D/RILJ    ( 3447): [UNSL]< RIL_UNSOL_LTE_REJECT_CAUSE {15} [SUB0]
04-12 23:01:09.086 E/RILC    (  370): RIL Response bytes written:16
04-12 23:01:09.089 I/RILC    (  370): RIL_SOCKET_1 UNSOLICITED: UNSOL_OEM_HOOK_RAW length:32
04-12 23:01:09.089 E/RILC    (  370): Send Response to RIL_SOCKET_1
04-12 23:01:09.089 E/RILC    (  370): RIL Response bytes written:4
04-12 23:01:09.089 V/RILJ    ( 3447): [UNSL]< UNSOL_OEM_HOOK_RAW 514f454d484f4f4bef0308000100000000 [SUB0]
04-12 23:01:09.089 D/RILJ    ( 3447): Oem ID in RIL_UNSOL_OEM_HOOK_RAW is QOEMHOOK
04-12 23:01:09.089 D/RILJ    ( 3447): OEM ID check Passed
04-12 23:01:09.089 D/RILJ    ( 3447): Response ID in RIL_UNSOL_OEM_HOOK_RAW is 525295
04-12 23:01:09.089 D/RILJ    ( 3447): Response ID 525295 is not served in this process.
04-12 23:01:09.089 E/RILC    (  370): RIL Response bytes written:32
04-12 23:01:09.092 I/RILC    (  370): RIL_SOCKET_1 UNSOLICITED: UNSOL_RESPONSE_VOICE_NETWORK_STATE_CHANGED length:8
04-12 23:01:09.092 E/RILC    (  370): Send Response to RIL_SOCKET_1
04-12 23:01:09.092 E/RILC    (  370): RIL Response bytes written:4
04-12 23:01:09.092 D/RILJ    ( 3447): [UNSL]< UNSOL_RESPONSE_VOICE_NETWORK_STATE_CHANGED [SUB0]
04-12 23:01:09.093 E/RILC    (  370): RIL Response bytes written:8
04-12 23:01:09.093 D/RILJ    ( 3447): [7173]> OPERATOR [SUB0]
04-12 23:01:09.094 D/RILJ    ( 3447): [7174]> DATA_REGISTRATION_STATE [SUB0]
04-12 23:01:09.095 D/RILC    (  370): SOCKET RIL_SOCKET_1 REQUEST: OPERATOR length:8
04-12 23:01:09.096 D/RILJ    ( 3447): [7175]> VOICE_REGISTRATION_STATE [SUB0]
04-12 23:01:09.097 D/RILC    (  370): SOCKET RIL_SOCKET_1 REQUEST: DATA_REGISTRATION_STATE length:8
04-12 23:01:09.099 D/RILJ    ( 3447): [7176]> QUERY_NETWORK_SELECTION_MODE [SUB0]
04-12 23:01:09.101 D/RILC    (  370): SOCKET RIL_SOCKET_1 REQUEST: VOICE_REGISTRATION_STATE length:8
04-12 23:01:09.102 D/RILC    (  370): SOCKET RIL_SOCKET_1 REQUEST: QUERY_NETWORK_SELECTION_MODE length:8
04-12 23:01:09.111 D/RILC    (  370): RequestComplete, RIL_SOCKET_1
04-12 23:01:09.111 E/RILC    (  370): Send Response to RIL_SOCKET_1
04-12 23:01:09.112 E/RILC    (  370): RIL Response bytes written:4
04-12 23:01:09.113 D/RILJ    ( 3447): [7173]< OPERATOR {Orange, Orange, 26003} [SUB0]
04-12 23:01:09.113 E/RILC    (  370): RIL Response bytes written:72
04-12 23:01:09.114 D/RILC    (  370): RequestComplete, RIL_SOCKET_1
04-12 23:01:09.114 E/RILC    (  370): Send Response to RIL_SOCKET_1
04-12 23:01:09.115 E/RILC    (  370): RIL Response bytes written:4
04-12 23:01:09.115 D/RILJ    ( 3447): [7174]< DATA_REGISTRATION_STATE {1, dff2, 02be380c, 11, null, 20, null, null, null, null, null, 0} [SUB0]
04-12 23:01:09.116 D/GsmSST  ( 3447): isSFROperators result = false
04-12 23:01:09.116 D/PHONE   ( 3447): [ServiceState] setDataRegState=0
04-12 23:01:09.116 D/PHONE   ( 3447): [ServiceState] setDataRadioTechnology=11
04-12 23:01:09.116 D/GsmSST  ( 3447): [GsmSST] LOGRadioInfo : In Service
04-12 23:01:09.116 D/GsmSST  ( 3447): [GsmSST] handlPollStateResultMessage: GsmSST setDataRegState=0 regState=1 dataRadioTechnology=11
04-12 23:01:09.116 E/RILC    (  370): RIL Response bytes written:120
04-12 23:01:09.117 D/RILC    (  370): RequestComplete, RIL_SOCKET_1
04-12 23:01:09.117 E/RILC    (  370): Send Response to RIL_SOCKET_1
04-12 23:01:09.117 E/RILC    (  370): RIL Response bytes written:4
04-12 23:01:09.117 D/RILJ    ( 3447): [7175]< VOICE_REGISTRATION_STATE {1, dff2, 02be380c, 3, null, null, null, 0, null, null, 1, null, null, 0, 126} [SUB0]
04-12 23:01:09.117 D/PHONE   ( 3447): [ServiceState] setVoiceRegState=0
04-12 23:01:09.117 E/PHONE   ( 3447): [ServiceState] setState deprecated use setVoiceRegState()
04-12 23:01:09.118 D/GsmSST  ( 3447): [GsmSST] LOGRadioInfo : In Service
04-12 23:01:09.118 E/RILC    (  370): RIL Response bytes written:136
04-12 23:01:09.119 D/RILC    (  370): RequestComplete, RIL_SOCKET_1
04-12 23:01:09.119 E/RILC    (  370): Send Response to RIL_SOCKET_1
04-12 23:01:09.119 E/RILC    (  370): RIL Response bytes written:4
04-12 23:01:09.119 D/RILJ    ( 3447): [7176]< QUERY_NETWORK_SELECTION_MODE {0} [SUB0]
04-12 23:01:09.122 D/GsmSST  ( 3447): [GsmSST] Poll ServiceState done:  oldSS=[0 0 voice home data home Orange Orange 26003 Orange Orange 26003  UMTS HSPA CSS not supported -1 -1 RoamInd=-1 DefRoamInd=-1 EmergOnly=false IsDataRoamingFromRegistration=false mIsVoiceSearching=false mIsDataSearching=false mVoiceNetworkName=null mDataNetworkName=null Check64QAM0 Dual carrier0] newSS=[0 0 voice home data home Orange Orange 26003 Orange Orange 26003  UMTS HSPA CSS not supported -1 -1 RoamInd=-1 DefRoamInd=-1 EmergOnly=false IsDataRoamingFromRegistration=false mIsVoiceSearching=false mIsDataSearching=false mVoiceNetworkName=null mDataNetworkName=null Check64QAM0 Dual carrier0] oldMaxDataCalls=20 mNewMaxDataCalls=20 oldReasonDataDenied=-1 mNewReasonDataDenied=-1
04-12 23:01:09.122 D/PHONE   ( 3447): [ServiceState] setNullState=1
04-12 23:01:09.122 E/RILC    (  370): RIL Response bytes written:20
04-12 23:01:09.394 D/QtiGsmDCT( 3447): [0]updateDataActivity: curTxRxSum={txSum=46219 rxSum=55767} preTxRxSum={txSum=46219 rxSum=55767}
04-12 23:01:09.394 D/QtiGsmDCT( 3447): [0]updateDataActivity: sent=0 received=0
04-12 23:01:10.399 D/QtiGsmDCT( 3447): [0]updateDataActivity: curTxRxSum={txSum=46219 rxSum=55767} preTxRxSum={txSum=46219 rxSum=55767}
04-12 23:01:10.400 D/QtiGsmDCT( 3447): [0]updateDataActivity: sent=0 received=0
04-12 23:01:10.683 I/RILC    (  370): RIL_SOCKET_1 UNSOLICITED: UNSOL_SIGNAL_STRENGTH length:68
04-12 23:01:10.683 E/RILC    (  370): Send Response to RIL_SOCKET_1
04-12 23:01:10.683 E/RILC    (  370): RIL Response bytes written:4
04-12 23:01:10.683 E/RILC    (  370): RIL Response bytes written:68
04-12 23:01:10.684 D/GsmSST  ( 3447): [GsmSST] ServiceStateTrackerEx:onSignalStrengthResult() isGsm=true DataRadioTech=11
04-12 23:01:10.684 W/LGSignalStrength( 3447): setDataRadioTechnology: dataRadioTechnology = 11
04-12 23:01:10.689 D/DefaultPhoneNotifier( 3447): notifySignalStrength: mRegistry=com.android.internal.telephony.ITelephonyRegistry$Stub$Proxy@ced2ad0 ss=SignalStrength: 11 0 -91 -95 -120 -1 -1 99 2147483647 2147483647 2147483647 2147483647 2147483647 gsm|lte 11 0 -91 -95 sender=Handler (com.qti.internal.telephony.gsm.QtiGSMPhone) {560d91e}
04-12 23:01:10.721 D/QtiGsmDCT( 3447): [0]getDataEnabled: getIntWithSubId retVal=true
04-12 23:01:11.405 D/QtiGsmDCT( 3447): [0]updateDataActivity: curTxRxSum={txSum=46219 rxSum=55767} preTxRxSum={txSum=46219 rxSum=55767}
04-12 23:01:11.405 D/QtiGsmDCT( 3447): [0]updateDataActivity: sent=0 received=0
04-12 23:01:12.410 D/QtiGsmDCT( 3447): [0]updateDataActivity: curTxRxSum={txSum=46219 rxSum=55767} preTxRxSum={txSum=46219 rxSum=55767}
04-12 23:01:12.410 D/QtiGsmDCT( 3447): [0]updateDataActivity: sent=0 received=0
04-12 23:01:13.414 D/QtiGsmDCT( 3447): [0]updateDataActivity: curTxRxSum={txSum=46219 rxSum=55767} preTxRxSum={txSum=46219 rxSum=55767}
04-12 23:01:13.414 D/QtiGsmDCT( 3447): [0]updateDataActivity: sent=0 received=0
04-12 23:01:13.681 I/RILC    (  370): RIL_SOCKET_1 UNSOLICITED: UNSOL_SIGNAL_STRENGTH length:68
04-12 23:01:13.681 E/RILC    (  370): Send Response to RIL_SOCKET_1
04-12 23:01:13.681 E/RILC    (  370): RIL Response bytes written:4
04-12 23:01:13.681 E/RILC    (  370): RIL Response bytes written:68
04-12 23:01:13.682 D/GsmSST  ( 3447): [GsmSST] ServiceStateTrackerEx:onSignalStrengthResult() isGsm=true DataRadioTech=11
04-12 23:01:13.682 W/LGSignalStrength( 3447): setDataRadioTechnology: dataRadioTechnology = 11
04-12 23:01:13.682 D/DefaultPhoneNotifier( 3447): notifySignalStrength: mRegistry=com.android.internal.telephony.ITelephonyRegistry$Stub$Proxy@ced2ad0 ss=SignalStrength: 10 0 -94 -125 -120 -1 -1 99 2147483647 2147483647 2147483647 2147483647 2147483647 gsm|lte 11 0 -94 -125 sender=Handler (com.qti.internal.telephony.gsm.QtiGSMPhone) {560d91e}
04-12 23:01:13.695 D/QtiGsmDCT( 3447): [0]getDataEnabled: getIntWithSubId retVal=true
04-12 23:01:14.419 D/QtiGsmDCT( 3447): [0]updateDataActivity: curTxRxSum={txSum=46219 rxSum=55767} preTxRxSum={txSum=46219 rxSum=55767}
04-12 23:01:14.419 D/QtiGsmDCT( 3447): [0]updateDataActivity: sent=0 received=0
04-12 23:01:15.425 D/QtiGsmDCT( 3447): [0]updateDataActivity: curTxRxSum={txSum=46219 rxSum=55767} preTxRxSum={txSum=46219 rxSum=55767}
04-12 23:01:15.425 D/QtiGsmDCT( 3447): [0]updateDataActivity: sent=0 received=0
04-12 23:01:16.429 D/QtiGsmDCT( 3447): [0]updateDataActivity: curTxRxSum={txSum=46219 rxSum=55767} preTxRxSum={txSum=46219 rxSum=55767}
04-12 23:01:16.430 D/QtiGsmDCT( 3447): [0]updateDataActivity: sent=0 received=0
04-12 23:01:17.086 I/RILC    (  370): RIL_SOCKET_1 UNSOLICITED: UNSOL_SIGNAL_STRENGTH length:68
04-12 23:01:17.086 E/RILC    (  370): Send Response to RIL_SOCKET_1
04-12 23:01:17.086 E/RILC    (  370): RIL Response bytes written:4
04-12 23:01:17.086 E/RILC    (  370): RIL Response bytes written:68
04-12 23:01:17.087 D/GsmSST  ( 3447): [GsmSST] ServiceStateTrackerEx:onSignalStrengthResult() isGsm=true DataRadioTech=11
04-12 23:01:17.088 W/LGSignalStrength( 3447): setDataRadioTechnology: dataRadioTechnology = 11
04-12 23:01:17.088 D/DefaultPhoneNotifier( 3447): notifySignalStrength: mRegistry=com.android.internal.telephony.ITelephonyRegistry$Stub$Proxy@ced2ad0 ss=SignalStrength: 12 0 -90 -125 -120 -1 -1 99 2147483647 2147483647 2147483647 2147483647 2147483647 gsm|lte 11 0 -90 -125 sender=Handler (com.qti.internal.telephony.gsm.QtiGSMPhone) {560d91e}
04-12 23:01:17.106 D/QtiGsmDCT( 3447): [0]getDataEnabled: getIntWithSubId retVal=true
04-12 23:01:17.440 D/QtiGsmDCT( 3447): [0]updateDataActivity: curTxRxSum={txSum=46220 rxSum=55767} preTxRxSum={txSum=46219 rxSum=55767}
04-12 23:01:17.440 D/QtiGsmDCT( 3447): [0]updateDataActivity: sent=1 received=0
04-12 23:01:17.440 D/QtiGsmDCT( 3447): [0]updateDataActivity: newActivity=DATAOUT
04-12 23:01:17.444 D/QtiGsmDCT( 3447): [0]getDataEnabled: getIntWithSubId retVal=true
04-12 23:01:18.296 I/RILC    (  370): RIL_SOCKET_1 UNSOLICITED: RIL_UNSOL_LTE_REJECT_CAUSE length:16
04-12 23:01:18.296 E/RILC    (  370): Send Response to RIL_SOCKET_1
04-12 23:01:18.296 E/RILC    (  370): RIL Response bytes written:4
04-12 23:01:18.296 D/RILJ    ( 3447): [UNSL]< RIL_UNSOL_LTE_REJECT_CAUSE {15} [SUB0]
04-12 23:01:18.296 E/RILC    (  370): RIL Response bytes written:16
04-12 23:01:18.299 I/RILC    (  370): RIL_SOCKET_1 UNSOLICITED: UNSOL_OEM_HOOK_RAW length:32
04-12 23:01:18.299 E/RILC    (  370): Send Response to RIL_SOCKET_1
04-12 23:01:18.299 E/RILC    (  370): RIL Response bytes written:4
04-12 23:01:18.299 E/RILC    (  370): RIL Response bytes written:32
04-12 23:01:18.300 V/RILJ    ( 3447): [UNSL]< UNSOL_OEM_HOOK_RAW 514f454d484f4f4bef0308000100000000 [SUB0]
04-12 23:01:18.300 D/RILJ    ( 3447): Oem ID in RIL_UNSOL_OEM_HOOK_RAW is QOEMHOOK
04-12 23:01:18.300 D/RILJ    ( 3447): OEM ID check Passed
04-12 23:01:18.300 D/RILJ    ( 3447): Response ID in RIL_UNSOL_OEM_HOOK_RAW is 525295
04-12 23:01:18.300 D/RILJ    ( 3447): Response ID 525295 is not served in this process.
04-12 23:01:18.302 I/RILC    (  370): RIL_SOCKET_1 UNSOLICITED: UNSOL_RESPONSE_VOICE_NETWORK_STATE_CHANGED length:8
04-12 23:01:18.302 E/RILC    (  370): Send Response to RIL_SOCKET_1
04-12 23:01:18.302 E/RILC    (  370): RIL Response bytes written:4
04-12 23:01:18.302 D/RILJ    ( 3447): [UNSL]< UNSOL_RESPONSE_VOICE_NETWORK_STATE_CHANGED [SUB0]
04-12 23:01:18.302 D/RILJ    ( 3447): [7177]> OPERATOR [SUB0]
04-12 23:01:18.304 D/RILJ    ( 3447): [7178]> DATA_REGISTRATION_STATE [SUB0]
04-12 23:01:18.305 D/RILC    (  370): SOCKET RIL_SOCKET_1 REQUEST: OPERATOR length:8
04-12 23:01:18.306 E/RILC    (  370): RIL Response bytes written:8
04-12 23:01:18.306 D/RILJ    ( 3447): [7179]> VOICE_REGISTRATION_STATE [SUB0]
04-12 23:01:18.307 D/RILC    (  370): SOCKET RIL_SOCKET_1 REQUEST: DATA_REGISTRATION_STATE length:8
04-12 23:01:18.307 D/RILJ    ( 3447): [7180]> QUERY_NETWORK_SELECTION_MODE [SUB0]
04-12 23:01:18.311 D/RILC    (  370): SOCKET RIL_SOCKET_1 REQUEST: VOICE_REGISTRATION_STATE length:8
04-12 23:01:18.312 D/RILC    (  370): SOCKET RIL_SOCKET_1 REQUEST: QUERY_NETWORK_SELECTION_MODE length:8
04-12 23:01:18.318 D/RILC    (  370): RequestComplete, RIL_SOCKET_1
04-12 23:01:18.318 E/RILC    (  370): Send Response to RIL_SOCKET_1
04-12 23:01:18.319 E/RILC    (  370): RIL Response bytes written:4
04-12 23:01:18.319 E/RILC    (  370): RIL Response bytes written:72
04-12 23:01:18.319 D/RILJ    ( 3447): [7177]< OPERATOR {Orange, Orange, 26003} [SUB0]
04-12 23:01:18.323 D/RILC    (  370): RequestComplete, RIL_SOCKET_1
04-12 23:01:18.323 E/RILC    (  370): Send Response to RIL_SOCKET_1
04-12 23:01:18.323 E/RILC    (  370): RIL Response bytes written:4
04-12 23:01:18.324 D/RILJ    ( 3447): [7180]< QUERY_NETWORK_SELECTION_MODE {0} [SUB0]
04-12 23:01:18.324 E/RILC    (  370): RIL Response bytes written:20
04-12 23:01:18.325 D/RILC    (  370): RequestComplete, RIL_SOCKET_1
04-12 23:01:18.325 E/RILC    (  370): Send Response to RIL_SOCKET_1
04-12 23:01:18.325 E/RILC    (  370): RIL Response bytes written:4
04-12 23:01:18.325 D/RILJ    ( 3447): [7178]< DATA_REGISTRATION_STATE {1, dff2, 02be380c, 11, null, 20, null, null, null, null, null, 0} [SUB0]
04-12 23:01:18.325 E/RILC    (  370): RIL Response bytes written:120
04-12 23:01:18.325 D/GsmSST  ( 3447): isSFROperators result = false
04-12 23:01:18.326 D/PHONE   ( 3447): [ServiceState] setDataRegState=0
04-12 23:01:18.326 D/PHONE   ( 3447): [ServiceState] setDataRadioTechnology=11
04-12 23:01:18.326 D/GsmSST  ( 3447): [GsmSST] LOGRadioInfo : In Service
04-12 23:01:18.326 D/GsmSST  ( 3447): [GsmSST] handlPollStateResultMessage: GsmSST setDataRegState=0 regState=1 dataRadioTechnology=11
04-12 23:01:18.326 D/RILC    (  370): RequestComplete, RIL_SOCKET_1
04-12 23:01:18.326 E/RILC    (  370): Send Response to RIL_SOCKET_1
04-12 23:01:18.327 E/RILC    (  370): RIL Response bytes written:4
04-12 23:01:18.327 E/RILC    (  370): RIL Response bytes written:136
04-12 23:01:18.327 D/RILJ    ( 3447): [7179]< VOICE_REGISTRATION_STATE {1, dff2, 02be380c, 3, null, null, null, 0, null, null, 1, null, null, 0, 126} [SUB0]
04-12 23:01:18.327 D/PHONE   ( 3447): [ServiceState] setVoiceRegState=0
04-12 23:01:18.327 E/PHONE   ( 3447): [ServiceState] setState deprecated use setVoiceRegState()
04-12 23:01:18.327 D/GsmSST  ( 3447): [GsmSST] LOGRadioInfo : In Service
04-12 23:01:18.329 D/GsmSST  ( 3447): [GsmSST] Poll ServiceState done:  oldSS=[0 0 voice home data home Orange Orange 26003 Orange Orange 26003  UMTS HSPA CSS not supported -1 -1 RoamInd=-1 DefRoamInd=-1 EmergOnly=false IsDataRoamingFromRegistration=false mIsVoiceSearching=false mIsDataSearching=false mVoiceNetworkName=null mDataNetworkName=null Check64QAM0 Dual carrier0] newSS=[0 0 voice home data home Orange Orange 26003 Orange Orange 26003  UMTS HSPA CSS not supported -1 -1 RoamInd=-1 DefRoamInd=-1 EmergOnly=false IsDataRoamingFromRegistration=false mIsVoiceSearching=false mIsDataSearching=false mVoiceNetworkName=null mDataNetworkName=null Check64QAM0 Dual carrier0] oldMaxDataCalls=20 mNewMaxDataCalls=20 oldReasonDataDenied=-1 mNewReasonDataDenied=-1
04-12 23:01:18.329 D/PHONE   ( 3447): [ServiceState] setNullState=1
04-12 23:01:18.444 D/QtiGsmDCT( 3447): [0]updateDataActivity: curTxRxSum={txSum=46220 rxSum=55767} preTxRxSum={txSum=46220 rxSum=55767}
04-12 23:01:18.445 D/QtiGsmDCT( 3447): [0]updateDataActivity: sent=0 received=0
04-12 23:01:18.445 D/QtiGsmDCT( 3447): [0]updateDataActivity: newActivity=NONE
