04-12 23:01:18.451 D/QtiGsmDCT( 3447): [0]getDataEnabled: getIntWithSubId retVal=true
04-12 23:01:18.926 I/RILC    (  370): RIL_SOCKET_1 UNSOLICITED: RIL_UNSOL_LTE_REJECT_CAUSE length:16
04-12 23:01:18.926 E/RILC    (  370): Send Response to RIL_SOCKET_1
04-12 23:01:18.927 E/RILC    (  370): RIL Response bytes written:4
04-12 23:01:18.927 D/RILJ    ( 3447): [UNSL]< RIL_UNSOL_LTE_REJECT_CAUSE {15} [SUB0]
04-12 23:01:18.928 E/RILC    (  370): RIL Response bytes written:16
04-12 23:01:18.929 I/RILC    (  370): RIL_SOCKET_1 UNSOLICITED: UNSOL_OEM_HOOK_RAW length:32
04-12 23:01:18.929 E/RILC    (  370): Send Response to RIL_SOCKET_1
04-12 23:01:18.929 E/RILC    (  370): RIL Response bytes written:4
04-12 23:01:18.929 V/RILJ    ( 3447): [UNSL]< UNSOL_OEM_HOOK_RAW 514f454d484f4f4bef0308000100000000 [SUB0]
04-12 23:01:18.929 D/RILJ    ( 3447): Oem ID in RIL_UNSOL_OEM_HOOK_RAW is QOEMHOOK
04-12 23:01:18.929 D/RILJ    ( 3447): OEM ID check Passed
04-12 23:01:18.929 D/RILJ    ( 3447): Response ID in RIL_UNSOL_OEM_HOOK_RAW is 525295
04-12 23:01:18.930 D/RILJ    ( 3447): Response ID 525295 is not served in this process.
04-12 23:01:18.930 E/RILC    (  370): RIL Response bytes written:32
04-12 23:01:18.932 I/RILC    (  370): RIL_SOCKET_1 UNSOLICITED: UNSOL_RESPONSE_VOICE_NETWORK_STATE_CHANGED length:8
04-12 23:01:18.932 E/RILC    (  370): Send Response to RIL_SOCKET_1
04-12 23:01:18.932 E/RILC    (  370): RIL Response bytes written:4
04-12 23:01:18.932 D/RILJ    ( 3447): [UNSL]< UNSOL_RESPONSE_VOICE_NETWORK_STATE_CHANGED [SUB0]
04-12 23:01:18.933 E/RILC    (  370): RIL Response bytes written:8
04-12 23:01:18.933 D/RILJ    ( 3447): [7181]> OPERATOR [SUB0]
04-12 23:01:18.934 D/RILJ    ( 3447): [7182]> DATA_REGISTRATION_STATE [SUB0]
04-12 23:01:18.935 D/RILC    (  370): SOCKET RIL_SOCKET_1 REQUEST: OPERATOR length:8
04-12 23:01:18.936 D/RILJ    ( 3447): [7183]> VOICE_REGISTRATION_STATE [SUB0]
04-12 23:01:18.937 D/RILJ    ( 3447): [7184]> QUERY_NETWORK_SELECTION_MODE [SUB0]
04-12 23:01:18.938 I/RILQ    (  370): (0/370):RIL[0][event] qcril_arb_set_dsd_sys_status: old_pref_data 1 - new_data_pref 1
04-12 23:01:18.938 I/RILQ    (  370): (0/370):RIL[0][event] qcril_arb_set_dsd_sys_status: preferred dsd_sys_status nw=0x0, rat_value=0x1, so_mask=0x0000000000000011
04-12 23:01:18.938 I/RILQ    (  370): (0/370):RIL[0][event] qcril_arb_set_dsd_sys_status: preferred 1 - dsd_sys_status nw=0x0, rat_value=0x1, so_mask=0x0000000000000011
04-12 23:01:18.938 D/RILC    (  370): SOCKET RIL_SOCKET_1 REQUEST: DATA_REGISTRATION_STATE length:8
04-12 23:01:18.940 D/RILC    (  370): SOCKET RIL_SOCKET_1 REQUEST: VOICE_REGISTRATION_STATE length:8
04-12 23:01:18.941 D/RILC    (  370): SOCKET RIL_SOCKET_1 REQUEST: QUERY_NETWORK_SELECTION_MODE length:8
04-12 23:01:18.941 I/RILQ    (  370): (0/370):RIL[0][event] qcril_arb_set_dsd_sys_status: is_wwan_available 0
04-12 23:01:18.943 I/RILC    (  370): RIL_SOCKET_1 UNSOLICITED: UNSOL_OEM_HOOK_RAW length:32
04-12 23:01:18.943 E/RILC    (  370): Send Response to RIL_SOCKET_1
04-12 23:01:18.943 E/RILC    (  370): RIL Response bytes written:4
04-12 23:01:18.943 E/RILC    (  370): RIL Response bytes written:32
04-12 23:01:18.944 V/RILJ    ( 3447): [UNSL]< UNSOL_OEM_HOOK_RAW 514f454d484f4f4bfa0308000100000000 [SUB0]
04-12 23:01:18.944 D/RILJ    ( 3447): Oem ID in RIL_UNSOL_OEM_HOOK_RAW is QOEMHOOK
04-12 23:01:18.944 D/RILJ    ( 3447): OEM ID check Passed
04-12 23:01:18.944 D/RILJ    ( 3447): Response ID in RIL_UNSOL_OEM_HOOK_RAW is 525306
04-12 23:01:18.944 D/RILJ    ( 3447): WWAN, IWLAN coexistence notified to registrants
04-12 23:01:18.950 D/RILC    (  370): RequestComplete, RIL_SOCKET_1
04-12 23:01:18.950 E/RILC    (  370): Send Response to RIL_SOCKET_1
04-12 23:01:18.950 E/RILC    (  370): RIL Response bytes written:4
04-12 23:01:18.950 D/RILJ    ( 3447): [7182]< DATA_REGISTRATION_STATE {1, dff2, 02be380c, 15, null, 20, null, null, null, null, null, 0} [SUB0]
04-12 23:01:18.951 D/GsmSST  ( 3447): isSFROperators result = false
04-12 23:01:18.951 D/PHONE   ( 3447): [ServiceState] setDataRegState=0
04-12 23:01:18.951 D/PHONE   ( 3447): [ServiceState] setDataRadioTechnology=15
04-12 23:01:18.951 D/GsmSST  ( 3447): [GsmSST] LOGRadioInfo : In Service
04-12 23:01:18.951 D/GsmSST  ( 3447): [GsmSST] handlPollStateResultMessage: GsmSST setDataRegState=0 regState=1 dataRadioTechnology=15
04-12 23:01:18.951 E/RILC    (  370): RIL Response bytes written:120
04-12 23:01:18.953 D/RILC    (  370): RequestComplete, RIL_SOCKET_1
04-12 23:01:18.953 E/RILC    (  370): Send Response to RIL_SOCKET_1
04-12 23:01:18.953 E/RILC    (  370): RIL Response bytes written:4
04-12 23:01:18.953 E/RILC    (  370): RIL Response bytes written:72
04-12 23:01:18.954 D/RILJ    ( 3447): [7181]< OPERATOR {Orange, Orange, 26003} [SUB0]
04-12 23:01:18.955 D/RILC    (  370): RequestComplete, RIL_SOCKET_1
04-12 23:01:18.955 E/RILC    (  370): Send Response to RIL_SOCKET_1
04-12 23:01:18.956 E/RILC    (  370): RIL Response bytes written:4
04-12 23:01:18.956 E/RILC    (  370): RIL Response bytes written:20
04-12 23:01:18.957 D/RILJ    ( 3447): [7184]< QUERY_NETWORK_SELECTION_MODE {0} [SUB0]
04-12 23:01:18.960 I/RILC    (  370): RIL_SOCKET_1 UNSOLICITED: RIL_UNSOL_LTE_REJECT_CAUSE length:16
04-12 23:01:18.960 E/RILC    (  370): Send Response to RIL_SOCKET_1
04-12 23:01:18.960 E/RILC    (  370): RIL Response bytes written:4
04-12 23:01:18.960 E/RILC    (  370): RIL Response bytes written:16
04-12 23:01:18.960 D/RILJ    ( 3447): [UNSL]< RIL_UNSOL_LTE_REJECT_CAUSE {15} [SUB0]
04-12 23:01:18.963 I/RILC    (  370): RIL_SOCKET_1 UNSOLICITED: UNSOL_DATA_CALL_LIST_CHANGED length:428
04-12 23:01:18.963 E/RILC    (  370): Send Response to RIL_SOCKET_1
04-12 23:01:18.963 E/RILC    (  370): RIL Response bytes written:4
04-12 23:01:18.963 D/RILJ    ( 3447): responseDataCallList ver=11 num=1 [SUB0]
04-12 23:01:18.963 D/RILJ    ( 3447): getDataCallResponse before ver=11 [SUB0]
04-12 23:01:18.963 D/RILJ    ( 3447): [UNSL]< UNSOL_DATA_CALL_LIST_CHANGED [DataCallResponse: {version=11 status=0 retry=-1 cid=0 active=2 type=IPV6 ifname=rmnet_data0 mtu=1500 addresses=[2a00:0f41:200a:625d:4683:58b3:ef11:3899/64] dnses=[2a01:1700:0003:ffff:0000:0000:0000:9822,2a01:1700:0002:ffff:0000:0000:0000:9f01] gateways=[fe80:0000:0000:0000:dcaa:d923:8cba:621e] pcscf=[]}] [SUB0]
04-12 23:01:18.963 E/RILC    (  370): RIL Response bytes written:428
04-12 23:01:18.964 I/LG-FASTDORMANCY( 3447): [IDLE] Data call list changed.
04-12 23:01:18.964 I/LG-FASTDORMANCY( 3447): [IDLE] [DataCallResponse: {version=11 status=0 retry=-1 cid=0 active=2 type=IPV6 ifname=rmnet_data0 mtu=1500 addresses=[2a00:0f41:200a:625d:4683:58b3:ef11:3899/64] dnses=[2a01:1700:0003:ffff:0000:0000:0000:9822,2a01:1700:0002:ffff:0000:0000:0000:9f01] gateways=[fe80:0000:0000:0000:dcaa:d923:8cba:621e] pcscf=[]}]
04-12 23:01:18.964 I/LG-FASTDORMANCY( 3447): [IDLE] prev:[IDLE] , curr:false
04-12 23:01:18.964 D/QtiGsmDCT( 3447): [0]QtiDcTracker handleMessage msg={ when=0 what=270340 obj=android.os.AsyncResult@a8e0b29 target=com.qti.internal.telephony.dataconnection.QtiDcTracker }
04-12 23:01:18.964 D/QtiGsmDCT( 3447): [0]handleMessage msg={ when=-1ms what=270340 obj=android.os.AsyncResult@a8e0b29 target=com.qti.internal.telephony.dataconnection.QtiDcTracker }
04-12 23:01:18.964 E/DATA    ( 3447): Unidentified event msg={ when=-1ms what=270340 obj=android.os.AsyncResult@a8e0b29 target=com.qti.internal.telephony.dataconnection.QtiDcTracker }
04-12 23:01:18.964 D/QtiGsmDCT( 3447): [0]fetchDunApn: Ignore the dun apn in settings.db
04-12 23:01:18.965 D/LG-FASTDORMANCY( 3447): [IDLE] isUMTS(): RadioTech(10)
04-12 23:01:18.965 D/LG-FASTDORMANCY( 3447): [IDLE] Exit from IDLE State
04-12 23:01:18.965 D/LG-FASTDORMANCY( 3447): [DCH/FACH] FDCount : 0 Enter to DCH or FACH State
04-12 23:01:18.965 D/RILC    (  370): RequestComplete, RIL_SOCKET_1
04-12 23:01:18.966 E/RILC    (  370): Send Response to RIL_SOCKET_1
04-12 23:01:18.966 E/RILC    (  370): RIL Response bytes written:4
04-12 23:01:18.966 E/RILC    (  370): RIL Response bytes written:136
04-12 23:01:18.966 D/RILJ    ( 3447): [7183]< VOICE_REGISTRATION_STATE {1, dff2, 02be380c, 3, null, null, null, 0, null, null, 1, null, null, 0, 126} [SUB0]
04-12 23:01:18.966 I/RILC    (  370): RIL_SOCKET_1 UNSOLICITED: UNSOL_RESPONSE_VOICE_NETWORK_STATE_CHANGED length:8
04-12 23:01:18.966 E/RILC    (  370): Send Response to RIL_SOCKET_1
04-12 23:01:18.966 E/RILC    (  370): RIL Response bytes written:4
04-12 23:01:18.966 D/PHONE   ( 3447): [ServiceState] setVoiceRegState=0
04-12 23:01:18.966 E/RILC    (  370): RIL Response bytes written:8
04-12 23:01:18.966 E/PHONE   ( 3447): [ServiceState] setState deprecated use setVoiceRegState()
04-12 23:01:18.966 D/GsmSST  ( 3447): [GsmSST] LOGRadioInfo : In Service
04-12 23:01:18.967 D/LG-FASTDORMANCY( 3447): [DCH/FACH] FDCount : 0 isUMTS(): RadioTech(10)
04-12 23:01:18.967 I/LG-FASTDORMANCY( 3447): [DCH/FACH] FDCount : 0 Scheduling checkNetStat for 1000msec, current state is [DCH/FACH] FDCount : 0 
04-12 23:01:18.969 D/RILJ    ( 3447): [UNSL]< UNSOL_RESPONSE_VOICE_NETWORK_STATE_CHANGED [SUB0]
04-12 23:01:18.971 D/GsmSST  ( 3447): [GsmSST] Poll ServiceState done:  oldSS=[0 0 voice home data home Orange Orange 26003 Orange Orange 26003  UMTS HSPA CSS not supported -1 -1 RoamInd=-1 DefRoamInd=-1 EmergOnly=false IsDataRoamingFromRegistration=false mIsVoiceSearching=false mIsDataSearching=false mVoiceNetworkName=null mDataNetworkName=null Check64QAM0 Dual carrier0] newSS=[0 0 voice home data home Orange Orange 26003 Orange Orange 26003  UMTS HSPAP CSS not supported -1 -1 RoamInd=-1 DefRoamInd=-1 EmergOnly=false IsDataRoamingFromRegistration=false mIsVoiceSearching=false mIsDataSearching=false mVoiceNetworkName=null mDataNetworkName=null Check64QAM0 Dual carrier0] oldMaxDataCalls=20 mNewMaxDataCalls=20 oldReasonDataDenied=-1 mNewReasonDataDenied=-1
04-12 23:01:18.971 D/PHONE   ( 3447): [ServiceState] setNullState=1
04-12 23:01:18.972 D/TelephonyManager( 3447): setTelephonyProperty: success phoneId=0 property=gsm.network.type value: UMTS propVal=UMTS
04-12 23:01:18.972 D/SIMRecords( 3447): [SIMRecords] getServiceProviderName: no brandOverride
04-12 23:01:18.972 D/SIMRecords( 3447): [SIMRecords] getServiceProviderName: providerName=Orange
04-12 23:01:18.973 D/SIMRecords( 3447): [SIMRecords] getServiceProviderName: no brandOverride
04-12 23:01:18.973 D/SIMRecords( 3447): [SIMRecords] getServiceProviderName: providerName=Orange
04-12 23:01:18.973 D/GSMPhoneEx( 3447): grandblue SpnMvno = Orange operator = 26003 simMcc  = 260 simMnc  = 03
04-12 23:01:18.973 D/GSMPhoneEx( 3447): grandblue after SpnMvno = Orange operator = 26003 simMcc  = 260 simMnc  = 03
04-12 23:01:18.973 D/TelephonyManager( 3447): setTelephonyProperty: success phoneId=0 property=gsm.operator.alpha value: Orange propVal=Orange
04-12 23:01:18.974 D/TelephonyManager( 3447): setTelephonyProperty: success phoneId=0 property=gsm.operator.numeric value: 26003 propVal=26003
04-12 23:01:18.975 D/TelephonyManager( 3447): setTelephonyProperty: success phoneId=0 property=gsm.operator.iso-country value: pl propVal=pl
04-12 23:01:18.975 D/GsmSST  ( 3447): [GsmSST] shouldFixTimeZoneNow: retVal=false iccCardExist=true operatorNumeric=26003 mcc=260 prevOperatorNumeric=26003 prevMcc=260 needToFixTimeZone=false ltod=04-12 23:01:18.975
04-12 23:01:18.976 D/TelephonyManager( 3447): setTelephonyProperty: success phoneId=0 property=gsm.operator.isroaming value: false propVal=false
04-12 23:01:18.976 D/TelephonyManager( 3447): setTelephonyProperty: success phoneId=0 property=ril.cdma.voiceinservice value: true propVal=true
04-12 23:01:18.977 D/GsmSST  ( 3447): [GsmSST] Broadcasting ServiceState : 0 0 voice home data home Orange Orange 26003 Orange Orange 26003  UMTS HSPAP CSS not supported -1 -1 RoamInd=-1 DefRoamInd=-1 EmergOnly=false IsDataRoamingFromRegistration=false mIsVoiceSearching=false mIsDataSearching=false mVoiceNetworkName=null mDataNetworkName=null Check64QAM0 Dual carrier0
04-12 23:01:18.977 D/DefaultPhoneNotifier( 3447): nofityServiceState: mRegistry=com.android.internal.telephony.ITelephonyRegistry$Stub$Proxy@ced2ad0 ss=0 0 voice home data home Orange Orange 26003 Orange Orange 26003  UMTS HSPAP CSS not supported -1 -1 RoamInd=-1 DefRoamInd=-1 EmergOnly=false IsDataRoamingFromRegistration=false mIsVoiceSearching=false mIsDataSearching=false mVoiceNetworkName=null mDataNetworkName=null Check64QAM0 Dual carrier0 sender=Handler (com.qti.internal.telephony.gsm.QtiGSMPhone) {560d91e} phondId=0 subId=2
04-12 23:01:18.989 D/SubscriptionManager( 1891): getSimStateForSubscriber: simState=5 slotIdx=0
04-12 23:01:18.990 D/GsmSST  ( 3447): [GsmSST] notifyDataRegStateRilRadioTechnologyChanged: drs=0 rat=15
04-12 23:01:18.990 D/TelephonyManager( 3447): setTelephonyProperty: success phoneId=0 property=gsm.network.type value: HSPAP propVal=HSPAP
04-12 23:01:18.992 D/QtiGsmDCT( 3447): [0]get all active apn types
04-12 23:01:18.993 D/QtiGsmDCT( 3447): [0]return link properites for default
04-12 23:01:18.997 D/QtiGsmDCT( 3447): [0]getDataEnabled: getIntWithSubId retVal=true
04-12 23:01:19.005 D/QtiGsmDCT( 3447): [0]fetchDunApn: config_tether_apndata dunSetting=null
04-12 23:01:19.005 D/DC-1    ( 3447): isInternetRequested = true
04-12 23:01:19.005 D/Dcc     ( 3447): onDataStateChanged: dcsList=[DataCallResponse: {version=11 status=0 retry=-1 cid=0 active=2 type=IPV6 ifname=rmnet_data0 mtu=1500 addresses=[2a00:0f41:200a:625d:4683:58b3:ef11:3899/64] dnses=[2a01:1700:0003:ffff:0000:0000:0000:9822,2a01:1700:0002:ffff:0000:0000:0000:9f01] gateways=[fe80:0000:0000:0000:dcaa:d923:8cba:621e] pcscf=[]}] mDcListActiveByCid={0={DC-1: State=DcActiveState mApnSetting=[ApnSettingV3] Orange Internet, 695, 26003, internetipv6, , , , , , 1, default | dun | hipri | supl, IPV6, IP, true, 0, 0, 1, false, 0, 0, 0, 0, , , 0, ,  RefCount=1 mCid=0 mCreateTime=-1 mLastastFailTime=-1 mLastFailCause=NONE mTag=4 mRetryManager=RetryManager: { forever=false maxRetry=10 curMaxRetry=0 retry=0 config={default_randomization=2000,5000,10000,20000,40000,80000:5000,160000:5000,320000:5000,640000:5000,1280000:5000,1800000:5000} retryArray={5000:2000 10000:2000 20000:2000 40000:2000 80000:5000 160000:5000 320000:5000 640000:5000 1280000:5000 1800000:5000 }} mLinkProperties={InterfaceName: rmnet_data0 LinkAddresses: [2a00:f41:200a:625d:4683:58b3:ef11:3899/64,]  Routes: [::/0 -> fe80::dcaa:d923:8cba:621e rmnet_data0,] DnsAddresses: [2a01:1700:3:ffff::9822,2a01:1700:2:ffff::9f01,] Domains: null MTU: 1500 TcpBufferSizes: 40778,244668,3461120,16777,140625,3461120} linkCapabilities=[ Transports: CELLULAR Capabilities: SUPL&DUN&INTERNET&NOT_RESTRICTED&TRUSTED&NOT_VPN LinkUpBandwidth>=5898Kbps LinkDnBandwidth>=14336Kbps Specifier: <2>] mApnContexts=[{mApnType=default mState=CONNECTED mWaitingApns={[[ApnSettingV3] Orange Internet, 695, 26003, internetipv6, , , , , , 1, default | dun | hipri | supl, IPV6, IP, true, 0, 0, 1, false, 0, 0, 0, 0, , , 0, , ]} mWaitingApnsPermanentFailureCountDown=1 mApnSetting={[ApnSettingV3] Orange Internet, 695, 26003, internetipv6, , , , , , 1, default | dun | hipri | supl, IPV6, IP, true, 0, 0, 1, false, 0, 0, 0, 0, , , 0, , } mReason=connected mDataEnabled=true mDependencyMet=true}]}}
04-12 23:01:19.005 D/Dcc     ( 3447): onDataStateChanged: dcsToRetry=[]
04-12 23:01:19.005 D/Dcc     ( 3447): onDataStateChanged: Found ConnId=0 newState=DataCallResponse: {version=11 status=0 retry=-1 cid=0 active=2 type=IPV6 ifname=rmnet_data0 mtu=1500 addresses=[2a00:0f41:200a:625d:4683:58b3:ef11:3899/64] dnses=[2a01:1700:0003:ffff:0000:0000:0000:9822,2a01:1700:0002:ffff:0000:0000:0000:9f01] gateways=[fe80:0000:0000:0000:dcaa:d923:8cba:621e] pcscf=[]}
04-12 23:01:19.005 D/DataCallResponse( 3447): addr/pl=2a00:0f41:200a:625d:4683:58b3:ef11:3899/64
04-12 23:01:19.006 D/DC-1    ( 3447): MTU set by call response to: 1500
04-12 23:01:19.006 D/Dcc     ( 3447): onDataStateChanged: no change
04-12 23:01:19.006 D/Dcc     ( 3447): onDataStateChanged: Data Activity updated to NONE. isAnyDataCallActive = true isAnyDataCallDormant = false
04-12 23:01:19.006 D/Dcc     ( 3447): onDataStateChanged: Skip startNetStatPoll
04-12 23:01:19.006 D/Dcc     ( 3447): onDataStateChanged: dcsToRetry=[] apnsToCleanup=[]
04-12 23:01:19.006 D/Dcc     ( 3447): onDataStateChanged: X
04-12 23:01:19.006 D/DC-1    ( 3447): DcActiveState not handled msg.what=EVENT_DATA_CONNECTION_DRS_OR_RAT_CHANGED
04-12 23:01:19.006 D/DC-1    ( 3447): DcDefault msg=EVENT_DATA_CONNECTION_DRS_OR_RAT_CHANGED RefCount=1
04-12 23:01:19.006 D/DC-1    ( 3447): DcDefaultState: EVENT_DATA_CONNECTION_DRS_OR_RAT_CHANGED drs=0 mRilRat=15
04-12 23:01:19.006 D/QtiGsmDCT( 3447): [0]fetchDunApn: Ignore the dun apn in settings.db
04-12 23:01:19.032 D/QtiGsmDCT( 3447): [0]fetchDunApn: config_tether_apndata dunSetting=null
04-12 23:01:19.032 D/DC-1    ( 3447): isInternetRequested = true
04-12 23:01:19.032 D/DC-1    ( 3447): DcActiveState not handled msg.what=REQ_GET_LINK_PROPERTIES
04-12 23:01:19.033 D/DC-1    ( 3447): DcDefault msg=REQ_GET_LINK_PROPERTIES RefCount=1
04-12 23:01:19.033 D/DC-1    ( 3447): REQ_GET_LINK_PROPERTIES linkProperties{InterfaceName: rmnet_data0 LinkAddresses: [2a00:f41:200a:625d:4683:58b3:ef11:3899/64,]  Routes: [::/0 -> fe80::dcaa:d923:8cba:621e rmnet_data0,] DnsAddresses: [2a01:1700:3:ffff::9822,2a01:1700:2:ffff::9f01,] Domains: null MTU: 1500 TcpBufferSizes: 122334,734003,3461120,32040,192239,3461120}
04-12 23:01:19.033 D/QtiGsmDCT( 3447): [0]get active pdp is not null, return NetworkCapabilities for default
04-12 23:01:19.033 D/DC-1    ( 3447): DcActiveState not handled msg.what=REQ_GET_NETWORK_CAPABILITIES
04-12 23:01:19.033 D/DC-1    ( 3447): DcDefault msg=REQ_GET_NETWORK_CAPABILITIES RefCount=1
04-12 23:01:19.034 D/QtiGsmDCT( 3447): [0]fetchDunApn: Ignore the dun apn in settings.db
04-12 23:01:19.060 D/QtiGsmDCT( 3447): [0]fetchDunApn: config_tether_apndata dunSetting=null
04-12 23:01:19.060 D/DC-1    ( 3447): isInternetRequested = true
04-12 23:01:19.060 D/DC-1    ( 3447): REQ_GET_NETWORK_CAPABILITIES networkCapabilities[ Transports: CELLULAR Capabilities: SUPL&DUN&INTERNET&NOT_RESTRICTED&TRUSTED&NOT_VPN LinkUpBandwidth>=11264Kbps LinkDnBandwidth>=43008Kbps Specifier: <2>]
04-12 23:01:19.062 D/QtiGsmDCT( 3447): [0]isDataPossible(default): possible=true isDataAllowed=true apnTypePossible=true apnContextisEnabled=true apnContextState()=CONNECTED
04-12 23:01:19.062 D/QtiGsmDCT( 3447): [0]get active apn string for type:default
04-12 23:01:19.062 D/DCT     ( 3447): [ApnContext:default] getApnSetting: apnSetting=[ApnSettingV3] Orange Internet, 695, 26003, internetipv6, , , , , , 1, default | dun | hipri | supl, IPV6, IP, true, 0, 0, 1, false, 0, 0, 0, 0, , , 0, , 
04-12 23:01:19.065 D/TelephonyRegistry( 1891): Notify data connection state changed on sub: 2
04-12 23:01:19.065 D/TelephonyRegistry( 1891): Notify data connection state changed on sub: 2
04-12 23:01:19.065 D/TelephonyRegistry( 1891): Notify data connection state changed on sub: 2
04-12 23:01:19.065 D/TelephonyRegistry( 1891): Notify data connection state changed on sub: 2
04-12 23:01:19.065 D/TelephonyRegistry( 1891): Notify data connection state changed on sub: 2
04-12 23:01:19.066 D/TelephonyRegistry( 1891): broadcastPreciseDataConnectionStateChanged():state=2, apnType=default, smCause=(0), reason=null
04-12 23:01:19.067 D/RILJ    ( 3447): [7185]> OPERATOR [SUB0]
04-12 23:01:19.068 D/RILJ    ( 3447): [7186]> DATA_REGISTRATION_STATE [SUB0]
04-12 23:01:19.068 D/RILC    (  370): SOCKET RIL_SOCKET_1 REQUEST: OPERATOR length:8
04-12 23:01:19.069 D/RILJ    ( 3447): [7187]> VOICE_REGISTRATION_STATE [SUB0]
04-12 23:01:19.070 D/RILC    (  370): SOCKET RIL_SOCKET_1 REQUEST: DATA_REGISTRATION_STATE length:8
04-12 23:01:19.070 D/RILJ    ( 3447): [7188]> QUERY_NETWORK_SELECTION_MODE [SUB0]
04-12 23:01:19.071 D/RILC    (  370): SOCKET RIL_SOCKET_1 REQUEST: VOICE_REGISTRATION_STATE length:8
04-12 23:01:19.071 D/GsmSST  ( 3447): [GsmSST] getCellLocation(): X good mCellLoc=[57330,46020620,294]
04-12 23:01:19.072 D/RILC    (  370): SOCKET RIL_SOCKET_1 REQUEST: QUERY_NETWORK_SELECTION_MODE length:8
04-12 23:01:19.074 D/QtiGsmDCT( 3447): [0]QtiDcTracker handleMessage msg={ when=-82ms what=270377 obj=android.os.AsyncResult@976eae target=com.qti.internal.telephony.dataconnection.QtiDcTracker }
04-12 23:01:19.074 D/QtiGsmDCT( 3447): [0]handleMessage msg={ when=-82ms what=270377 obj=android.os.AsyncResult@976eae target=com.qti.internal.telephony.dataconnection.QtiDcTracker }
04-12 23:01:19.074 D/QtiGsmDCT( 3447): [0]onUpdateIcc: newIccRecords com.android.internal.telephony.uicc.SIMRecords
04-12 23:01:19.074 V/LG-FASTDORMANCY( 3447): [DCH/FACH] FDCount : 0 intent received :android.intent.action.SERVICE_STATE
04-12 23:01:19.074 E/PHONE   ( 3447): ServiceState.getRadioTechnology() DEPRECATED will be removed *******
04-12 23:01:19.074 I/LG-FASTDORMANCY( 3447): [DCH/FACH] FDCount : 0 Service State is changed : 0 0 voice home data home Orange Orange 26003 Orange Orange 26003  UMTS HSPAP CSS not supported -1 -1 RoamInd=-1 DefRoamInd=-1 EmergOnly=false IsDataRoamingFromRegistration=false mIsVoiceSearching=false mIsDataSearching=false mVoiceNetworkName=null mDataNetworkName=null Check64QAM0 Dual carrier0
04-12 23:01:19.074 I/LG-FASTDORMANCY( 3447): [DCH/FACH] FDCount : 0 radioTech changed!! currenRT = 15 isChange?? true
04-12 23:01:19.076 I/LG-FASTDORMANCY( 3447): [DCH/FACH] FDCount : 0 Radio Tech changed.
04-12 23:01:19.076 D/RILC    (  370): RequestComplete, RIL_SOCKET_1
04-12 23:01:19.076 E/RILC    (  370): Send Response to RIL_SOCKET_1
04-12 23:01:19.076 E/RILC    (  370): RIL Response bytes written:4
04-12 23:01:19.076 E/RILC    (  370): RIL Response bytes written:72
04-12 23:01:19.076 D/RILJ    ( 3447): [7185]< OPERATOR {Orange, Orange, 26003} [SUB0]
04-12 23:01:19.078 D/RILC    (  370): RequestComplete, RIL_SOCKET_1
04-12 23:01:19.078 E/RILC    (  370): Send Response to RIL_SOCKET_1
04-12 23:01:19.078 D/LG-FASTDORMANCY( 3447): [DCH/FACH] FDCount : 0 isUMTS(): RadioTech(15)
04-12 23:01:19.079 D/QtiGsmDCT( 3447): [0]getDataEnabled: getIntWithSubId retVal=true
04-12 23:01:19.079 E/RILC    (  370): RIL Response bytes written:4
04-12 23:01:19.080 E/RILC    (  370): RIL Response bytes written:20
04-12 23:01:19.080 D/RILJ    ( 3447): [7188]< QUERY_NETWORK_SELECTION_MODE {0} [SUB0]
04-12 23:01:19.080 D/RILC    (  370): RequestComplete, RIL_SOCKET_1
04-12 23:01:19.080 E/RILC    (  370): Send Response to RIL_SOCKET_1
04-12 23:01:19.080 E/RILC    (  370): RIL Response bytes written:4
04-12 23:01:19.081 D/RILJ    ( 3447): [7187]< VOICE_REGISTRATION_STATE {1, dff2, 02be380c, 3, null, null, null, 0, null, null, 1, null, null, 0, 126} [SUB0]
04-12 23:01:19.081 E/RILC    (  370): RIL Response bytes written:136
04-12 23:01:19.081 D/QtiGsmDCT( 3447): [0]getDataOnRoamingEnabled: phoneSubId=2 isDataRoamingEnabled=false
04-12 23:01:19.081 D/QtiGsmDCT( 3447): [0]getDataEnabled: getIntWithSubId retVal=true
04-12 23:01:19.082 D/RILC    (  370): RequestComplete, RIL_SOCKET_1
04-12 23:01:19.082 E/RILC    (  370): Send Response to RIL_SOCKET_1
04-12 23:01:19.082 E/RILC    (  370): RIL Response bytes written:4
04-12 23:01:19.083 D/RILJ    ( 3447): [7186]< DATA_REGISTRATION_STATE {1, dff2, 02be380c, 15, null, 20, null, null, null, null, null, 0} [SUB0]
04-12 23:01:19.083 E/RILC    (  370): RIL Response bytes written:120
04-12 23:01:19.084 D/PHONE   ( 3447): [ServiceState] setVoiceRegState=0
04-12 23:01:19.084 E/PHONE   ( 3447): [ServiceState] setState deprecated use setVoiceRegState()
04-12 23:01:19.084 D/GsmSST  ( 3447): [GsmSST] LOGRadioInfo : In Service
04-12 23:01:19.085 D/GsmSST  ( 3447): isSFROperators result = false
04-12 23:01:19.085 D/PHONE   ( 3447): [ServiceState] setDataRegState=0
04-12 23:01:19.085 D/PHONE   ( 3447): [ServiceState] setDataRadioTechnology=15
04-12 23:01:19.085 D/GsmSST  ( 3447): [GsmSST] LOGRadioInfo : In Service
04-12 23:01:19.085 D/GsmSST  ( 3447): [GsmSST] handlPollStateResultMessage: GsmSST setDataRegState=0 regState=1 dataRadioTechnology=15
04-12 23:01:19.087 D/GsmSST  ( 3447): [GsmSST] Poll ServiceState done:  oldSS=[0 0 voice home data home Orange Orange 26003 Orange Orange 26003  UMTS HSPAP CSS not supported -1 -1 RoamInd=-1 DefRoamInd=-1 EmergOnly=false IsDataRoamingFromRegistration=false mIsVoiceSearching=false mIsDataSearching=false mVoiceNetworkName=null mDataNetworkName=null Check64QAM0 Dual carrier0] newSS=[0 0 voice home data home Orange Orange 26003 Orange Orange 26003  UMTS HSPAP CSS not supported -1 -1 RoamInd=-1 DefRoamInd=-1 EmergOnly=false IsDataRoamingFromRegistration=false mIsVoiceSearching=false mIsDataSearching=false mVoiceNetworkName=null mDataNetworkName=null Check64QAM0 Dual carrier0] oldMaxDataCalls=20 mNewMaxDataCalls=20 oldReasonDataDenied=-1 mNewReasonDataDenied=-1
04-12 23:01:19.087 D/PHONE   ( 3447): [ServiceState] setNullState=1
04-12 23:01:19.090 D/RILJ    ( 3447): [7189]> REQUEST_GET_NEIGHBORING_CELL_IDS [SUB0]
04-12 23:01:19.092 D/RILC    (  370): SOCKET RIL_SOCKET_1 REQUEST: GET_NEIGHBORING_CELL_IDS length:8
04-12 23:01:19.092 I/RILQ    (  370): (0/370):RIL[0][main] qcril_qmi_nas_get_neighboring_cell_ids: completed with 0
04-12 23:01:19.095 I/RILQ    (  370): (0/370):RIL[0][qmi_cb] qcril_qmi_nas_get_neighboring_cells_cb: .. qmi error 0, resultqmi  0, qmi transp_err 0, ril res 0
04-12 23:01:19.096 D/RILC    (  370): RequestComplete, RIL_SOCKET_1
04-12 23:01:19.096 E/RILC    (  370): Send Response to RIL_SOCKET_1
04-12 23:01:19.096 E/RILC    (  370): RIL Response bytes written:4
04-12 23:01:19.096 E/RILC    (  370): RIL Response bytes written:156
04-12 23:01:19.096 I/RILQ    (  370): (0/370):RIL[0][qmi_cb] qcril_qmi_nas_get_neighboring_cells_cb: completed with 0 with 5 entries
04-12 23:01:19.100 D/RILJ    ( 3447): [7189]< REQUEST_GET_NEIGHBORING_CELL_IDS {[[]] [[]] [[]] [[]] [[]] } [SUB0]
04-12 23:01:19.104 D/RILJ    ( 3447): [7190]> RIL_REQUEST_GET_CELL_INFO_LIST [SUB0]
04-12 23:01:19.105 D/RILC    (  370): SOCKET RIL_SOCKET_1 REQUEST: GET_CELL_INFO_LIST length:8
04-12 23:01:19.109 D/RILC    (  370): RequestComplete, RIL_SOCKET_1
04-12 23:01:19.109 E/RILC    (  370): Send Response to RIL_SOCKET_1
04-12 23:01:19.109 E/RILC    (  370): RIL Response bytes written:4
04-12 23:01:19.109 D/RILJ    ( 3447): [7190]< RIL_REQUEST_GET_CELL_INFO_LIST [CellInfoWcdma:{mRegistered=YES mTimeStampType=oem_ril mTimeStamp=24213849698505ns CellIdentityWcdma:{ mMcc=260 mMnc=3 mLac=57330 mCid=46020620 mPsc=294} CellSignalStrengthWcdma: ss=0 ber=99}, CellInfoWcdma:{mRegistered=NO mTimeStampType=oem_ril mTimeStamp=24213849698505ns CellIdentityWcdma:{ mMcc=2147483647 mMnc=2147483647 mLac=2147483647 mCid=2147483647 mPsc=472} CellSignalStrengthWcdma: ss=8 ber=99}, CellInfoWcdma:{mRegistered=NO mTimeStampType=oem_ril mTimeStamp=24213849698505ns CellIdentityWcdma:{ mMcc=2147483647 mMnc=2147483647 mLac=2147483647 mCid=2147483647 mPsc=20} CellSignalStrengthWcdma: ss=8 ber=99}, CellInfoWcdma:{mRegistered=NO mTimeStampType=oem_ril mTimeStamp=24213849698505ns CellIdentityWcdma:{ mMcc=2147483647 mMnc=2147483647 mLac=2147483647 mCid=2147483647 mPsc=382} CellSignalStrengthWcdma: ss=8 ber=99}, CellInfoWcdma:{mRegistered=NO mTimeStampType=oem_ril mTimeStamp=24213849698505ns CellIdentityWcdma:{ mMcc=2147483647 mMnc=2147483647 mLac=2147483647 mCid=2147483647 mPsc=62} CellSignalStrengthWcdma: ss=5 ber=99}, CellInfoWcdma:{mRegistered=NO mTimeStampType=oem_ril mTimeStamp=24213849698505ns CellIdentityWcdma:{ mMcc=2147483647 mMnc=2147483647 mLac=2147483647 mCid=2147483647 mPsc=294} CellSignalStrengthWcdma: ss=5 ber=99}] [SUB0]
04-12 23:01:19.110 E/RILC    (  370): RIL Response bytes written:304
04-12 23:01:19.111 D/GsmSST  ( 3447): [GsmSST] SST.getAllCellInfo(): X size=6 list=[CellInfoWcdma:{mRegistered=YES mTimeStampType=oem_ril mTimeStamp=24213849698505ns CellIdentityWcdma:{ mMcc=260 mMnc=3 mLac=57330 mCid=46020620 mPsc=294} CellSignalStrengthWcdma: ss=0 ber=99}, CellInfoWcdma:{mRegistered=NO mTimeStampType=oem_ril mTimeStamp=24213849698505ns CellIdentityWcdma:{ mMcc=2147483647 mMnc=2147483647 mLac=2147483647 mCid=2147483647 mPsc=472} CellSignalStrengthWcdma: ss=8 ber=99}, CellInfoWcdma:{mRegistered=NO mTimeStampType=oem_ril mTimeStamp=24213849698505ns CellIdentityWcdma:{ mMcc=2147483647 mMnc=2147483647 mLac=2147483647 mCid=2147483647 mPsc=20} CellSignalStrengthWcdma: ss=8 ber=99}, CellInfoWcdma:{mRegistered=NO mTimeStampType=oem_ril mTimeStamp=24213849698505ns CellIdentityWcdma:{ mMcc=2147483647 mMnc=2147483647 mLac=2147483647 mCid=2147483647 mPsc=382} CellSignalStrengthWcdma: ss=8 ber=99}, CellInfoWcdma:{mRegistered=NO mTimeStampType=oem_ril mTimeStamp=24213849698505ns CellIdentityWcdma:{ mMcc=2147483647 mMnc=2147483647 mLac=2147483647 mCid=2147483647 mPsc=62} CellSignalStrengthWcdma: ss=5 ber=99}, CellInfoWcdma:{mRegistered=NO mTimeStampType=oem_ril mTimeStamp=24213849698505ns CellIdentityWcdma:{ mMcc=2147483647 mMnc=2147483647 mLac=2147483647 mCid=2147483647 mPsc=294} CellSignalStrengthWcdma: ss=5 ber=99}]
04-12 23:01:19.115 D/GsmSST  ( 3447): [GsmSST] getCellLocation(): X good mCellLoc=[57330,46020620,294]
04-12 23:01:19.452 D/QtiGsmDCT( 3447): [0]updateDataActivity: curTxRxSum={txSum=46235 rxSum=55775} preTxRxSum={txSum=46220 rxSum=55767}
04-12 23:01:19.452 D/QtiGsmDCT( 3447): [0]updateDataActivity: sent=15 received=8
04-12 23:01:19.452 D/QtiGsmDCT( 3447): [0]updateDataActivity: newActivity=DATAINANDOUT
04-12 23:01:19.457 D/QtiGsmDCT( 3447): [0]getDataEnabled: getIntWithSubId retVal=true
04-12 23:01:19.971 V/LG-FASTDORMANCY( 3447): [DCH/FACH] FDCount : 0 intent received :com.android.internal.telephony.ACTION_CHECK_NETSTAT
04-12 23:01:19.976 V/LG-FASTDORMANCY( 3447): [DCH/FACH] FDCount : 0 prev: TxPkts(46219), RxPkts(55767)
04-12 23:01:19.976 V/LG-FASTDORMANCY( 3447): [DCH/FACH] FDCount : 0 curr: TxPkts(46276), RxPkts(55812)
04-12 23:01:19.977 I/LG-FASTDORMANCY( 3447): [DCH/FACH] FDCount : 0 Scheduling checkNetStat for 1000msec, current state is [DCH/FACH] FDCount : 0 
04-12 23:01:20.457 D/QtiGsmDCT( 3447): [0]updateDataActivity: curTxRxSum={txSum=46284 rxSum=55822} preTxRxSum={txSum=46235 rxSum=55775}
04-12 23:01:20.457 D/QtiGsmDCT( 3447): [0]updateDataActivity: sent=49 received=47
04-12 23:01:20.986 V/LG-FASTDORMANCY( 3447): [DCH/FACH] FDCount : 0 intent received :com.android.internal.telephony.ACTION_CHECK_NETSTAT
04-12 23:01:20.992 V/LG-FASTDORMANCY( 3447): [DCH/FACH] FDCount : 0 prev: TxPkts(46276), RxPkts(55812)
04-12 23:01:20.992 V/LG-FASTDORMANCY( 3447): [DCH/FACH] FDCount : 0 curr: TxPkts(46313), RxPkts(55843)
04-12 23:01:20.992 I/LG-FASTDORMANCY( 3447): [DCH/FACH] FDCount : 0 Scheduling checkNetStat for 1000msec, current state is [DCH/FACH] FDCount : 0 
04-12 23:01:21.462 D/QtiGsmDCT( 3447): [0]updateDataActivity: curTxRxSum={txSum=46321 rxSum=55855} preTxRxSum={txSum=46284 rxSum=55822}
04-12 23:01:21.462 D/QtiGsmDCT( 3447): [0]updateDataActivity: sent=37 received=33
04-12 23:01:21.996 V/LG-FASTDORMANCY( 3447): [DCH/FACH] FDCount : 0 intent received :com.android.internal.telephony.ACTION_CHECK_NETSTAT
04-12 23:01:22.000 V/LG-FASTDORMANCY( 3447): [DCH/FACH] FDCount : 0 prev: TxPkts(46313), RxPkts(55843)
04-12 23:01:22.000 V/LG-FASTDORMANCY( 3447): [DCH/FACH] FDCount : 0 curr: TxPkts(46333), RxPkts(55881)
04-12 23:01:22.000 I/LG-FASTDORMANCY( 3447): [DCH/FACH] FDCount : 0 Scheduling checkNetStat for 1000msec, current state is [DCH/FACH] FDCount : 0 
04-12 23:01:22.465 D/QtiGsmDCT( 3447): [0]updateDataActivity: curTxRxSum={txSum=46363 rxSum=55895} preTxRxSum={txSum=46321 rxSum=55855}
04-12 23:01:22.465 D/QtiGsmDCT( 3447): [0]updateDataActivity: sent=42 received=40
04-12 23:01:23.003 V/LG-FASTDORMANCY( 3447): [DCH/FACH] FDCount : 0 intent received :com.android.internal.telephony.ACTION_CHECK_NETSTAT
04-12 23:01:23.007 V/LG-FASTDORMANCY( 3447): [DCH/FACH] FDCount : 0 prev: TxPkts(46333), RxPkts(55881)
04-12 23:01:23.007 V/LG-FASTDORMANCY( 3447): [DCH/FACH] FDCount : 0 curr: TxPkts(46393), RxPkts(55927)
04-12 23:01:23.008 I/LG-FASTDORMANCY( 3447): [DCH/FACH] FDCount : 0 Scheduling checkNetStat for 1000msec, current state is [DCH/FACH] FDCount : 0 
04-12 23:01:23.088 I/RILC    (  370): RIL_SOCKET_1 UNSOLICITED: UNSOL_SIGNAL_STRENGTH length:68
04-12 23:01:23.088 E/RILC    (  370): Send Response to RIL_SOCKET_1
04-12 23:01:23.088 E/RILC    (  370): RIL Response bytes written:4
04-12 23:01:23.088 E/RILC    (  370): RIL Response bytes written:68
04-12 23:01:23.089 D/GsmSST  ( 3447): [GsmSST] ServiceStateTrackerEx:onSignalStrengthResult() isGsm=true DataRadioTech=15
04-12 23:01:23.089 W/LGSignalStrength( 3447): setDataRadioTechnology: dataRadioTechnology = 15
04-12 23:01:23.089 D/DefaultPhoneNotifier( 3447): notifySignalStrength: mRegistry=com.android.internal.telephony.ITelephonyRegistry$Stub$Proxy@ced2ad0 ss=SignalStrength: 8 0 -98 -75 -120 -1 -1 99 2147483647 2147483647 2147483647 2147483647 2147483647 gsm|lte 15 0 -98 -75 sender=Handler (com.qti.internal.telephony.gsm.QtiGSMPhone) {560d91e}
04-12 23:01:23.100 D/QtiGsmDCT( 3447): [0]getDataEnabled: getIntWithSubId retVal=true
04-12 23:01:23.470 D/QtiGsmDCT( 3447): [0]updateDataActivity: curTxRxSum={txSum=46403 rxSum=55945} preTxRxSum={txSum=46363 rxSum=55895}
04-12 23:01:23.470 D/QtiGsmDCT( 3447): [0]updateDataActivity: sent=40 received=50
04-12 23:01:24.011 V/LG-FASTDORMANCY( 3447): [DCH/FACH] FDCount : 0 intent received :com.android.internal.telephony.ACTION_CHECK_NETSTAT
04-12 23:01:24.016 V/LG-FASTDORMANCY( 3447): [DCH/FACH] FDCount : 0 prev: TxPkts(46393), RxPkts(55927)
04-12 23:01:24.016 V/LG-FASTDORMANCY( 3447): [DCH/FACH] FDCount : 0 curr: TxPkts(46405), RxPkts(55949)
04-12 23:01:24.017 I/LG-FASTDORMANCY( 3447): [DCH/FACH] FDCount : 0 Scheduling checkNetStat for 1000msec, current state is [DCH/FACH] FDCount : 0 
04-12 23:01:24.475 D/QtiGsmDCT( 3447): [0]updateDataActivity: curTxRxSum={txSum=46405 rxSum=55951} preTxRxSum={txSum=46403 rxSum=55945}
04-12 23:01:24.475 D/QtiGsmDCT( 3447): [0]updateDataActivity: sent=2 received=6
04-12 23:01:25.021 V/LG-FASTDORMANCY( 3447): [DCH/FACH] FDCount : 0 intent received :com.android.internal.telephony.ACTION_CHECK_NETSTAT
04-12 23:01:25.026 V/LG-FASTDORMANCY( 3447): [DCH/FACH] FDCount : 0 prev: TxPkts(46405), RxPkts(55949)
04-12 23:01:25.026 V/LG-FASTDORMANCY( 3447): [DCH/FACH] FDCount : 0 curr: TxPkts(46405), RxPkts(55951)
04-12 23:01:25.026 I/LG-FASTDORMANCY( 3447): [DCH/FACH] FDCount : 0 Scheduling checkNetStat for 1000msec, current state is [DCH/FACH] FDCount : 0 
04-12 23:01:25.480 D/QtiGsmDCT( 3447): [0]updateDataActivity: curTxRxSum={txSum=46405 rxSum=55951} preTxRxSum={txSum=46405 rxSum=55951}
04-12 23:01:25.480 D/QtiGsmDCT( 3447): [0]updateDataActivity: sent=0 received=0
04-12 23:01:25.480 D/QtiGsmDCT( 3447): [0]updateDataActivity: newActivity=NONE
04-12 23:01:25.486 D/QtiGsmDCT( 3447): [0]getDataEnabled: getIntWithSubId retVal=true
04-12 23:01:26.032 V/LG-FASTDORMANCY( 3447): [DCH/FACH] FDCount : 0 intent received :com.android.internal.telephony.ACTION_CHECK_NETSTAT
04-12 23:01:26.036 V/LG-FASTDORMANCY( 3447): [DCH/FACH] FDCount : 0 prev: TxPkts(46405), RxPkts(55951)
04-12 23:01:26.036 V/LG-FASTDORMANCY( 3447): [DCH/FACH] FDCount : 0 curr: TxPkts(46405), RxPkts(55951)
04-12 23:01:26.037 I/LG-FASTDORMANCY( 3447): [DCH/FACH] FDCount : 1 Scheduling checkNetStat for 1000msec, current state is [DCH/FACH] FDCount : 1 
04-12 23:01:26.493 D/QtiGsmDCT( 3447): [0]updateDataActivity: curTxRxSum={txSum=46443 rxSum=55991} preTxRxSum={txSum=46405 rxSum=55951}
04-12 23:01:26.493 D/QtiGsmDCT( 3447): [0]updateDataActivity: sent=38 received=40
04-12 23:01:26.494 D/QtiGsmDCT( 3447): [0]updateDataActivity: newActivity=DATAINANDOUT
04-12 23:01:26.510 D/QtiGsmDCT( 3447): [0]getDataEnabled: getIntWithSubId retVal=true
04-12 23:01:27.042 V/LG-FASTDORMANCY( 3447): [DCH/FACH] FDCount : 1 intent received :com.android.internal.telephony.ACTION_CHECK_NETSTAT
04-12 23:01:27.046 V/LG-FASTDORMANCY( 3447): [DCH/FACH] FDCount : 1 prev: TxPkts(46405), RxPkts(55951)
04-12 23:01:27.046 V/LG-FASTDORMANCY( 3447): [DCH/FACH] FDCount : 1 curr: TxPkts(46463), RxPkts(56007)
04-12 23:01:27.047 I/LG-FASTDORMANCY( 3447): [DCH/FACH] FDCount : 0 Scheduling checkNetStat for 1000msec, current state is [DCH/FACH] FDCount : 0 
04-12 23:01:27.502 D/QtiGsmDCT( 3447): [0]updateDataActivity: curTxRxSum={txSum=46463 rxSum=56007} preTxRxSum={txSum=46443 rxSum=55991}
04-12 23:01:27.502 D/QtiGsmDCT( 3447): [0]updateDataActivity: sent=20 received=16
04-12 23:01:28.053 V/LG-FASTDORMANCY( 3447): [DCH/FACH] FDCount : 0 intent received :com.android.internal.telephony.ACTION_CHECK_NETSTAT
04-12 23:01:28.060 V/LG-FASTDORMANCY( 3447): [DCH/FACH] FDCount : 0 prev: TxPkts(46463), RxPkts(56007)
04-12 23:01:28.061 V/LG-FASTDORMANCY( 3447): [DCH/FACH] FDCount : 0 curr: TxPkts(46463), RxPkts(56007)
04-12 23:01:28.061 I/LG-FASTDORMANCY( 3447): [DCH/FACH] FDCount : 1 Scheduling checkNetStat for 1000msec, current state is [DCH/FACH] FDCount : 1 
04-12 23:01:28.505 D/QtiGsmDCT( 3447): [0]updateDataActivity: curTxRxSum={txSum=46463 rxSum=56007} preTxRxSum={txSum=46463 rxSum=56007}
04-12 23:01:28.505 D/QtiGsmDCT( 3447): [0]updateDataActivity: sent=0 received=0
04-12 23:01:28.505 D/QtiGsmDCT( 3447): [0]updateDataActivity: newActivity=NONE
04-12 23:01:28.511 D/QtiGsmDCT( 3447): [0]getDataEnabled: getIntWithSubId retVal=true
04-12 23:01:29.065 V/LG-FASTDORMANCY( 3447): [DCH/FACH] FDCount : 1 intent received :com.android.internal.telephony.ACTION_CHECK_NETSTAT
04-12 23:01:29.070 V/LG-FASTDORMANCY( 3447): [DCH/FACH] FDCount : 1 prev: TxPkts(46463), RxPkts(56007)
04-12 23:01:29.070 V/LG-FASTDORMANCY( 3447): [DCH/FACH] FDCount : 1 curr: TxPkts(46463), RxPkts(56007)
04-12 23:01:29.071 I/LG-FASTDORMANCY( 3447): [DCH/FACH] FDCount : 2 Scheduling checkNetStat for 1000msec, current state is [DCH/FACH] FDCount : 2 
04-12 23:01:29.511 D/QtiGsmDCT( 3447): [0]updateDataActivity: curTxRxSum={txSum=46463 rxSum=56007} preTxRxSum={txSum=46463 rxSum=56007}
04-12 23:01:29.511 D/QtiGsmDCT( 3447): [0]updateDataActivity: sent=0 received=0
04-12 23:01:30.016 I/RILC    (  370): RIL_SOCKET_1 UNSOLICITED: RIL_UNSOL_LTE_REJECT_CAUSE length:16
04-12 23:01:30.016 E/RILC    (  370): Send Response to RIL_SOCKET_1
04-12 23:01:30.016 E/RILC    (  370): RIL Response bytes written:4
04-12 23:01:30.016 D/RILJ    ( 3447): [UNSL]< RIL_UNSOL_LTE_REJECT_CAUSE {15} [SUB0]
04-12 23:01:30.016 E/RILC    (  370): RIL Response bytes written:16
04-12 23:01:30.019 I/RILC    (  370): RIL_SOCKET_1 UNSOLICITED: UNSOL_OEM_HOOK_RAW length:32
04-12 23:01:30.019 E/RILC    (  370): Send Response to RIL_SOCKET_1
04-12 23:01:30.019 E/RILC    (  370): RIL Response bytes written:4
04-12 23:01:30.020 V/RILJ    ( 3447): [UNSL]< UNSOL_OEM_HOOK_RAW 514f454d484f4f4bef0308000100000002 [SUB0]
04-12 23:01:30.020 D/RILJ    ( 3447): Oem ID in RIL_UNSOL_OEM_HOOK_RAW is QOEMHOOK
04-12 23:01:30.020 D/RILJ    ( 3447): OEM ID check Passed
04-12 23:01:30.020 D/RILJ    ( 3447): Response ID in RIL_UNSOL_OEM_HOOK_RAW is 525295
04-12 23:01:30.020 D/RILJ    ( 3447): Response ID 525295 is not served in this process.
04-12 23:01:30.020 E/RILC    (  370): RIL Response bytes written:32
04-12 23:01:30.022 I/RILC    (  370): RIL_SOCKET_1 UNSOLICITED: UNSOL_RESPONSE_VOICE_NETWORK_STATE_CHANGED length:8
04-12 23:01:30.022 E/RILC    (  370): Send Response to RIL_SOCKET_1
04-12 23:01:30.023 E/RILC    (  370): RIL Response bytes written:4
04-12 23:01:30.023 D/RILJ    ( 3447): [UNSL]< UNSOL_RESPONSE_VOICE_NETWORK_STATE_CHANGED [SUB0]
04-12 23:01:30.023 D/RILJ    ( 3447): [7191]> OPERATOR [SUB0]
04-12 23:01:30.024 D/RILJ    ( 3447): [7192]> DATA_REGISTRATION_STATE [SUB0]
04-12 23:01:30.025 D/RILC    (  370): SOCKET RIL_SOCKET_1 REQUEST: OPERATOR length:8
04-12 23:01:30.026 E/RILC    (  370): RIL Response bytes written:8
04-12 23:01:30.027 D/RILJ    ( 3447): [7193]> VOICE_REGISTRATION_STATE [SUB0]
04-12 23:01:30.027 D/RILC    (  370): SOCKET RIL_SOCKET_1 REQUEST: DATA_REGISTRATION_STATE length:8
04-12 23:01:30.028 D/RILJ    ( 3447): [7194]> QUERY_NETWORK_SELECTION_MODE [SUB0]
04-12 23:01:30.030 D/RILC    (  370): SOCKET RIL_SOCKET_1 REQUEST: VOICE_REGISTRATION_STATE length:8
04-12 23:01:30.031 D/RILC    (  370): SOCKET RIL_SOCKET_1 REQUEST: QUERY_NETWORK_SELECTION_MODE length:8
04-12 23:01:30.038 D/RILC    (  370): RequestComplete, RIL_SOCKET_1
04-12 23:01:30.038 E/RILC    (  370): Send Response to RIL_SOCKET_1
04-12 23:01:30.039 E/RILC    (  370): RIL Response bytes written:4
04-12 23:01:30.039 E/RILC    (  370): RIL Response bytes written:72
04-12 23:01:30.039 D/RILJ    ( 3447): [7191]< OPERATOR {Orange, Orange, 26003} [SUB0]
04-12 23:01:30.044 D/RILC    (  370): RequestComplete, RIL_SOCKET_1
04-12 23:01:30.044 E/RILC    (  370): Send Response to RIL_SOCKET_1
04-12 23:01:30.044 E/RILC    (  370): RIL Response bytes written:4
04-12 23:01:30.044 D/RILJ    ( 3447): [7194]< QUERY_NETWORK_SELECTION_MODE {0} [SUB0]
04-12 23:01:30.044 E/RILC    (  370): RIL Response bytes written:20
04-12 23:01:30.046 D/RILC    (  370): RequestComplete, RIL_SOCKET_1
04-12 23:01:30.046 E/RILC    (  370): Send Response to RIL_SOCKET_1
04-12 23:01:30.046 E/RILC    (  370): RIL Response bytes written:4
04-12 23:01:30.046 E/RILC    (  370): RIL Response bytes written:120
04-12 23:01:30.047 D/RILJ    ( 3447): [7192]< DATA_REGISTRATION_STATE {1, dff2, 02bec830, 15, null, 20, null, null, null, null, null, 0} [SUB0]
04-12 23:01:30.047 D/GsmSST  ( 3447): isSFROperators result = false
04-12 23:01:30.047 D/PHONE   ( 3447): [ServiceState] setDataRegState=0
04-12 23:01:30.047 D/PHONE   ( 3447): [ServiceState] setDataRadioTechnology=15
04-12 23:01:30.047 D/GsmSST  ( 3447): [GsmSST] LOGRadioInfo : In Service
04-12 23:01:30.047 D/GsmSST  ( 3447): [GsmSST] handlPollStateResultMessage: GsmSST setDataRegState=0 regState=1 dataRadioTechnology=15
04-12 23:01:30.048 D/RILC    (  370): RequestComplete, RIL_SOCKET_1
04-12 23:01:30.048 E/RILC    (  370): Send Response to RIL_SOCKET_1
04-12 23:01:30.048 E/RILC    (  370): RIL Response bytes written:4
04-12 23:01:30.048 D/RILJ    ( 3447): [7193]< VOICE_REGISTRATION_STATE {1, dff2, 02bec830, 3, null, null, null, 0, null, null, 1, null, null, 0, 1d8} [SUB0]
04-12 23:01:30.049 D/PHONE   ( 3447): [ServiceState] setVoiceRegState=0
04-12 23:01:30.049 E/PHONE   ( 3447): [ServiceState] setState deprecated use setVoiceRegState()
04-12 23:01:30.049 D/GsmSST  ( 3447): [GsmSST] LOGRadioInfo : In Service
04-12 23:01:30.050 E/RILC    (  370): RIL Response bytes written:136
04-12 23:01:30.052 D/GsmSST  ( 3447): [GsmSST] Poll ServiceState done:  oldSS=[0 0 voice home data home Orange Orange 26003 Orange Orange 26003  UMTS HSPAP CSS not supported -1 -1 RoamInd=-1 DefRoamInd=-1 EmergOnly=false IsDataRoamingFromRegistration=false mIsVoiceSearching=false mIsDataSearching=false mVoiceNetworkName=null mDataNetworkName=null Check64QAM0 Dual carrier0] newSS=[0 0 voice home data home Orange Orange 26003 Orange Orange 26003  UMTS HSPAP CSS not supported -1 -1 RoamInd=-1 DefRoamInd=-1 EmergOnly=false IsDataRoamingFromRegistration=false mIsVoiceSearching=false mIsDataSearching=false mVoiceNetworkName=null mDataNetworkName=null Check64QAM0 Dual carrier0] oldMaxDataCalls=20 mNewMaxDataCalls=20 oldReasonDataDenied=-1 mNewReasonDataDenied=-1
04-12 23:01:30.052 D/PHONE   ( 3447): [ServiceState] setNullState=1
04-12 23:01:30.052 D/GsmSST  ( 3447): [GsmSST] getCellLocation(): X good mCellLoc=[57330,46057520,472]
04-12 23:01:30.052 D/TelephonyRegistry( 1891): notifyCellLocationForSubscriber: subId=2 cellLocation=Bundle[mParcelledData.dataSize=64]
04-12 23:01:30.074 V/LG-FASTDORMANCY( 3447): [DCH/FACH] FDCount : 2 intent received :com.android.internal.telephony.ACTION_CHECK_NETSTAT
04-12 23:01:30.078 V/LG-FASTDORMANCY( 3447): [DCH/FACH] FDCount : 2 prev: TxPkts(46463), RxPkts(56007)
04-12 23:01:30.078 V/LG-FASTDORMANCY( 3447): [DCH/FACH] FDCount : 2 curr: TxPkts(46463), RxPkts(56007)
04-12 23:01:30.079 I/LG-FASTDORMANCY( 3447): [DCH/FACH] FDCount : 3 Scheduling checkNetStat for 1000msec, current state is [DCH/FACH] FDCount : 3 
04-12 23:01:30.079 D/GsmSST  ( 3447): [GsmSST] getCellLocation(): X good mCellLoc=[57330,46057520,472]
04-12 23:01:30.093 D/RILJ    ( 3447): [7195]> REQUEST_GET_NEIGHBORING_CELL_IDS [SUB0]
04-12 23:01:30.094 D/RILC    (  370): SOCKET RIL_SOCKET_1 REQUEST: GET_NEIGHBORING_CELL_IDS length:8
04-12 23:01:30.095 I/RILQ    (  370): (0/370):RIL[0][main] qcril_qmi_nas_get_neighboring_cell_ids: completed with 0
04-12 23:01:30.097 I/RILQ    (  370): (0/370):RIL[0][qmi_cb] qcril_qmi_nas_get_neighboring_cells_cb: .. qmi error 0, resultqmi  0, qmi transp_err 0, ril res 0
04-12 23:01:30.099 D/RILC    (  370): RequestComplete, RIL_SOCKET_1
04-12 23:01:30.099 E/RILC    (  370): Send Response to RIL_SOCKET_1
04-12 23:01:30.099 E/RILC    (  370): RIL Response bytes written:4
04-12 23:01:30.099 E/RILC    (  370): RIL Response bytes written:128
04-12 23:01:30.100 I/RILQ    (  370): (0/370):RIL[0][qmi_cb] qcril_qmi_nas_get_neighboring_cells_cb: completed with 0 with 4 entries
04-12 23:01:30.102 D/RILJ    ( 3447): [7195]< REQUEST_GET_NEIGHBORING_CELL_IDS {[[]] [[]] [[]] [[]] } [SUB0]
04-12 23:01:30.107 D/RILJ    ( 3447): [7196]> RIL_REQUEST_GET_CELL_INFO_LIST [SUB0]
04-12 23:01:30.108 D/RILC    (  370): SOCKET RIL_SOCKET_1 REQUEST: GET_CELL_INFO_LIST length:8
04-12 23:01:30.112 D/RILC    (  370): RequestComplete, RIL_SOCKET_1
04-12 23:01:30.112 E/RILC    (  370): Send Response to RIL_SOCKET_1
04-12 23:01:30.113 E/RILC    (  370): RIL Response bytes written:4
04-12 23:01:30.113 D/RILJ    ( 3447): [7196]< RIL_REQUEST_GET_CELL_INFO_LIST [CellInfoWcdma:{mRegistered=YES mTimeStampType=oem_ril mTimeStamp=24224853448761ns CellIdentityWcdma:{ mMcc=260 mMnc=3 mLac=57330 mCid=46057520 mPsc=294} CellSignalStrengthWcdma: ss=11 ber=99}, CellInfoWcdma:{mRegistered=NO mTimeStampType=oem_ril mTimeStamp=24224853448761ns CellIdentityWcdma:{ mMcc=2147483647 mMnc=2147483647 mLac=2147483647 mCid=2147483647 mPsc=62} CellSignalStrengthWcdma: ss=11 ber=99}, CellInfoWcdma:{mRegistered=NO mTimeStampType=oem_ril mTimeStamp=24224853448761ns CellIdentityWcdma:{ mMcc=2147483647 mMnc=2147483647 mLac=2147483647 mCid=2147483647 mPsc=296} CellSignalStrengthWcdma: ss=9 ber=99}, CellInfoWcdma:{mRegistered=NO mTimeStampType=oem_ril mTimeStamp=24224853448761ns CellIdentityWcdma:{ mMcc=2147483647 mMnc=2147483647 mLac=2147483647 mCid=2147483647 mPsc=382} CellSignalStrengthWcdma: ss=9 ber=99}, CellInfoWcdma:{mRegistered=NO mTimeStampType=oem_ril mTimeStamp=24224853448761ns CellIdentityWcdma:{ mMcc=2147483647 mMnc=2147483647 mLac=2147483647 mCid=2147483647 mPsc=20} CellSignalStrengthWcdma: ss=0 ber=99}] [SUB0]
04-12 23:01:30.115 E/RILC    (  370): RIL Response bytes written:256
04-12 23:01:30.117 D/GsmSST  ( 3447): [GsmSST] SST.getAllCellInfo(): X size=5 list=[CellInfoWcdma:{mRegistered=YES mTimeStampType=oem_ril mTimeStamp=24224853448761ns CellIdentityWcdma:{ mMcc=260 mMnc=3 mLac=57330 mCid=46057520 mPsc=294} CellSignalStrengthWcdma: ss=11 ber=99}, CellInfoWcdma:{mRegistered=NO mTimeStampType=oem_ril mTimeStamp=24224853448761ns CellIdentityWcdma:{ mMcc=2147483647 mMnc=2147483647 mLac=2147483647 mCid=2147483647 mPsc=62} CellSignalStrengthWcdma: ss=11 ber=99}, CellInfoWcdma:{mRegistered=NO mTimeStampType=oem_ril mTimeStamp=24224853448761ns CellIdentityWcdma:{ mMcc=2147483647 mMnc=2147483647 mLac=2147483647 mCid=2147483647 mPsc=296} CellSignalStrengthWcdma: ss=9 ber=99}, CellInfoWcdma:{mRegistered=NO mTimeStampType=oem_ril mTimeStamp=24224853448761ns CellIdentityWcdma:{ mMcc=2147483647 mMnc=2147483647 mLac=2147483647 mCid=2147483647 mPsc=382} CellSignalStrengthWcdma: ss=9 ber=99}, CellInfoWcdma:{mRegistered=NO mTimeStampType=oem_ril mTimeStamp=24224853448761ns CellIdentityWcdma:{ mMcc=2147483647 mMnc=2147483647 mLac=2147483647 mCid=2147483647 mPsc=20} CellSignalStrengthWcdma: ss=0 ber=99}]
04-12 23:01:30.120 D/GsmSST  ( 3447): [GsmSST] getCellLocation(): X good mCellLoc=[57330,46057520,472]
04-12 23:01:30.516 D/QtiGsmDCT( 3447): [0]updateDataActivity: curTxRxSum={txSum=46463 rxSum=56007} preTxRxSum={txSum=46463 rxSum=56007}
04-12 23:01:30.516 D/QtiGsmDCT( 3447): [0]updateDataActivity: sent=0 received=0
04-12 23:01:31.084 V/LG-FASTDORMANCY( 3447): [DCH/FACH] FDCount : 3 intent received :com.android.internal.telephony.ACTION_CHECK_NETSTAT
04-12 23:01:31.088 V/LG-FASTDORMANCY( 3447): [DCH/FACH] FDCount : 3 prev: TxPkts(46463), RxPkts(56007)
04-12 23:01:31.088 V/LG-FASTDORMANCY( 3447): [DCH/FACH] FDCount : 3 curr: TxPkts(46463), RxPkts(56007)
04-12 23:01:31.089 I/LG-FASTDORMANCY( 3447): [DCH/FACH] FDCount : 4 Scheduling checkNetStat for 1000msec, current state is [DCH/FACH] FDCount : 4 
04-12 23:01:31.521 D/QtiGsmDCT( 3447): [0]updateDataActivity: curTxRxSum={txSum=46463 rxSum=56007} preTxRxSum={txSum=46463 rxSum=56007}
04-12 23:01:31.521 D/QtiGsmDCT( 3447): [0]updateDataActivity: sent=0 received=0
04-12 23:01:32.090 I/RILC    (  370): RIL_SOCKET_1 UNSOLICITED: UNSOL_SIGNAL_STRENGTH length:68
04-12 23:01:32.090 E/RILC    (  370): Send Response to RIL_SOCKET_1
04-12 23:01:32.090 E/RILC    (  370): RIL Response bytes written:4
04-12 23:01:32.090 E/RILC    (  370): RIL Response bytes written:68
04-12 23:01:32.093 D/GsmSST  ( 3447): [GsmSST] ServiceStateTrackerEx:onSignalStrengthResult() isGsm=true DataRadioTech=15
04-12 23:01:32.093 W/LGSignalStrength( 3447): setDataRadioTechnology: dataRadioTechnology = 15
04-12 23:01:32.093 D/DefaultPhoneNotifier( 3447): notifySignalStrength: mRegistry=com.android.internal.telephony.ITelephonyRegistry$Stub$Proxy@ced2ad0 ss=SignalStrength: 10 0 -93 -65 -120 -1 -1 99 2147483647 2147483647 2147483647 2147483647 2147483647 gsm|lte 15 0 -93 -65 sender=Handler (com.qti.internal.telephony.gsm.QtiGSMPhone) {560d91e}
04-12 23:01:32.098 V/LG-FASTDORMANCY( 3447): [DCH/FACH] FDCount : 4 intent received :com.android.internal.telephony.ACTION_CHECK_NETSTAT
04-12 23:01:32.112 V/LG-FASTDORMANCY( 3447): [DCH/FACH] FDCount : 4 prev: TxPkts(46463), RxPkts(56007)
