04-12 22:49:32.105 E/RILQ    (  370): (0/370): RIL[0][oem_socket0] qcril_data_process_qcrilhook_go_dormant: invalid dev_instance [-1] derived for index [11]
04-12 22:49:32.106 E/RILQ    (  370): (0/370): RIL[0][oem_socket0] qcril_data_process_qcrilhook_go_dormant: invalid dev_instance [-1] derived for index [12]
04-12 22:49:32.106 E/RILQ    (  370): (0/370): RIL[0][oem_socket0] qcril_data_process_qcrilhook_go_dormant: invalid dev_instance [-1] derived for index [13]
04-12 22:49:32.106 E/RILQ    (  370): (0/370): RIL[0][oem_socket0] qcril_data_process_qcrilhook_go_dormant: invalid dev_instance [-1] derived for index [14]
04-12 22:49:32.106 E/RILQ    (  370): (0/370): RIL[0][oem_socket0] qcril_data_process_qcrilhook_go_dormant: invalid dev_instance [-1] derived for index [15]
04-12 22:49:32.106 E/RILQ    (  370): (0/370): RIL[0][oem_socket0] qcril_data_process_qcrilhook_go_dormant: invalid dev_instance [-1] derived for index [16]
04-12 22:49:32.106 E/RILQ    (  370): (0/370): RIL[0][oem_socket0] qcril_data_process_qcrilhook_go_dormant: invalid dev_instance [-1] derived for index [17]
04-12 22:49:32.106 E/RILQ    (  370): (0/370): RIL[0][oem_socket0] qcril_data_process_qcrilhook_go_dormant: invalid dev_instance [-1] derived for index [18]
04-12 22:49:32.106 E/RILQ    (  370): (0/370): RIL[0][oem_socket0] qcril_data_process_qcrilhook_go_dormant: invalid dev_instance [-1] derived for index [19]
04-12 22:49:32.110 V/LG-FASTDORMANCY( 3447): [DCH/FACH] FDCount : 0 increaseCount(): mRetryCount: 1
04-12 22:49:32.110 I/LG-FASTDORMANCY( 3447): [DCH/FACH] FDCount : 0 Scheduling checkNetStat for 1000msec, current state is [DCH/FACH] FDCount : 0
04-12 22:49:32.256 I/RILC    (  370): RIL_SOCKET_1 UNSOLICITED: RIL_UNSOL_LTE_REJECT_CAUSE length:16
04-12 22:49:32.256 E/RILC    (  370): Send Response to RIL_SOCKET_1
04-12 22:49:32.256 E/RILC    (  370): RIL Response bytes written:4
04-12 22:49:32.256 E/RILC    (  370): RIL Response bytes written:16
04-12 22:49:32.257 D/RILJ    ( 3447): [UNSL]< RIL_UNSOL_LTE_REJECT_CAUSE {15} [SUB0]
04-12 22:49:32.258 I/RILC    (  370): RIL_SOCKET_1 UNSOLICITED: UNSOL_OEM_HOOK_RAW length:32
04-12 22:49:32.259 E/RILC    (  370): Send Response to RIL_SOCKET_1
04-12 22:49:32.259 E/RILC    (  370): RIL Response bytes written:4
04-12 22:49:32.259 V/RILJ    ( 3447): [UNSL]< UNSOL_OEM_HOOK_RAW 514f454d484f4f4bef0308000100000002 [SUB0]
04-12 22:49:32.259 D/RILJ    ( 3447): Oem ID in RIL_UNSOL_OEM_HOOK_RAW is QOEMHOOK
04-12 22:49:32.259 D/RILJ    ( 3447): OEM ID check Passed
04-12 22:49:32.259 D/RILJ    ( 3447): Response ID in RIL_UNSOL_OEM_HOOK_RAW is 525295
04-12 22:49:32.259 D/RILJ    ( 3447): Response ID 525295 is not served in this process.
04-12 22:49:32.260 E/RILC    (  370): RIL Response bytes written:32
04-12 22:49:32.262 I/RILC    (  370): RIL_SOCKET_1 UNSOLICITED: UNSOL_RESPONSE_VOICE_NETWORK_STATE_CHANGED length:8
04-12 22:49:32.262 E/RILC    (  370): Send Response to RIL_SOCKET_1
04-12 22:49:32.262 E/RILC    (  370): RIL Response bytes written:4
04-12 22:49:32.262 E/RILC    (  370): RIL Response bytes written:8
04-12 22:49:32.263 D/RILJ    ( 3447): [UNSL]< UNSOL_RESPONSE_VOICE_NETWORK_STATE_CHANGED [SUB0]
04-12 22:49:32.263 D/RILJ    ( 3447): [6688]> OPERATOR [SUB0]
04-12 22:49:32.264 D/RILJ    ( 3447): [6689]> DATA_REGISTRATION_STATE [SUB0]
04-12 22:49:32.264 I/RILC    (  370): RIL_SOCKET_1 UNSOLICITED: UNSOL_DATA_CALL_LIST_CHANGED length:428
04-12 22:49:32.264 E/RILC    (  370): Send Response to RIL_SOCKET_1
04-12 22:49:32.264 E/RILC    (  370): RIL Response bytes written:4
04-12 22:49:32.264 E/RILC    (  370): RIL Response bytes written:428
04-12 22:49:32.265 D/RILC    (  370): SOCKET RIL_SOCKET_1 REQUEST: OPERATOR length:8
04-12 22:49:32.266 D/RILJ    ( 3447): responseDataCallList ver=11 num=1 [SUB0]
04-12 22:49:32.266 D/RILJ    ( 3447): [6690]> VOICE_REGISTRATION_STATE [SUB0]
04-12 22:49:32.266 D/RILJ    ( 3447): getDataCallResponse before ver=11 [SUB0]
04-12 22:49:32.267 D/RILJ    ( 3447): [UNSL]< UNSOL_DATA_CALL_LIST_CHANGED [DataCallResponse: {version=11 status=0 retry=-1 cid=0 active=1 type=IPV6 ifname=rmnet_data0 mtu=1500 addresses=[2a00:0f41:200a:625d:4683:58b3:ef11:3899/64] dnses=[2a01:1700:0003:ffff:0000:0000:0000:9822,2a01:1700:0002:ffff:0000:0000:0000:9f01] gateways=[fe80:0000:0000:0000:dcaa:d923:8cba:621e] pcscf=[]}] [SUB0]
04-12 22:49:32.267 D/RILC    (  370): SOCKET RIL_SOCKET_1 REQUEST: DATA_REGISTRATION_STATE length:8
04-12 22:49:32.267 I/LG-FASTDORMANCY( 3447): [DCH/FACH] FDCount : 0 Data call list changed.
04-12 22:49:32.267 I/LG-FASTDORMANCY( 3447): [DCH/FACH] FDCount : 0 [DataCallResponse: {version=11 status=0 retry=-1 cid=0 active=1 type=IPV6 ifname=rmnet_data0 mtu=1500 addresses=[2a00:0f41:200a:625d:4683:58b3:ef11:3899/64] dnses=[2a01:1700:0003:ffff:0000:0000:0000:9822,2a01:1700:0002:ffff:0000:0000:0000:9f01] gateways=[fe80:0000:0000:0000:dcaa:d923:8cba:621e] pcscf=[]}]
04-12 22:49:32.267 I/LG-FASTDORMANCY( 3447): [DCH/FACH] FDCount : 0 prev:[DCH/FACH] FDCount : 0 , curr:true
04-12 22:49:32.269 D/RILJ    ( 3447): [6691]> QUERY_NETWORK_SELECTION_MODE [SUB0]
04-12 22:49:32.269 D/QtiGsmDCT( 3447): [0]fetchDunApn: Ignore the dun apn in settings.db
04-12 22:49:32.270 D/QtiGsmDCT( 3447): [0]QtiDcTracker handleMessage msg={ when=-4ms what=270340 obj=android.os.AsyncResult@4dba76d target=com.qti.internal.telephony.dataconnection.QtiDcTracker }
04-12 22:49:32.271 D/QtiGsmDCT( 3447): [0]handleMessage msg={ when=-4ms what=270340 obj=android.os.AsyncResult@4dba76d target=com.qti.internal.telephony.dataconnection.QtiDcTracker }
04-12 22:49:32.271 E/DATA    ( 3447): Unidentified event msg={ when=-4ms what=270340 obj=android.os.AsyncResult@4dba76d target=com.qti.internal.telephony.dataconnection.QtiDcTracker }
04-12 22:49:32.271 D/RILC    (  370): SOCKET RIL_SOCKET_1 REQUEST: VOICE_REGISTRATION_STATE length:8
04-12 22:49:32.271 D/LG-FASTDORMANCY( 3447): [DCH/FACH] FDCount : 0 isUMTS(): RadioTech(10)
04-12 22:49:32.271 D/LG-FASTDORMANCY( 3447): [DCH/FACH] FDCount : 0 Exit from DCH or FACH State
04-12 22:49:32.271 D/LG-FASTDORMANCY( 3447): [IDLE] Enter to IDLE State
04-12 22:49:32.272 D/RILC    (  370): SOCKET RIL_SOCKET_1 REQUEST: QUERY_NETWORK_SELECTION_MODE length:8
04-12 22:49:32.273 D/LG-FASTDORMANCY( 3447): [IDLE] isUMTS(): RadioTech(10)
04-12 22:49:32.273 D/LG-FASTDORMANCY( 3447): [IDLE] resetAll()
04-12 22:49:32.276 D/RILC    (  370): RequestComplete, RIL_SOCKET_1
04-12 22:49:32.276 E/RILC    (  370): Send Response to RIL_SOCKET_1
04-12 22:49:32.276 E/RILC    (  370): RIL Response bytes written:4
04-12 22:49:32.276 E/RILC    (  370): RIL Response bytes written:136
04-12 22:49:32.276 D/RILJ    ( 3447): [6690]< VOICE_REGISTRATION_STATE {1, dff2, 02bec830, 3, null, null, null, 0, null, null, 1, null, null, 0, 1d8} [SUB0]
04-12 22:49:32.277 D/PHONE   ( 3447): [ServiceState] setVoiceRegState=0
04-12 22:49:32.277 E/PHONE   ( 3447): [ServiceState] setState deprecated use setVoiceRegState()
04-12 22:49:32.277 D/GsmSST  ( 3447): [GsmSST] LOGRadioInfo : In Service
04-12 22:49:32.280 V/LG-FASTDORMANCY( 3447): [IDLE] prev: TxPkts(43857), RxPkts(53459)
04-12 22:49:32.280 V/LG-FASTDORMANCY( 3447): [IDLE] curr: TxPkts(43857), RxPkts(53459)
04-12 22:49:32.280 V/LG-FASTDORMANCY( 3447): [IDLE] resetCount(): mRetryCount: 0
04-12 22:49:32.291 D/RILC    (  370): RequestComplete, RIL_SOCKET_1
04-12 22:49:32.291 E/RILC    (  370): Send Response to RIL_SOCKET_1
04-12 22:49:32.291 E/RILC    (  370): RIL Response bytes written:4
04-12 22:49:32.292 D/RILJ    ( 3447): [6688]< OPERATOR {Orange, Orange, 26003} [SUB0]
04-12 22:49:32.292 E/RILC    (  370): RIL Response bytes written:72
04-12 22:49:32.294 D/RILC    (  370): RequestComplete, RIL_SOCKET_1
04-12 22:49:32.294 E/RILC    (  370): Send Response to RIL_SOCKET_1
04-12 22:49:32.294 E/RILC    (  370): RIL Response bytes written:4
04-12 22:49:32.294 D/RILJ    ( 3447): [6689]< DATA_REGISTRATION_STATE {1, dff2, 02bec830, 11, null, 20, null, null, null, null, null, 0} [SUB0]
04-12 22:49:32.295 E/RILC    (  370): RIL Response bytes written:120
04-12 22:49:32.295 D/GsmSST  ( 3447): isSFROperators result = false
04-12 22:49:32.295 D/PHONE   ( 3447): [ServiceState] setDataRegState=0
04-12 22:49:32.295 D/PHONE   ( 3447): [ServiceState] setDataRadioTechnology=11
04-12 22:49:32.295 D/GsmSST  ( 3447): [GsmSST] LOGRadioInfo : In Service
04-12 22:49:32.295 D/GsmSST  ( 3447): [GsmSST] handlPollStateResultMessage: GsmSST setDataRegState=0 regState=1 dataRadioTechnology=11
04-12 22:49:32.295 D/RILC    (  370): RequestComplete, RIL_SOCKET_1
04-12 22:49:32.295 E/RILC    (  370): Send Response to RIL_SOCKET_1
04-12 22:49:32.295 E/RILC    (  370): RIL Response bytes written:4
04-12 22:49:32.295 E/RILC    (  370): RIL Response bytes written:20
04-12 22:49:32.296 D/RILJ    ( 3447): [6691]< QUERY_NETWORK_SELECTION_MODE {0} [SUB0]
04-12 22:49:32.300 D/GsmSST  ( 3447): [GsmSST] Poll ServiceState done:  oldSS=[0 0 voice home data home Orange Orange 26003 Orange Orange 26003  UMTS HSPA CSS not supported -1 -1 RoamInd=-1 DefRoamInd=-1 EmergOnly=false IsDataRoamingFromRegistration=false mIsVoiceSearching=false mIsDataSearching=false mVoiceNetworkName=null mDataNetworkName=null Check64QAM0 Dual carrier0] newSS=[0 0 voice home data home Orange Orange 26003 Orange Orange 26003  UMTS HSPA CSS not supported -1 -1 RoamInd=-1 DefRoamInd=-1 EmergOnly=false IsDataRoamingFromRegistration=false mIsVoiceSearching=false mIsDataSearching=false mVoiceNetworkName=null mDataNetworkName=null Check64QAM0 Dual carrier0] oldMaxDataCalls=20 mNewMaxDataCalls=20 oldReasonDataDenied=-1 mNewReasonDataDenied=-1
04-12 22:49:32.300 D/PHONE   ( 3447): [ServiceState] setNullState=1
04-12 22:49:32.313 D/QtiGsmDCT( 3447): [0]fetchDunApn: config_tether_apndata dunSetting=null
04-12 22:49:32.313 D/DC-1    ( 3447): isInternetRequested = true
04-12 22:49:32.314 D/Dcc     ( 3447): onDataStateChanged: dcsList=[DataCallResponse: {version=11 status=0 retry=-1 cid=0 active=1 type=IPV6 ifname=rmnet_data0 mtu=1500 addresses=[2a00:0f41:200a:625d:4683:58b3:ef11:3899/64] dnses=[2a01:1700:0003:ffff:0000:0000:0000:9822,2a01:1700:0002:ffff:0000:0000:0000:9f01] gateways=[fe80:0000:0000:0000:dcaa:d923:8cba:621e] pcscf=[]}] mDcListActiveByCid={0={DC-1: State=DcActiveState mApnSetting=[ApnSettingV3] Orange Internet, 695, 26003, internetipv6, , , , , , 1, default | dun | hipri | supl, IPV6, IP, true, 0, 0, 1, false, 0, 0, 0, 0, , , 0, ,  RefCount=1 mCid=0 mCreateTime=-1 mLastastFailTime=-1 mLastFailCause=NONE mTag=4 mRetryManager=RetryManager: { forever=false maxRetry=10 curMaxRetry=0 retry=0 config={default_randomization=2000,5000,10000,20000,40000,80000:5000,160000:5000,320000:5000,640000:5000,1280000:5000,1800000:5000} retryArray={5000:2000 10000:2000 20000:2000 40000:2000 80000:5000 160000:5000 320000:5000 640000:5000 1280000:5000 1800000:5000 }} mLinkProperties={InterfaceName: rmnet_data0 LinkAddresses: [2a00:f41:200a:625d:4683:58b3:ef11:3899/64,]  Routes: [::/0 -> fe80::dcaa:d923:8cba:621e rmnet_data0,] DnsAddresses: [2a01:1700:3:ffff::9822,2a01:1700:2:ffff::9f01,] Domains: null MTU: 1500 TcpBufferSizes: 40778,244668,3461120,16777,140625,3461120} linkCapabilities=[ Transports: CELLULAR Capabilities: SUPL&DUN&INTERNET&NOT_RESTRICTED&TRUSTED&NOT_VPN LinkUpBandwidth>=5898Kbps LinkDnBandwidth>=14336Kbps Specifier: <2>] mApnContexts=[{mApnType=default mState=CONNECTED mWaitingApns={[[ApnSettingV3] Orange Internet, 695, 26003, internetipv6, , , , , , 1, default | dun | hipri | supl, IPV6, IP, true, 0, 0, 1, false, 0, 0, 0, 0, , , 0, , ]} mWaitingApnsPermanentFailureCountDown=1 mApnSetting={[ApnSettingV3] Orange Internet, 695, 26003, internetipv6, , , , , , 1, default | dun | hipri | supl, IPV6, IP, true, 0, 0, 1, false, 0, 0, 0, 0, , , 0, , } mReason=connected mDataEnabled=true mDependencyMet=true}]}}
04-12 22:49:32.314 D/Dcc     ( 3447): onDataStateChanged: dcsToRetry=[]
04-12 22:49:32.314 D/Dcc     ( 3447): onDataStateChanged: Found ConnId=0 newState=DataCallResponse: {version=11 status=0 retry=-1 cid=0 active=1 type=IPV6 ifname=rmnet_data0 mtu=1500 addresses=[2a00:0f41:200a:625d:4683:58b3:ef11:3899/64] dnses=[2a01:1700:0003:ffff:0000:0000:0000:9822,2a01:1700:0002:ffff:0000:0000:0000:9f01] gateways=[fe80:0000:0000:0000:dcaa:d923:8cba:621e] pcscf=[]}
04-12 22:49:32.314 D/DataCallResponse( 3447): addr/pl=2a00:0f41:200a:625d:4683:58b3:ef11:3899/64
04-12 22:49:32.315 D/DC-1    ( 3447): MTU set by call response to: 1500
04-12 22:49:32.315 D/Dcc     ( 3447): onDataStateChanged: no change
04-12 22:49:32.315 D/Dcc     ( 3447): onDataStateChanged: Data Activity updated to DORMANT. stopNetStatePoll
04-12 22:49:32.315 D/Dcc     ( 3447): onDataStateChanged: Skip stopNetStatPoll
04-12 22:49:32.315 D/Dcc     ( 3447): onDataStateChanged: dcsToRetry=[] apnsToCleanup=[]
04-12 22:49:32.315 D/Dcc     ( 3447): onDataStateChanged: X
04-12 22:49:32.636 D/QtiGsmDCT( 3447): [0]updateDataActivity: curTxRxSum={txSum=43857 rxSum=53459} preTxRxSum={txSum=43857 rxSum=53459}
04-12 22:49:32.636 D/QtiGsmDCT( 3447): [0]updateDataActivity: sent=0 received=0
04-12 22:49:33.645 D/QtiGsmDCT( 3447): [0]updateDataActivity: curTxRxSum={txSum=43857 rxSum=53459} preTxRxSum={txSum=43857 rxSum=53459}
04-12 22:49:33.646 D/QtiGsmDCT( 3447): [0]updateDataActivity: sent=0 received=0
04-12 22:49:34.650 D/QtiGsmDCT( 3447): [0]updateDataActivity: curTxRxSum={txSum=43857 rxSum=53459} preTxRxSum={txSum=43857 rxSum=53459}
04-12 22:49:34.650 D/QtiGsmDCT( 3447): [0]updateDataActivity: sent=0 received=0
04-12 22:49:35.085 I/RILC    (  370): RIL_SOCKET_1 UNSOLICITED: UNSOL_SIGNAL_STRENGTH length:68
04-12 22:49:35.085 E/RILC    (  370): Send Response to RIL_SOCKET_1
04-12 22:49:35.085 E/RILC    (  370): RIL Response bytes written:4
04-12 22:49:35.085 E/RILC    (  370): RIL Response bytes written:68
04-12 22:49:35.086 D/GsmSST  ( 3447): [GsmSST] ServiceStateTrackerEx:onSignalStrengthResult() isGsm=true DataRadioTech=11
04-12 22:49:35.086 W/LGSignalStrength( 3447): setDataRadioTechnology: dataRadioTechnology = 11
04-12 22:49:35.087 D/DefaultPhoneNotifier( 3447): notifySignalStrength: mRegistry=com.android.internal.telephony.ITelephonyRegistry$Stub$Proxy@ced2ad0 ss=SignalStrength: 12 0 -90 -65 -120 -1 -1 99 2147483647 2147483647 2147483647 2147483647 2147483647 gsm|lte 11 0 -90 -65 sender=Handler (com.qti.internal.telephony.gsm.QtiGSMPhone) {560d91e}
04-12 22:49:35.101 D/QtiGsmDCT( 3447): [0]getDataEnabled: getIntWithSubId retVal=true
04-12 22:49:35.139 I/RILC    (  370): RIL_SOCKET_1 UNSOLICITED: RIL_UNSOL_LTE_REJECT_CAUSE length:16
04-12 22:49:35.139 E/RILC    (  370): Send Response to RIL_SOCKET_1
04-12 22:49:35.139 E/RILC    (  370): RIL Response bytes written:4
04-12 22:49:35.139 D/RILJ    ( 3447): [UNSL]< RIL_UNSOL_LTE_REJECT_CAUSE {15} [SUB0]
04-12 22:49:35.139 E/RILC    (  370): RIL Response bytes written:16
04-12 22:49:35.146 I/RILC    (  370): RIL_SOCKET_1 UNSOLICITED: UNSOL_OEM_HOOK_RAW length:32
04-12 22:49:35.146 E/RILC    (  370): Send Response to RIL_SOCKET_1
04-12 22:49:35.147 E/RILC    (  370): RIL Response bytes written:4
04-12 22:49:35.147 E/RILC    (  370): RIL Response bytes written:32
04-12 22:49:35.147 V/RILJ    ( 3447): [UNSL]< UNSOL_OEM_HOOK_RAW 514f454d484f4f4bef0308000100000001 [SUB0]
04-12 22:49:35.147 D/RILJ    ( 3447): Oem ID in RIL_UNSOL_OEM_HOOK_RAW is QOEMHOOK
04-12 22:49:35.147 D/RILJ    ( 3447): OEM ID check Passed
04-12 22:49:35.147 D/RILJ    ( 3447): Response ID in RIL_UNSOL_OEM_HOOK_RAW is 525295
04-12 22:49:35.147 D/RILJ    ( 3447): Response ID 525295 is not served in this process.
04-12 22:49:35.150 I/RILC    (  370): RIL_SOCKET_1 UNSOLICITED: UNSOL_RESPONSE_VOICE_NETWORK_STATE_CHANGED length:8
04-12 22:49:35.150 E/RILC    (  370): Send Response to RIL_SOCKET_1
04-12 22:49:35.150 E/RILC    (  370): RIL Response bytes written:4
04-12 22:49:35.150 D/RILJ    ( 3447): [UNSL]< UNSOL_RESPONSE_VOICE_NETWORK_STATE_CHANGED [SUB0]
04-12 22:49:35.150 D/RILJ    ( 3447): [6692]> OPERATOR [SUB0]
04-12 22:49:35.152 D/RILJ    ( 3447): [6693]> DATA_REGISTRATION_STATE [SUB0]
04-12 22:49:35.152 D/RILC    (  370): SOCKET RIL_SOCKET_1 REQUEST: OPERATOR length:8
04-12 22:49:35.154 D/RILJ    ( 3447): [6694]> VOICE_REGISTRATION_STATE [SUB0]
04-12 22:49:35.154 E/RILC    (  370): RIL Response bytes written:8
04-12 22:49:35.155 D/RILC    (  370): SOCKET RIL_SOCKET_1 REQUEST: DATA_REGISTRATION_STATE length:8
04-12 22:49:35.155 D/RILJ    ( 3447): [6695]> QUERY_NETWORK_SELECTION_MODE [SUB0]
04-12 22:49:35.156 D/RILC    (  370): SOCKET RIL_SOCKET_1 REQUEST: VOICE_REGISTRATION_STATE length:8
04-12 22:49:35.159 D/RILC    (  370): SOCKET RIL_SOCKET_1 REQUEST: QUERY_NETWORK_SELECTION_MODE length:8
04-12 22:49:35.166 D/RILC    (  370): RequestComplete, RIL_SOCKET_1
04-12 22:49:35.166 E/RILC    (  370): Send Response to RIL_SOCKET_1
04-12 22:49:35.168 E/RILC    (  370): RIL Response bytes written:4
04-12 22:49:35.168 D/RILJ    ( 3447): [6692]< OPERATOR {Orange, Orange, 26003} [SUB0]
04-12 22:49:35.169 E/RILC    (  370): RIL Response bytes written:72
04-12 22:49:35.172 D/RILC    (  370): RequestComplete, RIL_SOCKET_1
04-12 22:49:35.172 E/RILC    (  370): Send Response to RIL_SOCKET_1
04-12 22:49:35.172 E/RILC    (  370): RIL Response bytes written:4
04-12 22:49:35.172 D/RILJ    ( 3447): [6694]< VOICE_REGISTRATION_STATE {1, dff2, 02bec830, 3, null, null, null, 0, null, null, 1, null, null, 0, 1d8} [SUB0]
04-12 22:49:35.172 D/PHONE   ( 3447): [ServiceState] setVoiceRegState=0
04-12 22:49:35.172 E/PHONE   ( 3447): [ServiceState] setState deprecated use setVoiceRegState()
04-12 22:49:35.172 D/GsmSST  ( 3447): [GsmSST] LOGRadioInfo : In Service
04-12 22:49:35.172 E/RILC    (  370): RIL Response bytes written:136
04-12 22:49:35.173 D/RILC    (  370): RequestComplete, RIL_SOCKET_1
04-12 22:49:35.173 E/RILC    (  370): Send Response to RIL_SOCKET_1
04-12 22:49:35.173 E/RILC    (  370): RIL Response bytes written:4
04-12 22:49:35.173 D/RILJ    ( 3447): [6693]< DATA_REGISTRATION_STATE {1, dff2, 02bec830, 11, null, 20, null, null, null, null, null, 0} [SUB0]
04-12 22:49:35.173 D/GsmSST  ( 3447): isSFROperators result = false
04-12 22:49:35.173 D/PHONE   ( 3447): [ServiceState] setDataRegState=0
04-12 22:49:35.174 D/PHONE   ( 3447): [ServiceState] setDataRadioTechnology=11
04-12 22:49:35.174 D/GsmSST  ( 3447): [GsmSST] LOGRadioInfo : In Service
04-12 22:49:35.174 D/GsmSST  ( 3447): [GsmSST] handlPollStateResultMessage: GsmSST setDataRegState=0 regState=1 dataRadioTechnology=11
04-12 22:49:35.174 E/RILC    (  370): RIL Response bytes written:120
04-12 22:49:35.175 D/RILC    (  370): RequestComplete, RIL_SOCKET_1
04-12 22:49:35.175 E/RILC    (  370): Send Response to RIL_SOCKET_1
04-12 22:49:35.175 E/RILC    (  370): RIL Response bytes written:4
04-12 22:49:35.175 E/RILC    (  370): RIL Response bytes written:20
04-12 22:49:35.175 D/RILJ    ( 3447): [6695]< QUERY_NETWORK_SELECTION_MODE {0} [SUB0]
04-12 22:49:35.178 D/GsmSST  ( 3447): [GsmSST] Poll ServiceState done:  oldSS=[0 0 voice home data home Orange Orange 26003 Orange Orange 26003  UMTS HSPA CSS not supported -1 -1 RoamInd=-1 DefRoamInd=-1 EmergOnly=false IsDataRoamingFromRegistration=false mIsVoiceSearching=false mIsDataSearching=false mVoiceNetworkName=null mDataNetworkName=null Check64QAM0 Dual carrier0] newSS=[0 0 voice home data home Orange Orange 26003 Orange Orange 26003  UMTS HSPA CSS not supported -1 -1 RoamInd=-1 DefRoamInd=-1 EmergOnly=false IsDataRoamingFromRegistration=false mIsVoiceSearching=false mIsDataSearching=false mVoiceNetworkName=null mDataNetworkName=null Check64QAM0 Dual carrier0] oldMaxDataCalls=20 mNewMaxDataCalls=20 oldReasonDataDenied=-1 mNewReasonDataDenied=-1
04-12 22:49:35.178 D/PHONE   ( 3447): [ServiceState] setNullState=1
04-12 22:49:35.657 D/QtiGsmDCT( 3447): [0]updateDataActivity: curTxRxSum={txSum=43857 rxSum=53459} preTxRxSum={txSum=43857 rxSum=53459}
04-12 22:49:35.660 D/QtiGsmDCT( 3447): [0]updateDataActivity: sent=0 received=0
04-12 22:49:35.788 I/RILC    (  370): RIL_SOCKET_1 UNSOLICITED: RIL_UNSOL_LTE_REJECT_CAUSE length:16
04-12 22:49:35.788 E/RILC    (  370): Send Response to RIL_SOCKET_1
04-12 22:49:35.788 E/RILC    (  370): RIL Response bytes written:4
04-12 22:49:35.788 E/RILC    (  370): RIL Response bytes written:16
04-12 22:49:35.789 I/RILC    (  370): RIL_SOCKET_1 UNSOLICITED: UNSOL_OEM_HOOK_RAW length:32
04-12 22:49:35.789 E/RILC    (  370): Send Response to RIL_SOCKET_1
04-12 22:49:35.789 E/RILC    (  370): RIL Response bytes written:4
04-12 22:49:35.789 E/RILC    (  370): RIL Response bytes written:32
04-12 22:49:35.790 D/RILJ    ( 3447): [UNSL]< RIL_UNSOL_LTE_REJECT_CAUSE {15} [SUB0]
04-12 22:49:35.790 V/RILJ    ( 3447): [UNSL]< UNSOL_OEM_HOOK_RAW 514f454d484f4f4bef0308000100000001 [SUB0]
04-12 22:49:35.790 D/RILJ    ( 3447): Oem ID in RIL_UNSOL_OEM_HOOK_RAW is QOEMHOOK
04-12 22:49:35.790 D/RILJ    ( 3447): OEM ID check Passed
04-12 22:49:35.790 D/RILJ    ( 3447): Response ID in RIL_UNSOL_OEM_HOOK_RAW is 525295
04-12 22:49:35.790 D/RILJ    ( 3447): Response ID 525295 is not served in this process.
04-12 22:49:35.791 I/RILC    (  370): RIL_SOCKET_1 UNSOLICITED: UNSOL_RESPONSE_VOICE_NETWORK_STATE_CHANGED length:8
04-12 22:49:35.791 E/RILC    (  370): Send Response to RIL_SOCKET_1
04-12 22:49:35.791 E/RILC    (  370): RIL Response bytes written:4
04-12 22:49:35.791 E/RILC    (  370): RIL Response bytes written:8
04-12 22:49:35.792 D/RILJ    ( 3447): [UNSL]< UNSOL_RESPONSE_VOICE_NETWORK_STATE_CHANGED [SUB0]
04-12 22:49:35.792 D/RILJ    ( 3447): [6696]> OPERATOR [SUB0]
04-12 22:49:35.794 I/RILQ    (  370): (0/370):RIL[0][event] qcril_arb_set_dsd_sys_status: old_pref_data 1 - new_data_pref 1
04-12 22:49:35.794 I/RILQ    (  370): (0/370):RIL[0][event] qcril_arb_set_dsd_sys_status: preferred dsd_sys_status nw=0x0, rat_value=0x1, so_mask=0x0000000000000015
04-12 22:49:35.794 I/RILQ    (  370): (0/370):RIL[0][event] qcril_arb_set_dsd_sys_status: preferred 1 - dsd_sys_status nw=0x0, rat_value=0x1, so_mask=0x0000000000000015
04-12 22:49:35.794 I/RILQ    (  370): (0/370):RIL[0][event] qcril_arb_set_dsd_sys_status: is_wwan_available 0
04-12 22:49:35.794 I/RILC    (  370): RIL_SOCKET_1 UNSOLICITED: UNSOL_OEM_HOOK_RAW length:32
04-12 22:49:35.794 E/RILC    (  370): Send Response to RIL_SOCKET_1
04-12 22:49:35.795 E/RILC    (  370): RIL Response bytes written:4
04-12 22:49:35.795 V/RILJ    ( 3447): [UNSL]< UNSOL_OEM_HOOK_RAW 514f454d484f4f4bfa0308000100000000 [SUB0]
04-12 22:49:35.795 D/RILJ    ( 3447): Oem ID in RIL_UNSOL_OEM_HOOK_RAW is QOEMHOOK
04-12 22:49:35.795 D/RILJ    ( 3447): OEM ID check Passed
04-12 22:49:35.795 D/RILJ    ( 3447): Response ID in RIL_UNSOL_OEM_HOOK_RAW is 525306
04-12 22:49:35.795 D/RILJ    ( 3447): [6697]> DATA_REGISTRATION_STATE [SUB0]
04-12 22:49:35.795 D/RILJ    ( 3447): WWAN, IWLAN coexistence notified to registrants
04-12 22:49:35.795 E/RILC    (  370): RIL Response bytes written:32
04-12 22:49:35.795 D/RILC    (  370): SOCKET RIL_SOCKET_1 REQUEST: OPERATOR length:8
04-12 22:49:35.796 D/RILJ    ( 3447): [6698]> VOICE_REGISTRATION_STATE [SUB0]
04-12 22:49:35.799 D/RILC    (  370): SOCKET RIL_SOCKET_1 REQUEST: DATA_REGISTRATION_STATE length:8
04-12 22:49:35.800 D/RILJ    ( 3447): [6699]> QUERY_NETWORK_SELECTION_MODE [SUB0]
04-12 22:49:35.802 D/RILC    (  370): SOCKET RIL_SOCKET_1 REQUEST: VOICE_REGISTRATION_STATE length:8
04-12 22:49:35.802 D/RILC    (  370): SOCKET RIL_SOCKET_1 REQUEST: QUERY_NETWORK_SELECTION_MODE length:8
04-12 22:49:35.803 I/RILC    (  370): RIL_SOCKET_1 UNSOLICITED: RIL_UNSOL_LTE_REJECT_CAUSE length:16
04-12 22:49:35.803 E/RILC    (  370): Send Response to RIL_SOCKET_1
04-12 22:49:35.803 E/RILC    (  370): RIL Response bytes written:4
04-12 22:49:35.804 D/RILJ    ( 3447): [UNSL]< RIL_UNSOL_LTE_REJECT_CAUSE {15} [SUB0]
04-12 22:49:35.804 E/RILC    (  370): RIL Response bytes written:16
04-12 22:49:35.811 D/RILC    (  370): RequestComplete, RIL_SOCKET_1
04-12 22:49:35.811 E/RILC    (  370): Send Response to RIL_SOCKET_1
04-12 22:49:35.811 E/RILC    (  370): RIL Response bytes written:4
04-12 22:49:35.811 E/RILC    (  370): RIL Response bytes written:72
04-12 22:49:35.812 D/RILJ    ( 3447): [6696]< OPERATOR {Orange, Orange, 26003} [SUB0]
04-12 22:49:35.816 D/RILC    (  370): RequestComplete, RIL_SOCKET_1
04-12 22:49:35.816 E/RILC    (  370): Send Response to RIL_SOCKET_1
04-12 22:49:35.816 E/RILC    (  370): RIL Response bytes written:4
04-12 22:49:35.816 E/RILC    (  370): RIL Response bytes written:136
04-12 22:49:35.816 D/RILJ    ( 3447): [6698]< VOICE_REGISTRATION_STATE {1, dff2, 02bec830, 3, null, null, null, 0, null, null, 1, null, null, 0, 1d8} [SUB0]
04-12 22:49:35.817 D/PHONE   ( 3447): [ServiceState] setVoiceRegState=0
04-12 22:49:35.817 E/PHONE   ( 3447): [ServiceState] setState deprecated use setVoiceRegState()
04-12 22:49:35.817 D/GsmSST  ( 3447): [GsmSST] LOGRadioInfo : In Service
04-12 22:49:35.818 D/RILC    (  370): RequestComplete, RIL_SOCKET_1
04-12 22:49:35.818 E/RILC    (  370): Send Response to RIL_SOCKET_1
04-12 22:49:35.819 E/RILC    (  370): RIL Response bytes written:4
04-12 22:49:35.819 E/RILC    (  370): RIL Response bytes written:20
04-12 22:49:35.819 D/RILJ    ( 3447): [6699]< QUERY_NETWORK_SELECTION_MODE {0} [SUB0]
04-12 22:49:35.819 I/RILC    (  370): RIL_SOCKET_1 UNSOLICITED: UNSOL_DATA_CALL_LIST_CHANGED length:428
04-12 22:49:35.819 E/RILC    (  370): Send Response to RIL_SOCKET_1
04-12 22:49:35.819 E/RILC    (  370): RIL Response bytes written:4
04-12 22:49:35.819 E/RILC    (  370): RIL Response bytes written:428
04-12 22:49:35.820 D/RILJ    ( 3447): responseDataCallList ver=11 num=1 [SUB0]
04-12 22:49:35.820 D/RILJ    ( 3447): getDataCallResponse before ver=11 [SUB0]
04-12 22:49:35.820 D/RILJ    ( 3447): [UNSL]< UNSOL_DATA_CALL_LIST_CHANGED [DataCallResponse: {version=11 status=0 retry=-1 cid=0 active=2 type=IPV6 ifname=rmnet_data0 mtu=1500 addresses=[2a00:0f41:200a:625d:4683:58b3:ef11:3899/64] dnses=[2a01:1700:0003:ffff:0000:0000:0000:9822,2a01:1700:0002:ffff:0000:0000:0000:9f01] gateways=[fe80:0000:0000:0000:dcaa:d923:8cba:621e] pcscf=[]}] [SUB0]
04-12 22:49:35.821 D/RILC    (  370): RequestComplete, RIL_SOCKET_1
04-12 22:49:35.821 E/RILC    (  370): Send Response to RIL_SOCKET_1
04-12 22:49:35.821 E/RILC    (  370): RIL Response bytes written:4
04-12 22:49:35.821 E/RILC    (  370): RIL Response bytes written:120
04-12 22:49:35.821 D/QtiGsmDCT( 3447): [0]fetchDunApn: Ignore the dun apn in settings.db
04-12 22:49:35.822 I/RILC    (  370): RIL_SOCKET_1 UNSOLICITED: UNSOL_RESPONSE_VOICE_NETWORK_STATE_CHANGED length:8
04-12 22:49:35.822 E/RILC    (  370): Send Response to RIL_SOCKET_1
04-12 22:49:35.822 E/RILC    (  370): RIL Response bytes written:4
04-12 22:49:35.822 E/RILC    (  370): RIL Response bytes written:8
04-12 22:49:35.825 D/QtiGsmDCT( 3447): [0]QtiDcTracker handleMessage msg={ when=-1ms what=270340 obj=android.os.AsyncResult@9d7afa2 target=com.qti.internal.telephony.dataconnection.QtiDcTracker }
04-12 22:49:35.825 D/QtiGsmDCT( 3447): [0]handleMessage msg={ when=-1ms what=270340 obj=android.os.AsyncResult@9d7afa2 target=com.qti.internal.telephony.dataconnection.QtiDcTracker }
04-12 22:49:35.825 E/DATA    ( 3447): Unidentified event msg={ when=-1ms what=270340 obj=android.os.AsyncResult@9d7afa2 target=com.qti.internal.telephony.dataconnection.QtiDcTracker }
04-12 22:49:35.825 D/RILJ    ( 3447): [6697]< DATA_REGISTRATION_STATE {1, dff2, 02bec830, 15, null, 20, null, null, null, null, null, 0} [SUB0]
04-12 22:49:35.826 D/GsmSST  ( 3447): isSFROperators result = false
04-12 22:49:35.826 D/PHONE   ( 3447): [ServiceState] setDataRegState=0
04-12 22:49:35.826 D/PHONE   ( 3447): [ServiceState] setDataRadioTechnology=15
04-12 22:49:35.826 D/GsmSST  ( 3447): [GsmSST] LOGRadioInfo : In Service
04-12 22:49:35.826 D/GsmSST  ( 3447): [GsmSST] handlPollStateResultMessage: GsmSST setDataRegState=0 regState=1 dataRadioTechnology=15
04-12 22:49:35.827 I/LG-FASTDORMANCY( 3447): [IDLE] Data call list changed.
04-12 22:49:35.827 I/LG-FASTDORMANCY( 3447): [IDLE] [DataCallResponse: {version=11 status=0 retry=-1 cid=0 active=2 type=IPV6 ifname=rmnet_data0 mtu=1500 addresses=[2a00:0f41:200a:625d:4683:58b3:ef11:3899/64] dnses=[2a01:1700:0003:ffff:0000:0000:0000:9822,2a01:1700:0002:ffff:0000:0000:0000:9f01] gateways=[fe80:0000:0000:0000:dcaa:d923:8cba:621e] pcscf=[]}]
04-12 22:49:35.827 I/LG-FASTDORMANCY( 3447): [IDLE] prev:[IDLE] , curr:false
04-12 22:49:35.828 D/RILJ    ( 3447): [UNSL]< UNSOL_RESPONSE_VOICE_NETWORK_STATE_CHANGED [SUB0]
04-12 22:49:35.829 D/GsmSST  ( 3447): [GsmSST] Poll ServiceState done:  oldSS=[0 0 voice home data home Orange Orange 26003 Orange Orange 26003  UMTS HSPA CSS not supported -1 -1 RoamInd=-1 DefRoamInd=-1 EmergOnly=false IsDataRoamingFromRegistration=false mIsVoiceSearching=false mIsDataSearching=false mVoiceNetworkName=null mDataNetworkName=null Check64QAM0 Dual carrier0] newSS=[0 0 voice home data home Orange Orange 26003 Orange Orange 26003  UMTS HSPAP CSS not supported -1 -1 RoamInd=-1 DefRoamInd=-1 EmergOnly=false IsDataRoamingFromRegistration=false mIsVoiceSearching=false mIsDataSearching=false mVoiceNetworkName=null mDataNetworkName=null Check64QAM0 Dual carrier0] oldMaxDataCalls=20 mNewMaxDataCalls=20 oldReasonDataDenied=-1 mNewReasonDataDenied=-1
04-12 22:49:35.830 D/LG-FASTDORMANCY( 3447): [IDLE] isUMTS(): RadioTech(10)
04-12 22:49:35.830 D/LG-FASTDORMANCY( 3447): [IDLE] Exit from IDLE State
04-12 22:49:35.830 D/LG-FASTDORMANCY( 3447): [DCH/FACH] FDCount : 0 Enter to DCH or FACH State
04-12 22:49:35.830 D/PHONE   ( 3447): [ServiceState] setNullState=1
04-12 22:49:35.830 D/TelephonyManager( 3447): setTelephonyProperty: success phoneId=0 property=gsm.network.type value: UMTS propVal=UMTS
04-12 22:49:35.838 D/SIMRecords( 3447): [SIMRecords] getServiceProviderName: no brandOverride
04-12 22:49:35.839 D/SIMRecords( 3447): [SIMRecords] getServiceProviderName: providerName=Orange
04-12 22:49:35.839 D/SIMRecords( 3447): [SIMRecords] getServiceProviderName: no brandOverride
04-12 22:49:35.839 D/SIMRecords( 3447): [SIMRecords] getServiceProviderName: providerName=Orange
04-12 22:49:35.839 D/GSMPhoneEx( 3447): grandblue SpnMvno = Orange operator = 26003 simMcc  = 260 simMnc  = 03
04-12 22:49:35.839 D/GSMPhoneEx( 3447): grandblue after SpnMvno = Orange operator = 26003 simMcc  = 260 simMnc  = 03
04-12 22:49:35.840 D/LG-FASTDORMANCY( 3447): [DCH/FACH] FDCount : 0 isUMTS(): RadioTech(15)
04-12 22:49:35.840 I/LG-FASTDORMANCY( 3447): [DCH/FACH] FDCount : 0 Scheduling checkNetStat for 1000msec, current state is [DCH/FACH] FDCount : 0
04-12 22:49:35.843 D/TelephonyManager( 3447): setTelephonyProperty: success phoneId=0 property=gsm.operator.alpha value: Orange propVal=Orange
04-12 22:49:35.845 D/TelephonyManager( 3447): setTelephonyProperty: success phoneId=0 property=gsm.operator.numeric value: 26003 propVal=26003
04-12 22:49:35.849 D/TelephonyManager( 3447): setTelephonyProperty: success phoneId=0 property=gsm.operator.iso-country value: pl propVal=pl
04-12 22:49:35.851 D/GsmSST  ( 3447): [GsmSST] shouldFixTimeZoneNow: retVal=false iccCardExist=true operatorNumeric=26003 mcc=260 prevOperatorNumeric=26003 prevMcc=260 needToFixTimeZone=false ltod=04-12 22:49:35.850
04-12 22:49:35.851 D/TelephonyManager( 3447): setTelephonyProperty: success phoneId=0 property=gsm.operator.isroaming value: false propVal=false
04-12 22:49:35.852 D/TelephonyManager( 3447): setTelephonyProperty: success phoneId=0 property=ril.cdma.voiceinservice value: true propVal=true
04-12 22:49:35.854 D/GsmSST  ( 3447): [GsmSST] Broadcasting ServiceState : 0 0 voice home data home Orange Orange 26003 Orange Orange 26003  UMTS HSPAP CSS not supported -1 -1 RoamInd=-1 DefRoamInd=-1 EmergOnly=false IsDataRoamingFromRegistration=false mIsVoiceSearching=false mIsDataSearching=false mVoiceNetworkName=null mDataNetworkName=null Check64QAM0 Dual carrier0
04-12 22:49:35.854 D/DefaultPhoneNotifier( 3447): nofityServiceState: mRegistry=com.android.internal.telephony.ITelephonyRegistry$Stub$Proxy@ced2ad0 ss=0 0 voice home data home Orange Orange 26003 Orange Orange 26003  UMTS HSPAP CSS not supported -1 -1 RoamInd=-1 DefRoamInd=-1 EmergOnly=false IsDataRoamingFromRegistration=false mIsVoiceSearching=false mIsDataSearching=false mVoiceNetworkName=null mDataNetworkName=null Check64QAM0 Dual carrier0 sender=Handler (com.qti.internal.telephony.gsm.QtiGSMPhone) {560d91e} phondId=0 subId=2
04-12 22:49:35.870 D/SubscriptionManager( 1891): getSimStateForSubscriber: simState=5 slotIdx=0
04-12 22:49:35.886 D/GsmSST  ( 3447): [GsmSST] notifyDataRegStateRilRadioTechnologyChanged: drs=0 rat=15
04-12 22:49:35.888 D/TelephonyManager( 3447): setTelephonyProperty: success phoneId=0 property=gsm.network.type value: HSPAP propVal=HSPAP
04-12 22:49:35.889 D/QtiGsmDCT( 3447): [0]get all active apn types
04-12 22:49:35.890 D/QtiGsmDCT( 3447): [0]return link properites for default
04-12 22:49:35.901 D/QtiGsmDCT( 3447): [0]fetchDunApn: config_tether_apndata dunSetting=null
04-12 22:49:35.901 D/DC-1    ( 3447): isInternetRequested = true
04-12 22:49:35.902 D/Dcc     ( 3447): onDataStateChanged: dcsList=[DataCallResponse: {version=11 status=0 retry=-1 cid=0 active=2 type=IPV6 ifname=rmnet_data0 mtu=1500 addresses=[2a00:0f41:200a:625d:4683:58b3:ef11:3899/64] dnses=[2a01:1700:0003:ffff:0000:0000:0000:9822,2a01:1700:0002:ffff:0000:0000:0000:9f01] gateways=[fe80:0000:0000:0000:dcaa:d923:8cba:621e] pcscf=[]}] mDcListActiveByCid={0={DC-1: State=DcActiveState mApnSetting=[ApnSettingV3] Orange Internet, 695, 26003, internetipv6, , , , , , 1, default | dun | hipri | supl, IPV6, IP, true, 0, 0, 1, false, 0, 0, 0, 0, , , 0, ,  RefCount=1 mCid=0 mCreateTime=-1 mLastastFailTime=-1 mLastFailCause=NONE mTag=4 mRetryManager=RetryManager: { forever=false maxRetry=10 curMaxRetry=0 retry=0 config={default_randomization=2000,5000,10000,20000,40000,80000:5000,160000:5000,320000:5000,640000:5000,1280000:5000,1800000:5000} retryArray={5000:2000 10000:2000 20000:2000 40000:2000 80000:5000 160000:5000 320000:5000 640000:5000 1280000:5000 1800000:5000 }} mLinkProperties={InterfaceName: rmnet_data0 LinkAddresses: [2a00:f41:200a:625d:4683:58b3:ef11:3899/64,]  Routes: [::/0 -> fe80::dcaa:d923:8cba:621e rmnet_data0,] DnsAddresses: [2a01:1700:3:ffff::9822,2a01:1700:2:ffff::9f01,] Domains: null MTU: 1500 TcpBufferSizes: 40778,244668,3461120,16777,140625,3461120} linkCapabilities=[ Transports: CELLULAR Capabilities: SUPL&DUN&INTERNET&NOT_RESTRICTED&TRUSTED&NOT_VPN LinkUpBandwidth>=5898Kbps LinkDnBandwidth>=14336Kbps Specifier: <2>] mApnContexts=[{mApnType=default mState=CONNECTED mWaitingApns={[[ApnSettingV3] Orange Internet, 695, 26003, internetipv6, , , , , , 1, default | dun | hipri | supl, IPV6, IP, true, 0, 0, 1, false, 0, 0, 0, 0, , , 0, , ]} mWaitingApnsPermanentFailureCountDown=1 mApnSetting={[ApnSettingV3] Orange Internet, 695, 26003, internetipv6, , , , , , 1, default | dun | hipri | supl, IPV6, IP, true, 0, 0, 1, false, 0, 0, 0, 0, , , 0, , } mReason=connected mDataEnabled=true mDependencyMet=true}]}}
04-12 22:49:35.902 D/Dcc     ( 3447): onDataStateChanged: dcsToRetry=[]
04-12 22:49:35.903 D/Dcc     ( 3447): onDataStateChanged: Found ConnId=0 newState=DataCallResponse: {version=11 status=0 retry=-1 cid=0 active=2 type=IPV6 ifname=rmnet_data0 mtu=1500 addresses=[2a00:0f41:200a:625d:4683:58b3:ef11:3899/64] dnses=[2a01:1700:0003:ffff:0000:0000:0000:9822,2a01:1700:0002:ffff:0000:0000:0000:9f01] gateways=[fe80:0000:0000:0000:dcaa:d923:8cba:621e] pcscf=[]}
04-12 22:49:35.903 D/DataCallResponse( 3447): addr/pl=2a00:0f41:200a:625d:4683:58b3:ef11:3899/64
04-12 22:49:35.903 D/DC-1    ( 3447): MTU set by call response to: 1500
04-12 22:49:35.904 D/Dcc     ( 3447): onDataStateChanged: no change
04-12 22:49:35.904 D/Dcc     ( 3447): onDataStateChanged: Data Activity updated to NONE. isAnyDataCallActive = true isAnyDataCallDormant = false
04-12 22:49:35.904 D/Dcc     ( 3447): onDataStateChanged: Skip startNetStatPoll
04-12 22:49:35.904 D/Dcc     ( 3447): onDataStateChanged: dcsToRetry=[] apnsToCleanup=[]
04-12 22:49:35.905 D/QtiGsmDCT( 3447): [0]getDataEnabled: getIntWithSubId retVal=true
04-12 22:49:35.906 D/Dcc     ( 3447): onDataStateChanged: X
04-12 22:49:35.906 D/DC-1    ( 3447): DcActiveState not handled msg.what=EVENT_DATA_CONNECTION_DRS_OR_RAT_CHANGED
04-12 22:49:35.906 D/DC-1    ( 3447): DcDefault msg=EVENT_DATA_CONNECTION_DRS_OR_RAT_CHANGED RefCount=1
04-12 22:49:35.906 D/DC-1    ( 3447): DcDefaultState: EVENT_DATA_CONNECTION_DRS_OR_RAT_CHANGED drs=0 mRilRat=15
04-12 22:49:35.906 D/QtiGsmDCT( 3447): [0]fetchDunApn: Ignore the dun apn in settings.db
04-12 22:49:35.961 D/QtiGsmDCT( 3447): [0]fetchDunApn: config_tether_apndata dunSetting=null
04-12 22:49:35.961 D/DC-1    ( 3447): isInternetRequested = true
04-12 22:49:35.962 D/DC-1    ( 3447): DcActiveState not handled msg.what=REQ_GET_LINK_PROPERTIES
04-12 22:49:35.962 D/DC-1    ( 3447): DcDefault msg=REQ_GET_LINK_PROPERTIES RefCount=1
04-12 22:49:35.962 D/DC-1    ( 3447): REQ_GET_LINK_PROPERTIES linkProperties{InterfaceName: rmnet_data0 LinkAddresses: [2a00:f41:200a:625d:4683:58b3:ef11:3899/64,]  Routes: [::/0 -> fe80::dcaa:d923:8cba:621e rmnet_data0,] DnsAddresses: [2a01:1700:3:ffff::9822,2a01:1700:2:ffff::9f01,] Domains: null MTU: 1500 TcpBufferSizes: 122334,734003,3461120,32040,192239,3461120}
04-12 22:49:35.965 D/QtiGsmDCT( 3447): [0]get active pdp is not null, return NetworkCapabilities for default
04-12 22:49:35.966 D/DC-1    ( 3447): DcActiveState not handled msg.what=REQ_GET_NETWORK_CAPABILITIES
04-12 22:49:35.966 D/DC-1    ( 3447): DcDefault msg=REQ_GET_NETWORK_CAPABILITIES RefCount=1
04-12 22:49:35.966 D/QtiGsmDCT( 3447): [0]fetchDunApn: Ignore the dun apn in settings.db
04-12 22:49:36.059 D/QtiGsmDCT( 3447): [0]fetchDunApn: config_tether_apndata dunSetting=null
04-12 22:49:36.059 D/DC-1    ( 3447): isInternetRequested = true
04-12 22:49:36.060 D/DC-1    ( 3447): REQ_GET_NETWORK_CAPABILITIES networkCapabilities[ Transports: CELLULAR Capabilities: SUPL&DUN&INTERNET&NOT_RESTRICTED&TRUSTED&NOT_VPN LinkUpBandwidth>=11264Kbps LinkDnBandwidth>=43008Kbps Specifier: <2>]
04-12 22:49:36.063 D/QtiGsmDCT( 3447): [0]isDataPossible(default): possible=true isDataAllowed=true apnTypePossible=true apnContextisEnabled=true apnContextState()=CONNECTED
04-12 22:49:36.063 D/QtiGsmDCT( 3447): [0]get active apn string for type:default
04-12 22:49:36.063 D/DCT     ( 3447): [ApnContext:default] getApnSetting: apnSetting=[ApnSettingV3] Orange Internet, 695, 26003, internetipv6, , , , , , 1, default | dun | hipri | supl, IPV6, IP, true, 0, 0, 1, false, 0, 0, 0, 0, , , 0, ,
04-12 22:49:36.072 D/TelephonyRegistry( 1891): Notify data connection state changed on sub: 2
04-12 22:49:36.072 D/TelephonyRegistry( 1891): Notify data connection state changed on sub: 2
04-12 22:49:36.072 D/TelephonyRegistry( 1891): Notify data connection state changed on sub: 2
04-12 22:49:36.072 D/TelephonyRegistry( 1891): Notify data connection state changed on sub: 2
04-12 22:49:36.073 D/TelephonyRegistry( 1891): Notify data connection state changed on sub: 2
04-12 22:49:36.073 D/TelephonyRegistry( 1891): Notify data connection state changed on sub: 2
04-12 22:49:36.073 D/TelephonyRegistry( 1891): broadcastPreciseDataConnectionStateChanged():state=2, apnType=default, smCause=(0), reason=null
04-12 22:49:36.074 D/RILJ    ( 3447): [6700]> OPERATOR [SUB0]
04-12 22:49:36.080 D/RILC    (  370): SOCKET RIL_SOCKET_1 REQUEST: OPERATOR length:8
04-12 22:49:36.081 D/RILJ    ( 3447): [6701]> DATA_REGISTRATION_STATE [SUB0]
04-12 22:49:36.082 D/RILJ    ( 3447): [6702]> VOICE_REGISTRATION_STATE [SUB0]
04-12 22:49:36.083 D/RILC    (  370): SOCKET RIL_SOCKET_1 REQUEST: DATA_REGISTRATION_STATE length:8
04-12 22:49:36.084 D/RILJ    ( 3447): [6703]> QUERY_NETWORK_SELECTION_MODE [SUB0]
04-12 22:49:36.085 D/RILC    (  370): SOCKET RIL_SOCKET_1 REQUEST: VOICE_REGISTRATION_STATE length:8
04-12 22:49:36.086 D/QtiGsmDCT( 3447): [0]QtiDcTracker handleMessage msg={ when=-198ms what=270377 obj=android.os.AsyncResult@1a55433 target=com.qti.internal.telephony.dataconnection.QtiDcTracker }
04-12 22:49:36.087 D/QtiGsmDCT( 3447): [0]handleMessage msg={ when=-198ms what=270377 obj=android.os.AsyncResult@1a55433 target=com.qti.internal.telephony.dataconnection.QtiDcTracker }
04-12 22:49:36.087 D/QtiGsmDCT( 3447): [0]onUpdateIcc: newIccRecords com.android.internal.telephony.uicc.SIMRecords
04-12 22:49:36.087 D/RILC    (  370): SOCKET RIL_SOCKET_1 REQUEST: QUERY_NETWORK_SELECTION_MODE length:8
04-12 22:49:36.088 D/GsmSST  ( 3447): [GsmSST] getCellLocation(): X good mCellLoc=[57330,46057520,472]
04-12 22:49:36.089 V/LG-FASTDORMANCY( 3447): [DCH/FACH] FDCount : 0 intent received :android.intent.action.SERVICE_STATE
04-12 22:49:36.089 E/PHONE   ( 3447): ServiceState.getRadioTechnology() DEPRECATED will be removed *******
04-12 22:49:36.090 I/LG-FASTDORMANCY( 3447): [DCH/FACH] FDCount : 0 Service State is changed : 0 0 voice home data home Orange Orange 26003 Orange Orange 26003  UMTS HSPAP CSS not supported -1 -1 RoamInd=-1 DefRoamInd=-1 EmergOnly=false IsDataRoamingFromRegistration=false mIsVoiceSearching=false mIsDataSearching=false mVoiceNetworkName=null mDataNetworkName=null Check64QAM0 Dual carrier0
04-12 22:49:36.090 I/LG-FASTDORMANCY( 3447): [DCH/FACH] FDCount : 0 radioTech changed!! currenRT = 15 isChange?? true
04-12 22:49:36.093 I/LG-FASTDORMANCY( 3447): [DCH/FACH] FDCount : 0 Radio Tech changed.
04-12 22:49:36.096 D/RILC    (  370): RequestComplete, RIL_SOCKET_1
04-12 22:49:36.096 E/RILC    (  370): Send Response to RIL_SOCKET_1
04-12 22:49:36.096 E/RILC    (  370): RIL Response bytes written:4
04-12 22:49:36.096 E/RILC    (  370): RIL Response bytes written:120
04-12 22:49:36.097 D/RILJ    ( 3447): [6701]< DATA_REGISTRATION_STATE {1, dff2, 02bec830, 15, null, 20, null, null, null, null, null, 0} [SUB0]
04-12 22:49:36.099 D/LG-FASTDORMANCY( 3447): [DCH/FACH] FDCount : 0 isUMTS(): RadioTech(15)
04-12 22:49:36.101 D/RILC    (  370): RequestComplete, RIL_SOCKET_1
04-12 22:49:36.101 E/RILC    (  370): Send Response to RIL_SOCKET_1
04-12 22:49:36.101 E/RILC    (  370): RIL Response bytes written:4
04-12 22:49:36.101 E/RILC    (  370): RIL Response bytes written:20
04-12 22:49:36.102 D/RILJ    ( 3447): [6703]< QUERY_NETWORK_SELECTION_MODE {0} [SUB0]
04-12 22:49:36.102 D/RILC    (  370): RequestComplete, RIL_SOCKET_1
04-12 22:49:36.103 E/RILC    (  370): Send Response to RIL_SOCKET_1
04-12 22:49:36.103 E/RILC    (  370): RIL Response bytes written:4
04-12 22:49:36.103 E/RILC    (  370): RIL Response bytes written:136
04-12 22:49:36.104 D/RILC    (  370): RequestComplete, RIL_SOCKET_1
04-12 22:49:36.104 E/RILC    (  370): Send Response to RIL_SOCKET_1
04-12 22:49:36.104 E/RILC    (  370): RIL Response bytes written:4
04-12 22:49:36.105 E/RILC    (  370): RIL Response bytes written:72
04-12 22:49:36.105 D/RILJ    ( 3447): [6702]< VOICE_REGISTRATION_STATE {1, dff2, 02bec830, 3, null, null, null, 0, null, null, 1, null, null, 0, 1d8} [SUB0]
04-12 22:49:36.105 D/RILJ    ( 3447): [6700]< OPERATOR {Orange, Orange, 26003} [SUB0]
04-12 22:49:36.106 D/QtiGsmDCT( 3447): [0]getDataEnabled: getIntWithSubId retVal=true
04-12 22:49:36.116 D/QtiGsmDCT( 3447): [0]getDataOnRoamingEnabled: phoneSubId=2 isDataRoamingEnabled=false
04-12 22:49:36.116 D/QtiGsmDCT( 3447): [0]getDataEnabled: getIntWithSubId retVal=true
04-12 22:49:36.116 D/GsmSST  ( 3447): isSFROperators result = false
04-12 22:49:36.116 D/PHONE   ( 3447): [ServiceState] setDataRegState=0
04-12 22:49:36.117 D/PHONE   ( 3447): [ServiceState] setDataRadioTechnology=15
04-12 22:49:36.117 D/GsmSST  ( 3447): [GsmSST] LOGRadioInfo : In Service
04-12 22:49:36.117 D/GsmSST  ( 3447): [GsmSST] handlPollStateResultMessage: GsmSST setDataRegState=0 regState=1 dataRadioTechnology=15
04-12 22:49:36.117 D/PHONE   ( 3447): [ServiceState] setVoiceRegState=0
04-12 22:49:36.117 E/PHONE   ( 3447): [ServiceState] setState deprecated use setVoiceRegState()
04-12 22:49:36.117 D/GsmSST  ( 3447): [GsmSST] LOGRadioInfo : In Service
04-12 22:49:36.120 D/GsmSST  ( 3447): [GsmSST] Poll ServiceState done:  oldSS=[0 0 voice home data home Orange Orange 26003 Orange Orange 26003  UMTS HSPAP CSS not supported -1 -1 RoamInd=-1 DefRoamInd=-1 EmergOnly=false IsDataRoamingFromRegistration=false mIsVoiceSearching=false mIsDataSearching=false mVoiceNetworkName=null mDataNetworkName=null Check64QAM0 Dual carrier0] newSS=[0 0 voice home data home Orange Orange 26003 Orange Orange 26003  UMTS HSPAP CSS not supported -1 -1 RoamInd=-1 DefRoamInd=-1 EmergOnly=false IsDataRoamingFromRegistration=false mIsVoiceSearching=false mIsDataSearching=false mVoiceNetworkName=null mDataNetworkName=null Check64QAM0 Dual carrier0] oldMaxDataCalls=20 mNewMaxDataCalls=20 oldReasonDataDenied=-1 mNewReasonDataDenied=-1
04-12 22:49:36.121 D/PHONE   ( 3447): [ServiceState] setNullState=1
04-12 22:49:36.134 D/RILJ    ( 3447): [6704]> REQUEST_GET_NEIGHBORING_CELL_IDS [SUB0]
04-12 22:49:36.136 D/RILC    (  370): SOCKET RIL_SOCKET_1 REQUEST: GET_NEIGHBORING_CELL_IDS length:8
04-12 22:49:36.137 I/RILQ    (  370): (0/370):RIL[0][main] qcril_qmi_nas_get_neighboring_cell_ids: completed with 0
04-12 22:49:36.140 I/RILQ    (  370): (0/370):RIL[0][qmi_cb] qcril_qmi_nas_get_neighboring_cells_cb: .. qmi error 0, resultqmi  0, qmi transp_err 0, ril res 0
04-12 22:49:36.141 D/RILC    (  370): RequestComplete, RIL_SOCKET_1
04-12 22:49:36.141 E/RILC    (  370): Send Response to RIL_SOCKET_1
04-12 22:49:36.141 E/RILC    (  370): RIL Response bytes written:4
04-12 22:49:36.141 E/RILC    (  370): RIL Response bytes written:44
04-12 22:49:36.141 I/RILQ    (  370): (0/370):RIL[0][qmi_cb] qcril_qmi_nas_get_neighboring_cells_cb: completed with 0 with 1 entries
04-12 22:49:36.145 D/RILJ    ( 3447): [6704]< REQUEST_GET_NEIGHBORING_CELL_IDS {[[]] } [SUB0]
04-12 22:49:36.153 D/RILJ    ( 3447): [6705]> RIL_REQUEST_GET_CELL_INFO_LIST [SUB0]
04-12 22:49:36.156 D/RILC    (  370): SOCKET RIL_SOCKET_1 REQUEST: GET_CELL_INFO_LIST length:8
04-12 22:49:36.160 D/RILC    (  370): RequestComplete, RIL_SOCKET_1
04-12 22:49:36.160 E/RILC    (  370): Send Response to RIL_SOCKET_1
04-12 22:49:36.160 E/RILC    (  370): RIL Response bytes written:4
04-12 22:49:36.160 E/RILC    (  370): RIL Response bytes written:112
04-12 22:49:36.161 D/RILJ    ( 3447): [6705]< RIL_REQUEST_GET_CELL_INFO_LIST [CellInfoWcdma:{mRegistered=YES mTimeStampType=oem_ril mTimeStamp=23510900707315ns CellIdentityWcdma:{ mMcc=260 mMnc=3 mLac=57330 mCid=46057520 mPsc=472} CellSignalStrengthWcdma: ss=13 ber=99}, CellInfoWcdma:{mRegistered=NO mTimeStampType=oem_ril mTimeStamp=23510900707315ns CellIdentityWcdma:{ mMcc=2147483647 mMnc=2147483647 mLac=2147483647 mCid=2147483647 mPsc=294} CellSignalStrengthWcdma: ss=10 ber=99}] [SUB0]
04-12 22:49:36.164 D/GsmSST  ( 3447): [GsmSST] SST.getAllCellInfo(): X size=2 list=[CellInfoWcdma:{mRegistered=YES mTimeStampType=oem_ril mTimeStamp=23510900707315ns CellIdentityWcdma:{ mMcc=260 mMnc=3 mLac=57330 mCid=46057520 mPsc=472} CellSignalStrengthWcdma: ss=13 ber=99}, CellInfoWcdma:{mRegistered=NO mTimeStampType=oem_ril mTimeStamp=23510900707315ns CellIdentityWcdma:{ mMcc=2147483647 mMnc=2147483647 mLac=2147483647 mCid=2147483647 mPsc=294} CellSignalStrengthWcdma: ss=10 ber=99}]
04-12 22:49:36.168 D/GsmSST  ( 3447): [GsmSST] getCellLocation(): X good mCellLoc=[57330,46057520,472]
04-12 22:49:36.664 D/QtiGsmDCT( 3447): [0]updateDataActivity: curTxRxSum={txSum=43857 rxSum=53461} preTxRxSum={txSum=43857 rxSum=53459}
04-12 22:49:36.664 D/QtiGsmDCT( 3447): [0]updateDataActivity: sent=0 received=2
04-12 22:49:36.664 D/QtiGsmDCT( 3447): [0]updateDataActivity: newActivity=DATAIN
04-12 22:49:36.670 D/QtiGsmDCT( 3447): [0]getDataEnabled: getIntWithSubId retVal=true
04-12 22:49:36.850 V/LG-FASTDORMANCY( 3447): [DCH/FACH] FDCount : 0 intent received :com.android.internal.telephony.ACTION_CHECK_NETSTAT
04-12 22:49:36.853 V/LG-FASTDORMANCY( 3447): [DCH/FACH] FDCount : 0 prev: TxPkts(43857), RxPkts(53459)
04-12 22:49:36.853 V/LG-FASTDORMANCY( 3447): [DCH/FACH] FDCount : 0 curr: TxPkts(43857), RxPkts(53461)
04-12 22:49:36.854 I/LG-FASTDORMANCY( 3447): [DCH/FACH] FDCount : 0 Scheduling checkNetStat for 1000msec, current state is [DCH/FACH] FDCount : 0
04-12 22:49:37.670 D/QtiGsmDCT( 3447): [0]updateDataActivity: curTxRxSum={txSum=43857 rxSum=53461} preTxRxSum={txSum=43857 rxSum=53461}
04-12 22:49:37.670 D/QtiGsmDCT( 3447): [0]updateDataActivity: sent=0 received=0
04-12 22:49:37.670 D/QtiGsmDCT( 3447): [0]updateDataActivity: newActivity=NONE
04-12 22:49:37.677 D/QtiGsmDCT( 3447): [0]getDataEnabled: getIntWithSubId retVal=true
04-12 22:49:37.860 V/LG-FASTDORMANCY( 3447): [DCH/FACH] FDCount : 0 intent received :com.android.internal.telephony.ACTION_CHECK_NETSTAT
04-12 22:49:37.865 V/LG-FASTDORMANCY( 3447): [DCH/FACH] FDCount : 0 prev: TxPkts(43857), RxPkts(53461)
04-12 22:49:37.865 V/LG-FASTDORMANCY( 3447): [DCH/FACH] FDCount : 0 curr: TxPkts(43857), RxPkts(53461)
04-12 22:49:37.866 I/LG-FASTDORMANCY( 3447): [DCH/FACH] FDCount : 1 Scheduling checkNetStat for 1000msec, current state is [DCH/FACH] FDCount : 1
04-12 22:49:38.084 I/RILC    (  370): RIL_SOCKET_1 UNSOLICITED: UNSOL_SIGNAL_STRENGTH length:68
04-12 22:49:38.084 E/RILC    (  370): Send Response to RIL_SOCKET_1
04-12 22:49:38.084 E/RILC    (  370): RIL Response bytes written:4
04-12 22:49:38.084 E/RILC    (  370): RIL Response bytes written:68
04-12 22:49:38.085 D/GsmSST  ( 3447): [GsmSST] ServiceStateTrackerEx:onSignalStrengthResult() isGsm=true DataRadioTech=15
04-12 22:49:38.085 W/LGSignalStrength( 3447): setDataRadioTechnology: dataRadioTechnology = 15
04-12 22:49:38.085 D/DefaultPhoneNotifier( 3447): notifySignalStrength: mRegistry=com.android.internal.telephony.ITelephonyRegistry$Stub$Proxy@ced2ad0 ss=SignalStrength: 15 0 -84 -45 -120 -1 -1 99 2147483647 2147483647 2147483647 2147483647 2147483647 gsm|lte 15 0 -84 -45 sender=Handler (com.qti.internal.telephony.gsm.QtiGSMPhone) {560d91e}
04-12 22:49:38.099 D/QtiGsmDCT( 3447): [0]getDataEnabled: getIntWithSubId retVal=true
