04-12 22:50:08.344 D/Dcc     ( 3447): onDataStateChanged: dcsList=[DataCallResponse: {version=11 status=0 retry=-1 cid=0 active=2 type=IPV6 ifname=rmnet_data0 mtu=1500 addresses=[2a00:0f41:200a:625d:4683:58b3:ef11:3899/64] dnses=[2a01:1700:0003:ffff:0000:0000:0000:9822,2a01:1700:0002:ffff:0000:0000:0000:9f01] gateways=[fe80:0000:0000:0000:dcaa:d923:8cba:621e] pcscf=[]}] mDcListActiveByCid={0={DC-1: State=DcActiveState mApnSetting=[ApnSettingV3] Orange Internet, 695, 26003, internetipv6, , , , , , 1, default | dun | hipri | supl, IPV6, IP, true, 0, 0, 1, false, 0, 0, 0, 0, , , 0, ,  RefCount=1 mCid=0 mCreateTime=-1 mLastastFailTime=-1 mLastFailCause=NONE mTag=4 mRetryManager=RetryManager: { forever=false maxRetry=10 curMaxRetry=0 retry=0 config={default_randomization=2000,5000,10000,20000,40000,80000:5000,160000:5000,320000:5000,640000:5000,1280000:5000,1800000:5000} retryArray={5000:2000 10000:2000 20000:2000 40000:2000 80000:5000 160000:5000 320000:5000 640000:5000 1280000:5000 1800000:5000 }} mLinkProperties={InterfaceName: rmnet_data0 LinkAddresses: [2a00:f41:200a:625d:4683:58b3:ef11:3899/64,]  Routes: [::/0 -> fe80::dcaa:d923:8cba:621e rmnet_data0,] DnsAddresses: [2a01:1700:3:ffff::9822,2a01:1700:2:ffff::9f01,] Domains: null MTU: 1500 TcpBufferSizes: 40778,244668,3461120,16777,140625,3461120} linkCapabilities=[ Transports: CELLULAR Capabilities: SUPL&DUN&INTERNET&NOT_RESTRICTED&TRUSTED&NOT_VPN LinkUpBandwidth>=5898Kbps LinkDnBandwidth>=14336Kbps Specifier: <2>] mApnContexts=[{mApnType=default mState=CONNECTED mWaitingApns={[[ApnSettingV3] Orange Internet, 695, 26003, internetipv6, , , , , , 1, default | dun | hipri | supl, IPV6, IP, true, 0, 0, 1, false, 0, 0, 0, 0, , , 0, , ]} mWaitingApnsPermanentFailureCountDown=1 mApnSetting={[ApnSettingV3] Orange Internet, 695, 26003, internetipv6, , , , , , 1, default | dun | hipri | supl, IPV6, IP, true, 0, 0, 1, false, 0, 0, 0, 0, , , 0, , } mReason=connected mDataEnabled=true mDependencyMet=true}]}}
04-12 22:50:08.344 D/Dcc     ( 3447): onDataStateChanged: dcsToRetry=[]
04-12 22:50:08.344 D/Dcc     ( 3447): onDataStateChanged: Found ConnId=0 newState=DataCallResponse: {version=11 status=0 retry=-1 cid=0 active=2 type=IPV6 ifname=rmnet_data0 mtu=1500 addresses=[2a00:0f41:200a:625d:4683:58b3:ef11:3899/64] dnses=[2a01:1700:0003:ffff:0000:0000:0000:9822,2a01:1700:0002:ffff:0000:0000:0000:9f01] gateways=[fe80:0000:0000:0000:dcaa:d923:8cba:621e] pcscf=[]}
04-12 22:50:08.344 D/DataCallResponse( 3447): addr/pl=2a00:0f41:200a:625d:4683:58b3:ef11:3899/64
04-12 22:50:08.345 D/DC-1    ( 3447): MTU set by call response to: 1500
04-12 22:50:08.345 D/Dcc     ( 3447): onDataStateChanged: no change
04-12 22:50:08.345 D/Dcc     ( 3447): onDataStateChanged: Data Activity updated to NONE. isAnyDataCallActive = true isAnyDataCallDormant = false
04-12 22:50:08.345 D/Dcc     ( 3447): onDataStateChanged: Skip startNetStatPoll
04-12 22:50:08.345 D/Dcc     ( 3447): onDataStateChanged: dcsToRetry=[] apnsToCleanup=[]
04-12 22:50:08.345 D/Dcc     ( 3447): onDataStateChanged: X
04-12 22:50:08.345 D/DC-1    ( 3447): DcActiveState not handled msg.what=EVENT_DATA_CONNECTION_DRS_OR_RAT_CHANGED
04-12 22:50:08.345 D/DC-1    ( 3447): DcDefault msg=EVENT_DATA_CONNECTION_DRS_OR_RAT_CHANGED RefCount=1
04-12 22:50:08.345 D/DC-1    ( 3447): DcDefaultState: EVENT_DATA_CONNECTION_DRS_OR_RAT_CHANGED drs=0 mRilRat=15
04-12 22:50:08.345 D/QtiGsmDCT( 3447): [0]fetchDunApn: Ignore the dun apn in settings.db
04-12 22:50:08.373 D/QtiGsmDCT( 3447): [0]fetchDunApn: config_tether_apndata dunSetting=null
04-12 22:50:08.374 D/DC-1    ( 3447): isInternetRequested = true
04-12 22:50:08.374 D/DC-1    ( 3447): DcActiveState not handled msg.what=REQ_GET_LINK_PROPERTIES
04-12 22:50:08.374 D/DC-1    ( 3447): DcDefault msg=REQ_GET_LINK_PROPERTIES RefCount=1
04-12 22:50:08.375 D/DC-1    ( 3447): REQ_GET_LINK_PROPERTIES linkProperties{InterfaceName: rmnet_data0 LinkAddresses: [2a00:f41:200a:625d:4683:58b3:ef11:3899/64,]  Routes: [::/0 -> fe80::dcaa:d923:8cba:621e rmnet_data0,] DnsAddresses: [2a01:1700:3:ffff::9822,2a01:1700:2:ffff::9f01,] Domains: null MTU: 1500 TcpBufferSizes: 122334,734003,3461120,32040,192239,3461120}
04-12 22:50:08.375 D/QtiGsmDCT( 3447): [0]get active pdp is not null, return NetworkCapabilities for default
04-12 22:50:08.375 D/DC-1    ( 3447): DcActiveState not handled msg.what=REQ_GET_NETWORK_CAPABILITIES
04-12 22:50:08.376 D/DC-1    ( 3447): DcDefault msg=REQ_GET_NETWORK_CAPABILITIES RefCount=1
04-12 22:50:08.376 D/QtiGsmDCT( 3447): [0]fetchDunApn: Ignore the dun apn in settings.db
04-12 22:50:08.402 D/QtiGsmDCT( 3447): [0]fetchDunApn: config_tether_apndata dunSetting=null
04-12 22:50:08.402 D/DC-1    ( 3447): isInternetRequested = true
04-12 22:50:08.402 D/DC-1    ( 3447): REQ_GET_NETWORK_CAPABILITIES networkCapabilities[ Transports: CELLULAR Capabilities: SUPL&DUN&INTERNET&NOT_RESTRICTED&TRUSTED&NOT_VPN LinkUpBandwidth>=11264Kbps LinkDnBandwidth>=43008Kbps Specifier: <2>]
04-12 22:50:08.404 D/QtiGsmDCT( 3447): [0]isDataPossible(default): possible=true isDataAllowed=true apnTypePossible=true apnContextisEnabled=true apnContextState()=CONNECTED
04-12 22:50:08.404 D/QtiGsmDCT( 3447): [0]get active apn string for type:default
04-12 22:50:08.404 D/DCT     ( 3447): [ApnContext:default] getApnSetting: apnSetting=[ApnSettingV3] Orange Internet, 695, 26003, internetipv6, , , , , , 1, default | dun | hipri | supl, IPV6, IP, true, 0, 0, 1, false, 0, 0, 0, 0, , , 0, ,
04-12 22:50:08.407 D/TelephonyRegistry( 1891): Notify data connection state changed on sub: 2
04-12 22:50:08.407 D/TelephonyRegistry( 1891): Notify data connection state changed on sub: 2
04-12 22:50:08.407 D/TelephonyRegistry( 1891): Notify data connection state changed on sub: 2
04-12 22:50:08.407 D/TelephonyRegistry( 1891): Notify data connection state changed on sub: 2
04-12 22:50:08.407 D/TelephonyRegistry( 1891): Notify data connection state changed on sub: 2
04-12 22:50:08.407 D/TelephonyRegistry( 1891): Notify data connection state changed on sub: 2
04-12 22:50:08.408 D/TelephonyRegistry( 1891): broadcastPreciseDataConnectionStateChanged():state=2, apnType=default, smCause=(0), reason=null
04-12 22:50:08.413 D/RILJ    ( 3447): [6755]> OPERATOR [SUB0]
04-12 22:50:08.414 D/RILJ    ( 3447): [6756]> DATA_REGISTRATION_STATE [SUB0]
04-12 22:50:08.414 D/GsmSST  ( 3447): [GsmSST] getCellLocation(): X good mCellLoc=[57330,46057520,472]
04-12 22:50:08.415 D/RILC    (  370): SOCKET RIL_SOCKET_1 REQUEST: OPERATOR length:8
04-12 22:50:08.416 D/RILJ    ( 3447): [6757]> VOICE_REGISTRATION_STATE [SUB0]
04-12 22:50:08.416 D/RILC    (  370): SOCKET RIL_SOCKET_1 REQUEST: DATA_REGISTRATION_STATE length:8
04-12 22:50:08.418 D/RILJ    ( 3447): [6758]> QUERY_NETWORK_SELECTION_MODE [SUB0]
04-12 22:50:08.418 D/RILC    (  370): SOCKET RIL_SOCKET_1 REQUEST: VOICE_REGISTRATION_STATE length:8
04-12 22:50:08.419 D/RILC    (  370): SOCKET RIL_SOCKET_1 REQUEST: QUERY_NETWORK_SELECTION_MODE length:8
04-12 22:50:08.420 V/LG-FASTDORMANCY( 3447): [DCH/FACH] FDCount : 0 intent received :android.intent.action.SERVICE_STATE
04-12 22:50:08.421 E/PHONE   ( 3447): ServiceState.getRadioTechnology() DEPRECATED will be removed *******
04-12 22:50:08.421 I/LG-FASTDORMANCY( 3447): [DCH/FACH] FDCount : 0 Service State is changed : 0 0 voice home data home Orange Orange 26003 Orange Orange 26003  UMTS HSPAP CSS not supported -1 -1 RoamInd=-1 DefRoamInd=-1 EmergOnly=false IsDataRoamingFromRegistration=false mIsVoiceSearching=false mIsDataSearching=false mVoiceNetworkName=null mDataNetworkName=null Check64QAM0 Dual carrier0
04-12 22:50:08.421 I/LG-FASTDORMANCY( 3447): [DCH/FACH] FDCount : 0 radioTech changed!! currenRT = 15 isChange?? true
04-12 22:50:08.422 I/LG-FASTDORMANCY( 3447): [DCH/FACH] FDCount : 0 Radio Tech changed.
04-12 22:50:08.422 D/QtiGsmDCT( 3447): [0]QtiDcTracker handleMessage msg={ when=-86ms what=270377 obj=android.os.AsyncResult@4cd16ab target=com.qti.internal.telephony.dataconnection.QtiDcTracker }
04-12 22:50:08.422 D/QtiGsmDCT( 3447): [0]handleMessage msg={ when=-86ms what=270377 obj=android.os.AsyncResult@4cd16ab target=com.qti.internal.telephony.dataconnection.QtiDcTracker }
04-12 22:50:08.422 D/QtiGsmDCT( 3447): [0]onUpdateIcc: newIccRecords com.android.internal.telephony.uicc.SIMRecords
04-12 22:50:08.423 D/LG-FASTDORMANCY( 3447): [DCH/FACH] FDCount : 0 isUMTS(): RadioTech(15)
04-12 22:50:08.425 D/QtiGsmDCT( 3447): [0]getDataEnabled: getIntWithSubId retVal=true
04-12 22:50:08.425 D/RILC    (  370): RequestComplete, RIL_SOCKET_1
04-12 22:50:08.425 E/RILC    (  370): Send Response to RIL_SOCKET_1
04-12 22:50:08.426 E/RILC    (  370): RIL Response bytes written:4
04-12 22:50:08.426 D/RILJ    ( 3447): [6755]< OPERATOR {Orange, Orange, 26003} [SUB0]
04-12 22:50:08.426 E/RILC    (  370): RIL Response bytes written:72
04-12 22:50:08.426 D/RILC    (  370): RequestComplete, RIL_SOCKET_1
04-12 22:50:08.427 E/RILC    (  370): Send Response to RIL_SOCKET_1
04-12 22:50:08.427 E/RILC    (  370): RIL Response bytes written:4
04-12 22:50:08.427 E/RILC    (  370): RIL Response bytes written:120
04-12 22:50:08.427 D/RILJ    ( 3447): [6756]< DATA_REGISTRATION_STATE {1, dff2, 02bec830, 15, null, 20, null, null, null, null, null, 0} [SUB0]
04-12 22:50:08.428 D/QtiGsmDCT( 3447): [0]getDataOnRoamingEnabled: phoneSubId=2 isDataRoamingEnabled=false
04-12 22:50:08.428 D/RILC    (  370): RequestComplete, RIL_SOCKET_1
04-12 22:50:08.428 E/RILC    (  370): Send Response to RIL_SOCKET_1
04-12 22:50:08.428 D/QtiGsmDCT( 3447): [0]getDataEnabled: getIntWithSubId retVal=true
04-12 22:50:08.429 D/GsmSST  ( 3447): isSFROperators result = false
04-12 22:50:08.429 D/PHONE   ( 3447): [ServiceState] setDataRegState=0
04-12 22:50:08.429 D/PHONE   ( 3447): [ServiceState] setDataRadioTechnology=15
04-12 22:50:08.429 D/GsmSST  ( 3447): [GsmSST] LOGRadioInfo : In Service
04-12 22:50:08.429 D/GsmSST  ( 3447): [GsmSST] handlPollStateResultMessage: GsmSST setDataRegState=0 regState=1 dataRadioTechnology=15
04-12 22:50:08.429 E/RILC    (  370): RIL Response bytes written:4
04-12 22:50:08.430 D/RILJ    ( 3447): [6757]< VOICE_REGISTRATION_STATE {1, dff2, 02bec830, 3, null, null, null, 0, null, null, 1, null, null, 0, 1d8} [SUB0]
04-12 22:50:08.430 E/RILC    (  370): RIL Response bytes written:136
04-12 22:50:08.430 D/PHONE   ( 3447): [ServiceState] setVoiceRegState=0
04-12 22:50:08.430 E/PHONE   ( 3447): [ServiceState] setState deprecated use setVoiceRegState()
04-12 22:50:08.430 D/GsmSST  ( 3447): [GsmSST] LOGRadioInfo : In Service
04-12 22:50:08.431 D/RILC    (  370): RequestComplete, RIL_SOCKET_1
04-12 22:50:08.431 E/RILC    (  370): Send Response to RIL_SOCKET_1
04-12 22:50:08.431 E/RILC    (  370): RIL Response bytes written:4
04-12 22:50:08.431 D/RILJ    ( 3447): [6758]< QUERY_NETWORK_SELECTION_MODE {0} [SUB0]
04-12 22:50:08.432 E/RILC    (  370): RIL Response bytes written:20
04-12 22:50:08.434 D/GsmSST  ( 3447): [GsmSST] Poll ServiceState done:  oldSS=[0 0 voice home data home Orange Orange 26003 Orange Orange 26003  UMTS HSPAP CSS not supported -1 -1 RoamInd=-1 DefRoamInd=-1 EmergOnly=false IsDataRoamingFromRegistration=false mIsVoiceSearching=false mIsDataSearching=false mVoiceNetworkName=null mDataNetworkName=null Check64QAM0 Dual carrier0] newSS=[0 0 voice home data home Orange Orange 26003 Orange Orange 26003  UMTS HSPAP CSS not supported -1 -1 RoamInd=-1 DefRoamInd=-1 EmergOnly=false IsDataRoamingFromRegistration=false mIsVoiceSearching=false mIsDataSearching=false mVoiceNetworkName=null mDataNetworkName=null Check64QAM0 Dual carrier0] oldMaxDataCalls=20 mNewMaxDataCalls=20 oldReasonDataDenied=-1 mNewReasonDataDenied=-1
04-12 22:50:08.434 D/PHONE   ( 3447): [ServiceState] setNullState=1
04-12 22:50:08.436 D/RILJ    ( 3447): [6759]> REQUEST_GET_NEIGHBORING_CELL_IDS [SUB0]
04-12 22:50:08.438 D/RILC    (  370): SOCKET RIL_SOCKET_1 REQUEST: GET_NEIGHBORING_CELL_IDS length:8
04-12 22:50:08.438 I/RILQ    (  370): (0/370):RIL[0][main] qcril_qmi_nas_get_neighboring_cell_ids: completed with 0
04-12 22:50:08.440 I/RILQ    (  370): (0/370):RIL[0][qmi_cb] qcril_qmi_nas_get_neighboring_cells_cb: .. qmi error 0, resultqmi  0, qmi transp_err 0, ril res 0
04-12 22:50:08.441 D/RILC    (  370): RequestComplete, RIL_SOCKET_1
04-12 22:50:08.441 E/RILC    (  370): Send Response to RIL_SOCKET_1
04-12 22:50:08.441 E/RILC    (  370): RIL Response bytes written:4
04-12 22:50:08.441 E/RILC    (  370): RIL Response bytes written:72
04-12 22:50:08.441 I/RILQ    (  370): (0/370):RIL[0][qmi_cb] qcril_qmi_nas_get_neighboring_cells_cb: completed with 0 with 2 entries
04-12 22:50:08.447 D/RILJ    ( 3447): [6759]< REQUEST_GET_NEIGHBORING_CELL_IDS {[[]] [[]] } [SUB0]
04-12 22:50:08.450 D/RILJ    ( 3447): [6760]> RIL_REQUEST_GET_CELL_INFO_LIST [SUB0]
04-12 22:50:08.451 D/RILC    (  370): SOCKET RIL_SOCKET_1 REQUEST: GET_CELL_INFO_LIST length:8
04-12 22:50:08.454 D/RILC    (  370): RequestComplete, RIL_SOCKET_1
04-12 22:50:08.454 E/RILC    (  370): Send Response to RIL_SOCKET_1
04-12 22:50:08.454 E/RILC    (  370): RIL Response bytes written:4
04-12 22:50:08.454 E/RILC    (  370): RIL Response bytes written:160
04-12 22:50:08.454 D/RILJ    ( 3447): [6760]< RIL_REQUEST_GET_CELL_INFO_LIST [CellInfoWcdma:{mRegistered=YES mTimeStampType=oem_ril mTimeStamp=23543195233449ns CellIdentityWcdma:{ mMcc=260 mMnc=3 mLac=57330 mCid=46057520 mPsc=472} CellSignalStrengthWcdma: ss=14 ber=99}, CellInfoWcdma:{mRegistered=NO mTimeStampType=oem_ril mTimeStamp=23543195233449ns CellIdentityWcdma:{ mMcc=2147483647 mMnc=2147483647 mLac=2147483647 mCid=2147483647 mPsc=294} CellSignalStrengthWcdma: ss=10 ber=99}, CellInfoWcdma:{mRegistered=NO mTimeStampType=oem_ril mTimeStamp=23543195233449ns CellIdentityWcdma:{ mMcc=2147483647 mMnc=2147483647 mLac=2147483647 mCid=2147483647 mPsc=382} CellSignalStrengthWcdma: ss=7 ber=99}] [SUB0]
04-12 22:50:08.455 D/GsmSST  ( 3447): [GsmSST] SST.getAllCellInfo(): X size=3 list=[CellInfoWcdma:{mRegistered=YES mTimeStampType=oem_ril mTimeStamp=23543195233449ns CellIdentityWcdma:{ mMcc=260 mMnc=3 mLac=57330 mCid=46057520 mPsc=472} CellSignalStrengthWcdma: ss=14 ber=99}, CellInfoWcdma:{mRegistered=NO mTimeStampType=oem_ril mTimeStamp=23543195233449ns CellIdentityWcdma:{ mMcc=2147483647 mMnc=2147483647 mLac=2147483647 mCid=2147483647 mPsc=294} CellSignalStrengthWcdma: ss=10 ber=99}, CellInfoWcdma:{mRegistered=NO mTimeStampType=oem_ril mTimeStamp=23543195233449ns CellIdentityWcdma:{ mMcc=2147483647 mMnc=2147483647 mLac=2147483647 mCid=2147483647 mPsc=382} CellSignalStrengthWcdma: ss=7 ber=99}]
04-12 22:50:08.459 D/GsmSST  ( 3447): [GsmSST] getCellLocation(): X good mCellLoc=[57330,46057520,472]
04-12 22:50:08.860 D/QtiGsmDCT( 3447): [0]updateDataActivity: curTxRxSum={txSum=43930 rxSum=53540} preTxRxSum={txSum=43923 rxSum=53531}
04-12 22:50:08.860 D/QtiGsmDCT( 3447): [0]updateDataActivity: sent=7 received=9
04-12 22:50:08.860 D/QtiGsmDCT( 3447): [0]updateDataActivity: newActivity=DATAINANDOUT
04-12 22:50:08.870 D/QtiGsmDCT( 3447): [0]getDataEnabled: getIntWithSubId retVal=true
04-12 22:50:09.307 V/LG-FASTDORMANCY( 3447): [DCH/FACH] FDCount : 0 intent received :com.android.internal.telephony.ACTION_CHECK_NETSTAT
04-12 22:50:09.311 V/LG-FASTDORMANCY( 3447): [DCH/FACH] FDCount : 0 prev: TxPkts(43923), RxPkts(53531)
04-12 22:50:09.311 V/LG-FASTDORMANCY( 3447): [DCH/FACH] FDCount : 0 curr: TxPkts(43930), RxPkts(53540)
04-12 22:50:09.312 I/LG-FASTDORMANCY( 3447): [DCH/FACH] FDCount : 0 Scheduling checkNetStat for 1000msec, current state is [DCH/FACH] FDCount : 0
04-12 22:50:09.867 D/QtiGsmDCT( 3447): [0]updateDataActivity: curTxRxSum={txSum=43934 rxSum=53542} preTxRxSum={txSum=43930 rxSum=53540}
04-12 22:50:09.867 D/QtiGsmDCT( 3447): [0]updateDataActivity: sent=4 received=2
04-12 22:50:10.316 V/LG-FASTDORMANCY( 3447): [DCH/FACH] FDCount : 0 intent received :com.android.internal.telephony.ACTION_CHECK_NETSTAT
04-12 22:50:10.320 V/LG-FASTDORMANCY( 3447): [DCH/FACH] FDCount : 0 prev: TxPkts(43930), RxPkts(53540)
04-12 22:50:10.320 V/LG-FASTDORMANCY( 3447): [DCH/FACH] FDCount : 0 curr: TxPkts(43934), RxPkts(53544)
04-12 22:50:10.321 I/LG-FASTDORMANCY( 3447): [DCH/FACH] FDCount : 0 Scheduling checkNetStat for 1000msec, current state is [DCH/FACH] FDCount : 0
04-12 22:50:10.872 D/QtiGsmDCT( 3447): [0]updateDataActivity: curTxRxSum={txSum=43950 rxSum=53560} preTxRxSum={txSum=43934 rxSum=53542}
04-12 22:50:10.872 D/QtiGsmDCT( 3447): [0]updateDataActivity: sent=16 received=18
04-12 22:50:11.324 V/LG-FASTDORMANCY( 3447): [DCH/FACH] FDCount : 0 intent received :com.android.internal.telephony.ACTION_CHECK_NETSTAT
04-12 22:50:11.333 V/LG-FASTDORMANCY( 3447): [DCH/FACH] FDCount : 0 prev: TxPkts(43934), RxPkts(53544)
04-12 22:50:11.333 V/LG-FASTDORMANCY( 3447): [DCH/FACH] FDCount : 0 curr: TxPkts(43954), RxPkts(53564)
04-12 22:50:11.335 I/LG-FASTDORMANCY( 3447): [DCH/FACH] FDCount : 0 Scheduling checkNetStat for 1000msec, current state is [DCH/FACH] FDCount : 0
04-12 22:50:11.875 D/QtiGsmDCT( 3447): [0]updateDataActivity: curTxRxSum={txSum=43956 rxSum=53567} preTxRxSum={txSum=43950 rxSum=53560}
04-12 22:50:11.875 D/QtiGsmDCT( 3447): [0]updateDataActivity: sent=6 received=7
04-12 22:50:12.339 V/LG-FASTDORMANCY( 3447): [DCH/FACH] FDCount : 0 intent received :com.android.internal.telephony.ACTION_CHECK_NETSTAT
04-12 22:50:12.342 V/LG-FASTDORMANCY( 3447): [DCH/FACH] FDCount : 0 prev: TxPkts(43954), RxPkts(53564)
04-12 22:50:12.343 V/LG-FASTDORMANCY( 3447): [DCH/FACH] FDCount : 0 curr: TxPkts(43958), RxPkts(53568)
04-12 22:50:12.343 I/LG-FASTDORMANCY( 3447): [DCH/FACH] FDCount : 0 Scheduling checkNetStat for 1000msec, current state is [DCH/FACH] FDCount : 0
04-12 22:50:12.882 D/QtiGsmDCT( 3447): [0]updateDataActivity: curTxRxSum={txSum=43959 rxSum=53569} preTxRxSum={txSum=43956 rxSum=53567}
04-12 22:50:12.882 D/QtiGsmDCT( 3447): [0]updateDataActivity: sent=3 received=2
04-12 22:50:13.349 V/LG-FASTDORMANCY( 3447): [DCH/FACH] FDCount : 0 intent received :com.android.internal.telephony.ACTION_CHECK_NETSTAT
04-12 22:50:13.353 V/LG-FASTDORMANCY( 3447): [DCH/FACH] FDCount : 0 prev: TxPkts(43958), RxPkts(53568)
04-12 22:50:13.353 V/LG-FASTDORMANCY( 3447): [DCH/FACH] FDCount : 0 curr: TxPkts(43960), RxPkts(53570)
04-12 22:50:13.354 I/LG-FASTDORMANCY( 3447): [DCH/FACH] FDCount : 0 Scheduling checkNetStat for 1000msec, current state is [DCH/FACH] FDCount : 0
04-12 22:50:13.885 D/QtiGsmDCT( 3447): [0]updateDataActivity: curTxRxSum={txSum=43960 rxSum=53570} preTxRxSum={txSum=43959 rxSum=53569}
04-12 22:50:13.885 D/QtiGsmDCT( 3447): [0]updateDataActivity: sent=1 received=1
04-12 22:50:14.357 V/LG-FASTDORMANCY( 3447): [DCH/FACH] FDCount : 0 intent received :com.android.internal.telephony.ACTION_CHECK_NETSTAT
04-12 22:50:14.361 V/LG-FASTDORMANCY( 3447): [DCH/FACH] FDCount : 0 prev: TxPkts(43960), RxPkts(53570)
04-12 22:50:14.361 V/LG-FASTDORMANCY( 3447): [DCH/FACH] FDCount : 0 curr: TxPkts(43960), RxPkts(53570)
04-12 22:50:14.362 I/LG-FASTDORMANCY( 3447): [DCH/FACH] FDCount : 1 Scheduling checkNetStat for 1000msec, current state is [DCH/FACH] FDCount : 1
04-12 22:50:14.889 D/QtiGsmDCT( 3447): [0]updateDataActivity: curTxRxSum={txSum=43960 rxSum=53570} preTxRxSum={txSum=43960 rxSum=53570}
04-12 22:50:14.889 D/QtiGsmDCT( 3447): [0]updateDataActivity: sent=0 received=0
04-12 22:50:14.889 D/QtiGsmDCT( 3447): [0]updateDataActivity: newActivity=NONE
04-12 22:50:14.897 D/QtiGsmDCT( 3447): [0]getDataEnabled: getIntWithSubId retVal=true
04-12 22:50:15.365 V/LG-FASTDORMANCY( 3447): [DCH/FACH] FDCount : 1 intent received :com.android.internal.telephony.ACTION_CHECK_NETSTAT
04-12 22:50:15.370 V/LG-FASTDORMANCY( 3447): [DCH/FACH] FDCount : 1 prev: TxPkts(43960), RxPkts(53570)
04-12 22:50:15.370 V/LG-FASTDORMANCY( 3447): [DCH/FACH] FDCount : 1 curr: TxPkts(43960), RxPkts(53570)
04-12 22:50:15.371 I/LG-FASTDORMANCY( 3447): [DCH/FACH] FDCount : 2 Scheduling checkNetStat for 1000msec, current state is [DCH/FACH] FDCount : 2
04-12 22:50:15.896 D/QtiGsmDCT( 3447): [0]updateDataActivity: curTxRxSum={txSum=43960 rxSum=53570} preTxRxSum={txSum=43960 rxSum=53570}
04-12 22:50:15.896 D/QtiGsmDCT( 3447): [0]updateDataActivity: sent=0 received=0
04-12 22:50:16.374 V/LG-FASTDORMANCY( 3447): [DCH/FACH] FDCount : 2 intent received :com.android.internal.telephony.ACTION_CHECK_NETSTAT
04-12 22:50:16.379 V/LG-FASTDORMANCY( 3447): [DCH/FACH] FDCount : 2 prev: TxPkts(43960), RxPkts(53570)
04-12 22:50:16.379 V/LG-FASTDORMANCY( 3447): [DCH/FACH] FDCount : 2 curr: TxPkts(43960), RxPkts(53570)
04-12 22:50:16.380 I/LG-FASTDORMANCY( 3447): [DCH/FACH] FDCount : 3 Scheduling checkNetStat for 1000msec, current state is [DCH/FACH] FDCount : 3
04-12 22:50:16.899 D/QtiGsmDCT( 3447): [0]updateDataActivity: curTxRxSum={txSum=43960 rxSum=53570} preTxRxSum={txSum=43960 rxSum=53570}
04-12 22:50:16.899 D/QtiGsmDCT( 3447): [0]updateDataActivity: sent=0 received=0
04-12 22:50:17.383 V/LG-FASTDORMANCY( 3447): [DCH/FACH] FDCount : 3 intent received :com.android.internal.telephony.ACTION_CHECK_NETSTAT
04-12 22:50:17.390 V/LG-FASTDORMANCY( 3447): [DCH/FACH] FDCount : 3 prev: TxPkts(43960), RxPkts(53570)
04-12 22:50:17.390 V/LG-FASTDORMANCY( 3447): [DCH/FACH] FDCount : 3 curr: TxPkts(43960), RxPkts(53570)
04-12 22:50:17.391 I/LG-FASTDORMANCY( 3447): [DCH/FACH] FDCount : 4 Scheduling checkNetStat for 1000msec, current state is [DCH/FACH] FDCount : 4
04-12 22:50:17.903 D/QtiGsmDCT( 3447): [0]updateDataActivity: curTxRxSum={txSum=43960 rxSum=53570} preTxRxSum={txSum=43960 rxSum=53570}
04-12 22:50:17.903 D/QtiGsmDCT( 3447): [0]updateDataActivity: sent=0 received=0
04-12 22:50:18.394 V/LG-FASTDORMANCY( 3447): [DCH/FACH] FDCount : 4 intent received :com.android.internal.telephony.ACTION_CHECK_NETSTAT
04-12 22:50:18.399 V/LG-FASTDORMANCY( 3447): [DCH/FACH] FDCount : 4 prev: TxPkts(43960), RxPkts(53570)
04-12 22:50:18.399 V/LG-FASTDORMANCY( 3447): [DCH/FACH] FDCount : 4 curr: TxPkts(43960), RxPkts(53570)
04-12 22:50:18.400 I/LG-FASTDORMANCY( 3447): [DCH/FACH] FDCount : 5 Scheduling checkNetStat for 1000msec, current state is [DCH/FACH] FDCount : 5
04-12 22:50:18.908 D/QtiGsmDCT( 3447): [0]updateDataActivity: curTxRxSum={txSum=43960 rxSum=53570} preTxRxSum={txSum=43960 rxSum=53570}
04-12 22:50:18.908 D/QtiGsmDCT( 3447): [0]updateDataActivity: sent=0 received=0
04-12 22:50:19.403 V/LG-FASTDORMANCY( 3447): [DCH/FACH] FDCount : 5 intent received :com.android.internal.telephony.ACTION_CHECK_NETSTAT
04-12 22:50:19.407 V/LG-FASTDORMANCY( 3447): [DCH/FACH] FDCount : 5 prev: TxPkts(43960), RxPkts(53570)
04-12 22:50:19.407 V/LG-FASTDORMANCY( 3447): [DCH/FACH] FDCount : 5 curr: TxPkts(43960), RxPkts(53570)
04-12 22:50:19.408 I/LG-FASTDORMANCY( 3447): [DCH/FACH] FDCount : 6 Scheduling checkNetStat for 1000msec, current state is [DCH/FACH] FDCount : 6
04-12 22:50:19.912 D/QtiGsmDCT( 3447): [0]updateDataActivity: curTxRxSum={txSum=43960 rxSum=53570} preTxRxSum={txSum=43960 rxSum=53570}
04-12 22:50:19.912 D/QtiGsmDCT( 3447): [0]updateDataActivity: sent=0 received=0
04-12 22:50:20.412 V/LG-FASTDORMANCY( 3447): [DCH/FACH] FDCount : 6 intent received :com.android.internal.telephony.ACTION_CHECK_NETSTAT
04-12 22:50:20.417 V/LG-FASTDORMANCY( 3447): [DCH/FACH] FDCount : 6 prev: TxPkts(43960), RxPkts(53570)
04-12 22:50:20.417 V/LG-FASTDORMANCY( 3447): [DCH/FACH] FDCount : 6 curr: TxPkts(43964), RxPkts(53572)
04-12 22:50:20.418 I/LG-FASTDORMANCY( 3447): [DCH/FACH] FDCount : 0 Scheduling checkNetStat for 1000msec, current state is [DCH/FACH] FDCount : 0
04-12 22:50:20.916 D/QtiGsmDCT( 3447): [0]updateDataActivity: curTxRxSum={txSum=43966 rxSum=53575} preTxRxSum={txSum=43960 rxSum=53570}
04-12 22:50:20.916 D/QtiGsmDCT( 3447): [0]updateDataActivity: sent=6 received=5
04-12 22:50:20.916 D/QtiGsmDCT( 3447): [0]updateDataActivity: newActivity=DATAINANDOUT
04-12 22:50:20.922 D/QtiGsmDCT( 3447): [0]getDataEnabled: getIntWithSubId retVal=true
04-12 22:50:21.420 V/LG-FASTDORMANCY( 3447): [DCH/FACH] FDCount : 0 intent received :com.android.internal.telephony.ACTION_CHECK_NETSTAT
04-12 22:50:21.423 V/LG-FASTDORMANCY( 3447): [DCH/FACH] FDCount : 0 prev: TxPkts(43964), RxPkts(53572)
04-12 22:50:21.423 V/LG-FASTDORMANCY( 3447): [DCH/FACH] FDCount : 0 curr: TxPkts(43967), RxPkts(53575)
04-12 22:50:21.424 I/LG-FASTDORMANCY( 3447): [DCH/FACH] FDCount : 0 Scheduling checkNetStat for 1000msec, current state is [DCH/FACH] FDCount : 0
