04-12 22:50:04.636 D/DC-1    ( 3447): DcDefaultState: EVENT_DATA_CONNECTION_DRS_OR_RAT_CHANGED drs=0 mRilRat=11
04-12 22:50:04.637 D/QtiGsmDCT( 3447): [0]fetchDunApn: Ignore the dun apn in settings.db
04-12 22:50:04.640 D/QtiGsmDCT( 3447): [0]return link properites for default
04-12 22:50:04.647 D/QtiGsmDCT( 3447): [0]getDataEnabled: getIntWithSubId retVal=true
04-12 22:50:04.677 D/QtiGsmDCT( 3447): [0]fetchDunApn: config_tether_apndata dunSetting=null
04-12 22:50:04.677 D/DC-1    ( 3447): isInternetRequested = true
04-12 22:50:04.679 D/DC-1    ( 3447): DcActiveState not handled msg.what=REQ_GET_LINK_PROPERTIES
04-12 22:50:04.679 D/DC-1    ( 3447): DcDefault msg=REQ_GET_LINK_PROPERTIES RefCount=1
04-12 22:50:04.679 D/DC-1    ( 3447): REQ_GET_LINK_PROPERTIES linkProperties{InterfaceName: rmnet_data0 LinkAddresses: [2a00:f41:200a:625d:4683:58b3:ef11:3899/64,]  Routes: [::/0 -> fe80::dcaa:d923:8cba:621e rmnet_data0,] DnsAddresses: [2a01:1700:3:ffff::9822,2a01:1700:2:ffff::9f01,] Domains: null MTU: 1500 TcpBufferSizes: 40778,244668,3461120,16777,140625,3461120}
04-12 22:50:04.680 D/QtiGsmDCT( 3447): [0]get active pdp is not null, return NetworkCapabilities for default
04-12 22:50:04.680 D/DC-1    ( 3447): DcActiveState not handled msg.what=REQ_GET_NETWORK_CAPABILITIES
04-12 22:50:04.680 D/DC-1    ( 3447): DcDefault msg=REQ_GET_NETWORK_CAPABILITIES RefCount=1
04-12 22:50:04.680 D/QtiGsmDCT( 3447): [0]fetchDunApn: Ignore the dun apn in settings.db
04-12 22:50:04.716 D/QtiGsmDCT( 3447): [0]fetchDunApn: config_tether_apndata dunSetting=null
04-12 22:50:04.716 D/DC-1    ( 3447): isInternetRequested = true
04-12 22:50:04.716 D/DC-1    ( 3447): REQ_GET_NETWORK_CAPABILITIES networkCapabilities[ Transports: CELLULAR Capabilities: SUPL&DUN&INTERNET&NOT_RESTRICTED&TRUSTED&NOT_VPN LinkUpBandwidth>=5898Kbps LinkDnBandwidth>=14336Kbps Specifier: <2>]
04-12 22:50:04.720 D/QtiGsmDCT( 3447): [0]isDataPossible(default): possible=true isDataAllowed=true apnTypePossible=true apnContextisEnabled=true apnContextState()=CONNECTED
04-12 22:50:04.720 D/QtiGsmDCT( 3447): [0]get active apn string for type:default
04-12 22:50:04.720 D/DCT     ( 3447): [ApnContext:default] getApnSetting: apnSetting=[ApnSettingV3] Orange Internet, 695, 26003, internetipv6, , , , , , 1, default | dun | hipri | supl, IPV6, IP, true, 0, 0, 1, false, 0, 0, 0, 0, , , 0, ,
04-12 22:50:04.722 D/TelephonyRegistry( 1891): Notify data connection state changed on sub: 2
04-12 22:50:04.722 D/TelephonyRegistry( 1891): Notify data connection state changed on sub: 2
04-12 22:50:04.722 D/TelephonyRegistry( 1891): Notify data connection state changed on sub: 2
04-12 22:50:04.722 D/TelephonyRegistry( 1891): Notify data connection state changed on sub: 2
04-12 22:50:04.722 D/TelephonyRegistry( 1891): Notify data connection state changed on sub: 2
04-12 22:50:04.722 D/TelephonyRegistry( 1891): Notify data connection state changed on sub: 2
04-12 22:50:04.723 D/TelephonyRegistry( 1891): broadcastPreciseDataConnectionStateChanged():state=2, apnType=default, smCause=(0), reason=null
04-12 22:50:04.725 D/RILJ    ( 3447): [6737]> OPERATOR [SUB0]
04-12 22:50:04.726 D/RILJ    ( 3447): [6738]> DATA_REGISTRATION_STATE [SUB0]
04-12 22:50:04.727 D/RILJ    ( 3447): [6739]> VOICE_REGISTRATION_STATE [SUB0]
04-12 22:50:04.727 D/RILC    (  370): SOCKET RIL_SOCKET_1 REQUEST: OPERATOR length:8
04-12 22:50:04.729 D/RILC    (  370): SOCKET RIL_SOCKET_1 REQUEST: DATA_REGISTRATION_STATE length:8
04-12 22:50:04.729 D/RILJ    ( 3447): [6740]> QUERY_NETWORK_SELECTION_MODE [SUB0]
04-12 22:50:04.729 D/QtiGsmDCT( 3447): [0]QtiDcTracker handleMessage msg={ when=-94ms what=270377 obj=android.os.AsyncResult@6d0ff1c target=com.qti.internal.telephony.dataconnection.QtiDcTracker }
04-12 22:50:04.729 D/QtiGsmDCT( 3447): [0]handleMessage msg={ when=-94ms what=270377 obj=android.os.AsyncResult@6d0ff1c target=com.qti.internal.telephony.dataconnection.QtiDcTracker }
04-12 22:50:04.729 D/QtiGsmDCT( 3447): [0]onUpdateIcc: newIccRecords com.android.internal.telephony.uicc.SIMRecords
04-12 22:50:04.730 D/RILC    (  370): SOCKET RIL_SOCKET_1 REQUEST: VOICE_REGISTRATION_STATE length:8
04-12 22:50:04.730 D/RILC    (  370): SOCKET RIL_SOCKET_1 REQUEST: QUERY_NETWORK_SELECTION_MODE length:8
04-12 22:50:04.731 V/LG-FASTDORMANCY( 3447): [DCH/FACH] FDCount : 10 intent received :android.intent.action.SERVICE_STATE
04-12 22:50:04.732 E/PHONE   ( 3447): ServiceState.getRadioTechnology() DEPRECATED will be removed *******
04-12 22:50:04.732 I/LG-FASTDORMANCY( 3447): [DCH/FACH] FDCount : 10 Service State is changed : 0 0 voice home data home Orange Orange 26003 Orange Orange 26003  UMTS HSPA CSS not supported -1 -1 RoamInd=-1 DefRoamInd=-1 EmergOnly=false IsDataRoamingFromRegistration=false mIsVoiceSearching=false mIsDataSearching=false mVoiceNetworkName=null mDataNetworkName=null Check64QAM0 Dual carrier0
04-12 22:50:04.732 I/LG-FASTDORMANCY( 3447): [DCH/FACH] FDCount : 10 radioTech changed!! currenRT = 11 isChange?? true
04-12 22:50:04.733 I/LG-FASTDORMANCY( 3447): [DCH/FACH] FDCount : 10 Radio Tech changed.
04-12 22:50:04.735 D/RILC    (  370): RequestComplete, RIL_SOCKET_1
04-12 22:50:04.736 D/LG-FASTDORMANCY( 3447): [DCH/FACH] FDCount : 10 isUMTS(): RadioTech(10)
04-12 22:50:04.736 E/RILC    (  370): Send Response to RIL_SOCKET_1
04-12 22:50:04.736 E/RILC    (  370): RIL Response bytes written:4
04-12 22:50:04.736 D/RILJ    ( 3447): [6738]< DATA_REGISTRATION_STATE {1, dff2, 02bec830, 11, null, 20, null, null, null, null, null, 0} [SUB0]
04-12 22:50:04.736 E/RILC    (  370): RIL Response bytes written:120
04-12 22:50:04.737 D/GsmSST  ( 3447): [GsmSST] getCellLocation(): X good mCellLoc=[57330,46057520,472]
04-12 22:50:04.740 D/QtiGsmDCT( 3447): [0]getDataOnRoamingEnabled: phoneSubId=2 isDataRoamingEnabled=false
04-12 22:50:04.740 D/QtiGsmDCT( 3447): [0]getDataEnabled: getIntWithSubId retVal=true
04-12 22:50:04.742 D/GsmSST  ( 3447): isSFROperators result = false
04-12 22:50:04.742 D/PHONE   ( 3447): [ServiceState] setDataRegState=0
04-12 22:50:04.742 D/PHONE   ( 3447): [ServiceState] setDataRadioTechnology=11
04-12 22:50:04.742 D/GsmSST  ( 3447): [GsmSST] LOGRadioInfo : In Service
04-12 22:50:04.742 D/GsmSST  ( 3447): [GsmSST] handlPollStateResultMessage: GsmSST setDataRegState=0 regState=1 dataRadioTechnology=11
04-12 22:50:04.743 D/QtiGsmDCT( 3447): [0]getDataEnabled: getIntWithSubId retVal=true
04-12 22:50:04.744 D/RILC    (  370): RequestComplete, RIL_SOCKET_1
04-12 22:50:04.744 E/RILC    (  370): Send Response to RIL_SOCKET_1
04-12 22:50:04.744 E/RILC    (  370): RIL Response bytes written:4
04-12 22:50:04.744 D/RILJ    ( 3447): [6737]< OPERATOR {Orange, Orange, 26003} [SUB0]
04-12 22:50:04.745 E/RILC    (  370): RIL Response bytes written:72
04-12 22:50:04.746 D/RILC    (  370): RequestComplete, RIL_SOCKET_1
04-12 22:50:04.746 E/RILC    (  370): Send Response to RIL_SOCKET_1
04-12 22:50:04.746 E/RILC    (  370): RIL Response bytes written:4
04-12 22:50:04.746 E/RILC    (  370): RIL Response bytes written:20
04-12 22:50:04.746 D/RILJ    ( 3447): [6740]< QUERY_NETWORK_SELECTION_MODE {0} [SUB0]
04-12 22:50:04.747 D/RILC    (  370): RequestComplete, RIL_SOCKET_1
04-12 22:50:04.747 E/RILC    (  370): Send Response to RIL_SOCKET_1
04-12 22:50:04.747 E/RILC    (  370): RIL Response bytes written:4
04-12 22:50:04.747 E/RILC    (  370): RIL Response bytes written:136
04-12 22:50:04.748 D/RILJ    ( 3447): [6739]< VOICE_REGISTRATION_STATE {1, dff2, 02bec830, 3, null, null, null, 0, null, null, 1, null, null, 0, 1d8} [SUB0]
04-12 22:50:04.748 D/PHONE   ( 3447): [ServiceState] setVoiceRegState=0
04-12 22:50:04.748 E/PHONE   ( 3447): [ServiceState] setState deprecated use setVoiceRegState()
04-12 22:50:04.749 D/GsmSST  ( 3447): [GsmSST] LOGRadioInfo : In Service
04-12 22:50:04.750 D/GsmSST  ( 3447): [GsmSST] Poll ServiceState done:  oldSS=[0 0 voice home data home Orange Orange 26003 Orange Orange 26003  UMTS HSPA CSS not supported -1 -1 RoamInd=-1 DefRoamInd=-1 EmergOnly=false IsDataRoamingFromRegistration=false mIsVoiceSearching=false mIsDataSearching=false mVoiceNetworkName=null mDataNetworkName=null Check64QAM0 Dual carrier0] newSS=[0 0 voice home data home Orange Orange 26003 Orange Orange 26003  UMTS HSPA CSS not supported -1 -1 RoamInd=-1 DefRoamInd=-1 EmergOnly=false IsDataRoamingFromRegistration=false mIsVoiceSearching=false mIsDataSearching=false mVoiceNetworkName=null mDataNetworkName=null Check64QAM0 Dual carrier0] oldMaxDataCalls=20 mNewMaxDataCalls=20 oldReasonDataDenied=-1 mNewReasonDataDenied=-1
04-12 22:50:04.750 D/PHONE   ( 3447): [ServiceState] setNullState=1
04-12 22:50:04.754 D/RILJ    ( 3447): [6741]> REQUEST_GET_NEIGHBORING_CELL_IDS [SUB0]
04-12 22:50:04.756 D/RILC    (  370): SOCKET RIL_SOCKET_1 REQUEST: GET_NEIGHBORING_CELL_IDS length:8
04-12 22:50:04.756 I/RILQ    (  370): (0/370):RIL[0][main] qcril_qmi_nas_get_neighboring_cell_ids: completed with 0
04-12 22:50:04.759 I/RILQ    (  370): (0/370):RIL[0][qmi_cb] qcril_qmi_nas_get_neighboring_cells_cb: .. qmi error 0, resultqmi  0, qmi transp_err 0, ril res 0
04-12 22:50:04.760 D/RILC    (  370): RequestComplete, RIL_SOCKET_1
04-12 22:50:04.760 E/RILC    (  370): Send Response to RIL_SOCKET_1
04-12 22:50:04.760 E/RILC    (  370): RIL Response bytes written:4
04-12 22:50:04.760 E/RILC    (  370): RIL Response bytes written:212
04-12 22:50:04.760 I/RILQ    (  370): (0/370):RIL[0][qmi_cb] qcril_qmi_nas_get_neighboring_cells_cb: completed with 0 with 7 entries
04-12 22:50:04.763 D/RILJ    ( 3447): [6741]< REQUEST_GET_NEIGHBORING_CELL_IDS {[[17e@-98]] [[3e@-98]] [[126@-98]] [[128@-99]] [[14@-101]] [[121@-101]] [[116@-106]] } [SUB0]
04-12 22:50:04.766 D/RILJ    ( 3447): [6742]> RIL_REQUEST_GET_CELL_INFO_LIST [SUB0]
04-12 22:50:04.767 D/RILC    (  370): SOCKET RIL_SOCKET_1 REQUEST: GET_CELL_INFO_LIST length:8
04-12 22:50:04.771 D/RILC    (  370): RequestComplete, RIL_SOCKET_1
04-12 22:50:04.771 E/RILC    (  370): Send Response to RIL_SOCKET_1
04-12 22:50:04.771 E/RILC    (  370): RIL Response bytes written:4
04-12 22:50:04.771 D/RILJ    ( 3447): [6742]< RIL_REQUEST_GET_CELL_INFO_LIST [CellInfoWcdma:{mRegistered=YES mTimeStampType=oem_ril mTimeStamp=23539511754804ns CellIdentityWcdma:{ mMcc=260 mMnc=3 mLac=57330 mCid=46057520 mPsc=472} CellSignalStrengthWcdma: ss=11 ber=99}, CellInfoWcdma:{mRegistered=NO mTimeStampType=oem_ril mTimeStamp=23539511754804ns CellIdentityWcdma:{ mMcc=2147483647 mMnc=2147483647 mLac=2147483647 mCid=2147483647 mPsc=382} CellSignalStrengthWcdma: ss=8 ber=99}, CellInfoWcdma:{mRegistered=NO mTimeStampType=oem_ril mTimeStamp=23539511754804ns CellIdentityWcdma:{ mMcc=2147483647 mMnc=2147483647 mLac=2147483647 mCid=2147483647 mPsc=62} CellSignalStrengthWcdma: ss=8 ber=99}, CellInfoWcdma:{mRegistered=NO mTimeStampType=oem_ril mTimeStamp=23539511754804ns CellIdentityWcdma:{ mMcc=2147483647 mMnc=2147483647 mLac=2147483647 mCid=2147483647 mPsc=294} CellSignalStrengthWcdma: ss=8 ber=99}, CellInfoWcdma:{mRegistered=NO mTimeStampType=oem_ril mTimeStamp=23539511754804ns CellIdentityWcdma:{ mMcc=2147483647 mMnc=2147483647 mLac=2147483647 mCid=2147483647 mPsc=296} CellSignalStrengthWcdma: ss=7 ber=99}, CellInfoWcdma:{mRegistered=NO mTimeStampType=oem_ril mTimeStamp=23539511754804ns CellIdentityWcdma:{ mMcc=2147483647 mMnc=2147483647 mLac=2147483647 mCid=2147483647 mPsc=20} CellSignalStrengthWcdma: ss=6 ber=99}, CellInfoWcdma:{mRegistered=NO mTimeStampType=oem_ril mTimeStamp=23539511754804ns CellIdentityWcdma:{ mMcc=2147483647 mMnc=2147483647 mLac=2147483647 mCid=2147483647 mPsc=289} CellSignalStrengthWcdma: ss=6 ber=99}, CellInfoWcdma:{mRegistered=NO mTimeStampType=oem_ril mTimeStamp=23539511754804ns CellIdentityWcdma:{ mMcc=2147483647 mMnc=2147483647 mLac=2147483647 mCid=2147483647 mPsc=278} CellSignalStrengthWcdma: ss=4 ber=99}] [SUB0]
04-12 22:50:04.772 E/RILC    (  370): RIL Response bytes written:400
04-12 22:50:04.773 D/GsmSST  ( 3447): [GsmSST] SST.getAllCellInfo(): X size=8 list=[CellInfoWcdma:{mRegistered=YES mTimeStampType=oem_ril mTimeStamp=23539511754804ns CellIdentityWcdma:{ mMcc=260 mMnc=3 mLac=57330 mCid=46057520 mPsc=472} CellSignalStrengthWcdma: ss=11 ber=99}, CellInfoWcdma:{mRegistered=NO mTimeStampType=oem_ril mTimeStamp=23539511754804ns CellIdentityWcdma:{ mMcc=2147483647 mMnc=2147483647 mLac=2147483647 mCid=2147483647 mPsc=382} CellSignalStrengthWcdma: ss=8 ber=99}, CellInfoWcdma:{mRegistered=NO mTimeStampType=oem_ril mTimeStamp=23539511754804ns CellIdentityWcdma:{ mMcc=2147483647 mMnc=2147483647 mLac=2147483647 mCid=2147483647 mPsc=62} CellSignalStrengthWcdma: ss=8 ber=99}, CellInfoWcdma:{mRegistered=NO mTimeStampType=oem_ril mTimeStamp=23539511754804ns CellIdentityWcdma:{ mMcc=2147483647 mMnc=2147483647 mLac=2147483647 mCid=2147483647 mPsc=294} CellSignalStrengthWcdma: ss=8 ber=99}, CellInfoWcdma:{mRegistered=NO mTimeStampType=oem_ril mTimeStamp=23539511754804ns CellIdentityWcdma:{ mMcc=2147483647 mMnc=2147483647 mLac=2147483647 mCid=2147483647 mPsc=296} CellSignalStrengthWcdma: ss=7 ber=99}, CellInfoWcdma:{mRegistered=NO mTimeStampType=oem_ril mTimeStamp=23539511754804ns CellIdentityWcdma:{ mMcc=2147483647 mMnc=2147483647 mLac=2147483647 mCid=2147483647 mPsc=20} CellSignalStrengthWcdma: ss=6 ber=99}, CellInfoWcdma:{mRegistered=NO mTimeStampType=oem_ril mTimeStamp=23539511754804ns CellIdentityWcdma:{ mMcc=2147483647 mMnc=2147483647 mLac=2147483647 mCid=2147483647 mPsc=289} CellSignalStrengthWcdma: ss=6 ber=99}, CellInfoWcdma:{mRegistered=NO mTimeStampType=oem_ril mTimeStamp=23539511754804ns CellIdentityWcdma:{ mMcc=2147483647 mMnc=2147483647 mLac=2147483647 mCid=2147483647 mPsc=278} CellSignalStrengthWcdma: ss=4 ber=99}]
04-12 22:50:04.778 D/GsmSST  ( 3447): [GsmSST] getCellLocation(): X good mCellLoc=[57330,46057520,472]
04-12 22:50:04.836 D/QtiGsmDCT( 3447): [0]updateDataActivity: curTxRxSum={txSum=43923 rxSum=53531} preTxRxSum={txSum=43923 rxSum=53531}
04-12 22:50:04.836 D/QtiGsmDCT( 3447): [0]updateDataActivity: sent=0 received=0
04-12 22:50:05.208 V/LG-FASTDORMANCY( 3447): [DCH/FACH] FDCount : 10 intent received :com.android.internal.telephony.ACTION_CHECK_NETSTAT
04-12 22:50:05.217 V/LG-FASTDORMANCY( 3447): [DCH/FACH] FDCount : 10 prev: TxPkts(43923), RxPkts(53531)
04-12 22:50:05.217 V/LG-FASTDORMANCY( 3447): [DCH/FACH] FDCount : 10 curr: TxPkts(43923), RxPkts(53531)
04-12 22:50:05.221 V/LG-FASTDORMANCY( 3447): [DCH/FACH] FDCount : 11 isRetryNeeded(): mRetryCount: 0, MaxRetry: 1
04-12 22:50:05.231 D/LG-FASTDORMANCY( 3447): [DCH/FACH] FDCount : 11 isUMTS(): RadioTech(10)
04-12 22:50:05.231 D/LG-FASTDORMANCY( 3447): [DCH/FACH] FDCount : 11 triggerGoDormant() using qcRilGoDormant with GO_DORMANT_INTERFACE_ALL
04-12 22:50:05.235 E/RILQ    (  370): (0/370): RIL[0][oem_socket0] void qcril_qmi_generic_socket_agent::recv_thread_func(): read 4 bytes length message with length 28
04-12 22:50:05.236 E/RILQ    (  370): (0/370): RIL[0][oem_socket0] qcril_data_iface_go_dormant:  binding v6 handle to IPV6 family failed rc=-1, qmi_err=0
04-12 22:50:05.240 E/RILQ    (  370): (0/370): RIL[0][oem_socket0] qcril_data_process_qcrilhook_go_dormant: invalid dev_instance [-1] derived for index [1]
04-12 22:50:05.240 E/RILQ    (  370): (0/370): RIL[0][oem_socket0] qcril_data_process_qcrilhook_go_dormant: invalid dev_instance [-1] derived for index [2]
04-12 22:50:05.240 E/RILQ    (  370): (0/370): RIL[0][oem_socket0] qcril_data_process_qcrilhook_go_dormant: invalid dev_instance [-1] derived for index [3]
04-12 22:50:05.240 E/RILQ    (  370): (0/370): RIL[0][oem_socket0] qcril_data_process_qcrilhook_go_dormant: invalid dev_instance [-1] derived for index [4]
04-12 22:50:05.240 E/RILQ    (  370): (0/370): RIL[0][oem_socket0] qcril_data_process_qcrilhook_go_dormant: invalid dev_instance [-1] derived for index [5]
04-12 22:50:05.240 E/RILQ    (  370): (0/370): RIL[0][oem_socket0] qcril_data_process_qcrilhook_go_dormant: invalid dev_instance [-1] derived for index [6]
04-12 22:50:05.240 E/RILQ    (  370): (0/370): RIL[0][oem_socket0] qcril_data_process_qcrilhook_go_dormant: invalid dev_instance [-1] derived for index [7]
04-12 22:50:05.240 E/RILQ    (  370): (0/370): RIL[0][oem_socket0] qcril_data_process_qcrilhook_go_dormant: invalid dev_instance [-1] derived for index [8]
04-12 22:50:05.240 E/RILQ    (  370): (0/370): RIL[0][oem_socket0] qcril_data_process_qcrilhook_go_dormant: invalid dev_instance [-1] derived for index [9]
04-12 22:50:05.240 E/RILQ    (  370): (0/370): RIL[0][oem_socket0] qcril_data_process_qcrilhook_go_dormant: invalid dev_instance [-1] derived for index [10]
04-12 22:50:05.240 E/RILQ    (  370): (0/370): RIL[0][oem_socket0] qcril_data_process_qcrilhook_go_dormant: invalid dev_instance [-1] derived for index [11]
04-12 22:50:05.240 E/RILQ    (  370): (0/370): RIL[0][oem_socket0] qcril_data_process_qcrilhook_go_dormant: invalid dev_instance [-1] derived for index [12]
04-12 22:50:05.240 E/RILQ    (  370): (0/370): RIL[0][oem_socket0] qcril_data_process_qcrilhook_go_dormant: invalid dev_instance [-1] derived for index [13]
04-12 22:50:05.240 E/RILQ    (  370): (0/370): RIL[0][oem_socket0] qcril_data_process_qcrilhook_go_dormant: invalid dev_instance [-1] derived for index [14]
04-12 22:50:05.240 E/RILQ    (  370): (0/370): RIL[0][oem_socket0] qcril_data_process_qcrilhook_go_dormant: invalid dev_instance [-1] derived for index [15]
04-12 22:50:05.240 E/RILQ    (  370): (0/370): RIL[0][oem_socket0] qcril_data_process_qcrilhook_go_dormant: invalid dev_instance [-1] derived for index [16]
04-12 22:50:05.241 E/RILQ    (  370): (0/370): RIL[0][oem_socket0] qcril_data_process_qcrilhook_go_dormant: invalid dev_instance [-1] derived for index [17]
04-12 22:50:05.241 E/RILQ    (  370): (0/370): RIL[0][oem_socket0] qcril_data_process_qcrilhook_go_dormant: invalid dev_instance [-1] derived for index [18]
04-12 22:50:05.241 E/RILQ    (  370): (0/370): RIL[0][oem_socket0] qcril_data_process_qcrilhook_go_dormant: invalid dev_instance [-1] derived for index [19]
04-12 22:50:05.244 V/LG-FASTDORMANCY( 3447): [DCH/FACH] FDCount : 0 increaseCount(): mRetryCount: 1
04-12 22:50:05.244 I/LG-FASTDORMANCY( 3447): [DCH/FACH] FDCount : 0 Scheduling checkNetStat for 1000msec, current state is [DCH/FACH] FDCount : 0
04-12 22:50:05.379 I/RILC    (  370): RIL_SOCKET_1 UNSOLICITED: RIL_UNSOL_LTE_REJECT_CAUSE length:16
04-12 22:50:05.379 E/RILC    (  370): Send Response to RIL_SOCKET_1
04-12 22:50:05.379 E/RILC    (  370): RIL Response bytes written:4
04-12 22:50:05.379 E/RILC    (  370): RIL Response bytes written:16
04-12 22:50:05.380 I/RILC    (  370): RIL_SOCKET_1 UNSOLICITED: UNSOL_OEM_HOOK_RAW length:32
04-12 22:50:05.380 E/RILC    (  370): Send Response to RIL_SOCKET_1
04-12 22:50:05.380 E/RILC    (  370): RIL Response bytes written:4
04-12 22:50:05.380 E/RILC    (  370): RIL Response bytes written:32
04-12 22:50:05.380 D/RILJ    ( 3447): [UNSL]< RIL_UNSOL_LTE_REJECT_CAUSE {15} [SUB0]
04-12 22:50:05.380 V/RILJ    ( 3447): [UNSL]< UNSOL_OEM_HOOK_RAW 514f454d484f4f4bef0308000100000002 [SUB0]
04-12 22:50:05.380 D/RILJ    ( 3447): Oem ID in RIL_UNSOL_OEM_HOOK_RAW is QOEMHOOK
04-12 22:50:05.380 D/RILJ    ( 3447): OEM ID check Passed
04-12 22:50:05.380 D/RILJ    ( 3447): Response ID in RIL_UNSOL_OEM_HOOK_RAW is 525295
04-12 22:50:05.380 D/RILJ    ( 3447): Response ID 525295 is not served in this process.
04-12 22:50:05.382 I/RILC    (  370): RIL_SOCKET_1 UNSOLICITED: UNSOL_RESPONSE_VOICE_NETWORK_STATE_CHANGED length:8
04-12 22:50:05.382 E/RILC    (  370): Send Response to RIL_SOCKET_1
04-12 22:50:05.382 E/RILC    (  370): RIL Response bytes written:4
04-12 22:50:05.382 E/RILC    (  370): RIL Response bytes written:8
04-12 22:50:05.382 D/RILJ    ( 3447): [UNSL]< UNSOL_RESPONSE_VOICE_NETWORK_STATE_CHANGED [SUB0]
04-12 22:50:05.382 D/RILJ    ( 3447): [6743]> OPERATOR [SUB0]
04-12 22:50:05.384 I/RILC    (  370): RIL_SOCKET_1 UNSOLICITED: UNSOL_DATA_CALL_LIST_CHANGED length:428
04-12 22:50:05.384 E/RILC    (  370): Send Response to RIL_SOCKET_1
04-12 22:50:05.384 E/RILC    (  370): RIL Response bytes written:4
04-12 22:50:05.384 E/RILC    (  370): RIL Response bytes written:428
04-12 22:50:05.384 D/RILJ    ( 3447): [6744]> DATA_REGISTRATION_STATE [SUB0]
04-12 22:50:05.384 D/RILJ    ( 3447): responseDataCallList ver=11 num=1 [SUB0]
04-12 22:50:05.385 D/RILJ    ( 3447): getDataCallResponse before ver=11 [SUB0]
04-12 22:50:05.385 D/RILJ    ( 3447): [UNSL]< UNSOL_DATA_CALL_LIST_CHANGED [DataCallResponse: {version=11 status=0 retry=-1 cid=0 active=1 type=IPV6 ifname=rmnet_data0 mtu=1500 addresses=[2a00:0f41:200a:625d:4683:58b3:ef11:3899/64] dnses=[2a01:1700:0003:ffff:0000:0000:0000:9822,2a01:1700:0002:ffff:0000:0000:0000:9f01] gateways=[fe80:0000:0000:0000:dcaa:d923:8cba:621e] pcscf=[]}] [SUB0]
04-12 22:50:05.385 D/RILJ    ( 3447): [6745]> VOICE_REGISTRATION_STATE [SUB0]
04-12 22:50:05.386 I/LG-FASTDORMANCY( 3447): [DCH/FACH] FDCount : 0 Data call list changed.
04-12 22:50:05.386 D/RILC    (  370): SOCKET RIL_SOCKET_1 REQUEST: OPERATOR length:8
04-12 22:50:05.386 I/LG-FASTDORMANCY( 3447): [DCH/FACH] FDCount : 0 [DataCallResponse: {version=11 status=0 retry=-1 cid=0 active=1 type=IPV6 ifname=rmnet_data0 mtu=1500 addresses=[2a00:0f41:200a:625d:4683:58b3:ef11:3899/64] dnses=[2a01:1700:0003:ffff:0000:0000:0000:9822,2a01:1700:0002:ffff:0000:0000:0000:9f01] gateways=[fe80:0000:0000:0000:dcaa:d923:8cba:621e] pcscf=[]}]
04-12 22:50:05.386 I/LG-FASTDORMANCY( 3447): [DCH/FACH] FDCount : 0 prev:[DCH/FACH] FDCount : 0 , curr:true
04-12 22:50:05.386 D/QtiGsmDCT( 3447): [0]fetchDunApn: Ignore the dun apn in settings.db
04-12 22:50:05.386 D/RILJ    ( 3447): [6746]> QUERY_NETWORK_SELECTION_MODE [SUB0]
04-12 22:50:05.386 D/RILC    (  370): SOCKET RIL_SOCKET_1 REQUEST: DATA_REGISTRATION_STATE length:8
04-12 22:50:05.387 D/LG-FASTDORMANCY( 3447): [DCH/FACH] FDCount : 0 isUMTS(): RadioTech(10)
04-12 22:50:05.387 D/LG-FASTDORMANCY( 3447): [DCH/FACH] FDCount : 0 Exit from DCH or FACH State
04-12 22:50:05.387 D/LG-FASTDORMANCY( 3447): [IDLE] Enter to IDLE State
04-12 22:50:05.388 D/RILC    (  370): SOCKET RIL_SOCKET_1 REQUEST: VOICE_REGISTRATION_STATE length:8
04-12 22:50:05.388 D/QtiGsmDCT( 3447): [0]QtiDcTracker handleMessage msg={ when=-4ms what=270340 obj=android.os.AsyncResult@5f5725 target=com.qti.internal.telephony.dataconnection.QtiDcTracker }
04-12 22:50:05.389 D/QtiGsmDCT( 3447): [0]handleMessage msg={ when=-4ms what=270340 obj=android.os.AsyncResult@5f5725 target=com.qti.internal.telephony.dataconnection.QtiDcTracker }
04-12 22:50:05.389 E/DATA    ( 3447): Unidentified event msg={ when=-4ms what=270340 obj=android.os.AsyncResult@5f5725 target=com.qti.internal.telephony.dataconnection.QtiDcTracker }
04-12 22:50:05.390 D/RILC    (  370): SOCKET RIL_SOCKET_1 REQUEST: QUERY_NETWORK_SELECTION_MODE length:8
04-12 22:50:05.390 D/LG-FASTDORMANCY( 3447): [IDLE] isUMTS(): RadioTech(10)
04-12 22:50:05.390 D/LG-FASTDORMANCY( 3447): [IDLE] resetAll()
04-12 22:50:05.398 V/LG-FASTDORMANCY( 3447): [IDLE] prev: TxPkts(43923), RxPkts(53531)
04-12 22:50:05.398 V/LG-FASTDORMANCY( 3447): [IDLE] curr: TxPkts(43923), RxPkts(53531)
04-12 22:50:05.398 V/LG-FASTDORMANCY( 3447): [IDLE] resetCount(): mRetryCount: 0
04-12 22:50:05.401 D/RILC    (  370): RequestComplete, RIL_SOCKET_1
04-12 22:50:05.401 E/RILC    (  370): Send Response to RIL_SOCKET_1
04-12 22:50:05.401 E/RILC    (  370): RIL Response bytes written:4
04-12 22:50:05.401 E/RILC    (  370): RIL Response bytes written:120
04-12 22:50:05.401 D/RILJ    ( 3447): [6744]< DATA_REGISTRATION_STATE {1, dff2, 02bec830, 11, null, 20, null, null, null, null, null, 0} [SUB0]
04-12 22:50:05.402 D/GsmSST  ( 3447): isSFROperators result = false
04-12 22:50:05.402 D/PHONE   ( 3447): [ServiceState] setDataRegState=0
04-12 22:50:05.402 D/PHONE   ( 3447): [ServiceState] setDataRadioTechnology=11
04-12 22:50:05.402 D/GsmSST  ( 3447): [GsmSST] LOGRadioInfo : In Service
04-12 22:50:05.402 D/GsmSST  ( 3447): [GsmSST] handlPollStateResultMessage: GsmSST setDataRegState=0 regState=1 dataRadioTechnology=11
04-12 22:50:05.407 D/RILC    (  370): RequestComplete, RIL_SOCKET_1
04-12 22:50:05.407 E/RILC    (  370): Send Response to RIL_SOCKET_1
04-12 22:50:05.407 E/RILC    (  370): RIL Response bytes written:4
04-12 22:50:05.407 E/RILC    (  370): RIL Response bytes written:72
04-12 22:50:05.408 D/RILJ    ( 3447): [6743]< OPERATOR {Orange, Orange, 26003} [SUB0]
04-12 22:50:05.412 D/RILC    (  370): RequestComplete, RIL_SOCKET_1
04-12 22:50:05.412 E/RILC    (  370): Send Response to RIL_SOCKET_1
04-12 22:50:05.412 E/RILC    (  370): RIL Response bytes written:4
04-12 22:50:05.412 E/RILC    (  370): RIL Response bytes written:136
04-12 22:50:05.412 D/RILJ    ( 3447): [6745]< VOICE_REGISTRATION_STATE {1, dff2, 02bec830, 3, null, null, null, 0, null, null, 1, null, null, 0, 1d8} [SUB0]
04-12 22:50:05.413 D/PHONE   ( 3447): [ServiceState] setVoiceRegState=0
04-12 22:50:05.413 E/PHONE   ( 3447): [ServiceState] setState deprecated use setVoiceRegState()
04-12 22:50:05.413 D/GsmSST  ( 3447): [GsmSST] LOGRadioInfo : In Service
04-12 22:50:05.414 D/RILC    (  370): RequestComplete, RIL_SOCKET_1
04-12 22:50:05.414 E/RILC    (  370): Send Response to RIL_SOCKET_1
04-12 22:50:05.414 E/RILC    (  370): RIL Response bytes written:4
04-12 22:50:05.414 E/RILC    (  370): RIL Response bytes written:20
04-12 22:50:05.414 D/RILJ    ( 3447): [6746]< QUERY_NETWORK_SELECTION_MODE {0} [SUB0]
04-12 22:50:05.419 D/GsmSST  ( 3447): [GsmSST] Poll ServiceState done:  oldSS=[0 0 voice home data home Orange Orange 26003 Orange Orange 26003  UMTS HSPA CSS not supported -1 -1 RoamInd=-1 DefRoamInd=-1 EmergOnly=false IsDataRoamingFromRegistration=false mIsVoiceSearching=false mIsDataSearching=false mVoiceNetworkName=null mDataNetworkName=null Check64QAM0 Dual carrier0] newSS=[0 0 voice home data home Orange Orange 26003 Orange Orange 26003  UMTS HSPA CSS not supported -1 -1 RoamInd=-1 DefRoamInd=-1 EmergOnly=false IsDataRoamingFromRegistration=false mIsVoiceSearching=false mIsDataSearching=false mVoiceNetworkName=null mDataNetworkName=null Check64QAM0 Dual carrier0] oldMaxDataCalls=20 mNewMaxDataCalls=20 oldReasonDataDenied=-1 mNewReasonDataDenied=-1
04-12 22:50:05.419 D/PHONE   ( 3447): [ServiceState] setNullState=1
04-12 22:50:05.420 D/QtiGsmDCT( 3447): [0]fetchDunApn: config_tether_apndata dunSetting=null
04-12 22:50:05.420 D/DC-1    ( 3447): isInternetRequested = true
04-12 22:50:05.420 D/Dcc     ( 3447): onDataStateChanged: dcsList=[DataCallResponse: {version=11 status=0 retry=-1 cid=0 active=1 type=IPV6 ifname=rmnet_data0 mtu=1500 addresses=[2a00:0f41:200a:625d:4683:58b3:ef11:3899/64] dnses=[2a01:1700:0003:ffff:0000:0000:0000:9822,2a01:1700:0002:ffff:0000:0000:0000:9f01] gateways=[fe80:0000:0000:0000:dcaa:d923:8cba:621e] pcscf=[]}] mDcListActiveByCid={0={DC-1: State=DcActiveState mApnSetting=[ApnSettingV3] Orange Internet, 695, 26003, internetipv6, , , , , , 1, default | dun | hipri | supl, IPV6, IP, true, 0, 0, 1, false, 0, 0, 0, 0, , , 0, ,  RefCount=1 mCid=0 mCreateTime=-1 mLastastFailTime=-1 mLastFailCause=NONE mTag=4 mRetryManager=RetryManager: { forever=false maxRetry=10 curMaxRetry=0 retry=0 config={default_randomization=2000,5000,10000,20000,40000,80000:5000,160000:5000,320000:5000,640000:5000,1280000:5000,1800000:5000} retryArray={5000:2000 10000:2000 20000:2000 40000:2000 80000:5000 160000:5000 320000:5000 640000:5000 1280000:5000 1800000:5000 }} mLinkProperties={InterfaceName: rmnet_data0 LinkAddresses: [2a00:f41:200a:625d:4683:58b3:ef11:3899/64,]  Routes: [::/0 -> fe80::dcaa:d923:8cba:621e rmnet_data0,] DnsAddresses: [2a01:1700:3:ffff::9822,2a01:1700:2:ffff::9f01,] Domains: null MTU: 1500 TcpBufferSizes: 40778,244668,3461120,16777,140625,3461120} linkCapabilities=[ Transports: CELLULAR Capabilities: SUPL&DUN&INTERNET&NOT_RESTRICTED&TRUSTED&NOT_VPN LinkUpBandwidth>=5898Kbps LinkDnBandwidth>=14336Kbps Specifier: <2>] mApnContexts=[{mApnType=default mState=CONNECTED mWaitingApns={[[ApnSettingV3] Orange Internet, 695, 26003, internetipv6, , , , , , 1, default | dun | hipri | supl, IPV6, IP, true, 0, 0, 1, false, 0, 0, 0, 0, , , 0, , ]} mWaitingApnsPermanentFailureCountDown=1 mApnSetting={[ApnSettingV3] Orange Internet, 695, 26003, internetipv6, , , , , , 1, default | dun | hipri | supl, IPV6, IP, true, 0, 0, 1, false, 0, 0, 0, 0, , , 0, , } mReason=connected mDataEnabled=true mDependencyMet=true}]}}
04-12 22:50:05.420 D/Dcc     ( 3447): onDataStateChanged: dcsToRetry=[]
04-12 22:50:05.420 D/Dcc     ( 3447): onDataStateChanged: Found ConnId=0 newState=DataCallResponse: {version=11 status=0 retry=-1 cid=0 active=1 type=IPV6 ifname=rmnet_data0 mtu=1500 addresses=[2a00:0f41:200a:625d:4683:58b3:ef11:3899/64] dnses=[2a01:1700:0003:ffff:0000:0000:0000:9822,2a01:1700:0002:ffff:0000:0000:0000:9f01] gateways=[fe80:0000:0000:0000:dcaa:d923:8cba:621e] pcscf=[]}
04-12 22:50:05.421 D/DataCallResponse( 3447): addr/pl=2a00:0f41:200a:625d:4683:58b3:ef11:3899/64
04-12 22:50:05.421 D/DC-1    ( 3447): MTU set by call response to: 1500
04-12 22:50:05.421 D/Dcc     ( 3447): onDataStateChanged: no change
04-12 22:50:05.421 D/Dcc     ( 3447): onDataStateChanged: Data Activity updated to DORMANT. stopNetStatePoll
04-12 22:50:05.421 D/Dcc     ( 3447): onDataStateChanged: Skip stopNetStatPoll
04-12 22:50:05.421 D/Dcc     ( 3447): onDataStateChanged: dcsToRetry=[] apnsToCleanup=[]
04-12 22:50:05.421 D/Dcc     ( 3447): onDataStateChanged: X
04-12 22:50:05.534 D/QtiGsmDCT( 3447): [0]onReceive: action=com.android.internal.telephony.data-stall
04-12 22:50:05.535 D/QtiGsmDCT( 3447): [0]QtiDcTracker handleMessage msg={ when=0 what=270353 arg1=32222 obj=com.android.internal.telephony.data-stall target=com.qti.internal.telephony.dataconnection.QtiDcTracker }
04-12 22:50:05.535 D/QtiGsmDCT( 3447): [0]handleMessage msg={ when=0 what=270353 arg1=32222 obj=com.android.internal.telephony.data-stall target=com.qti.internal.telephony.dataconnection.QtiDcTracker }
04-12 22:50:05.551 D/QtiGsmDCT( 3447): [0]overall state is CONNECTED
04-12 22:50:05.841 D/QtiGsmDCT( 3447): [0]updateDataActivity: curTxRxSum={txSum=43923 rxSum=53531} preTxRxSum={txSum=43923 rxSum=53531}
04-12 22:50:05.841 D/QtiGsmDCT( 3447): [0]updateDataActivity: sent=0 received=0
04-12 22:50:06.851 D/QtiGsmDCT( 3447): [0]updateDataActivity: curTxRxSum={txSum=43923 rxSum=53531} preTxRxSum={txSum=43923 rxSum=53531}
04-12 22:50:06.851 D/QtiGsmDCT( 3447): [0]updateDataActivity: sent=0 received=0
04-12 22:50:07.716 I/RILC    (  370): RIL_SOCKET_1 UNSOLICITED: RIL_UNSOL_LTE_REJECT_CAUSE length:16
04-12 22:50:07.716 E/RILC    (  370): Send Response to RIL_SOCKET_1
04-12 22:50:07.716 E/RILC    (  370): RIL Response bytes written:4
04-12 22:50:07.716 D/RILJ    ( 3447): [UNSL]< RIL_UNSOL_LTE_REJECT_CAUSE {15} [SUB0]
04-12 22:50:07.716 E/RILC    (  370): RIL Response bytes written:16
04-12 22:50:07.717 I/RILC    (  370): RIL_SOCKET_1 UNSOLICITED: UNSOL_OEM_HOOK_RAW length:32
04-12 22:50:07.717 E/RILC    (  370): Send Response to RIL_SOCKET_1
04-12 22:50:07.718 E/RILC    (  370): RIL Response bytes written:4
04-12 22:50:07.718 V/RILJ    ( 3447): [UNSL]< UNSOL_OEM_HOOK_RAW 514f454d484f4f4bef0308000100000002 [SUB0]
04-12 22:50:07.718 D/RILJ    ( 3447): Oem ID in RIL_UNSOL_OEM_HOOK_RAW is QOEMHOOK
04-12 22:50:07.718 D/RILJ    ( 3447): OEM ID check Passed
04-12 22:50:07.718 D/RILJ    ( 3447): Response ID in RIL_UNSOL_OEM_HOOK_RAW is 525295
04-12 22:50:07.718 D/RILJ    ( 3447): Response ID 525295 is not served in this process.
04-12 22:50:07.718 E/RILC    (  370): RIL Response bytes written:32
04-12 22:50:07.722 I/RILC    (  370): RIL_SOCKET_1 UNSOLICITED: UNSOL_RESPONSE_VOICE_NETWORK_STATE_CHANGED length:8
04-12 22:50:07.722 E/RILC    (  370): Send Response to RIL_SOCKET_1
04-12 22:50:07.722 E/RILC    (  370): RIL Response bytes written:4
04-12 22:50:07.722 D/RILJ    ( 3447): [UNSL]< UNSOL_RESPONSE_VOICE_NETWORK_STATE_CHANGED [SUB0]
04-12 22:50:07.723 E/RILC    (  370): RIL Response bytes written:8
04-12 22:50:07.723 D/RILJ    ( 3447): [6747]> OPERATOR [SUB0]
04-12 22:50:07.724 D/RILC    (  370): SOCKET RIL_SOCKET_1 REQUEST: OPERATOR length:8
04-12 22:50:07.725 D/RILJ    ( 3447): [6748]> DATA_REGISTRATION_STATE [SUB0]
04-12 22:50:07.727 D/RILC    (  370): SOCKET RIL_SOCKET_1 REQUEST: DATA_REGISTRATION_STATE length:8
04-12 22:50:07.727 D/RILJ    ( 3447): [6749]> VOICE_REGISTRATION_STATE [SUB0]
04-12 22:50:07.728 D/RILC    (  370): SOCKET RIL_SOCKET_1 REQUEST: VOICE_REGISTRATION_STATE length:8
04-12 22:50:07.729 D/RILJ    ( 3447): [6750]> QUERY_NETWORK_SELECTION_MODE [SUB0]
04-12 22:50:07.730 D/RILC    (  370): SOCKET RIL_SOCKET_1 REQUEST: QUERY_NETWORK_SELECTION_MODE length:8
04-12 22:50:07.733 D/RILC    (  370): RequestComplete, RIL_SOCKET_1
04-12 22:50:07.733 E/RILC    (  370): Send Response to RIL_SOCKET_1
04-12 22:50:07.733 E/RILC    (  370): RIL Response bytes written:4
04-12 22:50:07.733 E/RILC    (  370): RIL Response bytes written:72
04-12 22:50:07.733 D/RILJ    ( 3447): [6747]< OPERATOR {Orange, Orange, 26003} [SUB0]
04-12 22:50:07.736 D/RILC    (  370): RequestComplete, RIL_SOCKET_1
04-12 22:50:07.736 E/RILC    (  370): Send Response to RIL_SOCKET_1
04-12 22:50:07.736 E/RILC    (  370): RIL Response bytes written:4
04-12 22:50:07.736 E/RILC    (  370): RIL Response bytes written:120
04-12 22:50:07.736 D/RILJ    ( 3447): [6748]< DATA_REGISTRATION_STATE {1, dff2, 02bec830, 11, null, 20, null, null, null, null, null, 0} [SUB0]
04-12 22:50:07.737 D/GsmSST  ( 3447): isSFROperators result = false
04-12 22:50:07.737 D/PHONE   ( 3447): [ServiceState] setDataRegState=0
04-12 22:50:07.737 D/PHONE   ( 3447): [ServiceState] setDataRadioTechnology=11
04-12 22:50:07.737 D/GsmSST  ( 3447): [GsmSST] LOGRadioInfo : In Service
04-12 22:50:07.737 D/GsmSST  ( 3447): [GsmSST] handlPollStateResultMessage: GsmSST setDataRegState=0 regState=1 dataRadioTechnology=11
04-12 22:50:07.738 D/RILC    (  370): RequestComplete, RIL_SOCKET_1
04-12 22:50:07.738 E/RILC    (  370): Send Response to RIL_SOCKET_1
04-12 22:50:07.738 E/RILC    (  370): RIL Response bytes written:4
04-12 22:50:07.738 E/RILC    (  370): RIL Response bytes written:20
04-12 22:50:07.739 D/RILJ    ( 3447): [6750]< QUERY_NETWORK_SELECTION_MODE {0} [SUB0]
04-12 22:50:07.739 D/RILC    (  370): RequestComplete, RIL_SOCKET_1
04-12 22:50:07.739 E/RILC    (  370): Send Response to RIL_SOCKET_1
04-12 22:50:07.739 E/RILC    (  370): RIL Response bytes written:4
04-12 22:50:07.740 D/RILJ    ( 3447): [6749]< VOICE_REGISTRATION_STATE {1, dff2, 02bec830, 3, null, null, null, 0, null, null, 1, null, null, 0, 1d8} [SUB0]
04-12 22:50:07.740 D/PHONE   ( 3447): [ServiceState] setVoiceRegState=0
04-12 22:50:07.740 E/PHONE   ( 3447): [ServiceState] setState deprecated use setVoiceRegState()
04-12 22:50:07.740 D/GsmSST  ( 3447): [GsmSST] LOGRadioInfo : In Service
04-12 22:50:07.740 E/RILC    (  370): RIL Response bytes written:136
04-12 22:50:07.743 D/GsmSST  ( 3447): [GsmSST] Poll ServiceState done:  oldSS=[0 0 voice home data home Orange Orange 26003 Orange Orange 26003  UMTS HSPA CSS not supported -1 -1 RoamInd=-1 DefRoamInd=-1 EmergOnly=false IsDataRoamingFromRegistration=false mIsVoiceSearching=false mIsDataSearching=false mVoiceNetworkName=null mDataNetworkName=null Check64QAM0 Dual carrier0] newSS=[0 0 voice home data home Orange Orange 26003 Orange Orange 26003  UMTS HSPA CSS not supported -1 -1 RoamInd=-1 DefRoamInd=-1 EmergOnly=false IsDataRoamingFromRegistration=false mIsVoiceSearching=false mIsDataSearching=false mVoiceNetworkName=null mDataNetworkName=null Check64QAM0 Dual carrier0] oldMaxDataCalls=20 mNewMaxDataCalls=20 oldReasonDataDenied=-1 mNewReasonDataDenied=-1
04-12 22:50:07.744 D/PHONE   ( 3447): [ServiceState] setNullState=1
04-12 22:50:07.856 D/QtiGsmDCT( 3447): [0]updateDataActivity: curTxRxSum={txSum=43923 rxSum=53531} preTxRxSum={txSum=43923 rxSum=53531}
04-12 22:50:07.856 D/QtiGsmDCT( 3447): [0]updateDataActivity: sent=0 received=0
04-12 22:50:08.270 I/RILC    (  370): RIL_SOCKET_1 UNSOLICITED: RIL_UNSOL_LTE_REJECT_CAUSE length:16
04-12 22:50:08.270 E/RILC    (  370): Send Response to RIL_SOCKET_1
04-12 22:50:08.271 E/RILC    (  370): RIL Response bytes written:4
04-12 22:50:08.271 D/RILJ    ( 3447): [UNSL]< RIL_UNSOL_LTE_REJECT_CAUSE {15} [SUB0]
04-12 22:50:08.271 E/RILC    (  370): RIL Response bytes written:16
04-12 22:50:08.274 I/RILC    (  370): RIL_SOCKET_1 UNSOLICITED: UNSOL_OEM_HOOK_RAW length:32
04-12 22:50:08.274 E/RILC    (  370): Send Response to RIL_SOCKET_1
04-12 22:50:08.276 E/RILC    (  370): RIL Response bytes written:4
04-12 22:50:08.276 V/RILJ    ( 3447): [UNSL]< UNSOL_OEM_HOOK_RAW 514f454d484f4f4bef0308000100000001 [SUB0]
04-12 22:50:08.276 D/RILJ    ( 3447): Oem ID in RIL_UNSOL_OEM_HOOK_RAW is QOEMHOOK
04-12 22:50:08.276 D/RILJ    ( 3447): OEM ID check Passed
04-12 22:50:08.276 D/RILJ    ( 3447): Response ID in RIL_UNSOL_OEM_HOOK_RAW is 525295
04-12 22:50:08.276 D/RILJ    ( 3447): Response ID 525295 is not served in this process.
04-12 22:50:08.276 E/RILC    (  370): RIL Response bytes written:32
04-12 22:50:08.279 I/RILC    (  370): RIL_SOCKET_1 UNSOLICITED: UNSOL_RESPONSE_VOICE_NETWORK_STATE_CHANGED length:8
04-12 22:50:08.279 E/RILC    (  370): Send Response to RIL_SOCKET_1
04-12 22:50:08.279 E/RILC    (  370): RIL Response bytes written:4
04-12 22:50:08.279 D/RILJ    ( 3447): [UNSL]< UNSOL_RESPONSE_VOICE_NETWORK_STATE_CHANGED [SUB0]
04-12 22:50:08.279 E/RILC    (  370): RIL Response bytes written:8
04-12 22:50:08.279 D/RILJ    ( 3447): [6751]> OPERATOR [SUB0]
04-12 22:50:08.280 D/RILJ    ( 3447): [6752]> DATA_REGISTRATION_STATE [SUB0]
04-12 22:50:08.281 D/RILC    (  370): SOCKET RIL_SOCKET_1 REQUEST: OPERATOR length:8
04-12 22:50:08.281 I/RILQ    (  370): (0/370):RIL[0][event] qcril_arb_set_dsd_sys_status: old_pref_data 1 - new_data_pref 1
04-12 22:50:08.281 I/RILQ    (  370): (0/370):RIL[0][event] qcril_arb_set_dsd_sys_status: preferred dsd_sys_status nw=0x0, rat_value=0x1, so_mask=0x0000000000000015
04-12 22:50:08.282 I/RILQ    (  370): (0/370):RIL[0][event] qcril_arb_set_dsd_sys_status: preferred 1 - dsd_sys_status nw=0x0, rat_value=0x1, so_mask=0x0000000000000015
04-12 22:50:08.282 I/RILQ    (  370): (0/370):RIL[0][event] qcril_arb_set_dsd_sys_status: is_wwan_available 0
04-12 22:50:08.282 I/RILC    (  370): RIL_SOCKET_1 UNSOLICITED: UNSOL_OEM_HOOK_RAW length:32
04-12 22:50:08.282 E/RILC    (  370): Send Response to RIL_SOCKET_1
04-12 22:50:08.283 E/RILC    (  370): RIL Response bytes written:4
04-12 22:50:08.283 V/RILJ    ( 3447): [UNSL]< UNSOL_OEM_HOOK_RAW 514f454d484f4f4bfa0308000100000000 [SUB0]
04-12 22:50:08.283 D/RILJ    ( 3447): Oem ID in RIL_UNSOL_OEM_HOOK_RAW is QOEMHOOK
04-12 22:50:08.283 D/RILJ    ( 3447): OEM ID check Passed
04-12 22:50:08.283 D/RILJ    ( 3447): Response ID in RIL_UNSOL_OEM_HOOK_RAW is 525306
04-12 22:50:08.283 D/RILJ    ( 3447): WWAN, IWLAN coexistence notified to registrants
04-12 22:50:08.283 E/RILC    (  370): RIL Response bytes written:32
04-12 22:50:08.285 D/RILJ    ( 3447): [6753]> VOICE_REGISTRATION_STATE [SUB0]
04-12 22:50:08.285 D/RILC    (  370): SOCKET RIL_SOCKET_1 REQUEST: DATA_REGISTRATION_STATE length:8
04-12 22:50:08.286 D/RILJ    ( 3447): [6754]> QUERY_NETWORK_SELECTION_MODE [SUB0]
04-12 22:50:08.287 I/RILC    (  370): RIL_SOCKET_1 UNSOLICITED: RIL_UNSOL_LTE_REJECT_CAUSE length:16
04-12 22:50:08.287 E/RILC    (  370): Send Response to RIL_SOCKET_1
04-12 22:50:08.287 E/RILC    (  370): RIL Response bytes written:4
04-12 22:50:08.287 D/RILJ    ( 3447): [UNSL]< RIL_UNSOL_LTE_REJECT_CAUSE {15} [SUB0]
04-12 22:50:08.287 E/RILC    (  370): RIL Response bytes written:16
04-12 22:50:08.292 D/RILC    (  370): SOCKET RIL_SOCKET_1 REQUEST: VOICE_REGISTRATION_STATE length:8
04-12 22:50:08.293 D/RILC    (  370): SOCKET RIL_SOCKET_1 REQUEST: QUERY_NETWORK_SELECTION_MODE length:8
04-12 22:50:08.298 D/RILC    (  370): RequestComplete, RIL_SOCKET_1
04-12 22:50:08.298 E/RILC    (  370): Send Response to RIL_SOCKET_1
04-12 22:50:08.298 E/RILC    (  370): RIL Response bytes written:4
04-12 22:50:08.298 E/RILC    (  370): RIL Response bytes written:72
04-12 22:50:08.299 D/RILJ    ( 3447): [6751]< OPERATOR {Orange, Orange, 26003} [SUB0]
04-12 22:50:08.301 I/RILC    (  370): RIL_SOCKET_1 UNSOLICITED: UNSOL_DATA_CALL_LIST_CHANGED length:428
04-12 22:50:08.301 E/RILC    (  370): Send Response to RIL_SOCKET_1
04-12 22:50:08.301 E/RILC    (  370): RIL Response bytes written:4
04-12 22:50:08.301 E/RILC    (  370): RIL Response bytes written:428
04-12 22:50:08.302 D/RILJ    ( 3447): responseDataCallList ver=11 num=1 [SUB0]
04-12 22:50:08.302 D/RILJ    ( 3447): getDataCallResponse before ver=11 [SUB0]
04-12 22:50:08.302 D/RILJ    ( 3447): [UNSL]< UNSOL_DATA_CALL_LIST_CHANGED [DataCallResponse: {version=11 status=0 retry=-1 cid=0 active=2 type=IPV6 ifname=rmnet_data0 mtu=1500 addresses=[2a00:0f41:200a:625d:4683:58b3:ef11:3899/64] dnses=[2a01:1700:0003:ffff:0000:0000:0000:9822,2a01:1700:0002:ffff:0000:0000:0000:9f01] gateways=[fe80:0000:0000:0000:dcaa:d923:8cba:621e] pcscf=[]}] [SUB0]
04-12 22:50:08.302 D/QtiGsmDCT( 3447): [0]QtiDcTracker handleMessage msg={ when=0 what=270340 obj=android.os.AsyncResult@c390fa target=com.qti.internal.telephony.dataconnection.QtiDcTracker }
04-12 22:50:08.302 I/LG-FASTDORMANCY( 3447): [IDLE] Data call list changed.
04-12 22:50:08.302 D/QtiGsmDCT( 3447): [0]handleMessage msg={ when=0 what=270340 obj=android.os.AsyncResult@c390fa target=com.qti.internal.telephony.dataconnection.QtiDcTracker }
04-12 22:50:08.302 I/LG-FASTDORMANCY( 3447): [IDLE] [DataCallResponse: {version=11 status=0 retry=-1 cid=0 active=2 type=IPV6 ifname=rmnet_data0 mtu=1500 addresses=[2a00:0f41:200a:625d:4683:58b3:ef11:3899/64] dnses=[2a01:1700:0003:ffff:0000:0000:0000:9822,2a01:1700:0002:ffff:0000:0000:0000:9f01] gateways=[fe80:0000:0000:0000:dcaa:d923:8cba:621e] pcscf=[]}]
04-12 22:50:08.302 E/DATA    ( 3447): Unidentified event msg={ when=-1ms what=270340 obj=android.os.AsyncResult@c390fa target=com.qti.internal.telephony.dataconnection.QtiDcTracker }
04-12 22:50:08.302 I/LG-FASTDORMANCY( 3447): [IDLE] prev:[IDLE] , curr:false
04-12 22:50:08.303 D/QtiGsmDCT( 3447): [0]fetchDunApn: Ignore the dun apn in settings.db
04-12 22:50:08.303 D/LG-FASTDORMANCY( 3447): [IDLE] isUMTS(): RadioTech(10)
04-12 22:50:08.303 D/LG-FASTDORMANCY( 3447): [IDLE] Exit from IDLE State
04-12 22:50:08.303 D/LG-FASTDORMANCY( 3447): [DCH/FACH] FDCount : 0 Enter to DCH or FACH State
04-12 22:50:08.304 D/LG-FASTDORMANCY( 3447): [DCH/FACH] FDCount : 0 isUMTS(): RadioTech(10)
04-12 22:50:08.304 I/LG-FASTDORMANCY( 3447): [DCH/FACH] FDCount : 0 Scheduling checkNetStat for 1000msec, current state is [DCH/FACH] FDCount : 0
04-12 22:50:08.307 D/RILC    (  370): RequestComplete, RIL_SOCKET_1
04-12 22:50:08.307 E/RILC    (  370): Send Response to RIL_SOCKET_1
04-12 22:50:08.307 E/RILC    (  370): RIL Response bytes written:4
04-12 22:50:08.307 D/RILJ    ( 3447): [6752]< DATA_REGISTRATION_STATE {1, dff2, 02bec830, 15, null, 20, null, null, null, null, null, 0} [SUB0]
04-12 22:50:08.307 E/RILC    (  370): RIL Response bytes written:120
04-12 22:50:08.308 D/GsmSST  ( 3447): isSFROperators result = false
04-12 22:50:08.308 D/PHONE   ( 3447): [ServiceState] setDataRegState=0
04-12 22:50:08.308 D/PHONE   ( 3447): [ServiceState] setDataRadioTechnology=15
04-12 22:50:08.308 D/GsmSST  ( 3447): [GsmSST] LOGRadioInfo : In Service
04-12 22:50:08.308 D/GsmSST  ( 3447): [GsmSST] handlPollStateResultMessage: GsmSST setDataRegState=0 regState=1 dataRadioTechnology=15
04-12 22:50:08.308 D/RILC    (  370): RequestComplete, RIL_SOCKET_1
04-12 22:50:08.308 E/RILC    (  370): Send Response to RIL_SOCKET_1
04-12 22:50:08.308 E/RILC    (  370): RIL Response bytes written:4
04-12 22:50:08.308 E/RILC    (  370): RIL Response bytes written:20
04-12 22:50:08.309 D/RILJ    ( 3447): [6754]< QUERY_NETWORK_SELECTION_MODE {0} [SUB0]
04-12 22:50:08.311 D/RILC    (  370): RequestComplete, RIL_SOCKET_1
04-12 22:50:08.311 E/RILC    (  370): Send Response to RIL_SOCKET_1
04-12 22:50:08.311 E/RILC    (  370): RIL Response bytes written:4
04-12 22:50:08.311 D/RILJ    ( 3447): [6753]< VOICE_REGISTRATION_STATE {1, dff2, 02bec830, 3, null, null, null, 0, null, null, 1, null, null, 0, 1d8} [SUB0]
04-12 22:50:08.312 D/PHONE   ( 3447): [ServiceState] setVoiceRegState=0
04-12 22:50:08.312 E/PHONE   ( 3447): [ServiceState] setState deprecated use setVoiceRegState()
04-12 22:50:08.312 D/GsmSST  ( 3447): [GsmSST] LOGRadioInfo : In Service
04-12 22:50:08.313 E/RILC    (  370): RIL Response bytes written:136
04-12 22:50:08.313 D/GsmSST  ( 3447): [GsmSST] Poll ServiceState done:  oldSS=[0 0 voice home data home Orange Orange 26003 Orange Orange 26003  UMTS HSPA CSS not supported -1 -1 RoamInd=-1 DefRoamInd=-1 EmergOnly=false IsDataRoamingFromRegistration=false mIsVoiceSearching=false mIsDataSearching=false mVoiceNetworkName=null mDataNetworkName=null Check64QAM0 Dual carrier0] newSS=[0 0 voice home data home Orange Orange 26003 Orange Orange 26003  UMTS HSPAP CSS not supported -1 -1 RoamInd=-1 DefRoamInd=-1 EmergOnly=false IsDataRoamingFromRegistration=false mIsVoiceSearching=false mIsDataSearching=false mVoiceNetworkName=null mDataNetworkName=null Check64QAM0 Dual carrier0] oldMaxDataCalls=20 mNewMaxDataCalls=20 oldReasonDataDenied=-1 mNewReasonDataDenied=-1
04-12 22:50:08.314 D/PHONE   ( 3447): [ServiceState] setNullState=1
04-12 22:50:08.314 I/RILC    (  370): RIL_SOCKET_1 UNSOLICITED: UNSOL_RESPONSE_VOICE_NETWORK_STATE_CHANGED length:8
04-12 22:50:08.314 E/RILC    (  370): Send Response to RIL_SOCKET_1
04-12 22:50:08.314 D/TelephonyManager( 3447): setTelephonyProperty: success phoneId=0 property=gsm.network.type value: UMTS propVal=UMTS
04-12 22:50:08.314 E/RILC    (  370): RIL Response bytes written:4
04-12 22:50:08.314 D/RILJ    ( 3447): [UNSL]< UNSOL_RESPONSE_VOICE_NETWORK_STATE_CHANGED [SUB0]
04-12 22:50:08.314 E/RILC    (  370): RIL Response bytes written:8
04-12 22:50:08.314 D/SIMRecords( 3447): [SIMRecords] getServiceProviderName: no brandOverride
04-12 22:50:08.315 D/SIMRecords( 3447): [SIMRecords] getServiceProviderName: providerName=Orange
04-12 22:50:08.315 D/SIMRecords( 3447): [SIMRecords] getServiceProviderName: no brandOverride
04-12 22:50:08.315 D/SIMRecords( 3447): [SIMRecords] getServiceProviderName: providerName=Orange
04-12 22:50:08.315 D/GSMPhoneEx( 3447): grandblue SpnMvno = Orange operator = 26003 simMcc  = 260 simMnc  = 03
04-12 22:50:08.315 D/GSMPhoneEx( 3447): grandblue after SpnMvno = Orange operator = 26003 simMcc  = 260 simMnc  = 03
04-12 22:50:08.316 D/TelephonyManager( 3447): setTelephonyProperty: success phoneId=0 property=gsm.operator.alpha value: Orange propVal=Orange
04-12 22:50:08.317 D/TelephonyManager( 3447): setTelephonyProperty: success phoneId=0 property=gsm.operator.numeric value: 26003 propVal=26003
04-12 22:50:08.317 D/TelephonyManager( 3447): setTelephonyProperty: success phoneId=0 property=gsm.operator.iso-country value: pl propVal=pl
04-12 22:50:08.318 D/GsmSST  ( 3447): [GsmSST] shouldFixTimeZoneNow: retVal=false iccCardExist=true operatorNumeric=26003 mcc=260 prevOperatorNumeric=26003 prevMcc=260 needToFixTimeZone=false ltod=04-12 22:50:08.318
04-12 22:50:08.318 D/TelephonyManager( 3447): setTelephonyProperty: success phoneId=0 property=gsm.operator.isroaming value: false propVal=false
04-12 22:50:08.319 D/TelephonyManager( 3447): setTelephonyProperty: success phoneId=0 property=ril.cdma.voiceinservice value: true propVal=true
04-12 22:50:08.319 D/GsmSST  ( 3447): [GsmSST] Broadcasting ServiceState : 0 0 voice home data home Orange Orange 26003 Orange Orange 26003  UMTS HSPAP CSS not supported -1 -1 RoamInd=-1 DefRoamInd=-1 EmergOnly=false IsDataRoamingFromRegistration=false mIsVoiceSearching=false mIsDataSearching=false mVoiceNetworkName=null mDataNetworkName=null Check64QAM0 Dual carrier0
04-12 22:50:08.320 D/DefaultPhoneNotifier( 3447): nofityServiceState: mRegistry=com.android.internal.telephony.ITelephonyRegistry$Stub$Proxy@ced2ad0 ss=0 0 voice home data home Orange Orange 26003 Orange Orange 26003  UMTS HSPAP CSS not supported -1 -1 RoamInd=-1 DefRoamInd=-1 EmergOnly=false IsDataRoamingFromRegistration=false mIsVoiceSearching=false mIsDataSearching=false mVoiceNetworkName=null mDataNetworkName=null Check64QAM0 Dual carrier0 sender=Handler (com.qti.internal.telephony.gsm.QtiGSMPhone) {560d91e} phondId=0 subId=2
04-12 22:50:08.331 D/QtiGsmDCT( 3447): [0]getDataEnabled: getIntWithSubId retVal=true
04-12 22:50:08.333 D/SubscriptionManager( 1891): getSimStateForSubscriber: simState=5 slotIdx=0
04-12 22:50:08.333 D/GsmSST  ( 3447): [GsmSST] notifyDataRegStateRilRadioTechnologyChanged: drs=0 rat=15
04-12 22:50:08.334 D/TelephonyManager( 3447): setTelephonyProperty: success phoneId=0 property=gsm.network.type value: HSPAP propVal=HSPAP
04-12 22:50:08.336 D/QtiGsmDCT( 3447): [0]get all active apn types
04-12 22:50:08.337 D/QtiGsmDCT( 3447): [0]return link properites for default
04-12 22:50:08.343 D/QtiGsmDCT( 3447): [0]fetchDunApn: config_tether_apndata dunSetting=null
04-12 22:50:08.343 D/DC-1    ( 3447): isInternetRequested = true
