04-12 22:49:49.337 D/GsmSST  ( 3447): [GsmSST] LOGRadioInfo : In Service
04-12 22:49:49.339 D/GsmSST  ( 3447): [GsmSST] Poll ServiceState done:  oldSS=[0 0 voice home data home Orange Orange 26003 Orange Orange 26003  UMTS HSPA CSS not supported -1 -1 RoamInd=-1 DefRoamInd=-1 EmergOnly=false IsDataRoamingFromRegistration=false mIsVoiceSearching=false mIsDataSearching=false mVoiceNetworkName=null mDataNetworkName=null Check64QAM0 Dual carrier0] newSS=[0 0 voice home data home Orange Orange 26003 Orange Orange 26003  UMTS HSPA CSS not supported -1 -1 RoamInd=-1 DefRoamInd=-1 EmergOnly=false IsDataRoamingFromRegistration=false mIsVoiceSearching=false mIsDataSearching=false mVoiceNetworkName=null mDataNetworkName=null Check64QAM0 Dual carrier0] oldMaxDataCalls=20 mNewMaxDataCalls=20 oldReasonDataDenied=-1 mNewReasonDataDenied=-1
04-12 22:49:49.340 D/PHONE   ( 3447): [ServiceState] setNullState=1
04-12 22:49:49.731 D/QtiGsmDCT( 3447): [0]updateDataActivity: curTxRxSum={txSum=43861 rxSum=53461} preTxRxSum={txSum=43859 rxSum=53461}
04-12 22:49:49.731 D/QtiGsmDCT( 3447): [0]updateDataActivity: sent=2 received=0
04-12 22:49:49.982 I/RILC    (  370): RIL_SOCKET_1 UNSOLICITED: RIL_UNSOL_LTE_REJECT_CAUSE length:16
04-12 22:49:49.982 E/RILC    (  370): Send Response to RIL_SOCKET_1
04-12 22:49:49.982 E/RILC    (  370): RIL Response bytes written:4
04-12 22:49:49.982 D/RILJ    ( 3447): [UNSL]< RIL_UNSOL_LTE_REJECT_CAUSE {15} [SUB0]
04-12 22:49:49.982 E/RILC    (  370): RIL Response bytes written:16
04-12 22:49:49.983 I/RILC    (  370): RIL_SOCKET_1 UNSOLICITED: UNSOL_OEM_HOOK_RAW length:32
04-12 22:49:49.983 E/RILC    (  370): Send Response to RIL_SOCKET_1
04-12 22:49:49.983 E/RILC    (  370): RIL Response bytes written:4
04-12 22:49:49.983 V/RILJ    ( 3447): [UNSL]< UNSOL_OEM_HOOK_RAW 514f454d484f4f4bef0308000100000002 [SUB0]
04-12 22:49:49.983 D/RILJ    ( 3447): Oem ID in RIL_UNSOL_OEM_HOOK_RAW is QOEMHOOK
04-12 22:49:49.983 D/RILJ    ( 3447): OEM ID check Passed
04-12 22:49:49.983 D/RILJ    ( 3447): Response ID in RIL_UNSOL_OEM_HOOK_RAW is 525295
04-12 22:49:49.983 D/RILJ    ( 3447): Response ID 525295 is not served in this process.
04-12 22:49:49.984 E/RILC    (  370): RIL Response bytes written:32
04-12 22:49:49.986 I/RILC    (  370): RIL_SOCKET_1 UNSOLICITED: UNSOL_RESPONSE_VOICE_NETWORK_STATE_CHANGED length:8
04-12 22:49:49.986 E/RILC    (  370): Send Response to RIL_SOCKET_1
04-12 22:49:49.987 E/RILC    (  370): RIL Response bytes written:4
04-12 22:49:49.987 D/RILJ    ( 3447): [UNSL]< UNSOL_RESPONSE_VOICE_NETWORK_STATE_CHANGED [SUB0]
04-12 22:49:49.987 E/RILC    (  370): RIL Response bytes written:8
04-12 22:49:49.987 D/RILJ    ( 3447): [6724]> OPERATOR [SUB0]
04-12 22:49:49.990 I/RILQ    (  370): (0/370):RIL[0][event] qcril_arb_set_dsd_sys_status: old_pref_data 1 - new_data_pref 1
04-12 22:49:49.990 I/RILQ    (  370): (0/370):RIL[0][event] qcril_arb_set_dsd_sys_status: preferred dsd_sys_status nw=0x0, rat_value=0x1, so_mask=0x0000000000000015
04-12 22:49:49.990 I/RILQ    (  370): (0/370):RIL[0][event] qcril_arb_set_dsd_sys_status: preferred 1 - dsd_sys_status nw=0x0, rat_value=0x1, so_mask=0x0000000000000015
04-12 22:49:49.990 I/RILQ    (  370): (0/370):RIL[0][event] qcril_arb_set_dsd_sys_status: is_wwan_available 0
04-12 22:49:49.991 D/RILC    (  370): SOCKET RIL_SOCKET_1 REQUEST: OPERATOR length:8
04-12 22:49:49.992 I/RILC    (  370): RIL_SOCKET_1 UNSOLICITED: UNSOL_OEM_HOOK_RAW length:32
04-12 22:49:49.992 E/RILC    (  370): Send Response to RIL_SOCKET_1
04-12 22:49:49.992 D/RILJ    ( 3447): [6725]> DATA_REGISTRATION_STATE [SUB0]
04-12 22:49:49.992 E/RILC    (  370): RIL Response bytes written:4
04-12 22:49:49.992 V/RILJ    ( 3447): [UNSL]< UNSOL_OEM_HOOK_RAW 514f454d484f4f4bfa0308000100000000 [SUB0]
04-12 22:49:49.992 D/RILJ    ( 3447): Oem ID in RIL_UNSOL_OEM_HOOK_RAW is QOEMHOOK
04-12 22:49:49.992 D/RILJ    ( 3447): OEM ID check Passed
04-12 22:49:49.992 D/RILJ    ( 3447): Response ID in RIL_UNSOL_OEM_HOOK_RAW is 525306
04-12 22:49:49.992 D/RILJ    ( 3447): WWAN, IWLAN coexistence notified to registrants
04-12 22:49:49.992 E/RILC    (  370): RIL Response bytes written:32
04-12 22:49:49.994 D/RILJ    ( 3447): [6726]> VOICE_REGISTRATION_STATE [SUB0]
04-12 22:49:49.994 D/RILC    (  370): SOCKET RIL_SOCKET_1 REQUEST: DATA_REGISTRATION_STATE length:8
04-12 22:49:49.994 D/RILJ    ( 3447): [6727]> QUERY_NETWORK_SELECTION_MODE [SUB0]
04-12 22:49:49.997 D/RILC    (  370): SOCKET RIL_SOCKET_1 REQUEST: VOICE_REGISTRATION_STATE length:8
04-12 22:49:49.997 D/RILC    (  370): SOCKET RIL_SOCKET_1 REQUEST: QUERY_NETWORK_SELECTION_MODE length:8
04-12 22:49:50.008 I/RILC    (  370): RIL_SOCKET_1 UNSOLICITED: RIL_UNSOL_LTE_REJECT_CAUSE length:16
04-12 22:49:50.008 E/RILC    (  370): Send Response to RIL_SOCKET_1
04-12 22:49:50.008 E/RILC    (  370): RIL Response bytes written:4
04-12 22:49:50.009 D/RILC    (  370): RequestComplete, RIL_SOCKET_1
04-12 22:49:50.009 E/RILC    (  370): Send Response to RIL_SOCKET_1
04-12 22:49:50.009 D/RILJ    ( 3447): [UNSL]< RIL_UNSOL_LTE_REJECT_CAUSE {15} [SUB0]
04-12 22:49:50.009 E/RILC    (  370): RIL Response bytes written:16
04-12 22:49:50.009 E/RILC    (  370): RIL Response bytes written:4
04-12 22:49:50.009 E/RILC    (  370): RIL Response bytes written:72
04-12 22:49:50.009 D/RILJ    ( 3447): [6724]< OPERATOR {Orange, Orange, 26003} [SUB0]
04-12 22:49:50.012 D/RILC    (  370): RequestComplete, RIL_SOCKET_1
04-12 22:49:50.012 E/RILC    (  370): Send Response to RIL_SOCKET_1
04-12 22:49:50.013 E/RILC    (  370): RIL Response bytes written:4
04-12 22:49:50.013 D/RILJ    ( 3447): [6725]< DATA_REGISTRATION_STATE {1, dff2, 02bec830, 15, null, 20, null, null, null, null, null, 0} [SUB0]
04-12 22:49:50.013 E/RILC    (  370): RIL Response bytes written:120
04-12 22:49:50.013 D/GsmSST  ( 3447): isSFROperators result = false
04-12 22:49:50.013 D/PHONE   ( 3447): [ServiceState] setDataRegState=0
04-12 22:49:50.013 D/PHONE   ( 3447): [ServiceState] setDataRadioTechnology=15
04-12 22:49:50.013 D/GsmSST  ( 3447): [GsmSST] LOGRadioInfo : In Service
04-12 22:49:50.013 D/GsmSST  ( 3447): [GsmSST] handlPollStateResultMessage: GsmSST setDataRegState=0 regState=1 dataRadioTechnology=15
04-12 22:49:50.017 I/RILC    (  370): RIL_SOCKET_1 UNSOLICITED: UNSOL_DATA_CALL_LIST_CHANGED length:428
04-12 22:49:50.017 E/RILC    (  370): Send Response to RIL_SOCKET_1
04-12 22:49:50.017 E/RILC    (  370): RIL Response bytes written:4
04-12 22:49:50.017 D/RILJ    ( 3447): responseDataCallList ver=11 num=1 [SUB0]
04-12 22:49:50.017 D/RILJ    ( 3447): getDataCallResponse before ver=11 [SUB0]
04-12 22:49:50.017 D/RILJ    ( 3447): [UNSL]< UNSOL_DATA_CALL_LIST_CHANGED [DataCallResponse: {version=11 status=0 retry=-1 cid=0 active=2 type=IPV6 ifname=rmnet_data0 mtu=1500 addresses=[2a00:0f41:200a:625d:4683:58b3:ef11:3899/64] dnses=[2a01:1700:0003:ffff:0000:0000:0000:9822,2a01:1700:0002:ffff:0000:0000:0000:9f01] gateways=[fe80:0000:0000:0000:dcaa:d923:8cba:621e] pcscf=[]}] [SUB0]
04-12 22:49:50.017 E/RILC    (  370): RIL Response bytes written:428
04-12 22:49:50.017 I/LG-FASTDORMANCY( 3447): [IDLE] Data call list changed.
04-12 22:49:50.018 I/LG-FASTDORMANCY( 3447): [IDLE] [DataCallResponse: {version=11 status=0 retry=-1 cid=0 active=2 type=IPV6 ifname=rmnet_data0 mtu=1500 addresses=[2a00:0f41:200a:625d:4683:58b3:ef11:3899/64] dnses=[2a01:1700:0003:ffff:0000:0000:0000:9822,2a01:1700:0002:ffff:0000:0000:0000:9f01] gateways=[fe80:0000:0000:0000:dcaa:d923:8cba:621e] pcscf=[]}]
04-12 22:49:50.018 I/LG-FASTDORMANCY( 3447): [IDLE] prev:[IDLE] , curr:false
04-12 22:49:50.018 D/QtiGsmDCT( 3447): [0]QtiDcTracker handleMessage msg={ when=0 what=270340 obj=android.os.AsyncResult@7a523ee target=com.qti.internal.telephony.dataconnection.QtiDcTracker }
04-12 22:49:50.018 D/QtiGsmDCT( 3447): [0]handleMessage msg={ when=0 what=270340 obj=android.os.AsyncResult@7a523ee target=com.qti.internal.telephony.dataconnection.QtiDcTracker }
04-12 22:49:50.018 E/DATA    ( 3447): Unidentified event msg={ when=0 what=270340 obj=android.os.AsyncResult@7a523ee target=com.qti.internal.telephony.dataconnection.QtiDcTracker }
04-12 22:49:50.018 D/QtiGsmDCT( 3447): [0]fetchDunApn: Ignore the dun apn in settings.db
04-12 22:49:50.019 D/LG-FASTDORMANCY( 3447): [IDLE] isUMTS(): RadioTech(10)
04-12 22:49:50.019 D/LG-FASTDORMANCY( 3447): [IDLE] Exit from IDLE State
04-12 22:49:50.019 D/LG-FASTDORMANCY( 3447): [DCH/FACH] FDCount : 0 Enter to DCH or FACH State
04-12 22:49:50.020 D/LG-FASTDORMANCY( 3447): [DCH/FACH] FDCount : 0 isUMTS(): RadioTech(10)
04-12 22:49:50.020 I/LG-FASTDORMANCY( 3447): [DCH/FACH] FDCount : 0 Scheduling checkNetStat for 1000msec, current state is [DCH/FACH] FDCount : 0
04-12 22:49:50.020 D/RILC    (  370): RequestComplete, RIL_SOCKET_1
04-12 22:49:50.020 E/RILC    (  370): Send Response to RIL_SOCKET_1
04-12 22:49:50.021 E/RILC    (  370): RIL Response bytes written:4
04-12 22:49:50.021 E/RILC    (  370): RIL Response bytes written:136
04-12 22:49:50.021 D/RILJ    ( 3447): [6726]< VOICE_REGISTRATION_STATE {1, dff2, 02bec830, 3, null, null, null, 0, null, null, 1, null, null, 0, 1d8} [SUB0]
04-12 22:49:50.021 D/PHONE   ( 3447): [ServiceState] setVoiceRegState=0
04-12 22:49:50.021 I/RILC    (  370): RIL_SOCKET_1 UNSOLICITED: UNSOL_RESPONSE_VOICE_NETWORK_STATE_CHANGED length:8
04-12 22:49:50.021 E/PHONE   ( 3447): [ServiceState] setState deprecated use setVoiceRegState()
04-12 22:49:50.021 E/RILC    (  370): Send Response to RIL_SOCKET_1
04-12 22:49:50.021 E/RILC    (  370): RIL Response bytes written:4
04-12 22:49:50.021 E/RILC    (  370): RIL Response bytes written:8
04-12 22:49:50.021 D/GsmSST  ( 3447): [GsmSST] LOGRadioInfo : In Service
04-12 22:49:50.021 D/RILJ    ( 3447): [UNSL]< UNSOL_RESPONSE_VOICE_NETWORK_STATE_CHANGED [SUB0]
04-12 22:49:50.021 D/RILC    (  370): RequestComplete, RIL_SOCKET_1
04-12 22:49:50.021 E/RILC    (  370): Send Response to RIL_SOCKET_1
04-12 22:49:50.021 D/RILJ    ( 3447): [6728]> OPERATOR [SUB0]
04-12 22:49:50.022 E/RILC    (  370): RIL Response bytes written:4
04-12 22:49:50.022 D/RILJ    ( 3447): [6727]< QUERY_NETWORK_SELECTION_MODE {0} [SUB0]
04-12 22:49:50.022 E/RILC    (  370): RIL Response bytes written:20
04-12 22:49:50.022 D/RILJ    ( 3447): [6729]> DATA_REGISTRATION_STATE [SUB0]
04-12 22:49:50.023 D/RILC    (  370): SOCKET RIL_SOCKET_1 REQUEST: OPERATOR length:8
04-12 22:49:50.023 D/RILJ    ( 3447): [6730]> VOICE_REGISTRATION_STATE [SUB0]
04-12 22:49:50.023 D/RILC    (  370): SOCKET RIL_SOCKET_1 REQUEST: DATA_REGISTRATION_STATE length:8
04-12 22:49:50.024 D/RILJ    ( 3447): [6731]> QUERY_NETWORK_SELECTION_MODE [SUB0]
04-12 22:49:50.025 D/RILC    (  370): SOCKET RIL_SOCKET_1 REQUEST: VOICE_REGISTRATION_STATE length:8
04-12 22:49:50.026 D/RILC    (  370): SOCKET RIL_SOCKET_1 REQUEST: QUERY_NETWORK_SELECTION_MODE length:8
04-12 22:49:50.029 D/RILC    (  370): RequestComplete, RIL_SOCKET_1
04-12 22:49:50.029 E/RILC    (  370): Send Response to RIL_SOCKET_1
04-12 22:49:50.029 E/RILC    (  370): RIL Response bytes written:4
04-12 22:49:50.029 E/RILC    (  370): RIL Response bytes written:72
04-12 22:49:50.030 D/RILJ    ( 3447): [6728]< OPERATOR {Orange, Orange, 26003} [SUB0]
04-12 22:49:50.032 D/RILC    (  370): RequestComplete, RIL_SOCKET_1
04-12 22:49:50.032 E/RILC    (  370): Send Response to RIL_SOCKET_1
04-12 22:49:50.032 E/RILC    (  370): RIL Response bytes written:4
04-12 22:49:50.032 E/RILC    (  370): RIL Response bytes written:120
04-12 22:49:50.032 D/RILJ    ( 3447): [6729]< DATA_REGISTRATION_STATE {1, dff2, 02bec830, 15, null, 20, null, null, null, null, null, 0} [SUB0]
04-12 22:49:50.032 D/GsmSST  ( 3447): isSFROperators result = false
04-12 22:49:50.033 D/PHONE   ( 3447): [ServiceState] setDataRegState=0
04-12 22:49:50.033 D/PHONE   ( 3447): [ServiceState] setDataRadioTechnology=15
04-12 22:49:50.033 D/GsmSST  ( 3447): [GsmSST] LOGRadioInfo : In Service
04-12 22:49:50.033 D/GsmSST  ( 3447): [GsmSST] handlPollStateResultMessage: GsmSST setDataRegState=0 regState=1 dataRadioTechnology=15
04-12 22:49:50.034 D/RILC    (  370): RequestComplete, RIL_SOCKET_1
04-12 22:49:50.034 E/RILC    (  370): Send Response to RIL_SOCKET_1
04-12 22:49:50.034 E/RILC    (  370): RIL Response bytes written:4
04-12 22:49:50.034 D/RILJ    ( 3447): [6730]< VOICE_REGISTRATION_STATE {1, dff2, 02bec830, 3, null, null, null, 0, null, null, 1, null, null, 0, 1d8} [SUB0]
04-12 22:49:50.034 D/PHONE   ( 3447): [ServiceState] setVoiceRegState=0
04-12 22:49:50.034 E/PHONE   ( 3447): [ServiceState] setState deprecated use setVoiceRegState()
04-12 22:49:50.034 D/GsmSST  ( 3447): [GsmSST] LOGRadioInfo : In Service
04-12 22:49:50.034 E/RILC    (  370): RIL Response bytes written:136
04-12 22:49:50.036 D/RILC    (  370): RequestComplete, RIL_SOCKET_1
04-12 22:49:50.036 E/RILC    (  370): Send Response to RIL_SOCKET_1
04-12 22:49:50.036 E/RILC    (  370): RIL Response bytes written:4
04-12 22:49:50.036 D/RILJ    ( 3447): [6731]< QUERY_NETWORK_SELECTION_MODE {0} [SUB0]
04-12 22:49:50.037 E/RILC    (  370): RIL Response bytes written:20
04-12 22:49:50.037 D/GsmSST  ( 3447): [GsmSST] Poll ServiceState done:  oldSS=[0 0 voice home data home Orange Orange 26003 Orange Orange 26003  UMTS HSPA CSS not supported -1 -1 RoamInd=-1 DefRoamInd=-1 EmergOnly=false IsDataRoamingFromRegistration=false mIsVoiceSearching=false mIsDataSearching=false mVoiceNetworkName=null mDataNetworkName=null Check64QAM0 Dual carrier0] newSS=[0 0 voice home data home Orange Orange 26003 Orange Orange 26003  UMTS HSPAP CSS not supported -1 -1 RoamInd=-1 DefRoamInd=-1 EmergOnly=false IsDataRoamingFromRegistration=false mIsVoiceSearching=false mIsDataSearching=false mVoiceNetworkName=null mDataNetworkName=null Check64QAM0 Dual carrier0] oldMaxDataCalls=20 mNewMaxDataCalls=20 oldReasonDataDenied=-1 mNewReasonDataDenied=-1
04-12 22:49:50.038 D/PHONE   ( 3447): [ServiceState] setNullState=1
04-12 22:49:50.038 D/TelephonyManager( 3447): setTelephonyProperty: success phoneId=0 property=gsm.network.type value: UMTS propVal=UMTS
04-12 22:49:50.038 D/SIMRecords( 3447): [SIMRecords] getServiceProviderName: no brandOverride
04-12 22:49:50.038 D/SIMRecords( 3447): [SIMRecords] getServiceProviderName: providerName=Orange
04-12 22:49:50.038 D/SIMRecords( 3447): [SIMRecords] getServiceProviderName: no brandOverride
04-12 22:49:50.038 D/SIMRecords( 3447): [SIMRecords] getServiceProviderName: providerName=Orange
04-12 22:49:50.038 D/GSMPhoneEx( 3447): grandblue SpnMvno = Orange operator = 26003 simMcc  = 260 simMnc  = 03
04-12 22:49:50.039 D/GSMPhoneEx( 3447): grandblue after SpnMvno = Orange operator = 26003 simMcc  = 260 simMnc  = 03
04-12 22:49:50.039 D/TelephonyManager( 3447): setTelephonyProperty: success phoneId=0 property=gsm.operator.alpha value: Orange propVal=Orange
04-12 22:49:50.040 D/TelephonyManager( 3447): setTelephonyProperty: success phoneId=0 property=gsm.operator.numeric value: 26003 propVal=26003
04-12 22:49:50.040 D/TelephonyManager( 3447): setTelephonyProperty: success phoneId=0 property=gsm.operator.iso-country value: pl propVal=pl
04-12 22:49:50.041 D/GsmSST  ( 3447): [GsmSST] shouldFixTimeZoneNow: retVal=false iccCardExist=true operatorNumeric=26003 mcc=260 prevOperatorNumeric=26003 prevMcc=260 needToFixTimeZone=false ltod=04-12 22:49:50.040
04-12 22:49:50.041 D/TelephonyManager( 3447): setTelephonyProperty: success phoneId=0 property=gsm.operator.isroaming value: false propVal=false
04-12 22:49:50.041 D/TelephonyManager( 3447): setTelephonyProperty: success phoneId=0 property=ril.cdma.voiceinservice value: true propVal=true
04-12 22:49:50.042 D/GsmSST  ( 3447): [GsmSST] Broadcasting ServiceState : 0 0 voice home data home Orange Orange 26003 Orange Orange 26003  UMTS HSPAP CSS not supported -1 -1 RoamInd=-1 DefRoamInd=-1 EmergOnly=false IsDataRoamingFromRegistration=false mIsVoiceSearching=false mIsDataSearching=false mVoiceNetworkName=null mDataNetworkName=null Check64QAM0 Dual carrier0
04-12 22:49:50.042 D/DefaultPhoneNotifier( 3447): nofityServiceState: mRegistry=com.android.internal.telephony.ITelephonyRegistry$Stub$Proxy@ced2ad0 ss=0 0 voice home data home Orange Orange 26003 Orange Orange 26003  UMTS HSPAP CSS not supported -1 -1 RoamInd=-1 DefRoamInd=-1 EmergOnly=false IsDataRoamingFromRegistration=false mIsVoiceSearching=false mIsDataSearching=false mVoiceNetworkName=null mDataNetworkName=null Check64QAM0 Dual carrier0 sender=Handler (com.qti.internal.telephony.gsm.QtiGSMPhone) {560d91e} phondId=0 subId=2
04-12 22:49:50.047 D/QtiGsmDCT( 3447): [0]fetchDunApn: config_tether_apndata dunSetting=null
04-12 22:49:50.047 D/DC-1    ( 3447): isInternetRequested = true
04-12 22:49:50.047 D/Dcc     ( 3447): onDataStateChanged: dcsList=[DataCallResponse: {version=11 status=0 retry=-1 cid=0 active=2 type=IPV6 ifname=rmnet_data0 mtu=1500 addresses=[2a00:0f41:200a:625d:4683:58b3:ef11:3899/64] dnses=[2a01:1700:0003:ffff:0000:0000:0000:9822,2a01:1700:0002:ffff:0000:0000:0000:9f01] gateways=[fe80:0000:0000:0000:dcaa:d923:8cba:621e] pcscf=[]}] mDcListActiveByCid={0={DC-1: State=DcActiveState mApnSetting=[ApnSettingV3] Orange Internet, 695, 26003, internetipv6, , , , , , 1, default | dun | hipri | supl, IPV6, IP, true, 0, 0, 1, false, 0, 0, 0, 0, , , 0, ,  RefCount=1 mCid=0 mCreateTime=-1 mLastastFailTime=-1 mLastFailCause=NONE mTag=4 mRetryManager=RetryManager: { forever=false maxRetry=10 curMaxRetry=0 retry=0 config={default_randomization=2000,5000,10000,20000,40000,80000:5000,160000:5000,320000:5000,640000:5000,1280000:5000,1800000:5000} retryArray={5000:2000 10000:2000 20000:2000 40000:2000 80000:5000 160000:5000 320000:5000 640000:5000 1280000:5000 1800000:5000 }} mLinkProperties={InterfaceName: rmnet_data0 LinkAddresses: [2a00:f41:200a:625d:4683:58b3:ef11:3899/64,]  Routes: [::/0 -> fe80::dcaa:d923:8cba:621e rmnet_data0,] DnsAddresses: [2a01:1700:3:ffff::9822,2a01:1700:2:ffff::9f01,] Domains: null MTU: 1500 TcpBufferSizes: 40778,244668,3461120,16777,140625,3461120} linkCapabilities=[ Transports: CELLULAR Capabilities: SUPL&DUN&INTERNET&NOT_RESTRICTED&TRUSTED&NOT_VPN LinkUpBandwidth>=5898Kbps LinkDnBandwidth>=14336Kbps Specifier: <2>] mApnContexts=[{mApnType=default mState=CONNECTED mWaitingApns={[[ApnSettingV3] Orange Internet, 695, 26003, internetipv6, , , , , , 1, default | dun | hipri | supl, IPV6, IP, true, 0, 0, 1, false, 0, 0, 0, 0, , , 0, , ]} mWaitingApnsPermanentFailureCountDown=1 mApnSetting={[ApnSettingV3] Orange Internet, 695, 26003, internetipv6, , , , , , 1, default | dun | hipri | supl, IPV6, IP, true, 0, 0, 1, false, 0, 0, 0, 0, , , 0, , } mReason=connected mDataEnabled=true mDependencyMet=true}]}}
04-12 22:49:50.047 D/Dcc     ( 3447): onDataStateChanged: dcsToRetry=[]
04-12 22:49:50.047 D/Dcc     ( 3447): onDataStateChanged: Found ConnId=0 newState=DataCallResponse: {version=11 status=0 retry=-1 cid=0 active=2 type=IPV6 ifname=rmnet_data0 mtu=1500 addresses=[2a00:0f41:200a:625d:4683:58b3:ef11:3899/64] dnses=[2a01:1700:0003:ffff:0000:0000:0000:9822,2a01:1700:0002:ffff:0000:0000:0000:9f01] gateways=[fe80:0000:0000:0000:dcaa:d923:8cba:621e] pcscf=[]}
04-12 22:49:50.048 D/DataCallResponse( 3447): addr/pl=2a00:0f41:200a:625d:4683:58b3:ef11:3899/64
04-12 22:49:50.048 D/DC-1    ( 3447): MTU set by call response to: 1500
04-12 22:49:50.048 D/Dcc     ( 3447): onDataStateChanged: no change
04-12 22:49:50.048 D/Dcc     ( 3447): onDataStateChanged: Data Activity updated to NONE. isAnyDataCallActive = true isAnyDataCallDormant = false
04-12 22:49:50.048 D/Dcc     ( 3447): onDataStateChanged: Skip startNetStatPoll
04-12 22:49:50.048 D/Dcc     ( 3447): onDataStateChanged: dcsToRetry=[] apnsToCleanup=[]
04-12 22:49:50.048 D/Dcc     ( 3447): onDataStateChanged: X
04-12 22:49:50.050 D/QtiGsmDCT( 3447): [0]getDataEnabled: getIntWithSubId retVal=true
04-12 22:49:50.050 D/SubscriptionManager( 1891): getSimStateForSubscriber: simState=5 slotIdx=0
04-12 22:49:50.052 D/GsmSST  ( 3447): [GsmSST] notifyDataRegStateRilRadioTechnologyChanged: drs=0 rat=15
04-12 22:49:50.052 D/TelephonyManager( 3447): setTelephonyProperty: success phoneId=0 property=gsm.network.type value: HSPAP propVal=HSPAP
04-12 22:49:50.053 D/QtiGsmDCT( 3447): [0]get all active apn types
04-12 22:49:50.053 D/DC-1    ( 3447): DcActiveState not handled msg.what=EVENT_DATA_CONNECTION_DRS_OR_RAT_CHANGED
04-12 22:49:50.053 D/DC-1    ( 3447): DcDefault msg=EVENT_DATA_CONNECTION_DRS_OR_RAT_CHANGED RefCount=1
04-12 22:49:50.053 D/DC-1    ( 3447): DcDefaultState: EVENT_DATA_CONNECTION_DRS_OR_RAT_CHANGED drs=0 mRilRat=15
04-12 22:49:50.053 D/QtiGsmDCT( 3447): [0]fetchDunApn: Ignore the dun apn in settings.db
04-12 22:49:50.053 D/QtiGsmDCT( 3447): [0]return link properites for default
04-12 22:49:50.077 D/QtiGsmDCT( 3447): [0]fetchDunApn: config_tether_apndata dunSetting=null
04-12 22:49:50.077 D/DC-1    ( 3447): isInternetRequested = true
04-12 22:49:50.078 D/DC-1    ( 3447): DcActiveState not handled msg.what=REQ_GET_LINK_PROPERTIES
04-12 22:49:50.078 D/DC-1    ( 3447): DcDefault msg=REQ_GET_LINK_PROPERTIES RefCount=1
04-12 22:49:50.078 D/DC-1    ( 3447): REQ_GET_LINK_PROPERTIES linkProperties{InterfaceName: rmnet_data0 LinkAddresses: [2a00:f41:200a:625d:4683:58b3:ef11:3899/64,]  Routes: [::/0 -> fe80::dcaa:d923:8cba:621e rmnet_data0,] DnsAddresses: [2a01:1700:3:ffff::9822,2a01:1700:2:ffff::9f01,] Domains: null MTU: 1500 TcpBufferSizes: 122334,734003,3461120,32040,192239,3461120}
04-12 22:49:50.078 D/QtiGsmDCT( 3447): [0]get active pdp is not null, return NetworkCapabilities for default
04-12 22:49:50.079 D/DC-1    ( 3447): DcActiveState not handled msg.what=REQ_GET_NETWORK_CAPABILITIES
04-12 22:49:50.079 D/DC-1    ( 3447): DcDefault msg=REQ_GET_NETWORK_CAPABILITIES RefCount=1
04-12 22:49:50.079 D/QtiGsmDCT( 3447): [0]fetchDunApn: Ignore the dun apn in settings.db
04-12 22:49:50.104 D/QtiGsmDCT( 3447): [0]fetchDunApn: config_tether_apndata dunSetting=null
04-12 22:49:50.104 D/DC-1    ( 3447): isInternetRequested = true
04-12 22:49:50.104 D/DC-1    ( 3447): REQ_GET_NETWORK_CAPABILITIES networkCapabilities[ Transports: CELLULAR Capabilities: SUPL&DUN&INTERNET&NOT_RESTRICTED&TRUSTED&NOT_VPN LinkUpBandwidth>=11264Kbps LinkDnBandwidth>=43008Kbps Specifier: <2>]
04-12 22:49:50.106 D/QtiGsmDCT( 3447): [0]isDataPossible(default): possible=true isDataAllowed=true apnTypePossible=true apnContextisEnabled=true apnContextState()=CONNECTED
04-12 22:49:50.106 D/QtiGsmDCT( 3447): [0]get active apn string for type:default
04-12 22:49:50.106 D/DCT     ( 3447): [ApnContext:default] getApnSetting: apnSetting=[ApnSettingV3] Orange Internet, 695, 26003, internetipv6, , , , , , 1, default | dun | hipri | supl, IPV6, IP, true, 0, 0, 1, false, 0, 0, 0, 0, , , 0, ,
04-12 22:49:50.109 D/TelephonyRegistry( 1891): Notify data connection state changed on sub: 2
04-12 22:49:50.109 D/TelephonyRegistry( 1891): Notify data connection state changed on sub: 2
04-12 22:49:50.109 D/TelephonyRegistry( 1891): Notify data connection state changed on sub: 2
04-12 22:49:50.109 D/TelephonyRegistry( 1891): Notify data connection state changed on sub: 2
04-12 22:49:50.109 D/TelephonyRegistry( 1891): Notify data connection state changed on sub: 2
04-12 22:49:50.109 D/TelephonyRegistry( 1891): Notify data connection state changed on sub: 2
04-12 22:49:50.110 D/TelephonyRegistry( 1891): broadcastPreciseDataConnectionStateChanged():state=2, apnType=default, smCause=(0), reason=null
04-12 22:49:50.114 V/LG-FASTDORMANCY( 3447): [DCH/FACH] FDCount : 0 intent received :android.intent.action.SERVICE_STATE
04-12 22:49:50.114 E/PHONE   ( 3447): ServiceState.getRadioTechnology() DEPRECATED will be removed *******
04-12 22:49:50.115 I/LG-FASTDORMANCY( 3447): [DCH/FACH] FDCount : 0 Service State is changed : 0 0 voice home data home Orange Orange 26003 Orange Orange 26003  UMTS HSPAP CSS not supported -1 -1 RoamInd=-1 DefRoamInd=-1 EmergOnly=false IsDataRoamingFromRegistration=false mIsVoiceSearching=false mIsDataSearching=false mVoiceNetworkName=null mDataNetworkName=null Check64QAM0 Dual carrier0
04-12 22:49:50.115 I/LG-FASTDORMANCY( 3447): [DCH/FACH] FDCount : 0 radioTech changed!! currenRT = 15 isChange?? true
04-12 22:49:50.116 I/LG-FASTDORMANCY( 3447): [DCH/FACH] FDCount : 0 Radio Tech changed.
04-12 22:49:50.116 D/QtiGsmDCT( 3447): [0]QtiDcTracker handleMessage msg={ when=-63ms what=270377 obj=android.os.AsyncResult@a57008f target=com.qti.internal.telephony.dataconnection.QtiDcTracker }
04-12 22:49:50.116 D/QtiGsmDCT( 3447): [0]handleMessage msg={ when=-63ms what=270377 obj=android.os.AsyncResult@a57008f target=com.qti.internal.telephony.dataconnection.QtiDcTracker }
04-12 22:49:50.116 D/QtiGsmDCT( 3447): [0]onUpdateIcc: newIccRecords com.android.internal.telephony.uicc.SIMRecords
04-12 22:49:50.117 D/LG-FASTDORMANCY( 3447): [DCH/FACH] FDCount : 0 isUMTS(): RadioTech(15)
04-12 22:49:50.119 D/GsmSST  ( 3447): [GsmSST] getCellLocation(): X good mCellLoc=[57330,46057520,472]
04-12 22:49:50.122 D/QtiGsmDCT( 3447): [0]getDataOnRoamingEnabled: phoneSubId=2 isDataRoamingEnabled=false
04-12 22:49:50.122 D/QtiGsmDCT( 3447): [0]getDataEnabled: getIntWithSubId retVal=true
04-12 22:49:50.127 D/QtiGsmDCT( 3447): [0]getDataEnabled: getIntWithSubId retVal=true
04-12 22:49:50.133 D/RILJ    ( 3447): [6732]> REQUEST_GET_NEIGHBORING_CELL_IDS [SUB0]
04-12 22:49:50.134 D/RILC    (  370): SOCKET RIL_SOCKET_1 REQUEST: GET_NEIGHBORING_CELL_IDS length:8
04-12 22:49:50.135 I/RILQ    (  370): (0/370):RIL[0][main] qcril_qmi_nas_get_neighboring_cell_ids: completed with 0
04-12 22:49:50.137 I/RILQ    (  370): (0/370):RIL[0][qmi_cb] qcril_qmi_nas_get_neighboring_cells_cb: .. qmi error 0, resultqmi  0, qmi transp_err 0, ril res 0
04-12 22:49:50.138 D/RILC    (  370): RequestComplete, RIL_SOCKET_1
04-12 22:49:50.138 E/RILC    (  370): Send Response to RIL_SOCKET_1
04-12 22:49:50.138 E/RILC    (  370): RIL Response bytes written:4
04-12 22:49:50.138 E/RILC    (  370): RIL Response bytes written:156
04-12 22:49:50.138 I/RILQ    (  370): (0/370):RIL[0][qmi_cb] qcril_qmi_nas_get_neighboring_cells_cb: completed with 0 with 5 entries
04-12 22:49:50.140 D/RILJ    ( 3447): [6732]< REQUEST_GET_NEIGHBORING_CELL_IDS {[[]] [[]] [[]] [[]] [[]] } [SUB0]
04-12 22:49:50.145 D/GsmSST  ( 3447): [GsmSST] SST.getAllCellInfo(): return last, back to back calls
04-12 22:49:50.145 D/GsmSST  ( 3447): [GsmSST] SST.getAllCellInfo(): X size=7 list=[CellInfoWcdma:{mRegistered=YES mTimeStampType=oem_ril mTimeStamp=23523230581633ns CellIdentityWcdma:{ mMcc=260 mMnc=3 mLac=57330 mCid=46057520 mPsc=472} CellSignalStrengthWcdma: ss=13 ber=99}, CellInfoWcdma:{mRegistered=NO mTimeStampType=oem_ril mTimeStamp=23523230581633ns CellIdentityWcdma:{ mMcc=2147483647 mMnc=2147483647 mLac=2147483647 mCid=2147483647 mPsc=294} CellSignalStrengthWcdma: ss=8 ber=99}, CellInfoWcdma:{mRegistered=NO mTimeStampType=oem_ril mTimeStamp=23523230581633ns CellIdentityWcdma:{ mMcc=2147483647 mMnc=2147483647 mLac=2147483647 mCid=2147483647 mPsc=20} CellSignalStrengthWcdma: ss=8 ber=99}, CellInfoWcdma:{mRegistered=NO mTimeStampType=oem_ril mTimeStamp=23523230581633ns CellIdentityWcdma:{ mMcc=2147483647 mMnc=2147483647 mLac=2147483647 mCid=2147483647 mPsc=382} CellSignalStrengthWcdma: ss=8 ber=99}, CellInfoWcdma:{mRegistered=NO mTimeStampType=oem_ril mTimeStamp=23523230581633ns CellIdentityWcdma:{ mMcc=2147483647 mMnc=2147483647 mLac=2147483647 mCid=2147483647 mPsc=296} CellSignalStrengthWcdma: ss=7 ber=99}, CellInfoWcdma:{mRegistered=NO mTimeStampType=oem_ril mTimeStamp=23523230581633ns CellIdentityWcdma:{ mMcc=2147483647 mMnc=2147483647 mLac=2147483647 mCid=2147483647 mPsc=62} CellSignalStrengthWcdma: ss=6 ber=99}, CellInfoWcdma:{mRegistered=NO mTimeStampType=oem_ril mTimeStamp=23523230581633ns CellIdentityWcdma:{ mMcc=2147483647 mMnc=2147483647 mLac=2147483647 mCid=2147483647 mPsc=289} CellSignalStrengthWcdma: ss=0 ber=99}]
04-12 22:49:50.149 D/GsmSST  ( 3447): [GsmSST] getCellLocation(): X good mCellLoc=[57330,46057520,472]
04-12 22:49:50.737 D/QtiGsmDCT( 3447): [0]updateDataActivity: curTxRxSum={txSum=43899 rxSum=53501} preTxRxSum={txSum=43861 rxSum=53461}
04-12 22:49:50.738 D/QtiGsmDCT( 3447): [0]updateDataActivity: sent=38 received=40
04-12 22:49:50.738 D/QtiGsmDCT( 3447): [0]updateDataActivity: newActivity=DATAINANDOUT
04-12 22:49:50.749 D/QtiGsmDCT( 3447): [0]getDataEnabled: getIntWithSubId retVal=true
04-12 22:49:51.026 V/LG-FASTDORMANCY( 3447): [DCH/FACH] FDCount : 0 intent received :com.android.internal.telephony.ACTION_CHECK_NETSTAT
04-12 22:49:51.031 V/LG-FASTDORMANCY( 3447): [DCH/FACH] FDCount : 0 prev: TxPkts(43857), RxPkts(53461)
04-12 22:49:51.031 V/LG-FASTDORMANCY( 3447): [DCH/FACH] FDCount : 0 curr: TxPkts(43899), RxPkts(53501)
04-12 22:49:51.032 I/LG-FASTDORMANCY( 3447): [DCH/FACH] FDCount : 0 Scheduling checkNetStat for 1000msec, current state is [DCH/FACH] FDCount : 0
04-12 22:49:51.753 D/QtiGsmDCT( 3447): [0]updateDataActivity: curTxRxSum={txSum=43899 rxSum=53501} preTxRxSum={txSum=43899 rxSum=53501}
04-12 22:49:51.753 D/QtiGsmDCT( 3447): [0]updateDataActivity: sent=0 received=0
04-12 22:49:51.753 D/QtiGsmDCT( 3447): [0]updateDataActivity: newActivity=NONE
04-12 22:49:51.768 D/QtiGsmDCT( 3447): [0]getDataEnabled: getIntWithSubId retVal=true
04-12 22:49:52.035 V/LG-FASTDORMANCY( 3447): [DCH/FACH] FDCount : 0 intent received :com.android.internal.telephony.ACTION_CHECK_NETSTAT
04-12 22:49:52.040 V/LG-FASTDORMANCY( 3447): [DCH/FACH] FDCount : 0 prev: TxPkts(43899), RxPkts(53501)
04-12 22:49:52.040 V/LG-FASTDORMANCY( 3447): [DCH/FACH] FDCount : 0 curr: TxPkts(43899), RxPkts(53501)
04-12 22:49:52.041 I/LG-FASTDORMANCY( 3447): [DCH/FACH] FDCount : 1 Scheduling checkNetStat for 1000msec, current state is [DCH/FACH] FDCount : 1
04-12 22:49:52.758 D/QtiGsmDCT( 3447): [0]updateDataActivity: curTxRxSum={txSum=43899 rxSum=53501} preTxRxSum={txSum=43899 rxSum=53501}
04-12 22:49:52.759 D/QtiGsmDCT( 3447): [0]updateDataActivity: sent=0 received=0
04-12 22:49:53.049 V/LG-FASTDORMANCY( 3447): [DCH/FACH] FDCount : 1 intent received :com.android.internal.telephony.ACTION_CHECK_NETSTAT
04-12 22:49:53.059 V/LG-FASTDORMANCY( 3447): [DCH/FACH] FDCount : 1 prev: TxPkts(43899), RxPkts(53501)
04-12 22:49:53.059 V/LG-FASTDORMANCY( 3447): [DCH/FACH] FDCount : 1 curr: TxPkts(43899), RxPkts(53501)
04-12 22:49:53.062 I/LG-FASTDORMANCY( 3447): [DCH/FACH] FDCount : 2 Scheduling checkNetStat for 1000msec, current state is [DCH/FACH] FDCount : 2
04-12 22:49:53.089 I/RILC    (  370): RIL_SOCKET_1 UNSOLICITED: UNSOL_SIGNAL_STRENGTH length:68
04-12 22:49:53.089 E/RILC    (  370): Send Response to RIL_SOCKET_1
04-12 22:49:53.089 E/RILC    (  370): RIL Response bytes written:4
04-12 22:49:53.089 E/RILC    (  370): RIL Response bytes written:68
04-12 22:49:53.090 D/GsmSST  ( 3447): [GsmSST] ServiceStateTrackerEx:onSignalStrengthResult() isGsm=true DataRadioTech=15
04-12 22:49:53.090 W/LGSignalStrength( 3447): setDataRadioTechnology: dataRadioTechnology = 15
04-12 22:49:53.090 D/DefaultPhoneNotifier( 3447): notifySignalStrength: mRegistry=com.android.internal.telephony.ITelephonyRegistry$Stub$Proxy@ced2ad0 ss=SignalStrength: 15 0 -83 -45 -120 -1 -1 99 2147483647 2147483647 2147483647 2147483647 2147483647 gsm|lte 15 0 -83 -45 sender=Handler (com.qti.internal.telephony.gsm.QtiGSMPhone) {560d91e}
04-12 22:49:53.122 D/QtiGsmDCT( 3447): [0]getDataEnabled: getIntWithSubId retVal=true
04-12 22:49:53.765 D/QtiGsmDCT( 3447): [0]updateDataActivity: curTxRxSum={txSum=43921 rxSum=53529} preTxRxSum={txSum=43899 rxSum=53501}
04-12 22:49:53.765 D/QtiGsmDCT( 3447): [0]updateDataActivity: sent=22 received=28
04-12 22:49:53.765 D/QtiGsmDCT( 3447): [0]updateDataActivity: newActivity=DATAINANDOUT
04-12 22:49:53.775 D/QtiGsmDCT( 3447): [0]getDataEnabled: getIntWithSubId retVal=true
04-12 22:49:54.066 V/LG-FASTDORMANCY( 3447): [DCH/FACH] FDCount : 2 intent received :com.android.internal.telephony.ACTION_CHECK_NETSTAT
04-12 22:49:54.070 V/LG-FASTDORMANCY( 3447): [DCH/FACH] FDCount : 2 prev: TxPkts(43899), RxPkts(53501)
04-12 22:49:54.070 V/LG-FASTDORMANCY( 3447): [DCH/FACH] FDCount : 2 curr: TxPkts(43923), RxPkts(53531)
04-12 22:49:54.070 I/LG-FASTDORMANCY( 3447): [DCH/FACH] FDCount : 0 Scheduling checkNetStat for 1000msec, current state is [DCH/FACH] FDCount : 0
04-12 22:49:54.771 D/QtiGsmDCT( 3447): [0]updateDataActivity: curTxRxSum={txSum=43923 rxSum=53531} preTxRxSum={txSum=43921 rxSum=53529}
04-12 22:49:54.771 D/QtiGsmDCT( 3447): [0]updateDataActivity: sent=2 received=2
04-12 22:49:55.074 V/LG-FASTDORMANCY( 3447): [DCH/FACH] FDCount : 0 intent received :com.android.internal.telephony.ACTION_CHECK_NETSTAT
04-12 22:49:55.081 V/LG-FASTDORMANCY( 3447): [DCH/FACH] FDCount : 0 prev: TxPkts(43923), RxPkts(53531)
04-12 22:49:55.082 V/LG-FASTDORMANCY( 3447): [DCH/FACH] FDCount : 0 curr: TxPkts(43923), RxPkts(53531)
04-12 22:49:55.083 I/LG-FASTDORMANCY( 3447): [DCH/FACH] FDCount : 1 Scheduling checkNetStat for 1000msec, current state is [DCH/FACH] FDCount : 1
04-12 22:49:55.783 D/QtiGsmDCT( 3447): [0]updateDataActivity: curTxRxSum={txSum=43923 rxSum=53531} preTxRxSum={txSum=43923 rxSum=53531}
04-12 22:49:55.784 D/QtiGsmDCT( 3447): [0]updateDataActivity: sent=0 received=0
04-12 22:49:55.784 D/QtiGsmDCT( 3447): [0]updateDataActivity: newActivity=NONE
04-12 22:49:55.796 D/QtiGsmDCT( 3447): [0]getDataEnabled: getIntWithSubId retVal=true
04-12 22:49:56.087 V/LG-FASTDORMANCY( 3447): [DCH/FACH] FDCount : 1 intent received :com.android.internal.telephony.ACTION_CHECK_NETSTAT
04-12 22:49:56.096 V/LG-FASTDORMANCY( 3447): [DCH/FACH] FDCount : 1 prev: TxPkts(43923), RxPkts(53531)
04-12 22:49:56.096 V/LG-FASTDORMANCY( 3447): [DCH/FACH] FDCount : 1 curr: TxPkts(43923), RxPkts(53531)
04-12 22:49:56.100 I/LG-FASTDORMANCY( 3447): [DCH/FACH] FDCount : 2 Scheduling checkNetStat for 1000msec, current state is [DCH/FACH] FDCount : 2
04-12 22:49:56.791 D/QtiGsmDCT( 3447): [0]updateDataActivity: curTxRxSum={txSum=43923 rxSum=53531} preTxRxSum={txSum=43923 rxSum=53531}
04-12 22:49:56.792 D/QtiGsmDCT( 3447): [0]updateDataActivity: sent=0 received=0
04-12 22:49:57.105 V/LG-FASTDORMANCY( 3447): [DCH/FACH] FDCount : 2 intent received :com.android.internal.telephony.ACTION_CHECK_NETSTAT
04-12 22:49:57.108 V/LG-FASTDORMANCY( 3447): [DCH/FACH] FDCount : 2 prev: TxPkts(43923), RxPkts(53531)
04-12 22:49:57.108 V/LG-FASTDORMANCY( 3447): [DCH/FACH] FDCount : 2 curr: TxPkts(43923), RxPkts(53531)
04-12 22:49:57.109 I/LG-FASTDORMANCY( 3447): [DCH/FACH] FDCount : 3 Scheduling checkNetStat for 1000msec, current state is [DCH/FACH] FDCount : 3
04-12 22:49:57.800 D/QtiGsmDCT( 3447): [0]updateDataActivity: curTxRxSum={txSum=43923 rxSum=53531} preTxRxSum={txSum=43923 rxSum=53531}
04-12 22:49:57.800 D/QtiGsmDCT( 3447): [0]updateDataActivity: sent=0 received=0
04-12 22:49:58.115 V/LG-FASTDORMANCY( 3447): [DCH/FACH] FDCount : 3 intent received :com.android.internal.telephony.ACTION_CHECK_NETSTAT
04-12 22:49:58.120 V/LG-FASTDORMANCY( 3447): [DCH/FACH] FDCount : 3 prev: TxPkts(43923), RxPkts(53531)
04-12 22:49:58.120 V/LG-FASTDORMANCY( 3447): [DCH/FACH] FDCount : 3 curr: TxPkts(43923), RxPkts(53531)
04-12 22:49:58.121 I/LG-FASTDORMANCY( 3447): [DCH/FACH] FDCount : 4 Scheduling checkNetStat for 1000msec, current state is [DCH/FACH] FDCount : 4
04-12 22:49:58.805 D/QtiGsmDCT( 3447): [0]updateDataActivity: curTxRxSum={txSum=43923 rxSum=53531} preTxRxSum={txSum=43923 rxSum=53531}
04-12 22:49:58.805 D/QtiGsmDCT( 3447): [0]updateDataActivity: sent=0 received=0
04-12 22:49:59.124 V/LG-FASTDORMANCY( 3447): [DCH/FACH] FDCount : 4 intent received :com.android.internal.telephony.ACTION_CHECK_NETSTAT
04-12 22:49:59.127 V/LG-FASTDORMANCY( 3447): [DCH/FACH] FDCount : 4 prev: TxPkts(43923), RxPkts(53531)
04-12 22:49:59.127 V/LG-FASTDORMANCY( 3447): [DCH/FACH] FDCount : 4 curr: TxPkts(43923), RxPkts(53531)
04-12 22:49:59.130 I/LG-FASTDORMANCY( 3447): [DCH/FACH] FDCount : 5 Scheduling checkNetStat for 1000msec, current state is [DCH/FACH] FDCount : 5
04-12 22:49:59.812 D/QtiGsmDCT( 3447): [0]updateDataActivity: curTxRxSum={txSum=43923 rxSum=53531} preTxRxSum={txSum=43923 rxSum=53531}
04-12 22:49:59.812 D/QtiGsmDCT( 3447): [0]updateDataActivity: sent=0 received=0
04-12 22:50:00.135 V/LG-FASTDORMANCY( 3447): [DCH/FACH] FDCount : 5 intent received :com.android.internal.telephony.ACTION_CHECK_NETSTAT
04-12 22:50:00.138 V/LG-FASTDORMANCY( 3447): [DCH/FACH] FDCount : 5 prev: TxPkts(43923), RxPkts(53531)
04-12 22:50:00.138 V/LG-FASTDORMANCY( 3447): [DCH/FACH] FDCount : 5 curr: TxPkts(43923), RxPkts(53531)
04-12 22:50:00.138 I/LG-FASTDORMANCY( 3447): [DCH/FACH] FDCount : 6 Scheduling checkNetStat for 1000msec, current state is [DCH/FACH] FDCount : 6
04-12 22:50:00.819 D/QtiGsmDCT( 3447): [0]updateDataActivity: curTxRxSum={txSum=43923 rxSum=53531} preTxRxSum={txSum=43923 rxSum=53531}
04-12 22:50:00.819 D/QtiGsmDCT( 3447): [0]updateDataActivity: sent=0 received=0
04-12 22:50:01.146 V/LG-FASTDORMANCY( 3447): [DCH/FACH] FDCount : 6 intent received :com.android.internal.telephony.ACTION_CHECK_NETSTAT
04-12 22:50:01.152 V/LG-FASTDORMANCY( 3447): [DCH/FACH] FDCount : 6 prev: TxPkts(43923), RxPkts(53531)
04-12 22:50:01.153 V/LG-FASTDORMANCY( 3447): [DCH/FACH] FDCount : 6 curr: TxPkts(43923), RxPkts(53531)
04-12 22:50:01.156 I/LG-FASTDORMANCY( 3447): [DCH/FACH] FDCount : 7 Scheduling checkNetStat for 1000msec, current state is [DCH/FACH] FDCount : 7
04-12 22:50:01.822 D/QtiGsmDCT( 3447): [0]updateDataActivity: curTxRxSum={txSum=43923 rxSum=53531} preTxRxSum={txSum=43923 rxSum=53531}
04-12 22:50:01.822 D/QtiGsmDCT( 3447): [0]updateDataActivity: sent=0 received=0
04-12 22:50:02.170 V/LG-FASTDORMANCY( 3447): [DCH/FACH] FDCount : 7 intent received :com.android.internal.telephony.ACTION_CHECK_NETSTAT
04-12 22:50:02.176 V/LG-FASTDORMANCY( 3447): [DCH/FACH] FDCount : 7 prev: TxPkts(43923), RxPkts(53531)
04-12 22:50:02.176 V/LG-FASTDORMANCY( 3447): [DCH/FACH] FDCount : 7 curr: TxPkts(43923), RxPkts(53531)
04-12 22:50:02.178 I/LG-FASTDORMANCY( 3447): [DCH/FACH] FDCount : 8 Scheduling checkNetStat for 1000msec, current state is [DCH/FACH] FDCount : 8
04-12 22:50:02.829 D/QtiGsmDCT( 3447): [0]updateDataActivity: curTxRxSum={txSum=43923 rxSum=53531} preTxRxSum={txSum=43923 rxSum=53531}
04-12 22:50:02.829 D/QtiGsmDCT( 3447): [0]updateDataActivity: sent=0 received=0
04-12 22:50:03.184 V/LG-FASTDORMANCY( 3447): [DCH/FACH] FDCount : 8 intent received :com.android.internal.telephony.ACTION_CHECK_NETSTAT
04-12 22:50:03.192 V/LG-FASTDORMANCY( 3447): [DCH/FACH] FDCount : 8 prev: TxPkts(43923), RxPkts(53531)
04-12 22:50:03.192 V/LG-FASTDORMANCY( 3447): [DCH/FACH] FDCount : 8 curr: TxPkts(43923), RxPkts(53531)
04-12 22:50:03.193 I/LG-FASTDORMANCY( 3447): [DCH/FACH] FDCount : 9 Scheduling checkNetStat for 1000msec, current state is [DCH/FACH] FDCount : 9
04-12 22:50:03.834 D/QtiGsmDCT( 3447): [0]updateDataActivity: curTxRxSum={txSum=43923 rxSum=53531} preTxRxSum={txSum=43923 rxSum=53531}
04-12 22:50:03.834 D/QtiGsmDCT( 3447): [0]updateDataActivity: sent=0 received=0
04-12 22:50:04.199 V/LG-FASTDORMANCY( 3447): [DCH/FACH] FDCount : 9 intent received :com.android.internal.telephony.ACTION_CHECK_NETSTAT
04-12 22:50:04.203 V/LG-FASTDORMANCY( 3447): [DCH/FACH] FDCount : 9 prev: TxPkts(43923), RxPkts(53531)
04-12 22:50:04.203 V/LG-FASTDORMANCY( 3447): [DCH/FACH] FDCount : 9 curr: TxPkts(43923), RxPkts(53531)
04-12 22:50:04.204 I/LG-FASTDORMANCY( 3447): [DCH/FACH] FDCount : 10 Scheduling checkNetStat for 1000msec, current state is [DCH/FACH] FDCount : 10
04-12 22:50:04.567 I/RILC    (  370): RIL_SOCKET_1 UNSOLICITED: RIL_UNSOL_LTE_REJECT_CAUSE length:16
04-12 22:50:04.567 E/RILC    (  370): Send Response to RIL_SOCKET_1
04-12 22:50:04.568 E/RILC    (  370): RIL Response bytes written:4
04-12 22:50:04.569 D/RILJ    ( 3447): [UNSL]< RIL_UNSOL_LTE_REJECT_CAUSE {15} [SUB0]
04-12 22:50:04.569 E/RILC    (  370): RIL Response bytes written:16
04-12 22:50:04.572 I/RILC    (  370): RIL_SOCKET_1 UNSOLICITED: UNSOL_OEM_HOOK_RAW length:32
04-12 22:50:04.572 E/RILC    (  370): Send Response to RIL_SOCKET_1
04-12 22:50:04.572 E/RILC    (  370): RIL Response bytes written:4
04-12 22:50:04.572 E/RILC    (  370): RIL Response bytes written:32
04-12 22:50:04.572 V/RILJ    ( 3447): [UNSL]< UNSOL_OEM_HOOK_RAW 514f454d484f4f4bef0308000100000002 [SUB0]
04-12 22:50:04.572 D/RILJ    ( 3447): Oem ID in RIL_UNSOL_OEM_HOOK_RAW is QOEMHOOK
04-12 22:50:04.572 D/RILJ    ( 3447): OEM ID check Passed
04-12 22:50:04.572 D/RILJ    ( 3447): Response ID in RIL_UNSOL_OEM_HOOK_RAW is 525295
04-12 22:50:04.572 D/RILJ    ( 3447): Response ID 525295 is not served in this process.
04-12 22:50:04.574 I/RILC    (  370): RIL_SOCKET_1 UNSOLICITED: UNSOL_RESPONSE_VOICE_NETWORK_STATE_CHANGED length:8
04-12 22:50:04.574 E/RILC    (  370): Send Response to RIL_SOCKET_1
04-12 22:50:04.574 E/RILC    (  370): RIL Response bytes written:4
04-12 22:50:04.575 D/RILJ    ( 3447): [UNSL]< UNSOL_RESPONSE_VOICE_NETWORK_STATE_CHANGED [SUB0]
04-12 22:50:04.575 D/RILJ    ( 3447): [6733]> OPERATOR [SUB0]
04-12 22:50:04.576 E/RILC    (  370): RIL Response bytes written:8
04-12 22:50:04.577 D/RILC    (  370): SOCKET RIL_SOCKET_1 REQUEST: OPERATOR length:8
04-12 22:50:04.578 I/RILQ    (  370): (0/370):RIL[0][event] qcril_arb_set_dsd_sys_status: old_pref_data 1 - new_data_pref 1
04-12 22:50:04.578 D/RILJ    ( 3447): [6734]> DATA_REGISTRATION_STATE [SUB0]
04-12 22:50:04.578 I/RILQ    (  370): (0/370):RIL[0][event] qcril_arb_set_dsd_sys_status: preferred dsd_sys_status nw=0x0, rat_value=0x1, so_mask=0x0000000000000007
04-12 22:50:04.578 I/RILQ    (  370): (0/370):RIL[0][event] qcril_arb_set_dsd_sys_status: preferred 1 - dsd_sys_status nw=0x0, rat_value=0x1, so_mask=0x0000000000000007
04-12 22:50:04.578 I/RILQ    (  370): (0/370):RIL[0][event] qcril_arb_set_dsd_sys_status: is_wwan_available 0
04-12 22:50:04.579 I/RILC    (  370): RIL_SOCKET_1 UNSOLICITED: UNSOL_OEM_HOOK_RAW length:32
04-12 22:50:04.579 E/RILC    (  370): Send Response to RIL_SOCKET_1
04-12 22:50:04.580 E/RILC    (  370): RIL Response bytes written:4
04-12 22:50:04.580 D/RILJ    ( 3447): [6735]> VOICE_REGISTRATION_STATE [SUB0]
04-12 22:50:04.580 V/RILJ    ( 3447): [UNSL]< UNSOL_OEM_HOOK_RAW 514f454d484f4f4bfa0308000100000000 [SUB0]
04-12 22:50:04.580 D/RILJ    ( 3447): Oem ID in RIL_UNSOL_OEM_HOOK_RAW is QOEMHOOK
04-12 22:50:04.580 D/RILJ    ( 3447): OEM ID check Passed
04-12 22:50:04.580 D/RILJ    ( 3447): Response ID in RIL_UNSOL_OEM_HOOK_RAW is 525306
04-12 22:50:04.580 D/RILJ    ( 3447): WWAN, IWLAN coexistence notified to registrants
04-12 22:50:04.580 D/RILC    (  370): SOCKET RIL_SOCKET_1 REQUEST: DATA_REGISTRATION_STATE length:8
04-12 22:50:04.581 E/RILC    (  370): RIL Response bytes written:32
04-12 22:50:04.584 D/RILC    (  370): SOCKET RIL_SOCKET_1 REQUEST: VOICE_REGISTRATION_STATE length:8
04-12 22:50:04.584 D/RILJ    ( 3447): [6736]> QUERY_NETWORK_SELECTION_MODE [SUB0]
04-12 22:50:04.586 I/RILC    (  370): RIL_SOCKET_1 UNSOLICITED: RIL_UNSOL_LTE_REJECT_CAUSE length:16
04-12 22:50:04.586 E/RILC    (  370): Send Response to RIL_SOCKET_1
04-12 22:50:04.587 E/RILC    (  370): RIL Response bytes written:4
04-12 22:50:04.587 E/RILC    (  370): RIL Response bytes written:16
04-12 22:50:04.587 D/RILJ    ( 3447): [UNSL]< RIL_UNSOL_LTE_REJECT_CAUSE {15} [SUB0]
04-12 22:50:04.591 D/RILC    (  370): SOCKET RIL_SOCKET_1 REQUEST: QUERY_NETWORK_SELECTION_MODE length:8
04-12 22:50:04.600 D/RILC    (  370): RequestComplete, RIL_SOCKET_1
04-12 22:50:04.600 E/RILC    (  370): Send Response to RIL_SOCKET_1
04-12 22:50:04.600 E/RILC    (  370): RIL Response bytes written:4
04-12 22:50:04.600 E/RILC    (  370): RIL Response bytes written:72
04-12 22:50:04.601 D/RILJ    ( 3447): [6733]< OPERATOR {Orange, Orange, 26003} [SUB0]
04-12 22:50:04.605 D/RILC    (  370): RequestComplete, RIL_SOCKET_1
04-12 22:50:04.605 E/RILC    (  370): Send Response to RIL_SOCKET_1
04-12 22:50:04.605 E/RILC    (  370): RIL Response bytes written:4
04-12 22:50:04.605 E/RILC    (  370): RIL Response bytes written:120
04-12 22:50:04.605 D/RILJ    ( 3447): [6734]< DATA_REGISTRATION_STATE {1, dff2, 02bec830, 11, null, 20, null, null, null, null, null, 0} [SUB0]
04-12 22:50:04.606 D/GsmSST  ( 3447): isSFROperators result = false
04-12 22:50:04.606 D/PHONE   ( 3447): [ServiceState] setDataRegState=0
04-12 22:50:04.606 D/PHONE   ( 3447): [ServiceState] setDataRadioTechnology=11
04-12 22:50:04.606 D/GsmSST  ( 3447): [GsmSST] LOGRadioInfo : In Service
04-12 22:50:04.606 D/GsmSST  ( 3447): [GsmSST] handlPollStateResultMessage: GsmSST setDataRegState=0 regState=1 dataRadioTechnology=11
04-12 22:50:04.608 D/RILC    (  370): RequestComplete, RIL_SOCKET_1
04-12 22:50:04.608 E/RILC    (  370): Send Response to RIL_SOCKET_1
04-12 22:50:04.608 E/RILC    (  370): RIL Response bytes written:4
04-12 22:50:04.608 E/RILC    (  370): RIL Response bytes written:20
04-12 22:50:04.609 D/RILJ    ( 3447): [6736]< QUERY_NETWORK_SELECTION_MODE {0} [SUB0]
04-12 22:50:04.611 D/RILC    (  370): RequestComplete, RIL_SOCKET_1
04-12 22:50:04.611 E/RILC    (  370): Send Response to RIL_SOCKET_1
04-12 22:50:04.611 E/RILC    (  370): RIL Response bytes written:4
04-12 22:50:04.611 D/RILJ    ( 3447): [6735]< VOICE_REGISTRATION_STATE {1, dff2, 02bec830, 3, null, null, null, 0, null, null, 1, null, null, 0, 1d8} [SUB0]
04-12 22:50:04.612 E/RILC    (  370): RIL Response bytes written:136
04-12 22:50:04.612 I/RILC    (  370): RIL_SOCKET_1 UNSOLICITED: UNSOL_RESPONSE_VOICE_NETWORK_STATE_CHANGED length:8
04-12 22:50:04.612 E/RILC    (  370): Send Response to RIL_SOCKET_1
04-12 22:50:04.612 E/RILC    (  370): RIL Response bytes written:4
04-12 22:50:04.612 E/RILC    (  370): RIL Response bytes written:8
04-12 22:50:04.613 D/PHONE   ( 3447): [ServiceState] setVoiceRegState=0
04-12 22:50:04.613 E/PHONE   ( 3447): [ServiceState] setState deprecated use setVoiceRegState()
04-12 22:50:04.613 D/GsmSST  ( 3447): [GsmSST] LOGRadioInfo : In Service
04-12 22:50:04.614 D/RILJ    ( 3447): [UNSL]< UNSOL_RESPONSE_VOICE_NETWORK_STATE_CHANGED [SUB0]
04-12 22:50:04.615 D/GsmSST  ( 3447): [GsmSST] Poll ServiceState done:  oldSS=[0 0 voice home data home Orange Orange 26003 Orange Orange 26003  UMTS HSPAP CSS not supported -1 -1 RoamInd=-1 DefRoamInd=-1 EmergOnly=false IsDataRoamingFromRegistration=false mIsVoiceSearching=false mIsDataSearching=false mVoiceNetworkName=null mDataNetworkName=null Check64QAM0 Dual carrier0] newSS=[0 0 voice home data home Orange Orange 26003 Orange Orange 26003  UMTS HSPA CSS not supported -1 -1 RoamInd=-1 DefRoamInd=-1 EmergOnly=false IsDataRoamingFromRegistration=false mIsVoiceSearching=false mIsDataSearching=false mVoiceNetworkName=null mDataNetworkName=null Check64QAM0 Dual carrier0] oldMaxDataCalls=20 mNewMaxDataCalls=20 oldReasonDataDenied=-1 mNewReasonDataDenied=-1
04-12 22:50:04.615 D/PHONE   ( 3447): [ServiceState] setNullState=1
04-12 22:50:04.616 D/TelephonyManager( 3447): setTelephonyProperty: success phoneId=0 property=gsm.network.type value: UMTS propVal=UMTS
04-12 22:50:04.617 D/SIMRecords( 3447): [SIMRecords] getServiceProviderName: no brandOverride
04-12 22:50:04.617 D/SIMRecords( 3447): [SIMRecords] getServiceProviderName: providerName=Orange
04-12 22:50:04.617 D/SIMRecords( 3447): [SIMRecords] getServiceProviderName: no brandOverride
04-12 22:50:04.617 D/SIMRecords( 3447): [SIMRecords] getServiceProviderName: providerName=Orange
04-12 22:50:04.617 D/GSMPhoneEx( 3447): grandblue SpnMvno = Orange operator = 26003 simMcc  = 260 simMnc  = 03
04-12 22:50:04.617 D/GSMPhoneEx( 3447): grandblue after SpnMvno = Orange operator = 26003 simMcc  = 260 simMnc  = 03
04-12 22:50:04.617 D/TelephonyManager( 3447): setTelephonyProperty: success phoneId=0 property=gsm.operator.alpha value: Orange propVal=Orange
04-12 22:50:04.618 D/TelephonyManager( 3447): setTelephonyProperty: success phoneId=0 property=gsm.operator.numeric value: 26003 propVal=26003
04-12 22:50:04.619 D/TelephonyManager( 3447): setTelephonyProperty: success phoneId=0 property=gsm.operator.iso-country value: pl propVal=pl
04-12 22:50:04.621 D/GsmSST  ( 3447): [GsmSST] shouldFixTimeZoneNow: retVal=false iccCardExist=true operatorNumeric=26003 mcc=260 prevOperatorNumeric=26003 prevMcc=260 needToFixTimeZone=false ltod=04-12 22:50:04.620
04-12 22:50:04.621 D/TelephonyManager( 3447): setTelephonyProperty: success phoneId=0 property=gsm.operator.isroaming value: false propVal=false
04-12 22:50:04.621 D/TelephonyManager( 3447): setTelephonyProperty: success phoneId=0 property=ril.cdma.voiceinservice value: true propVal=true
04-12 22:50:04.622 D/GsmSST  ( 3447): [GsmSST] Broadcasting ServiceState : 0 0 voice home data home Orange Orange 26003 Orange Orange 26003  UMTS HSPA CSS not supported -1 -1 RoamInd=-1 DefRoamInd=-1 EmergOnly=false IsDataRoamingFromRegistration=false mIsVoiceSearching=false mIsDataSearching=false mVoiceNetworkName=null mDataNetworkName=null Check64QAM0 Dual carrier0
04-12 22:50:04.622 D/DefaultPhoneNotifier( 3447): nofityServiceState: mRegistry=com.android.internal.telephony.ITelephonyRegistry$Stub$Proxy@ced2ad0 ss=0 0 voice home data home Orange Orange 26003 Orange Orange 26003  UMTS HSPA CSS not supported -1 -1 RoamInd=-1 DefRoamInd=-1 EmergOnly=false IsDataRoamingFromRegistration=false mIsVoiceSearching=false mIsDataSearching=false mVoiceNetworkName=null mDataNetworkName=null Check64QAM0 Dual carrier0 sender=Handler (com.qti.internal.telephony.gsm.QtiGSMPhone) {560d91e} phondId=0 subId=2
04-12 22:50:04.634 D/SubscriptionManager( 1891): getSimStateForSubscriber: simState=5 slotIdx=0
04-12 22:50:04.635 D/GsmSST  ( 3447): [GsmSST] notifyDataRegStateRilRadioTechnologyChanged: drs=0 rat=11
04-12 22:50:04.635 D/TelephonyManager( 3447): setTelephonyProperty: success phoneId=0 property=gsm.network.type value: HSPA propVal=HSPA
04-12 22:50:04.636 D/QtiGsmDCT( 3447): [0]get all active apn types
04-12 22:50:04.636 D/DC-1    ( 3447): DcActiveState not handled msg.what=EVENT_DATA_CONNECTION_DRS_OR_RAT_CHANGED
04-12 22:50:04.636 D/DC-1    ( 3447): DcDefault msg=EVENT_DATA_CONNECTION_DRS_OR_RAT_CHANGED RefCount=1
