04-11 20:49:21.041 D/DefaultPhoneNotifier( 3447): notifySignalStrength: mRegistry=com.android.internal.telephony.ITelephonyRegistry$Stub$Proxy@ced2ad0 ss=SignalStrength: 13 0 -88 -75 -120 -1 -1 99 2147483647 2147483647 2147483647 2147483647 2147483647 gsm|lte 11 0 -88 -75 sender=Handler (com.qti.internal.telephony.gsm.QtiGSMPhone) {560d91e}
04-11 20:49:21.053 D/QtiGsmDCT( 3447): [0]getDataEnabled: getIntWithSubId retVal=true
04-11 20:49:24.252 I/RILC    (  370): RIL_SOCKET_1 UNSOLICITED: UNSOL_SIGNAL_STRENGTH length:68
04-11 20:49:24.252 E/RILC    (  370): Send Response to RIL_SOCKET_1
04-11 20:49:24.252 E/RILC    (  370): RIL Response bytes written:4
04-11 20:49:24.252 E/RILC    (  370): RIL Response bytes written:68
04-11 20:49:24.253 D/GsmSST  ( 3447): [GsmSST] ServiceStateTrackerEx:onSignalStrengthResult() isGsm=true DataRadioTech=11
04-11 20:49:24.253 W/LGSignalStrength( 3447): setDataRadioTechnology: dataRadioTechnology = 11
04-11 20:49:24.253 D/DefaultPhoneNotifier( 3447): notifySignalStrength: mRegistry=com.android.internal.telephony.ITelephonyRegistry$Stub$Proxy@ced2ad0 ss=SignalStrength: 11 0 -91 -110 -120 -1 -1 99 2147483647 2147483647 2147483647 2147483647 2147483647 gsm|lte 11 0 -91 -110 sender=Handler (com.qti.internal.telephony.gsm.QtiGSMPhone) {560d91e}
04-11 20:49:24.272 D/QtiGsmDCT( 3447): [0]getDataEnabled: getIntWithSubId retVal=true
04-11 20:49:43.453 I/RILC    (  370): RIL_SOCKET_1 UNSOLICITED: UNSOL_SIGNAL_STRENGTH length:68
04-11 20:49:43.453 E/RILC    (  370): Send Response to RIL_SOCKET_1
04-11 20:49:43.453 E/RILC    (  370): RIL Response bytes written:4
04-11 20:49:43.453 E/RILC    (  370): RIL Response bytes written:68
04-11 20:49:43.454 D/GsmSST  ( 3447): [GsmSST] ServiceStateTrackerEx:onSignalStrengthResult() isGsm=true DataRadioTech=11
04-11 20:49:43.454 W/LGSignalStrength( 3447): setDataRadioTechnology: dataRadioTechnology = 11
04-11 20:49:43.454 D/DefaultPhoneNotifier( 3447): notifySignalStrength: mRegistry=com.android.internal.telephony.ITelephonyRegistry$Stub$Proxy@ced2ad0 ss=SignalStrength: 13 0 -87 -100 -120 -1 -1 99 2147483647 2147483647 2147483647 2147483647 2147483647 gsm|lte 11 0 -87 -100 sender=Handler (com.qti.internal.telephony.gsm.QtiGSMPhone) {560d91e}
04-11 20:49:43.466 D/QtiGsmDCT( 3447): [0]getDataEnabled: getIntWithSubId retVal=true
04-11 20:49:49.847 I/RILC    (  370): RIL_SOCKET_1 UNSOLICITED: UNSOL_SIGNAL_STRENGTH length:68
04-11 20:49:49.847 E/RILC    (  370): Send Response to RIL_SOCKET_1
04-11 20:49:49.847 E/RILC    (  370): RIL Response bytes written:4
04-11 20:49:49.847 E/RILC    (  370): RIL Response bytes written:68
04-11 20:49:49.848 D/GsmSST  ( 3447): [GsmSST] ServiceStateTrackerEx:onSignalStrengthResult() isGsm=true DataRadioTech=11
04-11 20:49:49.848 W/LGSignalStrength( 3447): setDataRadioTechnology: dataRadioTechnology = 11
04-11 20:49:49.848 D/DefaultPhoneNotifier( 3447): notifySignalStrength: mRegistry=com.android.internal.telephony.ITelephonyRegistry$Stub$Proxy@ced2ad0 ss=SignalStrength: 12 0 -89 -100 -120 -1 -1 99 2147483647 2147483647 2147483647 2147483647 2147483647 gsm|lte 11 0 -89 -100 sender=Handler (com.qti.internal.telephony.gsm.QtiGSMPhone) {560d91e}
04-11 20:49:49.861 D/QtiGsmDCT( 3447): [0]getDataEnabled: getIntWithSubId retVal=true
04-11 20:49:58.455 I/RILC    (  370): RIL_SOCKET_1 UNSOLICITED: RIL_UNSOL_LTE_REJECT_CAUSE length:16
04-11 20:49:58.455 E/RILC    (  370): Send Response to RIL_SOCKET_1
04-11 20:49:58.456 E/RILC    (  370): RIL Response bytes written:4
04-11 20:49:58.456 D/RILJ    ( 3447): [UNSL]< RIL_UNSOL_LTE_REJECT_CAUSE {15} [SUB0]
04-11 20:49:58.456 E/RILC    (  370): RIL Response bytes written:16
04-11 20:49:58.457 I/RILC    (  370): RIL_SOCKET_1 UNSOLICITED: UNSOL_OEM_HOOK_RAW length:32
04-11 20:49:58.457 E/RILC    (  370): Send Response to RIL_SOCKET_1
04-11 20:49:58.457 E/RILC    (  370): RIL Response bytes written:4
04-11 20:49:58.457 V/RILJ    ( 3447): [UNSL]< UNSOL_OEM_HOOK_RAW 514f454d484f4f4bef0308000100000001 [SUB0]
04-11 20:49:58.457 D/RILJ    ( 3447): Oem ID in RIL_UNSOL_OEM_HOOK_RAW is QOEMHOOK
04-11 20:49:58.457 D/RILJ    ( 3447): OEM ID check Passed
04-11 20:49:58.458 D/RILJ    ( 3447): Response ID in RIL_UNSOL_OEM_HOOK_RAW is 525295
04-11 20:49:58.458 D/RILJ    ( 3447): Response ID 525295 is not served in this process.
04-11 20:49:58.458 E/RILC    (  370): RIL Response bytes written:32
04-11 20:49:58.462 I/RILC    (  370): RIL_SOCKET_1 UNSOLICITED: UNSOL_RESPONSE_VOICE_NETWORK_STATE_CHANGED length:8
04-11 20:49:58.462 E/RILC    (  370): Send Response to RIL_SOCKET_1
04-11 20:49:58.462 E/RILC    (  370): RIL Response bytes written:4
04-11 20:49:58.462 D/RILJ    ( 3447): [UNSL]< UNSOL_RESPONSE_VOICE_NETWORK_STATE_CHANGED [SUB0]
04-11 20:49:58.462 D/RILJ    ( 3447): [5371]> OPERATOR [SUB0]
04-11 20:49:58.463 D/RILJ    ( 3447): [5372]> DATA_REGISTRATION_STATE [SUB0]
04-11 20:49:58.464 D/RILC    (  370): SOCKET RIL_SOCKET_1 REQUEST: OPERATOR length:8
04-11 20:49:58.466 D/RILJ    ( 3447): [5373]> VOICE_REGISTRATION_STATE [SUB0]
04-11 20:49:58.466 D/RILC    (  370): SOCKET RIL_SOCKET_1 REQUEST: DATA_REGISTRATION_STATE length:8
04-11 20:49:58.466 E/RILC    (  370): RIL Response bytes written:8
04-11 20:49:58.470 D/RILJ    ( 3447): [5374]> QUERY_NETWORK_SELECTION_MODE [SUB0]
04-11 20:49:58.471 D/RILC    (  370): SOCKET RIL_SOCKET_1 REQUEST: VOICE_REGISTRATION_STATE length:8
04-11 20:49:58.472 D/RILC    (  370): SOCKET RIL_SOCKET_1 REQUEST: QUERY_NETWORK_SELECTION_MODE length:8
04-11 20:49:58.477 D/RILC    (  370): RequestComplete, RIL_SOCKET_1
04-11 20:49:58.477 E/RILC    (  370): Send Response to RIL_SOCKET_1
04-11 20:49:58.477 E/RILC    (  370): RIL Response bytes written:4
04-11 20:49:58.477 E/RILC    (  370): RIL Response bytes written:72
04-11 20:49:58.479 D/RILJ    ( 3447): [5371]< OPERATOR {Orange, Orange, 26003} [SUB0]
04-11 20:49:58.481 D/RILC    (  370): RequestComplete, RIL_SOCKET_1
04-11 20:49:58.481 E/RILC    (  370): Send Response to RIL_SOCKET_1
04-11 20:49:58.481 E/RILC    (  370): RIL Response bytes written:4
04-11 20:49:58.481 E/RILC    (  370): RIL Response bytes written:120
04-11 20:49:58.484 D/RILC    (  370): RequestComplete, RIL_SOCKET_1
04-11 20:49:58.484 E/RILC    (  370): Send Response to RIL_SOCKET_1
04-11 20:49:58.484 E/RILC    (  370): RIL Response bytes written:4
04-11 20:49:58.484 E/RILC    (  370): RIL Response bytes written:136
04-11 20:49:58.486 D/RILC    (  370): RequestComplete, RIL_SOCKET_1
04-11 20:49:58.486 E/RILC    (  370): Send Response to RIL_SOCKET_1
04-11 20:49:58.486 E/RILC    (  370): RIL Response bytes written:4
04-11 20:49:58.486 E/RILC    (  370): RIL Response bytes written:20
04-11 20:49:58.487 D/RILJ    ( 3447): [5372]< DATA_REGISTRATION_STATE {1, dff2, 02bec826, 11, null, 20, null, null, null, null, null, 0} [SUB0]
04-11 20:49:58.487 D/RILJ    ( 3447): [5373]< VOICE_REGISTRATION_STATE {1, dff2, 02bec826, 3, null, null, null, 0, null, null, 1, null, null, 0, 1d8} [SUB0]
04-11 20:49:58.487 D/RILJ    ( 3447): [5374]< QUERY_NETWORK_SELECTION_MODE {0} [SUB0]
04-11 20:49:58.488 D/GsmSST  ( 3447): isSFROperators result = false
04-11 20:49:58.488 D/PHONE   ( 3447): [ServiceState] setDataRegState=0
04-11 20:49:58.488 D/PHONE   ( 3447): [ServiceState] setDataRadioTechnology=11
04-11 20:49:58.488 D/GsmSST  ( 3447): [GsmSST] LOGRadioInfo : In Service
04-11 20:49:58.488 D/GsmSST  ( 3447): [GsmSST] handlPollStateResultMessage: GsmSST setDataRegState=0 regState=1 dataRadioTechnology=11
04-11 20:49:58.488 D/PHONE   ( 3447): [ServiceState] setVoiceRegState=0
04-11 20:49:58.488 E/PHONE   ( 3447): [ServiceState] setState deprecated use setVoiceRegState()
04-11 20:49:58.488 D/GsmSST  ( 3447): [GsmSST] LOGRadioInfo : In Service
04-11 20:49:58.490 D/GsmSST  ( 3447): [GsmSST] Poll ServiceState done:  oldSS=[0 0 voice home data home Orange Orange 26003 Orange Orange 26003  UMTS HSPA CSS not supported -1 -1 RoamInd=-1 DefRoamInd=-1 EmergOnly=false IsDataRoamingFromRegistration=false mIsVoiceSearching=false mIsDataSearching=false mVoiceNetworkName=null mDataNetworkName=null Check64QAM0 Dual carrier0] newSS=[0 0 voice home data home Orange Orange 26003 Orange Orange 26003  UMTS HSPA CSS not supported -1 -1 RoamInd=-1 DefRoamInd=-1 EmergOnly=false IsDataRoamingFromRegistration=false mIsVoiceSearching=false mIsDataSearching=false mVoiceNetworkName=null mDataNetworkName=null Check64QAM0 Dual carrier0] oldMaxDataCalls=20 mNewMaxDataCalls=20 oldReasonDataDenied=-1 mNewReasonDataDenied=-1
04-11 20:49:58.490 D/PHONE   ( 3447): [ServiceState] setNullState=1
04-11 20:49:59.111 I/RILC    (  370): RIL_SOCKET_1 UNSOLICITED: RIL_UNSOL_LTE_REJECT_CAUSE length:16
04-11 20:49:59.111 E/RILC    (  370): Send Response to RIL_SOCKET_1
04-11 20:49:59.111 E/RILC    (  370): RIL Response bytes written:4
04-11 20:49:59.111 E/RILC    (  370): RIL Response bytes written:16
04-11 20:49:59.112 D/RILJ    ( 3447): [UNSL]< RIL_UNSOL_LTE_REJECT_CAUSE {15} [SUB0]
04-11 20:49:59.112 I/RILC    (  370): RIL_SOCKET_1 UNSOLICITED: UNSOL_OEM_HOOK_RAW length:32
04-11 20:49:59.112 E/RILC    (  370): Send Response to RIL_SOCKET_1
04-11 20:49:59.112 E/RILC    (  370): RIL Response bytes written:4
04-11 20:49:59.112 E/RILC    (  370): RIL Response bytes written:32
04-11 20:49:59.114 I/RILC    (  370): RIL_SOCKET_1 UNSOLICITED: UNSOL_RESPONSE_VOICE_NETWORK_STATE_CHANGED length:8
04-11 20:49:59.114 E/RILC    (  370): Send Response to RIL_SOCKET_1
04-11 20:49:59.114 E/RILC    (  370): RIL Response bytes written:4
04-11 20:49:59.115 E/RILC    (  370): RIL Response bytes written:8
04-11 20:49:59.115 V/RILJ    ( 3447): [UNSL]< UNSOL_OEM_HOOK_RAW 514f454d484f4f4bef0308000100000001 [SUB0]
04-11 20:49:59.115 D/RILJ    ( 3447): Oem ID in RIL_UNSOL_OEM_HOOK_RAW is QOEMHOOK
04-11 20:49:59.116 D/RILJ    ( 3447): OEM ID check Passed
04-11 20:49:59.116 D/RILJ    ( 3447): Response ID in RIL_UNSOL_OEM_HOOK_RAW is 525295
04-11 20:49:59.116 D/RILJ    ( 3447): Response ID 525295 is not served in this process.
04-11 20:49:59.116 D/RILJ    ( 3447): [UNSL]< UNSOL_RESPONSE_VOICE_NETWORK_STATE_CHANGED [SUB0]
04-11 20:49:59.116 I/RILQ    (  370): (0/370):RIL[0][event] qcril_arb_set_dsd_sys_status: old_pref_data 1 - new_data_pref 1
04-11 20:49:59.116 D/RILJ    ( 3447): [5375]> OPERATOR [SUB0]
04-11 20:49:59.116 I/RILQ    (  370): (0/370):RIL[0][event] qcril_arb_set_dsd_sys_status: preferred dsd_sys_status nw=0x0, rat_value=0x1, so_mask=0x0000000000000015
04-11 20:49:59.116 I/RILQ    (  370): (0/370):RIL[0][event] qcril_arb_set_dsd_sys_status: preferred 1 - dsd_sys_status nw=0x0, rat_value=0x1, so_mask=0x0000000000000015
04-11 20:49:59.116 I/RILQ    (  370): (0/370):RIL[0][event] qcril_arb_set_dsd_sys_status: is_wwan_available 0
04-11 20:49:59.116 I/RILC    (  370): RIL_SOCKET_1 UNSOLICITED: UNSOL_OEM_HOOK_RAW length:32
04-11 20:49:59.116 E/RILC    (  370): Send Response to RIL_SOCKET_1
04-11 20:49:59.116 E/RILC    (  370): RIL Response bytes written:4
04-11 20:49:59.116 E/RILC    (  370): RIL Response bytes written:32
04-11 20:49:59.117 V/RILJ    ( 3447): [UNSL]< UNSOL_OEM_HOOK_RAW 514f454d484f4f4bfa0308000100000000 [SUB0]
04-11 20:49:59.117 D/RILJ    ( 3447): Oem ID in RIL_UNSOL_OEM_HOOK_RAW is QOEMHOOK
04-11 20:49:59.117 D/RILJ    ( 3447): OEM ID check Passed
04-11 20:49:59.117 D/RILJ    ( 3447): Response ID in RIL_UNSOL_OEM_HOOK_RAW is 525306
04-11 20:49:59.117 D/RILJ    ( 3447): WWAN, IWLAN coexistence notified to registrants
04-11 20:49:59.119 D/RILJ    ( 3447): [5376]> DATA_REGISTRATION_STATE [SUB0]
04-11 20:49:59.120 D/RILJ    ( 3447): [5377]> VOICE_REGISTRATION_STATE [SUB0]
04-11 20:49:59.120 D/RILC    (  370): SOCKET RIL_SOCKET_1 REQUEST: OPERATOR length:8
04-11 20:49:59.120 I/RILC    (  370): RIL_SOCKET_1 UNSOLICITED: RIL_UNSOL_LTE_REJECT_CAUSE length:16
04-11 20:49:59.120 E/RILC    (  370): Send Response to RIL_SOCKET_1
04-11 20:49:59.121 E/RILC    (  370): RIL Response bytes written:4
04-11 20:49:59.121 E/RILC    (  370): RIL Response bytes written:16
04-11 20:49:59.121 D/RILJ    ( 3447): [5378]> QUERY_NETWORK_SELECTION_MODE [SUB0]
04-11 20:49:59.122 D/RILC    (  370): SOCKET RIL_SOCKET_1 REQUEST: DATA_REGISTRATION_STATE length:8
04-11 20:49:59.122 D/RILJ    ( 3447): [UNSL]< RIL_UNSOL_LTE_REJECT_CAUSE {15} [SUB0]
04-11 20:49:59.125 I/RILC    (  370): RIL_SOCKET_1 UNSOLICITED: UNSOL_RESPONSE_VOICE_NETWORK_STATE_CHANGED length:8
04-11 20:49:59.125 E/RILC    (  370): Send Response to RIL_SOCKET_1
04-11 20:49:59.125 E/RILC    (  370): RIL Response bytes written:4
04-11 20:49:59.125 E/RILC    (  370): RIL Response bytes written:8
04-11 20:49:59.125 D/RILJ    ( 3447): [UNSL]< UNSOL_RESPONSE_VOICE_NETWORK_STATE_CHANGED [SUB0]
04-11 20:49:59.125 D/RILJ    ( 3447): [5379]> OPERATOR [SUB0]
04-11 20:49:59.126 D/RILJ    ( 3447): [5380]> DATA_REGISTRATION_STATE [SUB0]
04-11 20:49:59.127 I/RILC    (  370): RIL_SOCKET_1 UNSOLICITED: UNSOL_DATA_CALL_LIST_CHANGED length:428
04-11 20:49:59.127 E/RILC    (  370): Send Response to RIL_SOCKET_1
04-11 20:49:59.127 D/RILC    (  370): SOCKET RIL_SOCKET_1 REQUEST: VOICE_REGISTRATION_STATE length:8
04-11 20:49:59.127 E/RILC    (  370): RIL Response bytes written:4
04-11 20:49:59.128 D/RILJ    ( 3447): responseDataCallList ver=11 num=1 [SUB0]
04-11 20:49:59.128 D/RILJ    ( 3447): getDataCallResponse before ver=11 [SUB0]
04-11 20:49:59.128 D/RILJ    ( 3447): [UNSL]< UNSOL_DATA_CALL_LIST_CHANGED [DataCallResponse: {version=11 status=0 retry=-1 cid=0 active=2 type=IPV6 ifname=rmnet_data0 mtu=1500 addresses=[2a00:0f41:509d:3c49:86de:75f7:213a:3588/64] dnses=[2a01:1700:0003:ffff:0000:0000:0000:9822,2a01:1700:0002:ffff:0000:0000:0000:9f01] gateways=[fe80:0000:0000:0000:88b0:3588:9bd1:5a35] pcscf=[]}] [SUB0]
04-11 20:49:59.128 D/RILJ    ( 3447): [5381]> VOICE_REGISTRATION_STATE [SUB0]
04-11 20:49:59.128 D/RILC    (  370): SOCKET RIL_SOCKET_1 REQUEST: QUERY_NETWORK_SELECTION_MODE length:8
04-11 20:49:59.128 I/LG-FASTDORMANCY( 3447): [IDLE] Data call list changed.
04-11 20:49:59.128 E/RILC    (  370): RIL Response bytes written:428
04-11 20:49:59.129 I/LG-FASTDORMANCY( 3447): [IDLE] [DataCallResponse: {version=11 status=0 retry=-1 cid=0 active=2 type=IPV6 ifname=rmnet_data0 mtu=1500 addresses=[2a00:0f41:509d:3c49:86de:75f7:213a:3588/64] dnses=[2a01:1700:0003:ffff:0000:0000:0000:9822,2a01:1700:0002:ffff:0000:0000:0000:9f01] gateways=[fe80:0000:0000:0000:88b0:3588:9bd1:5a35] pcscf=[]}]
04-11 20:49:59.129 I/LG-FASTDORMANCY( 3447): [IDLE] prev:[IDLE] , curr:false
04-11 20:49:59.130 D/QtiGsmDCT( 3447): [0]fetchDunApn: Ignore the dun apn in settings.db
04-11 20:49:59.131 D/LG-FASTDORMANCY( 3447): [IDLE] isUMTS(): RadioTech(10)
04-11 20:49:59.131 D/LG-FASTDORMANCY( 3447): [IDLE] Exit from IDLE State
04-11 20:49:59.131 D/LG-FASTDORMANCY( 3447): [DCH/FACH] FDCount : 0 Enter to DCH or FACH State
04-11 20:49:59.131 D/RILC    (  370): SOCKET RIL_SOCKET_1 REQUEST: OPERATOR length:8
04-11 20:49:59.132 D/RILC    (  370): SOCKET RIL_SOCKET_1 REQUEST: DATA_REGISTRATION_STATE length:8
04-11 20:49:59.133 D/LG-FASTDORMANCY( 3447): [DCH/FACH] FDCount : 0 isUMTS(): RadioTech(10)
04-11 20:49:59.133 I/LG-FASTDORMANCY( 3447): [DCH/FACH] FDCount : 0 Scheduling checkNetStat for 1000msec, current state is [DCH/FACH] FDCount : 0 
04-11 20:49:59.134 D/RILC    (  370): RequestComplete, RIL_SOCKET_1
04-11 20:49:59.134 E/RILC    (  370): Send Response to RIL_SOCKET_1
04-11 20:49:59.134 E/RILC    (  370): RIL Response bytes written:4
04-11 20:49:59.134 E/RILC    (  370): RIL Response bytes written:136
04-11 20:49:59.134 D/RILJ    ( 3447): [5377]< VOICE_REGISTRATION_STATE {1, dff2, 02bec826, 3, null, null, null, 0, null, null, 1, null, null, 0, 1d8} [SUB0]
04-11 20:49:59.135 D/RILJ    ( 3447): [5382]> QUERY_NETWORK_SELECTION_MODE [SUB0]
04-11 20:49:59.137 D/QtiGsmDCT( 3447): [0]QtiDcTracker handleMessage msg={ when=-9ms what=270340 obj=android.os.AsyncResult@11122d1 target=com.qti.internal.telephony.dataconnection.QtiDcTracker }
04-11 20:49:59.137 D/RILC    (  370): SOCKET RIL_SOCKET_1 REQUEST: VOICE_REGISTRATION_STATE length:8
04-11 20:49:59.137 D/QtiGsmDCT( 3447): [0]handleMessage msg={ when=-9ms what=270340 obj=android.os.AsyncResult@11122d1 target=com.qti.internal.telephony.dataconnection.QtiDcTracker }
04-11 20:49:59.137 E/DATA    ( 3447): Unidentified event msg={ when=-10ms what=270340 obj=android.os.AsyncResult@11122d1 target=com.qti.internal.telephony.dataconnection.QtiDcTracker }
04-11 20:49:59.138 D/RILC    (  370): SOCKET RIL_SOCKET_1 REQUEST: QUERY_NETWORK_SELECTION_MODE length:8
04-11 20:49:59.145 D/RILC    (  370): RequestComplete, RIL_SOCKET_1
04-11 20:49:59.145 E/RILC    (  370): Send Response to RIL_SOCKET_1
04-11 20:49:59.145 E/RILC    (  370): RIL Response bytes written:4
04-11 20:49:59.145 E/RILC    (  370): RIL Response bytes written:72
04-11 20:49:59.145 D/RILC    (  370): RequestComplete, RIL_SOCKET_1
04-11 20:49:59.145 E/RILC    (  370): Send Response to RIL_SOCKET_1
04-11 20:49:59.146 E/RILC    (  370): RIL Response bytes written:4
04-11 20:49:59.146 E/RILC    (  370): RIL Response bytes written:72
04-11 20:49:59.146 D/RILJ    ( 3447): [5375]< OPERATOR {Orange, Orange, 26003} [SUB0]
04-11 20:49:59.146 D/RILJ    ( 3447): [5379]< OPERATOR {Orange, Orange, 26003} [SUB0]
04-11 20:49:59.150 D/RILC    (  370): RequestComplete, RIL_SOCKET_1
04-11 20:49:59.150 E/RILC    (  370): Send Response to RIL_SOCKET_1
04-11 20:49:59.150 E/RILC    (  370): RIL Response bytes written:4
04-11 20:49:59.150 D/RILJ    ( 3447): [5376]< DATA_REGISTRATION_STATE {1, dff2, 02bec826, 15, null, 20, null, null, null, null, null, 0} [SUB0]
04-11 20:49:59.150 E/RILC    (  370): RIL Response bytes written:120
04-11 20:49:59.151 D/RILC    (  370): RequestComplete, RIL_SOCKET_1
04-11 20:49:59.151 E/RILC    (  370): Send Response to RIL_SOCKET_1
04-11 20:49:59.151 E/RILC    (  370): RIL Response bytes written:4
04-11 20:49:59.151 D/RILJ    ( 3447): [5380]< DATA_REGISTRATION_STATE {1, dff2, 02bec826, 15, null, 20, null, null, null, null, null, 0} [SUB0]
04-11 20:49:59.151 E/RILC    (  370): RIL Response bytes written:120
04-11 20:49:59.152 D/GsmSST  ( 3447): isSFROperators result = false
04-11 20:49:59.152 D/PHONE   ( 3447): [ServiceState] setDataRegState=0
04-11 20:49:59.152 D/PHONE   ( 3447): [ServiceState] setDataRadioTechnology=15
04-11 20:49:59.152 D/GsmSST  ( 3447): [GsmSST] LOGRadioInfo : In Service
04-11 20:49:59.152 D/GsmSST  ( 3447): [GsmSST] handlPollStateResultMessage: GsmSST setDataRegState=0 regState=1 dataRadioTechnology=15
04-11 20:49:59.153 D/RILC    (  370): RequestComplete, RIL_SOCKET_1
04-11 20:49:59.153 E/RILC    (  370): Send Response to RIL_SOCKET_1
04-11 20:49:59.153 E/RILC    (  370): RIL Response bytes written:4
04-11 20:49:59.153 E/RILC    (  370): RIL Response bytes written:136
04-11 20:49:59.153 D/RILJ    ( 3447): [5381]< VOICE_REGISTRATION_STATE {1, dff2, 02bec826, 3, null, null, null, 0, null, null, 1, null, null, 0, 1d8} [SUB0]
04-11 20:49:59.153 D/PHONE   ( 3447): [ServiceState] setVoiceRegState=0
04-11 20:49:59.153 E/PHONE   ( 3447): [ServiceState] setState deprecated use setVoiceRegState()
04-11 20:49:59.154 D/GsmSST  ( 3447): [GsmSST] LOGRadioInfo : In Service
04-11 20:49:59.155 D/RILC    (  370): RequestComplete, RIL_SOCKET_1
04-11 20:49:59.155 E/RILC    (  370): Send Response to RIL_SOCKET_1
04-11 20:49:59.155 E/RILC    (  370): RIL Response bytes written:4
04-11 20:49:59.155 D/RILJ    ( 3447): [5378]< QUERY_NETWORK_SELECTION_MODE {0} [SUB0]
04-11 20:49:59.156 E/RILC    (  370): RIL Response bytes written:20
04-11 20:49:59.156 D/RILC    (  370): RequestComplete, RIL_SOCKET_1
04-11 20:49:59.156 E/RILC    (  370): Send Response to RIL_SOCKET_1
04-11 20:49:59.156 E/RILC    (  370): RIL Response bytes written:4
04-11 20:49:59.157 D/RILJ    ( 3447): [5382]< QUERY_NETWORK_SELECTION_MODE {0} [SUB0]
04-11 20:49:59.157 E/RILC    (  370): RIL Response bytes written:20
04-11 20:49:59.161 D/GsmSST  ( 3447): [GsmSST] Poll ServiceState done:  oldSS=[0 0 voice home data home Orange Orange 26003 Orange Orange 26003  UMTS HSPA CSS not supported -1 -1 RoamInd=-1 DefRoamInd=-1 EmergOnly=false IsDataRoamingFromRegistration=false mIsVoiceSearching=false mIsDataSearching=false mVoiceNetworkName=null mDataNetworkName=null Check64QAM0 Dual carrier0] newSS=[0 0 voice home data home Orange Orange 26003 Orange Orange 26003  UMTS HSPAP CSS not supported -1 -1 RoamInd=-1 DefRoamInd=-1 EmergOnly=false IsDataRoamingFromRegistration=false mIsVoiceSearching=false mIsDataSearching=false mVoiceNetworkName=null mDataNetworkName=null Check64QAM0 Dual carrier0] oldMaxDataCalls=20 mNewMaxDataCalls=20 oldReasonDataDenied=-1 mNewReasonDataDenied=-1
04-11 20:49:59.161 D/PHONE   ( 3447): [ServiceState] setNullState=1
04-11 20:49:59.161 D/TelephonyManager( 3447): setTelephonyProperty: success phoneId=0 property=gsm.network.type value: UMTS propVal=UMTS
04-11 20:49:59.162 D/SIMRecords( 3447): [SIMRecords] getServiceProviderName: no brandOverride
04-11 20:49:59.162 D/SIMRecords( 3447): [SIMRecords] getServiceProviderName: providerName=Orange
04-11 20:49:59.162 D/SIMRecords( 3447): [SIMRecords] getServiceProviderName: no brandOverride
04-11 20:49:59.162 D/SIMRecords( 3447): [SIMRecords] getServiceProviderName: providerName=Orange
04-11 20:49:59.162 D/GSMPhoneEx( 3447): grandblue SpnMvno = Orange operator = 26003 simMcc  = 260 simMnc  = 03
04-11 20:49:59.163 D/GSMPhoneEx( 3447): grandblue after SpnMvno = Orange operator = 26003 simMcc  = 260 simMnc  = 03
04-11 20:49:59.164 D/TelephonyManager( 3447): setTelephonyProperty: success phoneId=0 property=gsm.operator.alpha value: Orange propVal=Orange
04-11 20:49:59.164 D/TelephonyManager( 3447): setTelephonyProperty: success phoneId=0 property=gsm.operator.numeric value: 26003 propVal=26003
04-11 20:49:59.165 D/TelephonyManager( 3447): setTelephonyProperty: success phoneId=0 property=gsm.operator.iso-country value: pl propVal=pl
04-11 20:49:59.166 D/GsmSST  ( 3447): [GsmSST] shouldFixTimeZoneNow: retVal=false iccCardExist=true operatorNumeric=26003 mcc=260 prevOperatorNumeric=26003 prevMcc=260 needToFixTimeZone=false ltod=04-11 20:49:59.166
04-11 20:49:59.166 D/TelephonyManager( 3447): setTelephonyProperty: success phoneId=0 property=gsm.operator.isroaming value: false propVal=false
04-11 20:49:59.167 D/TelephonyManager( 3447): setTelephonyProperty: success phoneId=0 property=ril.cdma.voiceinservice value: true propVal=true
04-11 20:49:59.168 D/GsmSST  ( 3447): [GsmSST] Broadcasting ServiceState : 0 0 voice home data home Orange Orange 26003 Orange Orange 26003  UMTS HSPAP CSS not supported -1 -1 RoamInd=-1 DefRoamInd=-1 EmergOnly=false IsDataRoamingFromRegistration=false mIsVoiceSearching=false mIsDataSearching=false mVoiceNetworkName=null mDataNetworkName=null Check64QAM0 Dual carrier0
04-11 20:49:59.168 D/DefaultPhoneNotifier( 3447): nofityServiceState: mRegistry=com.android.internal.telephony.ITelephonyRegistry$Stub$Proxy@ced2ad0 ss=0 0 voice home data home Orange Orange 26003 Orange Orange 26003  UMTS HSPAP CSS not supported -1 -1 RoamInd=-1 DefRoamInd=-1 EmergOnly=false IsDataRoamingFromRegistration=false mIsVoiceSearching=false mIsDataSearching=false mVoiceNetworkName=null mDataNetworkName=null Check64QAM0 Dual carrier0 sender=Handler (com.qti.internal.telephony.gsm.QtiGSMPhone) {560d91e} phondId=0 subId=2
04-11 20:49:59.179 D/SubscriptionManager( 1891): getSimStateForSubscriber: simState=5 slotIdx=0
04-11 20:49:59.180 D/GsmSST  ( 3447): [GsmSST] notifyDataRegStateRilRadioTechnologyChanged: drs=0 rat=15
04-11 20:49:59.181 D/TelephonyManager( 3447): setTelephonyProperty: success phoneId=0 property=gsm.network.type value: HSPAP propVal=HSPAP
04-11 20:49:59.182 D/QtiGsmDCT( 3447): [0]get all active apn types
04-11 20:49:59.184 D/QtiGsmDCT( 3447): [0]return link properites for default
04-11 20:49:59.186 D/QtiGsmDCT( 3447): [0]getDataEnabled: getIntWithSubId retVal=true
04-11 20:49:59.187 D/QtiGsmDCT( 3447): [0]fetchDunApn: config_tether_apndata dunSetting=null
04-11 20:49:59.187 D/DC-1    ( 3447): isInternetRequested = true
04-11 20:49:59.188 D/Dcc     ( 3447): onDataStateChanged: dcsList=[DataCallResponse: {version=11 status=0 retry=-1 cid=0 active=2 type=IPV6 ifname=rmnet_data0 mtu=1500 addresses=[2a00:0f41:509d:3c49:86de:75f7:213a:3588/64] dnses=[2a01:1700:0003:ffff:0000:0000:0000:9822,2a01:1700:0002:ffff:0000:0000:0000:9f01] gateways=[fe80:0000:0000:0000:88b0:3588:9bd1:5a35] pcscf=[]}] mDcListActiveByCid={0={DC-1: State=DcActiveState mApnSetting=[ApnSettingV3] Orange Internet, 695, 26003, internetipv6, , , , , , 1, default | dun | hipri | supl, IPV6, IP, true, 0, 0, 1, false, 0, 0, 0, 0, , , 0, ,  RefCount=1 mCid=0 mCreateTime=-1 mLastastFailTime=-1 mLastFailCause=NONE mTag=2 mRetryManager=RetryManager: { forever=false maxRetry=10 curMaxRetry=0 retry=0 config={default_randomization=2000,5000,10000,20000,40000,80000:5000,160000:5000,320000:5000,640000:5000,1280000:5000,1800000:5000} retryArray={5000:2000 10000:2000 20000:2000 40000:2000 80000:5000 160000:5000 320000:5000 640000:5000 1280000:5000 1800000:5000 }} mLinkProperties={InterfaceName: rmnet_data0 LinkAddresses: [2a00:f41:509d:3c49:86de:75f7:213a:3588/64,]  Routes: [::/0 -> fe80::88b0:3588:9bd1:5a35 rmnet_data0,] DnsAddresses: [2a01:1700:3:ffff::9822,2a01:1700:2:ffff::9f01,] Domains: null MTU: 1500 TcpBufferSizes: 40778,244668,3461120,16777,140625,3461120} linkCapabilities=[ Transports: CELLULAR Capabilities: SUPL&DUN&INTERNET&NOT_RESTRICTED&TRUSTED&NOT_VPN LinkUpBandwidth>=5898Kbps LinkDnBandwidth>=14336Kbps Specifier: <2>] mApnContexts=[{mApnType=default mState=CONNECTED mWaitingApns={[[ApnSettingV3] Orange Internet, 695, 26003, internetipv6, , , , , , 1, default | dun | hipri | supl, IPV6, IP, true, 0, 0, 1, false, 0, 0, 0, 0, , , 0, , ]} mWaitingApnsPermanentFailureCountDown=1 mApnSetting={[ApnSettingV3] Orange Internet, 695, 26003, internetipv6, , , , , , 1, default | dun | hipri | supl, IPV6, IP, true, 0, 0, 1, false, 0, 0, 0, 0, , , 0, , } mReason=connected mDataEnabled=true mDependencyMet=true}]}}
04-11 20:49:59.188 D/Dcc     ( 3447): onDataStateChanged: dcsToRetry=[]
04-11 20:49:59.188 D/Dcc     ( 3447): onDataStateChanged: Found ConnId=0 newState=DataCallResponse: {version=11 status=0 retry=-1 cid=0 active=2 type=IPV6 ifname=rmnet_data0 mtu=1500 addresses=[2a00:0f41:509d:3c49:86de:75f7:213a:3588/64] dnses=[2a01:1700:0003:ffff:0000:0000:0000:9822,2a01:1700:0002:ffff:0000:0000:0000:9f01] gateways=[fe80:0000:0000:0000:88b0:3588:9bd1:5a35] pcscf=[]}
04-11 20:49:59.188 D/DataCallResponse( 3447): addr/pl=2a00:0f41:509d:3c49:86de:75f7:213a:3588/64
04-11 20:49:59.188 D/DC-1    ( 3447): MTU set by call response to: 1500
04-11 20:49:59.189 D/Dcc     ( 3447): onDataStateChanged: no change
04-11 20:49:59.189 D/Dcc     ( 3447): onDataStateChanged: Data Activity updated to NONE. isAnyDataCallActive = true isAnyDataCallDormant = false
04-11 20:49:59.189 D/Dcc     ( 3447): onDataStateChanged: Skip startNetStatPoll
04-11 20:49:59.189 D/Dcc     ( 3447): onDataStateChanged: dcsToRetry=[] apnsToCleanup=[]
04-11 20:49:59.189 D/Dcc     ( 3447): onDataStateChanged: X
04-11 20:49:59.189 D/DC-1    ( 3447): DcActiveState not handled msg.what=EVENT_DATA_CONNECTION_DRS_OR_RAT_CHANGED
04-11 20:49:59.189 D/DC-1    ( 3447): DcDefault msg=EVENT_DATA_CONNECTION_DRS_OR_RAT_CHANGED RefCount=1
04-11 20:49:59.189 D/DC-1    ( 3447): DcDefaultState: EVENT_DATA_CONNECTION_DRS_OR_RAT_CHANGED drs=0 mRilRat=15
04-11 20:49:59.189 D/QtiGsmDCT( 3447): [0]fetchDunApn: Ignore the dun apn in settings.db
04-11 20:49:59.220 D/QtiGsmDCT( 3447): [0]fetchDunApn: config_tether_apndata dunSetting=null
04-11 20:49:59.220 D/DC-1    ( 3447): isInternetRequested = true
04-11 20:49:59.222 D/DC-1    ( 3447): DcActiveState not handled msg.what=REQ_GET_LINK_PROPERTIES
04-11 20:49:59.222 D/DC-1    ( 3447): DcDefault msg=REQ_GET_LINK_PROPERTIES RefCount=1
04-11 20:49:59.222 D/DC-1    ( 3447): REQ_GET_LINK_PROPERTIES linkProperties{InterfaceName: rmnet_data0 LinkAddresses: [2a00:f41:509d:3c49:86de:75f7:213a:3588/64,]  Routes: [::/0 -> fe80::88b0:3588:9bd1:5a35 rmnet_data0,] DnsAddresses: [2a01:1700:3:ffff::9822,2a01:1700:2:ffff::9f01,] Domains: null MTU: 1500 TcpBufferSizes: 122334,734003,3461120,32040,192239,3461120}
04-11 20:49:59.222 D/QtiGsmDCT( 3447): [0]get active pdp is not null, return NetworkCapabilities for default
04-11 20:49:59.223 D/DC-1    ( 3447): DcActiveState not handled msg.what=REQ_GET_NETWORK_CAPABILITIES
04-11 20:49:59.223 D/DC-1    ( 3447): DcDefault msg=REQ_GET_NETWORK_CAPABILITIES RefCount=1
04-11 20:49:59.223 D/QtiGsmDCT( 3447): [0]fetchDunApn: Ignore the dun apn in settings.db
04-11 20:49:59.250 D/QtiGsmDCT( 3447): [0]fetchDunApn: config_tether_apndata dunSetting=null
04-11 20:49:59.250 D/DC-1    ( 3447): isInternetRequested = true
04-11 20:49:59.250 D/DC-1    ( 3447): REQ_GET_NETWORK_CAPABILITIES networkCapabilities[ Transports: CELLULAR Capabilities: SUPL&DUN&INTERNET&NOT_RESTRICTED&TRUSTED&NOT_VPN LinkUpBandwidth>=11264Kbps LinkDnBandwidth>=43008Kbps Specifier: <2>]
04-11 20:49:59.251 D/QtiGsmDCT( 3447): [0]isDataPossible(default): possible=true isDataAllowed=true apnTypePossible=true apnContextisEnabled=true apnContextState()=CONNECTED
04-11 20:49:59.251 D/QtiGsmDCT( 3447): [0]get active apn string for type:default
04-11 20:49:59.252 D/DCT     ( 3447): [ApnContext:default] getApnSetting: apnSetting=[ApnSettingV3] Orange Internet, 695, 26003, internetipv6, , , , , , 1, default | dun | hipri | supl, IPV6, IP, true, 0, 0, 1, false, 0, 0, 0, 0, , , 0, , 
04-11 20:49:59.252 I/RILC    (  370): RIL_SOCKET_1 UNSOLICITED: UNSOL_SIGNAL_STRENGTH length:68
04-11 20:49:59.252 E/RILC    (  370): Send Response to RIL_SOCKET_1
04-11 20:49:59.252 E/RILC    (  370): RIL Response bytes written:4
04-11 20:49:59.252 E/RILC    (  370): RIL Response bytes written:68
04-11 20:49:59.254 D/TelephonyRegistry( 1891): Notify data connection state changed on sub: 2
04-11 20:49:59.254 D/TelephonyRegistry( 1891): Notify data connection state changed on sub: 2
04-11 20:49:59.254 D/TelephonyRegistry( 1891): Notify data connection state changed on sub: 2
04-11 20:49:59.254 D/TelephonyRegistry( 1891): Notify data connection state changed on sub: 2
04-11 20:49:59.254 D/TelephonyRegistry( 1891): Notify data connection state changed on sub: 2
04-11 20:49:59.255 D/TelephonyRegistry( 1891): broadcastPreciseDataConnectionStateChanged():state=2, apnType=default, smCause=(0), reason=null
04-11 20:49:59.255 D/QtiGsmDCT( 3447): [0]QtiDcTracker handleMessage msg={ when=-73ms what=270377 obj=android.os.AsyncResult@b8db136 target=com.qti.internal.telephony.dataconnection.QtiDcTracker }
04-11 20:49:59.255 D/QtiGsmDCT( 3447): [0]handleMessage msg={ when=-73ms what=270377 obj=android.os.AsyncResult@b8db136 target=com.qti.internal.telephony.dataconnection.QtiDcTracker }
04-11 20:49:59.255 D/QtiGsmDCT( 3447): [0]onUpdateIcc: newIccRecords com.android.internal.telephony.uicc.SIMRecords
04-11 20:49:59.256 V/LG-FASTDORMANCY( 3447): [DCH/FACH] FDCount : 0 intent received :android.intent.action.SERVICE_STATE
04-11 20:49:59.256 E/PHONE   ( 3447): ServiceState.getRadioTechnology() DEPRECATED will be removed *******
04-11 20:49:59.257 I/LG-FASTDORMANCY( 3447): [DCH/FACH] FDCount : 0 Service State is changed : 0 0 voice home data home Orange Orange 26003 Orange Orange 26003  UMTS HSPAP CSS not supported -1 -1 RoamInd=-1 DefRoamInd=-1 EmergOnly=false IsDataRoamingFromRegistration=false mIsVoiceSearching=false mIsDataSearching=false mVoiceNetworkName=null mDataNetworkName=null Check64QAM0 Dual carrier0
04-11 20:49:59.257 I/LG-FASTDORMANCY( 3447): [DCH/FACH] FDCount : 0 radioTech changed!! currenRT = 15 isChange?? true
04-11 20:49:59.258 I/LG-FASTDORMANCY( 3447): [DCH/FACH] FDCount : 0 Radio Tech changed.
04-11 20:49:59.258 D/GsmSST  ( 3447): [GsmSST] ServiceStateTrackerEx:onSignalStrengthResult() isGsm=true DataRadioTech=15
04-11 20:49:59.258 W/LGSignalStrength( 3447): setDataRadioTechnology: dataRadioTechnology = 15
04-11 20:49:59.258 D/DefaultPhoneNotifier( 3447): notifySignalStrength: mRegistry=com.android.internal.telephony.ITelephonyRegistry$Stub$Proxy@ced2ad0 ss=SignalStrength: 13 0 -88 -55 -120 -1 -1 99 2147483647 2147483647 2147483647 2147483647 2147483647 gsm|lte 15 0 -88 -55 sender=Handler (com.qti.internal.telephony.gsm.QtiGSMPhone) {560d91e}
04-11 20:49:59.259 D/LG-FASTDORMANCY( 3447): [DCH/FACH] FDCount : 0 isUMTS(): RadioTech(15)
04-11 20:49:59.263 D/GsmSST  ( 3447): [GsmSST] getCellLocation(): X good mCellLoc=[57330,46057510,472]
04-11 20:49:59.265 D/QtiGsmDCT( 3447): [0]getDataOnRoamingEnabled: phoneSubId=2 isDataRoamingEnabled=false
04-11 20:49:59.265 D/QtiGsmDCT( 3447): [0]getDataEnabled: getIntWithSubId retVal=true
04-11 20:49:59.271 D/QtiGsmDCT( 3447): [0]getDataEnabled: getIntWithSubId retVal=true
04-11 20:49:59.281 D/QtiGsmDCT( 3447): [0]getDataEnabled: getIntWithSubId retVal=true
04-11 20:49:59.285 D/RILJ    ( 3447): [5383]> REQUEST_GET_NEIGHBORING_CELL_IDS [SUB0]
04-11 20:49:59.287 D/RILC    (  370): SOCKET RIL_SOCKET_1 REQUEST: GET_NEIGHBORING_CELL_IDS length:8
04-11 20:49:59.288 I/RILQ    (  370): (0/370):RIL[0][main] qcril_qmi_nas_get_neighboring_cell_ids: completed with 0
04-11 20:49:59.292 I/RILQ    (  370): (0/370):RIL[0][qmi_cb] qcril_qmi_nas_get_neighboring_cells_cb: .. qmi error 0, resultqmi  0, qmi transp_err 0, ril res 0
04-11 20:49:59.294 D/RILC    (  370): RequestComplete, RIL_SOCKET_1
04-11 20:49:59.294 E/RILC    (  370): Send Response to RIL_SOCKET_1
04-11 20:49:59.294 E/RILC    (  370): RIL Response bytes written:4
04-11 20:49:59.294 E/RILC    (  370): RIL Response bytes written:184
04-11 20:49:59.294 I/RILQ    (  370): (0/370):RIL[0][qmi_cb] qcril_qmi_nas_get_neighboring_cells_cb: completed with 0 with 6 entries
04-11 20:49:59.297 D/RILJ    ( 3447): [5383]< REQUEST_GET_NEIGHBORING_CELL_IDS {[[]] [[]] [[]] [[]] [[]] [[]] } [SUB0]
04-11 20:49:59.301 D/RILJ    ( 3447): [5384]> RIL_REQUEST_GET_CELL_INFO_LIST [SUB0]
04-11 20:49:59.303 D/RILC    (  370): SOCKET RIL_SOCKET_1 REQUEST: GET_CELL_INFO_LIST length:8
04-11 20:49:59.307 D/RILC    (  370): RequestComplete, RIL_SOCKET_1
04-11 20:49:59.307 E/RILC    (  370): Send Response to RIL_SOCKET_1
04-11 20:49:59.307 E/RILC    (  370): RIL Response bytes written:4
04-11 20:49:59.308 D/RILJ    ( 3447): [5384]< RIL_REQUEST_GET_CELL_INFO_LIST [CellInfoWcdma:{mRegistered=YES mTimeStampType=oem_ril mTimeStamp=3498019388504ns CellIdentityWcdma:{ mMcc=260 mMnc=3 mLac=57330 mCid=46057510 mPsc=472} CellSignalStrengthWcdma: ss=12 ber=99}, CellInfoWcdma:{mRegistered=NO mTimeStampType=oem_ril mTimeStamp=3498019388504ns CellIdentityWcdma:{ mMcc=2147483647 mMnc=2147483647 mLac=2147483647 mCid=2147483647 mPsc=382} CellSignalStrengthWcdma: ss=13 ber=99}, CellInfoWcdma:{mRegistered=NO mTimeStampType=oem_ril mTimeStamp=3498019388504ns CellIdentityWcdma:{ mMcc=2147483647 mMnc=2147483647 mLac=2147483647 mCid=2147483647 mPsc=296} CellSignalStrengthWcdma: ss=13 ber=99}, CellInfoWcdma:{mRegistered=NO mTimeStampType=oem_ril mTimeStamp=3498019388504ns CellIdentityWcdma:{ mMcc=2147483647 mMnc=2147483647 mLac=2147483647 mCid=2147483647 mPsc=289} CellSignalStrengthWcdma: ss=11 ber=99}, CellInfoWcdma:{mRegistered=NO mTimeStampType=oem_ril mTimeStamp=3498019388504ns CellIdentityWcdma:{ mMcc=2147483647 mMnc=2147483647 mLac=2147483647 mCid=2147483647 mPsc=20} CellSignalStrengthWcdma: ss=11 ber=99}, CellInfoWcdma:{mRegistered=NO mTimeStampType=oem_ril mTimeStamp=3498019388504ns CellIdentityWcdma:{ mMcc=2147483647 mMnc=2147483647 mLac=2147483647 mCid=2147483647 mPsc=62} CellSignalStrengthWcdma: ss=11 ber=99}, CellInfoWcdma:{mRegistered=NO mTimeStampType=oem_ril mTimeStamp=3498019388504ns CellIdentityWcdma:{ mMcc=2147483647 mMnc=2147483647 mLac=2147483647 mCid=2147483647 mPsc=294} CellSignalStrengthWcdma: ss=4 ber=99}] [SUB0]
04-11 20:49:59.309 E/RILC    (  370): RIL Response bytes written:352
04-11 20:49:59.311 D/GsmSST  ( 3447): [GsmSST] SST.getAllCellInfo(): X size=7 list=[CellInfoWcdma:{mRegistered=YES mTimeStampType=oem_ril mTimeStamp=3498019388504ns CellIdentityWcdma:{ mMcc=260 mMnc=3 mLac=57330 mCid=46057510 mPsc=472} CellSignalStrengthWcdma: ss=12 ber=99}, CellInfoWcdma:{mRegistered=NO mTimeStampType=oem_ril mTimeStamp=3498019388504ns CellIdentityWcdma:{ mMcc=2147483647 mMnc=2147483647 mLac=2147483647 mCid=2147483647 mPsc=382} CellSignalStrengthWcdma: ss=13 ber=99}, CellInfoWcdma:{mRegistered=NO mTimeStampType=oem_ril mTimeStamp=3498019388504ns CellIdentityWcdma:{ mMcc=2147483647 mMnc=2147483647 mLac=2147483647 mCid=2147483647 mPsc=296} CellSignalStrengthWcdma: ss=13 ber=99}, CellInfoWcdma:{mRegistered=NO mTimeStampType=oem_ril mTimeStamp=3498019388504ns CellIdentityWcdma:{ mMcc=2147483647 mMnc=2147483647 mLac=2147483647 mCid=2147483647 mPsc=289} CellSignalStrengthWcdma: ss=11 ber=99}, CellInfoWcdma:{mRegistered=NO mTimeStampType=oem_ril mTimeStamp=3498019388504ns CellIdentityWcdma:{ mMcc=2147483647 mMnc=2147483647 mLac=2147483647 mCid=2147483647 mPsc=20} CellSignalStrengthWcdma: ss=11 ber=99}, CellInfoWcdma:{mRegistered=NO mTimeStampType=oem_ril mTimeStamp=3498019388504ns CellIdentityWcdma:{ mMcc=2147483647 mMnc=2147483647 mLac=2147483647 mCid=2147483647 mPsc=62} CellSignalStrengthWcdma: ss=11 ber=99}, CellInfoWcdma:{mRegistered=NO mTimeStampType=oem_ril mTimeStamp=3498019388504ns CellIdentityWcdma:{ mMcc=2147483647 mMnc=2147483647 mLac=2147483647 mCid=2147483647 mPsc=294} CellSignalStrengthWcdma: ss=4 ber=99}]
04-11 20:49:59.315 D/GsmSST  ( 3447): [GsmSST] getCellLocation(): X good mCellLoc=[57330,46057510,472]
04-11 20:50:00.141 V/LG-FASTDORMANCY( 3447): [DCH/FACH] FDCount : 0 intent received :com.android.internal.telephony.ACTION_CHECK_NETSTAT
04-11 20:50:00.145 V/LG-FASTDORMANCY( 3447): [DCH/FACH] FDCount : 0 prev: TxPkts(23506), RxPkts(27703)
04-11 20:50:00.145 V/LG-FASTDORMANCY( 3447): [DCH/FACH] FDCount : 0 curr: TxPkts(23507), RxPkts(27705)
04-11 20:50:00.145 I/LG-FASTDORMANCY( 3447): [DCH/FACH] FDCount : 0 Scheduling checkNetStat for 1000msec, current state is [DCH/FACH] FDCount : 0 
04-11 20:50:01.150 V/LG-FASTDORMANCY( 3447): [DCH/FACH] FDCount : 0 intent received :com.android.internal.telephony.ACTION_CHECK_NETSTAT
04-11 20:50:01.154 V/LG-FASTDORMANCY( 3447): [DCH/FACH] FDCount : 0 prev: TxPkts(23507), RxPkts(27705)
04-11 20:50:01.154 V/LG-FASTDORMANCY( 3447): [DCH/FACH] FDCount : 0 curr: TxPkts(23507), RxPkts(27705)
04-11 20:50:01.156 I/LG-FASTDORMANCY( 3447): [DCH/FACH] FDCount : 1 Scheduling checkNetStat for 1000msec, current state is [DCH/FACH] FDCount : 1 
04-11 20:50:02.161 V/LG-FASTDORMANCY( 3447): [DCH/FACH] FDCount : 1 intent received :com.android.internal.telephony.ACTION_CHECK_NETSTAT
04-11 20:50:02.165 V/LG-FASTDORMANCY( 3447): [DCH/FACH] FDCount : 1 prev: TxPkts(23507), RxPkts(27705)
04-11 20:50:02.165 V/LG-FASTDORMANCY( 3447): [DCH/FACH] FDCount : 1 curr: TxPkts(23507), RxPkts(27705)
04-11 20:50:02.166 I/LG-FASTDORMANCY( 3447): [DCH/FACH] FDCount : 2 Scheduling checkNetStat for 1000msec, current state is [DCH/FACH] FDCount : 2 
04-11 20:50:03.172 V/LG-FASTDORMANCY( 3447): [DCH/FACH] FDCount : 2 intent received :com.android.internal.telephony.ACTION_CHECK_NETSTAT
04-11 20:50:03.176 V/LG-FASTDORMANCY( 3447): [DCH/FACH] FDCount : 2 prev: TxPkts(23507), RxPkts(27705)
04-11 20:50:03.176 V/LG-FASTDORMANCY( 3447): [DCH/FACH] FDCount : 2 curr: TxPkts(23507), RxPkts(27705)
04-11 20:50:03.176 I/LG-FASTDORMANCY( 3447): [DCH/FACH] FDCount : 3 Scheduling checkNetStat for 1000msec, current state is [DCH/FACH] FDCount : 3 
04-11 20:50:04.181 V/LG-FASTDORMANCY( 3447): [DCH/FACH] FDCount : 3 intent received :com.android.internal.telephony.ACTION_CHECK_NETSTAT
04-11 20:50:04.186 V/LG-FASTDORMANCY( 3447): [DCH/FACH] FDCount : 3 prev: TxPkts(23507), RxPkts(27705)
04-11 20:50:04.186 V/LG-FASTDORMANCY( 3447): [DCH/FACH] FDCount : 3 curr: TxPkts(23507), RxPkts(27705)
04-11 20:50:04.187 I/LG-FASTDORMANCY( 3447): [DCH/FACH] FDCount : 4 Scheduling checkNetStat for 1000msec, current state is [DCH/FACH] FDCount : 4 
04-11 20:50:05.192 V/LG-FASTDORMANCY( 3447): [DCH/FACH] FDCount : 4 intent received :com.android.internal.telephony.ACTION_CHECK_NETSTAT
04-11 20:50:05.196 V/LG-FASTDORMANCY( 3447): [DCH/FACH] FDCount : 4 prev: TxPkts(23507), RxPkts(27705)
04-11 20:50:05.196 V/LG-FASTDORMANCY( 3447): [DCH/FACH] FDCount : 4 curr: TxPkts(23507), RxPkts(27705)
04-11 20:50:05.197 I/LG-FASTDORMANCY( 3447): [DCH/FACH] FDCount : 5 Scheduling checkNetStat for 1000msec, current state is [DCH/FACH] FDCount : 5 
04-11 20:50:06.202 V/LG-FASTDORMANCY( 3447): [DCH/FACH] FDCount : 5 intent received :com.android.internal.telephony.ACTION_CHECK_NETSTAT
04-11 20:50:06.207 V/LG-FASTDORMANCY( 3447): [DCH/FACH] FDCount : 5 prev: TxPkts(23507), RxPkts(27705)
04-11 20:50:06.207 V/LG-FASTDORMANCY( 3447): [DCH/FACH] FDCount : 5 curr: TxPkts(23507), RxPkts(27705)
04-11 20:50:06.207 V/LG-FASTDORMANCY( 3447): [DCH/FACH] FDCount : 6 isRetryNeeded(): mRetryCount: 0, MaxRetry: 1
04-11 20:50:06.208 D/LG-FASTDORMANCY( 3447): [DCH/FACH] FDCount : 6 isUMTS(): RadioTech(15)
04-11 20:50:06.208 D/LG-FASTDORMANCY( 3447): [DCH/FACH] FDCount : 6 triggerGoDormant() using qcRilGoDormant with GO_DORMANT_INTERFACE_ALL
04-11 20:50:06.211 E/RILQ    (  370): (0/370): RIL[0][oem_socket0] void qcril_qmi_generic_socket_agent::recv_thread_func(): read 4 bytes length message with length 28
04-11 20:50:06.211 E/RILQ    (  370): (0/370): RIL[0][oem_socket0] qcril_data_iface_go_dormant:  binding v6 handle to IPV6 family failed rc=-1, qmi_err=0
04-11 20:50:06.218 E/RILQ    (  370): (0/370): RIL[0][oem_socket0] qcril_data_process_qcrilhook_go_dormant: invalid dev_instance [-1] derived for index [1]
04-11 20:50:06.218 E/RILQ    (  370): (0/370): RIL[0][oem_socket0] qcril_data_process_qcrilhook_go_dormant: invalid dev_instance [-1] derived for index [2]
04-11 20:50:06.218 E/RILQ    (  370): (0/370): RIL[0][oem_socket0] qcril_data_process_qcrilhook_go_dormant: invalid dev_instance [-1] derived for index [3]
04-11 20:50:06.218 E/RILQ    (  370): (0/370): RIL[0][oem_socket0] qcril_data_process_qcrilhook_go_dormant: invalid dev_instance [-1] derived for index [4]
04-11 20:50:06.218 E/RILQ    (  370): (0/370): RIL[0][oem_socket0] qcril_data_process_qcrilhook_go_dormant: invalid dev_instance [-1] derived for index [5]
04-11 20:50:06.218 E/RILQ    (  370): (0/370): RIL[0][oem_socket0] qcril_data_process_qcrilhook_go_dormant: invalid dev_instance [-1] derived for index [6]
04-11 20:50:06.218 E/RILQ    (  370): (0/370): RIL[0][oem_socket0] qcril_data_process_qcrilhook_go_dormant: invalid dev_instance [-1] derived for index [7]
04-11 20:50:06.218 E/RILQ    (  370): (0/370): RIL[0][oem_socket0] qcril_data_process_qcrilhook_go_dormant: invalid dev_instance [-1] derived for index [8]
04-11 20:50:06.218 E/RILQ    (  370): (0/370): RIL[0][oem_socket0] qcril_data_process_qcrilhook_go_dormant: invalid dev_instance [-1] derived for index [9]
04-11 20:50:06.218 E/RILQ    (  370): (0/370): RIL[0][oem_socket0] qcril_data_process_qcrilhook_go_dormant: invalid dev_instance [-1] derived for index [10]
04-11 20:50:06.218 E/RILQ    (  370): (0/370): RIL[0][oem_socket0] qcril_data_process_qcrilhook_go_dormant: invalid dev_instance [-1] derived for index [11]
04-11 20:50:06.218 E/RILQ    (  370): (0/370): RIL[0][oem_socket0] qcril_data_process_qcrilhook_go_dormant: invalid dev_instance [-1] derived for index [12]
04-11 20:50:06.218 E/RILQ    (  370): (0/370): RIL[0][oem_socket0] qcril_data_process_qcrilhook_go_dormant: invalid dev_instance [-1] derived for index [13]
04-11 20:50:06.218 E/RILQ    (  370): (0/370): RIL[0][oem_socket0] qcril_data_process_qcrilhook_go_dormant: invalid dev_instance [-1] derived for index [14]
04-11 20:50:06.218 E/RILQ    (  370): (0/370): RIL[0][oem_socket0] qcril_data_process_qcrilhook_go_dormant: invalid dev_instance [-1] derived for index [15]
04-11 20:50:06.218 E/RILQ    (  370): (0/370): RIL[0][oem_socket0] qcril_data_process_qcrilhook_go_dormant: invalid dev_instance [-1] derived for index [16]
04-11 20:50:06.219 E/RILQ    (  370): (0/370): RIL[0][oem_socket0] qcril_data_process_qcrilhook_go_dormant: invalid dev_instance [-1] derived for index [17]
04-11 20:50:06.219 E/RILQ    (  370): (0/370): RIL[0][oem_socket0] qcril_data_process_qcrilhook_go_dormant: invalid dev_instance [-1] derived for index [18]
04-11 20:50:06.219 E/RILQ    (  370): (0/370): RIL[0][oem_socket0] qcril_data_process_qcrilhook_go_dormant: invalid dev_instance [-1] derived for index [19]
04-11 20:50:06.222 V/LG-FASTDORMANCY( 3447): [DCH/FACH] FDCount : 0 increaseCount(): mRetryCount: 1
04-11 20:50:06.222 I/LG-FASTDORMANCY( 3447): [DCH/FACH] FDCount : 0 Scheduling checkNetStat for 1000msec, current state is [DCH/FACH] FDCount : 0 
04-11 20:50:06.323 I/RILC    (  370): RIL_SOCKET_1 UNSOLICITED: RIL_UNSOL_LTE_REJECT_CAUSE length:16
04-11 20:50:06.323 E/RILC    (  370): Send Response to RIL_SOCKET_1
04-11 20:50:06.323 E/RILC    (  370): RIL Response bytes written:4
04-11 20:50:06.324 D/RILJ    ( 3447): [UNSL]< RIL_UNSOL_LTE_REJECT_CAUSE {15} [SUB0]
04-11 20:50:06.324 E/RILC    (  370): RIL Response bytes written:16
04-11 20:50:06.327 I/RILC    (  370): RIL_SOCKET_1 UNSOLICITED: UNSOL_OEM_HOOK_RAW length:32
04-11 20:50:06.327 E/RILC    (  370): Send Response to RIL_SOCKET_1
04-11 20:50:06.328 E/RILC    (  370): RIL Response bytes written:4
04-11 20:50:06.328 V/RILJ    ( 3447): [UNSL]< UNSOL_OEM_HOOK_RAW 514f454d484f4f4bef0308000100000002 [SUB0]
04-11 20:50:06.328 D/RILJ    ( 3447): Oem ID in RIL_UNSOL_OEM_HOOK_RAW is QOEMHOOK
04-11 20:50:06.328 D/RILJ    ( 3447): OEM ID check Passed
04-11 20:50:06.328 D/RILJ    ( 3447): Response ID in RIL_UNSOL_OEM_HOOK_RAW is 525295
04-11 20:50:06.328 D/RILJ    ( 3447): Response ID 525295 is not served in this process.
04-11 20:50:06.328 E/RILC    (  370): RIL Response bytes written:32
04-11 20:50:06.330 I/RILC    (  370): RIL_SOCKET_1 UNSOLICITED: UNSOL_RESPONSE_VOICE_NETWORK_STATE_CHANGED length:8
04-11 20:50:06.330 E/RILC    (  370): Send Response to RIL_SOCKET_1
04-11 20:50:06.330 E/RILC    (  370): RIL Response bytes written:4
04-11 20:50:06.330 D/RILJ    ( 3447): [UNSL]< UNSOL_RESPONSE_VOICE_NETWORK_STATE_CHANGED [SUB0]
04-11 20:50:06.331 D/RILJ    ( 3447): [5385]> OPERATOR [SUB0]
04-11 20:50:06.332 D/RILJ    ( 3447): [5386]> DATA_REGISTRATION_STATE [SUB0]
04-11 20:50:06.332 D/RILC    (  370): SOCKET RIL_SOCKET_1 REQUEST: OPERATOR length:8
04-11 20:50:06.334 D/RILJ    ( 3447): [5387]> VOICE_REGISTRATION_STATE [SUB0]
04-11 20:50:06.334 D/RILC    (  370): SOCKET RIL_SOCKET_1 REQUEST: DATA_REGISTRATION_STATE length:8
04-11 20:50:06.334 E/RILC    (  370): RIL Response bytes written:8
04-11 20:50:06.340 D/RILJ    ( 3447): [5388]> QUERY_NETWORK_SELECTION_MODE [SUB0]
04-11 20:50:06.340 I/RILC    (  370): RIL_SOCKET_1 UNSOLICITED: UNSOL_DATA_CALL_LIST_CHANGED length:428
04-11 20:50:06.340 E/RILC    (  370): Send Response to RIL_SOCKET_1
04-11 20:50:06.340 E/RILC    (  370): RIL Response bytes written:4
04-11 20:50:06.340 E/RILC    (  370): RIL Response bytes written:428
04-11 20:50:06.340 D/RILJ    ( 3447): responseDataCallList ver=11 num=1 [SUB0]
04-11 20:50:06.340 D/RILJ    ( 3447): getDataCallResponse before ver=11 [SUB0]
04-11 20:50:06.341 D/RILJ    ( 3447): [UNSL]< UNSOL_DATA_CALL_LIST_CHANGED [DataCallResponse: {version=11 status=0 retry=-1 cid=0 active=1 type=IPV6 ifname=rmnet_data0 mtu=1500 addresses=[2a00:0f41:509d:3c49:86de:75f7:213a:3588/64] dnses=[2a01:1700:0003:ffff:0000:0000:0000:9822,2a01:1700:0002:ffff:0000:0000:0000:9f01] gateways=[fe80:0000:0000:0000:88b0:3588:9bd1:5a35] pcscf=[]}] [SUB0]
04-11 20:50:06.341 I/LG-FASTDORMANCY( 3447): [DCH/FACH] FDCount : 0 Data call list changed.
04-11 20:50:06.341 D/QtiGsmDCT( 3447): [0]QtiDcTracker handleMessage msg={ when=0 what=270340 obj=android.os.AsyncResult@d171837 target=com.qti.internal.telephony.dataconnection.QtiDcTracker }
04-11 20:50:06.341 D/QtiGsmDCT( 3447): [0]handleMessage msg={ when=0 what=270340 obj=android.os.AsyncResult@d171837 target=com.qti.internal.telephony.dataconnection.QtiDcTracker }
04-11 20:50:06.341 I/LG-FASTDORMANCY( 3447): [DCH/FACH] FDCount : 0 [DataCallResponse: {version=11 status=0 retry=-1 cid=0 active=1 type=IPV6 ifname=rmnet_data0 mtu=1500 addresses=[2a00:0f41:509d:3c49:86de:75f7:213a:3588/64] dnses=[2a01:1700:0003:ffff:0000:0000:0000:9822,2a01:1700:0002:ffff:0000:0000:0000:9f01] gateways=[fe80:0000:0000:0000:88b0:3588:9bd1:5a35] pcscf=[]}]
04-11 20:50:06.341 E/DATA    ( 3447): Unidentified event msg={ when=0 what=270340 obj=android.os.AsyncResult@d171837 target=com.qti.internal.telephony.dataconnection.QtiDcTracker }
04-11 20:50:06.341 I/LG-FASTDORMANCY( 3447): [DCH/FACH] FDCount : 0 prev:[DCH/FACH] FDCount : 0 , curr:true
04-11 20:50:06.341 D/RILC    (  370): SOCKET RIL_SOCKET_1 REQUEST: VOICE_REGISTRATION_STATE length:8
04-11 20:50:06.342 D/QtiGsmDCT( 3447): [0]fetchDunApn: Ignore the dun apn in settings.db
04-11 20:50:06.342 D/RILC    (  370): SOCKET RIL_SOCKET_1 REQUEST: QUERY_NETWORK_SELECTION_MODE length:8
04-11 20:50:06.342 D/LG-FASTDORMANCY( 3447): [DCH/FACH] FDCount : 0 isUMTS(): RadioTech(15)
04-11 20:50:06.342 D/LG-FASTDORMANCY( 3447): [DCH/FACH] FDCount : 0 Exit from DCH or FACH State
04-11 20:50:06.342 D/LG-FASTDORMANCY( 3447): [IDLE] Enter to IDLE State
04-11 20:50:06.343 D/LG-FASTDORMANCY( 3447): [IDLE] isUMTS(): RadioTech(15)
04-11 20:50:06.343 D/LG-FASTDORMANCY( 3447): [IDLE] resetAll()
04-11 20:50:06.347 V/LG-FASTDORMANCY( 3447): [IDLE] prev: TxPkts(23507), RxPkts(27705)
04-11 20:50:06.347 V/LG-FASTDORMANCY( 3447): [IDLE] curr: TxPkts(23507), RxPkts(27705)
04-11 20:50:06.347 V/LG-FASTDORMANCY( 3447): [IDLE] resetCount(): mRetryCount: 0
04-11 20:50:06.348 D/RILC    (  370): RequestComplete, RIL_SOCKET_1
04-11 20:50:06.348 E/RILC    (  370): Send Response to RIL_SOCKET_1
04-11 20:50:06.348 E/RILC    (  370): RIL Response bytes written:4
04-11 20:50:06.348 E/RILC    (  370): RIL Response bytes written:72
04-11 20:50:06.348 D/RILJ    ( 3447): [5385]< OPERATOR {Orange, Orange, 26003} [SUB0]
04-11 20:50:06.351 D/RILC    (  370): RequestComplete, RIL_SOCKET_1
