04-11 20:51:45.279 D/Dcc     ( 3447): onDataStateChanged: Found ConnId=0 newState=DataCallResponse: {version=11 status=0 retry=-1 cid=0 active=1 type=IPV6 ifname=rmnet_data0 mtu=1500 addresses=[2a00:0f41:509d:3c49:86de:75f7:213a:3588/64] dnses=[2a01:1700:0003:ffff:0000:0000:0000:9822,2a01:1700:0002:ffff:0000:0000:0000:9f01] gateways=[fe80:0000:0000:0000:88b0:3588:9bd1:5a35] pcscf=[]}
04-11 20:51:45.279 D/DataCallResponse( 3447): addr/pl=2a00:0f41:509d:3c49:86de:75f7:213a:3588/64
04-11 20:51:45.279 D/DC-1    ( 3447): MTU set by call response to: 1500
04-11 20:51:45.279 D/Dcc     ( 3447): onDataStateChanged: no change
04-11 20:51:45.279 D/Dcc     ( 3447): onDataStateChanged: Data Activity updated to DORMANT. stopNetStatePoll
04-11 20:51:45.279 D/Dcc     ( 3447): onDataStateChanged: Skip stopNetStatPoll
04-11 20:51:45.279 D/Dcc     ( 3447): onDataStateChanged: dcsToRetry=[] apnsToCleanup=[]
04-11 20:51:45.279 D/Dcc     ( 3447): onDataStateChanged: X
04-11 20:51:45.441 I/RILC    (  370): RIL_SOCKET_1 UNSOLICITED: RIL_UNSOL_LTE_REJECT_CAUSE length:16
04-11 20:51:45.441 E/RILC    (  370): Send Response to RIL_SOCKET_1
04-11 20:51:45.441 E/RILC    (  370): RIL Response bytes written:4
04-11 20:51:45.441 D/RILJ    ( 3447): [UNSL]< RIL_UNSOL_LTE_REJECT_CAUSE {15} [SUB0]
04-11 20:51:45.442 E/RILC    (  370): RIL Response bytes written:16
04-11 20:51:45.445 I/RILC    (  370): RIL_SOCKET_1 UNSOLICITED: UNSOL_OEM_HOOK_RAW length:32
04-11 20:51:45.445 E/RILC    (  370): Send Response to RIL_SOCKET_1
04-11 20:51:45.445 E/RILC    (  370): RIL Response bytes written:4
04-11 20:51:45.445 E/RILC    (  370): RIL Response bytes written:32
04-11 20:51:45.445 V/RILJ    ( 3447): [UNSL]< UNSOL_OEM_HOOK_RAW 514f454d484f4f4bef0308000100000002 [SUB0]
04-11 20:51:45.445 D/RILJ    ( 3447): Oem ID in RIL_UNSOL_OEM_HOOK_RAW is QOEMHOOK
04-11 20:51:45.445 D/RILJ    ( 3447): OEM ID check Passed
04-11 20:51:45.445 D/RILJ    ( 3447): Response ID in RIL_UNSOL_OEM_HOOK_RAW is 525295
04-11 20:51:45.445 D/RILJ    ( 3447): Response ID 525295 is not served in this process.
04-11 20:51:45.449 I/RILC    (  370): RIL_SOCKET_1 UNSOLICITED: UNSOL_RESPONSE_VOICE_NETWORK_STATE_CHANGED length:8
04-11 20:51:45.449 E/RILC    (  370): Send Response to RIL_SOCKET_1
04-11 20:51:45.449 E/RILC    (  370): RIL Response bytes written:4
04-11 20:51:45.449 E/RILC    (  370): RIL Response bytes written:8
04-11 20:51:45.449 D/RILJ    ( 3447): [UNSL]< UNSOL_RESPONSE_VOICE_NETWORK_STATE_CHANGED [SUB0]
04-11 20:51:45.449 D/RILJ    ( 3447): [5449]> OPERATOR [SUB0]
04-11 20:51:45.450 I/RILQ    (  370): (0/370):RIL[0][event] qcril_arb_set_dsd_sys_status: old_pref_data 1 - new_data_pref 1
04-11 20:51:45.450 I/RILQ    (  370): (0/370):RIL[0][event] qcril_arb_set_dsd_sys_status: preferred dsd_sys_status nw=0x0, rat_value=0x1, so_mask=0x0000000000000007
04-11 20:51:45.450 I/RILQ    (  370): (0/370):RIL[0][event] qcril_arb_set_dsd_sys_status: preferred 1 - dsd_sys_status nw=0x0, rat_value=0x1, so_mask=0x0000000000000007
04-11 20:51:45.450 I/RILQ    (  370): (0/370):RIL[0][event] qcril_arb_set_dsd_sys_status: is_wwan_available 0
04-11 20:51:45.451 I/RILC    (  370): RIL_SOCKET_1 UNSOLICITED: UNSOL_OEM_HOOK_RAW length:32
04-11 20:51:45.451 D/RILJ    ( 3447): [5450]> DATA_REGISTRATION_STATE [SUB0]
04-11 20:51:45.451 E/RILC    (  370): Send Response to RIL_SOCKET_1
04-11 20:51:45.451 E/RILC    (  370): RIL Response bytes written:4
04-11 20:51:45.451 V/RILJ    ( 3447): [UNSL]< UNSOL_OEM_HOOK_RAW 514f454d484f4f4bfa0308000100000000 [SUB0]
04-11 20:51:45.451 D/RILJ    ( 3447): Oem ID in RIL_UNSOL_OEM_HOOK_RAW is QOEMHOOK
04-11 20:51:45.451 D/RILC    (  370): SOCKET RIL_SOCKET_1 REQUEST: OPERATOR length:8
04-11 20:51:45.451 D/RILJ    ( 3447): OEM ID check Passed
04-11 20:51:45.451 D/RILJ    ( 3447): Response ID in RIL_UNSOL_OEM_HOOK_RAW is 525306
04-11 20:51:45.451 D/RILJ    ( 3447): WWAN, IWLAN coexistence notified to registrants
04-11 20:51:45.451 E/RILC    (  370): RIL Response bytes written:32
04-11 20:51:45.453 D/RILJ    ( 3447): [5451]> VOICE_REGISTRATION_STATE [SUB0]
04-11 20:51:45.454 D/RILC    (  370): SOCKET RIL_SOCKET_1 REQUEST: DATA_REGISTRATION_STATE length:8
04-11 20:51:45.455 D/RILJ    ( 3447): [5452]> QUERY_NETWORK_SELECTION_MODE [SUB0]
04-11 20:51:45.458 D/RILC    (  370): SOCKET RIL_SOCKET_1 REQUEST: VOICE_REGISTRATION_STATE length:8
04-11 20:51:45.463 I/RILC    (  370): RIL_SOCKET_1 UNSOLICITED: RIL_UNSOL_LTE_REJECT_CAUSE length:16
04-11 20:51:45.463 E/RILC    (  370): Send Response to RIL_SOCKET_1
04-11 20:51:45.464 E/RILC    (  370): RIL Response bytes written:4
04-11 20:51:45.464 D/RILJ    ( 3447): [UNSL]< RIL_UNSOL_LTE_REJECT_CAUSE {15} [SUB0]
04-11 20:51:45.464 E/RILC    (  370): RIL Response bytes written:16
04-11 20:51:45.464 D/RILC    (  370): RequestComplete, RIL_SOCKET_1
04-11 20:51:45.464 E/RILC    (  370): Send Response to RIL_SOCKET_1
04-11 20:51:45.464 E/RILC    (  370): RIL Response bytes written:4
04-11 20:51:45.464 E/RILC    (  370): RIL Response bytes written:72
04-11 20:51:45.464 D/RILJ    ( 3447): [5449]< OPERATOR {Orange, Orange, 26003} [SUB0]
04-11 20:51:45.465 D/RILC    (  370): SOCKET RIL_SOCKET_1 REQUEST: QUERY_NETWORK_SELECTION_MODE length:8
04-11 20:51:45.472 D/RILC    (  370): RequestComplete, RIL_SOCKET_1
04-11 20:51:45.472 E/RILC    (  370): Send Response to RIL_SOCKET_1
04-11 20:51:45.473 E/RILC    (  370): RIL Response bytes written:4
04-11 20:51:45.473 D/RILJ    ( 3447): [5450]< DATA_REGISTRATION_STATE {1, dff2, 02bec826, 11, null, 20, null, null, null, null, null, 0} [SUB0]
04-11 20:51:45.474 D/GsmSST  ( 3447): isSFROperators result = false
04-11 20:51:45.474 D/PHONE   ( 3447): [ServiceState] setDataRegState=0
04-11 20:51:45.474 D/PHONE   ( 3447): [ServiceState] setDataRadioTechnology=11
04-11 20:51:45.474 D/GsmSST  ( 3447): [GsmSST] LOGRadioInfo : In Service
04-11 20:51:45.474 D/GsmSST  ( 3447): [GsmSST] handlPollStateResultMessage: GsmSST setDataRegState=0 regState=1 dataRadioTechnology=11
04-11 20:51:45.474 E/RILC    (  370): RIL Response bytes written:120
04-11 20:51:45.475 D/RILC    (  370): RequestComplete, RIL_SOCKET_1
04-11 20:51:45.475 E/RILC    (  370): Send Response to RIL_SOCKET_1
04-11 20:51:45.475 E/RILC    (  370): RIL Response bytes written:4
04-11 20:51:45.475 D/RILJ    ( 3447): [5451]< VOICE_REGISTRATION_STATE {1, dff2, 02bec826, 3, null, null, null, 0, null, null, 1, null, null, 0, 1d8} [SUB0]
04-11 20:51:45.475 E/RILC    (  370): RIL Response bytes written:136
04-11 20:51:45.475 D/PHONE   ( 3447): [ServiceState] setVoiceRegState=0
04-11 20:51:45.475 E/PHONE   ( 3447): [ServiceState] setState deprecated use setVoiceRegState()
04-11 20:51:45.476 D/GsmSST  ( 3447): [GsmSST] LOGRadioInfo : In Service
04-11 20:51:45.476 D/RILC    (  370): RequestComplete, RIL_SOCKET_1
04-11 20:51:45.476 E/RILC    (  370): Send Response to RIL_SOCKET_1
04-11 20:51:45.476 I/RILC    (  370): RIL_SOCKET_1 UNSOLICITED: UNSOL_RESPONSE_VOICE_NETWORK_STATE_CHANGED length:8
04-11 20:51:45.476 E/RILC    (  370): Send Response to RIL_SOCKET_1
04-11 20:51:45.477 E/RILC    (  370): RIL Response bytes written:4
04-11 20:51:45.477 D/RILJ    ( 3447): [5452]< QUERY_NETWORK_SELECTION_MODE {0} [SUB0]
04-11 20:51:45.480 D/GsmSST  ( 3447): [GsmSST] Poll ServiceState done:  oldSS=[0 0 voice home data home Orange Orange 26003 Orange Orange 26003  UMTS HSPAP CSS not supported -1 -1 RoamInd=-1 DefRoamInd=-1 EmergOnly=false IsDataRoamingFromRegistration=false mIsVoiceSearching=false mIsDataSearching=false mVoiceNetworkName=null mDataNetworkName=null Check64QAM0 Dual carrier0] newSS=[0 0 voice home data home Orange Orange 26003 Orange Orange 26003  UMTS HSPA CSS not supported -1 -1 RoamInd=-1 DefRoamInd=-1 EmergOnly=false IsDataRoamingFromRegistration=false mIsVoiceSearching=false mIsDataSearching=false mVoiceNetworkName=null mDataNetworkName=null Check64QAM0 Dual carrier0] oldMaxDataCalls=20 mNewMaxDataCalls=20 oldReasonDataDenied=-1 mNewReasonDataDenied=-1
04-11 20:51:45.480 D/PHONE   ( 3447): [ServiceState] setNullState=1
04-11 20:51:45.480 D/TelephonyManager( 3447): setTelephonyProperty: success phoneId=0 property=gsm.network.type value: UMTS propVal=UMTS
04-11 20:51:45.481 E/RILC    (  370): RIL Response bytes written:20
04-11 20:51:45.481 D/SIMRecords( 3447): [SIMRecords] getServiceProviderName: no brandOverride
04-11 20:51:45.482 D/SIMRecords( 3447): [SIMRecords] getServiceProviderName: providerName=Orange
04-11 20:51:45.482 D/SIMRecords( 3447): [SIMRecords] getServiceProviderName: no brandOverride
04-11 20:51:45.482 D/SIMRecords( 3447): [SIMRecords] getServiceProviderName: providerName=Orange
04-11 20:51:45.482 D/GSMPhoneEx( 3447): grandblue SpnMvno = Orange operator = 26003 simMcc  = 260 simMnc  = 03
04-11 20:51:45.482 D/GSMPhoneEx( 3447): grandblue after SpnMvno = Orange operator = 26003 simMcc  = 260 simMnc  = 03
04-11 20:51:45.482 E/RILC    (  370): RIL Response bytes written:4
04-11 20:51:45.483 D/RILJ    ( 3447): [UNSL]< UNSOL_RESPONSE_VOICE_NETWORK_STATE_CHANGED [SUB0]
04-11 20:51:45.483 E/RILC    (  370): RIL Response bytes written:8
04-11 20:51:45.483 D/TelephonyManager( 3447): setTelephonyProperty: success phoneId=0 property=gsm.operator.alpha value: Orange propVal=Orange
04-11 20:51:45.485 D/TelephonyManager( 3447): setTelephonyProperty: success phoneId=0 property=gsm.operator.numeric value: 26003 propVal=26003
04-11 20:51:45.486 D/TelephonyManager( 3447): setTelephonyProperty: success phoneId=0 property=gsm.operator.iso-country value: pl propVal=pl
04-11 20:51:45.487 D/GsmSST  ( 3447): [GsmSST] shouldFixTimeZoneNow: retVal=false iccCardExist=true operatorNumeric=26003 mcc=260 prevOperatorNumeric=26003 prevMcc=260 needToFixTimeZone=false ltod=04-11 20:51:45.487
04-11 20:51:45.487 D/TelephonyManager( 3447): setTelephonyProperty: success phoneId=0 property=gsm.operator.isroaming value: false propVal=false
04-11 20:51:45.488 D/TelephonyManager( 3447): setTelephonyProperty: success phoneId=0 property=ril.cdma.voiceinservice value: true propVal=true
04-11 20:51:45.488 D/GsmSST  ( 3447): [GsmSST] Broadcasting ServiceState : 0 0 voice home data home Orange Orange 26003 Orange Orange 26003  UMTS HSPA CSS not supported -1 -1 RoamInd=-1 DefRoamInd=-1 EmergOnly=false IsDataRoamingFromRegistration=false mIsVoiceSearching=false mIsDataSearching=false mVoiceNetworkName=null mDataNetworkName=null Check64QAM0 Dual carrier0
04-11 20:51:45.489 D/DefaultPhoneNotifier( 3447): nofityServiceState: mRegistry=com.android.internal.telephony.ITelephonyRegistry$Stub$Proxy@ced2ad0 ss=0 0 voice home data home Orange Orange 26003 Orange Orange 26003  UMTS HSPA CSS not supported -1 -1 RoamInd=-1 DefRoamInd=-1 EmergOnly=false IsDataRoamingFromRegistration=false mIsVoiceSearching=false mIsDataSearching=false mVoiceNetworkName=null mDataNetworkName=null Check64QAM0 Dual carrier0 sender=Handler (com.qti.internal.telephony.gsm.QtiGSMPhone) {560d91e} phondId=0 subId=2
04-11 20:51:45.499 D/SubscriptionManager( 1891): getSimStateForSubscriber: simState=5 slotIdx=0
04-11 20:51:45.500 D/GsmSST  ( 3447): [GsmSST] notifyDataRegStateRilRadioTechnologyChanged: drs=0 rat=11
04-11 20:51:45.501 D/TelephonyManager( 3447): setTelephonyProperty: success phoneId=0 property=gsm.network.type value: HSPA propVal=HSPA
04-11 20:51:45.503 D/QtiGsmDCT( 3447): [0]get all active apn types
04-11 20:51:45.503 D/DC-1    ( 3447): DcActiveState not handled msg.what=EVENT_DATA_CONNECTION_DRS_OR_RAT_CHANGED
04-11 20:51:45.503 D/DC-1    ( 3447): DcDefault msg=EVENT_DATA_CONNECTION_DRS_OR_RAT_CHANGED RefCount=1
04-11 20:51:45.503 D/DC-1    ( 3447): DcDefaultState: EVENT_DATA_CONNECTION_DRS_OR_RAT_CHANGED drs=0 mRilRat=11
04-11 20:51:45.504 D/QtiGsmDCT( 3447): [0]fetchDunApn: Ignore the dun apn in settings.db
04-11 20:51:45.504 D/QtiGsmDCT( 3447): [0]return link properites for default
04-11 20:51:45.510 D/QtiGsmDCT( 3447): [0]getDataEnabled: getIntWithSubId retVal=true
04-11 20:51:45.546 D/QtiGsmDCT( 3447): [0]fetchDunApn: config_tether_apndata dunSetting=null
04-11 20:51:45.546 D/DC-1    ( 3447): isInternetRequested = true
04-11 20:51:45.547 D/DC-1    ( 3447): DcActiveState not handled msg.what=REQ_GET_LINK_PROPERTIES
04-11 20:51:45.547 D/DC-1    ( 3447): DcDefault msg=REQ_GET_LINK_PROPERTIES RefCount=1
04-11 20:51:45.548 D/DC-1    ( 3447): REQ_GET_LINK_PROPERTIES linkProperties{InterfaceName: rmnet_data0 LinkAddresses: [2a00:f41:509d:3c49:86de:75f7:213a:3588/64,]  Routes: [::/0 -> fe80::88b0:3588:9bd1:5a35 rmnet_data0,] DnsAddresses: [2a01:1700:3:ffff::9822,2a01:1700:2:ffff::9f01,] Domains: null MTU: 1500 TcpBufferSizes: 40778,244668,3461120,16777,140625,3461120}
04-11 20:51:45.549 D/QtiGsmDCT( 3447): [0]get active pdp is not null, return NetworkCapabilities for default
04-11 20:51:45.549 D/DC-1    ( 3447): DcActiveState not handled msg.what=REQ_GET_NETWORK_CAPABILITIES
04-11 20:51:45.549 D/DC-1    ( 3447): DcDefault msg=REQ_GET_NETWORK_CAPABILITIES RefCount=1
04-11 20:51:45.549 D/QtiGsmDCT( 3447): [0]fetchDunApn: Ignore the dun apn in settings.db
04-11 20:51:45.596 D/QtiGsmDCT( 3447): [0]fetchDunApn: config_tether_apndata dunSetting=null
04-11 20:51:45.596 D/DC-1    ( 3447): isInternetRequested = true
04-11 20:51:45.596 D/DC-1    ( 3447): REQ_GET_NETWORK_CAPABILITIES networkCapabilities[ Transports: CELLULAR Capabilities: SUPL&DUN&INTERNET&NOT_RESTRICTED&TRUSTED&NOT_VPN LinkUpBandwidth>=5898Kbps LinkDnBandwidth>=14336Kbps Specifier: <2>]
04-11 20:51:45.598 D/QtiGsmDCT( 3447): [0]isDataPossible(default): possible=true isDataAllowed=true apnTypePossible=true apnContextisEnabled=true apnContextState()=CONNECTED
04-11 20:51:45.598 D/QtiGsmDCT( 3447): [0]get active apn string for type:default
04-11 20:51:45.598 D/DCT     ( 3447): [ApnContext:default] getApnSetting: apnSetting=[ApnSettingV3] Orange Internet, 695, 26003, internetipv6, , , , , , 1, default | dun | hipri | supl, IPV6, IP, true, 0, 0, 1, false, 0, 0, 0, 0, , , 0, , 
04-11 20:51:45.601 D/TelephonyRegistry( 1891): Notify data connection state changed on sub: 2
04-11 20:51:45.601 D/TelephonyRegistry( 1891): Notify data connection state changed on sub: 2
04-11 20:51:45.602 D/TelephonyRegistry( 1891): Notify data connection state changed on sub: 2
04-11 20:51:45.602 D/TelephonyRegistry( 1891): Notify data connection state changed on sub: 2
04-11 20:51:45.602 D/TelephonyRegistry( 1891): Notify data connection state changed on sub: 2
04-11 20:51:45.602 D/TelephonyRegistry( 1891): broadcastPreciseDataConnectionStateChanged():state=2, apnType=default, smCause=(0), reason=null
04-11 20:51:45.606 D/RILJ    ( 3447): [5453]> OPERATOR [SUB0]
04-11 20:51:45.608 D/RILJ    ( 3447): [5454]> DATA_REGISTRATION_STATE [SUB0]
04-11 20:51:45.609 D/RILJ    ( 3447): [5455]> VOICE_REGISTRATION_STATE [SUB0]
04-11 20:51:45.611 D/RILJ    ( 3447): [5456]> QUERY_NETWORK_SELECTION_MODE [SUB0]
04-11 20:51:45.611 D/RILC    (  370): SOCKET RIL_SOCKET_1 REQUEST: OPERATOR length:8
04-11 20:51:45.612 D/RILC    (  370): SOCKET RIL_SOCKET_1 REQUEST: DATA_REGISTRATION_STATE length:8
04-11 20:51:45.613 D/RILC    (  370): SOCKET RIL_SOCKET_1 REQUEST: VOICE_REGISTRATION_STATE length:8
04-11 20:51:45.613 D/GsmSST  ( 3447): [GsmSST] getCellLocation(): X good mCellLoc=[57330,46057510,472]
04-11 20:51:45.614 D/RILC    (  370): SOCKET RIL_SOCKET_1 REQUEST: QUERY_NETWORK_SELECTION_MODE length:8
04-11 20:51:45.621 D/QtiGsmDCT( 3447): [0]QtiDcTracker handleMessage msg={ when=-118ms what=270377 obj=android.os.AsyncResult@2a8213c target=com.qti.internal.telephony.dataconnection.QtiDcTracker }
04-11 20:51:45.621 D/QtiGsmDCT( 3447): [0]handleMessage msg={ when=-119ms what=270377 obj=android.os.AsyncResult@2a8213c target=com.qti.internal.telephony.dataconnection.QtiDcTracker }
04-11 20:51:45.622 D/QtiGsmDCT( 3447): [0]onUpdateIcc: newIccRecords com.android.internal.telephony.uicc.SIMRecords
04-11 20:51:45.622 V/LG-FASTDORMANCY( 3447): [IDLE] intent received :android.intent.action.SERVICE_STATE
04-11 20:51:45.622 E/PHONE   ( 3447): ServiceState.getRadioTechnology() DEPRECATED will be removed *******
04-11 20:51:45.622 I/LG-FASTDORMANCY( 3447): [IDLE] Service State is changed : 0 0 voice home data home Orange Orange 26003 Orange Orange 26003  UMTS HSPA CSS not supported -1 -1 RoamInd=-1 DefRoamInd=-1 EmergOnly=false IsDataRoamingFromRegistration=false mIsVoiceSearching=false mIsDataSearching=false mVoiceNetworkName=null mDataNetworkName=null Check64QAM0 Dual carrier0
04-11 20:51:45.622 I/LG-FASTDORMANCY( 3447): [IDLE] radioTech changed!! currenRT = 11 isChange?? true
04-11 20:51:45.623 I/LG-FASTDORMANCY( 3447): [IDLE] Radio Tech changed.
04-11 20:51:45.624 D/QtiGsmDCT( 3447): [0]getDataEnabled: getIntWithSubId retVal=true
04-11 20:51:45.626 D/LG-FASTDORMANCY( 3447): [IDLE] isUMTS(): RadioTech(10)
04-11 20:51:45.628 D/RILC    (  370): RequestComplete, RIL_SOCKET_1
04-11 20:51:45.628 E/RILC    (  370): Send Response to RIL_SOCKET_1
04-11 20:51:45.628 E/RILC    (  370): RIL Response bytes written:4
04-11 20:51:45.628 E/RILC    (  370): RIL Response bytes written:72
04-11 20:51:45.628 D/RILJ    ( 3447): [5453]< OPERATOR {Orange, Orange, 26003} [SUB0]
04-11 20:51:45.629 D/RILC    (  370): RequestComplete, RIL_SOCKET_1
04-11 20:51:45.629 E/RILC    (  370): Send Response to RIL_SOCKET_1
04-11 20:51:45.629 E/RILC    (  370): RIL Response bytes written:4
04-11 20:51:45.629 E/RILC    (  370): RIL Response bytes written:20
04-11 20:51:45.630 D/RILJ    ( 3447): [5456]< QUERY_NETWORK_SELECTION_MODE {0} [SUB0]
04-11 20:51:45.631 D/RILC    (  370): RequestComplete, RIL_SOCKET_1
04-11 20:51:45.631 E/RILC    (  370): Send Response to RIL_SOCKET_1
04-11 20:51:45.631 E/RILC    (  370): RIL Response bytes written:4
04-11 20:51:45.631 E/RILC    (  370): RIL Response bytes written:136
04-11 20:51:45.632 D/QtiGsmDCT( 3447): [0]getDataOnRoamingEnabled: phoneSubId=2 isDataRoamingEnabled=false
04-11 20:51:45.632 D/QtiGsmDCT( 3447): [0]getDataEnabled: getIntWithSubId retVal=true
04-11 20:51:45.632 D/RILJ    ( 3447): [5455]< VOICE_REGISTRATION_STATE {1, dff2, 02bec826, 3, null, null, null, 0, null, null, 1, null, null, 0, 1d8} [SUB0]
04-11 20:51:45.632 D/PHONE   ( 3447): [ServiceState] setVoiceRegState=0
04-11 20:51:45.632 E/PHONE   ( 3447): [ServiceState] setState deprecated use setVoiceRegState()
04-11 20:51:45.632 D/GsmSST  ( 3447): [GsmSST] LOGRadioInfo : In Service
04-11 20:51:45.634 D/RILC    (  370): RequestComplete, RIL_SOCKET_1
04-11 20:51:45.634 E/RILC    (  370): Send Response to RIL_SOCKET_1
04-11 20:51:45.634 E/RILC    (  370): RIL Response bytes written:4
04-11 20:51:45.634 E/RILC    (  370): RIL Response bytes written:120
04-11 20:51:45.634 D/RILJ    ( 3447): [5454]< DATA_REGISTRATION_STATE {1, dff2, 02bec826, 11, null, 20, null, null, null, null, null, 0} [SUB0]
04-11 20:51:45.635 D/GsmSST  ( 3447): isSFROperators result = false
04-11 20:51:45.635 D/PHONE   ( 3447): [ServiceState] setDataRegState=0
04-11 20:51:45.635 D/PHONE   ( 3447): [ServiceState] setDataRadioTechnology=11
04-11 20:51:45.635 D/GsmSST  ( 3447): [GsmSST] LOGRadioInfo : In Service
04-11 20:51:45.635 D/GsmSST  ( 3447): [GsmSST] handlPollStateResultMessage: GsmSST setDataRegState=0 regState=1 dataRadioTechnology=11
04-11 20:51:45.636 D/GsmSST  ( 3447): [GsmSST] Poll ServiceState done:  oldSS=[0 0 voice home data home Orange Orange 26003 Orange Orange 26003  UMTS HSPA CSS not supported -1 -1 RoamInd=-1 DefRoamInd=-1 EmergOnly=false IsDataRoamingFromRegistration=false mIsVoiceSearching=false mIsDataSearching=false mVoiceNetworkName=null mDataNetworkName=null Check64QAM0 Dual carrier0] newSS=[0 0 voice home data home Orange Orange 26003 Orange Orange 26003  UMTS HSPA CSS not supported -1 -1 RoamInd=-1 DefRoamInd=-1 EmergOnly=false IsDataRoamingFromRegistration=false mIsVoiceSearching=false mIsDataSearching=false mVoiceNetworkName=null mDataNetworkName=null Check64QAM0 Dual carrier0] oldMaxDataCalls=20 mNewMaxDataCalls=20 oldReasonDataDenied=-1 mNewReasonDataDenied=-1
04-11 20:51:45.637 D/PHONE   ( 3447): [ServiceState] setNullState=1
04-11 20:51:45.643 D/RILJ    ( 3447): [5457]> REQUEST_GET_NEIGHBORING_CELL_IDS [SUB0]
04-11 20:51:45.645 D/RILC    (  370): SOCKET RIL_SOCKET_1 REQUEST: GET_NEIGHBORING_CELL_IDS length:8
04-11 20:51:45.645 I/RILQ    (  370): (0/370):RIL[0][main] qcril_qmi_nas_get_neighboring_cell_ids: completed with 0
04-11 20:51:45.648 I/RILQ    (  370): (0/370):RIL[0][qmi_cb] qcril_qmi_nas_get_neighboring_cells_cb: .. qmi error 0, resultqmi  0, qmi transp_err 0, ril res 0
04-11 20:51:45.649 D/RILC    (  370): RequestComplete, RIL_SOCKET_1
04-11 20:51:45.649 E/RILC    (  370): Send Response to RIL_SOCKET_1
04-11 20:51:45.649 E/RILC    (  370): RIL Response bytes written:4
04-11 20:51:45.649 E/RILC    (  370): RIL Response bytes written:128
04-11 20:51:45.649 I/RILQ    (  370): (0/370):RIL[0][qmi_cb] qcril_qmi_nas_get_neighboring_cells_cb: completed with 0 with 4 entries
04-11 20:51:45.652 D/RILJ    ( 3447): [5457]< REQUEST_GET_NEIGHBORING_CELL_IDS {[[14@-85]] [[121@-86]] [[17e@-88]] [[3e@-90]] } [SUB0]
04-11 20:51:45.655 D/RILJ    ( 3447): [5458]> RIL_REQUEST_GET_CELL_INFO_LIST [SUB0]
04-11 20:51:45.656 D/RILC    (  370): SOCKET RIL_SOCKET_1 REQUEST: GET_CELL_INFO_LIST length:8
04-11 20:51:45.659 D/RILC    (  370): RequestComplete, RIL_SOCKET_1
04-11 20:51:45.659 E/RILC    (  370): Send Response to RIL_SOCKET_1
04-11 20:51:45.659 E/RILC    (  370): RIL Response bytes written:4
04-11 20:51:45.659 D/RILJ    ( 3447): [5458]< RIL_REQUEST_GET_CELL_INFO_LIST [CellInfoWcdma:{mRegistered=YES mTimeStampType=oem_ril mTimeStamp=3604371854713ns CellIdentityWcdma:{ mMcc=260 mMnc=3 mLac=57330 mCid=46057510 mPsc=472} CellSignalStrengthWcdma: ss=15 ber=99}, CellInfoWcdma:{mRegistered=NO mTimeStampType=oem_ril mTimeStamp=3604371854713ns CellIdentityWcdma:{ mMcc=2147483647 mMnc=2147483647 mLac=2147483647 mCid=2147483647 mPsc=20} CellSignalStrengthWcdma: ss=14 ber=99}, CellInfoWcdma:{mRegistered=NO mTimeStampType=oem_ril mTimeStamp=3604371854713ns CellIdentityWcdma:{ mMcc=2147483647 mMnc=2147483647 mLac=2147483647 mCid=2147483647 mPsc=289} CellSignalStrengthWcdma: ss=14 ber=99}, CellInfoWcdma:{mRegistered=NO mTimeStampType=oem_ril mTimeStamp=3604371854713ns CellIdentityWcdma:{ mMcc=2147483647 mMnc=2147483647 mLac=2147483647 mCid=2147483647 mPsc=382} CellSignalStrengthWcdma: ss=13 ber=99}, CellInfoWcdma:{mRegistered=NO mTimeStampType=oem_ril mTimeStamp=3604371854713ns CellIdentityWcdma:{ mMcc=2147483647 mMnc=2147483647 mLac=2147483647 mCid=2147483647 mPsc=62} CellSignalStrengthWcdma: ss=12 ber=99}] [SUB0]
04-11 20:51:45.660 E/RILC    (  370): RIL Response bytes written:256
04-11 20:51:45.662 D/GsmSST  ( 3447): [GsmSST] SST.getAllCellInfo(): X size=5 list=[CellInfoWcdma:{mRegistered=YES mTimeStampType=oem_ril mTimeStamp=3604371854713ns CellIdentityWcdma:{ mMcc=260 mMnc=3 mLac=57330 mCid=46057510 mPsc=472} CellSignalStrengthWcdma: ss=15 ber=99}, CellInfoWcdma:{mRegistered=NO mTimeStampType=oem_ril mTimeStamp=3604371854713ns CellIdentityWcdma:{ mMcc=2147483647 mMnc=2147483647 mLac=2147483647 mCid=2147483647 mPsc=20} CellSignalStrengthWcdma: ss=14 ber=99}, CellInfoWcdma:{mRegistered=NO mTimeStampType=oem_ril mTimeStamp=3604371854713ns CellIdentityWcdma:{ mMcc=2147483647 mMnc=2147483647 mLac=2147483647 mCid=2147483647 mPsc=289} CellSignalStrengthWcdma: ss=14 ber=99}, CellInfoWcdma:{mRegistered=NO mTimeStampType=oem_ril mTimeStamp=3604371854713ns CellIdentityWcdma:{ mMcc=2147483647 mMnc=2147483647 mLac=2147483647 mCid=2147483647 mPsc=382} CellSignalStrengthWcdma: ss=13 ber=99}, CellInfoWcdma:{mRegistered=NO mTimeStampType=oem_ril mTimeStamp=3604371854713ns CellIdentityWcdma:{ mMcc=2147483647 mMnc=2147483647 mLac=2147483647 mCid=2147483647 mPsc=62} CellSignalStrengthWcdma: ss=12 ber=99}]
04-11 20:51:45.664 D/GsmSST  ( 3447): [GsmSST] getCellLocation(): X good mCellLoc=[57330,46057510,472]
04-11 20:51:50.173 I/RILC    (  370): RIL_SOCKET_1 UNSOLICITED: UNSOL_SIGNAL_STRENGTH length:68
04-11 20:51:50.174 E/RILC    (  370): Send Response to RIL_SOCKET_1
04-11 20:51:50.174 E/RILC    (  370): RIL Response bytes written:4
04-11 20:51:50.174 E/RILC    (  370): RIL Response bytes written:68
04-11 20:51:50.174 D/GsmSST  ( 3447): [GsmSST] ServiceStateTrackerEx:onSignalStrengthResult() isGsm=true DataRadioTech=11
04-11 20:51:50.174 W/LGSignalStrength( 3447): setDataRadioTechnology: dataRadioTechnology = 11
04-11 20:51:50.175 D/DefaultPhoneNotifier( 3447): notifySignalStrength: mRegistry=com.android.internal.telephony.ITelephonyRegistry$Stub$Proxy@ced2ad0 ss=SignalStrength: 10 0 -93 -150 -120 -1 -1 99 2147483647 2147483647 2147483647 2147483647 2147483647 gsm|lte 11 0 -93 -150 sender=Handler (com.qti.internal.telephony.gsm.QtiGSMPhone) {560d91e}
04-11 20:51:50.190 D/QtiGsmDCT( 3447): [0]getDataEnabled: getIntWithSubId retVal=true
04-11 20:51:54.630 I/RILC    (  370): RIL_SOCKET_1 UNSOLICITED: RIL_UNSOL_LTE_REJECT_CAUSE length:16
04-11 20:51:54.630 E/RILC    (  370): Send Response to RIL_SOCKET_1
04-11 20:51:54.630 E/RILC    (  370): RIL Response bytes written:4
04-11 20:51:54.630 D/RILJ    ( 3447): [UNSL]< RIL_UNSOL_LTE_REJECT_CAUSE {15} [SUB0]
04-11 20:51:54.630 E/RILC    (  370): RIL Response bytes written:16
04-11 20:51:54.634 I/RILC    (  370): RIL_SOCKET_1 UNSOLICITED: UNSOL_OEM_HOOK_RAW length:32
04-11 20:51:54.634 E/RILC    (  370): Send Response to RIL_SOCKET_1
04-11 20:51:54.634 E/RILC    (  370): RIL Response bytes written:4
04-11 20:51:54.634 V/RILJ    ( 3447): [UNSL]< UNSOL_OEM_HOOK_RAW 514f454d484f4f4bef0308000100000001 [SUB0]
04-11 20:51:54.634 D/RILJ    ( 3447): Oem ID in RIL_UNSOL_OEM_HOOK_RAW is QOEMHOOK
04-11 20:51:54.634 D/RILJ    ( 3447): OEM ID check Passed
04-11 20:51:54.634 D/RILJ    ( 3447): Response ID in RIL_UNSOL_OEM_HOOK_RAW is 525295
04-11 20:51:54.634 D/RILJ    ( 3447): Response ID 525295 is not served in this process.
04-11 20:51:54.634 E/RILC    (  370): RIL Response bytes written:32
04-11 20:51:54.636 I/RILC    (  370): RIL_SOCKET_1 UNSOLICITED: UNSOL_RESPONSE_VOICE_NETWORK_STATE_CHANGED length:8
04-11 20:51:54.636 E/RILC    (  370): Send Response to RIL_SOCKET_1
04-11 20:51:54.636 E/RILC    (  370): RIL Response bytes written:4
04-11 20:51:54.637 D/RILJ    ( 3447): [UNSL]< UNSOL_RESPONSE_VOICE_NETWORK_STATE_CHANGED [SUB0]
04-11 20:51:54.637 E/RILC    (  370): RIL Response bytes written:8
04-11 20:51:54.638 D/RILJ    ( 3447): [5459]> OPERATOR [SUB0]
04-11 20:51:54.639 D/RILJ    ( 3447): [5460]> DATA_REGISTRATION_STATE [SUB0]
04-11 20:51:54.639 D/RILC    (  370): SOCKET RIL_SOCKET_1 REQUEST: OPERATOR length:8
04-11 20:51:54.641 D/RILJ    ( 3447): [5461]> VOICE_REGISTRATION_STATE [SUB0]
04-11 20:51:54.642 D/RILC    (  370): SOCKET RIL_SOCKET_1 REQUEST: DATA_REGISTRATION_STATE length:8
04-11 20:51:54.643 D/RILJ    ( 3447): [5462]> QUERY_NETWORK_SELECTION_MODE [SUB0]
04-11 20:51:54.643 D/RILC    (  370): SOCKET RIL_SOCKET_1 REQUEST: VOICE_REGISTRATION_STATE length:8
04-11 20:51:54.645 D/RILC    (  370): SOCKET RIL_SOCKET_1 REQUEST: QUERY_NETWORK_SELECTION_MODE length:8
04-11 20:51:54.650 D/RILC    (  370): RequestComplete, RIL_SOCKET_1
04-11 20:51:54.650 E/RILC    (  370): Send Response to RIL_SOCKET_1
04-11 20:51:54.650 E/RILC    (  370): RIL Response bytes written:4
04-11 20:51:54.650 D/RILJ    ( 3447): [5460]< DATA_REGISTRATION_STATE {1, dff2, 02bec826, 11, null, 20, null, null, null, null, null, 0} [SUB0]
04-11 20:51:54.650 E/RILC    (  370): RIL Response bytes written:120
04-11 20:51:54.650 D/GsmSST  ( 3447): isSFROperators result = false
04-11 20:51:54.650 D/PHONE   ( 3447): [ServiceState] setDataRegState=0
04-11 20:51:54.650 D/PHONE   ( 3447): [ServiceState] setDataRadioTechnology=11
04-11 20:51:54.650 D/GsmSST  ( 3447): [GsmSST] LOGRadioInfo : In Service
04-11 20:51:54.651 D/GsmSST  ( 3447): [GsmSST] handlPollStateResultMessage: GsmSST setDataRegState=0 regState=1 dataRadioTechnology=11
04-11 20:51:54.654 D/RILC    (  370): RequestComplete, RIL_SOCKET_1
04-11 20:51:54.654 E/RILC    (  370): Send Response to RIL_SOCKET_1
04-11 20:51:54.654 E/RILC    (  370): RIL Response bytes written:4
04-11 20:51:54.654 E/RILC    (  370): RIL Response bytes written:72
04-11 20:51:54.654 D/RILJ    ( 3447): [5459]< OPERATOR {Orange, Orange, 26003} [SUB0]
04-11 20:51:54.656 D/RILC    (  370): RequestComplete, RIL_SOCKET_1
04-11 20:51:54.657 E/RILC    (  370): Send Response to RIL_SOCKET_1
04-11 20:51:54.657 E/RILC    (  370): RIL Response bytes written:4
04-11 20:51:54.657 E/RILC    (  370): RIL Response bytes written:20
04-11 20:51:54.657 D/RILJ    ( 3447): [5462]< QUERY_NETWORK_SELECTION_MODE {0} [SUB0]
04-11 20:51:54.658 D/RILC    (  370): RequestComplete, RIL_SOCKET_1
04-11 20:51:54.658 E/RILC    (  370): Send Response to RIL_SOCKET_1
04-11 20:51:54.658 E/RILC    (  370): RIL Response bytes written:4
04-11 20:51:54.658 E/RILC    (  370): RIL Response bytes written:136
04-11 20:51:54.659 D/RILJ    ( 3447): [5461]< VOICE_REGISTRATION_STATE {1, dff2, 02bec826, 3, null, null, null, 0, null, null, 1, null, null, 0, 1d8} [SUB0]
04-11 20:51:54.659 D/PHONE   ( 3447): [ServiceState] setVoiceRegState=0
04-11 20:51:54.659 E/PHONE   ( 3447): [ServiceState] setState deprecated use setVoiceRegState()
04-11 20:51:54.659 D/GsmSST  ( 3447): [GsmSST] LOGRadioInfo : In Service
04-11 20:51:54.662 D/GsmSST  ( 3447): [GsmSST] Poll ServiceState done:  oldSS=[0 0 voice home data home Orange Orange 26003 Orange Orange 26003  UMTS HSPA CSS not supported -1 -1 RoamInd=-1 DefRoamInd=-1 EmergOnly=false IsDataRoamingFromRegistration=false mIsVoiceSearching=false mIsDataSearching=false mVoiceNetworkName=null mDataNetworkName=null Check64QAM0 Dual carrier0] newSS=[0 0 voice home data home Orange Orange 26003 Orange Orange 26003  UMTS HSPA CSS not supported -1 -1 RoamInd=-1 DefRoamInd=-1 EmergOnly=false IsDataRoamingFromRegistration=false mIsVoiceSearching=false mIsDataSearching=false mVoiceNetworkName=null mDataNetworkName=null Check64QAM0 Dual carrier0] oldMaxDataCalls=20 mNewMaxDataCalls=20 oldReasonDataDenied=-1 mNewReasonDataDenied=-1
04-11 20:51:54.662 D/PHONE   ( 3447): [ServiceState] setNullState=1
04-11 20:51:55.184 I/RILC    (  370): RIL_SOCKET_1 UNSOLICITED: RIL_UNSOL_LTE_REJECT_CAUSE length:16
04-11 20:51:55.184 E/RILC    (  370): Send Response to RIL_SOCKET_1
04-11 20:51:55.184 E/RILC    (  370): RIL Response bytes written:4
04-11 20:51:55.185 D/RILJ    ( 3447): [UNSL]< RIL_UNSOL_LTE_REJECT_CAUSE {15} [SUB0]
04-11 20:51:55.185 E/RILC    (  370): RIL Response bytes written:16
04-11 20:51:55.186 I/RILC    (  370): RIL_SOCKET_1 UNSOLICITED: UNSOL_OEM_HOOK_RAW length:32
04-11 20:51:55.186 E/RILC    (  370): Send Response to RIL_SOCKET_1
04-11 20:51:55.186 E/RILC    (  370): RIL Response bytes written:4
04-11 20:51:55.186 E/RILC    (  370): RIL Response bytes written:32
04-11 20:51:55.187 V/RILJ    ( 3447): [UNSL]< UNSOL_OEM_HOOK_RAW 514f454d484f4f4bef0308000100000001 [SUB0]
04-11 20:51:55.187 D/RILJ    ( 3447): Oem ID in RIL_UNSOL_OEM_HOOK_RAW is QOEMHOOK
04-11 20:51:55.187 D/RILJ    ( 3447): OEM ID check Passed
04-11 20:51:55.187 D/RILJ    ( 3447): Response ID in RIL_UNSOL_OEM_HOOK_RAW is 525295
04-11 20:51:55.187 D/RILJ    ( 3447): Response ID 525295 is not served in this process.
04-11 20:51:55.189 I/RILC    (  370): RIL_SOCKET_1 UNSOLICITED: UNSOL_RESPONSE_VOICE_NETWORK_STATE_CHANGED length:8
04-11 20:51:55.189 E/RILC    (  370): Send Response to RIL_SOCKET_1
04-11 20:51:55.189 E/RILC    (  370): RIL Response bytes written:4
04-11 20:51:55.189 D/RILJ    ( 3447): [UNSL]< UNSOL_RESPONSE_VOICE_NETWORK_STATE_CHANGED [SUB0]
04-11 20:51:55.189 E/RILC    (  370): RIL Response bytes written:8
04-11 20:51:55.190 D/RILJ    ( 3447): [5463]> OPERATOR [SUB0]
04-11 20:51:55.191 D/RILJ    ( 3447): [5464]> DATA_REGISTRATION_STATE [SUB0]
04-11 20:51:55.192 I/RILQ    (  370): (0/370):RIL[0][event] qcril_arb_set_dsd_sys_status: old_pref_data 1 - new_data_pref 1
04-11 20:51:55.192 I/RILQ    (  370): (0/370):RIL[0][event] qcril_arb_set_dsd_sys_status: preferred dsd_sys_status nw=0x0, rat_value=0x1, so_mask=0x0000000000000015
04-11 20:51:55.192 I/RILQ    (  370): (0/370):RIL[0][event] qcril_arb_set_dsd_sys_status: preferred 1 - dsd_sys_status nw=0x0, rat_value=0x1, so_mask=0x0000000000000015
04-11 20:51:55.192 D/RILC    (  370): SOCKET RIL_SOCKET_1 REQUEST: OPERATOR length:8
04-11 20:51:55.192 I/RILQ    (  370): (0/370):RIL[0][event] qcril_arb_set_dsd_sys_status: is_wwan_available 0
04-11 20:51:55.193 D/RILJ    ( 3447): [5465]> VOICE_REGISTRATION_STATE [SUB0]
04-11 20:51:55.194 D/RILC    (  370): SOCKET RIL_SOCKET_1 REQUEST: DATA_REGISTRATION_STATE length:8
04-11 20:51:55.194 D/RILJ    ( 3447): [5466]> QUERY_NETWORK_SELECTION_MODE [SUB0]
04-11 20:51:55.197 D/RILC    (  370): SOCKET RIL_SOCKET_1 REQUEST: VOICE_REGISTRATION_STATE length:8
04-11 20:51:55.198 I/RILC    (  370): RIL_SOCKET_1 UNSOLICITED: UNSOL_OEM_HOOK_RAW length:32
04-11 20:51:55.198 E/RILC    (  370): Send Response to RIL_SOCKET_1
04-11 20:51:55.199 E/RILC    (  370): RIL Response bytes written:4
04-11 20:51:55.199 D/RILC    (  370): SOCKET RIL_SOCKET_1 REQUEST: QUERY_NETWORK_SELECTION_MODE length:8
04-11 20:51:55.199 V/RILJ    ( 3447): [UNSL]< UNSOL_OEM_HOOK_RAW 514f454d484f4f4bfa0308000100000000 [SUB0]
04-11 20:51:55.199 D/RILJ    ( 3447): Oem ID in RIL_UNSOL_OEM_HOOK_RAW is QOEMHOOK
04-11 20:51:55.199 D/RILJ    ( 3447): OEM ID check Passed
04-11 20:51:55.199 D/RILJ    ( 3447): Response ID in RIL_UNSOL_OEM_HOOK_RAW is 525306
04-11 20:51:55.199 D/RILJ    ( 3447): WWAN, IWLAN coexistence notified to registrants
04-11 20:51:55.199 E/RILC    (  370): RIL Response bytes written:32
04-11 20:51:55.209 D/RILC    (  370): RequestComplete, RIL_SOCKET_1
04-11 20:51:55.209 E/RILC    (  370): Send Response to RIL_SOCKET_1
04-11 20:51:55.209 E/RILC    (  370): RIL Response bytes written:4
04-11 20:51:55.209 E/RILC    (  370): RIL Response bytes written:72
04-11 20:51:55.209 D/RILJ    ( 3447): [5463]< OPERATOR {Orange, Orange, 26003} [SUB0]
04-11 20:51:55.214 I/RILC    (  370): RIL_SOCKET_1 UNSOLICITED: RIL_UNSOL_LTE_REJECT_CAUSE length:16
04-11 20:51:55.214 E/RILC    (  370): Send Response to RIL_SOCKET_1
04-11 20:51:55.214 E/RILC    (  370): RIL Response bytes written:4
04-11 20:51:55.214 D/RILJ    ( 3447): [UNSL]< RIL_UNSOL_LTE_REJECT_CAUSE {15} [SUB0]
04-11 20:51:55.214 E/RILC    (  370): RIL Response bytes written:16
04-11 20:51:55.218 I/RILC    (  370): RIL_SOCKET_1 UNSOLICITED: UNSOL_DATA_CALL_LIST_CHANGED length:428
04-11 20:51:55.218 E/RILC    (  370): Send Response to RIL_SOCKET_1
04-11 20:51:55.220 E/RILC    (  370): RIL Response bytes written:4
04-11 20:51:55.220 D/RILJ    ( 3447): responseDataCallList ver=11 num=1 [SUB0]
04-11 20:51:55.220 D/RILC    (  370): RequestComplete, RIL_SOCKET_1
04-11 20:51:55.220 E/RILC    (  370): Send Response to RIL_SOCKET_1
04-11 20:51:55.220 D/RILJ    ( 3447): getDataCallResponse before ver=11 [SUB0]
04-11 20:51:55.220 D/RILJ    ( 3447): [UNSL]< UNSOL_DATA_CALL_LIST_CHANGED [DataCallResponse: {version=11 status=0 retry=-1 cid=0 active=2 type=IPV6 ifname=rmnet_data0 mtu=1500 addresses=[2a00:0f41:509d:3c49:86de:75f7:213a:3588/64] dnses=[2a01:1700:0003:ffff:0000:0000:0000:9822,2a01:1700:0002:ffff:0000:0000:0000:9f01] gateways=[fe80:0000:0000:0000:88b0:3588:9bd1:5a35] pcscf=[]}] [SUB0]
04-11 20:51:55.220 D/QtiGsmDCT( 3447): [0]QtiDcTracker handleMessage msg={ when=0 what=270340 obj=android.os.AsyncResult@c1e9ec5 target=com.qti.internal.telephony.dataconnection.QtiDcTracker }
04-11 20:51:55.221 I/LG-FASTDORMANCY( 3447): [IDLE] Data call list changed.
04-11 20:51:55.221 D/QtiGsmDCT( 3447): [0]handleMessage msg={ when=-1ms what=270340 obj=android.os.AsyncResult@c1e9ec5 target=com.qti.internal.telephony.dataconnection.QtiDcTracker }
04-11 20:51:55.221 E/DATA    ( 3447): Unidentified event msg={ when=-1ms what=270340 obj=android.os.AsyncResult@c1e9ec5 target=com.qti.internal.telephony.dataconnection.QtiDcTracker }
04-11 20:51:55.221 I/LG-FASTDORMANCY( 3447): [IDLE] [DataCallResponse: {version=11 status=0 retry=-1 cid=0 active=2 type=IPV6 ifname=rmnet_data0 mtu=1500 addresses=[2a00:0f41:509d:3c49:86de:75f7:213a:3588/64] dnses=[2a01:1700:0003:ffff:0000:0000:0000:9822,2a01:1700:0002:ffff:0000:0000:0000:9f01] gateways=[fe80:0000:0000:0000:88b0:3588:9bd1:5a35] pcscf=[]}]
04-11 20:51:55.221 I/LG-FASTDORMANCY( 3447): [IDLE] prev:[IDLE] , curr:false
04-11 20:51:55.221 E/RILC    (  370): RIL Response bytes written:428
04-11 20:51:55.222 D/QtiGsmDCT( 3447): [0]fetchDunApn: Ignore the dun apn in settings.db
04-11 20:51:55.222 E/RILC    (  370): RIL Response bytes written:4
04-11 20:51:55.222 E/RILC    (  370): RIL Response bytes written:20
04-11 20:51:55.223 D/RILJ    ( 3447): [5466]< QUERY_NETWORK_SELECTION_MODE {0} [SUB0]
04-11 20:51:55.224 D/LG-FASTDORMANCY( 3447): [IDLE] isUMTS(): RadioTech(10)
04-11 20:51:55.224 D/LG-FASTDORMANCY( 3447): [IDLE] Exit from IDLE State
04-11 20:51:55.224 D/LG-FASTDORMANCY( 3447): [DCH/FACH] FDCount : 0 Enter to DCH or FACH State
04-11 20:51:55.225 D/LG-FASTDORMANCY( 3447): [DCH/FACH] FDCount : 0 isUMTS(): RadioTech(10)
04-11 20:51:55.226 I/LG-FASTDORMANCY( 3447): [DCH/FACH] FDCount : 0 Scheduling checkNetStat for 1000msec, current state is [DCH/FACH] FDCount : 0 
04-11 20:51:55.228 D/RILC    (  370): RequestComplete, RIL_SOCKET_1
04-11 20:51:55.228 E/RILC    (  370): Send Response to RIL_SOCKET_1
04-11 20:51:55.228 E/RILC    (  370): RIL Response bytes written:4
04-11 20:51:55.229 D/RILJ    ( 3447): [5465]< VOICE_REGISTRATION_STATE {1, dff2, 02bec826, 3, null, null, null, 0, null, null, 1, null, null, 0, 1d8} [SUB0]
04-11 20:51:55.229 E/RILC    (  370): RIL Response bytes written:136
04-11 20:51:55.229 D/PHONE   ( 3447): [ServiceState] setVoiceRegState=0
04-11 20:51:55.229 E/PHONE   ( 3447): [ServiceState] setState deprecated use setVoiceRegState()
04-11 20:51:55.229 D/GsmSST  ( 3447): [GsmSST] LOGRadioInfo : In Service
04-11 20:51:55.231 D/RILC    (  370): RequestComplete, RIL_SOCKET_1
04-11 20:51:55.231 E/RILC    (  370): Send Response to RIL_SOCKET_1
04-11 20:51:55.231 E/RILC    (  370): RIL Response bytes written:4
04-11 20:51:55.231 D/RILJ    ( 3447): [5464]< DATA_REGISTRATION_STATE {1, dff2, 02bec826, 15, null, 20, null, null, null, null, null, 0} [SUB0]
04-11 20:51:55.231 D/GsmSST  ( 3447): isSFROperators result = false
04-11 20:51:55.231 D/PHONE   ( 3447): [ServiceState] setDataRegState=0
04-11 20:51:55.231 D/PHONE   ( 3447): [ServiceState] setDataRadioTechnology=15
04-11 20:51:55.231 D/GsmSST  ( 3447): [GsmSST] LOGRadioInfo : In Service
04-11 20:51:55.231 D/GsmSST  ( 3447): [GsmSST] handlPollStateResultMessage: GsmSST setDataRegState=0 regState=1 dataRadioTechnology=15
04-11 20:51:55.232 E/RILC    (  370): RIL Response bytes written:120
04-11 20:51:55.233 D/GsmSST  ( 3447): [GsmSST] Poll ServiceState done:  oldSS=[0 0 voice home data home Orange Orange 26003 Orange Orange 26003  UMTS HSPA CSS not supported -1 -1 RoamInd=-1 DefRoamInd=-1 EmergOnly=false IsDataRoamingFromRegistration=false mIsVoiceSearching=false mIsDataSearching=false mVoiceNetworkName=null mDataNetworkName=null Check64QAM0 Dual carrier0] newSS=[0 0 voice home data home Orange Orange 26003 Orange Orange 26003  UMTS HSPAP CSS not supported -1 -1 RoamInd=-1 DefRoamInd=-1 EmergOnly=false IsDataRoamingFromRegistration=false mIsVoiceSearching=false mIsDataSearching=false mVoiceNetworkName=null mDataNetworkName=null Check64QAM0 Dual carrier0] oldMaxDataCalls=20 mNewMaxDataCalls=20 oldReasonDataDenied=-1 mNewReasonDataDenied=-1
04-11 20:51:55.233 D/PHONE   ( 3447): [ServiceState] setNullState=1
04-11 20:51:55.233 D/TelephonyManager( 3447): setTelephonyProperty: success phoneId=0 property=gsm.network.type value: UMTS propVal=UMTS
04-11 20:51:55.234 D/SIMRecords( 3447): [SIMRecords] getServiceProviderName: no brandOverride
04-11 20:51:55.234 D/SIMRecords( 3447): [SIMRecords] getServiceProviderName: providerName=Orange
04-11 20:51:55.234 D/SIMRecords( 3447): [SIMRecords] getServiceProviderName: no brandOverride
04-11 20:51:55.234 D/SIMRecords( 3447): [SIMRecords] getServiceProviderName: providerName=Orange
04-11 20:51:55.234 D/GSMPhoneEx( 3447): grandblue SpnMvno = Orange operator = 26003 simMcc  = 260 simMnc  = 03
04-11 20:51:55.234 D/GSMPhoneEx( 3447): grandblue after SpnMvno = Orange operator = 26003 simMcc  = 260 simMnc  = 03
04-11 20:51:55.235 D/TelephonyManager( 3447): setTelephonyProperty: success phoneId=0 property=gsm.operator.alpha value: Orange propVal=Orange
04-11 20:51:55.235 D/TelephonyManager( 3447): setTelephonyProperty: success phoneId=0 property=gsm.operator.numeric value: 26003 propVal=26003
04-11 20:51:55.236 D/TelephonyManager( 3447): setTelephonyProperty: success phoneId=0 property=gsm.operator.iso-country value: pl propVal=pl
04-11 20:51:55.237 D/GsmSST  ( 3447): [GsmSST] shouldFixTimeZoneNow: retVal=false iccCardExist=true operatorNumeric=26003 mcc=260 prevOperatorNumeric=26003 prevMcc=260 needToFixTimeZone=false ltod=04-11 20:51:55.237
04-11 20:51:55.237 D/TelephonyManager( 3447): setTelephonyProperty: success phoneId=0 property=gsm.operator.isroaming value: false propVal=false
04-11 20:51:55.238 I/RILC    (  370): RIL_SOCKET_1 UNSOLICITED: UNSOL_RESPONSE_VOICE_NETWORK_STATE_CHANGED length:8
04-11 20:51:55.238 E/RILC    (  370): Send Response to RIL_SOCKET_1
04-11 20:51:55.238 E/RILC    (  370): RIL Response bytes written:4
04-11 20:51:55.238 E/RILC    (  370): RIL Response bytes written:8
04-11 20:51:55.238 D/RILJ    ( 3447): [UNSL]< UNSOL_RESPONSE_VOICE_NETWORK_STATE_CHANGED [SUB0]
04-11 20:51:55.238 D/TelephonyManager( 3447): setTelephonyProperty: success phoneId=0 property=ril.cdma.voiceinservice value: true propVal=true
04-11 20:51:55.239 D/GsmSST  ( 3447): [GsmSST] Broadcasting ServiceState : 0 0 voice home data home Orange Orange 26003 Orange Orange 26003  UMTS HSPAP CSS not supported -1 -1 RoamInd=-1 DefRoamInd=-1 EmergOnly=false IsDataRoamingFromRegistration=false mIsVoiceSearching=false mIsDataSearching=false mVoiceNetworkName=null mDataNetworkName=null Check64QAM0 Dual carrier0
04-11 20:51:55.239 D/DefaultPhoneNotifier( 3447): nofityServiceState: mRegistry=com.android.internal.telephony.ITelephonyRegistry$Stub$Proxy@ced2ad0 ss=0 0 voice home data home Orange Orange 26003 Orange Orange 26003  UMTS HSPAP CSS not supported -1 -1 RoamInd=-1 DefRoamInd=-1 EmergOnly=false IsDataRoamingFromRegistration=false mIsVoiceSearching=false mIsDataSearching=false mVoiceNetworkName=null mDataNetworkName=null Check64QAM0 Dual carrier0 sender=Handler (com.qti.internal.telephony.gsm.QtiGSMPhone) {560d91e} phondId=0 subId=2
04-11 20:51:55.247 D/SubscriptionManager( 1891): getSimStateForSubscriber: simState=5 slotIdx=0
04-11 20:51:55.251 D/GsmSST  ( 3447): [GsmSST] notifyDataRegStateRilRadioTechnologyChanged: drs=0 rat=15
04-11 20:51:55.251 D/TelephonyManager( 3447): setTelephonyProperty: success phoneId=0 property=gsm.network.type value: HSPAP propVal=HSPAP
04-11 20:51:55.254 D/QtiGsmDCT( 3447): [0]get all active apn types
04-11 20:51:55.255 D/QtiGsmDCT( 3447): [0]return link properites for default
04-11 20:51:55.257 D/QtiGsmDCT( 3447): [0]getDataEnabled: getIntWithSubId retVal=true
04-11 20:51:55.265 D/QtiGsmDCT( 3447): [0]fetchDunApn: config_tether_apndata dunSetting=null
04-11 20:51:55.265 D/DC-1    ( 3447): isInternetRequested = true
04-11 20:51:55.266 D/Dcc     ( 3447): onDataStateChanged: dcsList=[DataCallResponse: {version=11 status=0 retry=-1 cid=0 active=2 type=IPV6 ifname=rmnet_data0 mtu=1500 addresses=[2a00:0f41:509d:3c49:86de:75f7:213a:3588/64] dnses=[2a01:1700:0003:ffff:0000:0000:0000:9822,2a01:1700:0002:ffff:0000:0000:0000:9f01] gateways=[fe80:0000:0000:0000:88b0:3588:9bd1:5a35] pcscf=[]}] mDcListActiveByCid={0={DC-1: State=DcActiveState mApnSetting=[ApnSettingV3] Orange Internet, 695, 26003, internetipv6, , , , , , 1, default | dun | hipri | supl, IPV6, IP, true, 0, 0, 1, false, 0, 0, 0, 0, , , 0, ,  RefCount=1 mCid=0 mCreateTime=-1 mLastastFailTime=-1 mLastFailCause=NONE mTag=2 mRetryManager=RetryManager: { forever=false maxRetry=10 curMaxRetry=0 retry=0 config={default_randomization=2000,5000,10000,20000,40000,80000:5000,160000:5000,320000:5000,640000:5000,1280000:5000,1800000:5000} retryArray={5000:2000 10000:2000 20000:2000 40000:2000 80000:5000 160000:5000 320000:5000 640000:5000 1280000:5000 1800000:5000 }} mLinkProperties={InterfaceName: rmnet_data0 LinkAddresses: [2a00:f41:509d:3c49:86de:75f7:213a:3588/64,]  Routes: [::/0 -> fe80::88b0:3588:9bd1:5a35 rmnet_data0,] DnsAddresses: [2a01:1700:3:ffff::9822,2a01:1700:2:ffff::9f01,] Domains: null MTU: 1500 TcpBufferSizes: 40778,244668,3461120,16777,140625,3461120} linkCapabilities=[ Transports: CELLULAR Capabilities: SUPL&DUN&INTERNET&NOT_RESTRICTED&TRUSTED&NOT_VPN LinkUpBandwidth>=5898Kbps LinkDnBandwidth>=14336Kbps Specifier: <2>] mApnContexts=[{mApnType=default mState=CONNECTED mWaitingApns={[[ApnSettingV3] Orange Internet, 695, 26003, internetipv6, , , , , , 1, default | dun | hipri | supl, IPV6, IP, true, 0, 0, 1, false, 0, 0, 0, 0, , , 0, , ]} mWaitingApnsPermanentFailureCountDown=1 mApnSetting={[ApnSettingV3] Orange Internet, 695, 26003, internetipv6, , , , , , 1, default | dun | hipri | supl, IPV6, IP, true, 0, 0, 1, false, 0, 0, 0, 0, , , 0, , } mReason=connected mDataEnabled=true mDependencyMet=true}]}}
04-11 20:51:55.266 D/Dcc     ( 3447): onDataStateChanged: dcsToRetry=[]
04-11 20:51:55.266 D/Dcc     ( 3447): onDataStateChanged: Found ConnId=0 newState=DataCallResponse: {version=11 status=0 retry=-1 cid=0 active=2 type=IPV6 ifname=rmnet_data0 mtu=1500 addresses=[2a00:0f41:509d:3c49:86de:75f7:213a:3588/64] dnses=[2a01:1700:0003:ffff:0000:0000:0000:9822,2a01:1700:0002:ffff:0000:0000:0000:9f01] gateways=[fe80:0000:0000:0000:88b0:3588:9bd1:5a35] pcscf=[]}
04-11 20:51:55.266 D/DataCallResponse( 3447): addr/pl=2a00:0f41:509d:3c49:86de:75f7:213a:3588/64
04-11 20:51:55.266 D/DC-1    ( 3447): MTU set by call response to: 1500
04-11 20:51:55.267 D/Dcc     ( 3447): onDataStateChanged: no change
04-11 20:51:55.267 D/Dcc     ( 3447): onDataStateChanged: Data Activity updated to NONE. isAnyDataCallActive = true isAnyDataCallDormant = false
04-11 20:51:55.267 D/Dcc     ( 3447): onDataStateChanged: Skip startNetStatPoll
04-11 20:51:55.267 D/Dcc     ( 3447): onDataStateChanged: dcsToRetry=[] apnsToCleanup=[]
04-11 20:51:55.267 D/Dcc     ( 3447): onDataStateChanged: X
04-11 20:51:55.267 D/DC-1    ( 3447): DcActiveState not handled msg.what=EVENT_DATA_CONNECTION_DRS_OR_RAT_CHANGED
04-11 20:51:55.267 D/DC-1    ( 3447): DcDefault msg=EVENT_DATA_CONNECTION_DRS_OR_RAT_CHANGED RefCount=1
04-11 20:51:55.267 D/DC-1    ( 3447): DcDefaultState: EVENT_DATA_CONNECTION_DRS_OR_RAT_CHANGED drs=0 mRilRat=15
04-11 20:51:55.267 D/QtiGsmDCT( 3447): [0]fetchDunApn: Ignore the dun apn in settings.db
04-11 20:51:55.298 D/QtiGsmDCT( 3447): [0]fetchDunApn: config_tether_apndata dunSetting=null
04-11 20:51:55.298 D/DC-1    ( 3447): isInternetRequested = true
04-11 20:51:55.299 D/DC-1    ( 3447): DcActiveState not handled msg.what=REQ_GET_LINK_PROPERTIES
04-11 20:51:55.299 D/DC-1    ( 3447): DcDefault msg=REQ_GET_LINK_PROPERTIES RefCount=1
04-11 20:51:55.299 D/DC-1    ( 3447): REQ_GET_LINK_PROPERTIES linkProperties{InterfaceName: rmnet_data0 LinkAddresses: [2a00:f41:509d:3c49:86de:75f7:213a:3588/64,]  Routes: [::/0 -> fe80::88b0:3588:9bd1:5a35 rmnet_data0,] DnsAddresses: [2a01:1700:3:ffff::9822,2a01:1700:2:ffff::9f01,] Domains: null MTU: 1500 TcpBufferSizes: 122334,734003,3461120,32040,192239,3461120}
04-11 20:51:55.302 D/QtiGsmDCT( 3447): [0]get active pdp is not null, return NetworkCapabilities for default
04-11 20:51:55.303 D/DC-1    ( 3447): DcActiveState not handled msg.what=REQ_GET_NETWORK_CAPABILITIES
04-11 20:51:55.303 D/DC-1    ( 3447): DcDefault msg=REQ_GET_NETWORK_CAPABILITIES RefCount=1
04-11 20:51:55.303 D/QtiGsmDCT( 3447): [0]fetchDunApn: Ignore the dun apn in settings.db
04-11 20:51:55.335 D/QtiGsmDCT( 3447): [0]fetchDunApn: config_tether_apndata dunSetting=null
04-11 20:51:55.335 D/DC-1    ( 3447): isInternetRequested = true
04-11 20:51:55.335 D/DC-1    ( 3447): REQ_GET_NETWORK_CAPABILITIES networkCapabilities[ Transports: CELLULAR Capabilities: SUPL&DUN&INTERNET&NOT_RESTRICTED&TRUSTED&NOT_VPN LinkUpBandwidth>=11264Kbps LinkDnBandwidth>=43008Kbps Specifier: <2>]
04-11 20:51:55.337 D/QtiGsmDCT( 3447): [0]isDataPossible(default): possible=true isDataAllowed=true apnTypePossible=true apnContextisEnabled=true apnContextState()=CONNECTED
04-11 20:51:55.337 D/QtiGsmDCT( 3447): [0]get active apn string for type:default
04-11 20:51:55.337 D/DCT     ( 3447): [ApnContext:default] getApnSetting: apnSetting=[ApnSettingV3] Orange Internet, 695, 26003, internetipv6, , , , , , 1, default | dun | hipri | supl, IPV6, IP, true, 0, 0, 1, false, 0, 0, 0, 0, , , 0, , 
04-11 20:51:55.339 D/TelephonyRegistry( 1891): Notify data connection state changed on sub: 2
04-11 20:51:55.340 D/TelephonyRegistry( 1891): Notify data connection state changed on sub: 2
04-11 20:51:55.340 D/TelephonyRegistry( 1891): Notify data connection state changed on sub: 2
04-11 20:51:55.340 D/TelephonyRegistry( 1891): Notify data connection state changed on sub: 2
04-11 20:51:55.340 D/TelephonyRegistry( 1891): Notify data connection state changed on sub: 2
04-11 20:51:55.340 D/TelephonyRegistry( 1891): broadcastPreciseDataConnectionStateChanged():state=2, apnType=default, smCause=(0), reason=null
04-11 20:51:55.342 D/RILJ    ( 3447): [5467]> OPERATOR [SUB0]
04-11 20:51:55.344 D/RILJ    ( 3447): [5468]> DATA_REGISTRATION_STATE [SUB0]
04-11 20:51:55.345 D/RILC    (  370): SOCKET RIL_SOCKET_1 REQUEST: OPERATOR length:8
04-11 20:51:55.351 D/RILC    (  370): RequestComplete, RIL_SOCKET_1
04-11 20:51:55.351 E/RILC    (  370): Send Response to RIL_SOCKET_1
04-11 20:51:55.351 E/RILC    (  370): RIL Response bytes written:4
04-11 20:51:55.351 E/RILC    (  370): RIL Response bytes written:72
04-11 20:51:55.351 D/RILJ    ( 3447): [5467]< OPERATOR {Orange, Orange, 26003} [SUB0]
04-11 20:51:55.358 D/RILJ    ( 3447): [5469]> VOICE_REGISTRATION_STATE [SUB0]
