04-11 20:50:59.610 I/LG-FASTDORMANCY( 3447): [DCH/FACH] FDCount : 0 Scheduling checkNetStat for 1000msec, current state is [DCH/FACH] FDCount : 0 
04-11 20:51:00.340 D/QtiGsmDCT( 3447): [0]updateDataActivity: curTxRxSum={txSum=23518 rxSum=27714} preTxRxSum={txSum=23517 rxSum=27713}
04-11 20:51:00.340 D/QtiGsmDCT( 3447): [0]updateDataActivity: sent=1 received=1
04-11 20:51:00.340 D/QtiGsmDCT( 3447): [0]updateDataActivity: newActivity=DATAINANDOUT
04-11 20:51:00.348 D/QtiGsmDCT( 3447): [0]getDataEnabled: getIntWithSubId retVal=true
04-11 20:51:00.613 V/LG-FASTDORMANCY( 3447): [DCH/FACH] FDCount : 0 intent received :com.android.internal.telephony.ACTION_CHECK_NETSTAT
04-11 20:51:00.616 V/LG-FASTDORMANCY( 3447): [DCH/FACH] FDCount : 0 prev: TxPkts(23518), RxPkts(27714)
04-11 20:51:00.617 V/LG-FASTDORMANCY( 3447): [DCH/FACH] FDCount : 0 curr: TxPkts(23518), RxPkts(27714)
04-11 20:51:00.617 I/LG-FASTDORMANCY( 3447): [DCH/FACH] FDCount : 1 Scheduling checkNetStat for 1000msec, current state is [DCH/FACH] FDCount : 1 
04-11 20:51:01.345 D/QtiGsmDCT( 3447): [0]updateDataActivity: curTxRxSum={txSum=23518 rxSum=27714} preTxRxSum={txSum=23518 rxSum=27714}
04-11 20:51:01.346 D/QtiGsmDCT( 3447): [0]updateDataActivity: sent=0 received=0
04-11 20:51:01.346 D/QtiGsmDCT( 3447): [0]updateDataActivity: newActivity=NONE
04-11 20:51:01.352 D/QtiGsmDCT( 3447): [0]getDataEnabled: getIntWithSubId retVal=true
04-11 20:51:01.621 V/LG-FASTDORMANCY( 3447): [DCH/FACH] FDCount : 1 intent received :com.android.internal.telephony.ACTION_CHECK_NETSTAT
04-11 20:51:01.628 V/LG-FASTDORMANCY( 3447): [DCH/FACH] FDCount : 1 prev: TxPkts(23518), RxPkts(27714)
04-11 20:51:01.628 V/LG-FASTDORMANCY( 3447): [DCH/FACH] FDCount : 1 curr: TxPkts(23519), RxPkts(27714)
04-11 20:51:01.628 I/LG-FASTDORMANCY( 3447): [DCH/FACH] FDCount : 0 Scheduling checkNetStat for 1000msec, current state is [DCH/FACH] FDCount : 0 
04-11 20:51:01.764 I/RILC    (  370): RIL_SOCKET_1 UNSOLICITED: UNSOL_SIGNAL_STRENGTH length:68
04-11 20:51:01.764 E/RILC    (  370): Send Response to RIL_SOCKET_1
04-11 20:51:01.764 E/RILC    (  370): RIL Response bytes written:4
04-11 20:51:01.764 E/RILC    (  370): RIL Response bytes written:68
04-11 20:51:01.765 D/GsmSST  ( 3447): [GsmSST] ServiceStateTrackerEx:onSignalStrengthResult() isGsm=true DataRadioTech=15
04-11 20:51:01.765 W/LGSignalStrength( 3447): setDataRadioTechnology: dataRadioTechnology = 15
04-11 20:51:01.765 D/DefaultPhoneNotifier( 3447): notifySignalStrength: mRegistry=com.android.internal.telephony.ITelephonyRegistry$Stub$Proxy@ced2ad0 ss=SignalStrength: 16 0 -82 -50 -120 -1 -1 99 2147483647 2147483647 2147483647 2147483647 2147483647 gsm|lte 15 0 -82 -50 sender=Handler (com.qti.internal.telephony.gsm.QtiGSMPhone) {560d91e}
04-11 20:51:01.779 D/QtiGsmDCT( 3447): [0]getDataEnabled: getIntWithSubId retVal=true
04-11 20:51:02.353 D/QtiGsmDCT( 3447): [0]updateDataActivity: curTxRxSum={txSum=23520 rxSum=27716} preTxRxSum={txSum=23518 rxSum=27714}
04-11 20:51:02.353 D/QtiGsmDCT( 3447): [0]updateDataActivity: sent=2 received=2
04-11 20:51:02.353 D/QtiGsmDCT( 3447): [0]updateDataActivity: newActivity=DATAINANDOUT
04-11 20:51:02.361 D/QtiGsmDCT( 3447): [0]getDataEnabled: getIntWithSubId retVal=true
04-11 20:51:02.633 V/LG-FASTDORMANCY( 3447): [DCH/FACH] FDCount : 0 intent received :com.android.internal.telephony.ACTION_CHECK_NETSTAT
04-11 20:51:02.639 V/LG-FASTDORMANCY( 3447): [DCH/FACH] FDCount : 0 prev: TxPkts(23519), RxPkts(27714)
04-11 20:51:02.639 V/LG-FASTDORMANCY( 3447): [DCH/FACH] FDCount : 0 curr: TxPkts(23520), RxPkts(27716)
04-11 20:51:02.640 I/LG-FASTDORMANCY( 3447): [DCH/FACH] FDCount : 0 Scheduling checkNetStat for 1000msec, current state is [DCH/FACH] FDCount : 0 
04-11 20:51:03.359 D/QtiGsmDCT( 3447): [0]updateDataActivity: curTxRxSum={txSum=23520 rxSum=27716} preTxRxSum={txSum=23520 rxSum=27716}
04-11 20:51:03.360 D/QtiGsmDCT( 3447): [0]updateDataActivity: sent=0 received=0
04-11 20:51:03.360 D/QtiGsmDCT( 3447): [0]updateDataActivity: newActivity=NONE
04-11 20:51:03.366 D/QtiGsmDCT( 3447): [0]getDataEnabled: getIntWithSubId retVal=true
04-11 20:51:03.642 V/LG-FASTDORMANCY( 3447): [DCH/FACH] FDCount : 0 intent received :com.android.internal.telephony.ACTION_CHECK_NETSTAT
04-11 20:51:03.653 V/LG-FASTDORMANCY( 3447): [DCH/FACH] FDCount : 0 prev: TxPkts(23520), RxPkts(27716)
04-11 20:51:03.653 V/LG-FASTDORMANCY( 3447): [DCH/FACH] FDCount : 0 curr: TxPkts(23520), RxPkts(27716)
04-11 20:51:03.655 I/LG-FASTDORMANCY( 3447): [DCH/FACH] FDCount : 1 Scheduling checkNetStat for 1000msec, current state is [DCH/FACH] FDCount : 1 
04-11 20:51:04.366 D/QtiGsmDCT( 3447): [0]updateDataActivity: curTxRxSum={txSum=23520 rxSum=27716} preTxRxSum={txSum=23520 rxSum=27716}
04-11 20:51:04.366 D/QtiGsmDCT( 3447): [0]updateDataActivity: sent=0 received=0
04-11 20:51:04.658 V/LG-FASTDORMANCY( 3447): [DCH/FACH] FDCount : 1 intent received :com.android.internal.telephony.ACTION_CHECK_NETSTAT
04-11 20:51:04.668 V/LG-FASTDORMANCY( 3447): [DCH/FACH] FDCount : 1 prev: TxPkts(23520), RxPkts(27716)
04-11 20:51:04.668 V/LG-FASTDORMANCY( 3447): [DCH/FACH] FDCount : 1 curr: TxPkts(23520), RxPkts(27716)
04-11 20:51:04.670 I/LG-FASTDORMANCY( 3447): [DCH/FACH] FDCount : 2 Scheduling checkNetStat for 1000msec, current state is [DCH/FACH] FDCount : 2 
04-11 20:51:05.370 D/QtiGsmDCT( 3447): [0]updateDataActivity: curTxRxSum={txSum=23520 rxSum=27716} preTxRxSum={txSum=23520 rxSum=27716}
04-11 20:51:05.370 D/QtiGsmDCT( 3447): [0]updateDataActivity: sent=0 received=0
04-11 20:51:05.673 V/LG-FASTDORMANCY( 3447): [DCH/FACH] FDCount : 2 intent received :com.android.internal.telephony.ACTION_CHECK_NETSTAT
04-11 20:51:05.678 V/LG-FASTDORMANCY( 3447): [DCH/FACH] FDCount : 2 prev: TxPkts(23520), RxPkts(27716)
04-11 20:51:05.678 V/LG-FASTDORMANCY( 3447): [DCH/FACH] FDCount : 2 curr: TxPkts(23520), RxPkts(27716)
04-11 20:51:05.683 I/LG-FASTDORMANCY( 3447): [DCH/FACH] FDCount : 3 Scheduling checkNetStat for 1000msec, current state is [DCH/FACH] FDCount : 3 
04-11 20:51:06.373 D/QtiGsmDCT( 3447): [0]updateDataActivity: curTxRxSum={txSum=23520 rxSum=27716} preTxRxSum={txSum=23520 rxSum=27716}
04-11 20:51:06.373 D/QtiGsmDCT( 3447): [0]updateDataActivity: sent=0 received=0
04-11 20:51:06.688 V/LG-FASTDORMANCY( 3447): [DCH/FACH] FDCount : 3 intent received :com.android.internal.telephony.ACTION_CHECK_NETSTAT
04-11 20:51:06.692 V/LG-FASTDORMANCY( 3447): [DCH/FACH] FDCount : 3 prev: TxPkts(23520), RxPkts(27716)
04-11 20:51:06.693 V/LG-FASTDORMANCY( 3447): [DCH/FACH] FDCount : 3 curr: TxPkts(23520), RxPkts(27716)
04-11 20:51:06.694 I/LG-FASTDORMANCY( 3447): [DCH/FACH] FDCount : 4 Scheduling checkNetStat for 1000msec, current state is [DCH/FACH] FDCount : 4 
04-11 20:51:07.376 D/QtiGsmDCT( 3447): [0]updateDataActivity: curTxRxSum={txSum=23520 rxSum=27716} preTxRxSum={txSum=23520 rxSum=27716}
04-11 20:51:07.376 D/QtiGsmDCT( 3447): [0]updateDataActivity: sent=0 received=0
04-11 20:51:07.719 V/LG-FASTDORMANCY( 3447): [DCH/FACH] FDCount : 4 intent received :com.android.internal.telephony.ACTION_CHECK_NETSTAT
04-11 20:51:07.722 V/LG-FASTDORMANCY( 3447): [DCH/FACH] FDCount : 4 prev: TxPkts(23520), RxPkts(27716)
04-11 20:51:07.722 V/LG-FASTDORMANCY( 3447): [DCH/FACH] FDCount : 4 curr: TxPkts(23520), RxPkts(27716)
04-11 20:51:07.723 I/LG-FASTDORMANCY( 3447): [DCH/FACH] FDCount : 5 Scheduling checkNetStat for 1000msec, current state is [DCH/FACH] FDCount : 5 
04-11 20:51:08.179 D/SubscriptionManager(14172): SubscriptionManager created
04-11 20:51:08.380 D/QtiGsmDCT( 3447): [0]updateDataActivity: curTxRxSum={txSum=23528 rxSum=27722} preTxRxSum={txSum=23520 rxSum=27716}
04-11 20:51:08.380 D/QtiGsmDCT( 3447): [0]updateDataActivity: sent=8 received=6
04-11 20:51:08.380 D/QtiGsmDCT( 3447): [0]updateDataActivity: newActivity=DATAINANDOUT
04-11 20:51:08.386 D/QtiGsmDCT( 3447): [0]getDataEnabled: getIntWithSubId retVal=true
04-11 20:51:08.743 V/LG-FASTDORMANCY( 3447): [DCH/FACH] FDCount : 5 intent received :com.android.internal.telephony.ACTION_CHECK_NETSTAT
04-11 20:51:08.746 V/LG-FASTDORMANCY( 3447): [DCH/FACH] FDCount : 5 prev: TxPkts(23520), RxPkts(27716)
04-11 20:51:08.746 V/LG-FASTDORMANCY( 3447): [DCH/FACH] FDCount : 5 curr: TxPkts(23558), RxPkts(27748)
04-11 20:51:08.747 I/LG-FASTDORMANCY( 3447): [DCH/FACH] FDCount : 0 Scheduling checkNetStat for 1000msec, current state is [DCH/FACH] FDCount : 0 
04-11 20:51:09.386 D/QtiGsmDCT( 3447): [0]updateDataActivity: curTxRxSum={txSum=23628 rxSum=27814} preTxRxSum={txSum=23528 rxSum=27722}
04-11 20:51:09.386 D/QtiGsmDCT( 3447): [0]updateDataActivity: sent=100 received=92
04-11 20:51:09.754 V/LG-FASTDORMANCY( 3447): [DCH/FACH] FDCount : 0 intent received :com.android.internal.telephony.ACTION_CHECK_NETSTAT
04-11 20:51:09.757 V/LG-FASTDORMANCY( 3447): [DCH/FACH] FDCount : 0 prev: TxPkts(23558), RxPkts(27748)
04-11 20:51:09.757 V/LG-FASTDORMANCY( 3447): [DCH/FACH] FDCount : 0 curr: TxPkts(23662), RxPkts(27880)
04-11 20:51:09.758 I/LG-FASTDORMANCY( 3447): [DCH/FACH] FDCount : 0 Scheduling checkNetStat for 1000msec, current state is [DCH/FACH] FDCount : 0 
04-11 20:51:10.390 D/QtiGsmDCT( 3447): [0]updateDataActivity: curTxRxSum={txSum=23662 rxSum=27880} preTxRxSum={txSum=23628 rxSum=27814}
04-11 20:51:10.390 D/QtiGsmDCT( 3447): [0]updateDataActivity: sent=34 received=66
04-11 20:51:10.760 V/LG-FASTDORMANCY( 3447): [DCH/FACH] FDCount : 0 intent received :com.android.internal.telephony.ACTION_CHECK_NETSTAT
04-11 20:51:10.764 V/LG-FASTDORMANCY( 3447): [DCH/FACH] FDCount : 0 prev: TxPkts(23662), RxPkts(27880)
04-11 20:51:10.764 V/LG-FASTDORMANCY( 3447): [DCH/FACH] FDCount : 0 curr: TxPkts(23662), RxPkts(27880)
04-11 20:51:10.764 I/LG-FASTDORMANCY( 3447): [DCH/FACH] FDCount : 1 Scheduling checkNetStat for 1000msec, current state is [DCH/FACH] FDCount : 1 
04-11 20:51:11.393 D/QtiGsmDCT( 3447): [0]updateDataActivity: curTxRxSum={txSum=23662 rxSum=27880} preTxRxSum={txSum=23662 rxSum=27880}
04-11 20:51:11.393 D/QtiGsmDCT( 3447): [0]updateDataActivity: sent=0 received=0
04-11 20:51:11.393 D/QtiGsmDCT( 3447): [0]updateDataActivity: newActivity=NONE
04-11 20:51:11.399 D/QtiGsmDCT( 3447): [0]getDataEnabled: getIntWithSubId retVal=true
04-11 20:51:11.768 V/LG-FASTDORMANCY( 3447): [DCH/FACH] FDCount : 1 intent received :com.android.internal.telephony.ACTION_CHECK_NETSTAT
04-11 20:51:11.771 V/LG-FASTDORMANCY( 3447): [DCH/FACH] FDCount : 1 prev: TxPkts(23662), RxPkts(27880)
04-11 20:51:11.772 V/LG-FASTDORMANCY( 3447): [DCH/FACH] FDCount : 1 curr: TxPkts(23662), RxPkts(27880)
04-11 20:51:11.773 I/LG-FASTDORMANCY( 3447): [DCH/FACH] FDCount : 2 Scheduling checkNetStat for 1000msec, current state is [DCH/FACH] FDCount : 2 
04-11 20:51:12.400 D/QtiGsmDCT( 3447): [0]updateDataActivity: curTxRxSum={txSum=23675 rxSum=27891} preTxRxSum={txSum=23662 rxSum=27880}
04-11 20:51:12.400 D/QtiGsmDCT( 3447): [0]updateDataActivity: sent=13 received=11
04-11 20:51:12.400 D/QtiGsmDCT( 3447): [0]updateDataActivity: newActivity=DATAINANDOUT
04-11 20:51:12.407 D/QtiGsmDCT( 3447): [0]getDataEnabled: getIntWithSubId retVal=true
04-11 20:51:12.775 V/LG-FASTDORMANCY( 3447): [DCH/FACH] FDCount : 2 intent received :com.android.internal.telephony.ACTION_CHECK_NETSTAT
04-11 20:51:12.779 V/LG-FASTDORMANCY( 3447): [DCH/FACH] FDCount : 2 prev: TxPkts(23662), RxPkts(27880)
04-11 20:51:12.779 V/LG-FASTDORMANCY( 3447): [DCH/FACH] FDCount : 2 curr: TxPkts(23675), RxPkts(27891)
04-11 20:51:12.780 I/LG-FASTDORMANCY( 3447): [DCH/FACH] FDCount : 0 Scheduling checkNetStat for 1000msec, current state is [DCH/FACH] FDCount : 0 
04-11 20:51:13.405 D/QtiGsmDCT( 3447): [0]updateDataActivity: curTxRxSum={txSum=23728 rxSum=27989} preTxRxSum={txSum=23675 rxSum=27891}
04-11 20:51:13.405 D/QtiGsmDCT( 3447): [0]updateDataActivity: sent=53 received=98
04-11 20:51:13.782 V/LG-FASTDORMANCY( 3447): [DCH/FACH] FDCount : 0 intent received :com.android.internal.telephony.ACTION_CHECK_NETSTAT
04-11 20:51:13.786 V/LG-FASTDORMANCY( 3447): [DCH/FACH] FDCount : 0 prev: TxPkts(23675), RxPkts(27891)
04-11 20:51:13.786 V/LG-FASTDORMANCY( 3447): [DCH/FACH] FDCount : 0 curr: TxPkts(23870), RxPkts(28122)
04-11 20:51:13.787 I/LG-FASTDORMANCY( 3447): [DCH/FACH] FDCount : 0 Scheduling checkNetStat for 1000msec, current state is [DCH/FACH] FDCount : 0 
04-11 20:51:14.408 D/QtiGsmDCT( 3447): [0]updateDataActivity: curTxRxSum={txSum=24159 rxSum=28414} preTxRxSum={txSum=23728 rxSum=27989}
04-11 20:51:14.408 D/QtiGsmDCT( 3447): [0]updateDataActivity: sent=431 received=425
04-11 20:51:14.790 V/LG-FASTDORMANCY( 3447): [DCH/FACH] FDCount : 0 intent received :com.android.internal.telephony.ACTION_CHECK_NETSTAT
04-11 20:51:14.794 V/LG-FASTDORMANCY( 3447): [DCH/FACH] FDCount : 0 prev: TxPkts(23870), RxPkts(28122)
04-11 20:51:14.794 V/LG-FASTDORMANCY( 3447): [DCH/FACH] FDCount : 0 curr: TxPkts(24358), RxPkts(28608)
04-11 20:51:14.795 I/LG-FASTDORMANCY( 3447): [DCH/FACH] FDCount : 0 Scheduling checkNetStat for 1000msec, current state is [DCH/FACH] FDCount : 0 
04-11 20:51:15.420 D/QtiGsmDCT( 3447): [0]updateDataActivity: curTxRxSum={txSum=24556 rxSum=28864} preTxRxSum={txSum=24159 rxSum=28414}
04-11 20:51:15.420 D/QtiGsmDCT( 3447): [0]updateDataActivity: sent=397 received=450
04-11 20:51:15.800 V/LG-FASTDORMANCY( 3447): [DCH/FACH] FDCount : 0 intent received :com.android.internal.telephony.ACTION_CHECK_NETSTAT
04-11 20:51:15.807 V/LG-FASTDORMANCY( 3447): [DCH/FACH] FDCount : 0 prev: TxPkts(24358), RxPkts(28608)
04-11 20:51:15.807 V/LG-FASTDORMANCY( 3447): [DCH/FACH] FDCount : 0 curr: TxPkts(24596), RxPkts(28910)
04-11 20:51:15.808 I/LG-FASTDORMANCY( 3447): [DCH/FACH] FDCount : 0 Scheduling checkNetStat for 1000msec, current state is [DCH/FACH] FDCount : 0 
04-11 20:51:16.424 D/QtiGsmDCT( 3447): [0]updateDataActivity: curTxRxSum={txSum=24765 rxSum=29070} preTxRxSum={txSum=24556 rxSum=28864}
04-11 20:51:16.424 D/QtiGsmDCT( 3447): [0]updateDataActivity: sent=209 received=206
04-11 20:51:16.811 V/LG-FASTDORMANCY( 3447): [DCH/FACH] FDCount : 0 intent received :com.android.internal.telephony.ACTION_CHECK_NETSTAT
04-11 20:51:16.814 V/LG-FASTDORMANCY( 3447): [DCH/FACH] FDCount : 0 prev: TxPkts(24596), RxPkts(28910)
04-11 20:51:16.814 V/LG-FASTDORMANCY( 3447): [DCH/FACH] FDCount : 0 curr: TxPkts(24932), RxPkts(29240)
04-11 20:51:16.815 I/LG-FASTDORMANCY( 3447): [DCH/FACH] FDCount : 0 Scheduling checkNetStat for 1000msec, current state is [DCH/FACH] FDCount : 0 
04-11 20:51:17.428 D/QtiGsmDCT( 3447): [0]updateDataActivity: curTxRxSum={txSum=25242 rxSum=29551} preTxRxSum={txSum=24765 rxSum=29070}
04-11 20:51:17.428 D/QtiGsmDCT( 3447): [0]updateDataActivity: sent=477 received=481
04-11 20:51:17.819 V/LG-FASTDORMANCY( 3447): [DCH/FACH] FDCount : 0 intent received :com.android.internal.telephony.ACTION_CHECK_NETSTAT
04-11 20:51:17.822 V/LG-FASTDORMANCY( 3447): [DCH/FACH] FDCount : 0 prev: TxPkts(24932), RxPkts(29240)
04-11 20:51:17.822 V/LG-FASTDORMANCY( 3447): [DCH/FACH] FDCount : 0 curr: TxPkts(25438), RxPkts(29747)
04-11 20:51:17.823 I/LG-FASTDORMANCY( 3447): [DCH/FACH] FDCount : 0 Scheduling checkNetStat for 1000msec, current state is [DCH/FACH] FDCount : 0 
04-11 20:51:18.433 D/QtiGsmDCT( 3447): [0]updateDataActivity: curTxRxSum={txSum=25791 rxSum=30098} preTxRxSum={txSum=25242 rxSum=29551}
04-11 20:51:18.433 D/QtiGsmDCT( 3447): [0]updateDataActivity: sent=549 received=547
04-11 20:51:18.826 V/LG-FASTDORMANCY( 3447): [DCH/FACH] FDCount : 0 intent received :com.android.internal.telephony.ACTION_CHECK_NETSTAT
04-11 20:51:18.830 V/LG-FASTDORMANCY( 3447): [DCH/FACH] FDCount : 0 prev: TxPkts(25438), RxPkts(29747)
04-11 20:51:18.830 V/LG-FASTDORMANCY( 3447): [DCH/FACH] FDCount : 0 curr: TxPkts(25932), RxPkts(30244)
04-11 20:51:18.831 I/LG-FASTDORMANCY( 3447): [DCH/FACH] FDCount : 0 Scheduling checkNetStat for 1000msec, current state is [DCH/FACH] FDCount : 0 
04-11 20:51:19.439 D/QtiGsmDCT( 3447): [0]updateDataActivity: curTxRxSum={txSum=25951 rxSum=30258} preTxRxSum={txSum=25791 rxSum=30098}
04-11 20:51:19.439 D/QtiGsmDCT( 3447): [0]updateDataActivity: sent=160 received=160
04-11 20:51:19.838 V/LG-FASTDORMANCY( 3447): [DCH/FACH] FDCount : 0 intent received :com.android.internal.telephony.ACTION_CHECK_NETSTAT
04-11 20:51:19.844 V/LG-FASTDORMANCY( 3447): [DCH/FACH] FDCount : 0 prev: TxPkts(25932), RxPkts(30244)
04-11 20:51:19.844 V/LG-FASTDORMANCY( 3447): [DCH/FACH] FDCount : 0 curr: TxPkts(25953), RxPkts(30264)
04-11 20:51:19.846 I/LG-FASTDORMANCY( 3447): [DCH/FACH] FDCount : 0 Scheduling checkNetStat for 1000msec, current state is [DCH/FACH] FDCount : 0 
04-11 20:51:20.443 D/QtiGsmDCT( 3447): [0]updateDataActivity: curTxRxSum={txSum=25953 rxSum=30264} preTxRxSum={txSum=25951 rxSum=30258}
04-11 20:51:20.443 D/QtiGsmDCT( 3447): [0]updateDataActivity: sent=2 received=6
04-11 20:51:20.851 V/LG-FASTDORMANCY( 3447): [DCH/FACH] FDCount : 0 intent received :com.android.internal.telephony.ACTION_CHECK_NETSTAT
04-11 20:51:20.855 V/LG-FASTDORMANCY( 3447): [DCH/FACH] FDCount : 0 prev: TxPkts(25953), RxPkts(30264)
04-11 20:51:20.855 V/LG-FASTDORMANCY( 3447): [DCH/FACH] FDCount : 0 curr: TxPkts(25953), RxPkts(30264)
04-11 20:51:20.856 I/LG-FASTDORMANCY( 3447): [DCH/FACH] FDCount : 1 Scheduling checkNetStat for 1000msec, current state is [DCH/FACH] FDCount : 1 
04-11 20:51:21.448 D/QtiGsmDCT( 3447): [0]updateDataActivity: curTxRxSum={txSum=25953 rxSum=30264} preTxRxSum={txSum=25953 rxSum=30264}
04-11 20:51:21.448 D/QtiGsmDCT( 3447): [0]updateDataActivity: sent=0 received=0
04-11 20:51:21.448 D/QtiGsmDCT( 3447): [0]updateDataActivity: newActivity=NONE
04-11 20:51:21.454 D/QtiGsmDCT( 3447): [0]getDataEnabled: getIntWithSubId retVal=true
04-11 20:51:21.859 V/LG-FASTDORMANCY( 3447): [DCH/FACH] FDCount : 1 intent received :com.android.internal.telephony.ACTION_CHECK_NETSTAT
04-11 20:51:21.865 V/LG-FASTDORMANCY( 3447): [DCH/FACH] FDCount : 1 prev: TxPkts(25953), RxPkts(30264)
04-11 20:51:21.865 V/LG-FASTDORMANCY( 3447): [DCH/FACH] FDCount : 1 curr: TxPkts(25953), RxPkts(30264)
04-11 20:51:21.866 I/LG-FASTDORMANCY( 3447): [DCH/FACH] FDCount : 2 Scheduling checkNetStat for 1000msec, current state is [DCH/FACH] FDCount : 2 
04-11 20:51:22.456 D/QtiGsmDCT( 3447): [0]updateDataActivity: curTxRxSum={txSum=25953 rxSum=30264} preTxRxSum={txSum=25953 rxSum=30264}
04-11 20:51:22.456 D/QtiGsmDCT( 3447): [0]updateDataActivity: sent=0 received=0
04-11 20:51:22.869 V/LG-FASTDORMANCY( 3447): [DCH/FACH] FDCount : 2 intent received :com.android.internal.telephony.ACTION_CHECK_NETSTAT
04-11 20:51:22.874 V/LG-FASTDORMANCY( 3447): [DCH/FACH] FDCount : 2 prev: TxPkts(25953), RxPkts(30264)
04-11 20:51:22.874 V/LG-FASTDORMANCY( 3447): [DCH/FACH] FDCount : 2 curr: TxPkts(25953), RxPkts(30264)
04-11 20:51:22.875 I/LG-FASTDORMANCY( 3447): [DCH/FACH] FDCount : 3 Scheduling checkNetStat for 1000msec, current state is [DCH/FACH] FDCount : 3 
04-11 20:51:23.459 D/QtiGsmDCT( 3447): [0]updateDataActivity: curTxRxSum={txSum=25953 rxSum=30264} preTxRxSum={txSum=25953 rxSum=30264}
04-11 20:51:23.459 D/QtiGsmDCT( 3447): [0]updateDataActivity: sent=0 received=0
04-11 20:51:23.878 V/LG-FASTDORMANCY( 3447): [DCH/FACH] FDCount : 3 intent received :com.android.internal.telephony.ACTION_CHECK_NETSTAT
04-11 20:51:23.884 V/LG-FASTDORMANCY( 3447): [DCH/FACH] FDCount : 3 prev: TxPkts(25953), RxPkts(30264)
04-11 20:51:23.884 V/LG-FASTDORMANCY( 3447): [DCH/FACH] FDCount : 3 curr: TxPkts(25955), RxPkts(30266)
04-11 20:51:23.885 I/LG-FASTDORMANCY( 3447): [DCH/FACH] FDCount : 0 Scheduling checkNetStat for 1000msec, current state is [DCH/FACH] FDCount : 0 
04-11 20:51:24.463 D/QtiGsmDCT( 3447): [0]updateDataActivity: curTxRxSum={txSum=25964 rxSum=30275} preTxRxSum={txSum=25953 rxSum=30264}
04-11 20:51:24.463 D/QtiGsmDCT( 3447): [0]updateDataActivity: sent=11 received=11
04-11 20:51:24.463 D/QtiGsmDCT( 3447): [0]updateDataActivity: newActivity=DATAINANDOUT
04-11 20:51:24.472 D/QtiGsmDCT( 3447): [0]getDataEnabled: getIntWithSubId retVal=true
04-11 20:51:24.890 V/LG-FASTDORMANCY( 3447): [DCH/FACH] FDCount : 0 intent received :com.android.internal.telephony.ACTION_CHECK_NETSTAT
04-11 20:51:24.893 V/LG-FASTDORMANCY( 3447): [DCH/FACH] FDCount : 0 prev: TxPkts(25955), RxPkts(30266)
04-11 20:51:24.894 V/LG-FASTDORMANCY( 3447): [DCH/FACH] FDCount : 0 curr: TxPkts(25965), RxPkts(30275)
04-11 20:51:24.894 I/LG-FASTDORMANCY( 3447): [DCH/FACH] FDCount : 0 Scheduling checkNetStat for 1000msec, current state is [DCH/FACH] FDCount : 0 
04-11 20:51:25.471 D/QtiGsmDCT( 3447): [0]updateDataActivity: curTxRxSum={txSum=25965 rxSum=30275} preTxRxSum={txSum=25964 rxSum=30275}
04-11 20:51:25.471 D/QtiGsmDCT( 3447): [0]updateDataActivity: sent=1 received=0
04-11 20:51:25.472 D/QtiGsmDCT( 3447): [0]updateDataActivity: newActivity=DATAOUT
04-11 20:51:25.480 D/QtiGsmDCT( 3447): [0]getDataEnabled: getIntWithSubId retVal=true
04-11 20:51:25.898 V/LG-FASTDORMANCY( 3447): [DCH/FACH] FDCount : 0 intent received :com.android.internal.telephony.ACTION_CHECK_NETSTAT
04-11 20:51:25.904 V/LG-FASTDORMANCY( 3447): [DCH/FACH] FDCount : 0 prev: TxPkts(25965), RxPkts(30275)
04-11 20:51:25.904 V/LG-FASTDORMANCY( 3447): [DCH/FACH] FDCount : 0 curr: TxPkts(25965), RxPkts(30275)
04-11 20:51:25.905 I/LG-FASTDORMANCY( 3447): [DCH/FACH] FDCount : 1 Scheduling checkNetStat for 1000msec, current state is [DCH/FACH] FDCount : 1 
04-11 20:51:26.477 D/QtiGsmDCT( 3447): [0]updateDataActivity: curTxRxSum={txSum=25965 rxSum=30275} preTxRxSum={txSum=25965 rxSum=30275}
04-11 20:51:26.478 D/QtiGsmDCT( 3447): [0]updateDataActivity: sent=0 received=0
04-11 20:51:26.478 D/QtiGsmDCT( 3447): [0]updateDataActivity: newActivity=NONE
04-11 20:51:26.484 D/QtiGsmDCT( 3447): [0]getDataEnabled: getIntWithSubId retVal=true
04-11 20:51:26.909 V/LG-FASTDORMANCY( 3447): [DCH/FACH] FDCount : 1 intent received :com.android.internal.telephony.ACTION_CHECK_NETSTAT
04-11 20:51:26.916 V/LG-FASTDORMANCY( 3447): [DCH/FACH] FDCount : 1 prev: TxPkts(25965), RxPkts(30275)
04-11 20:51:26.916 V/LG-FASTDORMANCY( 3447): [DCH/FACH] FDCount : 1 curr: TxPkts(25965), RxPkts(30275)
04-11 20:51:26.917 I/LG-FASTDORMANCY( 3447): [DCH/FACH] FDCount : 2 Scheduling checkNetStat for 1000msec, current state is [DCH/FACH] FDCount : 2 
04-11 20:51:27.484 D/QtiGsmDCT( 3447): [0]updateDataActivity: curTxRxSum={txSum=25965 rxSum=30275} preTxRxSum={txSum=25965 rxSum=30275}
04-11 20:51:27.484 D/QtiGsmDCT( 3447): [0]updateDataActivity: sent=0 received=0
04-11 20:51:27.921 V/LG-FASTDORMANCY( 3447): [DCH/FACH] FDCount : 2 intent received :com.android.internal.telephony.ACTION_CHECK_NETSTAT
04-11 20:51:27.925 V/LG-FASTDORMANCY( 3447): [DCH/FACH] FDCount : 2 prev: TxPkts(25965), RxPkts(30275)
04-11 20:51:27.925 V/LG-FASTDORMANCY( 3447): [DCH/FACH] FDCount : 2 curr: TxPkts(25965), RxPkts(30275)
04-11 20:51:27.926 I/LG-FASTDORMANCY( 3447): [DCH/FACH] FDCount : 3 Scheduling checkNetStat for 1000msec, current state is [DCH/FACH] FDCount : 3 
04-11 20:51:28.488 D/QtiGsmDCT( 3447): [0]updateDataActivity: curTxRxSum={txSum=25965 rxSum=30275} preTxRxSum={txSum=25965 rxSum=30275}
04-11 20:51:28.488 D/QtiGsmDCT( 3447): [0]updateDataActivity: sent=0 received=0
04-11 20:51:28.929 V/LG-FASTDORMANCY( 3447): [DCH/FACH] FDCount : 3 intent received :com.android.internal.telephony.ACTION_CHECK_NETSTAT
04-11 20:51:28.933 V/LG-FASTDORMANCY( 3447): [DCH/FACH] FDCount : 3 prev: TxPkts(25965), RxPkts(30275)
04-11 20:51:28.933 V/LG-FASTDORMANCY( 3447): [DCH/FACH] FDCount : 3 curr: TxPkts(25965), RxPkts(30275)
04-11 20:51:28.934 I/LG-FASTDORMANCY( 3447): [DCH/FACH] FDCount : 4 Scheduling checkNetStat for 1000msec, current state is [DCH/FACH] FDCount : 4 
04-11 20:51:29.492 D/QtiGsmDCT( 3447): [0]updateDataActivity: curTxRxSum={txSum=25965 rxSum=30277} preTxRxSum={txSum=25965 rxSum=30275}
04-11 20:51:29.492 D/QtiGsmDCT( 3447): [0]updateDataActivity: sent=0 received=2
04-11 20:51:29.492 D/QtiGsmDCT( 3447): [0]updateDataActivity: newActivity=DATAIN
04-11 20:51:29.499 D/QtiGsmDCT( 3447): [0]getDataEnabled: getIntWithSubId retVal=true
04-11 20:51:29.938 V/LG-FASTDORMANCY( 3447): [DCH/FACH] FDCount : 4 intent received :com.android.internal.telephony.ACTION_CHECK_NETSTAT
04-11 20:51:29.942 V/LG-FASTDORMANCY( 3447): [DCH/FACH] FDCount : 4 prev: TxPkts(25965), RxPkts(30275)
04-11 20:51:29.942 V/LG-FASTDORMANCY( 3447): [DCH/FACH] FDCount : 4 curr: TxPkts(25965), RxPkts(30277)
04-11 20:51:29.942 I/LG-FASTDORMANCY( 3447): [DCH/FACH] FDCount : 0 Scheduling checkNetStat for 1000msec, current state is [DCH/FACH] FDCount : 0 
04-11 20:51:30.499 D/QtiGsmDCT( 3447): [0]updateDataActivity: curTxRxSum={txSum=25965 rxSum=30277} preTxRxSum={txSum=25965 rxSum=30277}
04-11 20:51:30.499 D/QtiGsmDCT( 3447): [0]updateDataActivity: sent=0 received=0
04-11 20:51:30.499 D/QtiGsmDCT( 3447): [0]updateDataActivity: newActivity=NONE
04-11 20:51:30.512 D/QtiGsmDCT( 3447): [0]getDataEnabled: getIntWithSubId retVal=true
04-11 20:51:30.946 V/LG-FASTDORMANCY( 3447): [DCH/FACH] FDCount : 0 intent received :com.android.internal.telephony.ACTION_CHECK_NETSTAT
04-11 20:51:30.950 V/LG-FASTDORMANCY( 3447): [DCH/FACH] FDCount : 0 prev: TxPkts(25965), RxPkts(30277)
04-11 20:51:30.950 V/LG-FASTDORMANCY( 3447): [DCH/FACH] FDCount : 0 curr: TxPkts(25965), RxPkts(30277)
04-11 20:51:30.951 I/LG-FASTDORMANCY( 3447): [DCH/FACH] FDCount : 1 Scheduling checkNetStat for 1000msec, current state is [DCH/FACH] FDCount : 1 
04-11 20:51:31.506 D/QtiGsmDCT( 3447): [0]updateDataActivity: curTxRxSum={txSum=25965 rxSum=30277} preTxRxSum={txSum=25965 rxSum=30277}
04-11 20:51:31.506 D/QtiGsmDCT( 3447): [0]updateDataActivity: sent=0 received=0
04-11 20:51:31.956 V/LG-FASTDORMANCY( 3447): [DCH/FACH] FDCount : 1 intent received :com.android.internal.telephony.ACTION_CHECK_NETSTAT
04-11 20:51:31.960 V/LG-FASTDORMANCY( 3447): [DCH/FACH] FDCount : 1 prev: TxPkts(25965), RxPkts(30277)
04-11 20:51:31.960 V/LG-FASTDORMANCY( 3447): [DCH/FACH] FDCount : 1 curr: TxPkts(25965), RxPkts(30277)
04-11 20:51:31.960 I/LG-FASTDORMANCY( 3447): [DCH/FACH] FDCount : 2 Scheduling checkNetStat for 1000msec, current state is [DCH/FACH] FDCount : 2 
04-11 20:51:32.511 D/QtiGsmDCT( 3447): [0]updateDataActivity: curTxRxSum={txSum=25965 rxSum=30277} preTxRxSum={txSum=25965 rxSum=30277}
04-11 20:51:32.511 D/QtiGsmDCT( 3447): [0]updateDataActivity: sent=0 received=0
04-11 20:51:32.964 V/LG-FASTDORMANCY( 3447): [DCH/FACH] FDCount : 2 intent received :com.android.internal.telephony.ACTION_CHECK_NETSTAT
04-11 20:51:32.969 V/LG-FASTDORMANCY( 3447): [DCH/FACH] FDCount : 2 prev: TxPkts(25965), RxPkts(30277)
04-11 20:51:32.969 V/LG-FASTDORMANCY( 3447): [DCH/FACH] FDCount : 2 curr: TxPkts(25965), RxPkts(30277)
04-11 20:51:32.970 I/LG-FASTDORMANCY( 3447): [DCH/FACH] FDCount : 3 Scheduling checkNetStat for 1000msec, current state is [DCH/FACH] FDCount : 3 
04-11 20:51:33.515 D/QtiGsmDCT( 3447): [0]updateDataActivity: curTxRxSum={txSum=25965 rxSum=30277} preTxRxSum={txSum=25965 rxSum=30277}
04-11 20:51:33.515 D/QtiGsmDCT( 3447): [0]updateDataActivity: sent=0 received=0
04-11 20:51:33.973 V/LG-FASTDORMANCY( 3447): [DCH/FACH] FDCount : 3 intent received :com.android.internal.telephony.ACTION_CHECK_NETSTAT
04-11 20:51:33.980 V/LG-FASTDORMANCY( 3447): [DCH/FACH] FDCount : 3 prev: TxPkts(25965), RxPkts(30277)
04-11 20:51:33.980 V/LG-FASTDORMANCY( 3447): [DCH/FACH] FDCount : 3 curr: TxPkts(25965), RxPkts(30277)
04-11 20:51:33.981 I/LG-FASTDORMANCY( 3447): [DCH/FACH] FDCount : 4 Scheduling checkNetStat for 1000msec, current state is [DCH/FACH] FDCount : 4 
04-11 20:51:34.519 D/QtiGsmDCT( 3447): [0]updateDataActivity: curTxRxSum={txSum=25965 rxSum=30277} preTxRxSum={txSum=25965 rxSum=30277}
04-11 20:51:34.519 D/QtiGsmDCT( 3447): [0]updateDataActivity: sent=0 received=0
04-11 20:51:34.984 V/LG-FASTDORMANCY( 3447): [DCH/FACH] FDCount : 4 intent received :com.android.internal.telephony.ACTION_CHECK_NETSTAT
04-11 20:51:34.989 V/LG-FASTDORMANCY( 3447): [DCH/FACH] FDCount : 4 prev: TxPkts(25965), RxPkts(30277)
04-11 20:51:34.989 V/LG-FASTDORMANCY( 3447): [DCH/FACH] FDCount : 4 curr: TxPkts(25965), RxPkts(30277)
04-11 20:51:34.990 I/LG-FASTDORMANCY( 3447): [DCH/FACH] FDCount : 5 Scheduling checkNetStat for 1000msec, current state is [DCH/FACH] FDCount : 5 
04-11 20:51:35.524 D/QtiGsmDCT( 3447): [0]updateDataActivity: curTxRxSum={txSum=25965 rxSum=30277} preTxRxSum={txSum=25965 rxSum=30277}
04-11 20:51:35.524 D/QtiGsmDCT( 3447): [0]updateDataActivity: sent=0 received=0
04-11 20:51:35.993 V/LG-FASTDORMANCY( 3447): [DCH/FACH] FDCount : 5 intent received :com.android.internal.telephony.ACTION_CHECK_NETSTAT
04-11 20:51:35.996 V/LG-FASTDORMANCY( 3447): [DCH/FACH] FDCount : 5 prev: TxPkts(25965), RxPkts(30277)
04-11 20:51:35.996 V/LG-FASTDORMANCY( 3447): [DCH/FACH] FDCount : 5 curr: TxPkts(25965), RxPkts(30277)
04-11 20:51:35.997 I/LG-FASTDORMANCY( 3447): [DCH/FACH] FDCount : 6 Scheduling checkNetStat for 1000msec, current state is [DCH/FACH] FDCount : 6 
04-11 20:51:36.528 D/QtiGsmDCT( 3447): [0]updateDataActivity: curTxRxSum={txSum=25965 rxSum=30277} preTxRxSum={txSum=25965 rxSum=30277}
04-11 20:51:36.528 D/QtiGsmDCT( 3447): [0]updateDataActivity: sent=0 received=0
04-11 20:51:37.001 V/LG-FASTDORMANCY( 3447): [DCH/FACH] FDCount : 6 intent received :com.android.internal.telephony.ACTION_CHECK_NETSTAT
04-11 20:51:37.007 V/LG-FASTDORMANCY( 3447): [DCH/FACH] FDCount : 6 prev: TxPkts(25965), RxPkts(30277)
04-11 20:51:37.007 V/LG-FASTDORMANCY( 3447): [DCH/FACH] FDCount : 6 curr: TxPkts(25965), RxPkts(30277)
04-11 20:51:37.007 I/LG-FASTDORMANCY( 3447): [DCH/FACH] FDCount : 7 Scheduling checkNetStat for 1000msec, current state is [DCH/FACH] FDCount : 7 
04-11 20:51:37.531 D/QtiGsmDCT( 3447): [0]updateDataActivity: curTxRxSum={txSum=25965 rxSum=30277} preTxRxSum={txSum=25965 rxSum=30277}
04-11 20:51:37.531 D/QtiGsmDCT( 3447): [0]updateDataActivity: sent=0 received=0
04-11 20:51:38.011 V/LG-FASTDORMANCY( 3447): [DCH/FACH] FDCount : 7 intent received :com.android.internal.telephony.ACTION_CHECK_NETSTAT
04-11 20:51:38.017 V/LG-FASTDORMANCY( 3447): [DCH/FACH] FDCount : 7 prev: TxPkts(25965), RxPkts(30277)
04-11 20:51:38.017 V/LG-FASTDORMANCY( 3447): [DCH/FACH] FDCount : 7 curr: TxPkts(25965), RxPkts(30277)
04-11 20:51:38.018 I/LG-FASTDORMANCY( 3447): [DCH/FACH] FDCount : 8 Scheduling checkNetStat for 1000msec, current state is [DCH/FACH] FDCount : 8 
04-11 20:51:38.536 D/QtiGsmDCT( 3447): [0]updateDataActivity: curTxRxSum={txSum=25965 rxSum=30277} preTxRxSum={txSum=25965 rxSum=30277}
04-11 20:51:38.536 D/QtiGsmDCT( 3447): [0]updateDataActivity: sent=0 received=0
04-11 20:51:39.021 V/LG-FASTDORMANCY( 3447): [DCH/FACH] FDCount : 8 intent received :com.android.internal.telephony.ACTION_CHECK_NETSTAT
04-11 20:51:39.028 V/LG-FASTDORMANCY( 3447): [DCH/FACH] FDCount : 8 prev: TxPkts(25965), RxPkts(30277)
04-11 20:51:39.028 V/LG-FASTDORMANCY( 3447): [DCH/FACH] FDCount : 8 curr: TxPkts(25967), RxPkts(30279)
04-11 20:51:39.029 I/LG-FASTDORMANCY( 3447): [DCH/FACH] FDCount : 0 Scheduling checkNetStat for 1000msec, current state is [DCH/FACH] FDCount : 0 
04-11 20:51:39.540 D/QtiGsmDCT( 3447): [0]updateDataActivity: curTxRxSum={txSum=25967 rxSum=30279} preTxRxSum={txSum=25965 rxSum=30277}
04-11 20:51:39.540 D/QtiGsmDCT( 3447): [0]updateDataActivity: sent=2 received=2
04-11 20:51:39.540 D/QtiGsmDCT( 3447): [0]updateDataActivity: newActivity=DATAINANDOUT
04-11 20:51:39.547 D/QtiGsmDCT( 3447): [0]getDataEnabled: getIntWithSubId retVal=true
04-11 20:51:40.032 V/LG-FASTDORMANCY( 3447): [DCH/FACH] FDCount : 0 intent received :com.android.internal.telephony.ACTION_CHECK_NETSTAT
04-11 20:51:40.036 V/LG-FASTDORMANCY( 3447): [DCH/FACH] FDCount : 0 prev: TxPkts(25967), RxPkts(30279)
04-11 20:51:40.036 V/LG-FASTDORMANCY( 3447): [DCH/FACH] FDCount : 0 curr: TxPkts(25967), RxPkts(30279)
04-11 20:51:40.038 I/LG-FASTDORMANCY( 3447): [DCH/FACH] FDCount : 1 Scheduling checkNetStat for 1000msec, current state is [DCH/FACH] FDCount : 1 
04-11 20:51:40.545 D/QtiGsmDCT( 3447): [0]updateDataActivity: curTxRxSum={txSum=25967 rxSum=30279} preTxRxSum={txSum=25967 rxSum=30279}
04-11 20:51:40.545 D/QtiGsmDCT( 3447): [0]updateDataActivity: sent=0 received=0
04-11 20:51:40.545 D/QtiGsmDCT( 3447): [0]updateDataActivity: newActivity=NONE
04-11 20:51:40.553 D/QtiGsmDCT( 3447): [0]getDataEnabled: getIntWithSubId retVal=true
04-11 20:51:41.042 V/LG-FASTDORMANCY( 3447): [DCH/FACH] FDCount : 1 intent received :com.android.internal.telephony.ACTION_CHECK_NETSTAT
04-11 20:51:41.047 V/LG-FASTDORMANCY( 3447): [DCH/FACH] FDCount : 1 prev: TxPkts(25967), RxPkts(30279)
04-11 20:51:41.047 V/LG-FASTDORMANCY( 3447): [DCH/FACH] FDCount : 1 curr: TxPkts(25967), RxPkts(30279)
04-11 20:51:41.048 I/LG-FASTDORMANCY( 3447): [DCH/FACH] FDCount : 2 Scheduling checkNetStat for 1000msec, current state is [DCH/FACH] FDCount : 2 
04-11 20:51:41.553 D/QtiGsmDCT( 3447): [0]updateDataActivity: curTxRxSum={txSum=25967 rxSum=30279} preTxRxSum={txSum=25967 rxSum=30279}
04-11 20:51:41.553 D/QtiGsmDCT( 3447): [0]updateDataActivity: sent=0 received=0
04-11 20:51:42.052 V/LG-FASTDORMANCY( 3447): [DCH/FACH] FDCount : 2 intent received :com.android.internal.telephony.ACTION_CHECK_NETSTAT
04-11 20:51:42.058 V/LG-FASTDORMANCY( 3447): [DCH/FACH] FDCount : 2 prev: TxPkts(25967), RxPkts(30279)
04-11 20:51:42.058 V/LG-FASTDORMANCY( 3447): [DCH/FACH] FDCount : 2 curr: TxPkts(25967), RxPkts(30279)
04-11 20:51:42.059 I/LG-FASTDORMANCY( 3447): [DCH/FACH] FDCount : 3 Scheduling checkNetStat for 1000msec, current state is [DCH/FACH] FDCount : 3 
04-11 20:51:42.221 D/RILJ    ( 3447): defaultDisplayState: 1 [SUB0]
04-11 20:51:42.560 D/QtiGsmDCT( 3447): [0]updateDataActivity: curTxRxSum={txSum=25967 rxSum=30279} preTxRxSum={txSum=25967 rxSum=30279}
04-11 20:51:42.560 D/QtiGsmDCT( 3447): [0]updateDataActivity: sent=0 received=0
04-11 20:51:42.614 D/QtiGsmDCT( 3447): [0]onReceive: action=android.intent.action.SCREEN_OFF
04-11 20:51:42.614 D/QtiGsmDCT( 3447): [0]stopNetStatPoll
04-11 20:51:42.616 D/QtiGsmDCT( 3447): [0]overall state is CONNECTED
04-11 20:51:42.616 D/QtiGsmDCT( 3447): [0]startNetStatPoll
04-11 20:51:42.620 D/QtiGsmDCT( 3447): [0]updateDataActivity: curTxRxSum={txSum=25967 rxSum=30279} preTxRxSum={txSum=-1 rxSum=-1}
04-11 20:51:42.625 D/QtiGsmDCT( 3447): [0]overall state is CONNECTED
04-11 20:51:42.631 V/LG-FASTDORMANCY( 3447): [DCH/FACH] FDCount : 3 intent received :android.intent.action.SCREEN_OFF
04-11 20:51:43.062 V/LG-FASTDORMANCY( 3447): [DCH/FACH] FDCount : 3 intent received :com.android.internal.telephony.ACTION_CHECK_NETSTAT
04-11 20:51:43.066 V/LG-FASTDORMANCY( 3447): [DCH/FACH] FDCount : 3 prev: TxPkts(25967), RxPkts(30279)
04-11 20:51:43.066 V/LG-FASTDORMANCY( 3447): [DCH/FACH] FDCount : 3 curr: TxPkts(25967), RxPkts(30279)
04-11 20:51:43.067 I/LG-FASTDORMANCY( 3447): [DCH/FACH] FDCount : 4 Scheduling checkNetStat for 1000msec, current state is [DCH/FACH] FDCount : 4 
04-11 20:51:44.071 V/LG-FASTDORMANCY( 3447): [DCH/FACH] FDCount : 4 intent received :com.android.internal.telephony.ACTION_CHECK_NETSTAT
04-11 20:51:44.074 V/LG-FASTDORMANCY( 3447): [DCH/FACH] FDCount : 4 prev: TxPkts(25967), RxPkts(30279)
04-11 20:51:44.074 V/LG-FASTDORMANCY( 3447): [DCH/FACH] FDCount : 4 curr: TxPkts(25967), RxPkts(30279)
04-11 20:51:44.074 I/LG-FASTDORMANCY( 3447): [DCH/FACH] FDCount : 5 Scheduling checkNetStat for 1000msec, current state is [DCH/FACH] FDCount : 5 
04-11 20:51:45.077 V/LG-FASTDORMANCY( 3447): [DCH/FACH] FDCount : 5 intent received :com.android.internal.telephony.ACTION_CHECK_NETSTAT
04-11 20:51:45.081 V/LG-FASTDORMANCY( 3447): [DCH/FACH] FDCount : 5 prev: TxPkts(25967), RxPkts(30279)
04-11 20:51:45.081 V/LG-FASTDORMANCY( 3447): [DCH/FACH] FDCount : 5 curr: TxPkts(25967), RxPkts(30279)
04-11 20:51:45.082 V/LG-FASTDORMANCY( 3447): [DCH/FACH] FDCount : 6 isRetryNeeded(): mRetryCount: 0, MaxRetry: 1
04-11 20:51:45.084 D/LG-FASTDORMANCY( 3447): [DCH/FACH] FDCount : 6 isUMTS(): RadioTech(15)
04-11 20:51:45.084 D/LG-FASTDORMANCY( 3447): [DCH/FACH] FDCount : 6 triggerGoDormant() using qcRilGoDormant with GO_DORMANT_INTERFACE_ALL
04-11 20:51:45.087 E/RILQ    (  370): (0/370): RIL[0][oem_socket0] void qcril_qmi_generic_socket_agent::recv_thread_func(): read 4 bytes length message with length 28
04-11 20:51:45.087 E/RILQ    (  370): (0/370): RIL[0][oem_socket0] qcril_data_iface_go_dormant:  binding v6 handle to IPV6 family failed rc=-1, qmi_err=0
04-11 20:51:45.093 E/RILQ    (  370): (0/370): RIL[0][oem_socket0] qcril_data_process_qcrilhook_go_dormant: invalid dev_instance [-1] derived for index [1]
04-11 20:51:45.093 E/RILQ    (  370): (0/370): RIL[0][oem_socket0] qcril_data_process_qcrilhook_go_dormant: invalid dev_instance [-1] derived for index [2]
04-11 20:51:45.093 E/RILQ    (  370): (0/370): RIL[0][oem_socket0] qcril_data_process_qcrilhook_go_dormant: invalid dev_instance [-1] derived for index [3]
04-11 20:51:45.093 E/RILQ    (  370): (0/370): RIL[0][oem_socket0] qcril_data_process_qcrilhook_go_dormant: invalid dev_instance [-1] derived for index [4]
04-11 20:51:45.093 E/RILQ    (  370): (0/370): RIL[0][oem_socket0] qcril_data_process_qcrilhook_go_dormant: invalid dev_instance [-1] derived for index [5]
04-11 20:51:45.093 E/RILQ    (  370): (0/370): RIL[0][oem_socket0] qcril_data_process_qcrilhook_go_dormant: invalid dev_instance [-1] derived for index [6]
04-11 20:51:45.093 E/RILQ    (  370): (0/370): RIL[0][oem_socket0] qcril_data_process_qcrilhook_go_dormant: invalid dev_instance [-1] derived for index [7]
04-11 20:51:45.093 E/RILQ    (  370): (0/370): RIL[0][oem_socket0] qcril_data_process_qcrilhook_go_dormant: invalid dev_instance [-1] derived for index [8]
04-11 20:51:45.093 E/RILQ    (  370): (0/370): RIL[0][oem_socket0] qcril_data_process_qcrilhook_go_dormant: invalid dev_instance [-1] derived for index [9]
04-11 20:51:45.093 E/RILQ    (  370): (0/370): RIL[0][oem_socket0] qcril_data_process_qcrilhook_go_dormant: invalid dev_instance [-1] derived for index [10]
04-11 20:51:45.093 E/RILQ    (  370): (0/370): RIL[0][oem_socket0] qcril_data_process_qcrilhook_go_dormant: invalid dev_instance [-1] derived for index [11]
04-11 20:51:45.093 E/RILQ    (  370): (0/370): RIL[0][oem_socket0] qcril_data_process_qcrilhook_go_dormant: invalid dev_instance [-1] derived for index [12]
04-11 20:51:45.093 E/RILQ    (  370): (0/370): RIL[0][oem_socket0] qcril_data_process_qcrilhook_go_dormant: invalid dev_instance [-1] derived for index [13]
04-11 20:51:45.093 E/RILQ    (  370): (0/370): RIL[0][oem_socket0] qcril_data_process_qcrilhook_go_dormant: invalid dev_instance [-1] derived for index [14]
04-11 20:51:45.093 E/RILQ    (  370): (0/370): RIL[0][oem_socket0] qcril_data_process_qcrilhook_go_dormant: invalid dev_instance [-1] derived for index [15]
04-11 20:51:45.093 E/RILQ    (  370): (0/370): RIL[0][oem_socket0] qcril_data_process_qcrilhook_go_dormant: invalid dev_instance [-1] derived for index [16]
04-11 20:51:45.093 E/RILQ    (  370): (0/370): RIL[0][oem_socket0] qcril_data_process_qcrilhook_go_dormant: invalid dev_instance [-1] derived for index [17]
04-11 20:51:45.093 E/RILQ    (  370): (0/370): RIL[0][oem_socket0] qcril_data_process_qcrilhook_go_dormant: invalid dev_instance [-1] derived for index [18]
04-11 20:51:45.093 E/RILQ    (  370): (0/370): RIL[0][oem_socket0] qcril_data_process_qcrilhook_go_dormant: invalid dev_instance [-1] derived for index [19]
04-11 20:51:45.096 V/LG-FASTDORMANCY( 3447): [DCH/FACH] FDCount : 0 increaseCount(): mRetryCount: 1
04-11 20:51:45.096 I/LG-FASTDORMANCY( 3447): [DCH/FACH] FDCount : 0 Scheduling checkNetStat for 1000msec, current state is [DCH/FACH] FDCount : 0 
04-11 20:51:45.211 I/RILC    (  370): RIL_SOCKET_1 UNSOLICITED: RIL_UNSOL_LTE_REJECT_CAUSE length:16
04-11 20:51:45.211 E/RILC    (  370): Send Response to RIL_SOCKET_1
04-11 20:51:45.211 E/RILC    (  370): RIL Response bytes written:4
04-11 20:51:45.211 D/RILJ    ( 3447): [UNSL]< RIL_UNSOL_LTE_REJECT_CAUSE {15} [SUB0]
04-11 20:51:45.212 E/RILC    (  370): RIL Response bytes written:16
04-11 20:51:45.215 I/RILC    (  370): RIL_SOCKET_1 UNSOLICITED: UNSOL_OEM_HOOK_RAW length:32
04-11 20:51:45.216 E/RILC    (  370): Send Response to RIL_SOCKET_1
04-11 20:51:45.216 E/RILC    (  370): RIL Response bytes written:4
04-11 20:51:45.216 V/RILJ    ( 3447): [UNSL]< UNSOL_OEM_HOOK_RAW 514f454d484f4f4bef0308000100000002 [SUB0]
04-11 20:51:45.216 D/RILJ    ( 3447): Oem ID in RIL_UNSOL_OEM_HOOK_RAW is QOEMHOOK
04-11 20:51:45.216 D/RILJ    ( 3447): OEM ID check Passed
04-11 20:51:45.216 D/RILJ    ( 3447): Response ID in RIL_UNSOL_OEM_HOOK_RAW is 525295
04-11 20:51:45.216 D/RILJ    ( 3447): Response ID 525295 is not served in this process.
04-11 20:51:45.216 E/RILC    (  370): RIL Response bytes written:32
04-11 20:51:45.220 I/RILC    (  370): RIL_SOCKET_1 UNSOLICITED: UNSOL_RESPONSE_VOICE_NETWORK_STATE_CHANGED length:8
04-11 20:51:45.220 E/RILC    (  370): Send Response to RIL_SOCKET_1
04-11 20:51:45.220 E/RILC    (  370): RIL Response bytes written:4
04-11 20:51:45.220 D/RILJ    ( 3447): [UNSL]< UNSOL_RESPONSE_VOICE_NETWORK_STATE_CHANGED [SUB0]
04-11 20:51:45.220 E/RILC    (  370): RIL Response bytes written:8
04-11 20:51:45.220 D/RILJ    ( 3447): [5445]> OPERATOR [SUB0]
04-11 20:51:45.222 D/RILJ    ( 3447): [5446]> DATA_REGISTRATION_STATE [SUB0]
04-11 20:51:45.222 D/RILC    (  370): SOCKET RIL_SOCKET_1 REQUEST: OPERATOR length:8
04-11 20:51:45.223 D/RILJ    ( 3447): [5447]> VOICE_REGISTRATION_STATE [SUB0]
04-11 20:51:45.224 D/RILC    (  370): SOCKET RIL_SOCKET_1 REQUEST: DATA_REGISTRATION_STATE length:8
04-11 20:51:45.224 I/RILC    (  370): RIL_SOCKET_1 UNSOLICITED: UNSOL_DATA_CALL_LIST_CHANGED length:428
04-11 20:51:45.224 E/RILC    (  370): Send Response to RIL_SOCKET_1
04-11 20:51:45.224 E/RILC    (  370): RIL Response bytes written:4
04-11 20:51:45.224 E/RILC    (  370): RIL Response bytes written:428
04-11 20:51:45.225 D/RILJ    ( 3447): responseDataCallList ver=11 num=1 [SUB0]
04-11 20:51:45.225 D/RILJ    ( 3447): [5448]> QUERY_NETWORK_SELECTION_MODE [SUB0]
04-11 20:51:45.225 D/RILJ    ( 3447): getDataCallResponse before ver=11 [SUB0]
04-11 20:51:45.225 D/RILJ    ( 3447): [UNSL]< UNSOL_DATA_CALL_LIST_CHANGED [DataCallResponse: {version=11 status=0 retry=-1 cid=0 active=1 type=IPV6 ifname=rmnet_data0 mtu=1500 addresses=[2a00:0f41:509d:3c49:86de:75f7:213a:3588/64] dnses=[2a01:1700:0003:ffff:0000:0000:0000:9822,2a01:1700:0002:ffff:0000:0000:0000:9f01] gateways=[fe80:0000:0000:0000:88b0:3588:9bd1:5a35] pcscf=[]}] [SUB0]
04-11 20:51:45.226 I/LG-FASTDORMANCY( 3447): [DCH/FACH] FDCount : 0 Data call list changed.
04-11 20:51:45.226 I/LG-FASTDORMANCY( 3447): [DCH/FACH] FDCount : 0 [DataCallResponse: {version=11 status=0 retry=-1 cid=0 active=1 type=IPV6 ifname=rmnet_data0 mtu=1500 addresses=[2a00:0f41:509d:3c49:86de:75f7:213a:3588/64] dnses=[2a01:1700:0003:ffff:0000:0000:0000:9822,2a01:1700:0002:ffff:0000:0000:0000:9f01] gateways=[fe80:0000:0000:0000:88b0:3588:9bd1:5a35] pcscf=[]}]
04-11 20:51:45.226 I/LG-FASTDORMANCY( 3447): [DCH/FACH] FDCount : 0 prev:[DCH/FACH] FDCount : 0 , curr:true
04-11 20:51:45.227 D/RILC    (  370): SOCKET RIL_SOCKET_1 REQUEST: VOICE_REGISTRATION_STATE length:8
04-11 20:51:45.227 D/QtiGsmDCT( 3447): [0]QtiDcTracker handleMessage msg={ when=-1ms what=270340 obj=android.os.AsyncResult@baad72f target=com.qti.internal.telephony.dataconnection.QtiDcTracker }
04-11 20:51:45.227 D/QtiGsmDCT( 3447): [0]fetchDunApn: Ignore the dun apn in settings.db
04-11 20:51:45.228 D/QtiGsmDCT( 3447): [0]handleMessage msg={ when=-2ms what=270340 obj=android.os.AsyncResult@baad72f target=com.qti.internal.telephony.dataconnection.QtiDcTracker }
04-11 20:51:45.228 E/DATA    ( 3447): Unidentified event msg={ when=-2ms what=270340 obj=android.os.AsyncResult@baad72f target=com.qti.internal.telephony.dataconnection.QtiDcTracker }
04-11 20:51:45.229 D/LG-FASTDORMANCY( 3447): [DCH/FACH] FDCount : 0 isUMTS(): RadioTech(15)
04-11 20:51:45.229 D/LG-FASTDORMANCY( 3447): [DCH/FACH] FDCount : 0 Exit from DCH or FACH State
04-11 20:51:45.229 D/LG-FASTDORMANCY( 3447): [IDLE] Enter to IDLE State
04-11 20:51:45.230 D/LG-FASTDORMANCY( 3447): [IDLE] isUMTS(): RadioTech(15)
04-11 20:51:45.230 D/LG-FASTDORMANCY( 3447): [IDLE] resetAll()
04-11 20:51:45.232 D/RILC    (  370): SOCKET RIL_SOCKET_1 REQUEST: QUERY_NETWORK_SELECTION_MODE length:8
04-11 20:51:45.240 D/RILC    (  370): RequestComplete, RIL_SOCKET_1
04-11 20:51:45.240 E/RILC    (  370): Send Response to RIL_SOCKET_1
04-11 20:51:45.241 E/RILC    (  370): RIL Response bytes written:4
04-11 20:51:45.241 E/RILC    (  370): RIL Response bytes written:72
04-11 20:51:45.241 D/RILJ    ( 3447): [5445]< OPERATOR {Orange, Orange, 26003} [SUB0]
04-11 20:51:45.242 V/LG-FASTDORMANCY( 3447): [IDLE] prev: TxPkts(25967), RxPkts(30279)
04-11 20:51:45.242 V/LG-FASTDORMANCY( 3447): [IDLE] curr: TxPkts(25967), RxPkts(30279)
04-11 20:51:45.242 V/LG-FASTDORMANCY( 3447): [IDLE] resetCount(): mRetryCount: 0
04-11 20:51:45.245 D/RILC    (  370): RequestComplete, RIL_SOCKET_1
04-11 20:51:45.245 E/RILC    (  370): Send Response to RIL_SOCKET_1
04-11 20:51:45.245 E/RILC    (  370): RIL Response bytes written:4
04-11 20:51:45.245 E/RILC    (  370): RIL Response bytes written:120
04-11 20:51:45.245 D/RILJ    ( 3447): [5446]< DATA_REGISTRATION_STATE {1, dff2, 02bec826, 15, null, 20, null, null, null, null, null, 0} [SUB0]
04-11 20:51:45.246 D/GsmSST  ( 3447): isSFROperators result = false
04-11 20:51:45.246 D/PHONE   ( 3447): [ServiceState] setDataRegState=0
04-11 20:51:45.246 D/PHONE   ( 3447): [ServiceState] setDataRadioTechnology=15
04-11 20:51:45.246 D/GsmSST  ( 3447): [GsmSST] LOGRadioInfo : In Service
04-11 20:51:45.246 D/GsmSST  ( 3447): [GsmSST] handlPollStateResultMessage: GsmSST setDataRegState=0 regState=1 dataRadioTechnology=15
04-11 20:51:45.247 D/RILC    (  370): RequestComplete, RIL_SOCKET_1
04-11 20:51:45.247 E/RILC    (  370): Send Response to RIL_SOCKET_1
04-11 20:51:45.248 E/RILC    (  370): RIL Response bytes written:4
04-11 20:51:45.248 E/RILC    (  370): RIL Response bytes written:20
04-11 20:51:45.249 D/RILJ    ( 3447): [5448]< QUERY_NETWORK_SELECTION_MODE {0} [SUB0]
04-11 20:51:45.249 D/RILC    (  370): RequestComplete, RIL_SOCKET_1
04-11 20:51:45.249 E/RILC    (  370): Send Response to RIL_SOCKET_1
04-11 20:51:45.250 E/RILC    (  370): RIL Response bytes written:4
04-11 20:51:45.250 D/RILJ    ( 3447): [5447]< VOICE_REGISTRATION_STATE {1, dff2, 02bec826, 3, null, null, null, 0, null, null, 1, null, null, 0, 1d8} [SUB0]
04-11 20:51:45.250 D/PHONE   ( 3447): [ServiceState] setVoiceRegState=0
04-11 20:51:45.250 E/PHONE   ( 3447): [ServiceState] setState deprecated use setVoiceRegState()
04-11 20:51:45.250 D/GsmSST  ( 3447): [GsmSST] LOGRadioInfo : In Service
04-11 20:51:45.252 E/RILC    (  370): RIL Response bytes written:136
04-11 20:51:45.253 D/GsmSST  ( 3447): [GsmSST] Poll ServiceState done:  oldSS=[0 0 voice home data home Orange Orange 26003 Orange Orange 26003  UMTS HSPAP CSS not supported -1 -1 RoamInd=-1 DefRoamInd=-1 EmergOnly=false IsDataRoamingFromRegistration=false mIsVoiceSearching=false mIsDataSearching=false mVoiceNetworkName=null mDataNetworkName=null Check64QAM0 Dual carrier0] newSS=[0 0 voice home data home Orange Orange 26003 Orange Orange 26003  UMTS HSPAP CSS not supported -1 -1 RoamInd=-1 DefRoamInd=-1 EmergOnly=false IsDataRoamingFromRegistration=false mIsVoiceSearching=false mIsDataSearching=false mVoiceNetworkName=null mDataNetworkName=null Check64QAM0 Dual carrier0] oldMaxDataCalls=20 mNewMaxDataCalls=20 oldReasonDataDenied=-1 mNewReasonDataDenied=-1
04-11 20:51:45.254 D/PHONE   ( 3447): [ServiceState] setNullState=1
04-11 20:51:45.278 D/QtiGsmDCT( 3447): [0]fetchDunApn: config_tether_apndata dunSetting=null
04-11 20:51:45.278 D/DC-1    ( 3447): isInternetRequested = true
04-11 20:51:45.279 D/Dcc     ( 3447): onDataStateChanged: dcsList=[DataCallResponse: {version=11 status=0 retry=-1 cid=0 active=1 type=IPV6 ifname=rmnet_data0 mtu=1500 addresses=[2a00:0f41:509d:3c49:86de:75f7:213a:3588/64] dnses=[2a01:1700:0003:ffff:0000:0000:0000:9822,2a01:1700:0002:ffff:0000:0000:0000:9f01] gateways=[fe80:0000:0000:0000:88b0:3588:9bd1:5a35] pcscf=[]}] mDcListActiveByCid={0={DC-1: State=DcActiveState mApnSetting=[ApnSettingV3] Orange Internet, 695, 26003, internetipv6, , , , , , 1, default | dun | hipri | supl, IPV6, IP, true, 0, 0, 1, false, 0, 0, 0, 0, , , 0, ,  RefCount=1 mCid=0 mCreateTime=-1 mLastastFailTime=-1 mLastFailCause=NONE mTag=2 mRetryManager=RetryManager: { forever=false maxRetry=10 curMaxRetry=0 retry=0 config={default_randomization=2000,5000,10000,20000,40000,80000:5000,160000:5000,320000:5000,640000:5000,1280000:5000,1800000:5000} retryArray={5000:2000 10000:2000 20000:2000 40000:2000 80000:5000 160000:5000 320000:5000 640000:5000 1280000:5000 1800000:5000 }} mLinkProperties={InterfaceName: rmnet_data0 LinkAddresses: [2a00:f41:509d:3c49:86de:75f7:213a:3588/64,]  Routes: [::/0 -> fe80::88b0:3588:9bd1:5a35 rmnet_data0,] DnsAddresses: [2a01:1700:3:ffff::9822,2a01:1700:2:ffff::9f01,] Domains: null MTU: 1500 TcpBufferSizes: 122334,734003,3461120,32040,192239,3461120} linkCapabilities=[ Transports: CELLULAR Capabilities: SUPL&DUN&INTERNET&NOT_RESTRICTED&TRUSTED&NOT_VPN LinkUpBandwidth>=11264Kbps LinkDnBandwidth>=43008Kbps Specifier: <2>] mApnContexts=[{mApnType=default mState=CONNECTED mWaitingApns={[[ApnSettingV3] Orange Internet, 695, 26003, internetipv6, , , , , , 1, default | dun | hipri | supl, IPV6, IP, true, 0, 0, 1, false, 0, 0, 0, 0, , , 0, , ]} mWaitingApnsPermanentFailureCountDown=1 mApnSetting={[ApnSettingV3] Orange Internet, 695, 26003, internetipv6, , , , , , 1, default | dun | hipri | supl, IPV6, IP, true, 0, 0, 1, false, 0, 0, 0, 0, , , 0, , } mReason=connected mDataEnabled=true mDependencyMet=true}]}}
04-11 20:51:45.279 D/Dcc     ( 3447): onDataStateChanged: dcsToRetry=[]
