04-11 20:43:43.150 D/SubscriptionManager( 1891): getSimStateForSubscriber: simState=5 slotIdx=0
04-11 20:43:43.215 D/TelephonyRegistry( 1891): Notify data connection state changed on sub: 2
04-11 20:43:43.215 D/TelephonyRegistry( 1891): Notify data connection state changed on sub: 2
04-11 20:43:43.216 D/TelephonyRegistry( 1891): Notify data connection state changed on sub: 2
04-11 20:43:43.216 D/TelephonyRegistry( 1891): Notify data connection state changed on sub: 2
04-11 20:43:43.216 D/TelephonyRegistry( 1891): Notify data connection state changed on sub: 2
04-11 20:43:43.216 D/TelephonyRegistry( 1891): broadcastPreciseDataConnectionStateChanged():state=2, apnType=default, smCause=(0), reason=null
04-11 20:44:28.401 D/SubscriptionManager( 1891): getSimStateForSubscriber: simState=5 slotIdx=0
04-11 20:44:28.464 D/TelephonyRegistry( 1891): Notify data connection state changed on sub: 2
04-11 20:44:28.465 D/TelephonyRegistry( 1891): Notify data connection state changed on sub: 2
04-11 20:44:28.465 D/TelephonyRegistry( 1891): Notify data connection state changed on sub: 2
04-11 20:44:28.465 D/TelephonyRegistry( 1891): Notify data connection state changed on sub: 2
04-11 20:44:28.465 D/TelephonyRegistry( 1891): Notify data connection state changed on sub: 2
04-11 20:44:28.465 D/TelephonyRegistry( 1891): broadcastPreciseDataConnectionStateChanged():state=2, apnType=default, smCause=(0), reason=null
04-11 20:44:38.188 D/SubscriptionManager( 1891): getSimStateForSubscriber: simState=5 slotIdx=0
04-11 20:44:38.258 D/TelephonyRegistry( 1891): Notify data connection state changed on sub: 2
04-11 20:44:38.258 D/TelephonyRegistry( 1891): Notify data connection state changed on sub: 2
04-11 20:44:38.258 D/TelephonyRegistry( 1891): Notify data connection state changed on sub: 2
04-11 20:44:38.258 D/TelephonyRegistry( 1891): Notify data connection state changed on sub: 2
04-11 20:44:38.258 D/TelephonyRegistry( 1891): Notify data connection state changed on sub: 2
04-11 20:44:38.259 D/TelephonyRegistry( 1891): broadcastPreciseDataConnectionStateChanged():state=2, apnType=default, smCause=(0), reason=null
04-11 20:44:45.302 D/SubscriptionManager( 1891): getSimStateForSubscriber: simState=5 slotIdx=0
04-11 20:44:45.390 D/TelephonyRegistry( 1891): Notify data connection state changed on sub: 2
04-11 20:44:45.390 D/TelephonyRegistry( 1891): Notify data connection state changed on sub: 2
04-11 20:44:45.391 D/TelephonyRegistry( 1891): Notify data connection state changed on sub: 2
04-11 20:44:45.391 D/TelephonyRegistry( 1891): Notify data connection state changed on sub: 2
04-11 20:44:45.391 D/TelephonyRegistry( 1891): Notify data connection state changed on sub: 2
04-11 20:44:45.391 D/TelephonyRegistry( 1891): broadcastPreciseDataConnectionStateChanged():state=2, apnType=default, smCause=(0), reason=null
04-11 20:44:49.304 D/SubscriptionManager( 1891): getSimStateForSubscriber: simState=5 slotIdx=0
04-11 20:44:49.385 D/TelephonyRegistry( 1891): Notify data connection state changed on sub: 2
04-11 20:44:49.385 D/TelephonyRegistry( 1891): Notify data connection state changed on sub: 2
04-11 20:44:49.385 D/TelephonyRegistry( 1891): Notify data connection state changed on sub: 2
04-11 20:44:49.385 D/TelephonyRegistry( 1891): Notify data connection state changed on sub: 2
04-11 20:44:49.385 D/TelephonyRegistry( 1891): Notify data connection state changed on sub: 2
04-11 20:44:49.386 D/TelephonyRegistry( 1891): broadcastPreciseDataConnectionStateChanged():state=2, apnType=default, smCause=(0), reason=null
04-11 20:45:02.796 D/SubscriptionManager( 1891): getSimStateForSubscriber: simState=5 slotIdx=0
04-11 20:45:02.880 D/TelephonyRegistry( 1891): Notify data connection state changed on sub: 2
04-11 20:45:02.880 D/TelephonyRegistry( 1891): Notify data connection state changed on sub: 2
04-11 20:45:02.880 D/TelephonyRegistry( 1891): Notify data connection state changed on sub: 2
04-11 20:45:02.880 D/TelephonyRegistry( 1891): Notify data connection state changed on sub: 2
04-11 20:45:02.880 D/TelephonyRegistry( 1891): Notify data connection state changed on sub: 2
04-11 20:45:02.881 D/TelephonyRegistry( 1891): broadcastPreciseDataConnectionStateChanged():state=2, apnType=default, smCause=(0), reason=null
04-11 20:45:14.974 D/SubscriptionManager( 1891): getSimStateForSubscriber: simState=5 slotIdx=0
04-11 20:45:15.077 D/TelephonyRegistry( 1891): Notify data connection state changed on sub: 2
04-11 20:45:15.077 D/TelephonyRegistry( 1891): Notify data connection state changed on sub: 2
04-11 20:45:15.077 D/TelephonyRegistry( 1891): Notify data connection state changed on sub: 2
04-11 20:45:15.077 D/TelephonyRegistry( 1891): Notify data connection state changed on sub: 2
04-11 20:45:15.077 D/TelephonyRegistry( 1891): Notify data connection state changed on sub: 2
04-11 20:45:15.078 D/TelephonyRegistry( 1891): broadcastPreciseDataConnectionStateChanged():state=2, apnType=default, smCause=(0), reason=null
04-11 20:45:22.501 D/SubscriptionManager( 1891): getSimStateForSubscriber: simState=5 slotIdx=0
04-11 20:45:22.598 D/TelephonyRegistry( 1891): Notify data connection state changed on sub: 2
04-11 20:45:22.598 D/TelephonyRegistry( 1891): Notify data connection state changed on sub: 2
04-11 20:45:22.598 D/TelephonyRegistry( 1891): Notify data connection state changed on sub: 2
04-11 20:45:22.598 D/TelephonyRegistry( 1891): Notify data connection state changed on sub: 2
04-11 20:45:22.598 D/TelephonyRegistry( 1891): Notify data connection state changed on sub: 2
04-11 20:45:22.599 D/TelephonyRegistry( 1891): broadcastPreciseDataConnectionStateChanged():state=2, apnType=default, smCause=(0), reason=null
04-11 20:45:43.033 D/SubscriptionManager( 1891): getSimStateForSubscriber: simState=5 slotIdx=0
04-11 20:45:43.105 D/TelephonyRegistry( 1891): Notify data connection state changed on sub: 2
04-11 20:45:43.106 D/TelephonyRegistry( 1891): Notify data connection state changed on sub: 2
04-11 20:45:43.106 D/TelephonyRegistry( 1891): Notify data connection state changed on sub: 2
04-11 20:45:43.106 D/TelephonyRegistry( 1891): Notify data connection state changed on sub: 2
04-11 20:45:43.106 D/TelephonyRegistry( 1891): Notify data connection state changed on sub: 2
04-11 20:45:43.107 D/TelephonyRegistry( 1891): broadcastPreciseDataConnectionStateChanged():state=2, apnType=default, smCause=(0), reason=null
04-11 20:45:51.483 D/SubscriptionManager( 1891): getSimStateForSubscriber: simState=5 slotIdx=0
04-11 20:45:51.557 D/TelephonyRegistry( 1891): Notify data connection state changed on sub: 2
04-11 20:45:51.557 D/TelephonyRegistry( 1891): Notify data connection state changed on sub: 2
04-11 20:45:51.558 D/TelephonyRegistry( 1891): Notify data connection state changed on sub: 2
04-11 20:45:51.558 D/TelephonyRegistry( 1891): Notify data connection state changed on sub: 2
04-11 20:45:51.558 D/TelephonyRegistry( 1891): Notify data connection state changed on sub: 2
04-11 20:45:51.558 D/TelephonyRegistry( 1891): broadcastPreciseDataConnectionStateChanged():state=2, apnType=default, smCause=(0), reason=null
04-11 20:45:56.679 D/SubscriptionManager( 1891): getSimStateForSubscriber: simState=5 slotIdx=0
04-11 20:45:56.753 D/TelephonyRegistry( 1891): Notify data connection state changed on sub: 2
04-11 20:45:56.754 D/TelephonyRegistry( 1891): Notify data connection state changed on sub: 2
04-11 20:45:56.754 D/TelephonyRegistry( 1891): Notify data connection state changed on sub: 2
04-11 20:45:56.754 D/TelephonyRegistry( 1891): Notify data connection state changed on sub: 2
04-11 20:45:56.754 D/TelephonyRegistry( 1891): Notify data connection state changed on sub: 2
04-11 20:45:56.754 D/TelephonyRegistry( 1891): broadcastPreciseDataConnectionStateChanged():state=2, apnType=default, smCause=(0), reason=null
04-11 20:46:04.247 D/SubscriptionManager( 1891): getSimStateForSubscriber: simState=5 slotIdx=0
04-11 20:46:04.323 D/TelephonyRegistry( 1891): Notify data connection state changed on sub: 2
04-11 20:46:04.323 D/TelephonyRegistry( 1891): Notify data connection state changed on sub: 2
04-11 20:46:04.323 D/TelephonyRegistry( 1891): Notify data connection state changed on sub: 2
04-11 20:46:04.323 D/TelephonyRegistry( 1891): Notify data connection state changed on sub: 2
04-11 20:46:04.323 D/TelephonyRegistry( 1891): Notify data connection state changed on sub: 2
04-11 20:46:04.324 D/TelephonyRegistry( 1891): broadcastPreciseDataConnectionStateChanged():state=2, apnType=default, smCause=(0), reason=null
04-11 20:46:45.835 D/SubscriptionManager( 1891): getSimStateForSubscriber: simState=5 slotIdx=0
04-11 20:46:45.905 D/TelephonyRegistry( 1891): Notify data connection state changed on sub: 2
04-11 20:46:45.906 D/TelephonyRegistry( 1891): Notify data connection state changed on sub: 2
04-11 20:46:45.906 D/TelephonyRegistry( 1891): Notify data connection state changed on sub: 2
04-11 20:46:45.906 D/TelephonyRegistry( 1891): Notify data connection state changed on sub: 2
04-11 20:46:45.906 D/TelephonyRegistry( 1891): Notify data connection state changed on sub: 2
04-11 20:46:45.907 D/TelephonyRegistry( 1891): broadcastPreciseDataConnectionStateChanged():state=2, apnType=default, smCause=(0), reason=null
04-11 20:46:56.310 D/SubscriptionManager( 1891): getSimStateForSubscriber: simState=5 slotIdx=0
04-11 20:46:56.385 D/TelephonyRegistry( 1891): Notify data connection state changed on sub: 2
04-11 20:46:56.385 D/TelephonyRegistry( 1891): Notify data connection state changed on sub: 2
04-11 20:46:56.385 D/TelephonyRegistry( 1891): Notify data connection state changed on sub: 2
04-11 20:46:56.385 D/TelephonyRegistry( 1891): Notify data connection state changed on sub: 2
04-11 20:46:56.386 D/TelephonyRegistry( 1891): Notify data connection state changed on sub: 2
04-11 20:46:56.386 D/TelephonyRegistry( 1891): broadcastPreciseDataConnectionStateChanged():state=2, apnType=default, smCause=(0), reason=null
04-11 20:48:46.828 E/RILC    (  370): RIL Response bytes written:20
04-11 20:48:46.828 D/RILC    (  370): RequestComplete, RIL_SOCKET_1
04-11 20:48:46.828 E/RILC    (  370): Send Response to RIL_SOCKET_1
04-11 20:48:46.828 E/RILC    (  370): RIL Response bytes written:4
04-11 20:48:46.828 E/RILC    (  370): RIL Response bytes written:20
04-11 20:48:46.829 D/RILJ    ( 3447): [5322]< QUERY_NETWORK_SELECTION_MODE {0} [SUB0]
04-11 20:48:46.829 D/RILJ    ( 3447): [5326]< QUERY_NETWORK_SELECTION_MODE {0} [SUB0]
04-11 20:48:46.830 D/RILC    (  370): RequestComplete, RIL_SOCKET_1
04-11 20:48:46.830 E/RILC    (  370): Send Response to RIL_SOCKET_1
04-11 20:48:46.830 E/RILC    (  370): RIL Response bytes written:4
04-11 20:48:46.830 E/RILC    (  370): RIL Response bytes written:120
04-11 20:48:46.830 D/RILC    (  370): RequestComplete, RIL_SOCKET_1
04-11 20:48:46.830 E/RILC    (  370): Send Response to RIL_SOCKET_1
04-11 20:48:46.830 E/RILC    (  370): RIL Response bytes written:4
04-11 20:48:46.830 E/RILC    (  370): RIL Response bytes written:120
04-11 20:48:46.831 D/RILJ    ( 3447): [5320]< DATA_REGISTRATION_STATE {1, dff2, 02bec826, 15, null, 20, null, null, null, null, null, 0} [SUB0]
04-11 20:48:46.831 D/RILC    (  370): RequestComplete, RIL_SOCKET_1
04-11 20:48:46.831 E/RILC    (  370): Send Response to RIL_SOCKET_1
04-11 20:48:46.831 E/RILC    (  370): RIL Response bytes written:4
04-11 20:48:46.831 E/RILC    (  370): RIL Response bytes written:72
04-11 20:48:46.831 D/RILJ    ( 3447): [5324]< DATA_REGISTRATION_STATE {1, dff2, 02bec826, 15, null, 20, null, null, null, null, null, 0} [SUB0]
04-11 20:48:46.831 D/RILC    (  370): RequestComplete, RIL_SOCKET_1
04-11 20:48:46.831 E/RILC    (  370): Send Response to RIL_SOCKET_1
04-11 20:48:46.831 E/RILC    (  370): RIL Response bytes written:4
04-11 20:48:46.831 E/RILC    (  370): RIL Response bytes written:72
04-11 20:48:46.831 D/RILJ    ( 3447): [5319]< OPERATOR {Orange, Orange, 26003} [SUB0]
04-11 20:48:46.831 D/GsmSST  ( 3447): isSFROperators result = false
04-11 20:48:46.831 D/PHONE   ( 3447): [ServiceState] setDataRegState=0
04-11 20:48:46.831 D/PHONE   ( 3447): [ServiceState] setDataRadioTechnology=15
04-11 20:48:46.831 D/RILJ    ( 3447): [5323]< OPERATOR {Orange, Orange, 26003} [SUB0]
04-11 20:48:46.831 D/GsmSST  ( 3447): [GsmSST] LOGRadioInfo : In Service
04-11 20:48:46.831 D/GsmSST  ( 3447): [GsmSST] handlPollStateResultMessage: GsmSST setDataRegState=0 regState=1 dataRadioTechnology=15
04-11 20:48:46.833 D/RILC    (  370): RequestComplete, RIL_SOCKET_1
04-11 20:48:46.833 E/RILC    (  370): Send Response to RIL_SOCKET_1
04-11 20:48:46.833 E/RILC    (  370): RIL Response bytes written:4
04-11 20:48:46.833 E/RILC    (  370): RIL Response bytes written:136
04-11 20:48:46.833 D/RILC    (  370): RequestComplete, RIL_SOCKET_1
04-11 20:48:46.833 E/RILC    (  370): Send Response to RIL_SOCKET_1
04-11 20:48:46.833 E/RILC    (  370): RIL Response bytes written:4
04-11 20:48:46.833 E/RILC    (  370): RIL Response bytes written:136
04-11 20:48:46.833 D/RILJ    ( 3447): [5321]< VOICE_REGISTRATION_STATE {1, dff2, 02bec826, 3, null, null, null, 0, null, null, 1, null, null, 0, 1d8} [SUB0]
04-11 20:48:46.833 D/RILJ    ( 3447): [5325]< VOICE_REGISTRATION_STATE {1, dff2, 02bec826, 3, null, null, null, 0, null, null, 1, null, null, 0, 1d8} [SUB0]
04-11 20:48:46.834 D/PHONE   ( 3447): [ServiceState] setVoiceRegState=0
04-11 20:48:46.834 E/PHONE   ( 3447): [ServiceState] setState deprecated use setVoiceRegState()
04-11 20:48:46.834 D/GsmSST  ( 3447): [GsmSST] LOGRadioInfo : In Service
04-11 20:48:46.836 D/GsmSST  ( 3447): [GsmSST] Poll ServiceState done:  oldSS=[0 0 voice home data home Orange Orange 26003 Orange Orange 26003  UMTS HSPA CSS not supported -1 -1 RoamInd=-1 DefRoamInd=-1 EmergOnly=false IsDataRoamingFromRegistration=false mIsVoiceSearching=false mIsDataSearching=false mVoiceNetworkName=null mDataNetworkName=null Check64QAM0 Dual carrier0] newSS=[0 0 voice home data home Orange Orange 26003 Orange Orange 26003  UMTS HSPAP CSS not supported -1 -1 RoamInd=-1 DefRoamInd=-1 EmergOnly=false IsDataRoamingFromRegistration=false mIsVoiceSearching=false mIsDataSearching=false mVoiceNetworkName=null mDataNetworkName=null Check64QAM0 Dual carrier0] oldMaxDataCalls=20 mNewMaxDataCalls=20 oldReasonDataDenied=-1 mNewReasonDataDenied=-1
04-11 20:48:46.837 D/PHONE   ( 3447): [ServiceState] setNullState=1
04-11 20:48:46.837 D/TelephonyManager( 3447): setTelephonyProperty: success phoneId=0 property=gsm.network.type value: UMTS propVal=UMTS
04-11 20:48:46.838 D/SIMRecords( 3447): [SIMRecords] getServiceProviderName: no brandOverride
04-11 20:48:46.838 D/SIMRecords( 3447): [SIMRecords] getServiceProviderName: providerName=Orange
04-11 20:48:46.838 D/SIMRecords( 3447): [SIMRecords] getServiceProviderName: no brandOverride
04-11 20:48:46.838 D/SIMRecords( 3447): [SIMRecords] getServiceProviderName: providerName=Orange
04-11 20:48:46.838 D/GSMPhoneEx( 3447): grandblue SpnMvno = Orange operator = 26003 simMcc  = 260 simMnc  = 03
04-11 20:48:46.838 D/GSMPhoneEx( 3447): grandblue after SpnMvno = Orange operator = 26003 simMcc  = 260 simMnc  = 03
04-11 20:48:46.839 D/TelephonyManager( 3447): setTelephonyProperty: success phoneId=0 property=gsm.operator.alpha value: Orange propVal=Orange
04-11 20:48:46.839 D/TelephonyManager( 3447): setTelephonyProperty: success phoneId=0 property=gsm.operator.numeric value: 26003 propVal=26003
04-11 20:48:46.840 D/TelephonyManager( 3447): setTelephonyProperty: success phoneId=0 property=gsm.operator.iso-country value: pl propVal=pl
04-11 20:48:46.841 D/GsmSST  ( 3447): [GsmSST] shouldFixTimeZoneNow: retVal=false iccCardExist=true operatorNumeric=26003 mcc=260 prevOperatorNumeric=26003 prevMcc=260 needToFixTimeZone=false ltod=04-11 20:48:46.841
04-11 20:48:46.841 D/TelephonyManager( 3447): setTelephonyProperty: success phoneId=0 property=gsm.operator.isroaming value: false propVal=false
04-11 20:48:46.841 D/TelephonyManager( 3447): setTelephonyProperty: success phoneId=0 property=ril.cdma.voiceinservice value: true propVal=true
04-11 20:48:46.842 D/GsmSST  ( 3447): [GsmSST] Broadcasting ServiceState : 0 0 voice home data home Orange Orange 26003 Orange Orange 26003  UMTS HSPAP CSS not supported -1 -1 RoamInd=-1 DefRoamInd=-1 EmergOnly=false IsDataRoamingFromRegistration=false mIsVoiceSearching=false mIsDataSearching=false mVoiceNetworkName=null mDataNetworkName=null Check64QAM0 Dual carrier0
04-11 20:48:46.842 D/DefaultPhoneNotifier( 3447): nofityServiceState: mRegistry=com.android.internal.telephony.ITelephonyRegistry$Stub$Proxy@ced2ad0 ss=0 0 voice home data home Orange Orange 26003 Orange Orange 26003  UMTS HSPAP CSS not supported -1 -1 RoamInd=-1 DefRoamInd=-1 EmergOnly=false IsDataRoamingFromRegistration=false mIsVoiceSearching=false mIsDataSearching=false mVoiceNetworkName=null mDataNetworkName=null Check64QAM0 Dual carrier0 sender=Handler (com.qti.internal.telephony.gsm.QtiGSMPhone) {560d91e} phondId=0 subId=2
04-11 20:48:46.853 D/QtiGsmDCT( 3447): [0]getDataEnabled: getIntWithSubId retVal=true
04-11 20:48:46.854 D/SubscriptionManager( 1891): getSimStateForSubscriber: simState=5 slotIdx=0
04-11 20:48:46.856 D/GsmSST  ( 3447): [GsmSST] notifyDataRegStateRilRadioTechnologyChanged: drs=0 rat=15
04-11 20:48:46.857 D/TelephonyManager( 3447): setTelephonyProperty: success phoneId=0 property=gsm.network.type value: HSPAP propVal=HSPAP
04-11 20:48:46.858 D/QtiGsmDCT( 3447): [0]get all active apn types
04-11 20:48:46.859 D/QtiGsmDCT( 3447): [0]return link properites for default
04-11 20:48:46.866 D/QtiGsmDCT( 3447): [0]fetchDunApn: config_tether_apndata dunSetting=null
04-11 20:48:46.866 D/DC-1    ( 3447): isInternetRequested = true
04-11 20:48:46.866 D/Dcc     ( 3447): onDataStateChanged: dcsList=[DataCallResponse: {version=11 status=0 retry=-1 cid=0 active=2 type=IPV6 ifname=rmnet_data0 mtu=1500 addresses=[2a00:0f41:509d:3c49:86de:75f7:213a:3588/64] dnses=[2a01:1700:0003:ffff:0000:0000:0000:9822,2a01:1700:0002:ffff:0000:0000:0000:9f01] gateways=[fe80:0000:0000:0000:88b0:3588:9bd1:5a35] pcscf=[]}] mDcListActiveByCid={0={DC-1: State=DcActiveState mApnSetting=[ApnSettingV3] Orange Internet, 695, 26003, internetipv6, , , , , , 1, default | dun | hipri | supl, IPV6, IP, true, 0, 0, 1, false, 0, 0, 0, 0, , , 0, ,  RefCount=1 mCid=0 mCreateTime=-1 mLastastFailTime=-1 mLastFailCause=NONE mTag=2 mRetryManager=RetryManager: { forever=false maxRetry=10 curMaxRetry=0 retry=0 config={default_randomization=2000,5000,10000,20000,40000,80000:5000,160000:5000,320000:5000,640000:5000,1280000:5000,1800000:5000} retryArray={5000:2000 10000:2000 20000:2000 40000:2000 80000:5000 160000:5000 320000:5000 640000:5000 1280000:5000 1800000:5000 }} mLinkProperties={InterfaceName: rmnet_data0 LinkAddresses: [2a00:f41:509d:3c49:86de:75f7:213a:3588/64,]  Routes: [::/0 -> fe80::88b0:3588:9bd1:5a35 rmnet_data0,] DnsAddresses: [2a01:1700:3:ffff::9822,2a01:1700:2:ffff::9f01,] Domains: null MTU: 1500 TcpBufferSizes: 40778,244668,3461120,16777,140625,3461120} linkCapabilities=[ Transports: CELLULAR Capabilities: SUPL&DUN&INTERNET&NOT_RESTRICTED&TRUSTED&NOT_VPN LinkUpBandwidth>=5898Kbps LinkDnBandwidth>=14336Kbps Specifier: <2>] mApnContexts=[{mApnType=default mState=CONNECTED mWaitingApns={[[ApnSettingV3] Orange Internet, 695, 26003, internetipv6, , , , , , 1, default | dun | hipri | supl, IPV6, IP, true, 0, 0, 1, false, 0, 0, 0, 0, , , 0, , ]} mWaitingApnsPermanentFailureCountDown=1 mApnSetting={[ApnSettingV3] Orange Internet, 695, 26003, internetipv6, , , , , , 1, default | dun | hipri | supl, IPV6, IP, true, 0, 0, 1, false, 0, 0, 0, 0, , , 0, , } mReason=connected mDataEnabled=true mDependencyMet=true}]}}
04-11 20:48:46.866 D/Dcc     ( 3447): onDataStateChanged: dcsToRetry=[]
04-11 20:48:46.866 D/Dcc     ( 3447): onDataStateChanged: Found ConnId=0 newState=DataCallResponse: {version=11 status=0 retry=-1 cid=0 active=2 type=IPV6 ifname=rmnet_data0 mtu=1500 addresses=[2a00:0f41:509d:3c49:86de:75f7:213a:3588/64] dnses=[2a01:1700:0003:ffff:0000:0000:0000:9822,2a01:1700:0002:ffff:0000:0000:0000:9f01] gateways=[fe80:0000:0000:0000:88b0:3588:9bd1:5a35] pcscf=[]}
04-11 20:48:46.867 D/DataCallResponse( 3447): addr/pl=2a00:0f41:509d:3c49:86de:75f7:213a:3588/64
04-11 20:48:46.867 D/DC-1    ( 3447): MTU set by call response to: 1500
04-11 20:48:46.867 D/Dcc     ( 3447): onDataStateChanged: no change
04-11 20:48:46.867 D/Dcc     ( 3447): onDataStateChanged: Data Activity updated to NONE. isAnyDataCallActive = true isAnyDataCallDormant = false
04-11 20:48:46.867 D/Dcc     ( 3447): onDataStateChanged: Skip startNetStatPoll
04-11 20:48:46.867 D/Dcc     ( 3447): onDataStateChanged: dcsToRetry=[] apnsToCleanup=[]
04-11 20:48:46.867 D/Dcc     ( 3447): onDataStateChanged: X
04-11 20:48:46.867 D/DC-1    ( 3447): DcActiveState not handled msg.what=EVENT_DATA_CONNECTION_DRS_OR_RAT_CHANGED
04-11 20:48:46.867 D/DC-1    ( 3447): DcDefault msg=EVENT_DATA_CONNECTION_DRS_OR_RAT_CHANGED RefCount=1
04-11 20:48:46.867 D/DC-1    ( 3447): DcDefaultState: EVENT_DATA_CONNECTION_DRS_OR_RAT_CHANGED drs=0 mRilRat=15
04-11 20:48:46.867 D/QtiGsmDCT( 3447): [0]fetchDunApn: Ignore the dun apn in settings.db
04-11 20:48:46.894 D/QtiGsmDCT( 3447): [0]fetchDunApn: config_tether_apndata dunSetting=null
04-11 20:48:46.894 D/DC-1    ( 3447): isInternetRequested = true
04-11 20:48:46.895 D/DC-1    ( 3447): DcActiveState not handled msg.what=REQ_GET_LINK_PROPERTIES
04-11 20:48:46.895 D/DC-1    ( 3447): DcDefault msg=REQ_GET_LINK_PROPERTIES RefCount=1
04-11 20:48:46.895 D/DC-1    ( 3447): REQ_GET_LINK_PROPERTIES linkProperties{InterfaceName: rmnet_data0 LinkAddresses: [2a00:f41:509d:3c49:86de:75f7:213a:3588/64,]  Routes: [::/0 -> fe80::88b0:3588:9bd1:5a35 rmnet_data0,] DnsAddresses: [2a01:1700:3:ffff::9822,2a01:1700:2:ffff::9f01,] Domains: null MTU: 1500 TcpBufferSizes: 122334,734003,3461120,32040,192239,3461120}
04-11 20:48:46.895 D/QtiGsmDCT( 3447): [0]get active pdp is not null, return NetworkCapabilities for default
04-11 20:48:46.895 D/DC-1    ( 3447): DcActiveState not handled msg.what=REQ_GET_NETWORK_CAPABILITIES
04-11 20:48:46.895 D/DC-1    ( 3447): DcDefault msg=REQ_GET_NETWORK_CAPABILITIES RefCount=1
04-11 20:48:46.895 D/QtiGsmDCT( 3447): [0]fetchDunApn: Ignore the dun apn in settings.db
04-11 20:48:46.921 D/QtiGsmDCT( 3447): [0]fetchDunApn: config_tether_apndata dunSetting=null
04-11 20:48:46.921 D/DC-1    ( 3447): isInternetRequested = true
04-11 20:48:46.921 D/DC-1    ( 3447): REQ_GET_NETWORK_CAPABILITIES networkCapabilities[ Transports: CELLULAR Capabilities: SUPL&DUN&INTERNET&NOT_RESTRICTED&TRUSTED&NOT_VPN LinkUpBandwidth>=11264Kbps LinkDnBandwidth>=43008Kbps Specifier: <2>]
04-11 20:48:46.923 D/QtiGsmDCT( 3447): [0]isDataPossible(default): possible=true isDataAllowed=true apnTypePossible=true apnContextisEnabled=true apnContextState()=CONNECTED
04-11 20:48:46.923 D/QtiGsmDCT( 3447): [0]get active apn string for type:default
04-11 20:48:46.923 D/DCT     ( 3447): [ApnContext:default] getApnSetting: apnSetting=[ApnSettingV3] Orange Internet, 695, 26003, internetipv6, , , , , , 1, default | dun | hipri | supl, IPV6, IP, true, 0, 0, 1, false, 0, 0, 0, 0, , , 0, , 
04-11 20:48:46.925 D/TelephonyRegistry( 1891): Notify data connection state changed on sub: 2
04-11 20:48:46.925 D/TelephonyRegistry( 1891): Notify data connection state changed on sub: 2
04-11 20:48:46.925 D/TelephonyRegistry( 1891): Notify data connection state changed on sub: 2
04-11 20:48:46.925 D/TelephonyRegistry( 1891): Notify data connection state changed on sub: 2
04-11 20:48:46.925 D/TelephonyRegistry( 1891): Notify data connection state changed on sub: 2
04-11 20:48:46.926 D/TelephonyRegistry( 1891): broadcastPreciseDataConnectionStateChanged():state=2, apnType=default, smCause=(0), reason=null
04-11 20:48:46.929 V/LG-FASTDORMANCY( 3447): [DCH/FACH] FDCount : 0 intent received :android.intent.action.SERVICE_STATE
04-11 20:48:46.930 E/PHONE   ( 3447): ServiceState.getRadioTechnology() DEPRECATED will be removed *******
04-11 20:48:46.930 I/LG-FASTDORMANCY( 3447): [DCH/FACH] FDCount : 0 Service State is changed : 0 0 voice home data home Orange Orange 26003 Orange Orange 26003  UMTS HSPAP CSS not supported -1 -1 RoamInd=-1 DefRoamInd=-1 EmergOnly=false IsDataRoamingFromRegistration=false mIsVoiceSearching=false mIsDataSearching=false mVoiceNetworkName=null mDataNetworkName=null Check64QAM0 Dual carrier0
04-11 20:48:46.930 I/LG-FASTDORMANCY( 3447): [DCH/FACH] FDCount : 0 radioTech changed!! currenRT = 15 isChange?? true
04-11 20:48:46.931 I/LG-FASTDORMANCY( 3447): [DCH/FACH] FDCount : 0 Radio Tech changed.
04-11 20:48:46.931 D/QtiGsmDCT( 3447): [0]QtiDcTracker handleMessage msg={ when=-73ms what=270377 obj=android.os.AsyncResult@73d745e target=com.qti.internal.telephony.dataconnection.QtiDcTracker }
04-11 20:48:46.931 D/QtiGsmDCT( 3447): [0]handleMessage msg={ when=-73ms what=270377 obj=android.os.AsyncResult@73d745e target=com.qti.internal.telephony.dataconnection.QtiDcTracker }
04-11 20:48:46.931 D/QtiGsmDCT( 3447): [0]onUpdateIcc: newIccRecords com.android.internal.telephony.uicc.SIMRecords
04-11 20:48:46.932 D/LG-FASTDORMANCY( 3447): [DCH/FACH] FDCount : 0 isUMTS(): RadioTech(15)
04-11 20:48:46.935 D/QtiGsmDCT( 3447): [0]getDataOnRoamingEnabled: phoneSubId=2 isDataRoamingEnabled=false
04-11 20:48:46.936 D/QtiGsmDCT( 3447): [0]getDataEnabled: getIntWithSubId retVal=true
04-11 20:48:46.936 D/GsmSST  ( 3447): [GsmSST] getCellLocation(): X good mCellLoc=[57330,46057510,472]
04-11 20:48:46.940 D/QtiGsmDCT( 3447): [0]getDataEnabled: getIntWithSubId retVal=true
04-11 20:48:46.947 D/RILJ    ( 3447): [5327]> REQUEST_GET_NEIGHBORING_CELL_IDS [SUB0]
04-11 20:48:46.948 D/RILC    (  370): SOCKET RIL_SOCKET_1 REQUEST: GET_NEIGHBORING_CELL_IDS length:8
04-11 20:48:46.949 I/RILQ    (  370): (0/370):RIL[0][main] qcril_qmi_nas_get_neighboring_cell_ids: completed with 0
04-11 20:48:46.951 I/RILQ    (  370): (0/370):RIL[0][qmi_cb] qcril_qmi_nas_get_neighboring_cells_cb: .. qmi error 0, resultqmi  0, qmi transp_err 0, ril res 0
04-11 20:48:46.952 D/RILC    (  370): RequestComplete, RIL_SOCKET_1
04-11 20:48:46.952 E/RILC    (  370): Send Response to RIL_SOCKET_1
04-11 20:48:46.952 E/RILC    (  370): RIL Response bytes written:4
04-11 20:48:46.952 E/RILC    (  370): RIL Response bytes written:156
04-11 20:48:46.952 I/RILQ    (  370): (0/370):RIL[0][qmi_cb] qcril_qmi_nas_get_neighboring_cells_cb: completed with 0 with 5 entries
04-11 20:48:46.954 D/RILJ    ( 3447): [5327]< REQUEST_GET_NEIGHBORING_CELL_IDS {[[]] [[]] [[]] [[]] [[]] } [SUB0]
04-11 20:48:46.957 D/RILJ    ( 3447): [5328]> RIL_REQUEST_GET_CELL_INFO_LIST [SUB0]
04-11 20:48:46.959 D/RILC    (  370): SOCKET RIL_SOCKET_1 REQUEST: GET_CELL_INFO_LIST length:8
04-11 20:48:46.963 D/RILC    (  370): RequestComplete, RIL_SOCKET_1
04-11 20:48:46.963 E/RILC    (  370): Send Response to RIL_SOCKET_1
04-11 20:48:46.963 E/RILC    (  370): RIL Response bytes written:4
04-11 20:48:46.964 D/RILJ    ( 3447): [5328]< RIL_REQUEST_GET_CELL_INFO_LIST [CellInfoWcdma:{mRegistered=YES mTimeStampType=oem_ril mTimeStamp=3425676306083ns CellIdentityWcdma:{ mMcc=260 mMnc=3 mLac=57330 mCid=46057510 mPsc=472} CellSignalStrengthWcdma: ss=14 ber=99}, CellInfoWcdma:{mRegistered=NO mTimeStampType=oem_ril mTimeStamp=3425676306083ns CellIdentityWcdma:{ mMcc=2147483647 mMnc=2147483647 mLac=2147483647 mCid=2147483647 mPsc=294} CellSignalStrengthWcdma: ss=12 ber=99}, CellInfoWcdma:{mRegistered=NO mTimeStampType=oem_ril mTimeStamp=3425676306083ns CellIdentityWcdma:{ mMcc=2147483647 mMnc=2147483647 mLac=2147483647 mCid=2147483647 mPsc=20} CellSignalStrengthWcdma: ss=12 ber=99}, CellInfoWcdma:{mRegistered=NO mTimeStampType=oem_ril mTimeStamp=3425676306083ns CellIdentityWcdma:{ mMcc=2147483647 mMnc=2147483647 mLac=2147483647 mCid=2147483647 mPsc=296} CellSignalStrengthWcdma: ss=11 ber=99}, CellInfoWcdma:{mRegistered=NO mTimeStampType=oem_ril mTimeStamp=3425676306083ns CellIdentityWcdma:{ mMcc=2147483647 mMnc=2147483647 mLac=2147483647 mCid=2147483647 mPsc=62} CellSignalStrengthWcdma: ss=11 ber=99}, CellInfoWcdma:{mRegistered=NO mTimeStampType=oem_ril mTimeStamp=3425676306083ns CellIdentityWcdma:{ mMcc=2147483647 mMnc=2147483647 mLac=2147483647 mCid=2147483647 mPsc=289} CellSignalStrengthWcdma: ss=10 ber=99}] [SUB0]
04-11 20:48:46.964 E/RILC    (  370): RIL Response bytes written:304
04-11 20:48:46.965 D/GsmSST  ( 3447): [GsmSST] SST.getAllCellInfo(): X size=6 list=[CellInfoWcdma:{mRegistered=YES mTimeStampType=oem_ril mTimeStamp=3425676306083ns CellIdentityWcdma:{ mMcc=260 mMnc=3 mLac=57330 mCid=46057510 mPsc=472} CellSignalStrengthWcdma: ss=14 ber=99}, CellInfoWcdma:{mRegistered=NO mTimeStampType=oem_ril mTimeStamp=3425676306083ns CellIdentityWcdma:{ mMcc=2147483647 mMnc=2147483647 mLac=2147483647 mCid=2147483647 mPsc=294} CellSignalStrengthWcdma: ss=12 ber=99}, CellInfoWcdma:{mRegistered=NO mTimeStampType=oem_ril mTimeStamp=3425676306083ns CellIdentityWcdma:{ mMcc=2147483647 mMnc=2147483647 mLac=2147483647 mCid=2147483647 mPsc=20} CellSignalStrengthWcdma: ss=12 ber=99}, CellInfoWcdma:{mRegistered=NO mTimeStampType=oem_ril mTimeStamp=3425676306083ns CellIdentityWcdma:{ mMcc=2147483647 mMnc=2147483647 mLac=2147483647 mCid=2147483647 mPsc=296} CellSignalStrengthWcdma: ss=11 ber=99}, CellInfoWcdma:{mRegistered=NO mTimeStampType=oem_ril mTimeStamp=3425676306083ns CellIdentityWcdma:{ mMcc=2147483647 mMnc=2147483647 mLac=2147483647 mCid=2147483647 mPsc=62} CellSignalStrengthWcdma: ss=11 ber=99}, CellInfoWcdma:{mRegistered=NO mTimeStampType=oem_ril mTimeStamp=3425676306083ns CellIdentityWcdma:{ mMcc=2147483647 mMnc=2147483647 mLac=2147483647 mCid=2147483647 mPsc=289} CellSignalStrengthWcdma: ss=10 ber=99}]
04-11 20:48:46.969 D/GsmSST  ( 3447): [GsmSST] getCellLocation(): X good mCellLoc=[57330,46057510,472]
04-11 20:48:47.828 V/LG-FASTDORMANCY( 3447): [DCH/FACH] FDCount : 0 intent received :com.android.internal.telephony.ACTION_CHECK_NETSTAT
04-11 20:48:47.832 V/LG-FASTDORMANCY( 3447): [DCH/FACH] FDCount : 0 prev: TxPkts(23454), RxPkts(27662)
04-11 20:48:47.832 V/LG-FASTDORMANCY( 3447): [DCH/FACH] FDCount : 0 curr: TxPkts(23474), RxPkts(27677)
04-11 20:48:47.833 I/LG-FASTDORMANCY( 3447): [DCH/FACH] FDCount : 0 Scheduling checkNetStat for 1000msec, current state is [DCH/FACH] FDCount : 0 
04-11 20:48:48.837 V/LG-FASTDORMANCY( 3447): [DCH/FACH] FDCount : 0 intent received :com.android.internal.telephony.ACTION_CHECK_NETSTAT
04-11 20:48:48.841 V/LG-FASTDORMANCY( 3447): [DCH/FACH] FDCount : 0 prev: TxPkts(23474), RxPkts(27677)
04-11 20:48:48.841 V/LG-FASTDORMANCY( 3447): [DCH/FACH] FDCount : 0 curr: TxPkts(23474), RxPkts(27677)
04-11 20:48:48.842 I/LG-FASTDORMANCY( 3447): [DCH/FACH] FDCount : 1 Scheduling checkNetStat for 1000msec, current state is [DCH/FACH] FDCount : 1 
04-11 20:48:49.846 V/LG-FASTDORMANCY( 3447): [DCH/FACH] FDCount : 1 intent received :com.android.internal.telephony.ACTION_CHECK_NETSTAT
04-11 20:48:49.850 V/LG-FASTDORMANCY( 3447): [DCH/FACH] FDCount : 1 prev: TxPkts(23474), RxPkts(27677)
04-11 20:48:49.850 V/LG-FASTDORMANCY( 3447): [DCH/FACH] FDCount : 1 curr: TxPkts(23474), RxPkts(27677)
04-11 20:48:49.851 I/LG-FASTDORMANCY( 3447): [DCH/FACH] FDCount : 2 Scheduling checkNetStat for 1000msec, current state is [DCH/FACH] FDCount : 2 
04-11 20:48:50.854 V/LG-FASTDORMANCY( 3447): [DCH/FACH] FDCount : 2 intent received :com.android.internal.telephony.ACTION_CHECK_NETSTAT
04-11 20:48:50.859 V/LG-FASTDORMANCY( 3447): [DCH/FACH] FDCount : 2 prev: TxPkts(23474), RxPkts(27677)
04-11 20:48:50.860 V/LG-FASTDORMANCY( 3447): [DCH/FACH] FDCount : 2 curr: TxPkts(23474), RxPkts(27677)
04-11 20:48:50.860 I/LG-FASTDORMANCY( 3447): [DCH/FACH] FDCount : 3 Scheduling checkNetStat for 1000msec, current state is [DCH/FACH] FDCount : 3 
04-11 20:48:51.864 V/LG-FASTDORMANCY( 3447): [DCH/FACH] FDCount : 3 intent received :com.android.internal.telephony.ACTION_CHECK_NETSTAT
04-11 20:48:51.870 V/LG-FASTDORMANCY( 3447): [DCH/FACH] FDCount : 3 prev: TxPkts(23474), RxPkts(27677)
04-11 20:48:51.870 V/LG-FASTDORMANCY( 3447): [DCH/FACH] FDCount : 3 curr: TxPkts(23474), RxPkts(27677)
04-11 20:48:51.871 I/LG-FASTDORMANCY( 3447): [DCH/FACH] FDCount : 4 Scheduling checkNetStat for 1000msec, current state is [DCH/FACH] FDCount : 4 
04-11 20:48:52.874 V/LG-FASTDORMANCY( 3447): [DCH/FACH] FDCount : 4 intent received :com.android.internal.telephony.ACTION_CHECK_NETSTAT
04-11 20:48:52.878 V/LG-FASTDORMANCY( 3447): [DCH/FACH] FDCount : 4 prev: TxPkts(23474), RxPkts(27677)
04-11 20:48:52.878 V/LG-FASTDORMANCY( 3447): [DCH/FACH] FDCount : 4 curr: TxPkts(23474), RxPkts(27677)
04-11 20:48:52.879 I/LG-FASTDORMANCY( 3447): [DCH/FACH] FDCount : 5 Scheduling checkNetStat for 1000msec, current state is [DCH/FACH] FDCount : 5 
04-11 20:48:53.881 V/LG-FASTDORMANCY( 3447): [DCH/FACH] FDCount : 5 intent received :com.android.internal.telephony.ACTION_CHECK_NETSTAT
04-11 20:48:53.884 V/LG-FASTDORMANCY( 3447): [DCH/FACH] FDCount : 5 prev: TxPkts(23474), RxPkts(27677)
04-11 20:48:53.884 V/LG-FASTDORMANCY( 3447): [DCH/FACH] FDCount : 5 curr: TxPkts(23474), RxPkts(27677)
04-11 20:48:53.885 V/LG-FASTDORMANCY( 3447): [DCH/FACH] FDCount : 6 isRetryNeeded(): mRetryCount: 0, MaxRetry: 1
04-11 20:48:53.887 D/LG-FASTDORMANCY( 3447): [DCH/FACH] FDCount : 6 isUMTS(): RadioTech(15)
04-11 20:48:53.887 D/LG-FASTDORMANCY( 3447): [DCH/FACH] FDCount : 6 triggerGoDormant() using qcRilGoDormant with GO_DORMANT_INTERFACE_ALL
04-11 20:48:53.889 E/RILQ    (  370): (0/370): RIL[0][oem_socket0] void qcril_qmi_generic_socket_agent::recv_thread_func(): read 4 bytes length message with length 28
04-11 20:48:53.889 E/RILQ    (  370): (0/370): RIL[0][oem_socket0] qcril_data_iface_go_dormant:  binding v6 handle to IPV6 family failed rc=-1, qmi_err=0
04-11 20:48:53.895 E/RILQ    (  370): (0/370): RIL[0][oem_socket0] qcril_data_process_qcrilhook_go_dormant: invalid dev_instance [-1] derived for index [1]
04-11 20:48:53.895 E/RILQ    (  370): (0/370): RIL[0][oem_socket0] qcril_data_process_qcrilhook_go_dormant: invalid dev_instance [-1] derived for index [2]
04-11 20:48:53.895 E/RILQ    (  370): (0/370): RIL[0][oem_socket0] qcril_data_process_qcrilhook_go_dormant: invalid dev_instance [-1] derived for index [3]
04-11 20:48:53.895 E/RILQ    (  370): (0/370): RIL[0][oem_socket0] qcril_data_process_qcrilhook_go_dormant: invalid dev_instance [-1] derived for index [4]
04-11 20:48:53.895 E/RILQ    (  370): (0/370): RIL[0][oem_socket0] qcril_data_process_qcrilhook_go_dormant: invalid dev_instance [-1] derived for index [5]
04-11 20:48:53.895 E/RILQ    (  370): (0/370): RIL[0][oem_socket0] qcril_data_process_qcrilhook_go_dormant: invalid dev_instance [-1] derived for index [6]
04-11 20:48:53.895 E/RILQ    (  370): (0/370): RIL[0][oem_socket0] qcril_data_process_qcrilhook_go_dormant: invalid dev_instance [-1] derived for index [7]
04-11 20:48:53.895 E/RILQ    (  370): (0/370): RIL[0][oem_socket0] qcril_data_process_qcrilhook_go_dormant: invalid dev_instance [-1] derived for index [8]
04-11 20:48:53.895 E/RILQ    (  370): (0/370): RIL[0][oem_socket0] qcril_data_process_qcrilhook_go_dormant: invalid dev_instance [-1] derived for index [9]
04-11 20:48:53.895 E/RILQ    (  370): (0/370): RIL[0][oem_socket0] qcril_data_process_qcrilhook_go_dormant: invalid dev_instance [-1] derived for index [10]
04-11 20:48:53.895 E/RILQ    (  370): (0/370): RIL[0][oem_socket0] qcril_data_process_qcrilhook_go_dormant: invalid dev_instance [-1] derived for index [11]
04-11 20:48:53.895 E/RILQ    (  370): (0/370): RIL[0][oem_socket0] qcril_data_process_qcrilhook_go_dormant: invalid dev_instance [-1] derived for index [12]
04-11 20:48:53.895 E/RILQ    (  370): (0/370): RIL[0][oem_socket0] qcril_data_process_qcrilhook_go_dormant: invalid dev_instance [-1] derived for index [13]
04-11 20:48:53.895 E/RILQ    (  370): (0/370): RIL[0][oem_socket0] qcril_data_process_qcrilhook_go_dormant: invalid dev_instance [-1] derived for index [14]
04-11 20:48:53.895 E/RILQ    (  370): (0/370): RIL[0][oem_socket0] qcril_data_process_qcrilhook_go_dormant: invalid dev_instance [-1] derived for index [15]
04-11 20:48:53.895 E/RILQ    (  370): (0/370): RIL[0][oem_socket0] qcril_data_process_qcrilhook_go_dormant: invalid dev_instance [-1] derived for index [16]
04-11 20:48:53.895 E/RILQ    (  370): (0/370): RIL[0][oem_socket0] qcril_data_process_qcrilhook_go_dormant: invalid dev_instance [-1] derived for index [17]
04-11 20:48:53.895 E/RILQ    (  370): (0/370): RIL[0][oem_socket0] qcril_data_process_qcrilhook_go_dormant: invalid dev_instance [-1] derived for index [18]
04-11 20:48:53.895 E/RILQ    (  370): (0/370): RIL[0][oem_socket0] qcril_data_process_qcrilhook_go_dormant: invalid dev_instance [-1] derived for index [19]
04-11 20:48:53.897 V/LG-FASTDORMANCY( 3447): [DCH/FACH] FDCount : 0 increaseCount(): mRetryCount: 1
04-11 20:48:53.898 I/LG-FASTDORMANCY( 3447): [DCH/FACH] FDCount : 0 Scheduling checkNetStat for 1000msec, current state is [DCH/FACH] FDCount : 0 
04-11 20:48:54.016 I/RILC    (  370): RIL_SOCKET_1 UNSOLICITED: RIL_UNSOL_LTE_REJECT_CAUSE length:16
04-11 20:48:54.016 E/RILC    (  370): Send Response to RIL_SOCKET_1
04-11 20:48:54.016 E/RILC    (  370): RIL Response bytes written:4
04-11 20:48:54.016 D/RILJ    ( 3447): [UNSL]< RIL_UNSOL_LTE_REJECT_CAUSE {15} [SUB0]
04-11 20:48:54.017 E/RILC    (  370): RIL Response bytes written:16
04-11 20:48:54.021 I/RILC    (  370): RIL_SOCKET_1 UNSOLICITED: UNSOL_OEM_HOOK_RAW length:32
04-11 20:48:54.021 E/RILC    (  370): Send Response to RIL_SOCKET_1
04-11 20:48:54.021 E/RILC    (  370): RIL Response bytes written:4
04-11 20:48:54.021 V/RILJ    ( 3447): [UNSL]< UNSOL_OEM_HOOK_RAW 514f454d484f4f4bef0308000100000002 [SUB0]
04-11 20:48:54.021 D/RILJ    ( 3447): Oem ID in RIL_UNSOL_OEM_HOOK_RAW is QOEMHOOK
04-11 20:48:54.021 D/RILJ    ( 3447): OEM ID check Passed
04-11 20:48:54.021 D/RILJ    ( 3447): Response ID in RIL_UNSOL_OEM_HOOK_RAW is 525295
04-11 20:48:54.021 D/RILJ    ( 3447): Response ID 525295 is not served in this process.
04-11 20:48:54.021 E/RILC    (  370): RIL Response bytes written:32
04-11 20:48:54.024 I/RILC    (  370): RIL_SOCKET_1 UNSOLICITED: UNSOL_RESPONSE_VOICE_NETWORK_STATE_CHANGED length:8
04-11 20:48:54.024 E/RILC    (  370): Send Response to RIL_SOCKET_1
04-11 20:48:54.024 E/RILC    (  370): RIL Response bytes written:4
04-11 20:48:54.024 D/RILJ    ( 3447): [UNSL]< UNSOL_RESPONSE_VOICE_NETWORK_STATE_CHANGED [SUB0]
04-11 20:48:54.024 D/RILJ    ( 3447): [5329]> OPERATOR [SUB0]
04-11 20:48:54.026 D/RILJ    ( 3447): [5330]> DATA_REGISTRATION_STATE [SUB0]
04-11 20:48:54.026 D/RILC    (  370): SOCKET RIL_SOCKET_1 REQUEST: OPERATOR length:8
04-11 20:48:54.028 D/RILJ    ( 3447): [5331]> VOICE_REGISTRATION_STATE [SUB0]
04-11 20:48:54.028 E/RILC    (  370): RIL Response bytes written:8
04-11 20:48:54.028 D/RILC    (  370): SOCKET RIL_SOCKET_1 REQUEST: DATA_REGISTRATION_STATE length:8
04-11 20:48:54.029 D/RILJ    ( 3447): [5332]> QUERY_NETWORK_SELECTION_MODE [SUB0]
04-11 20:48:54.032 D/RILC    (  370): SOCKET RIL_SOCKET_1 REQUEST: VOICE_REGISTRATION_STATE length:8
04-11 20:48:54.033 D/RILC    (  370): SOCKET RIL_SOCKET_1 REQUEST: QUERY_NETWORK_SELECTION_MODE length:8
04-11 20:48:54.035 I/RILC    (  370): RIL_SOCKET_1 UNSOLICITED: UNSOL_DATA_CALL_LIST_CHANGED length:428
04-11 20:48:54.035 E/RILC    (  370): Send Response to RIL_SOCKET_1
04-11 20:48:54.035 E/RILC    (  370): RIL Response bytes written:4
04-11 20:48:54.036 D/RILJ    ( 3447): responseDataCallList ver=11 num=1 [SUB0]
04-11 20:48:54.036 D/RILJ    ( 3447): getDataCallResponse before ver=11 [SUB0]
04-11 20:48:54.036 D/RILJ    ( 3447): [UNSL]< UNSOL_DATA_CALL_LIST_CHANGED [DataCallResponse: {version=11 status=0 retry=-1 cid=0 active=1 type=IPV6 ifname=rmnet_data0 mtu=1500 addresses=[2a00:0f41:509d:3c49:86de:75f7:213a:3588/64] dnses=[2a01:1700:0003:ffff:0000:0000:0000:9822,2a01:1700:0002:ffff:0000:0000:0000:9f01] gateways=[fe80:0000:0000:0000:88b0:3588:9bd1:5a35] pcscf=[]}] [SUB0]
04-11 20:48:54.036 E/RILC    (  370): RIL Response bytes written:428
04-11 20:48:54.037 D/QtiGsmDCT( 3447): [0]QtiDcTracker handleMessage msg={ when=-1ms what=270340 obj=android.os.AsyncResult@d53603f target=com.qti.internal.telephony.dataconnection.QtiDcTracker }
04-11 20:48:54.037 I/LG-FASTDORMANCY( 3447): [DCH/FACH] FDCount : 0 Data call list changed.
04-11 20:48:54.037 D/QtiGsmDCT( 3447): [0]handleMessage msg={ when=-1ms what=270340 obj=android.os.AsyncResult@d53603f target=com.qti.internal.telephony.dataconnection.QtiDcTracker }
04-11 20:48:54.037 E/DATA    ( 3447): Unidentified event msg={ when=-1ms what=270340 obj=android.os.AsyncResult@d53603f target=com.qti.internal.telephony.dataconnection.QtiDcTracker }
04-11 20:48:54.037 I/LG-FASTDORMANCY( 3447): [DCH/FACH] FDCount : 0 [DataCallResponse: {version=11 status=0 retry=-1 cid=0 active=1 type=IPV6 ifname=rmnet_data0 mtu=1500 addresses=[2a00:0f41:509d:3c49:86de:75f7:213a:3588/64] dnses=[2a01:1700:0003:ffff:0000:0000:0000:9822,2a01:1700:0002:ffff:0000:0000:0000:9f01] gateways=[fe80:0000:0000:0000:88b0:3588:9bd1:5a35] pcscf=[]}]
04-11 20:48:54.037 I/LG-FASTDORMANCY( 3447): [DCH/FACH] FDCount : 0 prev:[DCH/FACH] FDCount : 0 , curr:true
04-11 20:48:54.037 D/QtiGsmDCT( 3447): [0]fetchDunApn: Ignore the dun apn in settings.db
04-11 20:48:54.037 D/RILC    (  370): RequestComplete, RIL_SOCKET_1
04-11 20:48:54.038 E/RILC    (  370): Send Response to RIL_SOCKET_1
04-11 20:48:54.038 E/RILC    (  370): RIL Response bytes written:4
04-11 20:48:54.038 E/RILC    (  370): RIL Response bytes written:72
04-11 20:48:54.038 D/RILJ    ( 3447): [5329]< OPERATOR {Orange, Orange, 26003} [SUB0]
04-11 20:48:54.040 D/RILC    (  370): RequestComplete, RIL_SOCKET_1
04-11 20:48:54.040 E/RILC    (  370): Send Response to RIL_SOCKET_1
04-11 20:48:54.040 E/RILC    (  370): RIL Response bytes written:4
04-11 20:48:54.041 E/RILC    (  370): RIL Response bytes written:120
04-11 20:48:54.041 D/RILJ    ( 3447): [5330]< DATA_REGISTRATION_STATE {1, dff2, 02bec826, 15, null, 20, null, null, null, null, null, 0} [SUB0]
04-11 20:48:54.041 D/GsmSST  ( 3447): isSFROperators result = false
04-11 20:48:54.041 D/PHONE   ( 3447): [ServiceState] setDataRegState=0
04-11 20:48:54.041 D/PHONE   ( 3447): [ServiceState] setDataRadioTechnology=15
04-11 20:48:54.041 D/GsmSST  ( 3447): [GsmSST] LOGRadioInfo : In Service
04-11 20:48:54.041 D/GsmSST  ( 3447): [GsmSST] handlPollStateResultMessage: GsmSST setDataRegState=0 regState=1 dataRadioTechnology=15
04-11 20:48:54.041 D/LG-FASTDORMANCY( 3447): [DCH/FACH] FDCount : 0 isUMTS(): RadioTech(15)
04-11 20:48:54.042 D/LG-FASTDORMANCY( 3447): [DCH/FACH] FDCount : 0 Exit from DCH or FACH State
04-11 20:48:54.042 D/LG-FASTDORMANCY( 3447): [IDLE] Enter to IDLE State
04-11 20:48:54.043 D/RILC    (  370): RequestComplete, RIL_SOCKET_1
04-11 20:48:54.043 E/RILC    (  370): Send Response to RIL_SOCKET_1
04-11 20:48:54.044 D/LG-FASTDORMANCY( 3447): [IDLE] isUMTS(): RadioTech(15)
04-11 20:48:54.044 D/LG-FASTDORMANCY( 3447): [IDLE] resetAll()
04-11 20:48:54.044 E/RILC    (  370): RIL Response bytes written:4
04-11 20:48:54.044 D/RILJ    ( 3447): [5331]< VOICE_REGISTRATION_STATE {1, dff2, 02bec826, 3, null, null, null, 0, null, null, 1, null, null, 0, 1d8} [SUB0]
04-11 20:48:54.044 E/RILC    (  370): RIL Response bytes written:136
04-11 20:48:54.045 D/PHONE   ( 3447): [ServiceState] setVoiceRegState=0
04-11 20:48:54.045 E/PHONE   ( 3447): [ServiceState] setState deprecated use setVoiceRegState()
04-11 20:48:54.046 D/GsmSST  ( 3447): [GsmSST] LOGRadioInfo : In Service
04-11 20:48:54.047 V/LG-FASTDORMANCY( 3447): [IDLE] prev: TxPkts(23474), RxPkts(27677)
04-11 20:48:54.047 V/LG-FASTDORMANCY( 3447): [IDLE] curr: TxPkts(23474), RxPkts(27677)
04-11 20:48:54.047 V/LG-FASTDORMANCY( 3447): [IDLE] resetCount(): mRetryCount: 0
04-11 20:48:54.048 D/RILC    (  370): RequestComplete, RIL_SOCKET_1
04-11 20:48:54.048 E/RILC    (  370): Send Response to RIL_SOCKET_1
04-11 20:48:54.048 E/RILC    (  370): RIL Response bytes written:4
04-11 20:48:54.048 D/RILJ    ( 3447): [5332]< QUERY_NETWORK_SELECTION_MODE {0} [SUB0]
04-11 20:48:54.048 E/RILC    (  370): RIL Response bytes written:20
04-11 20:48:54.051 D/GsmSST  ( 3447): [GsmSST] Poll ServiceState done:  oldSS=[0 0 voice home data home Orange Orange 26003 Orange Orange 26003  UMTS HSPAP CSS not supported -1 -1 RoamInd=-1 DefRoamInd=-1 EmergOnly=false IsDataRoamingFromRegistration=false mIsVoiceSearching=false mIsDataSearching=false mVoiceNetworkName=null mDataNetworkName=null Check64QAM0 Dual carrier0] newSS=[0 0 voice home data home Orange Orange 26003 Orange Orange 26003  UMTS HSPAP CSS not supported -1 -1 RoamInd=-1 DefRoamInd=-1 EmergOnly=false IsDataRoamingFromRegistration=false mIsVoiceSearching=false mIsDataSearching=false mVoiceNetworkName=null mDataNetworkName=null Check64QAM0 Dual carrier0] oldMaxDataCalls=20 mNewMaxDataCalls=20 oldReasonDataDenied=-1 mNewReasonDataDenied=-1
04-11 20:48:54.051 D/PHONE   ( 3447): [ServiceState] setNullState=1
04-11 20:48:54.068 D/QtiGsmDCT( 3447): [0]fetchDunApn: config_tether_apndata dunSetting=null
04-11 20:48:54.068 D/DC-1    ( 3447): isInternetRequested = true
04-11 20:48:54.068 D/Dcc     ( 3447): onDataStateChanged: dcsList=[DataCallResponse: {version=11 status=0 retry=-1 cid=0 active=1 type=IPV6 ifname=rmnet_data0 mtu=1500 addresses=[2a00:0f41:509d:3c49:86de:75f7:213a:3588/64] dnses=[2a01:1700:0003:ffff:0000:0000:0000:9822,2a01:1700:0002:ffff:0000:0000:0000:9f01] gateways=[fe80:0000:0000:0000:88b0:3588:9bd1:5a35] pcscf=[]}] mDcListActiveByCid={0={DC-1: State=DcActiveState mApnSetting=[ApnSettingV3] Orange Internet, 695, 26003, internetipv6, , , , , , 1, default | dun | hipri | supl, IPV6, IP, true, 0, 0, 1, false, 0, 0, 0, 0, , , 0, ,  RefCount=1 mCid=0 mCreateTime=-1 mLastastFailTime=-1 mLastFailCause=NONE mTag=2 mRetryManager=RetryManager: { forever=false maxRetry=10 curMaxRetry=0 retry=0 config={default_randomization=2000,5000,10000,20000,40000,80000:5000,160000:5000,320000:5000,640000:5000,1280000:5000,1800000:5000} retryArray={5000:2000 10000:2000 20000:2000 40000:2000 80000:5000 160000:5000 320000:5000 640000:5000 1280000:5000 1800000:5000 }} mLinkProperties={InterfaceName: rmnet_data0 LinkAddresses: [2a00:f41:509d:3c49:86de:75f7:213a:3588/64,]  Routes: [::/0 -> fe80::88b0:3588:9bd1:5a35 rmnet_data0,] DnsAddresses: [2a01:1700:3:ffff::9822,2a01:1700:2:ffff::9f01,] Domains: null MTU: 1500 TcpBufferSizes: 122334,734003,3461120,32040,192239,3461120} linkCapabilities=[ Transports: CELLULAR Capabilities: SUPL&DUN&INTERNET&NOT_RESTRICTED&TRUSTED&NOT_VPN LinkUpBandwidth>=11264Kbps LinkDnBandwidth>=43008Kbps Specifier: <2>] mApnContexts=[{mApnType=default mState=CONNECTED mWaitingApns={[[ApnSettingV3] Orange Internet, 695, 26003, internetipv6, , , , , , 1, default | dun | hipri | supl, IPV6, IP, true, 0, 0, 1, false, 0, 0, 0, 0, , , 0, , ]} mWaitingApnsPermanentFailureCountDown=1 mApnSetting={[ApnSettingV3] Orange Internet, 695, 26003, internetipv6, , , , , , 1, default | dun | hipri | supl, IPV6, IP, true, 0, 0, 1, false, 0, 0, 0, 0, , , 0, , } mReason=connected mDataEnabled=true mDependencyMet=true}]}}
04-11 20:48:54.068 D/Dcc     ( 3447): onDataStateChanged: dcsToRetry=[]
04-11 20:48:54.068 D/Dcc     ( 3447): onDataStateChanged: Found ConnId=0 newState=DataCallResponse: {version=11 status=0 retry=-1 cid=0 active=1 type=IPV6 ifname=rmnet_data0 mtu=1500 addresses=[2a00:0f41:509d:3c49:86de:75f7:213a:3588/64] dnses=[2a01:1700:0003:ffff:0000:0000:0000:9822,2a01:1700:0002:ffff:0000:0000:0000:9f01] gateways=[fe80:0000:0000:0000:88b0:3588:9bd1:5a35] pcscf=[]}
04-11 20:48:54.069 D/DataCallResponse( 3447): addr/pl=2a00:0f41:509d:3c49:86de:75f7:213a:3588/64
04-11 20:48:54.069 D/DC-1    ( 3447): MTU set by call response to: 1500
04-11 20:48:54.069 D/Dcc     ( 3447): onDataStateChanged: no change
04-11 20:48:54.069 D/Dcc     ( 3447): onDataStateChanged: Data Activity updated to DORMANT. stopNetStatePoll
04-11 20:48:54.069 D/Dcc     ( 3447): onDataStateChanged: Skip stopNetStatPoll
04-11 20:48:54.069 D/Dcc     ( 3447): onDataStateChanged: dcsToRetry=[] apnsToCleanup=[]
04-11 20:48:54.069 D/Dcc     ( 3447): onDataStateChanged: X
04-11 20:48:54.236 I/RILC    (  370): RIL_SOCKET_1 UNSOLICITED: RIL_UNSOL_LTE_REJECT_CAUSE length:16
04-11 20:48:54.236 E/RILC    (  370): Send Response to RIL_SOCKET_1
04-11 20:48:54.236 E/RILC    (  370): RIL Response bytes written:4
04-11 20:48:54.236 D/RILJ    ( 3447): [UNSL]< RIL_UNSOL_LTE_REJECT_CAUSE {15} [SUB0]
04-11 20:48:54.236 E/RILC    (  370): RIL Response bytes written:16
04-11 20:48:54.241 I/RILC    (  370): RIL_SOCKET_1 UNSOLICITED: UNSOL_OEM_HOOK_RAW length:32
04-11 20:48:54.241 E/RILC    (  370): Send Response to RIL_SOCKET_1
04-11 20:48:54.241 E/RILC    (  370): RIL Response bytes written:4
04-11 20:48:54.241 V/RILJ    ( 3447): [UNSL]< UNSOL_OEM_HOOK_RAW 514f454d484f4f4bef0308000100000002 [SUB0]
04-11 20:48:54.241 D/RILJ    ( 3447): Oem ID in RIL_UNSOL_OEM_HOOK_RAW is QOEMHOOK
04-11 20:48:54.241 D/RILJ    ( 3447): OEM ID check Passed
04-11 20:48:54.241 D/RILJ    ( 3447): Response ID in RIL_UNSOL_OEM_HOOK_RAW is 525295
04-11 20:48:54.241 D/RILJ    ( 3447): Response ID 525295 is not served in this process.
04-11 20:48:54.242 E/RILC    (  370): RIL Response bytes written:32
04-11 20:48:54.244 I/RILC    (  370): RIL_SOCKET_1 UNSOLICITED: UNSOL_RESPONSE_VOICE_NETWORK_STATE_CHANGED length:8
04-11 20:48:54.244 E/RILC    (  370): Send Response to RIL_SOCKET_1
04-11 20:48:54.244 E/RILC    (  370): RIL Response bytes written:4
04-11 20:48:54.244 D/RILJ    ( 3447): [UNSL]< UNSOL_RESPONSE_VOICE_NETWORK_STATE_CHANGED [SUB0]
04-11 20:48:54.244 E/RILC    (  370): RIL Response bytes written:8
04-11 20:48:54.245 D/RILJ    ( 3447): [5333]> OPERATOR [SUB0]
04-11 20:48:54.246 D/RILJ    ( 3447): [5334]> DATA_REGISTRATION_STATE [SUB0]
04-11 20:48:54.246 I/RILQ    (  370): (0/370):RIL[0][event] qcril_arb_set_dsd_sys_status: old_pref_data 1 - new_data_pref 1
