04-13 22:36:15.390   370 10463 E RILC    : RIL Response bytes written:120
04-13 22:36:15.391  3447  3768 D RILJ    : [9673]< DATA_REGISTRATION_STATE {1, dff2, 02be380c, 15, null, 20, null, null, null, null, null, 0} [SUB0]
04-13 22:36:15.391  3447  3447 D GsmSST  : isSFROperators result = false
04-13 22:36:15.391  3447  3447 D PHONE   : [ServiceState] setDataRegState=0
04-13 22:36:15.391  3447  3447 D PHONE   : [ServiceState] setDataRadioTechnology=15
04-13 22:36:15.391   370 10462 D RILC    : RequestComplete, RIL_SOCKET_1
04-13 22:36:15.391  3447  3447 D GsmSST  : [GsmSST] LOGRadioInfo : In Service
04-13 22:36:15.391   370 10462 E RILC    : Send Response to RIL_SOCKET_1
04-13 22:36:15.391  3447  3447 D GsmSST  : [GsmSST] handlPollStateResultMessage: GsmSST setDataRegState=0 regState=1 dataRadioTechnology=15
04-13 22:36:15.392   370 10462 E RILC    : RIL Response bytes written:4
04-13 22:36:15.392  3447  3768 D RILJ    : [9672]< OPERATOR {Orange, Orange, 26003} [SUB0]
04-13 22:36:15.392   370 10462 E RILC    : RIL Response bytes written:72
04-13 22:36:15.395   370 10464 D RILC    : RequestComplete, RIL_SOCKET_1
04-13 22:36:15.395   370 10464 E RILC    : Send Response to RIL_SOCKET_1
04-13 22:36:15.395   370 10464 E RILC    : RIL Response bytes written:4
04-13 22:36:15.395  3447  3768 D RILJ    : [9674]< VOICE_REGISTRATION_STATE {1, dff2, 02be380c, 3, null, null, null, 0, null, null, 1, null, null, 0, 126} [SUB0]
04-13 22:36:15.396   370 10464 E RILC    : RIL Response bytes written:136
04-13 22:36:15.396  3447  3447 D PHONE   : [ServiceState] setVoiceRegState=0
04-13 22:36:15.396  3447  3447 E PHONE   : [ServiceState] setState deprecated use setVoiceRegState()
04-13 22:36:15.396  3447  3447 D GsmSST  : [GsmSST] LOGRadioInfo : In Service
04-13 22:36:15.396   370 10465 D RILC    : RequestComplete, RIL_SOCKET_1
04-13 22:36:15.396   370 10465 E RILC    : Send Response to RIL_SOCKET_1
04-13 22:36:15.396   370 10465 E RILC    : RIL Response bytes written:4
04-13 22:36:15.396   370 10465 E RILC    : RIL Response bytes written:20
04-13 22:36:15.397  3447  3768 D RILJ    : [9675]< QUERY_NETWORK_SELECTION_MODE {0} [SUB0]
04-13 22:36:15.400  3447  3447 D GsmSST  : [GsmSST] Poll ServiceState done:  oldSS=[0 0 voice home data home Orange Orange 26003 Orange Orange 26003  UMTS HSPAP CSS not supported -1 -1 RoamInd=-1 DefRoamInd=-1 EmergOnly=false IsDataRoamingFromRegistration=false mIsVoiceSearching=false mIsDataSearching=false mVoiceNetworkName=null mDataNetworkName=null Check64QAM0 Dual carrier0] newSS=[0 0 voice home data home Orange Orange 26003 Orange Orange 26003  UMTS HSPAP CSS not supported -1 -1 RoamInd=-1 DefRoamInd=-1 EmergOnly=false IsDataRoamingFromRegistration=false mIsVoiceSearching=false mIsDataSearching=false mVoiceNetworkName=null mDataNetworkName=null Check64QAM0 Dual carrier0] oldMaxDataCalls=20 mNewMaxDataCalls=20 oldReasonDataDenied=-1 mNewReasonDataDenied=-1
04-13 22:36:15.400  3447  3447 D PHONE   : [ServiceState] setNullState=1
04-13 22:36:15.400  3447  3447 D GsmSST  : [GsmSST] getCellLocation(): X good mCellLoc=[57330,46020620,294]
04-13 22:36:15.401  1891  3504 D TelephonyRegistry: notifyCellLocationForSubscriber: subId=2 cellLocation=Bundle[mParcelledData.dataSize=64]
04-13 22:36:15.422  3447  5133 D GsmSST  : [GsmSST] getCellLocation(): X good mCellLoc=[57330,46020620,294]
04-13 22:36:15.442  3447  3447 D RILJ    : [9676]> REQUEST_GET_NEIGHBORING_CELL_IDS [SUB0]
04-13 22:36:15.445   370   667 D RILC    : SOCKET RIL_SOCKET_1 REQUEST: GET_NEIGHBORING_CELL_IDS length:8
04-13 22:36:15.446   370   667 I RILQ    : (0/370):RIL[0][main] qcril_qmi_nas_get_neighboring_cell_ids: completed with 0
04-13 22:36:15.455   370   740 I RILQ    : (0/370):RIL[0][qmi_cb] qcril_qmi_nas_get_neighboring_cells_cb: .. qmi error 0, resultqmi  0, qmi transp_err 0, ril res 0
04-13 22:36:15.456   370   740 D RILC    : RequestComplete, RIL_SOCKET_1
04-13 22:36:15.456   370   740 E RILC    : Send Response to RIL_SOCKET_1
04-13 22:36:15.456   370   740 E RILC    : RIL Response bytes written:4
04-13 22:36:15.456   370   740 E RILC    : RIL Response bytes written:128
04-13 22:36:15.456   370   740 I RILQ    : (0/370):RIL[0][qmi_cb] qcril_qmi_nas_get_neighboring_cells_cb: completed with 0 with 4 entries
04-13 22:36:15.458  3447  3768 D RILJ    : [9676]< REQUEST_GET_NEIGHBORING_CELL_IDS {[[]] [[]] [[]] [[]] } [SUB0]
04-13 22:36:15.467  3447  3493 D RILJ    : [9677]> RIL_REQUEST_GET_CELL_INFO_LIST [SUB0]
04-13 22:36:15.469   370   667 D RILC    : SOCKET RIL_SOCKET_1 REQUEST: GET_CELL_INFO_LIST length:8
04-13 22:36:15.473   370 10470 D RILC    : RequestComplete, RIL_SOCKET_1
04-13 22:36:15.473   370 10470 E RILC    : Send Response to RIL_SOCKET_1
04-13 22:36:15.473   370 10470 E RILC    : RIL Response bytes written:4
04-13 22:36:15.473   370 10470 E RILC    : RIL Response bytes written:256
04-13 22:36:15.474  3447  3768 D RILJ    : [9677]< RIL_REQUEST_GET_CELL_INFO_LIST [CellInfoWcdma:{mRegistered=YES mTimeStampType=oem_ril mTimeStamp=34226440545089ns CellIdentityWcdma:{ mMcc=260 mMnc=3 mLac=57330 mCid=46020620 mPsc=472} CellSignalStrengthWcdma: ss=14 ber=99}, CellInfoWcdma:{mRegistered=NO mTimeStampType=oem_ril mTimeStamp=34226440545089ns CellIdentityWcdma:{ mMcc=2147483647 mMnc=2147483647 mLac=2147483647 mCid=2147483647 mPsc=20} CellSignalStrengthWcdma: ss=11 ber=99}, CellInfoWcdma:{mRegistered=NO mTimeStampType=oem_ril mTimeStamp=34226440545089ns CellIdentityWcdma:{ mMcc=2147483647 mMnc=2147483647 mLac=2147483647 mCid=2147483647 mPsc=62} CellSignalStrengthWcdma: ss=9 ber=99}, CellInfoWcdma:{mRegistered=NO mTimeStampType=oem_ril mTimeStamp=34226440545089ns CellIdentityWcdma:{ mMcc=2147483647 mMnc=2147483647 mLac=2147483647 mCid=2147483647 mPsc=382} CellSignalStrengthWcdma: ss=9 ber=99}, CellInfoWcdma:{mRegistered=NO mTimeStampType=oem_ril mTimeStamp=34226440545089ns CellIdentityWcdma:{ mMcc=2147483647 mMnc=2147483647 mLac=2147483647 mCid=2147483647 mPsc=278} CellSignalStrengthWcdma: ss=6 ber=99}] [SUB0]
04-13 22:36:15.477  3447  3493 D GsmSST  : [GsmSST] SST.getAllCellInfo(): X size=5 list=[CellInfoWcdma:{mRegistered=YES mTimeStampType=oem_ril mTimeStamp=34226440545089ns CellIdentityWcdma:{ mMcc=260 mMnc=3 mLac=57330 mCid=46020620 mPsc=472} CellSignalStrengthWcdma: ss=14 ber=99}, CellInfoWcdma:{mRegistered=NO mTimeStampType=oem_ril mTimeStamp=34226440545089ns CellIdentityWcdma:{ mMcc=2147483647 mMnc=2147483647 mLac=2147483647 mCid=2147483647 mPsc=20} CellSignalStrengthWcdma: ss=11 ber=99}, CellInfoWcdma:{mRegistered=NO mTimeStampType=oem_ril mTimeStamp=34226440545089ns CellIdentityWcdma:{ mMcc=2147483647 mMnc=2147483647 mLac=2147483647 mCid=2147483647 mPsc=62} CellSignalStrengthWcdma: ss=9 ber=99}, CellInfoWcdma:{mRegistered=NO mTimeStampType=oem_ril mTimeStamp=34226440545089ns CellIdentityWcdma:{ mMcc=2147483647 mMnc=2147483647 mLac=2147483647 mCid=2147483647 mPsc=382} CellSignalStrengthWcdma: ss=9 ber=99}, CellInfoWcdma:{mRegistered=NO mTimeStampType=oem_ril mTimeStamp=34226440545089ns CellIdentityWcdma:{ mMcc=2147483647 mMnc=2147483647 mLac=2147483647 mCid=2147483647 mPsc=278} CellSignalStrengthWcdma: ss=6 ber=99}]
04-13 22:36:15.483  3447  5044 D GsmSST  : [GsmSST] getCellLocation(): X good mCellLoc=[57330,46020620,294]
04-13 22:36:15.892  3447  3447 V LG-FASTDORMANCY: [DCH/FACH] FDCount : 2 intent received :com.android.internal.telephony.ACTION_CHECK_NETSTAT
04-13 22:36:15.899  3447  3835 V LG-FASTDORMANCY: [DCH/FACH] FDCount : 2 prev: TxPkts(161648), RxPkts(194375)
04-13 22:36:15.899  3447  3835 V LG-FASTDORMANCY: [DCH/FACH] FDCount : 2 curr: TxPkts(161648), RxPkts(194377)
04-13 22:36:15.901  3447  3835 I LG-FASTDORMANCY: [DCH/FACH] FDCount : 0 Scheduling checkNetStat for 1000msec, current state is [DCH/FACH] FDCount : 0 
04-13 22:36:15.921  3447  3447 D QtiGsmDCT: [0]updateDataActivity: curTxRxSum={txSum=161648 rxSum=194377} preTxRxSum={txSum=161648 rxSum=194375}
04-13 22:36:15.922  3447  3447 D QtiGsmDCT: [0]updateDataActivity: sent=0 received=2
04-13 22:36:15.922  3447  3447 D QtiGsmDCT: [0]updateDataActivity: newActivity=DATAIN
04-13 22:36:15.931  3447  5044 D QtiGsmDCT: [0]getDataEnabled: getIntWithSubId retVal=true
04-13 22:36:16.910  3447  3447 V LG-FASTDORMANCY: [DCH/FACH] FDCount : 0 intent received :com.android.internal.telephony.ACTION_CHECK_NETSTAT
04-13 22:36:16.915  3447  3835 V LG-FASTDORMANCY: [DCH/FACH] FDCount : 0 prev: TxPkts(161648), RxPkts(194377)
04-13 22:36:16.915  3447  3835 V LG-FASTDORMANCY: [DCH/FACH] FDCount : 0 curr: TxPkts(161650), RxPkts(194379)
04-13 22:36:16.916  3447  3835 I LG-FASTDORMANCY: [DCH/FACH] FDCount : 0 Scheduling checkNetStat for 1000msec, current state is [DCH/FACH] FDCount : 0 
04-13 22:36:16.928  3447  3447 D QtiGsmDCT: [0]updateDataActivity: curTxRxSum={txSum=161650 rxSum=194379} preTxRxSum={txSum=161648 rxSum=194377}
04-13 22:36:16.929  3447  3447 D QtiGsmDCT: [0]updateDataActivity: sent=2 received=2
04-13 22:36:16.929  3447  3447 D QtiGsmDCT: [0]updateDataActivity: newActivity=DATAINANDOUT
04-13 22:36:16.937  3447  3493 D QtiGsmDCT: [0]getDataEnabled: getIntWithSubId retVal=true
04-13 22:36:17.918  3447  3447 V LG-FASTDORMANCY: [DCH/FACH] FDCount : 0 intent received :com.android.internal.telephony.ACTION_CHECK_NETSTAT
04-13 22:36:17.922  3447  3835 V LG-FASTDORMANCY: [DCH/FACH] FDCount : 0 prev: TxPkts(161650), RxPkts(194379)
04-13 22:36:17.922  3447  3835 V LG-FASTDORMANCY: [DCH/FACH] FDCount : 0 curr: TxPkts(161668), RxPkts(194406)
04-13 22:36:17.923  3447  3835 I LG-FASTDORMANCY: [DCH/FACH] FDCount : 0 Scheduling checkNetStat for 1000msec, current state is [DCH/FACH] FDCount : 0 
04-13 22:36:17.934  3447  3447 D QtiGsmDCT: [0]updateDataActivity: curTxRxSum={txSum=161675 rxSum=194414} preTxRxSum={txSum=161650 rxSum=194379}
04-13 22:36:17.934  3447  3447 D QtiGsmDCT: [0]updateDataActivity: sent=25 received=35
04-13 22:36:18.925  3447  3447 V LG-FASTDORMANCY: [DCH/FACH] FDCount : 0 intent received :com.android.internal.telephony.ACTION_CHECK_NETSTAT
04-13 22:36:18.929  3447  3835 V LG-FASTDORMANCY: [DCH/FACH] FDCount : 0 prev: TxPkts(161668), RxPkts(194406)
04-13 22:36:18.930  3447  3835 V LG-FASTDORMANCY: [DCH/FACH] FDCount : 0 curr: TxPkts(161687), RxPkts(194434)
04-13 22:36:18.930  3447  3835 I LG-FASTDORMANCY: [DCH/FACH] FDCount : 0 Scheduling checkNetStat for 1000msec, current state is [DCH/FACH] FDCount : 0 
04-13 22:36:18.938  3447  3447 D QtiGsmDCT: [0]updateDataActivity: curTxRxSum={txSum=161687 rxSum=194434} preTxRxSum={txSum=161675 rxSum=194414}
04-13 22:36:18.938  3447  3447 D QtiGsmDCT: [0]updateDataActivity: sent=12 received=20
04-13 22:36:19.934  3447  3447 V LG-FASTDORMANCY: [DCH/FACH] FDCount : 0 intent received :com.android.internal.telephony.ACTION_CHECK_NETSTAT
04-13 22:36:19.940  3447  3835 V LG-FASTDORMANCY: [DCH/FACH] FDCount : 0 prev: TxPkts(161687), RxPkts(194434)
04-13 22:36:19.940  3447  3835 V LG-FASTDORMANCY: [DCH/FACH] FDCount : 0 curr: TxPkts(161699), RxPkts(194444)
04-13 22:36:19.941  3447  3835 I LG-FASTDORMANCY: [DCH/FACH] FDCount : 0 Scheduling checkNetStat for 1000msec, current state is [DCH/FACH] FDCount : 0 
04-13 22:36:19.943  3447  3447 D QtiGsmDCT: [0]updateDataActivity: curTxRxSum={txSum=161699 rxSum=194444} preTxRxSum={txSum=161687 rxSum=194434}
04-13 22:36:19.943  3447  3447 D QtiGsmDCT: [0]updateDataActivity: sent=12 received=10
04-13 22:36:20.947  3447  3447 D QtiGsmDCT: [0]updateDataActivity: curTxRxSum={txSum=161751 rxSum=194540} preTxRxSum={txSum=161699 rxSum=194444}
04-13 22:36:20.947  3447  3447 D QtiGsmDCT: [0]updateDataActivity: sent=52 received=96
04-13 22:36:20.947  3447  3447 V LG-FASTDORMANCY: [DCH/FACH] FDCount : 0 intent received :com.android.internal.telephony.ACTION_CHECK_NETSTAT
04-13 22:36:20.950  3447  3835 V LG-FASTDORMANCY: [DCH/FACH] FDCount : 0 prev: TxPkts(161699), RxPkts(194444)
04-13 22:36:20.950  3447  3835 V LG-FASTDORMANCY: [DCH/FACH] FDCount : 0 curr: TxPkts(161751), RxPkts(194540)
04-13 22:36:20.951  3447  3835 I LG-FASTDORMANCY: [DCH/FACH] FDCount : 0 Scheduling checkNetStat for 1000msec, current state is [DCH/FACH] FDCount : 0 
04-13 22:36:21.952  3447  3447 D QtiGsmDCT: [0]updateDataActivity: curTxRxSum={txSum=161861 rxSum=194638} preTxRxSum={txSum=161751 rxSum=194540}
04-13 22:36:21.952  3447  3447 D QtiGsmDCT: [0]updateDataActivity: sent=110 received=98
04-13 22:36:21.953  3447  3447 V LG-FASTDORMANCY: [DCH/FACH] FDCount : 0 intent received :com.android.internal.telephony.ACTION_CHECK_NETSTAT
04-13 22:36:21.957  3447  3835 V LG-FASTDORMANCY: [DCH/FACH] FDCount : 0 prev: TxPkts(161751), RxPkts(194540)
04-13 22:36:21.957  3447  3835 V LG-FASTDORMANCY: [DCH/FACH] FDCount : 0 curr: TxPkts(161861), RxPkts(194638)
04-13 22:36:21.957  3447  3835 I LG-FASTDORMANCY: [DCH/FACH] FDCount : 0 Scheduling checkNetStat for 1000msec, current state is [DCH/FACH] FDCount : 0 
04-13 22:36:22.957  3447  3447 D QtiGsmDCT: [0]updateDataActivity: curTxRxSum={txSum=162371 rxSum=195219} preTxRxSum={txSum=161861 rxSum=194638}
04-13 22:36:22.957  3447  3447 D QtiGsmDCT: [0]updateDataActivity: sent=510 received=581
04-13 22:36:22.960  3447  3447 V LG-FASTDORMANCY: [DCH/FACH] FDCount : 0 intent received :com.android.internal.telephony.ACTION_CHECK_NETSTAT
04-13 22:36:22.965  3447  3835 V LG-FASTDORMANCY: [DCH/FACH] FDCount : 0 prev: TxPkts(161861), RxPkts(194638)
04-13 22:36:22.965  3447  3835 V LG-FASTDORMANCY: [DCH/FACH] FDCount : 0 curr: TxPkts(162373), RxPkts(195221)
04-13 22:36:22.966  3447  3835 I LG-FASTDORMANCY: [DCH/FACH] FDCount : 0 Scheduling checkNetStat for 1000msec, current state is [DCH/FACH] FDCount : 0 
04-13 22:36:23.965  3447  3447 D QtiGsmDCT: [0]updateDataActivity: curTxRxSum={txSum=162445 rxSum=195297} preTxRxSum={txSum=162371 rxSum=195219}
04-13 22:36:23.965  3447  3447 D QtiGsmDCT: [0]updateDataActivity: sent=74 received=78
04-13 22:36:23.971  3447  3447 V LG-FASTDORMANCY: [DCH/FACH] FDCount : 0 intent received :com.android.internal.telephony.ACTION_CHECK_NETSTAT
04-13 22:36:23.978  3447  3835 V LG-FASTDORMANCY: [DCH/FACH] FDCount : 0 prev: TxPkts(162373), RxPkts(195221)
04-13 22:36:23.978  3447  3835 V LG-FASTDORMANCY: [DCH/FACH] FDCount : 0 curr: TxPkts(162445), RxPkts(195297)
04-13 22:36:23.981  3447  3835 I LG-FASTDORMANCY: [DCH/FACH] FDCount : 0 Scheduling checkNetStat for 1000msec, current state is [DCH/FACH] FDCount : 0 
04-13 22:36:24.970  3447  3447 D QtiGsmDCT: [0]updateDataActivity: curTxRxSum={txSum=162445 rxSum=195297} preTxRxSum={txSum=162445 rxSum=195297}
04-13 22:36:24.970  3447  3447 D QtiGsmDCT: [0]updateDataActivity: sent=0 received=0
04-13 22:36:24.970  3447  3447 D QtiGsmDCT: [0]updateDataActivity: newActivity=NONE
04-13 22:36:24.988  3447  3447 V LG-FASTDORMANCY: [DCH/FACH] FDCount : 0 intent received :com.android.internal.telephony.ACTION_CHECK_NETSTAT
04-13 22:36:24.998  3447  3493 D QtiGsmDCT: [0]getDataEnabled: getIntWithSubId retVal=true
04-13 22:36:25.004  3447  3835 V LG-FASTDORMANCY: [DCH/FACH] FDCount : 0 prev: TxPkts(162445), RxPkts(195297)
04-13 22:36:25.004  3447  3835 V LG-FASTDORMANCY: [DCH/FACH] FDCount : 0 curr: TxPkts(162445), RxPkts(195297)
04-13 22:36:25.014  3447  3835 I LG-FASTDORMANCY: [DCH/FACH] FDCount : 1 Scheduling checkNetStat for 1000msec, current state is [DCH/FACH] FDCount : 1 
04-13 22:36:25.983  3447  3447 D QtiGsmDCT: [0]updateDataActivity: curTxRxSum={txSum=162445 rxSum=195297} preTxRxSum={txSum=162445 rxSum=195297}
04-13 22:36:25.983  3447  3447 D QtiGsmDCT: [0]updateDataActivity: sent=0 received=0
04-13 22:36:26.023  3447  3447 V LG-FASTDORMANCY: [DCH/FACH] FDCount : 1 intent received :com.android.internal.telephony.ACTION_CHECK_NETSTAT
04-13 22:36:26.025  3447  3835 V LG-FASTDORMANCY: [DCH/FACH] FDCount : 1 prev: TxPkts(162445), RxPkts(195297)
04-13 22:36:26.026  3447  3835 V LG-FASTDORMANCY: [DCH/FACH] FDCount : 1 curr: TxPkts(162445), RxPkts(195297)
04-13 22:36:26.026  3447  3835 I LG-FASTDORMANCY: [DCH/FACH] FDCount : 2 Scheduling checkNetStat for 1000msec, current state is [DCH/FACH] FDCount : 2 
04-13 22:36:26.991  3447  3447 D QtiGsmDCT: [0]updateDataActivity: curTxRxSum={txSum=162446 rxSum=195298} preTxRxSum={txSum=162445 rxSum=195297}
04-13 22:36:26.991  3447  3447 D QtiGsmDCT: [0]updateDataActivity: sent=1 received=1
04-13 22:36:26.991  3447  3447 D QtiGsmDCT: [0]updateDataActivity: newActivity=DATAINANDOUT
04-13 22:36:27.005  3447  3490 D QtiGsmDCT: [0]getDataEnabled: getIntWithSubId retVal=true
04-13 22:36:27.036  3447  3447 V LG-FASTDORMANCY: [DCH/FACH] FDCount : 2 intent received :com.android.internal.telephony.ACTION_CHECK_NETSTAT
04-13 22:36:27.046  3447  3835 V LG-FASTDORMANCY: [DCH/FACH] FDCount : 2 prev: TxPkts(162445), RxPkts(195297)
04-13 22:36:27.046  3447  3835 V LG-FASTDORMANCY: [DCH/FACH] FDCount : 2 curr: TxPkts(162447), RxPkts(195299)
04-13 22:36:27.047  3447  3835 I LG-FASTDORMANCY: [DCH/FACH] FDCount : 0 Scheduling checkNetStat for 1000msec, current state is [DCH/FACH] FDCount : 0 
04-13 22:36:28.005  3447  3447 D QtiGsmDCT: [0]updateDataActivity: curTxRxSum={txSum=162481 rxSum=195343} preTxRxSum={txSum=162446 rxSum=195298}
04-13 22:36:28.005  3447  3447 D QtiGsmDCT: [0]updateDataActivity: sent=35 received=45
04-13 22:36:28.051  3447  3447 V LG-FASTDORMANCY: [DCH/FACH] FDCount : 0 intent received :com.android.internal.telephony.ACTION_CHECK_NETSTAT
04-13 22:36:28.055  3447  3835 V LG-FASTDORMANCY: [DCH/FACH] FDCount : 0 prev: TxPkts(162447), RxPkts(195299)
04-13 22:36:28.055  3447  3835 V LG-FASTDORMANCY: [DCH/FACH] FDCount : 0 curr: TxPkts(162481), RxPkts(195343)
04-13 22:36:28.056  3447  3835 I LG-FASTDORMANCY: [DCH/FACH] FDCount : 0 Scheduling checkNetStat for 1000msec, current state is [DCH/FACH] FDCount : 0 
04-13 22:36:29.009  3447  3447 D QtiGsmDCT: [0]updateDataActivity: curTxRxSum={txSum=162481 rxSum=195343} preTxRxSum={txSum=162481 rxSum=195343}
04-13 22:36:29.009  3447  3447 D QtiGsmDCT: [0]updateDataActivity: sent=0 received=0
04-13 22:36:29.009  3447  3447 D QtiGsmDCT: [0]updateDataActivity: newActivity=NONE
04-13 22:36:29.019  3447  5044 D QtiGsmDCT: [0]getDataEnabled: getIntWithSubId retVal=true
04-13 22:36:29.059  3447  3447 V LG-FASTDORMANCY: [DCH/FACH] FDCount : 0 intent received :com.android.internal.telephony.ACTION_CHECK_NETSTAT
04-13 22:36:29.066  3447  3835 V LG-FASTDORMANCY: [DCH/FACH] FDCount : 0 prev: TxPkts(162481), RxPkts(195343)
04-13 22:36:29.066  3447  3835 V LG-FASTDORMANCY: [DCH/FACH] FDCount : 0 curr: TxPkts(162481), RxPkts(195343)
04-13 22:36:29.066  3447  3835 I LG-FASTDORMANCY: [DCH/FACH] FDCount : 1 Scheduling checkNetStat for 1000msec, current state is [DCH/FACH] FDCount : 1 
04-13 22:36:30.020  3447  3447 D QtiGsmDCT: [0]updateDataActivity: curTxRxSum={txSum=162494 rxSum=195354} preTxRxSum={txSum=162481 rxSum=195343}
04-13 22:36:30.020  3447  3447 D QtiGsmDCT: [0]updateDataActivity: sent=13 received=11
04-13 22:36:30.020  3447  3447 D QtiGsmDCT: [0]updateDataActivity: newActivity=DATAINANDOUT
04-13 22:36:30.039  3447  5027 D QtiGsmDCT: [0]getDataEnabled: getIntWithSubId retVal=true
04-13 22:36:30.072  3447  3447 V LG-FASTDORMANCY: [DCH/FACH] FDCount : 1 intent received :com.android.internal.telephony.ACTION_CHECK_NETSTAT
04-13 22:36:30.083  3447  3835 V LG-FASTDORMANCY: [DCH/FACH] FDCount : 1 prev: TxPkts(162481), RxPkts(195343)
04-13 22:36:30.083  3447  3835 V LG-FASTDORMANCY: [DCH/FACH] FDCount : 1 curr: TxPkts(162494), RxPkts(195354)
04-13 22:36:30.088  3447  3835 I LG-FASTDORMANCY: [DCH/FACH] FDCount : 0 Scheduling checkNetStat for 1000msec, current state is [DCH/FACH] FDCount : 0 
04-13 22:36:31.031  3447  3447 D QtiGsmDCT: [0]updateDataActivity: curTxRxSum={txSum=162520 rxSum=195404} preTxRxSum={txSum=162494 rxSum=195354}
04-13 22:36:31.031  3447  3447 D QtiGsmDCT: [0]updateDataActivity: sent=26 received=50
04-13 22:36:31.092  3447  3447 V LG-FASTDORMANCY: [DCH/FACH] FDCount : 0 intent received :com.android.internal.telephony.ACTION_CHECK_NETSTAT
04-13 22:36:31.096  3447  3835 V LG-FASTDORMANCY: [DCH/FACH] FDCount : 0 prev: TxPkts(162494), RxPkts(195354)
04-13 22:36:31.096  3447  3835 V LG-FASTDORMANCY: [DCH/FACH] FDCount : 0 curr: TxPkts(162520), RxPkts(195404)
04-13 22:36:31.097  3447  3835 I LG-FASTDORMANCY: [DCH/FACH] FDCount : 0 Scheduling checkNetStat for 1000msec, current state is [DCH/FACH] FDCount : 0 
04-13 22:36:32.036  3447  3447 D QtiGsmDCT: [0]updateDataActivity: curTxRxSum={txSum=162520 rxSum=195404} preTxRxSum={txSum=162520 rxSum=195404}
04-13 22:36:32.036  3447  3447 D QtiGsmDCT: [0]updateDataActivity: sent=0 received=0
04-13 22:36:32.036  3447  3447 D QtiGsmDCT: [0]updateDataActivity: newActivity=NONE
04-13 22:36:32.048  3447  5027 D QtiGsmDCT: [0]getDataEnabled: getIntWithSubId retVal=true
04-13 22:36:32.101  3447  3447 V LG-FASTDORMANCY: [DCH/FACH] FDCount : 0 intent received :com.android.internal.telephony.ACTION_CHECK_NETSTAT
04-13 22:36:32.106  3447  3835 V LG-FASTDORMANCY: [DCH/FACH] FDCount : 0 prev: TxPkts(162520), RxPkts(195404)
04-13 22:36:32.106  3447  3835 V LG-FASTDORMANCY: [DCH/FACH] FDCount : 0 curr: TxPkts(162520), RxPkts(195404)
04-13 22:36:32.107  3447  3835 I LG-FASTDORMANCY: [DCH/FACH] FDCount : 1 Scheduling checkNetStat for 1000msec, current state is [DCH/FACH] FDCount : 1 
04-13 22:36:33.045  3447  3447 D QtiGsmDCT: [0]updateDataActivity: curTxRxSum={txSum=162533 rxSum=195415} preTxRxSum={txSum=162520 rxSum=195404}
04-13 22:36:33.045  3447  3447 D QtiGsmDCT: [0]updateDataActivity: sent=13 received=11
04-13 22:36:33.045  3447  3447 D QtiGsmDCT: [0]updateDataActivity: newActivity=DATAINANDOUT
04-13 22:36:33.058  3447  3867 D QtiGsmDCT: [0]getDataEnabled: getIntWithSubId retVal=true
04-13 22:36:33.111  3447  3447 V LG-FASTDORMANCY: [DCH/FACH] FDCount : 1 intent received :com.android.internal.telephony.ACTION_CHECK_NETSTAT
04-13 22:36:33.116  3447  3835 V LG-FASTDORMANCY: [DCH/FACH] FDCount : 1 prev: TxPkts(162520), RxPkts(195404)
04-13 22:36:33.116  3447  3835 V LG-FASTDORMANCY: [DCH/FACH] FDCount : 1 curr: TxPkts(162533), RxPkts(195415)
04-13 22:36:33.117  3447  3835 I LG-FASTDORMANCY: [DCH/FACH] FDCount : 0 Scheduling checkNetStat for 1000msec, current state is [DCH/FACH] FDCount : 0 
04-13 22:36:34.053  3447  3447 D QtiGsmDCT: [0]updateDataActivity: curTxRxSum={txSum=162595 rxSum=195533} preTxRxSum={txSum=162533 rxSum=195415}
04-13 22:36:34.053  3447  3447 D QtiGsmDCT: [0]updateDataActivity: sent=62 received=118
04-13 22:36:34.121  3447  3447 V LG-FASTDORMANCY: [DCH/FACH] FDCount : 0 intent received :com.android.internal.telephony.ACTION_CHECK_NETSTAT
04-13 22:36:34.125  3447  3835 V LG-FASTDORMANCY: [DCH/FACH] FDCount : 0 prev: TxPkts(162533), RxPkts(195415)
04-13 22:36:34.125  3447  3835 V LG-FASTDORMANCY: [DCH/FACH] FDCount : 0 curr: TxPkts(162595), RxPkts(195533)
04-13 22:36:34.126  3447  3835 I LG-FASTDORMANCY: [DCH/FACH] FDCount : 0 Scheduling checkNetStat for 1000msec, current state is [DCH/FACH] FDCount : 0 
04-13 22:36:35.057  3447  3447 D QtiGsmDCT: [0]updateDataActivity: curTxRxSum={txSum=163008 rxSum=196155} preTxRxSum={txSum=162595 rxSum=195533}
04-13 22:36:35.057  3447  3447 D QtiGsmDCT: [0]updateDataActivity: sent=413 received=622
04-13 22:36:35.132  3447  3447 V LG-FASTDORMANCY: [DCH/FACH] FDCount : 0 intent received :com.android.internal.telephony.ACTION_CHECK_NETSTAT
04-13 22:36:35.136  3447  3835 V LG-FASTDORMANCY: [DCH/FACH] FDCount : 0 prev: TxPkts(162595), RxPkts(195533)
04-13 22:36:35.136  3447  3835 V LG-FASTDORMANCY: [DCH/FACH] FDCount : 0 curr: TxPkts(163008), RxPkts(196157)
04-13 22:36:35.137  3447  3835 I LG-FASTDORMANCY: [DCH/FACH] FDCount : 0 Scheduling checkNetStat for 1000msec, current state is [DCH/FACH] FDCount : 0 
04-13 22:36:36.066  3447  3447 D QtiGsmDCT: [0]updateDataActivity: curTxRxSum={txSum=163008 rxSum=196157} preTxRxSum={txSum=163008 rxSum=196155}
04-13 22:36:36.069  3447  3447 D QtiGsmDCT: [0]updateDataActivity: sent=0 received=2
04-13 22:36:36.069  3447  3447 D QtiGsmDCT: [0]updateDataActivity: newActivity=DATAIN
04-13 22:36:36.081  3447  5027 D QtiGsmDCT: [0]getDataEnabled: getIntWithSubId retVal=true
04-13 22:36:36.140  3447  3447 V LG-FASTDORMANCY: [DCH/FACH] FDCount : 0 intent received :com.android.internal.telephony.ACTION_CHECK_NETSTAT
04-13 22:36:36.143  3447  3835 V LG-FASTDORMANCY: [DCH/FACH] FDCount : 0 prev: TxPkts(163008), RxPkts(196157)
04-13 22:36:36.143  3447  3835 V LG-FASTDORMANCY: [DCH/FACH] FDCount : 0 curr: TxPkts(163008), RxPkts(196157)
04-13 22:36:36.144  3447  3835 I LG-FASTDORMANCY: [DCH/FACH] FDCount : 1 Scheduling checkNetStat for 1000msec, current state is [DCH/FACH] FDCount : 1 
04-13 22:36:37.078  3447  3447 D QtiGsmDCT: [0]updateDataActivity: curTxRxSum={txSum=163008 rxSum=196157} preTxRxSum={txSum=163008 rxSum=196157}
04-13 22:36:37.078  3447  3447 D QtiGsmDCT: [0]updateDataActivity: sent=0 received=0
04-13 22:36:37.078  3447  3447 D QtiGsmDCT: [0]updateDataActivity: newActivity=NONE
04-13 22:36:37.086  3447  5044 D QtiGsmDCT: [0]getDataEnabled: getIntWithSubId retVal=true
04-13 22:36:37.148  3447  3447 V LG-FASTDORMANCY: [DCH/FACH] FDCount : 1 intent received :com.android.internal.telephony.ACTION_CHECK_NETSTAT
04-13 22:36:37.153  3447  3835 V LG-FASTDORMANCY: [DCH/FACH] FDCount : 1 prev: TxPkts(163008), RxPkts(196157)
04-13 22:36:37.153  3447  3835 V LG-FASTDORMANCY: [DCH/FACH] FDCount : 1 curr: TxPkts(163008), RxPkts(196157)
04-13 22:36:37.154  3447  3835 I LG-FASTDORMANCY: [DCH/FACH] FDCount : 2 Scheduling checkNetStat for 1000msec, current state is [DCH/FACH] FDCount : 2 
04-13 22:36:38.087  3447  3447 D QtiGsmDCT: [0]updateDataActivity: curTxRxSum={txSum=163008 rxSum=196157} preTxRxSum={txSum=163008 rxSum=196157}
04-13 22:36:38.087  3447  3447 D QtiGsmDCT: [0]updateDataActivity: sent=0 received=0
04-13 22:36:38.157  3447  3447 V LG-FASTDORMANCY: [DCH/FACH] FDCount : 2 intent received :com.android.internal.telephony.ACTION_CHECK_NETSTAT
04-13 22:36:38.161  3447  3835 V LG-FASTDORMANCY: [DCH/FACH] FDCount : 2 prev: TxPkts(163008), RxPkts(196157)
04-13 22:36:38.161  3447  3835 V LG-FASTDORMANCY: [DCH/FACH] FDCount : 2 curr: TxPkts(163008), RxPkts(196157)
04-13 22:36:38.162  3447  3835 I LG-FASTDORMANCY: [DCH/FACH] FDCount : 3 Scheduling checkNetStat for 1000msec, current state is [DCH/FACH] FDCount : 3 
04-13 22:36:39.101  3447  3447 D QtiGsmDCT: [0]updateDataActivity: curTxRxSum={txSum=163021 rxSum=196167} preTxRxSum={txSum=163008 rxSum=196157}
04-13 22:36:39.101  3447  3447 D QtiGsmDCT: [0]updateDataActivity: sent=13 received=10
04-13 22:36:39.101  3447  3447 D QtiGsmDCT: [0]updateDataActivity: newActivity=DATAINANDOUT
04-13 22:36:39.110  3447  5044 D QtiGsmDCT: [0]getDataEnabled: getIntWithSubId retVal=true
04-13 22:36:39.166  3447  3447 V LG-FASTDORMANCY: [DCH/FACH] FDCount : 3 intent received :com.android.internal.telephony.ACTION_CHECK_NETSTAT
04-13 22:36:39.169  3447  3835 V LG-FASTDORMANCY: [DCH/FACH] FDCount : 3 prev: TxPkts(163008), RxPkts(196157)
04-13 22:36:39.169  3447  3835 V LG-FASTDORMANCY: [DCH/FACH] FDCount : 3 curr: TxPkts(163021), RxPkts(196168)
04-13 22:36:39.170  3447  3835 I LG-FASTDORMANCY: [DCH/FACH] FDCount : 0 Scheduling checkNetStat for 1000msec, current state is [DCH/FACH] FDCount : 0 
04-13 22:36:40.109  3447  3447 D QtiGsmDCT: [0]updateDataActivity: curTxRxSum={txSum=163109 rxSum=196294} preTxRxSum={txSum=163021 rxSum=196167}
04-13 22:36:40.109  3447  3447 D QtiGsmDCT: [0]updateDataActivity: sent=88 received=127
04-13 22:36:40.173  3447  3447 V LG-FASTDORMANCY: [DCH/FACH] FDCount : 0 intent received :com.android.internal.telephony.ACTION_CHECK_NETSTAT
04-13 22:36:40.179  3447  3835 V LG-FASTDORMANCY: [DCH/FACH] FDCount : 0 prev: TxPkts(163021), RxPkts(196168)
04-13 22:36:40.179  3447  3835 V LG-FASTDORMANCY: [DCH/FACH] FDCount : 0 curr: TxPkts(163115), RxPkts(196300)
04-13 22:36:40.180  3447  3835 I LG-FASTDORMANCY: [DCH/FACH] FDCount : 0 Scheduling checkNetStat for 1000msec, current state is [DCH/FACH] FDCount : 0 
04-13 22:36:41.113  3447  3447 D QtiGsmDCT: [0]updateDataActivity: curTxRxSum={txSum=163171 rxSum=196406} preTxRxSum={txSum=163109 rxSum=196294}
04-13 22:36:41.113  3447  3447 D QtiGsmDCT: [0]updateDataActivity: sent=62 received=112
04-13 22:36:41.184  3447  3447 V LG-FASTDORMANCY: [DCH/FACH] FDCount : 0 intent received :com.android.internal.telephony.ACTION_CHECK_NETSTAT
04-13 22:36:41.187  3447  3835 V LG-FASTDORMANCY: [DCH/FACH] FDCount : 0 prev: TxPkts(163115), RxPkts(196300)
04-13 22:36:41.187  3447  3835 V LG-FASTDORMANCY: [DCH/FACH] FDCount : 0 curr: TxPkts(163172), RxPkts(196406)
04-13 22:36:41.188  3447  3835 I LG-FASTDORMANCY: [DCH/FACH] FDCount : 0 Scheduling checkNetStat for 1000msec, current state is [DCH/FACH] FDCount : 0 
04-13 22:36:42.122  3447  3447 D QtiGsmDCT: [0]updateDataActivity: curTxRxSum={txSum=163221 rxSum=196452} preTxRxSum={txSum=163171 rxSum=196406}
04-13 22:36:42.122  3447  3447 D QtiGsmDCT: [0]updateDataActivity: sent=50 received=46
04-13 22:36:42.192  3447  3447 V LG-FASTDORMANCY: [DCH/FACH] FDCount : 0 intent received :com.android.internal.telephony.ACTION_CHECK_NETSTAT
04-13 22:36:42.196  3447  3835 V LG-FASTDORMANCY: [DCH/FACH] FDCount : 0 prev: TxPkts(163172), RxPkts(196406)
04-13 22:36:42.196  3447  3835 V LG-FASTDORMANCY: [DCH/FACH] FDCount : 0 curr: TxPkts(163227), RxPkts(196455)
04-13 22:36:42.197  3447  3835 I LG-FASTDORMANCY: [DCH/FACH] FDCount : 0 Scheduling checkNetStat for 1000msec, current state is [DCH/FACH] FDCount : 0 
04-13 22:36:43.126  3447  3447 D QtiGsmDCT: [0]updateDataActivity: curTxRxSum={txSum=163331 rxSum=196555} preTxRxSum={txSum=163221 rxSum=196452}
04-13 22:36:43.127  3447  3447 D QtiGsmDCT: [0]updateDataActivity: sent=110 received=103
04-13 22:36:43.201  3447  3447 V LG-FASTDORMANCY: [DCH/FACH] FDCount : 0 intent received :com.android.internal.telephony.ACTION_CHECK_NETSTAT
04-13 22:36:43.204  3447  3835 V LG-FASTDORMANCY: [DCH/FACH] FDCount : 0 prev: TxPkts(163227), RxPkts(196455)
04-13 22:36:43.204  3447  3835 V LG-FASTDORMANCY: [DCH/FACH] FDCount : 0 curr: TxPkts(163343), RxPkts(196563)
04-13 22:36:43.205  3447  3835 I LG-FASTDORMANCY: [DCH/FACH] FDCount : 0 Scheduling checkNetStat for 1000msec, current state is [DCH/FACH] FDCount : 0 
04-13 22:36:44.132  3447  3447 D QtiGsmDCT: [0]updateDataActivity: curTxRxSum={txSum=163408 rxSum=196636} preTxRxSum={txSum=163331 rxSum=196555}
04-13 22:36:44.133  3447  3447 D QtiGsmDCT: [0]updateDataActivity: sent=77 received=81
04-13 22:36:44.210  3447  3447 V LG-FASTDORMANCY: [DCH/FACH] FDCount : 0 intent received :com.android.internal.telephony.ACTION_CHECK_NETSTAT
04-13 22:36:44.214  3447  3835 V LG-FASTDORMANCY: [DCH/FACH] FDCount : 0 prev: TxPkts(163343), RxPkts(196563)
04-13 22:36:44.214  3447  3835 V LG-FASTDORMANCY: [DCH/FACH] FDCount : 0 curr: TxPkts(163410), RxPkts(196640)
04-13 22:36:44.217  3447  3835 I LG-FASTDORMANCY: [DCH/FACH] FDCount : 0 Scheduling checkNetStat for 1000msec, current state is [DCH/FACH] FDCount : 0 
04-13 22:36:45.139  3447  3447 D QtiGsmDCT: [0]updateDataActivity: curTxRxSum={txSum=163428 rxSum=196658} preTxRxSum={txSum=163408 rxSum=196636}
04-13 22:36:45.139  3447  3447 D QtiGsmDCT: [0]updateDataActivity: sent=20 received=22
04-13 22:36:45.225  3447  3447 V LG-FASTDORMANCY: [DCH/FACH] FDCount : 0 intent received :com.android.internal.telephony.ACTION_CHECK_NETSTAT
04-13 22:36:45.233  3447  3835 V LG-FASTDORMANCY: [DCH/FACH] FDCount : 0 prev: TxPkts(163410), RxPkts(196640)
04-13 22:36:45.233  3447  3835 V LG-FASTDORMANCY: [DCH/FACH] FDCount : 0 curr: TxPkts(163428), RxPkts(196658)
04-13 22:36:45.237  3447  3835 I LG-FASTDORMANCY: [DCH/FACH] FDCount : 0 Scheduling checkNetStat for 1000msec, current state is [DCH/FACH] FDCount : 0 
04-13 22:36:46.144  3447  3447 D QtiGsmDCT: [0]updateDataActivity: curTxRxSum={txSum=163428 rxSum=196658} preTxRxSum={txSum=163428 rxSum=196658}
04-13 22:36:46.144  3447  3447 D QtiGsmDCT: [0]updateDataActivity: sent=0 received=0
04-13 22:36:46.144  3447  3447 D QtiGsmDCT: [0]updateDataActivity: newActivity=NONE
04-13 22:36:46.152  3447  4251 D QtiGsmDCT: [0]getDataEnabled: getIntWithSubId retVal=true
04-13 22:36:46.246  3447  3447 V LG-FASTDORMANCY: [DCH/FACH] FDCount : 0 intent received :com.android.internal.telephony.ACTION_CHECK_NETSTAT
04-13 22:36:46.250  3447  3835 V LG-FASTDORMANCY: [DCH/FACH] FDCount : 0 prev: TxPkts(163428), RxPkts(196658)
04-13 22:36:46.250  3447  3835 V LG-FASTDORMANCY: [DCH/FACH] FDCount : 0 curr: TxPkts(163428), RxPkts(196658)
04-13 22:36:46.251  3447  3835 I LG-FASTDORMANCY: [DCH/FACH] FDCount : 1 Scheduling checkNetStat for 1000msec, current state is [DCH/FACH] FDCount : 1 
04-13 22:36:47.151  3447  3447 D QtiGsmDCT: [0]updateDataActivity: curTxRxSum={txSum=163428 rxSum=196658} preTxRxSum={txSum=163428 rxSum=196658}
04-13 22:36:47.152  3447  3447 D QtiGsmDCT: [0]updateDataActivity: sent=0 received=0
04-13 22:36:47.255  3447  3447 V LG-FASTDORMANCY: [DCH/FACH] FDCount : 1 intent received :com.android.internal.telephony.ACTION_CHECK_NETSTAT
04-13 22:36:47.261  3447  3835 V LG-FASTDORMANCY: [DCH/FACH] FDCount : 1 prev: TxPkts(163428), RxPkts(196658)
04-13 22:36:47.261  3447  3835 V LG-FASTDORMANCY: [DCH/FACH] FDCount : 1 curr: TxPkts(163428), RxPkts(196658)
04-13 22:36:47.262  3447  3835 I LG-FASTDORMANCY: [DCH/FACH] FDCount : 2 Scheduling checkNetStat for 1000msec, current state is [DCH/FACH] FDCount : 2 
04-13 22:36:48.156  3447  3447 D QtiGsmDCT: [0]updateDataActivity: curTxRxSum={txSum=163428 rxSum=196658} preTxRxSum={txSum=163428 rxSum=196658}
04-13 22:36:48.156  3447  3447 D QtiGsmDCT: [0]updateDataActivity: sent=0 received=0
04-13 22:36:48.266  3447  3447 V LG-FASTDORMANCY: [DCH/FACH] FDCount : 2 intent received :com.android.internal.telephony.ACTION_CHECK_NETSTAT
04-13 22:36:48.270  3447  3835 V LG-FASTDORMANCY: [DCH/FACH] FDCount : 2 prev: TxPkts(163428), RxPkts(196658)
04-13 22:36:48.270  3447  3835 V LG-FASTDORMANCY: [DCH/FACH] FDCount : 2 curr: TxPkts(163428), RxPkts(196658)
04-13 22:36:48.271  3447  3835 I LG-FASTDORMANCY: [DCH/FACH] FDCount : 3 Scheduling checkNetStat for 1000msec, current state is [DCH/FACH] FDCount : 3 
04-13 22:36:49.164  3447  3447 D QtiGsmDCT: [0]updateDataActivity: curTxRxSum={txSum=163428 rxSum=196658} preTxRxSum={txSum=163428 rxSum=196658}
04-13 22:36:49.164  3447  3447 D QtiGsmDCT: [0]updateDataActivity: sent=0 received=0
04-13 22:36:49.275  3447  3447 V LG-FASTDORMANCY: [DCH/FACH] FDCount : 3 intent received :com.android.internal.telephony.ACTION_CHECK_NETSTAT
04-13 22:36:49.279  3447  3835 V LG-FASTDORMANCY: [DCH/FACH] FDCount : 3 prev: TxPkts(163428), RxPkts(196658)
04-13 22:36:49.279  3447  3835 V LG-FASTDORMANCY: [DCH/FACH] FDCount : 3 curr: TxPkts(163428), RxPkts(196658)
04-13 22:36:49.279  3447  3835 I LG-FASTDORMANCY: [DCH/FACH] FDCount : 4 Scheduling checkNetStat for 1000msec, current state is [DCH/FACH] FDCount : 4 
04-13 22:36:50.169  3447  3447 D QtiGsmDCT: [0]updateDataActivity: curTxRxSum={txSum=163428 rxSum=196660} preTxRxSum={txSum=163428 rxSum=196658}
04-13 22:36:50.169  3447  3447 D QtiGsmDCT: [0]updateDataActivity: sent=0 received=2
04-13 22:36:50.170  3447  3447 D QtiGsmDCT: [0]updateDataActivity: newActivity=DATAIN
04-13 22:36:50.179  3447  5133 D QtiGsmDCT: [0]getDataEnabled: getIntWithSubId retVal=true
04-13 22:36:50.288  3447  3447 V LG-FASTDORMANCY: [DCH/FACH] FDCount : 4 intent received :com.android.internal.telephony.ACTION_CHECK_NETSTAT
04-13 22:36:50.291  3447  3835 V LG-FASTDORMANCY: [DCH/FACH] FDCount : 4 prev: TxPkts(163428), RxPkts(196658)
04-13 22:36:50.291  3447  3835 V LG-FASTDORMANCY: [DCH/FACH] FDCount : 4 curr: TxPkts(163428), RxPkts(196660)
04-13 22:36:50.292  3447  3835 I LG-FASTDORMANCY: [DCH/FACH] FDCount : 0 Scheduling checkNetStat for 1000msec, current state is [DCH/FACH] FDCount : 0 
04-13 22:36:51.179  3447  3447 D QtiGsmDCT: [0]updateDataActivity: curTxRxSum={txSum=163435 rxSum=196663} preTxRxSum={txSum=163428 rxSum=196660}
04-13 22:36:51.179  3447  3447 D QtiGsmDCT: [0]updateDataActivity: sent=7 received=3
04-13 22:36:51.180  3447  3447 D QtiGsmDCT: [0]updateDataActivity: newActivity=DATAINANDOUT
04-13 22:36:51.191  3447  3867 D QtiGsmDCT: [0]getDataEnabled: getIntWithSubId retVal=true
04-13 22:36:51.298  3447  3447 V LG-FASTDORMANCY: [DCH/FACH] FDCount : 0 intent received :com.android.internal.telephony.ACTION_CHECK_NETSTAT
04-13 22:36:51.303  3447  3835 V LG-FASTDORMANCY: [DCH/FACH] FDCount : 0 prev: TxPkts(163428), RxPkts(196660)
04-13 22:36:51.303  3447  3835 V LG-FASTDORMANCY: [DCH/FACH] FDCount : 0 curr: TxPkts(163441), RxPkts(196671)
04-13 22:36:51.304  3447  3835 I LG-FASTDORMANCY: [DCH/FACH] FDCount : 0 Scheduling checkNetStat for 1000msec, current state is [DCH/FACH] FDCount : 0 
04-13 22:36:52.189  3447  3447 D QtiGsmDCT: [0]updateDataActivity: curTxRxSum={txSum=163473 rxSum=196705} preTxRxSum={txSum=163435 rxSum=196663}
04-13 22:36:52.189  3447  3447 D QtiGsmDCT: [0]updateDataActivity: sent=38 received=42
04-13 22:36:52.309  3447  3447 V LG-FASTDORMANCY: [DCH/FACH] FDCount : 0 intent received :com.android.internal.telephony.ACTION_CHECK_NETSTAT
04-13 22:36:52.321  3447  3835 V LG-FASTDORMANCY: [DCH/FACH] FDCount : 0 prev: TxPkts(163441), RxPkts(196671)
04-13 22:36:52.321  3447  3835 V LG-FASTDORMANCY: [DCH/FACH] FDCount : 0 curr: TxPkts(163473), RxPkts(196705)
04-13 22:36:52.323  3447  3835 I LG-FASTDORMANCY: [DCH/FACH] FDCount : 0 Scheduling checkNetStat for 1000msec, current state is [DCH/FACH] FDCount : 0 
04-13 22:36:53.194  3447  3447 D QtiGsmDCT: [0]updateDataActivity: curTxRxSum={txSum=163473 rxSum=196705} preTxRxSum={txSum=163473 rxSum=196705}
04-13 22:36:53.194  3447  3447 D QtiGsmDCT: [0]updateDataActivity: sent=0 received=0
04-13 22:36:53.194  3447  3447 D QtiGsmDCT: [0]updateDataActivity: newActivity=NONE
04-13 22:36:53.200  3447  3867 D QtiGsmDCT: [0]getDataEnabled: getIntWithSubId retVal=true
04-13 22:36:53.327  3447  3447 V LG-FASTDORMANCY: [DCH/FACH] FDCount : 0 intent received :com.android.internal.telephony.ACTION_CHECK_NETSTAT
04-13 22:36:53.331  3447  3835 V LG-FASTDORMANCY: [DCH/FACH] FDCount : 0 prev: TxPkts(163473), RxPkts(196705)
04-13 22:36:53.331  3447  3835 V LG-FASTDORMANCY: [DCH/FACH] FDCount : 0 curr: TxPkts(163473), RxPkts(196705)
04-13 22:36:53.333  3447  3835 I LG-FASTDORMANCY: [DCH/FACH] FDCount : 1 Scheduling checkNetStat for 1000msec, current state is [DCH/FACH] FDCount : 1 
04-13 22:36:54.200  3447  3447 D QtiGsmDCT: [0]updateDataActivity: curTxRxSum={txSum=163473 rxSum=196705} preTxRxSum={txSum=163473 rxSum=196705}
04-13 22:36:54.200  3447  3447 D QtiGsmDCT: [0]updateDataActivity: sent=0 received=0
04-13 22:36:54.338  3447  3447 V LG-FASTDORMANCY: [DCH/FACH] FDCount : 1 intent received :com.android.internal.telephony.ACTION_CHECK_NETSTAT
04-13 22:36:54.345  3447  3835 V LG-FASTDORMANCY: [DCH/FACH] FDCount : 1 prev: TxPkts(163473), RxPkts(196705)
04-13 22:36:54.345  3447  3835 V LG-FASTDORMANCY: [DCH/FACH] FDCount : 1 curr: TxPkts(163473), RxPkts(196705)
04-13 22:36:54.346  3447  3835 I LG-FASTDORMANCY: [DCH/FACH] FDCount : 2 Scheduling checkNetStat for 1000msec, current state is [DCH/FACH] FDCount : 2 
04-13 22:36:55.201   370   678 I RILC    : RIL_SOCKET_1 UNSOLICITED: RIL_UNSOL_LTE_REJECT_CAUSE length:16
04-13 22:36:55.201   370   678 E RILC    : Send Response to RIL_SOCKET_1
04-13 22:36:55.201   370   678 E RILC    : RIL Response bytes written:4
04-13 22:36:55.201   370   678 E RILC    : RIL Response bytes written:16
04-13 22:36:55.201  3447  3768 D RILJ    : [UNSL]< RIL_UNSOL_LTE_REJECT_CAUSE {15} [SUB0]
04-13 22:36:55.203   370   678 I RILC    : RIL_SOCKET_1 UNSOLICITED: UNSOL_OEM_HOOK_RAW length:32
04-13 22:36:55.203   370   678 E RILC    : Send Response to RIL_SOCKET_1
04-13 22:36:55.203   370   678 E RILC    : RIL Response bytes written:4
04-13 22:36:55.203  3447  3768 V RILJ    : [UNSL]< UNSOL_OEM_HOOK_RAW 514f454d484f4f4bef0308000100000002 [SUB0]
04-13 22:36:55.203  3447  3768 D RILJ    : Oem ID in RIL_UNSOL_OEM_HOOK_RAW is QOEMHOOK
04-13 22:36:55.203  3447  3768 D RILJ    : OEM ID check Passed
04-13 22:36:55.203  3447  3768 D RILJ    : Response ID in RIL_UNSOL_OEM_HOOK_RAW is 525295
04-13 22:36:55.203  3447  3768 D RILJ    : Response ID 525295 is not served in this process.
04-13 22:36:55.204   370   678 E RILC    : RIL Response bytes written:32
04-13 22:36:55.207   370   678 I RILC    : RIL_SOCKET_1 UNSOLICITED: UNSOL_RESPONSE_VOICE_NETWORK_STATE_CHANGED length:8
04-13 22:36:55.207   370   678 E RILC    : Send Response to RIL_SOCKET_1
04-13 22:36:55.207   370   678 E RILC    : RIL Response bytes written:4
04-13 22:36:55.207   370   678 E RILC    : RIL Response bytes written:8
04-13 22:36:55.207  3447  3768 D RILJ    : [UNSL]< UNSOL_RESPONSE_VOICE_NETWORK_STATE_CHANGED [SUB0]
04-13 22:36:55.209  3447  3447 D QtiGsmDCT: [0]updateDataActivity: curTxRxSum={txSum=163473 rxSum=196705} preTxRxSum={txSum=163473 rxSum=196705}
04-13 22:36:55.209   370   678 I RILQ    : (0/370):RIL[0][event] qcril_arb_set_dsd_sys_status: old_pref_data 1 - new_data_pref 1
04-13 22:36:55.209  3447  3447 D QtiGsmDCT: [0]updateDataActivity: sent=0 received=0
04-13 22:36:55.209   370   678 I RILQ    : (0/370):RIL[0][event] qcril_arb_set_dsd_sys_status: preferred dsd_sys_status nw=0x0, rat_value=0x1, so_mask=0x0000000000000007
04-13 22:36:55.209   370   678 I RILQ    : (0/370):RIL[0][event] qcril_arb_set_dsd_sys_status: preferred 1 - dsd_sys_status nw=0x0, rat_value=0x1, so_mask=0x0000000000000007
04-13 22:36:55.209   370   678 I RILQ    : (0/370):RIL[0][event] qcril_arb_set_dsd_sys_status: is_wwan_available 0
04-13 22:36:55.209  3447  3447 D RILJ    : [9678]> OPERATOR [SUB0]
04-13 22:36:55.210   370   678 I RILC    : RIL_SOCKET_1 UNSOLICITED: UNSOL_OEM_HOOK_RAW length:32
04-13 22:36:55.210   370   678 E RILC    : Send Response to RIL_SOCKET_1
04-13 22:36:55.210   370   678 E RILC    : RIL Response bytes written:4
04-13 22:36:55.211  3447  3768 V RILJ    : [UNSL]< UNSOL_OEM_HOOK_RAW 514f454d484f4f4bfa0308000100000000 [SUB0]
04-13 22:36:55.211  3447  3768 D RILJ    : Oem ID in RIL_UNSOL_OEM_HOOK_RAW is QOEMHOOK
04-13 22:36:55.211  3447  3768 D RILJ    : OEM ID check Passed
04-13 22:36:55.211  3447  3768 D RILJ    : Response ID in RIL_UNSOL_OEM_HOOK_RAW is 525306
04-13 22:36:55.211  3447  3768 D RILJ    : WWAN, IWLAN coexistence notified to registrants
04-13 22:36:55.211   370   678 E RILC    : RIL Response bytes written:32
04-13 22:36:55.213  3447  3447 D RILJ    : [9679]> DATA_REGISTRATION_STATE [SUB0]
04-13 22:36:55.213   370   667 D RILC    : SOCKET RIL_SOCKET_1 REQUEST: OPERATOR length:8
04-13 22:36:55.214  3447  3447 D RILJ    : [9680]> VOICE_REGISTRATION_STATE [SUB0]
04-13 22:36:55.215  3447  3447 D RILJ    : [9681]> QUERY_NETWORK_SELECTION_MODE [SUB0]
04-13 22:36:55.217   370   678 I RILC    : RIL_SOCKET_1 UNSOLICITED: RIL_UNSOL_LTE_REJECT_CAUSE length:16
04-13 22:36:55.217   370   678 E RILC    : Send Response to RIL_SOCKET_1
04-13 22:36:55.217   370   678 E RILC    : RIL Response bytes written:4
04-13 22:36:55.217  3447  3768 D RILJ    : [UNSL]< RIL_UNSOL_LTE_REJECT_CAUSE {15} [SUB0]
04-13 22:36:55.217   370   678 E RILC    : RIL Response bytes written:16
04-13 22:36:55.218   370   667 D RILC    : SOCKET RIL_SOCKET_1 REQUEST: DATA_REGISTRATION_STATE length:8
04-13 22:36:55.219   370   667 D RILC    : SOCKET RIL_SOCKET_1 REQUEST: VOICE_REGISTRATION_STATE length:8
04-13 22:36:55.219   370   667 D RILC    : SOCKET RIL_SOCKET_1 REQUEST: QUERY_NETWORK_SELECTION_MODE length:8
04-13 22:36:55.234   370 10532 D RILC    : RequestComplete, RIL_SOCKET_1
04-13 22:36:55.234   370 10532 E RILC    : Send Response to RIL_SOCKET_1
04-13 22:36:55.234   370 10532 E RILC    : RIL Response bytes written:4
04-13 22:36:55.234   370 10532 E RILC    : RIL Response bytes written:136
04-13 22:36:55.234  3447  3768 D RILJ    : [9680]< VOICE_REGISTRATION_STATE {1, dff2, 02be380c, 3, null, null, null, 0, null, null, 1, null, null, 0, 126} [SUB0]
04-13 22:36:55.235  3447  3447 D PHONE   : [ServiceState] setVoiceRegState=0
04-13 22:36:55.235  3447  3447 E PHONE   : [ServiceState] setState deprecated use setVoiceRegState()
04-13 22:36:55.235  3447  3447 D GsmSST  : [GsmSST] LOGRadioInfo : In Service
04-13 22:36:55.240   370 10530 D RILC    : RequestComplete, RIL_SOCKET_1
04-13 22:36:55.241   370 10530 E RILC    : Send Response to RIL_SOCKET_1
04-13 22:36:55.241   370 10530 E RILC    : RIL Response bytes written:4
04-13 22:36:55.241  3447  3768 D RILJ    : [9678]< OPERATOR {Orange, Orange, 26003} [SUB0]
04-13 22:36:55.241   370 10530 E RILC    : RIL Response bytes written:72
04-13 22:36:55.242   370 10531 D RILC    : RequestComplete, RIL_SOCKET_1
04-13 22:36:55.242   370 10531 E RILC    : Send Response to RIL_SOCKET_1
04-13 22:36:55.242   370 10531 E RILC    : RIL Response bytes written:4
04-13 22:36:55.242   370 10531 E RILC    : RIL Response bytes written:120
04-13 22:36:55.243  3447  3768 D RILJ    : [9679]< DATA_REGISTRATION_STATE {1, dff2, 02be380c, 11, null, 20, null, null, null, null, null, 0} [SUB0]
04-13 22:36:55.243   370 10531 I RILC    : RIL_SOCKET_1 UNSOLICITED: UNSOL_RESPONSE_VOICE_NETWORK_STATE_CHANGED length:8
04-13 22:36:55.243  3447  3447 D GsmSST  : isSFROperators result = false
04-13 22:36:55.243   370 10531 E RILC    : Send Response to RIL_SOCKET_1
04-13 22:36:55.243  3447  3447 D PHONE   : [ServiceState] setDataRegState=0
04-13 22:36:55.243   370 10531 E RILC    : RIL Response bytes written:4
04-13 22:36:55.243  3447  3447 D PHONE   : [ServiceState] setDataRadioTechnology=11
04-13 22:36:55.243   370 10531 E RILC    : RIL Response bytes written:8
04-13 22:36:55.243  3447  3447 D GsmSST  : [GsmSST] LOGRadioInfo : In Service
04-13 22:36:55.243  3447  3447 D GsmSST  : [GsmSST] handlPollStateResultMessage: GsmSST setDataRegState=0 regState=1 dataRadioTechnology=11
04-13 22:36:55.243  3447  3768 D RILJ    : [UNSL]< UNSOL_RESPONSE_VOICE_NETWORK_STATE_CHANGED [SUB0]
04-13 22:36:55.244  3447  3447 D RILJ    : [9682]> OPERATOR [SUB0]
04-13 22:36:55.244   370 10533 D RILC    : RequestComplete, RIL_SOCKET_1
04-13 22:36:55.245   370 10533 E RILC    : Send Response to RIL_SOCKET_1
04-13 22:36:55.245   370 10533 E RILC    : RIL Response bytes written:4
04-13 22:36:55.245   370 10533 E RILC    : RIL Response bytes written:20
04-13 22:36:55.245  3447  3768 D RILJ    : [9681]< QUERY_NETWORK_SELECTION_MODE {0} [SUB0]
04-13 22:36:55.246  3447  3447 D RILJ    : [9683]> DATA_REGISTRATION_STATE [SUB0]
04-13 22:36:55.246   370   667 D RILC    : SOCKET RIL_SOCKET_1 REQUEST: OPERATOR length:8
04-13 22:36:55.247  3447  3447 D RILJ    : [9684]> VOICE_REGISTRATION_STATE [SUB0]
04-13 22:36:55.248  3447  3447 D RILJ    : [9685]> QUERY_NETWORK_SELECTION_MODE [SUB0]
04-13 22:36:55.249   370   667 D RILC    : SOCKET RIL_SOCKET_1 REQUEST: DATA_REGISTRATION_STATE length:8
04-13 22:36:55.249   370   667 D RILC    : SOCKET RIL_SOCKET_1 REQUEST: VOICE_REGISTRATION_STATE length:8
04-13 22:36:55.250   370   667 D RILC    : SOCKET RIL_SOCKET_1 REQUEST: QUERY_NETWORK_SELECTION_MODE length:8
04-13 22:36:55.256   370 10538 D RILC    : RequestComplete, RIL_SOCKET_1
04-13 22:36:55.256   370 10538 E RILC    : Send Response to RIL_SOCKET_1
04-13 22:36:55.256   370 10538 E RILC    : RIL Response bytes written:4
04-13 22:36:55.256   370 10538 E RILC    : RIL Response bytes written:136
04-13 22:36:55.257  3447  3768 D RILJ    : [9684]< VOICE_REGISTRATION_STATE {1, dff2, 02be380c, 3, null, null, null, 0, null, null, 1, null, null, 0, 126} [SUB0]
04-13 22:36:55.258  3447  3447 D PHONE   : [ServiceState] setVoiceRegState=0
04-13 22:36:55.258  3447  3447 E PHONE   : [ServiceState] setState deprecated use setVoiceRegState()
04-13 22:36:55.258  3447  3447 D GsmSST  : [GsmSST] LOGRadioInfo : In Service
04-13 22:36:55.260   370 10537 D RILC    : RequestComplete, RIL_SOCKET_1
04-13 22:36:55.260   370 10537 E RILC    : Send Response to RIL_SOCKET_1
04-13 22:36:55.260   370 10537 E RILC    : RIL Response bytes written:4
04-13 22:36:55.260  3447  3768 D RILJ    : [9683]< DATA_REGISTRATION_STATE {1, dff2, 02be380c, 11, null, 20, null, null, null, null, null, 0} [SUB0]
04-13 22:36:55.261  3447  3447 D GsmSST  : isSFROperators result = false
04-13 22:36:55.261  3447  3447 D PHONE   : [ServiceState] setDataRegState=0
04-13 22:36:55.261  3447  3447 D PHONE   : [ServiceState] setDataRadioTechnology=11
04-13 22:36:55.261  3447  3447 D GsmSST  : [GsmSST] LOGRadioInfo : In Service
04-13 22:36:55.261  3447  3447 D GsmSST  : [GsmSST] handlPollStateResultMessage: GsmSST setDataRegState=0 regState=1 dataRadioTechnology=11
04-13 22:36:55.261   370 10537 E RILC    : RIL Response bytes written:120
04-13 22:36:55.263   370 10536 D RILC    : RequestComplete, RIL_SOCKET_1
04-13 22:36:55.263   370 10536 E RILC    : Send Response to RIL_SOCKET_1
04-13 22:36:55.263   370 10536 E RILC    : RIL Response bytes written:4
04-13 22:36:55.263   370 10536 E RILC    : RIL Response bytes written:72
04-13 22:36:55.264  3447  3768 D RILJ    : [9682]< OPERATOR {Orange, Orange, 26003} [SUB0]
04-13 22:36:55.264   370 10539 D RILC    : RequestComplete, RIL_SOCKET_1
04-13 22:36:55.264   370 10539 E RILC    : Send Response to RIL_SOCKET_1
04-13 22:36:55.264   370 10539 E RILC    : RIL Response bytes written:4
04-13 22:36:55.265   370 10539 E RILC    : RIL Response bytes written:20
04-13 22:36:55.265  3447  3768 D RILJ    : [9685]< QUERY_NETWORK_SELECTION_MODE {0} [SUB0]
04-13 22:36:55.269  3447  3447 D GsmSST  : [GsmSST] Poll ServiceState done:  oldSS=[0 0 voice home data home Orange Orange 26003 Orange Orange 26003  UMTS HSPAP CSS not supported -1 -1 RoamInd=-1 DefRoamInd=-1 EmergOnly=false IsDataRoamingFromRegistration=false mIsVoiceSearching=false mIsDataSearching=false mVoiceNetworkName=null mDataNetworkName=null Check64QAM0 Dual carrier0] newSS=[0 0 voice home data home Orange Orange 26003 Orange Orange 26003  UMTS HSPA CSS not supported -1 -1 RoamInd=-1 DefRoamInd=-1 EmergOnly=false IsDataRoamingFromRegistration=false mIsVoiceSearching=false mIsDataSearching=false mVoiceNetworkName=null mDataNetworkName=null Check64QAM0 Dual carrier0] oldMaxDataCalls=20 mNewMaxDataCalls=20 oldReasonDataDenied=-1 mNewReasonDataDenied=-1
