04-13 22:37:43.533  3447  5133 D QtiGsmDCT: [0]getDataEnabled: getIntWithSubId retVal=true
04-13 22:37:44.013  3447  3447 V LG-FASTDORMANCY: [DCH/FACH] FDCount : 0 intent received :com.android.internal.telephony.ACTION_CHECK_NETSTAT
04-13 22:37:44.016  3447  3835 V LG-FASTDORMANCY: [DCH/FACH] FDCount : 0 prev: TxPkts(166673), RxPkts(200504)
04-13 22:37:44.016  3447  3835 V LG-FASTDORMANCY: [DCH/FACH] FDCount : 0 curr: TxPkts(166673), RxPkts(200504)
04-13 22:37:44.017  3447  3835 I LG-FASTDORMANCY: [DCH/FACH] FDCount : 1 Scheduling checkNetStat for 1000msec, current state is [DCH/FACH] FDCount : 1 
04-13 22:37:44.537  3447  3447 D QtiGsmDCT: [0]updateDataActivity: curTxRxSum={txSum=166673 rxSum=200504} preTxRxSum={txSum=166673 rxSum=200504}
04-13 22:37:44.537  3447  3447 D QtiGsmDCT: [0]updateDataActivity: sent=0 received=0
04-13 22:37:45.020  3447  3447 V LG-FASTDORMANCY: [DCH/FACH] FDCount : 1 intent received :com.android.internal.telephony.ACTION_CHECK_NETSTAT
04-13 22:37:45.025  3447  3835 V LG-FASTDORMANCY: [DCH/FACH] FDCount : 1 prev: TxPkts(166673), RxPkts(200504)
04-13 22:37:45.025  3447  3835 V LG-FASTDORMANCY: [DCH/FACH] FDCount : 1 curr: TxPkts(166719), RxPkts(200586)
04-13 22:37:45.026  3447  3835 I LG-FASTDORMANCY: [DCH/FACH] FDCount : 0 Scheduling checkNetStat for 1000msec, current state is [DCH/FACH] FDCount : 0 
04-13 22:37:45.541  3447  3447 D QtiGsmDCT: [0]updateDataActivity: curTxRxSum={txSum=166719 rxSum=200586} preTxRxSum={txSum=166673 rxSum=200504}
04-13 22:37:45.541  3447  3447 D QtiGsmDCT: [0]updateDataActivity: sent=46 received=82
04-13 22:37:45.541  3447  3447 D QtiGsmDCT: [0]updateDataActivity: newActivity=DATAINANDOUT
04-13 22:37:45.548  3447  5133 D QtiGsmDCT: [0]getDataEnabled: getIntWithSubId retVal=true
04-13 22:37:46.029  3447  3447 V LG-FASTDORMANCY: [DCH/FACH] FDCount : 0 intent received :com.android.internal.telephony.ACTION_CHECK_NETSTAT
04-13 22:37:46.036  3447  3835 V LG-FASTDORMANCY: [DCH/FACH] FDCount : 0 prev: TxPkts(166719), RxPkts(200586)
04-13 22:37:46.036  3447  3835 V LG-FASTDORMANCY: [DCH/FACH] FDCount : 0 curr: TxPkts(166733), RxPkts(200600)
04-13 22:37:46.036  3447  3835 I LG-FASTDORMANCY: [DCH/FACH] FDCount : 0 Scheduling checkNetStat for 1000msec, current state is [DCH/FACH] FDCount : 0 
04-13 22:37:46.553  3447  3447 D QtiGsmDCT: [0]updateDataActivity: curTxRxSum={txSum=166787 rxSum=200700} preTxRxSum={txSum=166719 rxSum=200586}
04-13 22:37:46.553  3447  3447 D QtiGsmDCT: [0]updateDataActivity: sent=68 received=114
04-13 22:37:47.040  3447  3447 V LG-FASTDORMANCY: [DCH/FACH] FDCount : 0 intent received :com.android.internal.telephony.ACTION_CHECK_NETSTAT
04-13 22:37:47.045  3447  3835 V LG-FASTDORMANCY: [DCH/FACH] FDCount : 0 prev: TxPkts(166733), RxPkts(200600)
04-13 22:37:47.045  3447  3835 V LG-FASTDORMANCY: [DCH/FACH] FDCount : 0 curr: TxPkts(166851), RxPkts(200808)
04-13 22:37:47.046  3447  3835 I LG-FASTDORMANCY: [DCH/FACH] FDCount : 0 Scheduling checkNetStat for 1000msec, current state is [DCH/FACH] FDCount : 0 
04-13 22:37:47.560  3447  3447 D QtiGsmDCT: [0]updateDataActivity: curTxRxSum={txSum=166893 rxSum=200898} preTxRxSum={txSum=166787 rxSum=200700}
04-13 22:37:47.560  3447  3447 D QtiGsmDCT: [0]updateDataActivity: sent=106 received=198
04-13 22:37:48.049  3447  3447 V LG-FASTDORMANCY: [DCH/FACH] FDCount : 0 intent received :com.android.internal.telephony.ACTION_CHECK_NETSTAT
04-13 22:37:48.055  3447  3835 V LG-FASTDORMANCY: [DCH/FACH] FDCount : 0 prev: TxPkts(166851), RxPkts(200808)
04-13 22:37:48.055  3447  3835 V LG-FASTDORMANCY: [DCH/FACH] FDCount : 0 curr: TxPkts(166903), RxPkts(200928)
04-13 22:37:48.056  3447  3835 I LG-FASTDORMANCY: [DCH/FACH] FDCount : 0 Scheduling checkNetStat for 1000msec, current state is [DCH/FACH] FDCount : 0 
04-13 22:37:48.565  3447  3447 D QtiGsmDCT: [0]updateDataActivity: curTxRxSum={txSum=167033 rxSum=201102} preTxRxSum={txSum=166893 rxSum=200898}
04-13 22:37:48.565  3447  3447 D QtiGsmDCT: [0]updateDataActivity: sent=140 received=204
04-13 22:37:49.059  3447  3447 V LG-FASTDORMANCY: [DCH/FACH] FDCount : 0 intent received :com.android.internal.telephony.ACTION_CHECK_NETSTAT
04-13 22:37:49.063  3447  3835 V LG-FASTDORMANCY: [DCH/FACH] FDCount : 0 prev: TxPkts(166903), RxPkts(200928)
04-13 22:37:49.063  3447  3835 V LG-FASTDORMANCY: [DCH/FACH] FDCount : 0 curr: TxPkts(167091), RxPkts(201160)
04-13 22:37:49.064  3447  3835 I LG-FASTDORMANCY: [DCH/FACH] FDCount : 0 Scheduling checkNetStat for 1000msec, current state is [DCH/FACH] FDCount : 0 
04-13 22:37:49.576  3447  3447 D QtiGsmDCT: [0]updateDataActivity: curTxRxSum={txSum=167141 rxSum=201250} preTxRxSum={txSum=167033 rxSum=201102}
04-13 22:37:49.576  3447  3447 D QtiGsmDCT: [0]updateDataActivity: sent=108 received=148
04-13 22:37:50.068  3447  3447 V LG-FASTDORMANCY: [DCH/FACH] FDCount : 0 intent received :com.android.internal.telephony.ACTION_CHECK_NETSTAT
04-13 22:37:50.074  3447  3835 V LG-FASTDORMANCY: [DCH/FACH] FDCount : 0 prev: TxPkts(167091), RxPkts(201160)
04-13 22:37:50.074  3447  3835 V LG-FASTDORMANCY: [DCH/FACH] FDCount : 0 curr: TxPkts(167141), RxPkts(201250)
04-13 22:37:50.074  3447  3835 I LG-FASTDORMANCY: [DCH/FACH] FDCount : 0 Scheduling checkNetStat for 1000msec, current state is [DCH/FACH] FDCount : 0 
04-13 22:37:50.579  3447  3447 D QtiGsmDCT: [0]updateDataActivity: curTxRxSum={txSum=167205 rxSum=201360} preTxRxSum={txSum=167141 rxSum=201250}
04-13 22:37:50.579  3447  3447 D QtiGsmDCT: [0]updateDataActivity: sent=64 received=110
04-13 22:37:51.079  3447  3447 V LG-FASTDORMANCY: [DCH/FACH] FDCount : 0 intent received :com.android.internal.telephony.ACTION_CHECK_NETSTAT
04-13 22:37:51.089  3447  3835 V LG-FASTDORMANCY: [DCH/FACH] FDCount : 0 prev: TxPkts(167141), RxPkts(201250)
04-13 22:37:51.089  3447  3835 V LG-FASTDORMANCY: [DCH/FACH] FDCount : 0 curr: TxPkts(167205), RxPkts(201360)
04-13 22:37:51.090  3447  3835 I LG-FASTDORMANCY: [DCH/FACH] FDCount : 0 Scheduling checkNetStat for 1000msec, current state is [DCH/FACH] FDCount : 0 
04-13 22:37:51.584  3447  3447 D QtiGsmDCT: [0]updateDataActivity: curTxRxSum={txSum=167337 rxSum=201536} preTxRxSum={txSum=167205 rxSum=201360}
04-13 22:37:51.584  3447  3447 D QtiGsmDCT: [0]updateDataActivity: sent=132 received=176
04-13 22:37:52.096  3447  3447 V LG-FASTDORMANCY: [DCH/FACH] FDCount : 0 intent received :com.android.internal.telephony.ACTION_CHECK_NETSTAT
04-13 22:37:52.101  3447  3835 V LG-FASTDORMANCY: [DCH/FACH] FDCount : 0 prev: TxPkts(167205), RxPkts(201360)
04-13 22:37:52.101  3447  3835 V LG-FASTDORMANCY: [DCH/FACH] FDCount : 0 curr: TxPkts(167337), RxPkts(201536)
04-13 22:37:52.101  3447  3835 I LG-FASTDORMANCY: [DCH/FACH] FDCount : 0 Scheduling checkNetStat for 1000msec, current state is [DCH/FACH] FDCount : 0 
04-13 22:37:52.588  3447  3447 D QtiGsmDCT: [0]updateDataActivity: curTxRxSum={txSum=167337 rxSum=201536} preTxRxSum={txSum=167337 rxSum=201536}
04-13 22:37:52.588  3447  3447 D QtiGsmDCT: [0]updateDataActivity: sent=0 received=0
04-13 22:37:52.588  3447  3447 D QtiGsmDCT: [0]updateDataActivity: newActivity=NONE
04-13 22:37:52.596  3447  5126 D QtiGsmDCT: [0]getDataEnabled: getIntWithSubId retVal=true
04-13 22:37:53.105  3447  3447 V LG-FASTDORMANCY: [DCH/FACH] FDCount : 0 intent received :com.android.internal.telephony.ACTION_CHECK_NETSTAT
04-13 22:37:53.109  3447  3835 V LG-FASTDORMANCY: [DCH/FACH] FDCount : 0 prev: TxPkts(167337), RxPkts(201536)
04-13 22:37:53.110  3447  3835 V LG-FASTDORMANCY: [DCH/FACH] FDCount : 0 curr: TxPkts(167337), RxPkts(201536)
04-13 22:37:53.110  3447  3835 I LG-FASTDORMANCY: [DCH/FACH] FDCount : 1 Scheduling checkNetStat for 1000msec, current state is [DCH/FACH] FDCount : 1 
04-13 22:37:53.599  3447  3447 D QtiGsmDCT: [0]updateDataActivity: curTxRxSum={txSum=167337 rxSum=201536} preTxRxSum={txSum=167337 rxSum=201536}
04-13 22:37:53.599  3447  3447 D QtiGsmDCT: [0]updateDataActivity: sent=0 received=0
04-13 22:37:54.114  3447  3447 V LG-FASTDORMANCY: [DCH/FACH] FDCount : 1 intent received :com.android.internal.telephony.ACTION_CHECK_NETSTAT
04-13 22:37:54.120  3447  3835 V LG-FASTDORMANCY: [DCH/FACH] FDCount : 1 prev: TxPkts(167337), RxPkts(201536)
04-13 22:37:54.121  3447  3835 V LG-FASTDORMANCY: [DCH/FACH] FDCount : 1 curr: TxPkts(167391), RxPkts(201634)
04-13 22:37:54.125  3447  3835 I LG-FASTDORMANCY: [DCH/FACH] FDCount : 0 Scheduling checkNetStat for 1000msec, current state is [DCH/FACH] FDCount : 0 
04-13 22:37:54.604  3447  3447 D QtiGsmDCT: [0]updateDataActivity: curTxRxSum={txSum=167391 rxSum=201634} preTxRxSum={txSum=167337 rxSum=201536}
04-13 22:37:54.604  3447  3447 D QtiGsmDCT: [0]updateDataActivity: sent=54 received=98
04-13 22:37:54.604  3447  3447 D QtiGsmDCT: [0]updateDataActivity: newActivity=DATAINANDOUT
04-13 22:37:54.610  3447  5126 D QtiGsmDCT: [0]getDataEnabled: getIntWithSubId retVal=true
04-13 22:37:55.131  3447  3447 V LG-FASTDORMANCY: [DCH/FACH] FDCount : 0 intent received :com.android.internal.telephony.ACTION_CHECK_NETSTAT
04-13 22:37:55.136  3447  3835 V LG-FASTDORMANCY: [DCH/FACH] FDCount : 0 prev: TxPkts(167391), RxPkts(201634)
04-13 22:37:55.136  3447  3835 V LG-FASTDORMANCY: [DCH/FACH] FDCount : 0 curr: TxPkts(167391), RxPkts(201634)
04-13 22:37:55.137  3447  3835 I LG-FASTDORMANCY: [DCH/FACH] FDCount : 1 Scheduling checkNetStat for 1000msec, current state is [DCH/FACH] FDCount : 1 
04-13 22:37:55.610  3447  3447 D QtiGsmDCT: [0]updateDataActivity: curTxRxSum={txSum=167395 rxSum=201638} preTxRxSum={txSum=167391 rxSum=201634}
04-13 22:37:55.610  3447  3447 D QtiGsmDCT: [0]updateDataActivity: sent=4 received=4
04-13 22:37:56.143  3447  3447 V LG-FASTDORMANCY: [DCH/FACH] FDCount : 1 intent received :com.android.internal.telephony.ACTION_CHECK_NETSTAT
04-13 22:37:56.148  3447  3835 V LG-FASTDORMANCY: [DCH/FACH] FDCount : 1 prev: TxPkts(167391), RxPkts(201634)
04-13 22:37:56.148  3447  3835 V LG-FASTDORMANCY: [DCH/FACH] FDCount : 1 curr: TxPkts(167395), RxPkts(201638)
04-13 22:37:56.149  3447  3835 I LG-FASTDORMANCY: [DCH/FACH] FDCount : 0 Scheduling checkNetStat for 1000msec, current state is [DCH/FACH] FDCount : 0 
04-13 22:37:56.615  3447  3447 D QtiGsmDCT: [0]updateDataActivity: curTxRxSum={txSum=167395 rxSum=201638} preTxRxSum={txSum=167395 rxSum=201638}
04-13 22:37:56.615  3447  3447 D QtiGsmDCT: [0]updateDataActivity: sent=0 received=0
04-13 22:37:56.615  3447  3447 D QtiGsmDCT: [0]updateDataActivity: newActivity=NONE
04-13 22:37:56.622  3447  5126 D QtiGsmDCT: [0]getDataEnabled: getIntWithSubId retVal=true
04-13 22:37:57.153  3447  3447 V LG-FASTDORMANCY: [DCH/FACH] FDCount : 0 intent received :com.android.internal.telephony.ACTION_CHECK_NETSTAT
04-13 22:37:57.158  3447  3835 V LG-FASTDORMANCY: [DCH/FACH] FDCount : 0 prev: TxPkts(167395), RxPkts(201638)
04-13 22:37:57.158  3447  3835 V LG-FASTDORMANCY: [DCH/FACH] FDCount : 0 curr: TxPkts(167397), RxPkts(201640)
04-13 22:37:57.159  3447  3835 I LG-FASTDORMANCY: [DCH/FACH] FDCount : 0 Scheduling checkNetStat for 1000msec, current state is [DCH/FACH] FDCount : 0 
04-13 22:37:57.623  3447  3447 D QtiGsmDCT: [0]updateDataActivity: curTxRxSum={txSum=167397 rxSum=201640} preTxRxSum={txSum=167395 rxSum=201638}
04-13 22:37:57.623  3447  3447 D QtiGsmDCT: [0]updateDataActivity: sent=2 received=2
04-13 22:37:57.623  3447  3447 D QtiGsmDCT: [0]updateDataActivity: newActivity=DATAINANDOUT
04-13 22:37:57.631  3447  5044 D QtiGsmDCT: [0]getDataEnabled: getIntWithSubId retVal=true
04-13 22:37:58.163  3447  3447 V LG-FASTDORMANCY: [DCH/FACH] FDCount : 0 intent received :com.android.internal.telephony.ACTION_CHECK_NETSTAT
04-13 22:37:58.167  3447  3835 V LG-FASTDORMANCY: [DCH/FACH] FDCount : 0 prev: TxPkts(167397), RxPkts(201640)
04-13 22:37:58.167  3447  3835 V LG-FASTDORMANCY: [DCH/FACH] FDCount : 0 curr: TxPkts(167397), RxPkts(201640)
04-13 22:37:58.168  3447  3835 I LG-FASTDORMANCY: [DCH/FACH] FDCount : 1 Scheduling checkNetStat for 1000msec, current state is [DCH/FACH] FDCount : 1 
04-13 22:37:58.641  3447  3447 D QtiGsmDCT: [0]updateDataActivity: curTxRxSum={txSum=167397 rxSum=201640} preTxRxSum={txSum=167397 rxSum=201640}
04-13 22:37:58.642  3447  3447 D QtiGsmDCT: [0]updateDataActivity: sent=0 received=0
04-13 22:37:58.643  3447  3447 D QtiGsmDCT: [0]updateDataActivity: newActivity=NONE
04-13 22:37:58.657  3447  4251 D QtiGsmDCT: [0]getDataEnabled: getIntWithSubId retVal=true
04-13 22:37:59.172  3447  3447 V LG-FASTDORMANCY: [DCH/FACH] FDCount : 1 intent received :com.android.internal.telephony.ACTION_CHECK_NETSTAT
04-13 22:37:59.176  3447  3835 V LG-FASTDORMANCY: [DCH/FACH] FDCount : 1 prev: TxPkts(167397), RxPkts(201640)
04-13 22:37:59.176  3447  3835 V LG-FASTDORMANCY: [DCH/FACH] FDCount : 1 curr: TxPkts(167397), RxPkts(201640)
04-13 22:37:59.177  3447  3835 I LG-FASTDORMANCY: [DCH/FACH] FDCount : 2 Scheduling checkNetStat for 1000msec, current state is [DCH/FACH] FDCount : 2 
04-13 22:37:59.650  3447  3447 D QtiGsmDCT: [0]updateDataActivity: curTxRxSum={txSum=167397 rxSum=201640} preTxRxSum={txSum=167397 rxSum=201640}
04-13 22:37:59.650  3447  3447 D QtiGsmDCT: [0]updateDataActivity: sent=0 received=0
04-13 22:38:00.181  3447  3447 V LG-FASTDORMANCY: [DCH/FACH] FDCount : 2 intent received :com.android.internal.telephony.ACTION_CHECK_NETSTAT
04-13 22:38:00.185  3447  3835 V LG-FASTDORMANCY: [DCH/FACH] FDCount : 2 prev: TxPkts(167397), RxPkts(201640)
04-13 22:38:00.185  3447  3835 V LG-FASTDORMANCY: [DCH/FACH] FDCount : 2 curr: TxPkts(167397), RxPkts(201640)
04-13 22:38:00.186  3447  3835 I LG-FASTDORMANCY: [DCH/FACH] FDCount : 3 Scheduling checkNetStat for 1000msec, current state is [DCH/FACH] FDCount : 3 
04-13 22:38:00.655  3447  3447 D QtiGsmDCT: [0]updateDataActivity: curTxRxSum={txSum=167397 rxSum=201640} preTxRxSum={txSum=167397 rxSum=201640}
04-13 22:38:00.655  3447  3447 D QtiGsmDCT: [0]updateDataActivity: sent=0 received=0
04-13 22:38:01.192  3447  3447 V LG-FASTDORMANCY: [DCH/FACH] FDCount : 3 intent received :com.android.internal.telephony.ACTION_CHECK_NETSTAT
04-13 22:38:01.197  3447  3835 V LG-FASTDORMANCY: [DCH/FACH] FDCount : 3 prev: TxPkts(167397), RxPkts(201640)
04-13 22:38:01.197  3447  3835 V LG-FASTDORMANCY: [DCH/FACH] FDCount : 3 curr: TxPkts(167397), RxPkts(201640)
04-13 22:38:01.198  3447  3835 I LG-FASTDORMANCY: [DCH/FACH] FDCount : 4 Scheduling checkNetStat for 1000msec, current state is [DCH/FACH] FDCount : 4 
04-13 22:38:01.658  3447  3447 D QtiGsmDCT: [0]updateDataActivity: curTxRxSum={txSum=167397 rxSum=201640} preTxRxSum={txSum=167397 rxSum=201640}
04-13 22:38:01.658  3447  3447 D QtiGsmDCT: [0]updateDataActivity: sent=0 received=0
04-13 22:38:02.201  3447  3447 V LG-FASTDORMANCY: [DCH/FACH] FDCount : 4 intent received :com.android.internal.telephony.ACTION_CHECK_NETSTAT
04-13 22:38:02.206  3447  3835 V LG-FASTDORMANCY: [DCH/FACH] FDCount : 4 prev: TxPkts(167397), RxPkts(201640)
04-13 22:38:02.206  3447  3835 V LG-FASTDORMANCY: [DCH/FACH] FDCount : 4 curr: TxPkts(167443), RxPkts(201702)
04-13 22:38:02.207  3447  3835 I LG-FASTDORMANCY: [DCH/FACH] FDCount : 0 Scheduling checkNetStat for 1000msec, current state is [DCH/FACH] FDCount : 0 
04-13 22:38:02.662  3447  3447 D QtiGsmDCT: [0]updateDataActivity: curTxRxSum={txSum=167487 rxSum=201818} preTxRxSum={txSum=167397 rxSum=201640}
04-13 22:38:02.662  3447  3447 D QtiGsmDCT: [0]updateDataActivity: sent=90 received=178
04-13 22:38:02.662  3447  3447 D QtiGsmDCT: [0]updateDataActivity: newActivity=DATAINANDOUT
04-13 22:38:02.683  3447  5126 D QtiGsmDCT: [0]getDataEnabled: getIntWithSubId retVal=true
04-13 22:38:03.209  3447  3447 V LG-FASTDORMANCY: [DCH/FACH] FDCount : 0 intent received :com.android.internal.telephony.ACTION_CHECK_NETSTAT
04-13 22:38:03.213  3447  3835 V LG-FASTDORMANCY: [DCH/FACH] FDCount : 0 prev: TxPkts(167443), RxPkts(201702)
04-13 22:38:03.213  3447  3835 V LG-FASTDORMANCY: [DCH/FACH] FDCount : 0 curr: TxPkts(167543), RxPkts(201926)
04-13 22:38:03.214  3447  3835 I LG-FASTDORMANCY: [DCH/FACH] FDCount : 0 Scheduling checkNetStat for 1000msec, current state is [DCH/FACH] FDCount : 0 
04-13 22:38:03.673  3447  3447 D QtiGsmDCT: [0]updateDataActivity: curTxRxSum={txSum=167545 rxSum=201928} preTxRxSum={txSum=167487 rxSum=201818}
04-13 22:38:03.673  3447  3447 D QtiGsmDCT: [0]updateDataActivity: sent=58 received=110
04-13 22:38:04.225  3447  3447 V LG-FASTDORMANCY: [DCH/FACH] FDCount : 0 intent received :com.android.internal.telephony.ACTION_CHECK_NETSTAT
04-13 22:38:04.233  3447  3835 V LG-FASTDORMANCY: [DCH/FACH] FDCount : 0 prev: TxPkts(167543), RxPkts(201926)
04-13 22:38:04.233  3447  3835 V LG-FASTDORMANCY: [DCH/FACH] FDCount : 0 curr: TxPkts(167597), RxPkts(202004)
04-13 22:38:04.234  3447  3835 I LG-FASTDORMANCY: [DCH/FACH] FDCount : 0 Scheduling checkNetStat for 1000msec, current state is [DCH/FACH] FDCount : 0 
04-13 22:38:04.676  3447  3447 D QtiGsmDCT: [0]updateDataActivity: curTxRxSum={txSum=167599 rxSum=202006} preTxRxSum={txSum=167545 rxSum=201928}
04-13 22:38:04.677  3447  3447 D QtiGsmDCT: [0]updateDataActivity: sent=54 received=78
04-13 22:38:05.241  3447  3447 V LG-FASTDORMANCY: [DCH/FACH] FDCount : 0 intent received :com.android.internal.telephony.ACTION_CHECK_NETSTAT
04-13 22:38:05.250  3447  3835 V LG-FASTDORMANCY: [DCH/FACH] FDCount : 0 prev: TxPkts(167597), RxPkts(202004)
04-13 22:38:05.250  3447  3835 V LG-FASTDORMANCY: [DCH/FACH] FDCount : 0 curr: TxPkts(167661), RxPkts(202104)
04-13 22:38:05.253  3447  3835 I LG-FASTDORMANCY: [DCH/FACH] FDCount : 0 Scheduling checkNetStat for 1000msec, current state is [DCH/FACH] FDCount : 0 
04-13 22:38:05.681  3447  3447 D QtiGsmDCT: [0]updateDataActivity: curTxRxSum={txSum=167669 rxSum=202108} preTxRxSum={txSum=167599 rxSum=202006}
04-13 22:38:05.681  3447  3447 D QtiGsmDCT: [0]updateDataActivity: sent=70 received=102
04-13 22:38:06.262  3447  3447 V LG-FASTDORMANCY: [DCH/FACH] FDCount : 0 intent received :com.android.internal.telephony.ACTION_CHECK_NETSTAT
04-13 22:38:06.268  3447  3835 V LG-FASTDORMANCY: [DCH/FACH] FDCount : 0 prev: TxPkts(167661), RxPkts(202104)
04-13 22:38:06.268  3447  3835 V LG-FASTDORMANCY: [DCH/FACH] FDCount : 0 curr: TxPkts(167705), RxPkts(202148)
04-13 22:38:06.269  3447  3835 I LG-FASTDORMANCY: [DCH/FACH] FDCount : 0 Scheduling checkNetStat for 1000msec, current state is [DCH/FACH] FDCount : 0 
04-13 22:38:06.687  3447  3447 D QtiGsmDCT: [0]updateDataActivity: curTxRxSum={txSum=167705 rxSum=202148} preTxRxSum={txSum=167669 rxSum=202108}
04-13 22:38:06.687  3447  3447 D QtiGsmDCT: [0]updateDataActivity: sent=36 received=40
04-13 22:38:07.273  3447  3447 V LG-FASTDORMANCY: [DCH/FACH] FDCount : 0 intent received :com.android.internal.telephony.ACTION_CHECK_NETSTAT
04-13 22:38:07.279  3447  3835 V LG-FASTDORMANCY: [DCH/FACH] FDCount : 0 prev: TxPkts(167705), RxPkts(202148)
04-13 22:38:07.279  3447  3835 V LG-FASTDORMANCY: [DCH/FACH] FDCount : 0 curr: TxPkts(167705), RxPkts(202148)
04-13 22:38:07.280  3447  3835 I LG-FASTDORMANCY: [DCH/FACH] FDCount : 1 Scheduling checkNetStat for 1000msec, current state is [DCH/FACH] FDCount : 1 
04-13 22:38:07.638   370   678 I RILC    : RIL_SOCKET_1 UNSOLICITED: RIL_UNSOL_LTE_REJECT_CAUSE length:16
04-13 22:38:07.638   370   678 E RILC    : Send Response to RIL_SOCKET_1
04-13 22:38:07.639   370   678 E RILC    : RIL Response bytes written:4
04-13 22:38:07.639  3447  3768 D RILJ    : [UNSL]< RIL_UNSOL_LTE_REJECT_CAUSE {15} [SUB0]
04-13 22:38:07.639   370   678 E RILC    : RIL Response bytes written:16
04-13 22:38:07.642   370   678 I RILC    : RIL_SOCKET_1 UNSOLICITED: UNSOL_OEM_HOOK_RAW length:32
04-13 22:38:07.642   370   678 E RILC    : Send Response to RIL_SOCKET_1
04-13 22:38:07.643   370   678 E RILC    : RIL Response bytes written:4
04-13 22:38:07.643   370   678 E RILC    : RIL Response bytes written:32
04-13 22:38:07.643  3447  3768 V RILJ    : [UNSL]< UNSOL_OEM_HOOK_RAW 514f454d484f4f4bef0308000100000002 [SUB0]
04-13 22:38:07.643  3447  3768 D RILJ    : Oem ID in RIL_UNSOL_OEM_HOOK_RAW is QOEMHOOK
04-13 22:38:07.643  3447  3768 D RILJ    : OEM ID check Passed
04-13 22:38:07.643  3447  3768 D RILJ    : Response ID in RIL_UNSOL_OEM_HOOK_RAW is 525295
04-13 22:38:07.643  3447  3768 D RILJ    : Response ID 525295 is not served in this process.
04-13 22:38:07.645   370   678 I RILC    : RIL_SOCKET_1 UNSOLICITED: UNSOL_RESPONSE_VOICE_NETWORK_STATE_CHANGED length:8
04-13 22:38:07.645   370   678 E RILC    : Send Response to RIL_SOCKET_1
04-13 22:38:07.646   370   678 E RILC    : RIL Response bytes written:4
04-13 22:38:07.646  3447  3768 D RILJ    : [UNSL]< UNSOL_RESPONSE_VOICE_NETWORK_STATE_CHANGED [SUB0]
04-13 22:38:07.646   370   678 E RILC    : RIL Response bytes written:8
04-13 22:38:07.646  3447  3447 D RILJ    : [9714]> OPERATOR [SUB0]
04-13 22:38:07.648   370   678 I RILQ    : (0/370):RIL[0][event] qcril_arb_set_dsd_sys_status: old_pref_data 1 - new_data_pref 1
04-13 22:38:07.648   370   678 I RILQ    : (0/370):RIL[0][event] qcril_arb_set_dsd_sys_status: preferred dsd_sys_status nw=0x0, rat_value=0x1, so_mask=0x0000000000000007
04-13 22:38:07.648   370   678 I RILQ    : (0/370):RIL[0][event] qcril_arb_set_dsd_sys_status: preferred 1 - dsd_sys_status nw=0x0, rat_value=0x1, so_mask=0x0000000000000007
04-13 22:38:07.648   370   678 I RILQ    : (0/370):RIL[0][event] qcril_arb_set_dsd_sys_status: is_wwan_available 0
04-13 22:38:07.649   370   678 I RILC    : RIL_SOCKET_1 UNSOLICITED: UNSOL_OEM_HOOK_RAW length:32
04-13 22:38:07.649   370   678 E RILC    : Send Response to RIL_SOCKET_1
04-13 22:38:07.649  3447  3447 D RILJ    : [9715]> DATA_REGISTRATION_STATE [SUB0]
04-13 22:38:07.649   370   678 E RILC    : RIL Response bytes written:4
04-13 22:38:07.650  3447  3768 V RILJ    : [UNSL]< UNSOL_OEM_HOOK_RAW 514f454d484f4f4bfa0308000100000000 [SUB0]
04-13 22:38:07.650  3447  3768 D RILJ    : Oem ID in RIL_UNSOL_OEM_HOOK_RAW is QOEMHOOK
04-13 22:38:07.650  3447  3768 D RILJ    : OEM ID check Passed
04-13 22:38:07.650  3447  3768 D RILJ    : Response ID in RIL_UNSOL_OEM_HOOK_RAW is 525306
04-13 22:38:07.650  3447  3768 D RILJ    : WWAN, IWLAN coexistence notified to registrants
04-13 22:38:07.650   370   678 E RILC    : RIL Response bytes written:32
04-13 22:38:07.650   370   667 D RILC    : SOCKET RIL_SOCKET_1 REQUEST: OPERATOR length:8
04-13 22:38:07.652  3447  3447 D RILJ    : [9716]> VOICE_REGISTRATION_STATE [SUB0]
04-13 22:38:07.653   370   667 D RILC    : SOCKET RIL_SOCKET_1 REQUEST: DATA_REGISTRATION_STATE length:8
04-13 22:38:07.654  3447  3447 D RILJ    : [9717]> QUERY_NETWORK_SELECTION_MODE [SUB0]
04-13 22:38:07.655   370   667 D RILC    : SOCKET RIL_SOCKET_1 REQUEST: VOICE_REGISTRATION_STATE length:8
04-13 22:38:07.657   370   667 D RILC    : SOCKET RIL_SOCKET_1 REQUEST: QUERY_NETWORK_SELECTION_MODE length:8
04-13 22:38:07.658   370   678 I RILC    : RIL_SOCKET_1 UNSOLICITED: RIL_UNSOL_LTE_REJECT_CAUSE length:16
04-13 22:38:07.658   370   678 E RILC    : Send Response to RIL_SOCKET_1
04-13 22:38:07.658   370   678 E RILC    : RIL Response bytes written:4
04-13 22:38:07.658   370   678 E RILC    : RIL Response bytes written:16
04-13 22:38:07.658  3447  3768 D RILJ    : [UNSL]< RIL_UNSOL_LTE_REJECT_CAUSE {15} [SUB0]
04-13 22:38:07.662   370 10673 D RILC    : RequestComplete, RIL_SOCKET_1
04-13 22:38:07.662   370 10673 E RILC    : Send Response to RIL_SOCKET_1
04-13 22:38:07.662   370 10673 E RILC    : RIL Response bytes written:4
04-13 22:38:07.662   370 10673 E RILC    : RIL Response bytes written:120
04-13 22:38:07.662  3447  3768 D RILJ    : [9715]< DATA_REGISTRATION_STATE {1, dff2, 02bec830, 11, null, 20, null, null, null, null, null, 0} [SUB0]
04-13 22:38:07.663  3447  3447 D GsmSST  : isSFROperators result = false
04-13 22:38:07.663  3447  3447 D PHONE   : [ServiceState] setDataRegState=0
04-13 22:38:07.663  3447  3447 D PHONE   : [ServiceState] setDataRadioTechnology=11
04-13 22:38:07.663  3447  3447 D GsmSST  : [GsmSST] LOGRadioInfo : In Service
04-13 22:38:07.663  3447  3447 D GsmSST  : [GsmSST] handlPollStateResultMessage: GsmSST setDataRegState=0 regState=1 dataRadioTechnology=11
04-13 22:38:07.672   370 10672 D RILC    : RequestComplete, RIL_SOCKET_1
04-13 22:38:07.672   370 10672 E RILC    : Send Response to RIL_SOCKET_1
04-13 22:38:07.672   370 10672 E RILC    : RIL Response bytes written:4
04-13 22:38:07.672   370 10672 E RILC    : RIL Response bytes written:72
04-13 22:38:07.674   370 10674 D RILC    : RequestComplete, RIL_SOCKET_1
04-13 22:38:07.674  3447  3768 D RILJ    : [9714]< OPERATOR {Orange, Orange, 26003} [SUB0]
04-13 22:38:07.674   370 10674 E RILC    : Send Response to RIL_SOCKET_1
04-13 22:38:07.674   370 10674 E RILC    : RIL Response bytes written:4
04-13 22:38:07.674   370 10674 E RILC    : RIL Response bytes written:136
04-13 22:38:07.674  3447  3768 D RILJ    : [9716]< VOICE_REGISTRATION_STATE {1, dff2, 02bec830, 3, null, null, null, 0, null, null, 1, null, null, 0, 1d8} [SUB0]
04-13 22:38:07.674  3447  3447 D PHONE   : [ServiceState] setVoiceRegState=0
04-13 22:38:07.674  3447  3447 E PHONE   : [ServiceState] setState deprecated use setVoiceRegState()
04-13 22:38:07.674  3447  3447 D GsmSST  : [GsmSST] LOGRadioInfo : In Service
04-13 22:38:07.675   370 10675 D RILC    : RequestComplete, RIL_SOCKET_1
04-13 22:38:07.675   370 10675 E RILC    : Send Response to RIL_SOCKET_1
04-13 22:38:07.675   370 10675 E RILC    : RIL Response bytes written:4
04-13 22:38:07.675   370 10675 E RILC    : RIL Response bytes written:20
04-13 22:38:07.675  3447  3768 D RILJ    : [9717]< QUERY_NETWORK_SELECTION_MODE {0} [SUB0]
04-13 22:38:07.676   370 10674 I RILC    : RIL_SOCKET_1 UNSOLICITED: UNSOL_RESPONSE_VOICE_NETWORK_STATE_CHANGED length:8
04-13 22:38:07.676   370 10674 E RILC    : Send Response to RIL_SOCKET_1
04-13 22:38:07.676   370 10674 E RILC    : RIL Response bytes written:4
04-13 22:38:07.676   370 10674 E RILC    : RIL Response bytes written:8
04-13 22:38:07.677  3447  3768 D RILJ    : [UNSL]< UNSOL_RESPONSE_VOICE_NETWORK_STATE_CHANGED [SUB0]
04-13 22:38:07.679  3447  3447 D GsmSST  : [GsmSST] Poll ServiceState done:  oldSS=[0 0 voice home data home Orange Orange 26003 Orange Orange 26003  UMTS HSPAP CSS not supported -1 -1 RoamInd=-1 DefRoamInd=-1 EmergOnly=false IsDataRoamingFromRegistration=false mIsVoiceSearching=false mIsDataSearching=false mVoiceNetworkName=null mDataNetworkName=null Check64QAM0 Dual carrier0] newSS=[0 0 voice home data home Orange Orange 26003 Orange Orange 26003  UMTS HSPA CSS not supported -1 -1 RoamInd=-1 DefRoamInd=-1 EmergOnly=false IsDataRoamingFromRegistration=false mIsVoiceSearching=false mIsDataSearching=false mVoiceNetworkName=null mDataNetworkName=null Check64QAM0 Dual carrier0] oldMaxDataCalls=20 mNewMaxDataCalls=20 oldReasonDataDenied=-1 mNewReasonDataDenied=-1
04-13 22:38:07.679  3447  3447 D PHONE   : [ServiceState] setNullState=1
04-13 22:38:07.679  3447  3447 D TelephonyManager: setTelephonyProperty: success phoneId=0 property=gsm.network.type value: UMTS propVal=UMTS
04-13 22:38:07.680  3447  3447 D SIMRecords: [SIMRecords] getServiceProviderName: no brandOverride
04-13 22:38:07.680  3447  3447 D SIMRecords: [SIMRecords] getServiceProviderName: providerName=Orange
04-13 22:38:07.680  3447  3447 D SIMRecords: [SIMRecords] getServiceProviderName: no brandOverride
04-13 22:38:07.680  3447  3447 D SIMRecords: [SIMRecords] getServiceProviderName: providerName=Orange
04-13 22:38:07.680  3447  3447 D GSMPhoneEx: grandblue SpnMvno = Orange operator = 26003 simMcc  = 260 simMnc  = 03
04-13 22:38:07.680  3447  3447 D GSMPhoneEx: grandblue after SpnMvno = Orange operator = 26003 simMcc  = 260 simMnc  = 03
04-13 22:38:07.682  3447  3447 D TelephonyManager: setTelephonyProperty: success phoneId=0 property=gsm.operator.alpha value: Orange propVal=Orange
04-13 22:38:07.682  3447  3447 D TelephonyManager: setTelephonyProperty: success phoneId=0 property=gsm.operator.numeric value: 26003 propVal=26003
04-13 22:38:07.683  3447  3447 D TelephonyManager: setTelephonyProperty: success phoneId=0 property=gsm.operator.iso-country value: pl propVal=pl
04-13 22:38:07.684  3447  3447 D GsmSST  : [GsmSST] shouldFixTimeZoneNow: retVal=false iccCardExist=true operatorNumeric=26003 mcc=260 prevOperatorNumeric=26003 prevMcc=260 needToFixTimeZone=false ltod=04-13 22:38:07.683
04-13 22:38:07.684  3447  3447 D TelephonyManager: setTelephonyProperty: success phoneId=0 property=gsm.operator.isroaming value: false propVal=false
04-13 22:38:07.684  3447  3447 D TelephonyManager: setTelephonyProperty: success phoneId=0 property=ril.cdma.voiceinservice value: true propVal=true
04-13 22:38:07.685  3447  3447 D GsmSST  : [GsmSST] Broadcasting ServiceState : 0 0 voice home data home Orange Orange 26003 Orange Orange 26003  UMTS HSPA CSS not supported -1 -1 RoamInd=-1 DefRoamInd=-1 EmergOnly=false IsDataRoamingFromRegistration=false mIsVoiceSearching=false mIsDataSearching=false mVoiceNetworkName=null mDataNetworkName=null Check64QAM0 Dual carrier0
04-13 22:38:07.685  3447  3447 D DefaultPhoneNotifier: nofityServiceState: mRegistry=com.android.internal.telephony.ITelephonyRegistry$Stub$Proxy@ced2ad0 ss=0 0 voice home data home Orange Orange 26003 Orange Orange 26003  UMTS HSPA CSS not supported -1 -1 RoamInd=-1 DefRoamInd=-1 EmergOnly=false IsDataRoamingFromRegistration=false mIsVoiceSearching=false mIsDataSearching=false mVoiceNetworkName=null mDataNetworkName=null Check64QAM0 Dual carrier0 sender=Handler (com.qti.internal.telephony.gsm.QtiGSMPhone) {560d91e} phondId=0 subId=2
04-13 22:38:07.693  1891  3461 D SubscriptionManager: getSimStateForSubscriber: simState=5 slotIdx=0
04-13 22:38:07.697  3447  3447 D GsmSST  : [GsmSST] notifyDataRegStateRilRadioTechnologyChanged: drs=0 rat=11
04-13 22:38:07.697  3447  3447 D TelephonyManager: setTelephonyProperty: success phoneId=0 property=gsm.network.type value: HSPA propVal=HSPA
04-13 22:38:07.698  3447  3447 D QtiGsmDCT: [0]get all active apn types
04-13 22:38:07.699  3447  3834 D DC-1    : DcActiveState not handled msg.what=EVENT_DATA_CONNECTION_DRS_OR_RAT_CHANGED
04-13 22:38:07.699  3447  3834 D DC-1    : DcDefault msg=EVENT_DATA_CONNECTION_DRS_OR_RAT_CHANGED RefCount=1
04-13 22:38:07.699  3447  3834 D DC-1    : DcDefaultState: EVENT_DATA_CONNECTION_DRS_OR_RAT_CHANGED drs=0 mRilRat=11
04-13 22:38:07.699  3447  3834 D QtiGsmDCT: [0]fetchDunApn: Ignore the dun apn in settings.db
04-13 22:38:07.700  3447  3447 D QtiGsmDCT: [0]return link properites for default
04-13 22:38:07.702  3447  3867 D QtiGsmDCT: [0]getDataEnabled: getIntWithSubId retVal=true
04-13 22:38:07.734  3447  3834 D QtiGsmDCT: [0]fetchDunApn: config_tether_apndata dunSetting=null
04-13 22:38:07.734  3447  3834 D DC-1    : isInternetRequested = true
04-13 22:38:07.735  3447  3834 D DC-1    : DcActiveState not handled msg.what=REQ_GET_LINK_PROPERTIES
04-13 22:38:07.735  3447  3834 D DC-1    : DcDefault msg=REQ_GET_LINK_PROPERTIES RefCount=1
04-13 22:38:07.736  3447  3834 D DC-1    : REQ_GET_LINK_PROPERTIES linkProperties{InterfaceName: rmnet_data0 LinkAddresses: [2a00:f41:30c5:feb9:e6db:f93:92c6:4a88/64,]  Routes: [::/0 -> fe80::167:77c:95a5:9420 rmnet_data0,] DnsAddresses: [2a01:1700:3:ffff::9822,2a01:1700:2:ffff::9f01,] Domains: null MTU: 1500 TcpBufferSizes: 40778,244668,3461120,16777,140625,3461120}
04-13 22:38:07.738  3447  3447 D QtiGsmDCT: [0]get active pdp is not null, return NetworkCapabilities for default
04-13 22:38:07.738  3447  3834 D DC-1    : DcActiveState not handled msg.what=REQ_GET_NETWORK_CAPABILITIES
04-13 22:38:07.738  3447  3834 D DC-1    : DcDefault msg=REQ_GET_NETWORK_CAPABILITIES RefCount=1
04-13 22:38:07.738  3447  3834 D QtiGsmDCT: [0]fetchDunApn: Ignore the dun apn in settings.db
04-13 22:38:07.772  3447  3834 D QtiGsmDCT: [0]fetchDunApn: config_tether_apndata dunSetting=null
04-13 22:38:07.772  3447  3834 D DC-1    : isInternetRequested = true
04-13 22:38:07.772  3447  3834 D DC-1    : REQ_GET_NETWORK_CAPABILITIES networkCapabilities[ Transports: CELLULAR Capabilities: SUPL&DUN&INTERNET&NOT_RESTRICTED&TRUSTED&NOT_VPN LinkUpBandwidth>=5898Kbps LinkDnBandwidth>=14336Kbps Specifier: <2>]
04-13 22:38:07.777  3447  3447 D QtiGsmDCT: [0]isDataPossible(default): possible=true isDataAllowed=true apnTypePossible=true apnContextisEnabled=true apnContextState()=CONNECTED
04-13 22:38:07.777  3447  3447 D QtiGsmDCT: [0]get active apn string for type:default
04-13 22:38:07.777  3447  3447 D DCT     : [ApnContext:default] getApnSetting: apnSetting=[ApnSettingV3] Orange Internet, 695, 26003, internetipv6, , , , , , 1, default | dun | hipri | supl, IPV6, IP, true, 0, 0, 1, false, 0, 0, 0, 0, , , 0, , 
04-13 22:38:07.781  1891  3502 D TelephonyRegistry: Notify data connection state changed on sub: 2
04-13 22:38:07.781  1891  3502 D TelephonyRegistry: Notify data connection state changed on sub: 2
04-13 22:38:07.781  1891  3502 D TelephonyRegistry: Notify data connection state changed on sub: 2
04-13 22:38:07.782  1891  3502 D TelephonyRegistry: Notify data connection state changed on sub: 2
04-13 22:38:07.782  1891  3502 D TelephonyRegistry: Notify data connection state changed on sub: 2
04-13 22:38:07.782  1891  3502 D TelephonyRegistry: broadcastPreciseDataConnectionStateChanged():state=2, apnType=default, smCause=(0), reason=null
04-13 22:38:07.786  3447  3447 D RILJ    : [9718]> OPERATOR [SUB0]
04-13 22:38:07.790   370   667 D RILC    : SOCKET RIL_SOCKET_1 REQUEST: OPERATOR length:8
04-13 22:38:07.791  3447  5133 D GsmSST  : [GsmSST] getCellLocation(): X good mCellLoc=[57330,46057520,472]
04-13 22:38:07.792  3447  3447 D RILJ    : [9719]> DATA_REGISTRATION_STATE [SUB0]
04-13 22:38:07.796   370 10679 D RILC    : RequestComplete, RIL_SOCKET_1
04-13 22:38:07.796   370 10679 E RILC    : Send Response to RIL_SOCKET_1
04-13 22:38:07.797   370 10679 E RILC    : RIL Response bytes written:4
04-13 22:38:07.797  3447  3768 D RILJ    : [9718]< OPERATOR {Orange, Orange, 26003} [SUB0]
04-13 22:38:07.797   370 10679 E RILC    : RIL Response bytes written:72
04-13 22:38:07.797  3447  3447 D RILJ    : [9720]> VOICE_REGISTRATION_STATE [SUB0]
04-13 22:38:07.798   370   667 D RILC    : SOCKET RIL_SOCKET_1 REQUEST: DATA_REGISTRATION_STATE length:8
04-13 22:38:07.798  3447  3447 D RILJ    : [9721]> QUERY_NETWORK_SELECTION_MODE [SUB0]
04-13 22:38:07.802   370   667 D RILC    : SOCKET RIL_SOCKET_1 REQUEST: VOICE_REGISTRATION_STATE length:8
04-13 22:38:07.805   370   667 D RILC    : SOCKET RIL_SOCKET_1 REQUEST: QUERY_NETWORK_SELECTION_MODE length:8
04-13 22:38:07.806  3447  3447 D QtiGsmDCT: [0]updateDataActivity: curTxRxSum={txSum=167706 rxSum=202148} preTxRxSum={txSum=167705 rxSum=202148}
04-13 22:38:07.806  3447  3447 D QtiGsmDCT: [0]updateDataActivity: sent=1 received=0
04-13 22:38:07.806  3447  3447 D QtiGsmDCT: [0]updateDataActivity: newActivity=DATAOUT
04-13 22:38:07.807   370 10682 D RILC    : RequestComplete, RIL_SOCKET_1
04-13 22:38:07.807   370 10682 E RILC    : Send Response to RIL_SOCKET_1
04-13 22:38:07.809   370 10682 E RILC    : RIL Response bytes written:4
04-13 22:38:07.809  3447  3768 D RILJ    : [9719]< DATA_REGISTRATION_STATE {1, dff2, 02bec830, 11, null, 20, null, null, null, null, null, 0} [SUB0]
04-13 22:38:07.809   370 10682 E RILC    : RIL Response bytes written:120
04-13 22:38:07.810  3447  3447 V LG-FASTDORMANCY: [DCH/FACH] FDCount : 1 intent received :android.intent.action.SERVICE_STATE
04-13 22:38:07.810   370 10684 D RILC    : RequestComplete, RIL_SOCKET_1
04-13 22:38:07.810   370 10684 E RILC    : Send Response to RIL_SOCKET_1
04-13 22:38:07.811  3447  3447 E PHONE   : ServiceState.getRadioTechnology() DEPRECATED will be removed *******
04-13 22:38:07.811   370 10684 E RILC    : RIL Response bytes written:4
04-13 22:38:07.811  3447  3447 I LG-FASTDORMANCY: [DCH/FACH] FDCount : 1 Service State is changed : 0 0 voice home data home Orange Orange 26003 Orange Orange 26003  UMTS HSPA CSS not supported -1 -1 RoamInd=-1 DefRoamInd=-1 EmergOnly=false IsDataRoamingFromRegistration=false mIsVoiceSearching=false mIsDataSearching=false mVoiceNetworkName=null mDataNetworkName=null Check64QAM0 Dual carrier0
04-13 22:38:07.811  3447  3447 I LG-FASTDORMANCY: [DCH/FACH] FDCount : 1 radioTech changed!! currenRT = 11 isChange?? true
04-13 22:38:07.811  3447  3768 D RILJ    : [9721]< QUERY_NETWORK_SELECTION_MODE {0} [SUB0]
04-13 22:38:07.811   370 10684 E RILC    : RIL Response bytes written:20
04-13 22:38:07.812   370 10683 D RILC    : RequestComplete, RIL_SOCKET_1
04-13 22:38:07.812   370 10683 E RILC    : Send Response to RIL_SOCKET_1
04-13 22:38:07.812   370 10683 E RILC    : RIL Response bytes written:4
04-13 22:38:07.812  3447  3447 D QtiGsmDCT: [0]QtiDcTracker handleMessage msg={ when=-114ms what=270377 obj=android.os.AsyncResult@b0284c7 target=com.qti.internal.telephony.dataconnection.QtiDcTracker }
04-13 22:38:07.812  3447  3768 D RILJ    : [9720]< VOICE_REGISTRATION_STATE {1, dff2, 02bec830, 3, null, null, null, 0, null, null, 1, null, null, 0, 1d8} [SUB0]
04-13 22:38:07.812  3447  3447 D QtiGsmDCT: [0]handleMessage msg={ when=-114ms what=270377 obj=android.os.AsyncResult@b0284c7 target=com.qti.internal.telephony.dataconnection.QtiDcTracker }
04-13 22:38:07.813  3447  3447 D QtiGsmDCT: [0]onUpdateIcc: newIccRecords com.android.internal.telephony.uicc.SIMRecords
04-13 22:38:07.813   370 10683 E RILC    : RIL Response bytes written:136
04-13 22:38:07.814  3447  3835 I LG-FASTDORMANCY: [DCH/FACH] FDCount : 1 Radio Tech changed.
04-13 22:38:07.818  3447  3835 D LG-FASTDORMANCY: [DCH/FACH] FDCount : 1 isUMTS(): RadioTech(10)
04-13 22:38:07.820  3447  3867 D QtiGsmDCT: [0]getDataEnabled: getIntWithSubId retVal=true
04-13 22:38:07.828  3447  3447 D QtiGsmDCT: [0]getDataOnRoamingEnabled: phoneSubId=2 isDataRoamingEnabled=false
04-13 22:38:07.828  3447  3447 D QtiGsmDCT: [0]getDataEnabled: getIntWithSubId retVal=true
04-13 22:38:07.828  3447  5126 D QtiGsmDCT: [0]getDataEnabled: getIntWithSubId retVal=true
04-13 22:38:07.829  3447  3447 D GsmSST  : isSFROperators result = false
04-13 22:38:07.829  3447  3447 D PHONE   : [ServiceState] setDataRegState=0
04-13 22:38:07.829  3447  3447 D PHONE   : [ServiceState] setDataRadioTechnology=11
04-13 22:38:07.829  3447  3447 D GsmSST  : [GsmSST] LOGRadioInfo : In Service
04-13 22:38:07.829  3447  3447 D GsmSST  : [GsmSST] handlPollStateResultMessage: GsmSST setDataRegState=0 regState=1 dataRadioTechnology=11
04-13 22:38:07.829  3447  3447 D PHONE   : [ServiceState] setVoiceRegState=0
04-13 22:38:07.829  3447  3447 E PHONE   : [ServiceState] setState deprecated use setVoiceRegState()
04-13 22:38:07.829  3447  3447 D GsmSST  : [GsmSST] LOGRadioInfo : In Service
04-13 22:38:07.832  3447  3447 D GsmSST  : [GsmSST] Poll ServiceState done:  oldSS=[0 0 voice home data home Orange Orange 26003 Orange Orange 26003  UMTS HSPA CSS not supported -1 -1 RoamInd=-1 DefRoamInd=-1 EmergOnly=false IsDataRoamingFromRegistration=false mIsVoiceSearching=false mIsDataSearching=false mVoiceNetworkName=null mDataNetworkName=null Check64QAM0 Dual carrier0] newSS=[0 0 voice home data home Orange Orange 26003 Orange Orange 26003  UMTS HSPA CSS not supported -1 -1 RoamInd=-1 DefRoamInd=-1 EmergOnly=false IsDataRoamingFromRegistration=false mIsVoiceSearching=false mIsDataSearching=false mVoiceNetworkName=null mDataNetworkName=null Check64QAM0 Dual carrier0] oldMaxDataCalls=20 mNewMaxDataCalls=20 oldReasonDataDenied=-1 mNewReasonDataDenied=-1
04-13 22:38:07.833  3447  3447 D PHONE   : [ServiceState] setNullState=1
04-13 22:38:07.833  3447  3447 D RILJ    : [9722]> REQUEST_GET_NEIGHBORING_CELL_IDS [SUB0]
04-13 22:38:07.838   370   667 D RILC    : SOCKET RIL_SOCKET_1 REQUEST: GET_NEIGHBORING_CELL_IDS length:8
04-13 22:38:07.838   370   667 I RILQ    : (0/370):RIL[0][main] qcril_qmi_nas_get_neighboring_cell_ids: completed with 0
04-13 22:38:07.840   370   740 I RILQ    : (0/370):RIL[0][qmi_cb] qcril_qmi_nas_get_neighboring_cells_cb: .. qmi error 0, resultqmi  0, qmi transp_err 0, ril res 0
04-13 22:38:07.841   370   740 D RILC    : RequestComplete, RIL_SOCKET_1
04-13 22:38:07.842   370   740 E RILC    : Send Response to RIL_SOCKET_1
04-13 22:38:07.842   370   740 E RILC    : RIL Response bytes written:4
04-13 22:38:07.842   370   740 E RILC    : RIL Response bytes written:184
04-13 22:38:07.842   370   740 I RILQ    : (0/370):RIL[0][qmi_cb] qcril_qmi_nas_get_neighboring_cells_cb: completed with 0 with 6 entries
04-13 22:38:07.844  3447  3768 D RILJ    : [9722]< REQUEST_GET_NEIGHBORING_CELL_IDS {[[128@-92]] [[14@-93]] [[17e@-94]] [[126@-95]] [[3e@-97]] [[121@-104]] } [SUB0]
04-13 22:38:07.854  3447  5027 D RILJ    : [9723]> RIL_REQUEST_GET_CELL_INFO_LIST [SUB0]
04-13 22:38:07.857   370   667 D RILC    : SOCKET RIL_SOCKET_1 REQUEST: GET_CELL_INFO_LIST length:8
04-13 22:38:07.861   370 10687 D RILC    : RequestComplete, RIL_SOCKET_1
04-13 22:38:07.861   370 10687 E RILC    : Send Response to RIL_SOCKET_1
04-13 22:38:07.861   370 10687 E RILC    : RIL Response bytes written:4
04-13 22:38:07.861   370 10687 E RILC    : RIL Response bytes written:352
04-13 22:38:07.862  3447  3768 D RILJ    : [9723]< RIL_REQUEST_GET_CELL_INFO_LIST [CellInfoWcdma:{mRegistered=YES mTimeStampType=oem_ril mTimeStamp=34338827831244ns CellIdentityWcdma:{ mMcc=260 mMnc=3 mLac=57330 mCid=46057520 mPsc=472} CellSignalStrengthWcdma: ss=13 ber=99}, CellInfoWcdma:{mRegistered=NO mTimeStampType=oem_ril mTimeStamp=34338827831244ns CellIdentityWcdma:{ mMcc=2147483647 mMnc=2147483647 mLac=2147483647 mCid=2147483647 mPsc=296} CellSignalStrengthWcdma: ss=11 ber=99}, CellInfoWcdma:{mRegistered=NO mTimeStampType=oem_ril mTimeStamp=34338827831244ns CellIdentityWcdma:{ mMcc=2147483647 mMnc=2147483647 mLac=2147483647 mCid=2147483647 mPsc=20} CellSignalStrengthWcdma: ss=10 ber=99}, CellInfoWcdma:{mRegistered=NO mTimeStampType=oem_ril mTimeStamp=34338827831244ns CellIdentityWcdma:{ mMcc=2147483647 mMnc=2147483647 mLac=2147483647 mCid=2147483647 mPsc=382} CellSignalStrengthWcdma: ss=10 ber=99}, CellInfoWcdma:{mRegistered=NO mTimeStampType=oem_ril mTimeStamp=34338827831244ns CellIdentityWcdma:{ mMcc=2147483647 mMnc=2147483647 mLac=2147483647 mCid=2147483647 mPsc=294} CellSignalStrengthWcdma: ss=9 ber=99}, CellInfoWcdma:{mRegistered=NO mTimeStampType=oem_ril mTimeStamp=34338827831244ns CellIdentityWcdma:{ mMcc=2147483647 mMnc=2147483647 mLac=2147483647 mCid=2147483647 mPsc=62} CellSignalStrengthWcdma: ss=8 ber=99}, CellInfoWcdma:{mRegistered=NO mTimeStampType=oem_ril mTimeStamp=34338827831244ns CellIdentityWcdma:{ mMcc=2147483647 mMnc=2147483647 mLac=2147483647 mCid=2147483647 mPsc=289} CellSignalStrengthWcdma: ss=5 ber=99}] [SUB0]
04-13 22:38:07.863  3447  5027 D GsmSST  : [GsmSST] SST.getAllCellInfo(): X size=7 list=[CellInfoWcdma:{mRegistered=YES mTimeStampType=oem_ril mTimeStamp=34338827831244ns CellIdentityWcdma:{ mMcc=260 mMnc=3 mLac=57330 mCid=46057520 mPsc=472} CellSignalStrengthWcdma: ss=13 ber=99}, CellInfoWcdma:{mRegistered=NO mTimeStampType=oem_ril mTimeStamp=34338827831244ns CellIdentityWcdma:{ mMcc=2147483647 mMnc=2147483647 mLac=2147483647 mCid=2147483647 mPsc=296} CellSignalStrengthWcdma: ss=11 ber=99}, CellInfoWcdma:{mRegistered=NO mTimeStampType=oem_ril mTimeStamp=34338827831244ns CellIdentityWcdma:{ mMcc=2147483647 mMnc=2147483647 mLac=2147483647 mCid=2147483647 mPsc=20} CellSignalStrengthWcdma: ss=10 ber=99}, CellInfoWcdma:{mRegistered=NO mTimeStampType=oem_ril mTimeStamp=34338827831244ns CellIdentityWcdma:{ mMcc=2147483647 mMnc=2147483647 mLac=2147483647 mCid=2147483647 mPsc=382} CellSignalStrengthWcdma: ss=10 ber=99}, CellInfoWcdma:{mRegistered=NO mTimeStampType=oem_ril mTimeStamp=34338827831244ns CellIdentityWcdma:{ mMcc=2147483647 mMnc=2147483647 mLac=2147483647 mCid=2147483647 mPsc=294} CellSignalStrengthWcdma: ss=9 ber=99}, CellInfoWcdma:{mRegistered=NO mTimeStampType=oem_ril mTimeStamp=34338827831244ns CellIdentityWcdma:{ mMcc=2147483647 mMnc=2147483647 mLac=2147483647 mCid=2147483647 mPsc=62} CellSignalStrengthWcdma: ss=8 ber=99}, CellInfoWcdma:{mRegistered=NO mTimeStampType=oem_ril mTimeStamp=34338827831244ns CellIdentityWcdma:{ mMcc=2147483647 mMnc=2147483647 mLac=2147483647 mCid=2147483647 mPsc=289} CellSignalStrengthWcdma: ss=5 ber=99}]
04-13 22:38:07.867  3447  5126 D GsmSST  : [GsmSST] getCellLocation(): X good mCellLoc=[57330,46057520,472]
04-13 22:38:08.292  3447  3447 V LG-FASTDORMANCY: [DCH/FACH] FDCount : 1 intent received :com.android.internal.telephony.ACTION_CHECK_NETSTAT
04-13 22:38:08.298  3447  3835 V LG-FASTDORMANCY: [DCH/FACH] FDCount : 1 prev: TxPkts(167705), RxPkts(202148)
04-13 22:38:08.298  3447  3835 V LG-FASTDORMANCY: [DCH/FACH] FDCount : 1 curr: TxPkts(167706), RxPkts(202148)
04-13 22:38:08.300  3447  3835 I LG-FASTDORMANCY: [DCH/FACH] FDCount : 0 Scheduling checkNetStat for 1000msec, current state is [DCH/FACH] FDCount : 0 
04-13 22:38:08.349   370   678 I RILC    : RIL_SOCKET_1 UNSOLICITED: RIL_UNSOL_LTE_REJECT_CAUSE length:16
04-13 22:38:08.349   370   678 E RILC    : Send Response to RIL_SOCKET_1
04-13 22:38:08.349   370   678 E RILC    : RIL Response bytes written:4
04-13 22:38:08.349   370   678 E RILC    : RIL Response bytes written:16
04-13 22:38:08.349  3447  3768 D RILJ    : [UNSL]< RIL_UNSOL_LTE_REJECT_CAUSE {15} [SUB0]
04-13 22:38:08.354   370   678 I RILC    : RIL_SOCKET_1 UNSOLICITED: UNSOL_OEM_HOOK_RAW length:32
04-13 22:38:08.355   370   678 E RILC    : Send Response to RIL_SOCKET_1
04-13 22:38:08.355   370   678 E RILC    : RIL Response bytes written:4
04-13 22:38:08.355  3447  3768 V RILJ    : [UNSL]< UNSOL_OEM_HOOK_RAW 514f454d484f4f4bef0308000100000002 [SUB0]
04-13 22:38:08.355  3447  3768 D RILJ    : Oem ID in RIL_UNSOL_OEM_HOOK_RAW is QOEMHOOK
04-13 22:38:08.355  3447  3768 D RILJ    : OEM ID check Passed
04-13 22:38:08.355  3447  3768 D RILJ    : Response ID in RIL_UNSOL_OEM_HOOK_RAW is 525295
04-13 22:38:08.356  3447  3768 D RILJ    : Response ID 525295 is not served in this process.
04-13 22:38:08.356   370   678 E RILC    : RIL Response bytes written:32
04-13 22:38:08.360   370   678 I RILC    : RIL_SOCKET_1 UNSOLICITED: UNSOL_RESPONSE_VOICE_NETWORK_STATE_CHANGED length:8
04-13 22:38:08.360   370   678 E RILC    : Send Response to RIL_SOCKET_1
04-13 22:38:08.360   370   678 E RILC    : RIL Response bytes written:4
04-13 22:38:08.360   370   678 E RILC    : RIL Response bytes written:8
04-13 22:38:08.361  3447  3768 D RILJ    : [UNSL]< UNSOL_RESPONSE_VOICE_NETWORK_STATE_CHANGED [SUB0]
04-13 22:38:08.362  3447  3447 D RILJ    : [9724]> OPERATOR [SUB0]
04-13 22:38:08.363   370   678 I RILQ    : (0/370):RIL[0][event] qcril_arb_set_dsd_sys_status: old_pref_data 1 - new_data_pref 1
04-13 22:38:08.364   370   678 I RILQ    : (0/370):RIL[0][event] qcril_arb_set_dsd_sys_status: preferred dsd_sys_status nw=