04-13 22:37:05.545  3447  3835 V LG-FASTDORMANCY: [DCH/FACH] FDCount : 0 curr: TxPkts(163842), RxPkts(197066)
04-13 22:37:05.546  3447  3835 I LG-FASTDORMANCY: [DCH/FACH] FDCount : 1 Scheduling checkNetStat for 1000msec, current state is [DCH/FACH] FDCount : 1 
04-13 22:37:06.274  3447  3447 D QtiGsmDCT: [0]updateDataActivity: curTxRxSum={txSum=163867 rxSum=197085} preTxRxSum={txSum=163842 rxSum=197066}
04-13 22:37:06.275  3447  3447 D QtiGsmDCT: [0]updateDataActivity: sent=25 received=19
04-13 22:37:06.275  3447  3447 D QtiGsmDCT: [0]updateDataActivity: newActivity=DATAINANDOUT
04-13 22:37:06.297  3447  5133 D QtiGsmDCT: [0]getDataEnabled: getIntWithSubId retVal=true
04-13 22:37:06.550  3447  3447 V LG-FASTDORMANCY: [DCH/FACH] FDCount : 1 intent received :com.android.internal.telephony.ACTION_CHECK_NETSTAT
04-13 22:37:06.556  3447  3835 V LG-FASTDORMANCY: [DCH/FACH] FDCount : 1 prev: TxPkts(163842), RxPkts(197066)
04-13 22:37:06.556  3447  3835 V LG-FASTDORMANCY: [DCH/FACH] FDCount : 1 curr: TxPkts(163873), RxPkts(197095)
04-13 22:37:06.557  3447  3835 I LG-FASTDORMANCY: [DCH/FACH] FDCount : 0 Scheduling checkNetStat for 1000msec, current state is [DCH/FACH] FDCount : 0 
04-13 22:37:07.296  3447  3447 D QtiGsmDCT: [0]updateDataActivity: curTxRxSum={txSum=163903 rxSum=197123} preTxRxSum={txSum=163867 rxSum=197085}
04-13 22:37:07.297  3447  3447 D QtiGsmDCT: [0]updateDataActivity: sent=36 received=38
04-13 22:37:07.561  3447  3447 V LG-FASTDORMANCY: [DCH/FACH] FDCount : 0 intent received :com.android.internal.telephony.ACTION_CHECK_NETSTAT
04-13 22:37:07.566  3447  3835 V LG-FASTDORMANCY: [DCH/FACH] FDCount : 0 prev: TxPkts(163873), RxPkts(197095)
04-13 22:37:07.566  3447  3835 V LG-FASTDORMANCY: [DCH/FACH] FDCount : 0 curr: TxPkts(163903), RxPkts(197123)
04-13 22:37:07.567  3447  3835 I LG-FASTDORMANCY: [DCH/FACH] FDCount : 0 Scheduling checkNetStat for 1000msec, current state is [DCH/FACH] FDCount : 0 
04-13 22:37:08.300  3447  3447 D QtiGsmDCT: [0]updateDataActivity: curTxRxSum={txSum=163969 rxSum=197249} preTxRxSum={txSum=163903 rxSum=197123}
04-13 22:37:08.300  3447  3447 D QtiGsmDCT: [0]updateDataActivity: sent=66 received=126
04-13 22:37:08.570  3447  3447 V LG-FASTDORMANCY: [DCH/FACH] FDCount : 0 intent received :com.android.internal.telephony.ACTION_CHECK_NETSTAT
04-13 22:37:08.573  3447  3835 V LG-FASTDORMANCY: [DCH/FACH] FDCount : 0 prev: TxPkts(163903), RxPkts(197123)
04-13 22:37:08.573  3447  3835 V LG-FASTDORMANCY: [DCH/FACH] FDCount : 0 curr: TxPkts(164042), RxPkts(197318)
04-13 22:37:08.574  3447  3835 I LG-FASTDORMANCY: [DCH/FACH] FDCount : 0 Scheduling checkNetStat for 1000msec, current state is [DCH/FACH] FDCount : 0 
04-13 22:37:09.305  3447  3447 D QtiGsmDCT: [0]updateDataActivity: curTxRxSum={txSum=164182 rxSum=197461} preTxRxSum={txSum=163969 rxSum=197249}
04-13 22:37:09.305  3447  3447 D QtiGsmDCT: [0]updateDataActivity: sent=213 received=212
04-13 22:37:09.577  3447  3447 V LG-FASTDORMANCY: [DCH/FACH] FDCount : 0 intent received :com.android.internal.telephony.ACTION_CHECK_NETSTAT
04-13 22:37:09.582  3447  3835 V LG-FASTDORMANCY: [DCH/FACH] FDCount : 0 prev: TxPkts(164042), RxPkts(197318)
04-13 22:37:09.582  3447  3835 V LG-FASTDORMANCY: [DCH/FACH] FDCount : 0 curr: TxPkts(164182), RxPkts(197461)
04-13 22:37:09.583  3447  3835 I LG-FASTDORMANCY: [DCH/FACH] FDCount : 0 Scheduling checkNetStat for 1000msec, current state is [DCH/FACH] FDCount : 0 
04-13 22:37:10.027   370   678 I RILC    : RIL_SOCKET_1 UNSOLICITED: RIL_UNSOL_LTE_REJECT_CAUSE length:16
04-13 22:37:10.027   370   678 E RILC    : Send Response to RIL_SOCKET_1
04-13 22:37:10.027   370   678 E RILC    : RIL Response bytes written:4
04-13 22:37:10.028  3447  3768 D RILJ    : [UNSL]< RIL_UNSOL_LTE_REJECT_CAUSE {15} [SUB0]
04-13 22:37:10.028   370   678 E RILC    : RIL Response bytes written:16
04-13 22:37:10.031   370   678 I RILC    : RIL_SOCKET_1 UNSOLICITED: UNSOL_OEM_HOOK_RAW length:32
04-13 22:37:10.031   370   678 E RILC    : Send Response to RIL_SOCKET_1
04-13 22:37:10.031   370   678 E RILC    : RIL Response bytes written:4
04-13 22:37:10.032  3447  3768 V RILJ    : [UNSL]< UNSOL_OEM_HOOK_RAW 514f454d484f4f4bef0308000100000002 [SUB0]
04-13 22:37:10.032  3447  3768 D RILJ    : Oem ID in RIL_UNSOL_OEM_HOOK_RAW is QOEMHOOK
04-13 22:37:10.032  3447  3768 D RILJ    : OEM ID check Passed
04-13 22:37:10.032  3447  3768 D RILJ    : Response ID in RIL_UNSOL_OEM_HOOK_RAW is 525295
04-13 22:37:10.032  3447  3768 D RILJ    : Response ID 525295 is not served in this process.
04-13 22:37:10.033   370   678 E RILC    : RIL Response bytes written:32
04-13 22:37:10.036   370   678 I RILC    : RIL_SOCKET_1 UNSOLICITED: UNSOL_RESPONSE_VOICE_NETWORK_STATE_CHANGED length:8
04-13 22:37:10.036   370   678 E RILC    : Send Response to RIL_SOCKET_1
04-13 22:37:10.036   370   678 E RILC    : RIL Response bytes written:4
04-13 22:37:10.036  3447  3768 D RILJ    : [UNSL]< UNSOL_RESPONSE_VOICE_NETWORK_STATE_CHANGED [SUB0]
04-13 22:37:10.037  3447  3447 D RILJ    : [9702]> OPERATOR [SUB0]
04-13 22:37:10.038  3447  3447 D RILJ    : [9703]> DATA_REGISTRATION_STATE [SUB0]
04-13 22:37:10.038   370   678 E RILC    : RIL Response bytes written:8
04-13 22:37:10.039  3447  3447 D RILJ    : [9704]> VOICE_REGISTRATION_STATE [SUB0]
04-13 22:37:10.039   370   667 D RILC    : SOCKET RIL_SOCKET_1 REQUEST: OPERATOR length:8
04-13 22:37:10.040   370   667 D RILC    : SOCKET RIL_SOCKET_1 REQUEST: DATA_REGISTRATION_STATE length:8
04-13 22:37:10.040  3447  3447 D RILJ    : [9705]> QUERY_NETWORK_SELECTION_MODE [SUB0]
04-13 22:37:10.041   370   667 D RILC    : SOCKET RIL_SOCKET_1 REQUEST: VOICE_REGISTRATION_STATE length:8
04-13 22:37:10.042   370   667 D RILC    : SOCKET RIL_SOCKET_1 REQUEST: QUERY_NETWORK_SELECTION_MODE length:8
04-13 22:37:10.055   370 10620 D RILC    : RequestComplete, RIL_SOCKET_1
04-13 22:37:10.055   370 10620 E RILC    : Send Response to RIL_SOCKET_1
04-13 22:37:10.055   370 10620 E RILC    : RIL Response bytes written:4
04-13 22:37:10.055   370 10620 E RILC    : RIL Response bytes written:72
04-13 22:37:10.056  3447  3768 D RILJ    : [9702]< OPERATOR {Orange, Orange, 26003} [SUB0]
04-13 22:37:10.059   370 10621 D RILC    : RequestComplete, RIL_SOCKET_1
04-13 22:37:10.059   370 10621 E RILC    : Send Response to RIL_SOCKET_1
04-13 22:37:10.059   370 10621 E RILC    : RIL Response bytes written:4
04-13 22:37:10.059   370 10621 E RILC    : RIL Response bytes written:120
04-13 22:37:10.059  3447  3768 D RILJ    : [9703]< DATA_REGISTRATION_STATE {1, dff2, 02be380c, 15, null, 20, null, null, null, null, null, 0} [SUB0]
04-13 22:37:10.059  3447  3447 D GsmSST  : isSFROperators result = false
04-13 22:37:10.059  3447  3447 D PHONE   : [ServiceState] setDataRegState=0
04-13 22:37:10.060  3447  3447 D PHONE   : [ServiceState] setDataRadioTechnology=15
04-13 22:37:10.060  3447  3447 D GsmSST  : [GsmSST] LOGRadioInfo : In Service
04-13 22:37:10.060  3447  3447 D GsmSST  : [GsmSST] handlPollStateResultMessage: GsmSST setDataRegState=0 regState=1 dataRadioTechnology=15
04-13 22:37:10.061   370 10623 D RILC    : RequestComplete, RIL_SOCKET_1
04-13 22:37:10.061   370 10623 E RILC    : Send Response to RIL_SOCKET_1
04-13 22:37:10.061   370 10623 E RILC    : RIL Response bytes written:4
04-13 22:37:10.061  3447  3768 D RILJ    : [9705]< QUERY_NETWORK_SELECTION_MODE {0} [SUB0]
04-13 22:37:10.061   370 10623 E RILC    : RIL Response bytes written:20
04-13 22:37:10.062   370 10622 D RILC    : RequestComplete, RIL_SOCKET_1
04-13 22:37:10.062   370 10622 E RILC    : Send Response to RIL_SOCKET_1
04-13 22:37:10.062   370 10622 E RILC    : RIL Response bytes written:4
04-13 22:37:10.062  3447  3768 D RILJ    : [9704]< VOICE_REGISTRATION_STATE {1, dff2, 02be380c, 3, null, null, null, 0, null, null, 1, null, null, 0, 126} [SUB0]
04-13 22:37:10.063   370 10622 E RILC    : RIL Response bytes written:136
04-13 22:37:10.063  3447  3447 D PHONE   : [ServiceState] setVoiceRegState=0
04-13 22:37:10.063  3447  3447 E PHONE   : [ServiceState] setState deprecated use setVoiceRegState()
04-13 22:37:10.063  3447  3447 D GsmSST  : [GsmSST] LOGRadioInfo : In Service
04-13 22:37:10.066  3447  3447 D GsmSST  : [GsmSST] Poll ServiceState done:  oldSS=[0 0 voice home data home Orange Orange 26003 Orange Orange 26003  UMTS HSPAP CSS not supported -1 -1 RoamInd=-1 DefRoamInd=-1 EmergOnly=false IsDataRoamingFromRegistration=false mIsVoiceSearching=false mIsDataSearching=false mVoiceNetworkName=null mDataNetworkName=null Check64QAM0 Dual carrier0] newSS=[0 0 voice home data home Orange Orange 26003 Orange Orange 26003  UMTS HSPAP CSS not supported -1 -1 RoamInd=-1 DefRoamInd=-1 EmergOnly=false IsDataRoamingFromRegistration=false mIsVoiceSearching=false mIsDataSearching=false mVoiceNetworkName=null mDataNetworkName=null Check64QAM0 Dual carrier0] oldMaxDataCalls=20 mNewMaxDataCalls=20 oldReasonDataDenied=-1 mNewReasonDataDenied=-1
04-13 22:37:10.066  3447  3447 D PHONE   : [ServiceState] setNullState=1
04-13 22:37:10.066  3447  3447 D GsmSST  : [GsmSST] getCellLocation(): X good mCellLoc=[57330,46020620,294]
04-13 22:37:10.067  1891  1908 D TelephonyRegistry: notifyCellLocationForSubscriber: subId=2 cellLocation=Bundle[mParcelledData.dataSize=64]
04-13 22:37:10.088  3447  5044 D GsmSST  : [GsmSST] getCellLocation(): X good mCellLoc=[57330,46020620,294]
04-13 22:37:10.107  3447  3447 D RILJ    : [9706]> REQUEST_GET_NEIGHBORING_CELL_IDS [SUB0]
04-13 22:37:10.108   370   667 D RILC    : SOCKET RIL_SOCKET_1 REQUEST: GET_NEIGHBORING_CELL_IDS length:8
04-13 22:37:10.109   370   667 I RILQ    : (0/370):RIL[0][main] qcril_qmi_nas_get_neighboring_cell_ids: completed with 0
04-13 22:37:10.111   370   740 I RILQ    : (0/370):RIL[0][qmi_cb] qcril_qmi_nas_get_neighboring_cells_cb: .. qmi error 0, resultqmi  0, qmi transp_err 0, ril res 0
04-13 22:37:10.114   370   740 D RILC    : RequestComplete, RIL_SOCKET_1
04-13 22:37:10.114   370   740 E RILC    : Send Response to RIL_SOCKET_1
04-13 22:37:10.114   370   740 E RILC    : RIL Response bytes written:4
04-13 22:37:10.114   370   740 E RILC    : RIL Response bytes written:100
04-13 22:37:10.114   370   740 I RILQ    : (0/370):RIL[0][qmi_cb] qcril_qmi_nas_get_neighboring_cells_cb: completed with 0 with 3 entries
04-13 22:37:10.116  3447  3768 D RILJ    : [9706]< REQUEST_GET_NEIGHBORING_CELL_IDS {[[]] [[]] [[]] } [SUB0]
04-13 22:37:10.119  3447  4251 D RILJ    : [9707]> RIL_REQUEST_GET_CELL_INFO_LIST [SUB0]
04-13 22:37:10.120   370   667 D RILC    : SOCKET RIL_SOCKET_1 REQUEST: GET_CELL_INFO_LIST length:8
04-13 22:37:10.123   370 10628 D RILC    : RequestComplete, RIL_SOCKET_1
04-13 22:37:10.123   370 10628 E RILC    : Send Response to RIL_SOCKET_1
04-13 22:37:10.123   370 10628 E RILC    : RIL Response bytes written:4
04-13 22:37:10.124  3447  3768 D RILJ    : [9707]< RIL_REQUEST_GET_CELL_INFO_LIST [CellInfoWcdma:{mRegistered=YES mTimeStampType=oem_ril mTimeStamp=34281091007724ns CellIdentityWcdma:{ mMcc=260 mMnc=3 mLac=57330 mCid=46020620 mPsc=472} CellSignalStrengthWcdma: ss=13 ber=99}, CellInfoWcdma:{mRegistered=NO mTimeStampType=oem_ril mTimeStamp=34281091007724ns CellIdentityWcdma:{ mMcc=2147483647 mMnc=2147483647 mLac=2147483647 mCid=2147483647 mPsc=62} CellSignalStrengthWcdma: ss=12 ber=99}, CellInfoWcdma:{mRegistered=NO mTimeStampType=oem_ril mTimeStamp=34281091007724ns CellIdentityWcdma:{ mMcc=2147483647 mMnc=2147483647 mLac=2147483647 mCid=2147483647 mPsc=20} CellSignalStrengthWcdma: ss=10 ber=99}, CellInfoWcdma:{mRegistered=NO mTimeStampType=oem_ril mTimeStamp=34281091007724ns CellIdentityWcdma:{ mMcc=2147483647 mMnc=2147483647 mLac=2147483647 mCid=2147483647 mPsc=382} CellSignalStrengthWcdma: ss=9 ber=99}] [SUB0]
04-13 22:37:10.125   370 10628 E RILC    : RIL Response bytes written:208
04-13 22:37:10.126  3447  4251 D GsmSST  : [GsmSST] SST.getAllCellInfo(): X size=4 list=[CellInfoWcdma:{mRegistered=YES mTimeStampType=oem_ril mTimeStamp=34281091007724ns CellIdentityWcdma:{ mMcc=260 mMnc=3 mLac=57330 mCid=46020620 mPsc=472} CellSignalStrengthWcdma: ss=13 ber=99}, CellInfoWcdma:{mRegistered=NO mTimeStampType=oem_ril mTimeStamp=34281091007724ns CellIdentityWcdma:{ mMcc=2147483647 mMnc=2147483647 mLac=2147483647 mCid=2147483647 mPsc=62} CellSignalStrengthWcdma: ss=12 ber=99}, CellInfoWcdma:{mRegistered=NO mTimeStampType=oem_ril mTimeStamp=34281091007724ns CellIdentityWcdma:{ mMcc=2147483647 mMnc=2147483647 mLac=2147483647 mCid=2147483647 mPsc=20} CellSignalStrengthWcdma: ss=10 ber=99}, CellInfoWcdma:{mRegistered=NO mTimeStampType=oem_ril mTimeStamp=34281091007724ns CellIdentityWcdma:{ mMcc=2147483647 mMnc=2147483647 mLac=2147483647 mCid=2147483647 mPsc=382} CellSignalStrengthWcdma: ss=9 ber=99}]
04-13 22:37:10.129  3447  5027 D GsmSST  : [GsmSST] getCellLocation(): X good mCellLoc=[57330,46020620,294]
04-13 22:37:10.309  3447  3447 D QtiGsmDCT: [0]updateDataActivity: curTxRxSum={txSum=164182 rxSum=197461} preTxRxSum={txSum=164182 rxSum=197461}
04-13 22:37:10.309  3447  3447 D QtiGsmDCT: [0]updateDataActivity: sent=0 received=0
04-13 22:37:10.309  3447  3447 D QtiGsmDCT: [0]updateDataActivity: newActivity=NONE
04-13 22:37:10.316  3447  5044 D QtiGsmDCT: [0]getDataEnabled: getIntWithSubId retVal=true
04-13 22:37:10.593  3447  3447 V LG-FASTDORMANCY: [DCH/FACH] FDCount : 0 intent received :com.android.internal.telephony.ACTION_CHECK_NETSTAT
04-13 22:37:10.597  3447  3835 V LG-FASTDORMANCY: [DCH/FACH] FDCount : 0 prev: TxPkts(164182), RxPkts(197461)
04-13 22:37:10.597  3447  3835 V LG-FASTDORMANCY: [DCH/FACH] FDCount : 0 curr: TxPkts(164182), RxPkts(197461)
04-13 22:37:10.599  3447  3835 I LG-FASTDORMANCY: [DCH/FACH] FDCount : 1 Scheduling checkNetStat for 1000msec, current state is [DCH/FACH] FDCount : 1 
04-13 22:37:11.315  3447  3447 D QtiGsmDCT: [0]updateDataActivity: curTxRxSum={txSum=164182 rxSum=197461} preTxRxSum={txSum=164182 rxSum=197461}
04-13 22:37:11.315  3447  3447 D QtiGsmDCT: [0]updateDataActivity: sent=0 received=0
04-13 22:37:11.602  3447  3447 V LG-FASTDORMANCY: [DCH/FACH] FDCount : 1 intent received :com.android.internal.telephony.ACTION_CHECK_NETSTAT
04-13 22:37:11.607  3447  3835 V LG-FASTDORMANCY: [DCH/FACH] FDCount : 1 prev: TxPkts(164182), RxPkts(197461)
04-13 22:37:11.607  3447  3835 V LG-FASTDORMANCY: [DCH/FACH] FDCount : 1 curr: TxPkts(164182), RxPkts(197461)
04-13 22:37:11.608  3447  3835 I LG-FASTDORMANCY: [DCH/FACH] FDCount : 2 Scheduling checkNetStat for 1000msec, current state is [DCH/FACH] FDCount : 2 
04-13 22:37:12.319  3447  3447 D QtiGsmDCT: [0]updateDataActivity: curTxRxSum={txSum=164184 rxSum=197463} preTxRxSum={txSum=164182 rxSum=197461}
04-13 22:37:12.319  3447  3447 D QtiGsmDCT: [0]updateDataActivity: sent=2 received=2
04-13 22:37:12.319  3447  3447 D QtiGsmDCT: [0]updateDataActivity: newActivity=DATAINANDOUT
04-13 22:37:12.326  3447  5044 D QtiGsmDCT: [0]getDataEnabled: getIntWithSubId retVal=true
04-13 22:37:12.415  3447  3447 D QtiGsmDCT: [0]onReceive: action=com.android.internal.telephony.data-stall
04-13 22:37:12.418  3447  3447 D QtiGsmDCT: [0]QtiDcTracker handleMessage msg={ when=-3ms what=270353 arg1=32307 obj=com.android.internal.telephony.data-stall target=com.qti.internal.telephony.dataconnection.QtiDcTracker }
04-13 22:37:12.418  3447  3447 D QtiGsmDCT: [0]handleMessage msg={ when=-3ms what=270353 arg1=32307 obj=com.android.internal.telephony.data-stall target=com.qti.internal.telephony.dataconnection.QtiDcTracker }
04-13 22:37:12.425  3447  3447 D QtiGsmDCT: [0]overall state is CONNECTED
04-13 22:37:12.614  3447  3447 V LG-FASTDORMANCY: [DCH/FACH] FDCount : 2 intent received :com.android.internal.telephony.ACTION_CHECK_NETSTAT
04-13 22:37:12.623  3447  3835 V LG-FASTDORMANCY: [DCH/FACH] FDCount : 2 prev: TxPkts(164182), RxPkts(197461)
04-13 22:37:12.624  3447  3835 V LG-FASTDORMANCY: [DCH/FACH] FDCount : 2 curr: TxPkts(164184), RxPkts(197463)
04-13 22:37:12.625  3447  3835 I LG-FASTDORMANCY: [DCH/FACH] FDCount : 0 Scheduling checkNetStat for 1000msec, current state is [DCH/FACH] FDCount : 0 
04-13 22:37:13.325  3447  3447 D QtiGsmDCT: [0]updateDataActivity: curTxRxSum={txSum=164184 rxSum=197463} preTxRxSum={txSum=164184 rxSum=197463}
04-13 22:37:13.325  3447  3447 D QtiGsmDCT: [0]updateDataActivity: sent=0 received=0
04-13 22:37:13.325  3447  3447 D QtiGsmDCT: [0]updateDataActivity: newActivity=NONE
04-13 22:37:13.331  3447  5044 D QtiGsmDCT: [0]getDataEnabled: getIntWithSubId retVal=true
04-13 22:37:13.629  3447  3447 V LG-FASTDORMANCY: [DCH/FACH] FDCount : 0 intent received :com.android.internal.telephony.ACTION_CHECK_NETSTAT
04-13 22:37:13.634  3447  3835 V LG-FASTDORMANCY: [DCH/FACH] FDCount : 0 prev: TxPkts(164184), RxPkts(197463)
04-13 22:37:13.634  3447  3835 V LG-FASTDORMANCY: [DCH/FACH] FDCount : 0 curr: TxPkts(164184), RxPkts(197463)
04-13 22:37:13.636  3447  3835 I LG-FASTDORMANCY: [DCH/FACH] FDCount : 1 Scheduling checkNetStat for 1000msec, current state is [DCH/FACH] FDCount : 1 
04-13 22:37:14.338  3447  3447 D QtiGsmDCT: [0]updateDataActivity: curTxRxSum={txSum=164206 rxSum=197481} preTxRxSum={txSum=164184 rxSum=197463}
04-13 22:37:14.338  3447  3447 D QtiGsmDCT: [0]updateDataActivity: sent=22 received=18
04-13 22:37:14.338  3447  3447 D QtiGsmDCT: [0]updateDataActivity: newActivity=DATAINANDOUT
04-13 22:37:14.346  3447  3490 D QtiGsmDCT: [0]getDataEnabled: getIntWithSubId retVal=true
04-13 22:37:14.639  3447  3447 V LG-FASTDORMANCY: [DCH/FACH] FDCount : 1 intent received :com.android.internal.telephony.ACTION_CHECK_NETSTAT
04-13 22:37:14.644  3447  3835 V LG-FASTDORMANCY: [DCH/FACH] FDCount : 1 prev: TxPkts(164184), RxPkts(197463)
04-13 22:37:14.644  3447  3835 V LG-FASTDORMANCY: [DCH/FACH] FDCount : 1 curr: TxPkts(164206), RxPkts(197481)
04-13 22:37:14.645  3447  3835 I LG-FASTDORMANCY: [DCH/FACH] FDCount : 0 Scheduling checkNetStat for 1000msec, current state is [DCH/FACH] FDCount : 0 
04-13 22:37:15.344  3447  3447 D QtiGsmDCT: [0]updateDataActivity: curTxRxSum={txSum=164217 rxSum=197490} preTxRxSum={txSum=164206 rxSum=197481}
04-13 22:37:15.344  3447  3447 D QtiGsmDCT: [0]updateDataActivity: sent=11 received=9
04-13 22:37:15.649  3447  3447 V LG-FASTDORMANCY: [DCH/FACH] FDCount : 0 intent received :com.android.internal.telephony.ACTION_CHECK_NETSTAT
04-13 22:37:15.654  3447  3835 V LG-FASTDORMANCY: [DCH/FACH] FDCount : 0 prev: TxPkts(164206), RxPkts(197481)
04-13 22:37:15.655  3447  3835 V LG-FASTDORMANCY: [DCH/FACH] FDCount : 0 curr: TxPkts(164237), RxPkts(197506)
04-13 22:37:15.656  3447  3835 I LG-FASTDORMANCY: [DCH/FACH] FDCount : 0 Scheduling checkNetStat for 1000msec, current state is [DCH/FACH] FDCount : 0 
04-13 22:37:16.348  3447  3447 D QtiGsmDCT: [0]updateDataActivity: curTxRxSum={txSum=164239 rxSum=197512} preTxRxSum={txSum=164217 rxSum=197490}
04-13 22:37:16.348  3447  3447 D QtiGsmDCT: [0]updateDataActivity: sent=22 received=22
04-13 22:37:16.660  3447  3447 V LG-FASTDORMANCY: [DCH/FACH] FDCount : 0 intent received :com.android.internal.telephony.ACTION_CHECK_NETSTAT
04-13 22:37:16.668  3447  3835 V LG-FASTDORMANCY: [DCH/FACH] FDCount : 0 prev: TxPkts(164237), RxPkts(197506)
04-13 22:37:16.668  3447  3835 V LG-FASTDORMANCY: [DCH/FACH] FDCount : 0 curr: TxPkts(164239), RxPkts(197512)
04-13 22:37:16.669  3447  3835 I LG-FASTDORMANCY: [DCH/FACH] FDCount : 0 Scheduling checkNetStat for 1000msec, current state is [DCH/FACH] FDCount : 0 
04-13 22:37:17.352  3447  3447 D QtiGsmDCT: [0]updateDataActivity: curTxRxSum={txSum=164239 rxSum=197512} preTxRxSum={txSum=164239 rxSum=197512}
04-13 22:37:17.352  3447  3447 D QtiGsmDCT: [0]updateDataActivity: sent=0 received=0
04-13 22:37:17.352  3447  3447 D QtiGsmDCT: [0]updateDataActivity: newActivity=NONE
04-13 22:37:17.362  3447  5044 D QtiGsmDCT: [0]getDataEnabled: getIntWithSubId retVal=true
04-13 22:37:17.676  3447  3447 V LG-FASTDORMANCY: [DCH/FACH] FDCount : 0 intent received :com.android.internal.telephony.ACTION_CHECK_NETSTAT
04-13 22:37:17.687  3447  3835 V LG-FASTDORMANCY: [DCH/FACH] FDCount : 0 prev: TxPkts(164239), RxPkts(197512)
04-13 22:37:17.687  3447  3835 V LG-FASTDORMANCY: [DCH/FACH] FDCount : 0 curr: TxPkts(164272), RxPkts(197545)
04-13 22:37:17.690  3447  3835 I LG-FASTDORMANCY: [DCH/FACH] FDCount : 0 Scheduling checkNetStat for 1000msec, current state is [DCH/FACH] FDCount : 0 
04-13 22:37:18.359  3447  3447 D QtiGsmDCT: [0]updateDataActivity: curTxRxSum={txSum=164442 rxSum=197713} preTxRxSum={txSum=164239 rxSum=197512}
04-13 22:37:18.359  3447  3447 D QtiGsmDCT: [0]updateDataActivity: sent=203 received=201
04-13 22:37:18.359  3447  3447 D QtiGsmDCT: [0]updateDataActivity: newActivity=DATAINANDOUT
04-13 22:37:18.372  3447  3490 D QtiGsmDCT: [0]getDataEnabled: getIntWithSubId retVal=true
04-13 22:37:18.695  3447  3447 V LG-FASTDORMANCY: [DCH/FACH] FDCount : 0 intent received :com.android.internal.telephony.ACTION_CHECK_NETSTAT
04-13 22:37:18.706  3447  3835 V LG-FASTDORMANCY: [DCH/FACH] FDCount : 0 prev: TxPkts(164272), RxPkts(197545)
04-13 22:37:18.706  3447  3835 V LG-FASTDORMANCY: [DCH/FACH] FDCount : 0 curr: TxPkts(164444), RxPkts(197714)
04-13 22:37:18.709  3447  3835 I LG-FASTDORMANCY: [DCH/FACH] FDCount : 0 Scheduling checkNetStat for 1000msec, current state is [DCH/FACH] FDCount : 0 
04-13 22:37:19.366  3447  3447 D QtiGsmDCT: [0]updateDataActivity: curTxRxSum={txSum=164496 rxSum=197767} preTxRxSum={txSum=164442 rxSum=197713}
04-13 22:37:19.366  3447  3447 D QtiGsmDCT: [0]updateDataActivity: sent=54 received=54
04-13 22:37:19.713  3447  3447 V LG-FASTDORMANCY: [DCH/FACH] FDCount : 0 intent received :com.android.internal.telephony.ACTION_CHECK_NETSTAT
04-13 22:37:19.717  3447  3835 V LG-FASTDORMANCY: [DCH/FACH] FDCount : 0 prev: TxPkts(164444), RxPkts(197714)
04-13 22:37:19.717  3447  3835 V LG-FASTDORMANCY: [DCH/FACH] FDCount : 0 curr: TxPkts(164496), RxPkts(197767)
04-13 22:37:19.718  3447  3835 I LG-FASTDORMANCY: [DCH/FACH] FDCount : 0 Scheduling checkNetStat for 1000msec, current state is [DCH/FACH] FDCount : 0 
04-13 22:37:20.369  3447  3447 D QtiGsmDCT: [0]updateDataActivity: curTxRxSum={txSum=164557 rxSum=197828} preTxRxSum={txSum=164496 rxSum=197767}
04-13 22:37:20.369  3447  3447 D QtiGsmDCT: [0]updateDataActivity: sent=61 received=61
04-13 22:37:20.724  3447  3447 V LG-FASTDORMANCY: [DCH/FACH] FDCount : 0 intent received :com.android.internal.telephony.ACTION_CHECK_NETSTAT
04-13 22:37:20.733  3447  3835 V LG-FASTDORMANCY: [DCH/FACH] FDCount : 0 prev: TxPkts(164496), RxPkts(197767)
04-13 22:37:20.733  3447  3835 V LG-FASTDORMANCY: [DCH/FACH] FDCount : 0 curr: TxPkts(164557), RxPkts(197828)
04-13 22:37:20.735  3447  3835 I LG-FASTDORMANCY: [DCH/FACH] FDCount : 0 Scheduling checkNetStat for 1000msec, current state is [DCH/FACH] FDCount : 0 
04-13 22:37:21.375  3447  3447 D QtiGsmDCT: [0]updateDataActivity: curTxRxSum={txSum=164659 rxSum=197934} preTxRxSum={txSum=164557 rxSum=197828}
04-13 22:37:21.375  3447  3447 D QtiGsmDCT: [0]updateDataActivity: sent=102 received=106
04-13 22:37:21.740  3447  3447 V LG-FASTDORMANCY: [DCH/FACH] FDCount : 0 intent received :com.android.internal.telephony.ACTION_CHECK_NETSTAT
04-13 22:37:21.748  3447  3835 V LG-FASTDORMANCY: [DCH/FACH] FDCount : 0 prev: TxPkts(164557), RxPkts(197828)
04-13 22:37:21.748  3447  3835 V LG-FASTDORMANCY: [DCH/FACH] FDCount : 0 curr: TxPkts(164670), RxPkts(197943)
04-13 22:37:21.750  3447  3835 I LG-FASTDORMANCY: [DCH/FACH] FDCount : 0 Scheduling checkNetStat for 1000msec, current state is [DCH/FACH] FDCount : 0 
04-13 22:37:22.382  3447  3447 D QtiGsmDCT: [0]updateDataActivity: curTxRxSum={txSum=164755 rxSum=198027} preTxRxSum={txSum=164659 rxSum=197934}
04-13 22:37:22.382  3447  3447 D QtiGsmDCT: [0]updateDataActivity: sent=96 received=93
04-13 22:37:22.756  3447  3447 V LG-FASTDORMANCY: [DCH/FACH] FDCount : 0 intent received :com.android.internal.telephony.ACTION_CHECK_NETSTAT
04-13 22:37:22.760  3447  3835 V LG-FASTDORMANCY: [DCH/FACH] FDCount : 0 prev: TxPkts(164670), RxPkts(197943)
04-13 22:37:22.760  3447  3835 V LG-FASTDORMANCY: [DCH/FACH] FDCount : 0 curr: TxPkts(164898), RxPkts(198167)
04-13 22:37:22.761  3447  3835 I LG-FASTDORMANCY: [DCH/FACH] FDCount : 0 Scheduling checkNetStat for 1000msec, current state is [DCH/FACH] FDCount : 0 
04-13 22:37:23.387  3447  3447 D QtiGsmDCT: [0]updateDataActivity: curTxRxSum={txSum=165056 rxSum=198343} preTxRxSum={txSum=164755 rxSum=198027}
04-13 22:37:23.387  3447  3447 D QtiGsmDCT: [0]updateDataActivity: sent=301 received=316
04-13 22:37:23.766  3447  3447 V LG-FASTDORMANCY: [DCH/FACH] FDCount : 0 intent received :com.android.internal.telephony.ACTION_CHECK_NETSTAT
04-13 22:37:23.771  3447  3835 V LG-FASTDORMANCY: [DCH/FACH] FDCount : 0 prev: TxPkts(164898), RxPkts(198167)
04-13 22:37:23.771  3447  3835 V LG-FASTDORMANCY: [DCH/FACH] FDCount : 0 curr: TxPkts(165056), RxPkts(198343)
04-13 22:37:23.772  3447  3835 I LG-FASTDORMANCY: [DCH/FACH] FDCount : 0 Scheduling checkNetStat for 1000msec, current state is [DCH/FACH] FDCount : 0 
04-13 22:37:24.391  3447  3447 D QtiGsmDCT: [0]updateDataActivity: curTxRxSum={txSum=165122 rxSum=198451} preTxRxSum={txSum=165056 rxSum=198343}
04-13 22:37:24.391  3447  3447 D QtiGsmDCT: [0]updateDataActivity: sent=66 received=108
04-13 22:37:24.775  3447  3447 V LG-FASTDORMANCY: [DCH/FACH] FDCount : 0 intent received :com.android.internal.telephony.ACTION_CHECK_NETSTAT
04-13 22:37:24.780  3447  3835 V LG-FASTDORMANCY: [DCH/FACH] FDCount : 0 prev: TxPkts(165056), RxPkts(198343)
04-13 22:37:24.780  3447  3835 V LG-FASTDORMANCY: [DCH/FACH] FDCount : 0 curr: TxPkts(165141), RxPkts(198462)
04-13 22:37:24.781  3447  3835 I LG-FASTDORMANCY: [DCH/FACH] FDCount : 0 Scheduling checkNetStat for 1000msec, current state is [DCH/FACH] FDCount : 0 
04-13 22:37:25.395  3447  3447 D QtiGsmDCT: [0]updateDataActivity: curTxRxSum={txSum=165143 rxSum=198468} preTxRxSum={txSum=165122 rxSum=198451}
04-13 22:37:25.395  3447  3447 D QtiGsmDCT: [0]updateDataActivity: sent=21 received=17
04-13 22:37:25.786  3447  3447 V LG-FASTDORMANCY: [DCH/FACH] FDCount : 0 intent received :com.android.internal.telephony.ACTION_CHECK_NETSTAT
04-13 22:37:25.791  3447  3835 V LG-FASTDORMANCY: [DCH/FACH] FDCount : 0 prev: TxPkts(165141), RxPkts(198462)
04-13 22:37:25.791  3447  3835 V LG-FASTDORMANCY: [DCH/FACH] FDCount : 0 curr: TxPkts(165143), RxPkts(198468)
04-13 22:37:25.792  3447  3835 I LG-FASTDORMANCY: [DCH/FACH] FDCount : 0 Scheduling checkNetStat for 1000msec, current state is [DCH/FACH] FDCount : 0 
04-13 22:37:26.399  3447  3447 D QtiGsmDCT: [0]updateDataActivity: curTxRxSum={txSum=165143 rxSum=198468} preTxRxSum={txSum=165143 rxSum=198468}
04-13 22:37:26.399  3447  3447 D QtiGsmDCT: [0]updateDataActivity: sent=0 received=0
04-13 22:37:26.399  3447  3447 D QtiGsmDCT: [0]updateDataActivity: newActivity=NONE
04-13 22:37:26.407  3447  5027 D QtiGsmDCT: [0]getDataEnabled: getIntWithSubId retVal=true
04-13 22:37:26.795  3447  3447 V LG-FASTDORMANCY: [DCH/FACH] FDCount : 0 intent received :com.android.internal.telephony.ACTION_CHECK_NETSTAT
04-13 22:37:26.800  3447  3835 V LG-FASTDORMANCY: [DCH/FACH] FDCount : 0 prev: TxPkts(165143), RxPkts(198468)
04-13 22:37:26.800  3447  3835 V LG-FASTDORMANCY: [DCH/FACH] FDCount : 0 curr: TxPkts(165143), RxPkts(198468)
04-13 22:37:26.800  3447  3835 I LG-FASTDORMANCY: [DCH/FACH] FDCount : 1 Scheduling checkNetStat for 1000msec, current state is [DCH/FACH] FDCount : 1 
04-13 22:37:27.406  3447  3447 D QtiGsmDCT: [0]updateDataActivity: curTxRxSum={txSum=165189 rxSum=198514} preTxRxSum={txSum=165143 rxSum=198468}
04-13 22:37:27.406  3447  3447 D QtiGsmDCT: [0]updateDataActivity: sent=46 received=46
04-13 22:37:27.406  3447  3447 D QtiGsmDCT: [0]updateDataActivity: newActivity=DATAINANDOUT
04-13 22:37:27.414  3447  4251 D QtiGsmDCT: [0]getDataEnabled: getIntWithSubId retVal=true
04-13 22:37:27.804  3447  3447 V LG-FASTDORMANCY: [DCH/FACH] FDCount : 1 intent received :com.android.internal.telephony.ACTION_CHECK_NETSTAT
04-13 22:37:27.809  3447  3835 V LG-FASTDORMANCY: [DCH/FACH] FDCount : 1 prev: TxPkts(165143), RxPkts(198468)
04-13 22:37:27.809  3447  3835 V LG-FASTDORMANCY: [DCH/FACH] FDCount : 1 curr: TxPkts(165189), RxPkts(198514)
04-13 22:37:27.809  3447  3835 I LG-FASTDORMANCY: [DCH/FACH] FDCount : 0 Scheduling checkNetStat for 1000msec, current state is [DCH/FACH] FDCount : 0 
04-13 22:37:28.270   370   678 I RILC    : RIL_SOCKET_1 UNSOLICITED: RIL_UNSOL_LTE_REJECT_CAUSE length:16
04-13 22:37:28.270   370   678 E RILC    : Send Response to RIL_SOCKET_1
04-13 22:37:28.270   370   678 E RILC    : RIL Response bytes written:4
04-13 22:37:28.270  3447  3768 D RILJ    : [UNSL]< RIL_UNSOL_LTE_REJECT_CAUSE {15} [SUB0]
04-13 22:37:28.270   370   678 E RILC    : RIL Response bytes written:16
04-13 22:37:28.272   370   678 I RILC    : RIL_SOCKET_1 UNSOLICITED: UNSOL_OEM_HOOK_RAW length:32
04-13 22:37:28.272   370   678 E RILC    : Send Response to RIL_SOCKET_1
04-13 22:37:28.273   370   678 E RILC    : RIL Response bytes written:4
04-13 22:37:28.273  3447  3768 V RILJ    : [UNSL]< UNSOL_OEM_HOOK_RAW 514f454d484f4f4bef0308000100000002 [SUB0]
04-13 22:37:28.273  3447  3768 D RILJ    : Oem ID in RIL_UNSOL_OEM_HOOK_RAW is QOEMHOOK
04-13 22:37:28.273  3447  3768 D RILJ    : OEM ID check Passed
04-13 22:37:28.273  3447  3768 D RILJ    : Response ID in RIL_UNSOL_OEM_HOOK_RAW is 525295
04-13 22:37:28.273  3447  3768 D RILJ    : Response ID 525295 is not served in this process.
04-13 22:37:28.273   370   678 E RILC    : RIL Response bytes written:32
04-13 22:37:28.276   370   678 I RILC    : RIL_SOCKET_1 UNSOLICITED: UNSOL_RESPONSE_VOICE_NETWORK_STATE_CHANGED length:8
04-13 22:37:28.276   370   678 E RILC    : Send Response to RIL_SOCKET_1
04-13 22:37:28.276   370   678 E RILC    : RIL Response bytes written:4
04-13 22:37:28.276  3447  3768 D RILJ    : [UNSL]< UNSOL_RESPONSE_VOICE_NETWORK_STATE_CHANGED [SUB0]
04-13 22:37:28.276   370   678 E RILC    : RIL Response bytes written:8
04-13 22:37:28.277  3447  3447 D RILJ    : [9708]> OPERATOR [SUB0]
04-13 22:37:28.280  3447  3447 D RILJ    : [9709]> DATA_REGISTRATION_STATE [SUB0]
04-13 22:37:28.280   370   667 D RILC    : SOCKET RIL_SOCKET_1 REQUEST: OPERATOR length:8
04-13 22:37:28.286   370   667 D RILC    : SOCKET RIL_SOCKET_1 REQUEST: DATA_REGISTRATION_STATE length:8
04-13 22:37:28.287  3447  3447 D RILJ    : [9710]> VOICE_REGISTRATION_STATE [SUB0]
04-13 22:37:28.289  3447  3447 D RILJ    : [9711]> QUERY_NETWORK_SELECTION_MODE [SUB0]
04-13 22:37:28.289   370   667 D RILC    : SOCKET RIL_SOCKET_1 REQUEST: VOICE_REGISTRATION_STATE length:8
04-13 22:37:28.290   370   667 D RILC    : SOCKET RIL_SOCKET_1 REQUEST: QUERY_NETWORK_SELECTION_MODE length:8
04-13 22:37:28.297   370 10645 D RILC    : RequestComplete, RIL_SOCKET_1
04-13 22:37:28.297   370 10645 E RILC    : Send Response to RIL_SOCKET_1
04-13 22:37:28.297   370 10645 E RILC    : RIL Response bytes written:4
04-13 22:37:28.297   370 10645 E RILC    : RIL Response bytes written:72
04-13 22:37:28.298   370 10647 D RILC    : RequestComplete, RIL_SOCKET_1
04-13 22:37:28.298   370 10647 E RILC    : Send Response to RIL_SOCKET_1
04-13 22:37:28.298   370 10647 E RILC    : RIL Response bytes written:4
04-13 22:37:28.298   370 10647 E RILC    : RIL Response bytes written:120
04-13 22:37:28.299  3447  3768 D RILJ    : [9708]< OPERATOR {Orange, Orange, 26003} [SUB0]
04-13 22:37:28.301  3447  3768 D RILJ    : [9709]< DATA_REGISTRATION_STATE {1, dff2, 02bec830, 15, null, 20, null, null, null, null, null, 0} [SUB0]
04-13 22:37:28.302  3447  3447 D GsmSST  : isSFROperators result = false
04-13 22:37:28.302  3447  3447 D PHONE   : [ServiceState] setDataRegState=0
04-13 22:37:28.302  3447  3447 D PHONE   : [ServiceState] setDataRadioTechnology=15
04-13 22:37:28.302  3447  3447 D GsmSST  : [GsmSST] LOGRadioInfo : In Service
04-13 22:37:28.302  3447  3447 D GsmSST  : [GsmSST] handlPollStateResultMessage: GsmSST setDataRegState=0 regState=1 dataRadioTechnology=15
04-13 22:37:28.303   370 10648 D RILC    : RequestComplete, RIL_SOCKET_1
04-13 22:37:28.303   370 10648 E RILC    : Send Response to RIL_SOCKET_1
04-13 22:37:28.303   370 10648 E RILC    : RIL Response bytes written:4
04-13 22:37:28.303   370 10648 E RILC    : RIL Response bytes written:136
04-13 22:37:28.303  3447  3768 D RILJ    : [9710]< VOICE_REGISTRATION_STATE {1, dff2, 02bec830, 3, null, null, null, 0, null, null, 1, null, null, 0, 1d8} [SUB0]
04-13 22:37:28.304  3447  3447 D PHONE   : [ServiceState] setVoiceRegState=0
04-13 22:37:28.304  3447  3447 E PHONE   : [ServiceState] setState deprecated use setVoiceRegState()
04-13 22:37:28.304  3447  3447 D GsmSST  : [GsmSST] LOGRadioInfo : In Service
04-13 22:37:28.305   370 10650 D RILC    : RequestComplete, RIL_SOCKET_1
04-13 22:37:28.305   370 10650 E RILC    : Send Response to RIL_SOCKET_1
04-13 22:37:28.306   370 10650 E RILC    : RIL Response bytes written:4
04-13 22:37:28.306  3447  3768 D RILJ    : [9711]< QUERY_NETWORK_SELECTION_MODE {0} [SUB0]
04-13 22:37:28.306   370 10650 E RILC    : RIL Response bytes written:20
04-13 22:37:28.309  3447  3447 D GsmSST  : [GsmSST] Poll ServiceState done:  oldSS=[0 0 voice home data home Orange Orange 26003 Orange Orange 26003  UMTS HSPAP CSS not supported -1 -1 RoamInd=-1 DefRoamInd=-1 EmergOnly=false IsDataRoamingFromRegistration=false mIsVoiceSearching=false mIsDataSearching=false mVoiceNetworkName=null mDataNetworkName=null Check64QAM0 Dual carrier0] newSS=[0 0 voice home data home Orange Orange 26003 Orange Orange 26003  UMTS HSPAP CSS not supported -1 -1 RoamInd=-1 DefRoamInd=-1 EmergOnly=false IsDataRoamingFromRegistration=false mIsVoiceSearching=false mIsDataSearching=false mVoiceNetworkName=null mDataNetworkName=null Check64QAM0 Dual carrier0] oldMaxDataCalls=20 mNewMaxDataCalls=20 oldReasonDataDenied=-1 mNewReasonDataDenied=-1
04-13 22:37:28.309  3447  3447 D PHONE   : [ServiceState] setNullState=1
04-13 22:37:28.309  3447  3447 D GsmSST  : [GsmSST] getCellLocation(): X good mCellLoc=[57330,46057520,472]
04-13 22:37:28.309  1891  3437 D TelephonyRegistry: notifyCellLocationForSubscriber: subId=2 cellLocation=Bundle[mParcelledData.dataSize=64]
04-13 22:37:28.339  3447  3867 D GsmSST  : [GsmSST] getCellLocation(): X good mCellLoc=[57330,46057520,472]
04-13 22:37:28.370  3447  3447 D RILJ    : [9712]> REQUEST_GET_NEIGHBORING_CELL_IDS [SUB0]
04-13 22:37:28.372   370   667 D RILC    : SOCKET RIL_SOCKET_1 REQUEST: GET_NEIGHBORING_CELL_IDS length:8
04-13 22:37:28.373   370   667 I RILQ    : (0/370):RIL[0][main] qcril_qmi_nas_get_neighboring_cell_ids: completed with 0
04-13 22:37:28.375   370   740 I RILQ    : (0/370):RIL[0][qmi_cb] qcril_qmi_nas_get_neighboring_cells_cb: .. qmi error 0, resultqmi  0, qmi transp_err 0, ril res 0
04-13 22:37:28.377   370   740 D RILC    : RequestComplete, RIL_SOCKET_1
04-13 22:37:28.377   370   740 E RILC    : Send Response to RIL_SOCKET_1
04-13 22:37:28.377   370   740 E RILC    : RIL Response bytes written:4
04-13 22:37:28.377   370   740 E RILC    : RIL Response bytes written:128
04-13 22:37:28.378   370   740 I RILQ    : (0/370):RIL[0][qmi_cb] qcril_qmi_nas_get_neighboring_cells_cb: completed with 0 with 4 entries
04-13 22:37:28.382  3447  3768 D RILJ    : [9712]< REQUEST_GET_NEIGHBORING_CELL_IDS {[[]] [[]] [[]] [[]] } [SUB0]
04-13 22:37:28.388  3447  5044 D RILJ    : [9713]> RIL_REQUEST_GET_CELL_INFO_LIST [SUB0]
04-13 22:37:28.391   370   667 D RILC    : SOCKET RIL_SOCKET_1 REQUEST: GET_CELL_INFO_LIST length:8
04-13 22:37:28.398   370 10653 D RILC    : RequestComplete, RIL_SOCKET_1
04-13 22:37:28.398   370 10653 E RILC    : Send Response to RIL_SOCKET_1
04-13 22:37:28.398   370 10653 E RILC    : RIL Response bytes written:4
04-13 22:37:28.398   370 10653 E RILC    : RIL Response bytes written:256
04-13 22:37:28.400  3447  3768 D RILJ    : [9713]< RIL_REQUEST_GET_CELL_INFO_LIST [CellInfoWcdma:{mRegistered=YES mTimeStampType=oem_ril mTimeStamp=34299364413446ns CellIdentityWcdma:{ mMcc=260 mMnc=3 mLac=57330 mCid=46057520 mPsc=472} CellSignalStrengthWcdma: ss=13 ber=99}, CellInfoWcdma:{mRegistered=NO mTimeStampType=oem_ril mTimeStamp=34299364413446ns CellIdentityWcdma:{ mMcc=2147483647 mMnc=2147483647 mLac=2147483647 mCid=2147483647 mPsc=20} CellSignalStrengthWcdma: ss=12 ber=99}, CellInfoWcdma:{mRegistered=NO mTimeStampType=oem_ril mTimeStamp=34299364413446ns CellIdentityWcdma:{ mMcc=2147483647 mMnc=2147483647 mLac=2147483647 mCid=2147483647 mPsc=472} CellSignalStrengthWcdma: ss=12 ber=99}, CellInfoWcdma:{mRegistered=NO mTimeStampType=oem_ril mTimeStamp=34299364413446ns CellIdentityWcdma:{ mMcc=2147483647 mMnc=2147483647 mLac=2147483647 mCid=2147483647 mPsc=382} CellSignalStrengthWcdma: ss=11 ber=99}, CellInfoWcdma:{mRegistered=NO mTimeStampType=oem_ril mTimeStamp=34299364413446ns CellIdentityWcdma:{ mMcc=2147483647 mMnc=2147483647 mLac=2147483647 mCid=2147483647 mPsc=62} CellSignalStrengthWcdma: ss=10 ber=99}] [SUB0]
04-13 22:37:28.402  3447  5044 D GsmSST  : [GsmSST] SST.getAllCellInfo(): X size=5 list=[CellInfoWcdma:{mRegistered=YES mTimeStampType=oem_ril mTimeStamp=34299364413446ns CellIdentityWcdma:{ mMcc=260 mMnc=3 mLac=57330 mCid=46057520 mPsc=472} CellSignalStrengthWcdma: ss=13 ber=99}, CellInfoWcdma:{mRegistered=NO mTimeStampType=oem_ril mTimeStamp=34299364413446ns CellIdentityWcdma:{ mMcc=2147483647 mMnc=2147483647 mLac=2147483647 mCid=2147483647 mPsc=20} CellSignalStrengthWcdma: ss=12 ber=99}, CellInfoWcdma:{mRegistered=NO mTimeStampType=oem_ril mTimeStamp=34299364413446ns CellIdentityWcdma:{ mMcc=2147483647 mMnc=2147483647 mLac=2147483647 mCid=2147483647 mPsc=472} CellSignalStrengthWcdma: ss=12 ber=99}, CellInfoWcdma:{mRegistered=NO mTimeStampType=oem_ril mTimeStamp=34299364413446ns CellIdentityWcdma:{ mMcc=2147483647 mMnc=2147483647 mLac=2147483647 mCid=2147483647 mPsc=382} CellSignalStrengthWcdma: ss=11 ber=99}, CellInfoWcdma:{mRegistered=NO mTimeStampType=oem_ril mTimeStamp=34299364413446ns CellIdentityWcdma:{ mMcc=2147483647 mMnc=2147483647 mLac=2147483647 mCid=2147483647 mPsc=62} CellSignalStrengthWcdma: ss=10 ber=99}]
04-13 22:37:28.406  3447  5126 D GsmSST  : [GsmSST] getCellLocation(): X good mCellLoc=[57330,46057520,472]
04-13 22:37:28.415  3447  3447 D QtiGsmDCT: [0]updateDataActivity: curTxRxSum={txSum=165253 rxSum=198640} preTxRxSum={txSum=165189 rxSum=198514}
04-13 22:37:28.415  3447  3447 D QtiGsmDCT: [0]updateDataActivity: sent=64 received=126
04-13 22:37:28.816  3447  3447 V LG-FASTDORMANCY: [DCH/FACH] FDCount : 0 intent received :com.android.internal.telephony.ACTION_CHECK_NETSTAT
04-13 22:37:28.822  3447  3835 V LG-FASTDORMANCY: [DCH/FACH] FDCount : 0 prev: TxPkts(165189), RxPkts(198514)
04-13 22:37:28.822  3447  3835 V LG-FASTDORMANCY: [DCH/FACH] FDCount : 0 curr: TxPkts(165253), RxPkts(198640)
04-13 22:37:28.823  3447  3835 I LG-FASTDORMANCY: [DCH/FACH] FDCount : 0 Scheduling checkNetStat for 1000msec, current state is [DCH/FACH] FDCount : 0 
04-13 22:37:29.428  3447  3447 D QtiGsmDCT: [0]updateDataActivity: curTxRxSum={txSum=165333 rxSum=198743} preTxRxSum={txSum=165253 rxSum=198640}
04-13 22:37:29.429  3447  3447 D QtiGsmDCT: [0]updateDataActivity: sent=80 received=103
04-13 22:37:29.827  3447  3447 V LG-FASTDORMANCY: [DCH/FACH] FDCount : 0 intent received :com.android.internal.telephony.ACTION_CHECK_NETSTAT
04-13 22:37:29.832  3447  3835 V LG-FASTDORMANCY: [DCH/FACH] FDCount : 0 prev: TxPkts(165253), RxPkts(198640)
04-13 22:37:29.832  3447  3835 V LG-FASTDORMANCY: [DCH/FACH] FDCount : 0 curr: TxPkts(165518), RxPkts(198928)
04-13 22:37:29.835  3447  3835 I LG-FASTDORMANCY: [DCH/FACH] FDCount : 0 Scheduling checkNetStat for 1000msec, current state is [DCH/FACH] FDCount : 0 
04-13 22:37:30.433  3447  3447 D QtiGsmDCT: [0]updateDataActivity: curTxRxSum={txSum=165526 rxSum=198935} preTxRxSum={txSum=165333 rxSum=198743}
04-13 22:37:30.436  3447  3447 D QtiGsmDCT: [0]updateDataActivity: sent=193 received=192
04-13 22:37:30.843  3447  3447 V LG-FASTDORMANCY: [DCH/FACH] FDCount : 0 intent received :com.android.internal.telephony.ACTION_CHECK_NETSTAT
04-13 22:37:30.847  3447  3835 V LG-FASTDORMANCY: [DCH/FACH] FDCount : 0 prev: TxPkts(165518), RxPkts(198928)
04-13 22:37:30.847  3447  3835 V LG-FASTDORMANCY: [DCH/FACH] FDCount : 0 curr: TxPkts(165598), RxPkts(199085)
04-13 22:37:30.849  3447  3835 I LG-FASTDORMANCY: [DCH/FACH] FDCount : 0 Scheduling checkNetStat for 1000msec, current state is [DCH/FACH] FDCount : 0 
04-13 22:37:31.449  3447  3447 D QtiGsmDCT: [0]updateDataActivity: curTxRxSum={txSum=165598 rxSum=199085} preTxRxSum={txSum=165526 rxSum=198935}
04-13 22:37:31.449  3447  3447 D QtiGsmDCT: [0]updateDataActivity: sent=72 received=150
04-13 22:37:31.862  3447  3447 V LG-FASTDORMANCY: [DCH/FACH] FDCount : 0 intent received :com.android.internal.telephony.ACTION_CHECK_NETSTAT
04-13 22:37:31.869  3447  3835 V LG-FASTDORMANCY: [DCH/FACH] FDCount : 0 prev: TxPkts(165598), RxPkts(199085)
04-13 22:37:31.869  3447  3835 V LG-FASTDORMANCY: [DCH/FACH] FDCount : 0 curr: TxPkts(165772), RxPkts(199343)
04-13 22:37:31.871  3447  3835 I LG-FASTDORMANCY: [DCH/FACH] FDCount : 0 Scheduling checkNetStat for 1000msec, current state is [DCH/FACH] FDCount : 0 
04-13 22:37:32.455  3447  3447 D QtiGsmDCT: [0]updateDataActivity: curTxRxSum={txSum=165792 rxSum=199363} preTxRxSum={txSum=165598 rxSum=199085}
04-13 22:37:32.455  3447  3447 D QtiGsmDCT: [0]updateDataActivity: sent=194 received=278
04-13 22:37:32.876  3447  3447 V LG-FASTDORMANCY: [DCH/FACH] FDCount : 0 intent received :com.android.internal.telephony.ACTION_CHECK_NETSTAT
04-13 22:37:32.881  3447  3835 V LG-FASTDORMANCY: [DCH/FACH] FDCount : 0 prev: TxPkts(165772), RxPkts(199343)
04-13 22:37:32.881  3447  3835 V LG-FASTDORMANCY: [DCH/FACH] FDCount : 0 curr: TxPkts(165908), RxPkts(199477)
04-13 22:37:32.881  3447  3835 I LG-FASTDORMANCY: [DCH/FACH] FDCount : 0 Scheduling checkNetStat for 1000msec, current state is [DCH/FACH] FDCount : 0 
04-13 22:37:33.460  3447  3447 D QtiGsmDCT: [0]updateDataActivity: curTxRxSum={txSum=165940 rxSum=199513} preTxRxSum={txSum=165792 rxSum=199363}
04-13 22:37:33.460  3447  3447 D QtiGsmDCT: [0]updateDataActivity: sent=148 received=150
04-13 22:37:33.884  3447  3447 V LG-FASTDORMANCY: [DCH/FACH] FDCount : 0 intent received :com.android.internal.telephony.ACTION_CHECK_NETSTAT
04-13 22:37:33.890  3447  3835 V LG-FASTDORMANCY: [DCH/FACH] FDCount : 0 prev: TxPkts(165908), RxPkts(199477)
04-13 22:37:33.890  3447  3835 V LG-FASTDORMANCY: [DCH/FACH] FDCount : 0 curr: TxPkts(166006), RxPkts(199575)
04-13 22:37:33.891  3447  3835 I LG-FASTDORMANCY: [DCH/FACH] FDCount : 0 Scheduling checkNetStat for 1000msec, current state is [DCH/FACH] FDCount : 0 
04-13 22:37:34.465  3447  3447 D QtiGsmDCT: [0]updateDataActivity: curTxRxSum={txSum=166170 rxSum=199797} preTxRxSum={txSum=165940 rxSum=199513}
04-13 22:37:34.465  3447  3447 D QtiGsmDCT: [0]updateDataActivity: sent=230 received=284
04-13 22:37:34.895  3447  3447 V LG-FASTDORMANCY: [DCH/FACH] FDCount : 0 intent received :com.android.internal.telephony.ACTION_CHECK_NETSTAT
04-13 22:37:34.901  3447  3835 V LG-FASTDORMANCY: [DCH/FACH] FDCount : 0 prev: TxPkts(166006), RxPkts(199575)
04-13 22:37:34.901  3447  3835 V LG-FASTDORMANCY: [DCH/FACH] FDCount : 0 curr: TxPkts(166174), RxPkts(199801)
04-13 22:37:34.902  3447  3835 I LG-FASTDORMANCY: [DCH/FACH] FDCount : 0 Scheduling checkNetStat for 1000msec, current state is [DCH/FACH] FDCount : 0 
04-13 22:37:35.469  3447  3447 D QtiGsmDCT: [0]updateDataActivity: curTxRxSum={txSum=166174 rxSum=199801} preTxRxSum={txSum=166170 rxSum=199797}
04-13 22:37:35.469  3447  3447 D QtiGsmDCT: [0]updateDataActivity: sent=4 received=4
04-13 22:37:35.914  3447  3447 V LG-FASTDORMANCY: [DCH/FACH] FDCount : 0 intent received :com.android.internal.telephony.ACTION_CHECK_NETSTAT
04-13 22:37:35.918  3447  3835 V LG-FASTDORMANCY: [DCH/FACH] FDCount : 0 prev: TxPkts(166174), RxPkts(199801)
04-13 22:37:35.918  3447  3835 V LG-FASTDORMANCY: [DCH/FACH] FDCount : 0 curr: TxPkts(166174), RxPkts(199801)
04-13 22:37:35.919  3447  3835 I LG-FASTDORMANCY: [DCH/FACH] FDCount : 1 Scheduling checkNetStat for 1000msec, current state is [DCH/FACH] FDCount : 1 
04-13 22:37:36.476  3447  3447 D QtiGsmDCT: [0]updateDataActivity: curTxRxSum={txSum=166174 rxSum=199801} preTxRxSum={txSum=166174 rxSum=199801}
04-13 22:37:36.477  3447  3447 D QtiGsmDCT: [0]updateDataActivity: sent=0 received=0
04-13 22:37:36.477  3447  3447 D QtiGsmDCT: [0]updateDataActivity: newActivity=NONE
04-13 22:37:36.491  3447  3490 D QtiGsmDCT: [0]getDataEnabled: getIntWithSubId retVal=true
04-13 22:37:36.922  3447  3447 V LG-FASTDORMANCY: [DCH/FACH] FDCount : 1 intent received :com.android.internal.telephony.ACTION_CHECK_NETSTAT
04-13 22:37:36.927  3447  3835 V LG-FASTDORMANCY: [DCH/FACH] FDCount : 1 prev: TxPkts(166174), RxPkts(199801)
04-13 22:37:36.927  3447  3835 V LG-FASTDORMANCY: [DCH/FACH] FDCount : 1 curr: TxPkts(166297), RxPkts(199920)
04-13 22:37:36.929  3447  3835 I LG-FASTDORMANCY: [DCH/FACH] FDCount : 0 Scheduling checkNetStat for 1000msec, current state is [DCH/FACH] FDCount : 0 
04-13 22:37:37.495  3447  3447 D QtiGsmDCT: [0]updateDataActivity: curTxRxSum={txSum=166303 rxSum=199928} preTxRxSum={txSum=166174 rxSum=199801}
04-13 22:37:37.496  3447  3447 D QtiGsmDCT: [0]updateDataActivity: sent=129 received=127
04-13 22:37:37.496  3447  3447 D QtiGsmDCT: [0]updateDataActivity: newActivity=DATAINANDOUT
04-13 22:37:37.510  3447  5126 D QtiGsmDCT: [0]getDataEnabled: getIntWithSubId retVal=true
04-13 22:37:37.934  3447  3447 V LG-FASTDORMANCY: [DCH/FACH] FDCount : 0 intent received :com.android.internal.telephony.ACTION_CHECK_NETSTAT
04-13 22:37:37.939  3447  3835 V LG-FASTDORMANCY: [DCH/FACH] FDCount : 0 prev: TxPkts(166297), RxPkts(199920)
04-13 22:37:37.939  3447  3835 V LG-FASTDORMANCY: [DCH/FACH] FDCount : 0 curr: TxPkts(166303), RxPkts(199928)
04-13 22:37:37.941  3447  3835 I LG-FASTDORMANCY: [DCH/FACH] FDCount : 0 Scheduling checkNetStat for 1000msec, current state is [DCH/FACH] FDCount : 0 
04-13 22:37:38.503  3447  3447 D QtiGsmDCT: [0]updateDataActivity: curTxRxSum={txSum=166313 rxSum=199934} preTxRxSum={txSum=166303 rxSum=199928}
04-13 22:37:38.503  3447  3447 D QtiGsmDCT: [0]updateDataActivity: sent=10 received=6
04-13 22:37:38.944  3447  3447 V LG-FASTDORMANCY: [DCH/FACH] FDCount : 0 intent received :com.android.internal.telephony.ACTION_CHECK_NETSTAT
04-13 22:37:38.953  3447  3835 V LG-FASTDORMANCY: [DCH/FACH] FDCount : 0 prev: TxPkts(166303), RxPkts(199928)
04-13 22:37:38.953  3447  3835 V LG-FASTDORMANCY: [DCH/FACH] FDCount : 0 curr: TxPkts(166425), RxPkts(200092)
04-13 22:37:38.955  3447  3835 I LG-FASTDORMANCY: [DCH/FACH] FDCount : 0 Scheduling checkNetStat for 1000msec, current state is [DCH/FACH] FDCount : 0 
04-13 22:37:39.507  3447  3447 D QtiGsmDCT: [0]updateDataActivity: curTxRxSum={txSum=166425 rxSum=200092} preTxRxSum={txSum=166313 rxSum=199934}
04-13 22:37:39.507  3447  3447 D QtiGsmDCT: [0]updateDataActivity: sent=112 received=158
04-13 22:37:39.972  3447  3447 V LG-FASTDORMANCY: [DCH/FACH] FDCount : 0 intent received :com.android.internal.telephony.ACTION_CHECK_NETSTAT
04-13 22:37:39.977  3447  3835 V LG-FASTDORMANCY: [DCH/FACH] FDCount : 0 prev: TxPkts(166425), RxPkts(200092)
04-13 22:37:39.977  3447  3835 V LG-FASTDORMANCY: [DCH/FACH] FDCount : 0 curr: TxPkts(166497), RxPkts(200228)
04-13 22:37:39.977  3447  3835 I LG-FASTDORMANCY: [DCH/FACH] FDCount : 0 Scheduling checkNetStat for 1000msec, current state is [DCH/FACH] FDCount : 0 
04-13 22:37:40.513  3447  3447 D QtiGsmDCT: [0]updateDataActivity: curTxRxSum={txSum=166499 rxSum=200228} preTxRxSum={txSum=166425 rxSum=200092}
04-13 22:37:40.513  3447  3447 D QtiGsmDCT: [0]updateDataActivity: sent=74 received=136
04-13 22:37:40.984  3447  3447 V LG-FASTDORMANCY: [DCH/FACH] FDCount : 0 intent received :com.android.internal.telephony.ACTION_CHECK_NETSTAT
04-13 22:37:40.987  3447  3835 V LG-FASTDORMANCY: [DCH/FACH] FDCount : 0 prev: TxPkts(166497), RxPkts(200228)
04-13 22:37:40.987  3447  3835 V LG-FASTDORMANCY: [DCH/FACH] FDCount : 0 curr: TxPkts(166555), RxPkts(200326)
04-13 22:37:40.988  3447  3835 I LG-FASTDORMANCY: [DCH/FACH] FDCount : 0 Scheduling checkNetStat for 1000msec, current state is [DCH/FACH] FDCount : 0 
04-13 22:37:41.517  3447  3447 D QtiGsmDCT: [0]updateDataActivity: curTxRxSum={txSum=166671 rxSum=200502} preTxRxSum={txSum=166499 rxSum=200228}
04-13 22:37:41.517  3447  3447 D QtiGsmDCT: [0]updateDataActivity: sent=172 received=274
04-13 22:37:41.991  3447  3447 V LG-FASTDORMANCY: [DCH/FACH] FDCount : 0 intent received :com.android.internal.telephony.ACTION_CHECK_NETSTAT
04-13 22:37:41.997  3447  3835 V LG-FASTDORMANCY: [DCH/FACH] FDCount : 0 prev: TxPkts(166555), RxPkts(200326)
04-13 22:37:41.997  3447  3835 V LG-FASTDORMANCY: [DCH/FACH] FDCount : 0 curr: TxPkts(166672), RxPkts(200503)
04-13 22:37:41.998  3447  3835 I LG-FASTDORMANCY: [DCH/FACH] FDCount : 0 Scheduling checkNetStat for 1000msec, current state is [DCH/FACH] FDCount : 0 
04-13 22:37:42.521  3447  3447 D QtiGsmDCT: [0]updateDataActivity: curTxRxSum={txSum=166673 rxSum=200504} preTxRxSum={txSum=166671 rxSum=200502}
04-13 22:37:42.521  3447  3447 D QtiGsmDCT: [0]updateDataActivity: sent=2 received=2
04-13 22:37:43.001  3447  3447 V LG-FASTDORMANCY: [DCH/FACH] FDCount : 0 intent received :com.android.internal.telephony.ACTION_CHECK_NETSTAT
04-13 22:37:43.006  3447  3835 V LG-FASTDORMANCY: [DCH/FACH] FDCount : 0 prev: TxPkts(166672), RxPkts(200503)
04-13 22:37:43.006  3447  3835 V LG-FASTDORMANCY: [DCH/FACH] FDCount : 0 curr: TxPkts(166673), RxPkts(200504)
04-13 22:37:43.007  3447  3835 I LG-FASTDORMANCY: [DCH/FACH] FDCount : 0 Scheduling checkNetStat for 1000msec, current state is [DCH/FACH] FDCount : 0 
04-13 22:37:43.524  3447  3447 D QtiGsmDCT: [0]updateDataActivity: curTxRxSum={txSum=166673 rxSum=200504} preTxRxSum={txSum=166673 rxSum=200504}
04-13 22:37:43.524  3447  3447 D QtiGsmDCT: [0]updateDataActivity: sent=0 received=0
04-13 22:37:43.525  3447  3447 D QtiGsmDCT: [0]updateDataActivity: newActivity=NONE
