04-13 22:34:21.097  3447  3447 D GsmSST  : [GsmSST] Poll ServiceState done:  oldSS=[0 0 voice home data home Orange Orange 26003 Orange Orange 26003  UMTS HSPAP CSS not supported -1 -1 RoamInd=-1 DefRoamInd=-1 EmergOnly=false IsDataRoamingFromRegistration=false mIsVoiceSearching=false mIsDataSearching=false mVoiceNetworkName=null mDataNetworkName=null Check64QAM0 Dual carrier0] newSS=[0 0 voice home data home Orange Orange 26003 Orange Orange 26003  UMTS HSPAP CSS not supported -1 -1 RoamInd=-1 DefRoamInd=-1 EmergOnly=false IsDataRoamingFromRegistration=false mIsVoiceSearching=false mIsDataSearching=false mVoiceNetworkName=null mDataNetworkName=null Check64QAM0 Dual carrier0] oldMaxDataCalls=20 mNewMaxDataCalls=20 oldReasonDataDenied=-1 mNewReasonDataDenied=-1
04-13 22:34:21.097  3447  3447 D PHONE   : [ServiceState] setNullState=1
04-13 22:34:21.098  3447  3447 D GsmSST  : [GsmSST] getCellLocation(): X good mCellLoc=[57330,46020620,294]
04-13 22:34:21.098  1891  3437 D TelephonyRegistry: notifyCellLocationForSubscriber: subId=2 cellLocation=Bundle[mParcelledData.dataSize=64]
04-13 22:34:21.122  3447  5027 D GsmSST  : [GsmSST] getCellLocation(): X good mCellLoc=[57330,46020620,294]
04-13 22:34:21.137  3447  3447 D RILJ    : [9625]> REQUEST_GET_NEIGHBORING_CELL_IDS [SUB0]
04-13 22:34:21.139   370   667 D RILC    : SOCKET RIL_SOCKET_1 REQUEST: GET_NEIGHBORING_CELL_IDS length:8
04-13 22:34:21.140   370   667 I RILQ    : (0/370):RIL[0][main] qcril_qmi_nas_get_neighboring_cell_ids: completed with 0
04-13 22:34:21.142   370   740 I RILQ    : (0/370):RIL[0][qmi_cb] qcril_qmi_nas_get_neighboring_cells_cb: .. qmi error 0, resultqmi  0, qmi transp_err 0, ril res 0
04-13 22:34:21.143   370   740 D RILC    : RequestComplete, RIL_SOCKET_1
04-13 22:34:21.143   370   740 E RILC    : Send Response to RIL_SOCKET_1
04-13 22:34:21.144   370   740 E RILC    : RIL Response bytes written:4
04-13 22:34:21.144   370   740 E RILC    : RIL Response bytes written:128
04-13 22:34:21.144   370   740 I RILQ    : (0/370):RIL[0][qmi_cb] qcril_qmi_nas_get_neighboring_cells_cb: completed with 0 with 4 entries
04-13 22:34:21.147  3447  3768 D RILJ    : [9625]< REQUEST_GET_NEIGHBORING_CELL_IDS {[[]] [[]] [[]] [[]] } [SUB0]
04-13 22:34:21.149  3447  5044 D RILJ    : [9626]> RIL_REQUEST_GET_CELL_INFO_LIST [SUB0]
04-13 22:34:21.151   370   667 D RILC    : SOCKET RIL_SOCKET_1 REQUEST: GET_CELL_INFO_LIST length:8
04-13 22:34:21.157   370 10253 D RILC    : RequestComplete, RIL_SOCKET_1
04-13 22:34:21.157   370 10253 E RILC    : Send Response to RIL_SOCKET_1
04-13 22:34:21.157   370 10253 E RILC    : RIL Response bytes written:4
04-13 22:34:21.157  3447  3768 D RILJ    : [9626]< RIL_REQUEST_GET_CELL_INFO_LIST [CellInfoWcdma:{mRegistered=YES mTimeStampType=oem_ril mTimeStamp=34112124447580ns CellIdentityWcdma:{ mMcc=260 mMnc=3 mLac=57330 mCid=46020620 mPsc=472} CellSignalStrengthWcdma: ss=15 ber=99}, CellInfoWcdma:{mRegistered=NO mTimeStampType=oem_ril mTimeStamp=34112124447580ns CellIdentityWcdma:{ mMcc=2147483647 mMnc=2147483647 mLac=2147483647 mCid=2147483647 mPsc=62} CellSignalStrengthWcdma: ss=12 ber=99}, CellInfoWcdma:{mRegistered=NO mTimeStampType=oem_ril mTimeStamp=34112124447580ns CellIdentityWcdma:{ mMcc=2147483647 mMnc=2147483647 mLac=2147483647 mCid=2147483647 mPsc=20} CellSignalStrengthWcdma: ss=11 ber=99}, CellInfoWcdma:{mRegistered=NO mTimeStampType=oem_ril mTimeStamp=34112124447580ns CellIdentityWcdma:{ mMcc=2147483647 mMnc=2147483647 mLac=2147483647 mCid=2147483647 mPsc=382} CellSignalStrengthWcdma: ss=8 ber=99}, CellInfoWcdma:{mRegistered=NO mTimeStampType=oem_ril mTimeStamp=34112124447580ns CellIdentityWcdma:{ mMcc=2147483647 mMnc=2147483647 mLac=2147483647 mCid=2147483647 mPsc=289} CellSignalStrengthWcdma: ss=5 ber=99}] [SUB0]
04-13 22:34:21.158   370 10253 E RILC    : RIL Response bytes written:256
04-13 22:34:21.159  3447  5044 D GsmSST  : [GsmSST] SST.getAllCellInfo(): X size=5 list=[CellInfoWcdma:{mRegistered=YES mTimeStampType=oem_ril mTimeStamp=34112124447580ns CellIdentityWcdma:{ mMcc=260 mMnc=3 mLac=57330 mCid=46020620 mPsc=472} CellSignalStrengthWcdma: ss=15 ber=99}, CellInfoWcdma:{mRegistered=NO mTimeStampType=oem_ril mTimeStamp=34112124447580ns CellIdentityWcdma:{ mMcc=2147483647 mMnc=2147483647 mLac=2147483647 mCid=2147483647 mPsc=62} CellSignalStrengthWcdma: ss=12 ber=99}, CellInfoWcdma:{mRegistered=NO mTimeStampType=oem_ril mTimeStamp=34112124447580ns CellIdentityWcdma:{ mMcc=2147483647 mMnc=2147483647 mLac=2147483647 mCid=2147483647 mPsc=20} CellSignalStrengthWcdma: ss=11 ber=99}, CellInfoWcdma:{mRegistered=NO mTimeStampType=oem_ril mTimeStamp=34112124447580ns CellIdentityWcdma:{ mMcc=2147483647 mMnc=2147483647 mLac=2147483647 mCid=2147483647 mPsc=382} CellSignalStrengthWcdma: ss=8 ber=99}, CellInfoWcdma:{mRegistered=NO mTimeStampType=oem_ril mTimeStamp=34112124447580ns CellIdentityWcdma:{ mMcc=2147483647 mMnc=2147483647 mLac=2147483647 mCid=2147483647 mPsc=289} CellSignalStrengthWcdma: ss=5 ber=99}]
04-13 22:34:21.164  3447  3493 D GsmSST  : [GsmSST] getCellLocation(): X good mCellLoc=[57330,46020620,294]
04-13 22:34:21.587  3447  3447 V LG-FASTDORMANCY: [DCH/FACH] FDCount : 0 intent received :com.android.internal.telephony.ACTION_CHECK_NETSTAT
04-13 22:34:21.591  3447  3835 V LG-FASTDORMANCY: [DCH/FACH] FDCount : 0 prev: TxPkts(158287), RxPkts(190689)
04-13 22:34:21.591  3447  3835 V LG-FASTDORMANCY: [DCH/FACH] FDCount : 0 curr: TxPkts(158287), RxPkts(190689)
04-13 22:34:21.592  3447  3835 I LG-FASTDORMANCY: [DCH/FACH] FDCount : 1 Scheduling checkNetStat for 1000msec, current state is [DCH/FACH] FDCount : 1 
04-13 22:34:22.074  3447  3447 D QtiGsmDCT: [0]updateDataActivity: curTxRxSum={txSum=158287 rxSum=190689} preTxRxSum={txSum=158287 rxSum=190689}
04-13 22:34:22.074  3447  3447 D QtiGsmDCT: [0]updateDataActivity: sent=0 received=0
04-13 22:34:22.595  3447  3447 V LG-FASTDORMANCY: [DCH/FACH] FDCount : 1 intent received :com.android.internal.telephony.ACTION_CHECK_NETSTAT
04-13 22:34:22.601  3447  3835 V LG-FASTDORMANCY: [DCH/FACH] FDCount : 1 prev: TxPkts(158287), RxPkts(190689)
04-13 22:34:22.601  3447  3835 V LG-FASTDORMANCY: [DCH/FACH] FDCount : 1 curr: TxPkts(158309), RxPkts(190709)
04-13 22:34:22.602  3447  3835 I LG-FASTDORMANCY: [DCH/FACH] FDCount : 0 Scheduling checkNetStat for 1000msec, current state is [DCH/FACH] FDCount : 0 
04-13 22:34:23.078  3447  3447 D QtiGsmDCT: [0]updateDataActivity: curTxRxSum={txSum=158309 rxSum=190709} preTxRxSum={txSum=158287 rxSum=190689}
04-13 22:34:23.078  3447  3447 D QtiGsmDCT: [0]updateDataActivity: sent=22 received=20
04-13 22:34:23.078  3447  3447 D QtiGsmDCT: [0]updateDataActivity: newActivity=DATAINANDOUT
04-13 22:34:23.088  3447  5044 D QtiGsmDCT: [0]getDataEnabled: getIntWithSubId retVal=true
04-13 22:34:23.606  3447  3447 V LG-FASTDORMANCY: [DCH/FACH] FDCount : 0 intent received :com.android.internal.telephony.ACTION_CHECK_NETSTAT
04-13 22:34:23.610  3447  3835 V LG-FASTDORMANCY: [DCH/FACH] FDCount : 0 prev: TxPkts(158309), RxPkts(190709)
04-13 22:34:23.610  3447  3835 V LG-FASTDORMANCY: [DCH/FACH] FDCount : 0 curr: TxPkts(158309), RxPkts(190709)
04-13 22:34:23.611  3447  3835 I LG-FASTDORMANCY: [DCH/FACH] FDCount : 1 Scheduling checkNetStat for 1000msec, current state is [DCH/FACH] FDCount : 1 
04-13 22:34:24.085  3447  3447 D QtiGsmDCT: [0]updateDataActivity: curTxRxSum={txSum=158309 rxSum=190709} preTxRxSum={txSum=158309 rxSum=190709}
04-13 22:34:24.085  3447  3447 D QtiGsmDCT: [0]updateDataActivity: sent=0 received=0
04-13 22:34:24.085  3447  3447 D QtiGsmDCT: [0]updateDataActivity: newActivity=NONE
04-13 22:34:24.094  3447  3867 D QtiGsmDCT: [0]getDataEnabled: getIntWithSubId retVal=true
04-13 22:34:24.614  3447  3447 V LG-FASTDORMANCY: [DCH/FACH] FDCount : 1 intent received :com.android.internal.telephony.ACTION_CHECK_NETSTAT
04-13 22:34:24.618  3447  3835 V LG-FASTDORMANCY: [DCH/FACH] FDCount : 1 prev: TxPkts(158309), RxPkts(190709)
04-13 22:34:24.619  3447  3835 V LG-FASTDORMANCY: [DCH/FACH] FDCount : 1 curr: TxPkts(158309), RxPkts(190709)
04-13 22:34:24.619  3447  3835 I LG-FASTDORMANCY: [DCH/FACH] FDCount : 2 Scheduling checkNetStat for 1000msec, current state is [DCH/FACH] FDCount : 2 
04-13 22:34:25.094  3447  3447 D QtiGsmDCT: [0]updateDataActivity: curTxRxSum={txSum=158309 rxSum=190709} preTxRxSum={txSum=158309 rxSum=190709}
04-13 22:34:25.094  3447  3447 D QtiGsmDCT: [0]updateDataActivity: sent=0 received=0
04-13 22:34:25.623  3447  3447 V LG-FASTDORMANCY: [DCH/FACH] FDCount : 2 intent received :com.android.internal.telephony.ACTION_CHECK_NETSTAT
04-13 22:34:25.630  3447  3835 V LG-FASTDORMANCY: [DCH/FACH] FDCount : 2 prev: TxPkts(158309), RxPkts(190709)
04-13 22:34:25.630  3447  3835 V LG-FASTDORMANCY: [DCH/FACH] FDCount : 2 curr: TxPkts(158309), RxPkts(190709)
04-13 22:34:25.631  3447  3835 I LG-FASTDORMANCY: [DCH/FACH] FDCount : 3 Scheduling checkNetStat for 1000msec, current state is [DCH/FACH] FDCount : 3 
04-13 22:34:26.098  3447  3447 D QtiGsmDCT: [0]updateDataActivity: curTxRxSum={txSum=158309 rxSum=190709} preTxRxSum={txSum=158309 rxSum=190709}
04-13 22:34:26.098  3447  3447 D QtiGsmDCT: [0]updateDataActivity: sent=0 received=0
04-13 22:34:26.637  3447  3447 V LG-FASTDORMANCY: [DCH/FACH] FDCount : 3 intent received :com.android.internal.telephony.ACTION_CHECK_NETSTAT
04-13 22:34:26.646  3447  3835 V LG-FASTDORMANCY: [DCH/FACH] FDCount : 3 prev: TxPkts(158309), RxPkts(190709)
04-13 22:34:26.646  3447  3835 V LG-FASTDORMANCY: [DCH/FACH] FDCount : 3 curr: TxPkts(158309), RxPkts(190709)
04-13 22:34:26.647  3447  3835 I LG-FASTDORMANCY: [DCH/FACH] FDCount : 4 Scheduling checkNetStat for 1000msec, current state is [DCH/FACH] FDCount : 4 
04-13 22:34:27.101  3447  3447 D QtiGsmDCT: [0]updateDataActivity: curTxRxSum={txSum=158311 rxSum=190711} preTxRxSum={txSum=158309 rxSum=190709}
04-13 22:34:27.101  3447  3447 D QtiGsmDCT: [0]updateDataActivity: sent=2 received=2
04-13 22:34:27.101  3447  3447 D QtiGsmDCT: [0]updateDataActivity: newActivity=DATAINANDOUT
04-13 22:34:27.112  3447  5044 D QtiGsmDCT: [0]getDataEnabled: getIntWithSubId retVal=true
04-13 22:34:27.651  3447  3447 V LG-FASTDORMANCY: [DCH/FACH] FDCount : 4 intent received :com.android.internal.telephony.ACTION_CHECK_NETSTAT
04-13 22:34:27.656  3447  3835 V LG-FASTDORMANCY: [DCH/FACH] FDCount : 4 prev: TxPkts(158309), RxPkts(190709)
04-13 22:34:27.656  3447  3835 V LG-FASTDORMANCY: [DCH/FACH] FDCount : 4 curr: TxPkts(158311), RxPkts(190711)
04-13 22:34:27.657  3447  3835 I LG-FASTDORMANCY: [DCH/FACH] FDCount : 0 Scheduling checkNetStat for 1000msec, current state is [DCH/FACH] FDCount : 0 
04-13 22:34:28.107  3447  3447 D QtiGsmDCT: [0]updateDataActivity: curTxRxSum={txSum=158311 rxSum=190711} preTxRxSum={txSum=158311 rxSum=190711}
04-13 22:34:28.107  3447  3447 D QtiGsmDCT: [0]updateDataActivity: sent=0 received=0
04-13 22:34:28.107  3447  3447 D QtiGsmDCT: [0]updateDataActivity: newActivity=NONE
04-13 22:34:28.113  3447  3493 D QtiGsmDCT: [0]getDataEnabled: getIntWithSubId retVal=true
04-13 22:34:28.668  3447  3447 V LG-FASTDORMANCY: [DCH/FACH] FDCount : 0 intent received :com.android.internal.telephony.ACTION_CHECK_NETSTAT
04-13 22:34:28.673  3447  3835 V LG-FASTDORMANCY: [DCH/FACH] FDCount : 0 prev: TxPkts(158311), RxPkts(190711)
04-13 22:34:28.673  3447  3835 V LG-FASTDORMANCY: [DCH/FACH] FDCount : 0 curr: TxPkts(158323), RxPkts(190719)
04-13 22:34:28.674  3447  3835 I LG-FASTDORMANCY: [DCH/FACH] FDCount : 0 Scheduling checkNetStat for 1000msec, current state is [DCH/FACH] FDCount : 0 
04-13 22:34:29.116  3447  3447 D QtiGsmDCT: [0]updateDataActivity: curTxRxSum={txSum=158337 rxSum=190747} preTxRxSum={txSum=158311 rxSum=190711}
04-13 22:34:29.116  3447  3447 D QtiGsmDCT: [0]updateDataActivity: sent=26 received=36
04-13 22:34:29.116  3447  3447 D QtiGsmDCT: [0]updateDataActivity: newActivity=DATAINANDOUT
04-13 22:34:29.131  3447  5027 D QtiGsmDCT: [0]getDataEnabled: getIntWithSubId retVal=true
04-13 22:34:29.678  3447  3447 V LG-FASTDORMANCY: [DCH/FACH] FDCount : 0 intent received :com.android.internal.telephony.ACTION_CHECK_NETSTAT
04-13 22:34:29.684  3447  3835 V LG-FASTDORMANCY: [DCH/FACH] FDCount : 0 prev: TxPkts(158323), RxPkts(190719)
04-13 22:34:29.684  3447  3835 V LG-FASTDORMANCY: [DCH/FACH] FDCount : 0 curr: TxPkts(158397), RxPkts(190832)
04-13 22:34:29.685  3447  3835 I LG-FASTDORMANCY: [DCH/FACH] FDCount : 0 Scheduling checkNetStat for 1000msec, current state is [DCH/FACH] FDCount : 0 
04-13 22:34:30.123  3447  3447 D QtiGsmDCT: [0]updateDataActivity: curTxRxSum={txSum=158652 rxSum=191087} preTxRxSum={txSum=158337 rxSum=190747}
04-13 22:34:30.123  3447  3447 D QtiGsmDCT: [0]updateDataActivity: sent=315 received=340
04-13 22:34:30.688  3447  3447 V LG-FASTDORMANCY: [DCH/FACH] FDCount : 0 intent received :com.android.internal.telephony.ACTION_CHECK_NETSTAT
04-13 22:34:30.695  3447  3835 V LG-FASTDORMANCY: [DCH/FACH] FDCount : 0 prev: TxPkts(158397), RxPkts(190832)
04-13 22:34:30.695  3447  3835 V LG-FASTDORMANCY: [DCH/FACH] FDCount : 0 curr: TxPkts(158652), RxPkts(191087)
04-13 22:34:30.696  3447  3835 I LG-FASTDORMANCY: [DCH/FACH] FDCount : 0 Scheduling checkNetStat for 1000msec, current state is [DCH/FACH] FDCount : 0 
04-13 22:34:31.126  3447  3447 D QtiGsmDCT: [0]updateDataActivity: curTxRxSum={txSum=158652 rxSum=191087} preTxRxSum={txSum=158652 rxSum=191087}
04-13 22:34:31.126  3447  3447 D QtiGsmDCT: [0]updateDataActivity: sent=0 received=0
04-13 22:34:31.126  3447  3447 D QtiGsmDCT: [0]updateDataActivity: newActivity=NONE
04-13 22:34:31.131  3447  4251 D QtiGsmDCT: [0]getDataEnabled: getIntWithSubId retVal=true
04-13 22:34:31.699  3447  3447 V LG-FASTDORMANCY: [DCH/FACH] FDCount : 0 intent received :com.android.internal.telephony.ACTION_CHECK_NETSTAT
04-13 22:34:31.702  3447  3835 V LG-FASTDORMANCY: [DCH/FACH] FDCount : 0 prev: TxPkts(158652), RxPkts(191087)
04-13 22:34:31.702  3447  3835 V LG-FASTDORMANCY: [DCH/FACH] FDCount : 0 curr: TxPkts(158652), RxPkts(191087)
04-13 22:34:31.703  3447  3835 I LG-FASTDORMANCY: [DCH/FACH] FDCount : 1 Scheduling checkNetStat for 1000msec, current state is [DCH/FACH] FDCount : 1 
04-13 22:34:32.131  3447  3447 D QtiGsmDCT: [0]updateDataActivity: curTxRxSum={txSum=158652 rxSum=191087} preTxRxSum={txSum=158652 rxSum=191087}
04-13 22:34:32.131  3447  3447 D QtiGsmDCT: [0]updateDataActivity: sent=0 received=0
04-13 22:34:32.705  3447  3447 V LG-FASTDORMANCY: [DCH/FACH] FDCount : 1 intent received :com.android.internal.telephony.ACTION_CHECK_NETSTAT
04-13 22:34:32.708  3447  3835 V LG-FASTDORMANCY: [DCH/FACH] FDCount : 1 prev: TxPkts(158652), RxPkts(191087)
04-13 22:34:32.708  3447  3835 V LG-FASTDORMANCY: [DCH/FACH] FDCount : 1 curr: TxPkts(158652), RxPkts(191089)
04-13 22:34:32.710  3447  3835 I LG-FASTDORMANCY: [DCH/FACH] FDCount : 0 Scheduling checkNetStat for 1000msec, current state is [DCH/FACH] FDCount : 0 
04-13 22:34:33.134  3447  3447 D QtiGsmDCT: [0]updateDataActivity: curTxRxSum={txSum=158652 rxSum=191089} preTxRxSum={txSum=158652 rxSum=191087}
04-13 22:34:33.134  3447  3447 D QtiGsmDCT: [0]updateDataActivity: sent=0 received=2
04-13 22:34:33.134  3447  3447 D QtiGsmDCT: [0]updateDataActivity: newActivity=DATAIN
04-13 22:34:33.141  3447  4251 D QtiGsmDCT: [0]getDataEnabled: getIntWithSubId retVal=true
04-13 22:34:33.712  3447  3447 V LG-FASTDORMANCY: [DCH/FACH] FDCount : 0 intent received :com.android.internal.telephony.ACTION_CHECK_NETSTAT
04-13 22:34:33.715  3447  3835 V LG-FASTDORMANCY: [DCH/FACH] FDCount : 0 prev: TxPkts(158652), RxPkts(191089)
04-13 22:34:33.716  3447  3835 V LG-FASTDORMANCY: [DCH/FACH] FDCount : 0 curr: TxPkts(158652), RxPkts(191089)
04-13 22:34:33.716  3447  3835 I LG-FASTDORMANCY: [DCH/FACH] FDCount : 1 Scheduling checkNetStat for 1000msec, current state is [DCH/FACH] FDCount : 1 
04-13 22:34:34.140  3447  3447 D QtiGsmDCT: [0]updateDataActivity: curTxRxSum={txSum=158652 rxSum=191089} preTxRxSum={txSum=158652 rxSum=191089}
04-13 22:34:34.140  3447  3447 D QtiGsmDCT: [0]updateDataActivity: sent=0 received=0
04-13 22:34:34.140  3447  3447 D QtiGsmDCT: [0]updateDataActivity: newActivity=NONE
04-13 22:34:34.146  3447  3867 D QtiGsmDCT: [0]getDataEnabled: getIntWithSubId retVal=true
04-13 22:34:34.719  3447  3447 V LG-FASTDORMANCY: [DCH/FACH] FDCount : 1 intent received :com.android.internal.telephony.ACTION_CHECK_NETSTAT
04-13 22:34:34.722  3447  3835 V LG-FASTDORMANCY: [DCH/FACH] FDCount : 1 prev: TxPkts(158652), RxPkts(191089)
04-13 22:34:34.722  3447  3835 V LG-FASTDORMANCY: [DCH/FACH] FDCount : 1 curr: TxPkts(158652), RxPkts(191089)
04-13 22:34:34.723  3447  3835 I LG-FASTDORMANCY: [DCH/FACH] FDCount : 2 Scheduling checkNetStat for 1000msec, current state is [DCH/FACH] FDCount : 2 
04-13 22:34:35.146  3447  3447 D QtiGsmDCT: [0]updateDataActivity: curTxRxSum={txSum=158652 rxSum=191089} preTxRxSum={txSum=158652 rxSum=191089}
04-13 22:34:35.146  3447  3447 D QtiGsmDCT: [0]updateDataActivity: sent=0 received=0
04-13 22:34:35.726  3447  3447 V LG-FASTDORMANCY: [DCH/FACH] FDCount : 2 intent received :com.android.internal.telephony.ACTION_CHECK_NETSTAT
04-13 22:34:35.728  3447  3835 V LG-FASTDORMANCY: [DCH/FACH] FDCount : 2 prev: TxPkts(158652), RxPkts(191089)
04-13 22:34:35.728  3447  3835 V LG-FASTDORMANCY: [DCH/FACH] FDCount : 2 curr: TxPkts(158652), RxPkts(191089)
04-13 22:34:35.729  3447  3835 I LG-FASTDORMANCY: [DCH/FACH] FDCount : 3 Scheduling checkNetStat for 1000msec, current state is [DCH/FACH] FDCount : 3 
04-13 22:34:36.149  3447  3447 D QtiGsmDCT: [0]updateDataActivity: curTxRxSum={txSum=158652 rxSum=191089} preTxRxSum={txSum=158652 rxSum=191089}
04-13 22:34:36.149  3447  3447 D QtiGsmDCT: [0]updateDataActivity: sent=0 received=0
04-13 22:34:36.732  3447  3447 V LG-FASTDORMANCY: [DCH/FACH] FDCount : 3 intent received :com.android.internal.telephony.ACTION_CHECK_NETSTAT
04-13 22:34:36.735  3447  3835 V LG-FASTDORMANCY: [DCH/FACH] FDCount : 3 prev: TxPkts(158652), RxPkts(191089)
04-13 22:34:36.735  3447  3835 V LG-FASTDORMANCY: [DCH/FACH] FDCount : 3 curr: TxPkts(158652), RxPkts(191089)
04-13 22:34:36.736  3447  3835 I LG-FASTDORMANCY: [DCH/FACH] FDCount : 4 Scheduling checkNetStat for 1000msec, current state is [DCH/FACH] FDCount : 4 
04-13 22:34:37.153  3447  3447 D QtiGsmDCT: [0]updateDataActivity: curTxRxSum={txSum=158652 rxSum=191089} preTxRxSum={txSum=158652 rxSum=191089}
04-13 22:34:37.153  3447  3447 D QtiGsmDCT: [0]updateDataActivity: sent=0 received=0
04-13 22:34:37.741  3447  3447 V LG-FASTDORMANCY: [DCH/FACH] FDCount : 4 intent received :com.android.internal.telephony.ACTION_CHECK_NETSTAT
04-13 22:34:37.744  3447  3835 V LG-FASTDORMANCY: [DCH/FACH] FDCount : 4 prev: TxPkts(158652), RxPkts(191089)
04-13 22:34:37.744  3447  3835 V LG-FASTDORMANCY: [DCH/FACH] FDCount : 4 curr: TxPkts(158652), RxPkts(191089)
04-13 22:34:37.745  3447  3835 I LG-FASTDORMANCY: [DCH/FACH] FDCount : 5 Scheduling checkNetStat for 1000msec, current state is [DCH/FACH] FDCount : 5 
04-13 22:34:38.157  3447  3447 D QtiGsmDCT: [0]updateDataActivity: curTxRxSum={txSum=158652 rxSum=191089} preTxRxSum={txSum=158652 rxSum=191089}
04-13 22:34:38.157  3447  3447 D QtiGsmDCT: [0]updateDataActivity: sent=0 received=0
04-13 22:34:38.747  3447  3447 V LG-FASTDORMANCY: [DCH/FACH] FDCount : 5 intent received :com.android.internal.telephony.ACTION_CHECK_NETSTAT
04-13 22:34:38.750  3447  3835 V LG-FASTDORMANCY: [DCH/FACH] FDCount : 5 prev: TxPkts(158652), RxPkts(191089)
04-13 22:34:38.750  3447  3835 V LG-FASTDORMANCY: [DCH/FACH] FDCount : 5 curr: TxPkts(158652), RxPkts(191089)
04-13 22:34:38.751  3447  3835 I LG-FASTDORMANCY: [DCH/FACH] FDCount : 6 Scheduling checkNetStat for 1000msec, current state is [DCH/FACH] FDCount : 6 
04-13 22:34:39.161  3447  3447 D QtiGsmDCT: [0]updateDataActivity: curTxRxSum={txSum=158652 rxSum=191089} preTxRxSum={txSum=158652 rxSum=191089}
04-13 22:34:39.161  3447  3447 D QtiGsmDCT: [0]updateDataActivity: sent=0 received=0
04-13 22:34:39.754  3447  3447 V LG-FASTDORMANCY: [DCH/FACH] FDCount : 6 intent received :com.android.internal.telephony.ACTION_CHECK_NETSTAT
04-13 22:34:39.758  3447  3835 V LG-FASTDORMANCY: [DCH/FACH] FDCount : 6 prev: TxPkts(158652), RxPkts(191089)
04-13 22:34:39.758  3447  3835 V LG-FASTDORMANCY: [DCH/FACH] FDCount : 6 curr: TxPkts(158652), RxPkts(191089)
04-13 22:34:39.758  3447  3835 I LG-FASTDORMANCY: [DCH/FACH] FDCount : 7 Scheduling checkNetStat for 1000msec, current state is [DCH/FACH] FDCount : 7 
04-13 22:34:40.165  3447  3447 D QtiGsmDCT: [0]updateDataActivity: curTxRxSum={txSum=158698 rxSum=191109} preTxRxSum={txSum=158652 rxSum=191089}
04-13 22:34:40.165  3447  3447 D QtiGsmDCT: [0]updateDataActivity: sent=46 received=20
04-13 22:34:40.165  3447  3447 D QtiGsmDCT: [0]updateDataActivity: newActivity=DATAINANDOUT
04-13 22:34:40.174  3447  3867 D QtiGsmDCT: [0]getDataEnabled: getIntWithSubId retVal=true
04-13 22:34:40.764  3447  3447 V LG-FASTDORMANCY: [DCH/FACH] FDCount : 7 intent received :com.android.internal.telephony.ACTION_CHECK_NETSTAT
04-13 22:34:40.769  3447  3835 V LG-FASTDORMANCY: [DCH/FACH] FDCount : 7 prev: TxPkts(158652), RxPkts(191089)
04-13 22:34:40.770  3447  3835 V LG-FASTDORMANCY: [DCH/FACH] FDCount : 7 curr: TxPkts(159144), RxPkts(191559)
04-13 22:34:40.770  3447  3835 I LG-FASTDORMANCY: [DCH/FACH] FDCount : 0 Scheduling checkNetStat for 1000msec, current state is [DCH/FACH] FDCount : 0 
04-13 22:34:41.171  3447  3447 D QtiGsmDCT: [0]updateDataActivity: curTxRxSum={txSum=159306 rxSum=191729} preTxRxSum={txSum=158698 rxSum=191109}
04-13 22:34:41.171  3447  3447 D QtiGsmDCT: [0]updateDataActivity: sent=608 received=620
04-13 22:34:41.779  3447  3447 V LG-FASTDORMANCY: [DCH/FACH] FDCount : 0 intent received :com.android.internal.telephony.ACTION_CHECK_NETSTAT
04-13 22:34:41.785  3447  3835 V LG-FASTDORMANCY: [DCH/FACH] FDCount : 0 prev: TxPkts(159144), RxPkts(191559)
04-13 22:34:41.786  3447  3835 V LG-FASTDORMANCY: [DCH/FACH] FDCount : 0 curr: TxPkts(159306), RxPkts(191729)
04-13 22:34:41.787  3447  3835 I LG-FASTDORMANCY: [DCH/FACH] FDCount : 0 Scheduling checkNetStat for 1000msec, current state is [DCH/FACH] FDCount : 0 
04-13 22:34:42.190  3447  3447 D QtiGsmDCT: [0]updateDataActivity: curTxRxSum={txSum=159308 rxSum=191731} preTxRxSum={txSum=159306 rxSum=191729}
04-13 22:34:42.190  3447  3447 D QtiGsmDCT: [0]updateDataActivity: sent=2 received=2
04-13 22:34:42.795  3447  3447 V LG-FASTDORMANCY: [DCH/FACH] FDCount : 0 intent received :com.android.internal.telephony.ACTION_CHECK_NETSTAT
04-13 22:34:42.800  3447  3835 V LG-FASTDORMANCY: [DCH/FACH] FDCount : 0 prev: TxPkts(159306), RxPkts(191729)
04-13 22:34:42.801  3447  3835 V LG-FASTDORMANCY: [DCH/FACH] FDCount : 0 curr: TxPkts(159308), RxPkts(191731)
04-13 22:34:42.802  3447  3835 I LG-FASTDORMANCY: [DCH/FACH] FDCount : 0 Scheduling checkNetStat for 1000msec, current state is [DCH/FACH] FDCount : 0 
04-13 22:34:43.044   370   678 I RILC    : RIL_SOCKET_1 UNSOLICITED: RIL_UNSOL_LTE_REJECT_CAUSE length:16
04-13 22:34:43.044   370   678 E RILC    : Send Response to RIL_SOCKET_1
04-13 22:34:43.044   370   678 E RILC    : RIL Response bytes written:4
04-13 22:34:43.044  3447  3768 D RILJ    : [UNSL]< RIL_UNSOL_LTE_REJECT_CAUSE {15} [SUB0]
04-13 22:34:43.044   370   678 E RILC    : RIL Response bytes written:16
04-13 22:34:43.049   370   678 I RILC    : RIL_SOCKET_1 UNSOLICITED: UNSOL_OEM_HOOK_RAW length:32
04-13 22:34:43.049   370   678 E RILC    : Send Response to RIL_SOCKET_1
04-13 22:34:43.049   370   678 E RILC    : RIL Response bytes written:4
04-13 22:34:43.050  3447  3768 V RILJ    : [UNSL]< UNSOL_OEM_HOOK_RAW 514f454d484f4f4bef0308000100000002 [SUB0]
04-13 22:34:43.050  3447  3768 D RILJ    : Oem ID in RIL_UNSOL_OEM_HOOK_RAW is QOEMHOOK
04-13 22:34:43.050  3447  3768 D RILJ    : OEM ID check Passed
04-13 22:34:43.050  3447  3768 D RILJ    : Response ID in RIL_UNSOL_OEM_HOOK_RAW is 525295
04-13 22:34:43.050  3447  3768 D RILJ    : Response ID 525295 is not served in this process.
04-13 22:34:43.050   370   678 E RILC    : RIL Response bytes written:32
04-13 22:34:43.054   370   678 I RILC    : RIL_SOCKET_1 UNSOLICITED: UNSOL_RESPONSE_VOICE_NETWORK_STATE_CHANGED length:8
04-13 22:34:43.054   370   678 E RILC    : Send Response to RIL_SOCKET_1
04-13 22:34:43.055   370   678 E RILC    : RIL Response bytes written:4
04-13 22:34:43.055  3447  3768 D RILJ    : [UNSL]< UNSOL_RESPONSE_VOICE_NETWORK_STATE_CHANGED [SUB0]
04-13 22:34:43.055   370   678 E RILC    : RIL Response bytes written:8
04-13 22:34:43.055  3447  3447 D RILJ    : [9627]> OPERATOR [SUB0]
04-13 22:34:43.056   370   678 I RILQ    : (0/370):RIL[0][event] qcril_arb_set_dsd_sys_status: old_pref_data 1 - new_data_pref 1
04-13 22:34:43.056   370   678 I RILQ    : (0/370):RIL[0][event] qcril_arb_set_dsd_sys_status: preferred dsd_sys_status nw=0x0, rat_value=0x1, so_mask=0x0000000000000007
04-13 22:34:43.057   370   678 I RILQ    : (0/370):RIL[0][event] qcril_arb_set_dsd_sys_status: preferred 1 - dsd_sys_status nw=0x0, rat_value=0x1, so_mask=0x0000000000000007
04-13 22:34:43.057   370   678 I RILQ    : (0/370):RIL[0][event] qcril_arb_set_dsd_sys_status: is_wwan_available 0
04-13 22:34:43.057   370   667 D RILC    : SOCKET RIL_SOCKET_1 REQUEST: OPERATOR length:8
04-13 22:34:43.059   370   678 I RILC    : RIL_SOCKET_1 UNSOLICITED: UNSOL_OEM_HOOK_RAW length:32
04-13 22:34:43.059   370   678 E RILC    : Send Response to RIL_SOCKET_1
04-13 22:34:43.059   370   678 E RILC    : RIL Response bytes written:4
04-13 22:34:43.059  3447  3768 V RILJ    : [UNSL]< UNSOL_OEM_HOOK_RAW 514f454d484f4f4bfa0308000100000000 [SUB0]
04-13 22:34:43.059  3447  3768 D RILJ    : Oem ID in RIL_UNSOL_OEM_HOOK_RAW is QOEMHOOK
04-13 22:34:43.059  3447  3768 D RILJ    : OEM ID check Passed
04-13 22:34:43.059  3447  3768 D RILJ    : Response ID in RIL_UNSOL_OEM_HOOK_RAW is 525306
04-13 22:34:43.059  3447  3768 D RILJ    : WWAN, IWLAN coexistence notified to registrants
04-13 22:34:43.060   370   678 E RILC    : RIL Response bytes written:32
04-13 22:34:43.060  3447  3447 D RILJ    : [9628]> DATA_REGISTRATION_STATE [SUB0]
04-13 22:34:43.061  3447  3447 D RILJ    : [9629]> VOICE_REGISTRATION_STATE [SUB0]
04-13 22:34:43.062   370   667 D RILC    : SOCKET RIL_SOCKET_1 REQUEST: DATA_REGISTRATION_STATE length:8
04-13 22:34:43.066   370   667 D RILC    : SOCKET RIL_SOCKET_1 REQUEST: VOICE_REGISTRATION_STATE length:8
04-13 22:34:43.067  3447  3447 D RILJ    : [9630]> QUERY_NETWORK_SELECTION_MODE [SUB0]
04-13 22:34:43.068   370   667 D RILC    : SOCKET RIL_SOCKET_1 REQUEST: QUERY_NETWORK_SELECTION_MODE length:8
04-13 22:34:43.071   370 10294 D RILC    : RequestComplete, RIL_SOCKET_1
04-13 22:34:43.071   370 10294 E RILC    : Send Response to RIL_SOCKET_1
04-13 22:34:43.071   370 10294 E RILC    : RIL Response bytes written:4
04-13 22:34:43.071  3447  3768 D RILJ    : [9627]< OPERATOR {Orange, Orange, 26003} [SUB0]
04-13 22:34:43.071   370 10294 E RILC    : RIL Response bytes written:72
04-13 22:34:43.076   370   678 I RILC    : RIL_SOCKET_1 UNSOLICITED: RIL_UNSOL_LTE_REJECT_CAUSE length:16
04-13 22:34:43.076   370   678 E RILC    : Send Response to RIL_SOCKET_1
04-13 22:34:43.076   370   678 E RILC    : RIL Response bytes written:4
04-13 22:34:43.076  3447  3768 D RILJ    : [UNSL]< RIL_UNSOL_LTE_REJECT_CAUSE {15} [SUB0]
04-13 22:34:43.076   370   678 E RILC    : RIL Response bytes written:16
04-13 22:34:43.078   370 10297 D RILC    : RequestComplete, RIL_SOCKET_1
04-13 22:34:43.078   370 10297 E RILC    : Send Response to RIL_SOCKET_1
04-13 22:34:43.079   370 10297 E RILC    : RIL Response bytes written:4
04-13 22:34:43.079  3447  3768 D RILJ    : [9629]< VOICE_REGISTRATION_STATE {1, dff2, 02be380c, 3, null, null, null, 0, null, null, 1, null, null, 0, 126} [SUB0]
04-13 22:34:43.079   370 10297 E RILC    : RIL Response bytes written:136
04-13 22:34:43.080  3447  3447 D PHONE   : [ServiceState] setVoiceRegState=0
04-13 22:34:43.080  3447  3447 E PHONE   : [ServiceState] setState deprecated use setVoiceRegState()
04-13 22:34:43.080  3447  3447 D GsmSST  : [GsmSST] LOGRadioInfo : In Service
04-13 22:34:43.082   370 10299 D RILC    : RequestComplete, RIL_SOCKET_1
04-13 22:34:43.082   370 10299 E RILC    : Send Response to RIL_SOCKET_1
04-13 22:34:43.083   370 10299 E RILC    : RIL Response bytes written:4
04-13 22:34:43.083   370 10299 E RILC    : RIL Response bytes written:20
04-13 22:34:43.083  3447  3768 D RILJ    : [9630]< QUERY_NETWORK_SELECTION_MODE {0} [SUB0]
04-13 22:34:43.086   370 10296 D RILC    : RequestComplete, RIL_SOCKET_1
04-13 22:34:43.087   370 10296 E RILC    : Send Response to RIL_SOCKET_1
04-13 22:34:43.087   370 10296 E RILC    : RIL Response bytes written:4
04-13 22:34:43.087  3447  3768 D RILJ    : [9628]< DATA_REGISTRATION_STATE {1, dff2, 02be380c, 11, null, 20, null, null, null, null, null, 0} [SUB0]
04-13 22:34:43.088   370 10296 E RILC    : RIL Response bytes written:120
04-13 22:34:43.088  3447  3447 D GsmSST  : isSFROperators result = false
04-13 22:34:43.088  3447  3447 D PHONE   : [ServiceState] setDataRegState=0
04-13 22:34:43.088  3447  3447 D PHONE   : [ServiceState] setDataRadioTechnology=11
04-13 22:34:43.088  3447  3447 D GsmSST  : [GsmSST] LOGRadioInfo : In Service
04-13 22:34:43.088  3447  3447 D GsmSST  : [GsmSST] handlPollStateResultMessage: GsmSST setDataRegState=0 regState=1 dataRadioTechnology=11
04-13 22:34:43.088   370 10296 I RILC    : RIL_SOCKET_1 UNSOLICITED: UNSOL_RESPONSE_VOICE_NETWORK_STATE_CHANGED length:8
04-13 22:34:43.088   370 10296 E RILC    : Send Response to RIL_SOCKET_1
04-13 22:34:43.088   370 10296 E RILC    : RIL Response bytes written:4
04-13 22:34:43.088   370 10296 E RILC    : RIL Response bytes written:8
04-13 22:34:43.089  3447  3768 D RILJ    : [UNSL]< UNSOL_RESPONSE_VOICE_NETWORK_STATE_CHANGED [SUB0]
04-13 22:34:43.091  3447  3447 D GsmSST  : [GsmSST] Poll ServiceState done:  oldSS=[0 0 voice home data home Orange Orange 26003 Orange Orange 26003  UMTS HSPAP CSS not supported -1 -1 RoamInd=-1 DefRoamInd=-1 EmergOnly=false IsDataRoamingFromRegistration=false mIsVoiceSearching=false mIsDataSearching=false mVoiceNetworkName=null mDataNetworkName=null Check64QAM0 Dual carrier0] newSS=[0 0 voice home data home Orange Orange 26003 Orange Orange 26003  UMTS HSPA CSS not supported -1 -1 RoamInd=-1 DefRoamInd=-1 EmergOnly=false IsDataRoamingFromRegistration=false mIsVoiceSearching=false mIsDataSearching=false mVoiceNetworkName=null mDataNetworkName=null Check64QAM0 Dual carrier0] oldMaxDataCalls=20 mNewMaxDataCalls=20 oldReasonDataDenied=-1 mNewReasonDataDenied=-1
04-13 22:34:43.091  3447  3447 D PHONE   : [ServiceState] setNullState=1
04-13 22:34:43.091  3447  3447 D TelephonyManager: setTelephonyProperty: success phoneId=0 property=gsm.network.type value: UMTS propVal=UMTS
04-13 22:34:43.093  3447  3447 D SIMRecords: [SIMRecords] getServiceProviderName: no brandOverride
04-13 22:34:43.093  3447  3447 D SIMRecords: [SIMRecords] getServiceProviderName: providerName=Orange
04-13 22:34:43.093  3447  3447 D SIMRecords: [SIMRecords] getServiceProviderName: no brandOverride
04-13 22:34:43.093  3447  3447 D SIMRecords: [SIMRecords] getServiceProviderName: providerName=Orange
04-13 22:34:43.093  3447  3447 D GSMPhoneEx: grandblue SpnMvno = Orange operator = 26003 simMcc  = 260 simMnc  = 03
04-13 22:34:43.093  3447  3447 D GSMPhoneEx: grandblue after SpnMvno = Orange operator = 26003 simMcc  = 260 simMnc  = 03
04-13 22:34:43.094  3447  3447 D TelephonyManager: setTelephonyProperty: success phoneId=0 property=gsm.operator.alpha value: Orange propVal=Orange
04-13 22:34:43.094  3447  3447 D TelephonyManager: setTelephonyProperty: success phoneId=0 property=gsm.operator.numeric value: 26003 propVal=26003
04-13 22:34:43.095  3447  3447 D TelephonyManager: setTelephonyProperty: success phoneId=0 property=gsm.operator.iso-country value: pl propVal=pl
04-13 22:34:43.099  3447  3447 D GsmSST  : [GsmSST] shouldFixTimeZoneNow: retVal=false iccCardExist=true operatorNumeric=26003 mcc=260 prevOperatorNumeric=26003 prevMcc=260 needToFixTimeZone=false ltod=04-13 22:34:43.099
04-13 22:34:43.099  3447  3447 D TelephonyManager: setTelephonyProperty: success phoneId=0 property=gsm.operator.isroaming value: false propVal=false
04-13 22:34:43.100  3447  3447 D TelephonyManager: setTelephonyProperty: success phoneId=0 property=ril.cdma.voiceinservice value: true propVal=true
04-13 22:34:43.102  3447  3447 D GsmSST  : [GsmSST] Broadcasting ServiceState : 0 0 voice home data home Orange Orange 26003 Orange Orange 26003  UMTS HSPA CSS not supported -1 -1 RoamInd=-1 DefRoamInd=-1 EmergOnly=false IsDataRoamingFromRegistration=false mIsVoiceSearching=false mIsDataSearching=false mVoiceNetworkName=null mDataNetworkName=null Check64QAM0 Dual carrier0
04-13 22:34:43.102  3447  3447 D DefaultPhoneNotifier: nofityServiceState: mRegistry=com.android.internal.telephony.ITelephonyRegistry$Stub$Proxy@ced2ad0 ss=0 0 voice home data home Orange Orange 26003 Orange Orange 26003  UMTS HSPA CSS not supported -1 -1 RoamInd=-1 DefRoamInd=-1 EmergOnly=false IsDataRoamingFromRegistration=false mIsVoiceSearching=false mIsDataSearching=false mVoiceNetworkName=null mDataNetworkName=null Check64QAM0 Dual carrier0 sender=Handler (com.qti.internal.telephony.gsm.QtiGSMPhone) {560d91e} phondId=0 subId=2
04-13 22:34:43.112  1891  3491 D SubscriptionManager: getSimStateForSubscriber: simState=5 slotIdx=0
04-13 22:34:43.115  3447  3447 D GsmSST  : [GsmSST] notifyDataRegStateRilRadioTechnologyChanged: drs=0 rat=11
04-13 22:34:43.115  3447  3447 D TelephonyManager: setTelephonyProperty: success phoneId=0 property=gsm.network.type value: HSPA propVal=HSPA
04-13 22:34:43.116  3447  3447 D QtiGsmDCT: [0]get all active apn types
04-13 22:34:43.116  3447  3834 D DC-1    : DcActiveState not handled msg.what=EVENT_DATA_CONNECTION_DRS_OR_RAT_CHANGED
04-13 22:34:43.116  3447  3834 D DC-1    : DcDefault msg=EVENT_DATA_CONNECTION_DRS_OR_RAT_CHANGED RefCount=1
04-13 22:34:43.116  3447  3834 D DC-1    : DcDefaultState: EVENT_DATA_CONNECTION_DRS_OR_RAT_CHANGED drs=0 mRilRat=11
04-13 22:34:43.116  3447  3834 D QtiGsmDCT: [0]fetchDunApn: Ignore the dun apn in settings.db
04-13 22:34:43.117  3447  3447 D QtiGsmDCT: [0]return link properites for default
04-13 22:34:43.123  3447  5133 D QtiGsmDCT: [0]getDataEnabled: getIntWithSubId retVal=true
04-13 22:34:43.147  3447  3834 D QtiGsmDCT: [0]fetchDunApn: config_tether_apndata dunSetting=null
04-13 22:34:43.147  3447  3834 D DC-1    : isInternetRequested = true
04-13 22:34:43.150  3447  3834 D DC-1    : DcActiveState not handled msg.what=REQ_GET_LINK_PROPERTIES
04-13 22:34:43.150  3447  3834 D DC-1    : DcDefault msg=REQ_GET_LINK_PROPERTIES RefCount=1
04-13 22:34:43.151  3447  3834 D DC-1    : REQ_GET_LINK_PROPERTIES linkProperties{InterfaceName: rmnet_data0 LinkAddresses: [2a00:f41:30c5:feb9:e6db:f93:92c6:4a88/64,]  Routes: [::/0 -> fe80::167:77c:95a5:9420 rmnet_data0,] DnsAddresses: [2a01:1700:3:ffff::9822,2a01:1700:2:ffff::9f01,] Domains: null MTU: 1500 TcpBufferSizes: 40778,244668,3461120,16777,140625,3461120}
04-13 22:34:43.151  3447  3447 D QtiGsmDCT: [0]get active pdp is not null, return NetworkCapabilities for default
04-13 22:34:43.151  3447  3834 D DC-1    : DcActiveState not handled msg.what=REQ_GET_NETWORK_CAPABILITIES
04-13 22:34:43.151  3447  3834 D DC-1    : DcDefault msg=REQ_GET_NETWORK_CAPABILITIES RefCount=1
04-13 22:34:43.151  3447  3834 D QtiGsmDCT: [0]fetchDunApn: Ignore the dun apn in settings.db
04-13 22:34:43.176  3447  3834 D QtiGsmDCT: [0]fetchDunApn: config_tether_apndata dunSetting=null
04-13 22:34:43.176  3447  3834 D DC-1    : isInternetRequested = true
04-13 22:34:43.176  3447  3834 D DC-1    : REQ_GET_NETWORK_CAPABILITIES networkCapabilities[ Transports: CELLULAR Capabilities: SUPL&DUN&INTERNET&NOT_RESTRICTED&TRUSTED&NOT_VPN LinkUpBandwidth>=5898Kbps LinkDnBandwidth>=14336Kbps Specifier: <2>]
04-13 22:34:43.177  3447  3447 D QtiGsmDCT: [0]isDataPossible(default): possible=true isDataAllowed=true apnTypePossible=true apnContextisEnabled=true apnContextState()=CONNECTED
04-13 22:34:43.177  3447  3447 D QtiGsmDCT: [0]get active apn string for type:default
04-13 22:34:43.178  3447  3447 D DCT     : [ApnContext:default] getApnSetting: apnSetting=[ApnSettingV3] Orange Internet, 695, 26003, internetipv6, , , , , , 1, default | dun | hipri | supl, IPV6, IP, true, 0, 0, 1, false, 0, 0, 0, 0, , , 0, , 
04-13 22:34:43.179  1891  3552 D TelephonyRegistry: Notify data connection state changed on sub: 2
04-13 22:34:43.180  1891  3552 D TelephonyRegistry: Notify data connection state changed on sub: 2
04-13 22:34:43.180  1891  3552 D TelephonyRegistry: Notify data connection state changed on sub: 2
04-13 22:34:43.180  1891  3552 D TelephonyRegistry: Notify data connection state changed on sub: 2
04-13 22:34:43.180  1891  3552 D TelephonyRegistry: Notify data connection state changed on sub: 2
04-13 22:34:43.180  1891  3552 D TelephonyRegistry: broadcastPreciseDataConnectionStateChanged():state=2, apnType=default, smCause=(0), reason=null
04-13 22:34:43.183  3447  3447 D RILJ    : [9631]> OPERATOR [SUB0]
04-13 22:34:43.184  3447  3447 D RILJ    : [9632]> DATA_REGISTRATION_STATE [SUB0]
04-13 22:34:43.184   370   667 D RILC    : SOCKET RIL_SOCKET_1 REQUEST: OPERATOR length:8
04-13 22:34:43.185  3447  3447 D RILJ    : [9633]> VOICE_REGISTRATION_STATE [SUB0]
04-13 22:34:43.185   370   667 D RILC    : SOCKET RIL_SOCKET_1 REQUEST: DATA_REGISTRATION_STATE length:8
04-13 22:34:43.186  3447  3447 D RILJ    : [9634]> QUERY_NETWORK_SELECTION_MODE [SUB0]
04-13 22:34:43.187   370   667 D RILC    : SOCKET RIL_SOCKET_1 REQUEST: VOICE_REGISTRATION_STATE length:8
04-13 22:34:43.187  3447  3447 D QtiGsmDCT: [0]QtiDcTracker handleMessage msg={ when=-72ms what=270377 obj=android.os.AsyncResult@1d50b65 target=com.qti.internal.telephony.dataconnection.QtiDcTracker }
04-13 22:34:43.188  3447  3447 D QtiGsmDCT: [0]handleMessage msg={ when=-72ms what=270377 obj=android.os.AsyncResult@1d50b65 target=com.qti.internal.telephony.dataconnection.QtiDcTracker }
04-13 22:34:43.188  3447  3447 D QtiGsmDCT: [0]onUpdateIcc: newIccRecords com.android.internal.telephony.uicc.SIMRecords
04-13 22:34:43.189   370   667 D RILC    : SOCKET RIL_SOCKET_1 REQUEST: QUERY_NETWORK_SELECTION_MODE length:8
04-13 22:34:43.189  3447  3447 V LG-FASTDORMANCY: [DCH/FACH] FDCount : 0 intent received :android.intent.action.SERVICE_STATE
04-13 22:34:43.189  3447  3447 E PHONE   : ServiceState.getRadioTechnology() DEPRECATED will be removed *******
04-13 22:34:43.189  3447  3447 I LG-FASTDORMANCY: [DCH/FACH] FDCount : 0 Service State is changed : 0 0 voice home data home Orange Orange 26003 Orange Orange 26003  UMTS HSPA CSS not supported -1 -1 RoamInd=-1 DefRoamInd=-1 EmergOnly=false IsDataRoamingFromRegistration=false mIsVoiceSearching=false mIsDataSearching=false mVoiceNetworkName=null mDataNetworkName=null Check64QAM0 Dual carrier0
04-13 22:34:43.189  3447  3447 I LG-FASTDORMANCY: [DCH/FACH] FDCount : 0 radioTech changed!! currenRT = 11 isChange?? true
04-13 22:34:43.191   370 10301 D RILC    : RequestComplete, RIL_SOCKET_1
04-13 22:34:43.191   370 10301 E RILC    : Send Response to RIL_SOCKET_1
04-13 22:34:43.192   370 10301 E RILC    : RIL Response bytes written:4
04-13 22:34:43.192  3447  3768 D RILJ    : [9632]< DATA_REGISTRATION_STATE {1, dff2, 02be380c, 11, null, 20, null, null, null, null, null, 0} [SUB0]
04-13 22:34:43.192   370 10301 E RILC    : RIL Response bytes written:120
04-13 22:34:43.193  3447  3835 I LG-FASTDORMANCY: [DCH/FACH] FDCount : 0 Radio Tech changed.
04-13 22:34:43.196  3447  3835 D LG-FASTDORMANCY: [DCH/FACH] FDCount : 0 isUMTS(): RadioTech(10)
04-13 22:34:43.197  3447  5126 D GsmSST  : [GsmSST] getCellLocation(): X good mCellLoc=[57330,46020620,294]
04-13 22:34:43.200  3447  3447 D QtiGsmDCT: [0]getDataOnRoamingEnabled: phoneSubId=2 isDataRoamingEnabled=false
04-13 22:34:43.200  3447  3447 D QtiGsmDCT: [0]getDataEnabled: getIntWithSubId retVal=true
04-13 22:34:43.200   370 10300 D RILC    : RequestComplete, RIL_SOCKET_1
04-13 22:34:43.201   370 10300 E RILC    : Send Response to RIL_SOCKET_1
04-13 22:34:43.201   370 10300 E RILC    : RIL Response bytes written:4
04-13 22:34:43.201   370 10300 E RILC    : RIL Response bytes written:72
04-13 22:34:43.202  3447  3768 D RILJ    : [9631]< OPERATOR {Orange, Orange, 26003} [SUB0]
04-13 22:34:43.202   370 10302 D RILC    : RequestComplete, RIL_SOCKET_1
04-13 22:34:43.202   370 10302 E RILC    : Send Response to RIL_SOCKET_1
04-13 22:34:43.202   370 10302 E RILC    : RIL Response bytes written:4
04-13 22:34:43.202  3447  3768 D RILJ    : [9633]< VOICE_REGISTRATION_STATE {1, dff2, 02be380c, 3, null, null, null, 0, null, null, 1, null, null, 0, 126} [SUB0]
04-13 22:34:43.202   370 10302 E RILC    : RIL Response bytes written:136
04-13 22:34:43.204   370 10303 D RILC    : RequestComplete, RIL_SOCKET_1
04-13 22:34:43.204   370 10303 E RILC    : Send Response to RIL_SOCKET_1
04-13 22:34:43.204   370 10303 E RILC    : RIL Response bytes written:4
04-13 22:34:43.204  3447  3768 D RILJ    : [9634]< QUERY_NETWORK_SELECTION_MODE {0} [SUB0]
04-13 22:34:43.204   370 10303 E RILC    : RIL Response bytes written:20
04-13 22:34:43.206  3447  5126 D QtiGsmDCT: [0]getDataEnabled: getIntWithSubId retVal=true
04-13 22:34:43.206  3447  3447 D QtiGsmDCT: [0]updateDataActivity: curTxRxSum={txSum=159308 rxSum=191731} preTxRxSum={txSum=159308 rxSum=191731}
04-13 22:34:43.206  3447  3447 D QtiGsmDCT: [0]updateDataActivity: sent=0 received=0
04-13 22:34:43.206  3447  3447 D QtiGsmDCT: [0]updateDataActivity: newActivity=NONE
04-13 22:34:43.210  3447  3447 D GsmSST  : isSFROperators result = false
04-13 22:34:43.210  3447  3447 D PHONE   : [ServiceState] setDataRegState=0
04-13 22:34:43.210  3447  3447 D PHONE   : [ServiceState] setDataRadioTechnology=11
04-13 22:34:43.210  3447  3447 D GsmSST  : [GsmSST] LOGRadioInfo : In Service
04-13 22:34:43.210  3447  3447 D GsmSST  : [GsmSST] handlPollStateResultMessage: GsmSST setDataRegState=0 regState=1 dataRadioTechnology=11
04-13 22:34:43.210  3447  3447 D PHONE   : [ServiceState] setVoiceRegState=0
04-13 22:34:43.210  3447  3447 E PHONE   : [ServiceState] setState deprecated use setVoiceRegState()
04-13 22:34:43.210  3447  3447 D GsmSST  : [GsmSST] LOGRadioInfo : In Service
04-13 22:34:43.212  3447  3447 D GsmSST  : [GsmSST] Poll ServiceState done:  oldSS=[0 0 voice home data home Orange Orange 26003 Orange Orange 26003  UMTS HSPA CSS not supported -1 -1 RoamInd=-1 DefRoamInd=-1 EmergOnly=false IsDataRoamingFromRegistration=false mIsVoiceSearching=false mIsDataSearching=false mVoiceNetworkName=null mDataNetworkName=null Check64QAM0 Dual carrier0] newSS=[0 0 voice home data home Orange Orange 26003 Orange Orange 26003  UMTS HSPA CSS not supported -1 -1 RoamInd=-1 DefRoamInd=-1 EmergOnly=false IsDataRoamingFromRegistration=false mIsVoiceSearching=false mIsDataSearching=false mVoiceNetworkName=null mDataNetworkName=null Check64QAM0 Dual carrier0] oldMaxDataCalls=20 mNewMaxDataCalls=20 oldReasonDataDenied=-1 mNewReasonDataDenied=-1
04-13 22:34:43.212  3447  3447 D PHONE   : [ServiceState] setNullState=1
04-13 22:34:43.214  3447  5126 D QtiGsmDCT: [0]getDataEnabled: getIntWithSubId retVal=true
04-13 22:34:43.221  3447  3447 D RILJ    : [9635]> REQUEST_GET_NEIGHBORING_CELL_IDS [SUB0]
04-13 22:34:43.224   370   667 D RILC    : SOCKET RIL_SOCKET_1 REQUEST: GET_NEIGHBORING_CELL_IDS length:8
04-13 22:34:43.224   370   667 I RILQ    : (0/370):RIL[0][main] qcril_qmi_nas_get_neighboring_cell_ids: completed with 0
04-13 22:34:43.226   370   740 I RILQ    : (0/370):RIL[0][qmi_cb] qcril_qmi_nas_get_neighboring_cells_cb: .. qmi error 0, resultqmi  0, qmi transp_err 0, ril res 0
04-13 22:34:43.227   370   740 D RILC    : RequestComplete, RIL_SOCKET_1
04-13 22:34:43.228   370   740 E RILC    : Send Response to RIL_SOCKET_1
04-13 22:34:43.228   370   740 E RILC    : RIL Response bytes written:4
04-13 22:34:43.228   370   740 E RILC    : RIL Response bytes written:128
04-13 22:34:43.228   370   740 I RILQ    : (0/370):RIL[0][qmi_cb] qcril_qmi_nas_get_neighboring_cells_cb: completed with 0 with 4 entries
04-13 22:34:43.231  3447  3768 D RILJ    : [9635]< REQUEST_GET_NEIGHBORING_CELL_IDS {[[3e@-90]] [[14@-90]] [[17e@-97]] [[121@-100]] } [SUB0]
04-13 22:34:43.238  3447  4251 D RILJ    : [9636]> RIL_REQUEST_GET_CELL_INFO_LIST [SUB0]
04-13 22:34:43.240   370   667 D RILC    : SOCKET RIL_SOCKET_1 REQUEST: GET_CELL_INFO_LIST length:8
04-13 22:34:43.244   370 10308 D RILC    : RequestComplete, RIL_SOCKET_1
04-13 22:34:43.244   370 10308 E RILC    : Send Response to RIL_SOCKET_1
04-13 22:34:43.244   370 10308 E RILC    : RIL Response bytes written:4
04-13 22:34:43.244   370 10308 E RILC    : RIL Response bytes written:256
04-13 22:34:43.245  3447  3768 D RILJ    : [9636]< RIL_REQUEST_GET_CELL_INFO_LIST [CellInfoWcdma:{mRegistered=YES mTimeStampType=oem_ril mTimeStamp=34134211657624ns CellIdentityWcdma:{ mMcc=260 mMnc=3 mLac=57330 mCid=46020620 mPsc=472} CellSignalStrengthWcdma: ss=14 ber=99}, CellInfoWcdma:{mRegistered=NO mTimeStampType=oem_ril mTimeStamp=34134211657624ns CellIdentityWcdma:{ mMcc=2147483647 mMnc=2147483647 mLac=2147483647 mCid=2147483647 mPsc=62} CellSignalStrengthWcdma: ss=12 ber=99}, CellInfoWcdma:{mRegistered=NO mTimeStampType=oem_ril mTimeStamp=34134211657624ns CellIdentityWcdma:{ mMcc=2147483647 mMnc=2147483647 mLac=2147483647 mCid=2147483647 mPsc=20} CellSignalStrengthWcdma: ss=12 ber=99}, CellInfoWcdma:{mRegistered=NO mTimeStampType=oem_ril mTimeStamp=34134211657624ns CellIdentityWcdma:{ mMcc=2147483647 mMnc=2147483647 mLac=2147483647 mCid=2147483647 mPsc=382} CellSignalStrengthWcdma: ss=8 ber=99}, CellInfoWcdma:{mRegistered=NO mTimeStampType=oem_ril mTimeStamp=34134211657624ns CellIdentityWcdma:{ mMcc=2147483647 mMnc=2147483647 mLac=2147483647 mCid=2147483647 mPsc=289} CellSignalStrengthWcdma: ss=7 ber=99}] [SUB0]
04-13 22:34:43.245  3447  4251 D GsmSST  : [GsmSST] SST.getAllCellInfo(): X size=5 list=[CellInfoWcdma:{mRegistered=YES mTimeStampType=oem_ril mTimeStamp=34134211657624ns CellIdentityWcdma:{ mMcc=260 mMnc=3 mLac=57330 mCid=46020620 mPsc=472} CellSignalStrengthWcdma: ss=14 ber=99}, CellInfoWcdma:{mRegistered=NO mTimeStampType=oem_ril mTimeStamp=34134211657624ns CellIdentityWcdma:{ mMcc=2147483647 mMnc=2147483647 mLac=2147483647 mCid=2147483647 mPsc=62} CellSignalStrengthWcdma: ss=12 ber=99}, CellInfoWcdma:{mRegistered=NO mTimeStampType=oem_ril mTimeStamp=34134211657624ns CellIdentityWcdma:{ mMcc=2147483647 mMnc=2147483647 mLac=2147483647 mCid=2147483647 mPsc=20} CellSignalStrengthWcdma: ss=12 ber=99}, CellInfoWcdma:{mRegistered=NO mTimeStampType=oem_ril mTimeStamp=34134211657624ns CellIdentityWcdma:{ mMcc=2147483647 mMnc=2147483647 mLac=2147483647 mCid=2147483647 mPsc=382} CellSignalStrengthWcdma: ss=8 ber=99}, CellInfoWcdma:{mRegistered=NO mTimeStampType=oem_ril mTimeStamp=34134211657624ns CellIdentityWcdma:{ mMcc=2147483647 mMnc=2147483647 mLac=2147483647 mCid=2147483647 mPsc=289} CellSignalStrengthWcdma: ss=7 ber=99}]
04-13 22:34:43.249  3447  5044 D GsmSST  : [GsmSST] getCellLocation(): X good mCellLoc=[57330,46020620,294]
04-13 22:34:43.806  3447  3447 V LG-FASTDORMANCY: [DCH/FACH] FDCount : 0 intent received :com.android.internal.telephony.ACTION_CHECK_NETSTAT
04-13 22:34:43.811  3447  3835 V LG-FASTDORMANCY: [DCH/FACH] FDCount : 0 prev: TxPkts(159308), RxPkts(191731)
04-13 22:34:43.811  3447  3835 V LG-FASTDORMANCY: [DCH/FACH] FDCount : 0 curr: TxPkts(159308), RxPkts(191731)
04-13 22:34:43.812  3447  3835 I LG-FASTDORMANCY: [DCH/FACH] FDCount : 1 Scheduling checkNetStat for 1000msec, current state is [DCH/FACH] FDCount : 1 
04-13 22:34:44.213  3447  3447 D QtiGsmDCT: [0]updateDataActivity: curTxRxSum={txSum=159308 rxSum=191731} preTxRxSum={txSum=159308 rxSum=191731}
04-13 22:34:44.213  3447  3447 D QtiGsmDCT: [0]updateDataActivity: sent=0 received=0
04-13 22:34:44.816  3447  3447 V LG-FASTDORMANCY: [DCH/FACH] FDCount : 1 intent received :com.android.internal.telephony.ACTION_CHECK_NETSTAT
04-13 22:34:44.822  3447  3835 V LG-FASTDORMANCY: [DCH/FACH] FDCount : 1 prev: TxPkts(159308), RxPkts(191731)
04-13 22:34:44.822  3447  3835 V LG-FASTDORMANCY: [DCH/FACH] FDCount : 1 curr: TxPkts(159309), RxPkts(191731)
04-13 22:34:44.824  3447  3835 I LG-FASTDORMANCY: [DCH/FACH] FDCount : 0 Scheduling checkNetStat for 1000msec, current state is [DCH/FACH] FDCount : 0 
04-13 22:34:45.110   370   678 I RILC    : RIL_SOCKET_1 UNSOLICITED: RIL_UNSOL_LTE_REJECT_CAUSE length:16
04-13 22:34:45.110   370   678 E RILC    : Send Response to RIL_SOCKET_1
04-13 22:34:45.110   370   678 E RILC    : RIL Response bytes written:4
04-13 22:34:45.110   370   678 E RILC    : RIL Response bytes written:16
04-13 22:34:45.110  3447  3768 D RILJ    : [UNSL]< RIL_UNSOL_LTE_REJECT_CAUSE {15} [SUB0]
04-13 22:34:45.111   370   678 I RILC    : RIL_SOCKET_1 UNSOLICITED: UNSOL_OEM_HOOK_RAW length:32
04-13 22:34:45.111   370   678 E RILC    : Send Response to RIL_SOCKET_1
04-13 22:34:45.112   370   678 E RILC    : RIL Response bytes written:4
04-13 22:34:45.112  3447  3768 V RILJ    : [UNSL]< UNSOL_OEM_HOOK_RAW 514f454d484f4f4bef0308000100000002 [SUB0]
04-13 22:34:45.112  3447  3768 D RILJ    : Oem ID in RIL_UNSOL_OEM_HOOK_RAW is QOEMHOOK
04-13 22:34:45.112  3447  3768 D RILJ    : OEM ID check Passed
04-13 22:34:45.112  3447  3768 D RILJ    : Response ID in RIL_UNSOL_OEM_HOOK_RAW is 525295
04-13 22:34:45.112  3447  3768 D RILJ    : Response ID 525295 is not served in this process.
04-13 22:34:45.112   370   678 E RILC    : RIL Response bytes written:32
04-13 22:34:45.115   370   678 I RILC    : RIL_SOCKET_1 UNSOLICITED: UNSOL_RESPONSE_VOICE_NETWORK_STATE_CHANGED length:8
04-13 22:34:45.115   370   678 E RILC    : Send Response to RIL_SOCKET_1
04-13 22:34:45.115   370   678 E RILC    : RIL Response bytes written:4
04-13 22:34:45.116  3447  3768 D RILJ    : [UNSL]< UNSOL_RESPONSE_VOICE_NETWORK_STATE_CHANGED [SUB0]
