04-13 22:26:04.849 V/NotificationVibrator( 1891): vibrate() uid = 1000, opPkg = android, repeat = -1, attributes.mUsage = 5
04-13 22:26:04.849 I/VolumeVibratorManager( 1891): getVibrateVolume vibrateType 1
04-13 22:26:04.850 I/VolumeVibratorManager( 1891): vibratePattern() packageName android volumeIndex 5
04-13 22:26:04.851 I/LGNativeVibrator( 1891): vibrator_off
04-13 22:26:04.858 I/LGNativeVibrator( 1891): vibrator_on ... timeout_ms = 810
04-13 22:26:04.878 D/PhoneWindowEx( 1891): [PWEx][generateLayout] setLGNavigationBarColor : colors=0xff000000
04-13 22:26:04.878 I/PhoneWindow( 1891): [setLGNavigationBarColor] color=0x ff000000
04-13 22:26:04.951 W/System  ( 8994): ClassLoader referenced unknown path: /system/priv-app/LGSettings/lib/arm
04-13 22:26:04.958 I/PhoneWindowManagerEx( 1891): [PWM] sIsDimming=true, isDimChanging = true
04-13 22:26:04.958 I/PhoneWindowManagerEx( 1891): [PWM][updateSystemUiVisibilityLw] tmpColorNavigationBar=0x0
04-13 22:26:04.958 I/PhoneWindowManagerEx( 1891): [PWM][updateSystemUiVisibilityLw] mLastColorNavigationBar=0xff000000
04-13 22:26:04.958 D/PhoneWindowManagerEx( 1891): [PWM]2.notifyNavigationBarColor => Color.TRANSPARENT 
04-13 22:26:04.959 I/SystemUI[Framework]( 1891): PhoneWindowManager.updateSystemUiVisibilityLw() :visibility=0x8000, pkg=android
04-13 22:26:04.959 D/InputDispatcher( 1891): Focus left window: Window{468134b u0 pl.tablica/pl.olx.activities.OlxMainActivity}
04-13 22:26:04.959 D/InputDispatcher( 1891): Focus entered window: Window{c934034 u0 android}
04-13 22:26:04.960 D/PhoneWindow( 1891): notifyNavigationBarColor, color=0x: ff000000, token: android.view.ViewRootImplAO$WEx@c13b707
04-13 22:26:04.961 D/WindowManager( 1891): notifyNavigationBarColor(), token: android.view.ViewRootImplAO$WEx@c13b707, color: ff000000
04-13 22:26:04.961 I/SystemUI[Framework]( 1891): ==>disabledNaviBtn() what=0x0, token=android.os.Binder@a51467a,  pkg=Window{c934034 u0 android}
04-13 22:26:04.961 I/SystemUI[Framework]( 1891): disableNaviBtn: mDisabledNaviBtn=0x0,  mDisableRecords.size=0
04-13 22:26:04.984 E/ExtMediaPlayer-JNI( 1891): QCMediaPlayer could not be located....
04-13 22:26:04.984 D/MediaPlayer-JNI( 1891): JNIMediaPlayerFactory: bIsQCMediaPlayerPresent 0
04-13 22:26:04.984 E/ExtMediaPlayer-JNI( 1891): QCMediaPlayer could not be located....
04-13 22:26:04.984 D/MediaPlayer-JNI( 1891): JNIMediaPlayerFactory: bIsQCMediaPlayerPresent 0
04-13 22:26:04.984 V/MediaPlayer[Native]( 1891): constructor
04-13 22:26:04.986 V/MediaPlayer[Native]( 1891): setListener
04-13 22:26:04.987 V/MediaPlayer[Native]( 1891): setDataSource(246, 0, 576460752303423487)
04-13 22:26:04.994 I/PhoneWindowManagerEx( 1891): [PWM] sIsDimming=true, isDimChanging = false
04-13 22:26:04.994 I/PhoneWindowManagerEx( 1891): [PWM][updateSystemUiVisibilityLw] tmpColorNavigationBar=0xff000000
04-13 22:26:04.994 I/PhoneWindowManagerEx( 1891): [PWM][updateSystemUiVisibilityLw] mLastColorNavigationBar=0xff000000
04-13 22:26:04.998 V/MediaPlayer[Native]( 1891): MediaPlayer::setAudioStreamType
04-13 22:26:04.998 V/MediaPlayer[Native]( 1891): setVideoSurfaceTexture
04-13 22:26:04.999 V/MediaPlayer[Native]( 1891): prepare
04-13 22:26:05.011 I/PhoneWindowManagerEx( 1891): [PWM] sIsDimming=true, isDimChanging = false
04-13 22:26:05.011 I/PhoneWindowManagerEx( 1891): [PWM][updateSystemUiVisibilityLw] tmpColorNavigationBar=0xff000000
04-13 22:26:05.011 I/PhoneWindowManagerEx( 1891): [PWM][updateSystemUiVisibilityLw] mLastColorNavigationBar=0xff000000
04-13 22:26:05.015 I/Adreno-EGL( 1891): <qeglDrvAPI_eglInitialize:379>: EGL 1.4 QUALCOMM build: Nondeterministic_AU_msm8916_32_LA.BR.1.2.6_RB1__release_AU (I5d4b06969f)
04-13 22:26:05.015 I/Adreno-EGL( 1891): OpenGL ES Shader Compiler Version: XE031.06.00.02
04-13 22:26:05.015 I/Adreno-EGL( 1891): Build Date: 11/12/15 Thu
04-13 22:26:05.015 I/Adreno-EGL( 1891): Local Branch: 
04-13 22:26:05.015 I/Adreno-EGL( 1891): Remote Branch: quic/LA.BR.1.2.6_rb1.3
04-13 22:26:05.015 I/Adreno-EGL( 1891): Local Patches: NONE
04-13 22:26:05.015 I/Adreno-EGL( 1891): Reconstruct Branch: NOTHING
04-13 22:26:05.015 I/OpenGLRenderer( 1891): Initialized EGL, version 1.4
04-13 22:26:05.019 V/MediaPlayer[Native]( 1891): message received msg=200, ext1=1, ext2=9120
04-13 22:26:05.019 W/MediaPlayer[Native]( 1891): info/warning (1, 9120)
04-13 22:26:05.019 V/MediaPlayer[Native]( 1891): callback application
04-13 22:26:05.019 V/MediaPlayer[Native]( 1891): back from callback
04-13 22:26:05.019 V/MediaPlayer[Native]( 1891): message received msg=1, ext1=0, ext2=0
04-13 22:26:05.019 V/MediaPlayer[Native]( 1891): prepared
04-13 22:26:05.019 V/MediaPlayer[Native]( 1891): signal application thread
04-13 22:26:05.019 V/MediaPlayer[Native]( 1891): callback application
04-13 22:26:05.019 V/MediaPlayer[Native]( 1891): back from callback
04-13 22:26:05.019 D/MediaPlayer( 1891): setSubtitleAnchor in MediaPlayer
04-13 22:26:05.020 V/MediaPlayer[Native]( 1891): prepare complete - status=0
04-13 22:26:05.020 D/MediaPlayer( 1891): setSubtitleAnchor in MediaPlayer
04-13 22:26:05.022 W/art     ( 8994): Suspending all threads took: 21.214ms
04-13 22:26:05.031 V/MediaPlayer[Native]( 1891): invoke 68
04-13 22:26:05.034 V/MediaPlayer[Native]( 1891): invoke 68
04-13 22:26:05.035 V/MediaPlayer[Native]( 1891): start
04-13 22:26:05.044 V/MediaPlayer[Native]( 1891): isPlaying: 1
04-13 22:26:05.051 I/PhoneWindowManagerEx( 1891): [PWM] sIsDimming=true, isDimChanging = false
04-13 22:26:05.051 I/PhoneWindowManagerEx( 1891): [PWM][updateSystemUiVisibilityLw] tmpColorNavigationBar=0xff000000
04-13 22:26:05.051 I/PhoneWindowManagerEx( 1891): [PWM][updateSystemUiVisibilityLw] mLastColorNavigationBar=0xff000000
04-13 22:26:05.059 I/PhoneWindowManagerEx( 1891): [PWM] sIsDimming=true, isDimChanging = false
04-13 22:26:05.059 I/PhoneWindowManagerEx( 1891): [PWM][updateSystemUiVisibilityLw] tmpColorNavigationBar=0xff000000
04-13 22:26:05.059 I/PhoneWindowManagerEx( 1891): [PWM][updateSystemUiVisibilityLw] mLastColorNavigationBar=0xff000000
04-13 22:26:05.066 V/ViewRootImpl( 1891): Contents drawing finished : 
04-13 22:26:05.087 V/MediaPlayer[Native]( 1891): message received msg=6, ext1=0, ext2=0
04-13 22:26:05.087 V/MediaPlayer[Native]( 1891): unrecognized message: (6, 0, 0)
04-13 22:26:05.087 V/MediaPlayer[Native]( 1891): callback application
04-13 22:26:05.087 V/MediaPlayer[Native]( 1891): back from callback
04-13 22:26:05.090 V/MediaPlayer[Native]( 1891): isPlaying: 1
04-13 22:26:05.180 W/System  ( 8994): ClassLoader referenced unknown path: /system/priv-app/LGBluetoothSetting/lib/arm
04-13 22:26:05.256 I/IndexDatabaseHelper( 8994): Using schema version: 116
04-13 22:26:05.264 I/IndexDatabaseHelper( 8994): Index is fine
04-13 22:26:05.310 I/PhoneWindowManagerEx( 1891): [PWM] sIsDimming=true, isDimChanging = false
04-13 22:26:05.310 I/PhoneWindowManagerEx( 1891): [PWM][updateSystemUiVisibilityLw] tmpColorNavigationBar=0xff000000
04-13 22:26:05.310 I/PhoneWindowManagerEx( 1891): [PWM][updateSystemUiVisibilityLw] mLastColorNavigationBar=0xff000000
04-13 22:26:05.332 D/UsbSettingsReceiver( 8994): [AUTORUN] onReceive() : action = android.hardware.usb.action.USB_STATE
04-13 22:26:05.333 D/UsbSettingsReceiver( 8994): [AUTORUN] sys.usb.config = mtp,adb
04-13 22:26:05.333 D/UsbSettingsReceiver( 8994): [AUTORUN] sys.usb.state = mtp,adb
04-13 22:26:05.333 D/UsbSettingsReceiver( 8994): [AUTORUN] persist.sys.usb.config = mtp,adb
04-13 22:26:05.334 D/UsbSettingsReceiver( 8994): [AUTORUN] onReceive() : app userid = 0, current userid = 0
04-13 22:26:05.401 D/UsbSettingsReceiver( 8994): [AUTORUN] onReceive() : getDefaultFunction = mtp
04-13 22:26:05.402 D/UsbSettingsReceiver( 8994): [AUTORUN] onReceive() : USB_FUNCTION_CDROM_STORAGE = false
04-13 22:26:05.402 D/UsbSettingsReceiver( 8994): [AUTORUN] onReceive() : mDirectAutorun = true
04-13 22:26:05.402 D/UsbSettingsReceiver( 8994): [AUTORUN] onReceive() : mActivityUsbModeChange = false
04-13 22:26:05.402 D/UsbSettingsReceiver( 8994): [AUTORUN] onReceive() : mActivityFinish = false
04-13 22:26:05.402 D/UsbSettingsReceiver( 8994): [AUTORUN] onReceive() : ===== USB Connected =====
04-13 22:26:05.424 D/UsbSettingsControl( 8994): [AUTORUN] setUsbConnected() : connected=true
04-13 22:26:05.502 V/MediaPlayer[Native]( 1891): message received msg=2, ext1=0, ext2=0
04-13 22:26:05.502 V/MediaPlayer[Native]( 1891): playback complete
04-13 22:26:05.502 V/MediaPlayer[Native]( 1891): callback application
04-13 22:26:05.502 V/MediaPlayer[Native]( 1891): back from callback
04-13 22:26:05.509 I/art     ( 1891): Starting a blocking GC Explicit
04-13 22:26:05.535 I/HyLog   ( 9051): I : openReadStream, /data/font/config/sfconfig.dat, case (2)
04-13 22:26:05.535 D/HyLog   ( 9051): D: Wrong tag (927 : loadPreData() : frameworks/base/core/jni/android/graphics/TypefaceHyFontManager.cpp)
04-13 22:26:05.535 I/HyLog   ( 9051): I : openReadStream, /data/font/config/sfconfig.dat, case (2)
04-13 22:26:05.586 W/System  ( 9051): ClassLoader referenced unknown path: /system/priv-app/LGPCSuite/lib/arm
04-13 22:26:05.681 I/PCSuite ( 9051): [StartReceiver]USB CONNECTED ver UsbManger : mtp - true, ptp - false
04-13 22:26:05.681 I/PCSuite ( 9051): [StartReceiver]isUsbPCSuiteMode : true
04-13 22:26:05.682 I/PCSuite ( 9051): [StartReceiver] USB CONNECTED ver UsbManger
04-13 22:26:05.691 I/art     ( 1891): Explicit concurrent mark sweep GC freed 47380(2MB) AllocSpace objects, 10(612KB) LOS objects, 33% free, 27MB/41MB, paused 2.762ms total 181.836ms
04-13 22:26:05.702 D/PCSuite ( 9051): [StartReceiver][LGSW]true, [OBEXSERVICE]true
04-13 22:26:05.703 I/PCSuite ( 9051): [ObexService]onCreate()
04-13 22:26:05.715 I/PCSuite ( 9051): [UsbConnection]registerReceiver
04-13 22:26:05.723 V/jni/jni_main.c( 9051): [PCSuite_JNI] : create FIFO
04-13 22:26:05.723 V/jni/jni_main.c( 9051): 
04-13 22:26:05.723 V/jni/jni_main.c( 9051): [PCSuite_JNI] : recv FIFO.. chmod 0666 
04-13 22:26:05.723 V/jni/jni_main.c( 9051): 
04-13 22:26:05.723 V/jni/jni_main.c( 9051): [PCSuite_JNI] : recv FIFO.. chmod 0666 
04-13 22:26:05.723 V/jni/jni_main.c( 9051): 
04-13 22:26:05.729 I/PCSuite ( 9051): [UsbConnection]registerReceiver
04-13 22:26:05.734 D/PCSuite ( 9051): [ObexManager][changeConnectionMode]type = CONN_USB
04-13 22:26:05.734 I/PCSuite ( 9051): [ObexManager][stopService]
04-13 22:26:05.736 I/PCSuite ( 9051): [UsbConnection]registerReceiver
04-13 22:26:05.737 V/jni/jni_main.c( 9051): [PCSuite_JNI] : create FIFO
04-13 22:26:05.737 V/jni/jni_main.c( 9051): 
04-13 22:26:05.737 V/jni/jni_main.c( 9051): [PCSuite_JNI] : recv FIFO.. Already EXIST 
04-13 22:26:05.737 V/jni/jni_main.c( 9051): 
04-13 22:26:05.737 V/jni/jni_main.c( 9051): [PCSuite_JNI] : recv FIFO.. chmod 0666 
04-13 22:26:05.737 V/jni/jni_main.c( 9051): 
04-13 22:26:05.737 V/jni/jni_main.c( 9051): [PCSuite_JNI] : recv FIFO.. chmod 0666 
04-13 22:26:05.737 V/jni/jni_main.c( 9051): 
04-13 22:26:05.737 D/PCSuite ( 9051): [ObexManager][changeConnectionMode]nameCONN_USB
04-13 22:26:05.737 V/jni/jni_main.c( 9051): [PCSuite_JNI] : initialize ....
04-13 22:26:05.737 V/jni/jni_main.c( 9051): 
04-13 22:26:05.739 I/PCSuite ( 9051): [ObexManager][ReadThread]run()
04-13 22:26:05.740 D/PCSuite ( 9051): [UsbConnection][readStream]index(0), len(65535)
04-13 22:26:05.740 V/jni/jni_main.c( 9051): [PCSuite_JNI] : waiting to read from port bridge..
04-13 22:26:05.740 V/jni/jni_main.c( 9051): 
04-13 22:26:05.747 D/UsbSettingsReceiver( 8994): [AUTORUN] onReceive() : action = android.hardware.usb.action.USB_STATE
04-13 22:26:05.747 D/UsbSettingsReceiver( 8994): [AUTORUN] sys.usb.config = mtp,adb
04-13 22:26:05.747 D/UsbSettingsReceiver( 8994): [AUTORUN] sys.usb.state = mtp,adb
04-13 22:26:05.747 D/UsbSettingsReceiver( 8994): [AUTORUN] persist.sys.usb.config = mtp,adb
04-13 22:26:05.748 D/UsbSettingsReceiver( 8994): [AUTORUN] onReceive() : app userid = 0, current userid = 0
04-13 22:26:05.749 D/UsbSettingsReceiver( 8994): [AUTORUN] onReceive() : getDefaultFunction = mtp
04-13 22:26:05.749 D/UsbSettingsReceiver( 8994): [AUTORUN] onReceive() : USB_FUNCTION_CDROM_STORAGE = false
04-13 22:26:05.749 D/UsbSettingsReceiver( 8994): [AUTORUN] onReceive() : mDirectAutorun = true
04-13 22:26:05.749 D/UsbSettingsReceiver( 8994): [AUTORUN] onReceive() : mActivityUsbModeChange = false
04-13 22:26:05.749 D/UsbSettingsReceiver( 8994): [AUTORUN] onReceive() : mActivityFinish = false
04-13 22:26:05.749 D/UsbSettingsReceiver( 8994): [AUTORUN] onReceive() : ===== USB Configured =====
04-13 22:26:05.749 D/UsbSettingsControl( 8994): [AUTORUN] setUsbConnected() : connected=true
04-13 22:26:05.763 I/PCSuite ( 9051): [StartReceiver]USB CONNECTED ver UsbManger : mtp - true, ptp - false
04-13 22:26:05.763 I/PCSuite ( 9051): [StartReceiver]isUsbPCSuiteMode : true
04-13 22:26:05.763 I/PCSuite ( 9051): [StartReceiver] USB CONNECTED ver UsbManger
04-13 22:26:05.763 D/PCSuite ( 9051): [StartReceiver][LGSW]true, [OBEXSERVICE]true
04-13 22:26:06.043 V/MediaPlayer[Native]( 1891): stop
04-13 22:26:06.044 V/MediaPlayer[Native]( 1891): setListener
04-13 22:26:06.044 V/MediaPlayer[Native]( 1891): disconnect
04-13 22:26:06.044 V/MediaPlayer[Native]( 1891): message received msg=8, ext1=0, ext2=0
04-13 22:26:06.044 V/MediaPlayer[Native]( 1891): notify(8, 0, 0) callback on disconnected mediaplayer
04-13 22:26:06.052 V/MediaPlayer[Native]( 1891): destructor
04-13 22:26:06.054 V/MediaPlayer[Native]( 1891): disconnect
04-13 22:26:06.281 D/InputDispatcher( 1891): notifyMotion - action=ACTION_DOWN(0), id=0, tooltype=1, deviceId=6, source=0x1002, policyFlags=0x0, flags=0x0, metaState=0x0, buttonState=0x0, edgeFlags=0x0, eventTime=33617249101000, downTime=33617249101000, 
04-13 22:26:06.282 D/InputTransport( 1891): channel 'c934034  (server)' : action=ACTION_DOWN(0), id=0, tooltype=1, deviceId=6, source=0x1002, flags=0x0, edgeFlags=0x0, metaState=0x0, buttonState=0x0, downTime=33617249101000, eventTime=33617249101000, pointerCount=1
04-13 22:26:06.348 I/AccountManagerService( 1891): getTypesVisibleToCaller: isPermitted? true
04-13 22:26:06.371 I/AccountManagerService( 1891): getTypesVisibleToCaller: isPermitted? true
04-13 22:26:06.375 D/InputDispatcher( 1891): notifyMotion - action=ACTION_UP(0), id=0, tooltype=1, deviceId=6, source=0x1002, policyFlags=0x0, flags=0x0, metaState=0x0, buttonState=0x0, edgeFlags=0x0, eventTime=33617342643000, downTime=33617249101000, 
04-13 22:26:06.375 D/InputTransport( 1891): channel 'c934034  (server)' : action=ACTION_UP(0), id=0, tooltype=1, deviceId=6, source=0x1002, flags=0x0, edgeFlags=0x0, metaState=0x0, buttonState=0x0, downTime=33617249101000, eventTime=33617342643000, pointerCount=1
04-13 22:26:06.379 I/AccountManagerService( 1891): getTypesVisibleToCaller: isPermitted? true
04-13 22:26:06.381 I/AccountManagerService( 1891): getTypesVisibleToCaller: isPermitted? true
04-13 22:26:06.383 V/SoundPool( 1891): play sampleID=1, leftVolume=1.000000, rightVolume=1.000000, priority=0, loop=0, rate=1.000000
04-13 22:26:06.383 V/SoundPool( 1891): Allocated recycled channel for same sampleID
04-13 22:26:06.383 V/SoundPool( 1891): play channel 0xb8f49518 state = 0
04-13 22:26:06.383 V/SoundPool( 1891): SoundChannel::play 0xb8f49518: sampleID=1, channelID=484, leftVolume=1.000000, rightVolume=1.000000, priority=0, loop=0, rate=1.000000
04-13 22:26:06.386 D/AudioSystem( 1891): getIoDescriptor: ioHandle = 2, index = 0, mIoDescriptors = 0xb81b5ac0
04-13 22:26:06.386 V/AudioSystem( 1891): getFrameCount() output 2, frameCount 960
04-13 22:26:06.390 D/AudioSystem( 1891): getIoDescriptor: ioHandle = 2, index = 0, mIoDescriptors = 0xb81b5ac0
04-13 22:26:06.390 V/AudioSystem( 1891): getSamplingRate() output 2, sampling rate 48000
04-13 22:26:06.390 V/SoundPool( 1891): reusing track 0xb93991e0 for sample 1
04-13 22:26:06.391 V/AudioTrack( 1891): setLoop_l 0 0 0
04-13 22:26:06.391 D/AudioTrack( 1891): start(): 0xb93991e0
04-13 22:26:06.394 V/SoundPool( 1891): delete oldTrack 0x0
04-13 22:26:06.436 E/qdlights( 3377): set_light_notifications : flashMode=0, pattern_id=0, onMS=0, offMS=0
04-13 22:26:06.441 E/qdlights( 3377): set_light_notifications : flashMode=0, pattern_id=0, onMS=0, offMS=0
04-13 22:26:06.451 E/Surface ( 1891): getSlotFromBufferLocked: unknown buffer: 0xb9540b48
04-13 22:26:06.457 I/PhoneWindowManagerEx( 1891): [PWM] sIsDimming=false, isDimChanging = true
04-13 22:26:06.457 I/PhoneWindowManagerEx( 1891): [PWM][updateSystemUiVisibilityLw] tmpColorNavigationBar=0xff000000
04-13 22:26:06.457 I/PhoneWindowManagerEx( 1891): [PWM][updateSystemUiVisibilityLw] mLastColorNavigationBar=0xff000000
04-13 22:26:06.458 D/PhoneWindowManagerEx( 1891): [PWM]1.notifyNavigationBarColor => mLastColorNavigationB ar=0xff000000
04-13 22:26:06.458 I/SystemUI[Framework]( 1891): PhoneWindowManager.updateSystemUiVisibilityLw() :visibility=0x8600, pkg=pl.tablica
04-13 22:26:06.461 I/SystemUI[Framework]( 1891): ==>disabledNaviBtn() what=0x0, token=android.os.Binder@a51467a,  pkg=Window{468134b u0 pl.tablica/pl.olx.activities.OlxMainActivity}
04-13 22:26:06.461 I/SystemUI[Framework]( 1891): disableNaviBtn: mDisabledNaviBtn=0x0,  mDisableRecords.size=0
04-13 22:26:06.464 I/PhoneWindowManagerEx( 1891): [PWM] sIsDimming=false, isDimChanging = false
04-13 22:26:06.465 I/PhoneWindowManagerEx( 1891): [PWM][updateSystemUiVisibilityLw] tmpColorNavigationBar=0xff000000
04-13 22:26:06.465 I/PhoneWindowManagerEx( 1891): [PWM][updateSystemUiVisibilityLw] mLastColorNavigationBar=0xff000000
04-13 22:26:06.466 D/InputDispatcher( 1891): Focus left window: Window{c934034 u0 android}
04-13 22:26:06.466 D/InputDispatcher( 1891): Focus entered window: Window{468134b u0 pl.tablica/pl.olx.activities.OlxMainActivity}
04-13 22:26:06.466 D/InputDispatcher( 1891): Window went away: Window{c934034 u0 android}
04-13 22:26:06.510 V/SoundPool( 1891): process 0xb8f49518 channel 484 event BUFFER_END
04-13 22:26:06.510 V/SoundPool( 1891): awake
04-13 22:26:06.510 V/SoundPool( 1891): Getting channel from stop list
04-13 22:26:06.510 V/SoundPool( 1891): stop
04-13 22:26:06.510 D/AudioTrack( 1891): stop(): 0xb93991e0
04-13 22:26:06.511 V/SoundPool( 1891): done_l(484)
04-13 22:26:06.511 V/SoundPool( 1891): move to front
04-13 22:26:06.569 E/qdlights( 3377): set_light_notifications : flashMode=0, pattern_id=0, onMS=0, offMS=0
04-13 22:26:06.570 E/qdlights( 3377): set_light_notifications : flashMode=0, pattern_id=0, onMS=0, offMS=0
04-13 22:26:06.671 D/UsbSettingsReceiver( 8994): [AUTORUN] onReceive() : action = android.hardware.usb.action.USB_STATE
04-13 22:26:06.671 D/UsbSettingsReceiver( 8994): [AUTORUN] sys.usb.config = mtp,adb
04-13 22:26:06.671 D/UsbSettingsReceiver( 8994): [AUTORUN] sys.usb.state = mtp,adb
04-13 22:26:06.671 D/UsbSettingsReceiver( 8994): [AUTORUN] persist.sys.usb.config = mtp,adb
04-13 22:26:06.672 D/UsbSettingsReceiver( 8994): [AUTORUN] onReceive() : app userid = 0, current userid = 0
04-13 22:26:06.673 D/UsbSettingsReceiver( 8994): [AUTORUN] onReceive() : getDefaultFunction = mtp
04-13 22:26:06.673 D/UsbSettingsReceiver( 8994): [AUTORUN] onReceive() : USB_FUNCTION_CDROM_STORAGE = false
04-13 22:26:06.673 D/UsbSettingsReceiver( 8994): [AUTORUN] onReceive() : mDirectAutorun = true
04-13 22:26:06.673 D/UsbSettingsReceiver( 8994): [AUTORUN] onReceive() : mActivityUsbModeChange = false
04-13 22:26:06.673 D/UsbSettingsReceiver( 8994): [AUTORUN] onReceive() : mActivityFinish = false
04-13 22:26:06.673 D/UsbSettingsReceiver( 8994): [AUTORUN] onReceive() : ===== USB Connected =====
04-13 22:26:06.673 D/UsbSettingsControl( 8994): [AUTORUN] setUsbConnected() : connected=true
04-13 22:26:06.680 I/PCSuite ( 9051): [StartReceiver]USB CONNECTED ver UsbManger : mtp - true, ptp - false
04-13 22:26:06.681 I/PCSuite ( 9051): [StartReceiver]isUsbPCSuiteMode : true
04-13 22:26:06.681 I/PCSuite ( 9051): [StartReceiver] USB CONNECTED ver UsbManger
04-13 22:26:06.681 D/PCSuite ( 9051): [StartReceiver][LGSW]true, [OBEXSERVICE]true
04-13 22:26:06.726 I/PhoneWindowManagerEx( 1891): [PWM] sIsDimming=false, isDimChanging = false
04-13 22:26:06.726 I/PhoneWindowManagerEx( 1891): [PWM][updateSystemUiVisibilityLw] tmpColorNavigationBar=0xff000000
04-13 22:26:06.726 I/PhoneWindowManagerEx( 1891): [PWM][updateSystemUiVisibilityLw] mLastColorNavigationBar=0xff000000
04-13 22:26:06.729 I/PhoneWindowManagerEx( 1891): [PWM] sIsDimming=false, isDimChanging = false
04-13 22:26:06.729 I/PhoneWindowManagerEx( 1891): [PWM][updateSystemUiVisibilityLw] tmpColorNavigationBar=0xff000000
04-13 22:26:06.729 I/PhoneWindowManagerEx( 1891): [PWM][updateSystemUiVisibilityLw] mLastColorNavigationBar=0xff000000
04-13 22:26:06.808 D/UsbSettingsReceiver( 8994): [AUTORUN] onReceive() : action = android.hardware.usb.action.USB_STATE
04-13 22:26:06.808 D/UsbSettingsReceiver( 8994): [AUTORUN] sys.usb.config = mtp,adb
04-13 22:26:06.808 D/UsbSettingsReceiver( 8994): [AUTORUN] sys.usb.state = mtp,adb
04-13 22:26:06.808 D/UsbSettingsReceiver( 8994): [AUTORUN] persist.sys.usb.config = mtp,adb
04-13 22:26:06.809 D/UsbSettingsReceiver( 8994): [AUTORUN] onReceive() : app userid = 0, current userid = 0
04-13 22:26:06.810 D/UsbSettingsReceiver( 8994): [AUTORUN] onReceive() : getDefaultFunction = mtp
04-13 22:26:06.810 D/UsbSettingsReceiver( 8994): [AUTORUN] onReceive() : USB_FUNCTION_CDROM_STORAGE = false
04-13 22:26:06.810 D/UsbSettingsReceiver( 8994): [AUTORUN] onReceive() : mDirectAutorun = true
04-13 22:26:06.810 D/UsbSettingsReceiver( 8994): [AUTORUN] onReceive() : mActivityUsbModeChange = false
04-13 22:26:06.810 D/UsbSettingsReceiver( 8994): [AUTORUN] onReceive() : mActivityFinish = false
04-13 22:26:06.810 D/UsbSettingsReceiver( 8994): [AUTORUN] onReceive() : ===== USB Connected =====
04-13 22:26:06.810 D/UsbSettingsControl( 8994): [AUTORUN] setUsbConnected() : connected=true
04-13 22:26:06.815 I/PCSuite ( 9051): [StartReceiver]USB CONNECTED ver UsbManger : mtp - true, ptp - false
04-13 22:26:06.816 I/PCSuite ( 9051): [StartReceiver]isUsbPCSuiteMode : true
04-13 22:26:06.816 I/PCSuite ( 9051): [StartReceiver] USB CONNECTED ver UsbManger
04-13 22:26:06.816 D/PCSuite ( 9051): [StartReceiver][LGSW]true, [OBEXSERVICE]true
04-13 22:26:06.853 D/UsbSettingsReceiver( 8994): [AUTORUN] onReceive() : action = android.hardware.usb.action.USB_STATE
04-13 22:26:06.853 D/UsbSettingsReceiver( 8994): [AUTORUN] sys.usb.config = mtp,adb
04-13 22:26:06.853 D/UsbSettingsReceiver( 8994): [AUTORUN] sys.usb.state = mtp,adb
04-13 22:26:06.854 D/UsbSettingsReceiver( 8994): [AUTORUN] persist.sys.usb.config = mtp,adb
04-13 22:26:06.854 D/UsbSettingsReceiver( 8994): [AUTORUN] onReceive() : app userid = 0, current userid = 0
04-13 22:26:06.855 D/UsbSettingsReceiver( 8994): [AUTORUN] onReceive() : getDefaultFunction = mtp
04-13 22:26:06.855 D/UsbSettingsReceiver( 8994): [AUTORUN] onReceive() : USB_FUNCTION_CDROM_STORAGE = false
04-13 22:26:06.855 D/UsbSettingsReceiver( 8994): [AUTORUN] onReceive() : mDirectAutorun = true
04-13 22:26:06.855 D/UsbSettingsReceiver( 8994): [AUTORUN] onReceive() : mActivityUsbModeChange = false
04-13 22:26:06.855 D/UsbSettingsReceiver( 8994): [AUTORUN] onReceive() : mActivityFinish = false
04-13 22:26:06.855 D/UsbSettingsReceiver( 8994): [AUTORUN] onReceive() : ===== USB Configured =====
04-13 22:26:06.855 D/UsbSettingsControl( 8994): [AUTORUN] setUsbConnected() : connected=true
04-13 22:26:06.863 I/PCSuite ( 9051): [StartReceiver]USB CONNECTED ver UsbManger : mtp - true, ptp - false
04-13 22:26:06.863 I/PCSuite ( 9051): [StartReceiver]isUsbPCSuiteMode : true
04-13 22:26:06.863 I/PCSuite ( 9051): [StartReceiver] USB CONNECTED ver UsbManger
04-13 22:26:06.864 D/PCSuite ( 9051): [StartReceiver][LGSW]true, [OBEXSERVICE]true
04-13 22:26:07.033 I/AccountManagerService( 1891): getTypesVisibleToCaller: isPermitted? true
04-13 22:26:07.708 I/AccountManagerService( 1891): getTypesVisibleToCaller: isPermitted? true
04-13 22:26:07.721 I/AccountManagerService( 1891): getTypesVisibleToCaller: isPermitted? true
04-13 22:26:08.091 V/LGSettingsProvider( 1891): call_put(system:radio.data.stall.recovery.action=0)  calling package = com.android.phone  callingUserId : 0
04-13 22:26:08.228 I/AccountManagerService( 1891): getTypesVisibleToCaller: isPermitted? true
04-13 22:26:08.245 I/AccountManagerService( 1891): getTypesVisibleToCaller: isPermitted? true
04-13 22:26:08.251 I/AccountManagerService( 1891): getTypesVisibleToCaller: isPermitted? true
04-13 22:26:08.251 I/AccountManagerService( 1891): getTypesVisibleToCaller: isPermitted? true
04-13 22:26:08.456 W/IcingInternalCorpora( 9170): getNumBytesRead when not calculated.
04-13 22:26:08.553 V/audio_hw_primary(  372): stop_output_stream: enter: usecase(0: deep-buffer-playback)
04-13 22:26:08.553 V/audio_hw_primary(  372): disable_audio_route: enter: usecase(0)
04-13 22:26:08.553 V/msm8974_platform_lge(  372): LGE_platform_add_backend_name: enter: 2
04-13 22:26:08.554 V/audio_hw_primary(  372): disable_audio_route: reset and update mixer path: deep-buffer-playback
04-13 22:26:08.555 V/audio_hw_primary(  372): disable_audio_route: exit
04-13 22:26:08.555 D/audio_hw_primary(  372): disable_snd_device: enter 2
04-13 22:26:08.555 D/hardware_info(  372): hw_info_append_hw_type : device_name = speaker
04-13 22:26:08.555 V/audio_hw_primary(  372): stop_output_stream: exit: status(0)
04-13 22:26:08.555 V/audio_hw_primary(  372): out_standby: exit
04-13 22:26:08.556 V/AudioFlinger_Threads(  372): thread 0xb18ca008 type 0 TID 1266 going to sleep
04-13 22:26:09.259 I/[SystemUI]NetworkController( 2870): Change in state from: connected=true,enabled=true,level=4,inetCondition=1,iconGroup=IconGroup(Default),activityIn=true,activityOut=true,rssi=0,lastModified=04-13 10:26:08,dataSim=true,networkName=Orange,networkNameData=Orange,dataConnected=true,isDefault=true,isEmergency=false,airplaneMode=false,carrierNetworkChangeMode=false,activity=3,isSimIcon=false,networkIcon=HSPAP,selectedSim=false,twoStage=false,voiceRatType=0,dataRatType=0,voiceLevel=0,dataLevel=0,hasVoiceService=false,hasDataService=false,mCBInfo=null,isDataEnabled=false,callState=0,internetConnectStatus=0
04-13 22:26:09.259 I/[SystemUI]NetworkController( 2870): 	to: connected=true,enabled=true,level=4,inetCondition=1,iconGroup=IconGroup(Default),activityIn=false,activityOut=false,rssi=0,lastModified=04-13 10:26:08,dataSim=true,networkName=Orange,networkNameData=Orange,dataConnected=true,isDefault=true,isEmergency=false,airplaneMode=false,carrierNetworkChangeMode=false,activity=0,isSimIcon=false,networkIcon=HSPAP,selectedSim=false,twoStage=false,voiceRatType=0,dataRatType=0,voiceLevel=0,dataLevel=0,hasVoiceService=false,hasDataService=false,mCBInfo=null,isDataEnabled=false,callState=0,internetConnectStatus=0
04-13 22:26:09.268 D/Telephony( 3447): PhoneInterfaceManager: [PhoneIntfMgr] getDataEnabled: subId=2 phoneId=0
04-13 22:26:09.269 D/Telephony( 3447): PhoneInterfaceManager: [PhoneIntfMgr] getDataEnabled: subId=2 retVal=true
04-13 22:26:09.269 D/TelephonyManager( 2870): getDataEnabled: retVal=true
04-13 22:26:09.558 V/AudioFlinger_Threads(  372): Audio hardware entering standby, mixer 0xb1743008, suspend count 0
04-13 22:26:09.558 D/audio_hw_primary(  372): out_standby: enter: stream (0xb8b73e18) usecase(1: low-latency-playback)
04-13 22:26:09.604 V/audio_hw_primary(  372): stop_output_stream: enter: usecase(1: low-latency-playback)
04-13 22:26:09.604 V/audio_hw_primary(  372): disable_audio_route: enter: usecase(1)
04-13 22:26:09.604 V/msm8974_platform_lge(  372): LGE_platform_add_backend_name: enter: 2
04-13 22:26:09.604 V/audio_hw_primary(  372): disable_audio_route: reset and update mixer path: low-latency-playback
04-13 22:26:09.605 V/audio_hw_primary(  372): disable_audio_route: exit
04-13 22:26:09.605 D/audio_hw_primary(  372): disable_snd_device: enter 2
04-13 22:26:09.605 D/hardware_info(  372): hw_info_append_hw_type : device_name = speaker
04-13 22:26:09.605 V/audio_hw_primary(  372): disable_snd_device: snd_device(2: speaker)
04-13 22:26:09.608 V/audio_hw_primary(  372): stop_output_stream: exit: status(0)
04-13 22:26:09.608 V/audio_hw_primary(  372): out_standby: exit
04-13 22:26:09.608 V/AudioFlinger_Threads(  372): thread 0xb1743008 type 0 TID 1268 going to sleep
04-13 22:26:10.110 D/Telephony( 3447): PhoneInterfaceManager: [PhoneIntfMgr] mSigLevel = 5
04-13 22:26:10.140 I/[SystemUI]NetworkController( 2870): Change in state from: connected=true,enabled=true,level=4,inetCondition=1,iconGroup=IconGroup(Default),activityIn=false,activityOut=false,rssi=0,lastModified=04-13 10:26:09,dataSim=true,networkName=Orange,networkNameData=Orange,dataConnected=true,isDefault=true,isEmergency=false,airplaneMode=false,carrierNetworkChangeMode=false,activity=0,isSimIcon=false,networkIcon=HSPAP,selectedSim=false,twoStage=false,voiceRatType=0,dataRatType=0,voiceLevel=0,dataLevel=0,hasVoiceService=false,hasDataService=false,mCBInfo=null,isDataEnabled=false,callState=0,internetConnectStatus=0
04-13 22:26:10.140 I/[SystemUI]NetworkController( 2870): 	to: connected=true,enabled=true,level=5,inetCondition=1,iconGroup=IconGroup(Default),activityIn=false,activityOut=false,rssi=0,lastModified=04-13 10:26:09,dataSim=true,networkName=Orange,networkNameData=Orange,dataConnected=true,isDefault=true,isEmergency=false,airplaneMode=false,carrierNetworkChangeMode=false,activity=0,isSimIcon=false,networkIcon=HSPAP,selectedSim=false,twoStage=false,voiceRatType=0,dataRatType=0,voiceLevel=0,dataLevel=0,hasVoiceService=false,hasDataService=false,mCBInfo=null,isDataEnabled=false,callState=0,internetConnectStatus=0
04-13 22:26:10.148 D/Telephony( 3447): PhoneInterfaceManager: [PhoneIntfMgr] getDataEnabled: subId=2 phoneId=0
04-13 22:26:10.149 D/Telephony( 3447): PhoneInterfaceManager: [PhoneIntfMgr] getDataEnabled: subId=2 retVal=true
04-13 22:26:10.150 D/TelephonyManager( 2870): getDataEnabled: retVal=true
04-13 22:26:10.151 I/[SystemUI]NetworkController( 2870): onReceive: intent=Intent { act=android.intent.action.SIG_STR flg=0x20000010 (has extras) }
04-13 22:26:11.271 I/[SystemUI]NetworkController( 2870): Change in state from: connected=true,enabled=true,level=5,inetCondition=1,iconGroup=IconGroup(Default),activityIn=false,activityOut=false,rssi=0,lastModified=04-13 10:26:10,dataSim=true,networkName=Orange,networkNameData=Orange,dataConnected=true,isDefault=true,isEmergency=false,airplaneMode=false,carrierNetworkChangeMode=false,activity=0,isSimIcon=false,networkIcon=HSPAP,selectedSim=false,twoStage=false,voiceRatType=0,dataRatType=0,voiceLevel=0,dataLevel=0,hasVoiceService=false,hasDataService=false,mCBInfo=null,isDataEnabled=false,callState=0,internetConnectStatus=0
04-13 22:26:11.271 I/[SystemUI]NetworkController( 2870): 	to: connected=true,enabled=true,level=5,inetCondition=1,iconGroup=IconGroup(Default),activityIn=true,activityOut=true,rssi=0,lastModified=04-13 10:26:10,dataSim=true,networkName=Orange,networkNameData=Orange,dataConnected=true,isDefault=true,isEmergency=false,airplaneMode=false,carrierNetworkChangeMode=false,activity=3,isSimIcon=false,networkIcon=HSPAP,selectedSim=false,twoStage=false,voiceRatType=0,dataRatType=0,voiceLevel=0,dataLevel=0,hasVoiceService=false,hasDataService=false,mCBInfo=null,isDataEnabled=false,callState=0,internetConnectStatus=0
04-13 22:26:11.282 D/Telephony( 3447): PhoneInterfaceManager: [PhoneIntfMgr] getDataEnabled: subId=2 phoneId=0
04-13 22:26:11.283 D/Telephony( 3447): PhoneInterfaceManager: [PhoneIntfMgr] getDataEnabled: subId=2 retVal=true
04-13 22:26:11.283 D/TelephonyManager( 2870): getDataEnabled: retVal=true
04-13 22:26:12.277 I/[SystemUI]NetworkController( 2870): Change in state from: connected=true,enabled=true,level=5,inetCondition=1,iconGroup=IconGroup(Default),activityIn=true,activityOut=true,rssi=0,lastModified=04-13 10:26:11,dataSim=true,networkName=Orange,networkNameData=Orange,dataConnected=true,isDefault=true,isEmergency=false,airplaneMode=false,carrierNetworkChangeMode=false,activity=3,isSimIcon=false,networkIcon=HSPAP,selectedSim=false,twoStage=false,voiceRatType=0,dataRatType=0,voiceLevel=0,dataLevel=0,hasVoiceService=false,hasDataService=false,mCBInfo=null,isDataEnabled=false,callState=0,internetConnectStatus=0
04-13 22:26:12.277 I/[SystemUI]NetworkController( 2870): 	to: connected=true,enabled=true,level=5,inetCondition=1,iconGroup=IconGroup(Default),activityIn=true,activityOut=false,rssi=0,lastModified=04-13 10:26:11,dataSim=true,networkName=Orange,networkNameData=Orange,dataConnected=true,isDefault=true,isEmergency=false,airplaneMode=false,carrierNetworkChangeMode=false,activity=1,isSimIcon=false,networkIcon=HSPAP,selectedSim=false,twoStage=false,voiceRatType=0,dataRatType=0,voiceLevel=0,dataLevel=0,hasVoiceService=false,hasDataService=false,mCBInfo=null,isDataEnabled=false,callState=0,internetConnectStatus=0
04-13 22:26:12.279 D/Telephony( 3447): PhoneInterfaceManager: [PhoneIntfMgr] getDataEnabled: subId=2 phoneId=0
04-13 22:26:12.280 D/Telephony( 3447): PhoneInterfaceManager: [PhoneIntfMgr] getDataEnabled: subId=2 retVal=true
04-13 22:26:12.280 D/TelephonyManager( 2870): getDataEnabled: retVal=true
04-13 22:26:13.283 I/[SystemUI]NetworkController( 2870): Change in state from: connected=true,enabled=true,level=5,inetCondition=1,iconGroup=IconGroup(Default),activityIn=true,activityOut=false,rssi=0,lastModified=04-13 10:26:12,dataSim=true,networkName=Orange,networkNameData=Orange,dataConnected=true,isDefault=true,isEmergency=false,airplaneMode=false,carrierNetworkChangeMode=false,activity=1,isSimIcon=false,networkIcon=HSPAP,selectedSim=false,twoStage=false,voiceRatType=0,dataRatType=0,voiceLevel=0,dataLevel=0,hasVoiceService=false,hasDataService=false,mCBInfo=null,isDataEnabled=false,callState=0,internetConnectStatus=0
04-13 22:26:13.283 I/[SystemUI]NetworkController( 2870): 	to: connected=true,enabled=true,level=5,inetCondition=1,iconGroup=IconGroup(Default),activityIn=false,activityOut=true,rssi=0,lastModified=04-13 10:26:12,dataSim=true,networkName=Orange,networkNameData=Orange,dataConnected=true,isDefault=true,isEmergency=false,airplaneMode=false,carrierNetworkChangeMode=false,activity=2,isSimIcon=false,networkIcon=HSPAP,selectedSim=false,twoStage=false,voiceRatType=0,dataRatType=0,voiceLevel=0,dataLevel=0,hasVoiceService=false,hasDataService=false,mCBInfo=null,isDataEnabled=false,callState=0,internetConnectStatus=0
04-13 22:26:13.286 D/Telephony( 3447): PhoneInterfaceManager: [PhoneIntfMgr] getDataEnabled: subId=2 phoneId=0
04-13 22:26:13.286 D/Telephony( 3447): PhoneInterfaceManager: [PhoneIntfMgr] getDataEnabled: subId=2 retVal=true
04-13 22:26:13.287 D/TelephonyManager( 2870): getDataEnabled: retVal=true
04-13 22:26:14.290 I/[SystemUI]NetworkController( 2870): Change in state from: connected=true,enabled=true,level=5,inetCondition=1,iconGroup=IconGroup(Default),activityIn=false,activityOut=true,rssi=0,lastModified=04-13 10:26:13,dataSim=true,networkName=Orange,networkNameData=Orange,dataConnected=true,isDefault=true,isEmergency=false,airplaneMode=false,carrierNetworkChangeMode=false,activity=2,isSimIcon=false,networkIcon=HSPAP,selectedSim=false,twoStage=false,voiceRatType=0,dataRatType=0,voiceLevel=0,dataLevel=0,hasVoiceService=false,hasDataService=false,mCBInfo=null,isDataEnabled=false,callState=0,internetConnectStatus=0
04-13 22:26:14.290 I/[SystemUI]NetworkController( 2870): 	to: connected=true,enabled=true,level=5,inetCondition=1,iconGroup=IconGroup(Default),activityIn=false,activityOut=false,rssi=0,lastModified=04-13 10:26:13,dataSim=true,networkName=Orange,networkNameData=Orange,dataConnected=true,isDefault=true,isEmergency=false,airplaneMode=false,carrierNetworkChangeMode=false,activity=0,isSimIcon=false,networkIcon=HSPAP,selectedSim=false,twoStage=false,voiceRatType=0,dataRatType=0,voiceLevel=0,dataLevel=0,hasVoiceService=false,hasDataService=false,mCBInfo=null,isDataEnabled=false,callState=0,internetConnectStatus=0
04-13 22:26:14.293 D/Telephony( 3447): PhoneInterfaceManager: [PhoneIntfMgr] getDataEnabled: subId=2 phoneId=0
04-13 22:26:14.293 D/Telephony( 3447): PhoneInterfaceManager: [PhoneIntfMgr] getDataEnabled: subId=2 retVal=true
04-13 22:26:14.294 D/TelephonyManager( 2870): getDataEnabled: retVal=true
