04-13 22:24:06.382 D/QtiGsmDCT( 3447): [0]updateDataActivity: curTxRxSum={txSum=142851 rxSum=172444} preTxRxSum={txSum=142851 rxSum=172444}
04-13 22:24:06.382 D/QtiGsmDCT( 3447): [0]updateDataActivity: sent=0 received=0
04-13 22:24:06.560 D/QtiGsmDCT( 3447): [0]onReceive: action=com.android.internal.telephony.data-stall
04-13 22:24:06.563 D/QtiGsmDCT( 3447): [0]QtiDcTracker handleMessage msg={ when=-1ms what=270353 arg1=32293 obj=com.android.internal.telephony.data-stall target=com.qti.internal.telephony.dataconnection.QtiDcTracker }
04-13 22:24:06.564 D/QtiGsmDCT( 3447): [0]handleMessage msg={ when=-3ms what=270353 arg1=32293 obj=com.android.internal.telephony.data-stall target=com.qti.internal.telephony.dataconnection.QtiDcTracker }
04-13 22:24:06.577 D/QtiGsmDCT( 3447): [0]overall state is CONNECTED
04-13 22:24:06.709 V/LG-FASTDORMANCY( 3447): [DCH/FACH] FDCount : 1 intent received :com.android.internal.telephony.ACTION_CHECK_NETSTAT
04-13 22:24:06.716 V/LG-FASTDORMANCY( 3447): [DCH/FACH] FDCount : 1 prev: TxPkts(142851), RxPkts(172444)
04-13 22:24:06.717 V/LG-FASTDORMANCY( 3447): [DCH/FACH] FDCount : 1 curr: TxPkts(142851), RxPkts(172444)
04-13 22:24:06.718 I/LG-FASTDORMANCY( 3447): [DCH/FACH] FDCount : 2 Scheduling checkNetStat for 1000msec, current state is [DCH/FACH] FDCount : 2 
04-13 22:24:07.391 D/QtiGsmDCT( 3447): [0]updateDataActivity: curTxRxSum={txSum=142851 rxSum=172444} preTxRxSum={txSum=142851 rxSum=172444}
04-13 22:24:07.391 D/QtiGsmDCT( 3447): [0]updateDataActivity: sent=0 received=0
04-13 22:24:07.722 V/LG-FASTDORMANCY( 3447): [DCH/FACH] FDCount : 2 intent received :com.android.internal.telephony.ACTION_CHECK_NETSTAT
04-13 22:24:07.728 V/LG-FASTDORMANCY( 3447): [DCH/FACH] FDCount : 2 prev: TxPkts(142851), RxPkts(172444)
04-13 22:24:07.728 V/LG-FASTDORMANCY( 3447): [DCH/FACH] FDCount : 2 curr: TxPkts(142851), RxPkts(172444)
04-13 22:24:07.729 I/LG-FASTDORMANCY( 3447): [DCH/FACH] FDCount : 3 Scheduling checkNetStat for 1000msec, current state is [DCH/FACH] FDCount : 3 
04-13 22:24:08.395 D/QtiGsmDCT( 3447): [0]updateDataActivity: curTxRxSum={txSum=143119 rxSum=172726} preTxRxSum={txSum=142851 rxSum=172444}
04-13 22:24:08.395 D/QtiGsmDCT( 3447): [0]updateDataActivity: sent=268 received=282
04-13 22:24:08.395 D/QtiGsmDCT( 3447): [0]updateDataActivity: newActivity=DATAINANDOUT
04-13 22:24:08.408 D/QtiGsmDCT( 3447): [0]getDataEnabled: getIntWithSubId retVal=true
04-13 22:24:08.734 V/LG-FASTDORMANCY( 3447): [DCH/FACH] FDCount : 3 intent received :com.android.internal.telephony.ACTION_CHECK_NETSTAT
04-13 22:24:08.741 V/LG-FASTDORMANCY( 3447): [DCH/FACH] FDCount : 3 prev: TxPkts(142851), RxPkts(172444)
04-13 22:24:08.741 V/LG-FASTDORMANCY( 3447): [DCH/FACH] FDCount : 3 curr: TxPkts(143223), RxPkts(172934)
04-13 22:24:08.742 I/LG-FASTDORMANCY( 3447): [DCH/FACH] FDCount : 0 Scheduling checkNetStat for 1000msec, current state is [DCH/FACH] FDCount : 0 
04-13 22:24:09.405 D/QtiGsmDCT( 3447): [0]updateDataActivity: curTxRxSum={txSum=143448 rxSum=173168} preTxRxSum={txSum=143119 rxSum=172726}
04-13 22:24:09.405 D/QtiGsmDCT( 3447): [0]updateDataActivity: sent=329 received=442
04-13 22:24:09.748 V/LG-FASTDORMANCY( 3447): [DCH/FACH] FDCount : 0 intent received :com.android.internal.telephony.ACTION_CHECK_NETSTAT
04-13 22:24:09.756 V/LG-FASTDORMANCY( 3447): [DCH/FACH] FDCount : 0 prev: TxPkts(143223), RxPkts(172934)
04-13 22:24:09.757 V/LG-FASTDORMANCY( 3447): [DCH/FACH] FDCount : 0 curr: TxPkts(143507), RxPkts(173274)
04-13 22:24:09.758 I/LG-FASTDORMANCY( 3447): [DCH/FACH] FDCount : 0 Scheduling checkNetStat for 1000msec, current state is [DCH/FACH] FDCount : 0 
04-13 22:24:10.410 D/QtiGsmDCT( 3447): [0]updateDataActivity: curTxRxSum={txSum=143523 rxSum=173290} preTxRxSum={txSum=143448 rxSum=173168}
04-13 22:24:10.413 D/QtiGsmDCT( 3447): [0]updateDataActivity: sent=75 received=122
04-13 22:24:10.762 V/LG-FASTDORMANCY( 3447): [DCH/FACH] FDCount : 0 intent received :com.android.internal.telephony.ACTION_CHECK_NETSTAT
04-13 22:24:10.768 V/LG-FASTDORMANCY( 3447): [DCH/FACH] FDCount : 0 prev: TxPkts(143507), RxPkts(173274)
04-13 22:24:10.768 V/LG-FASTDORMANCY( 3447): [DCH/FACH] FDCount : 0 curr: TxPkts(143611), RxPkts(173378)
04-13 22:24:10.769 I/LG-FASTDORMANCY( 3447): [DCH/FACH] FDCount : 0 Scheduling checkNetStat for 1000msec, current state is [DCH/FACH] FDCount : 0 
04-13 22:24:11.417 D/QtiGsmDCT( 3447): [0]updateDataActivity: curTxRxSum={txSum=143658 rxSum=173435} preTxRxSum={txSum=143523 rxSum=173290}
04-13 22:24:11.417 D/QtiGsmDCT( 3447): [0]updateDataActivity: sent=135 received=145
04-13 22:24:11.774 V/LG-FASTDORMANCY( 3447): [DCH/FACH] FDCount : 0 intent received :com.android.internal.telephony.ACTION_CHECK_NETSTAT
04-13 22:24:11.783 V/LG-FASTDORMANCY( 3447): [DCH/FACH] FDCount : 0 prev: TxPkts(143611), RxPkts(173378)
04-13 22:24:11.783 V/LG-FASTDORMANCY( 3447): [DCH/FACH] FDCount : 0 curr: TxPkts(143674), RxPkts(173446)
04-13 22:24:11.785 I/LG-FASTDORMANCY( 3447): [DCH/FACH] FDCount : 0 Scheduling checkNetStat for 1000msec, current state is [DCH/FACH] FDCount : 0 
04-13 22:24:12.426 D/QtiGsmDCT( 3447): [0]updateDataActivity: curTxRxSum={txSum=143905 rxSum=173795} preTxRxSum={txSum=143658 rxSum=173435}
04-13 22:24:12.426 D/QtiGsmDCT( 3447): [0]updateDataActivity: sent=247 received=360
04-13 22:24:12.788 V/LG-FASTDORMANCY( 3447): [DCH/FACH] FDCount : 0 intent received :com.android.internal.telephony.ACTION_CHECK_NETSTAT
04-13 22:24:12.794 V/LG-FASTDORMANCY( 3447): [DCH/FACH] FDCount : 0 prev: TxPkts(143674), RxPkts(173446)
04-13 22:24:12.794 V/LG-FASTDORMANCY( 3447): [DCH/FACH] FDCount : 0 curr: TxPkts(144003), RxPkts(173894)
04-13 22:24:12.795 I/LG-FASTDORMANCY( 3447): [DCH/FACH] FDCount : 0 Scheduling checkNetStat for 1000msec, current state is [DCH/FACH] FDCount : 0 
04-13 22:24:13.430 D/QtiGsmDCT( 3447): [0]updateDataActivity: curTxRxSum={txSum=144011 rxSum=173902} preTxRxSum={txSum=143905 rxSum=173795}
04-13 22:24:13.430 D/QtiGsmDCT( 3447): [0]updateDataActivity: sent=106 received=107
04-13 22:24:13.801 V/LG-FASTDORMANCY( 3447): [DCH/FACH] FDCount : 0 intent received :com.android.internal.telephony.ACTION_CHECK_NETSTAT
04-13 22:24:13.808 V/LG-FASTDORMANCY( 3447): [DCH/FACH] FDCount : 0 prev: TxPkts(144003), RxPkts(173894)
04-13 22:24:13.808 V/LG-FASTDORMANCY( 3447): [DCH/FACH] FDCount : 0 curr: TxPkts(144113), RxPkts(174003)
04-13 22:24:13.811 I/LG-FASTDORMANCY( 3447): [DCH/FACH] FDCount : 0 Scheduling checkNetStat for 1000msec, current state is [DCH/FACH] FDCount : 0 
04-13 22:24:14.441 D/QtiGsmDCT( 3447): [0]updateDataActivity: curTxRxSum={txSum=144433 rxSum=174358} preTxRxSum={txSum=144011 rxSum=173902}
04-13 22:24:14.441 D/QtiGsmDCT( 3447): [0]updateDataActivity: sent=422 received=456
04-13 22:24:14.816 V/LG-FASTDORMANCY( 3447): [DCH/FACH] FDCount : 0 intent received :com.android.internal.telephony.ACTION_CHECK_NETSTAT
04-13 22:24:14.819 V/LG-FASTDORMANCY( 3447): [DCH/FACH] FDCount : 0 prev: TxPkts(144113), RxPkts(174003)
04-13 22:24:14.819 V/LG-FASTDORMANCY( 3447): [DCH/FACH] FDCount : 0 curr: TxPkts(144444), RxPkts(174365)
04-13 22:24:14.820 I/LG-FASTDORMANCY( 3447): [DCH/FACH] FDCount : 0 Scheduling checkNetStat for 1000msec, current state is [DCH/FACH] FDCount : 0 
04-13 22:24:15.459 D/QtiGsmDCT( 3447): [0]updateDataActivity: curTxRxSum={txSum=144616 rxSum=174539} preTxRxSum={txSum=144433 rxSum=174358}
04-13 22:24:15.459 D/QtiGsmDCT( 3447): [0]updateDataActivity: sent=183 received=181
04-13 22:24:15.825 V/LG-FASTDORMANCY( 3447): [DCH/FACH] FDCount : 0 intent received :com.android.internal.telephony.ACTION_CHECK_NETSTAT
04-13 22:24:15.832 V/LG-FASTDORMANCY( 3447): [DCH/FACH] FDCount : 0 prev: TxPkts(144444), RxPkts(174365)
04-13 22:24:15.832 V/LG-FASTDORMANCY( 3447): [DCH/FACH] FDCount : 0 curr: TxPkts(144648), RxPkts(174573)
04-13 22:24:15.834 I/LG-FASTDORMANCY( 3447): [DCH/FACH] FDCount : 0 Scheduling checkNetStat for 1000msec, current state is [DCH/FACH] FDCount : 0 
04-13 22:24:16.464 D/QtiGsmDCT( 3447): [0]updateDataActivity: curTxRxSum={txSum=144844 rxSum=174767} preTxRxSum={txSum=144616 rxSum=174539}
04-13 22:24:16.464 D/QtiGsmDCT( 3447): [0]updateDataActivity: sent=228 received=228
04-13 22:24:16.845 V/LG-FASTDORMANCY( 3447): [DCH/FACH] FDCount : 0 intent received :com.android.internal.telephony.ACTION_CHECK_NETSTAT
04-13 22:24:16.848 V/LG-FASTDORMANCY( 3447): [DCH/FACH] FDCount : 0 prev: TxPkts(144648), RxPkts(174573)
04-13 22:24:16.848 V/LG-FASTDORMANCY( 3447): [DCH/FACH] FDCount : 0 curr: TxPkts(144844), RxPkts(174767)
04-13 22:24:16.848 I/LG-FASTDORMANCY( 3447): [DCH/FACH] FDCount : 0 Scheduling checkNetStat for 1000msec, current state is [DCH/FACH] FDCount : 0 
04-13 22:24:17.468 D/QtiGsmDCT( 3447): [0]updateDataActivity: curTxRxSum={txSum=144844 rxSum=174767} preTxRxSum={txSum=144844 rxSum=174767}
04-13 22:24:17.468 D/QtiGsmDCT( 3447): [0]updateDataActivity: sent=0 received=0
04-13 22:24:17.468 D/QtiGsmDCT( 3447): [0]updateDataActivity: newActivity=NONE
04-13 22:24:17.482 D/QtiGsmDCT( 3447): [0]getDataEnabled: getIntWithSubId retVal=true
04-13 22:24:17.853 V/LG-FASTDORMANCY( 3447): [DCH/FACH] FDCount : 0 intent received :com.android.internal.telephony.ACTION_CHECK_NETSTAT
04-13 22:24:17.860 V/LG-FASTDORMANCY( 3447): [DCH/FACH] FDCount : 0 prev: TxPkts(144844), RxPkts(174767)
04-13 22:24:17.860 V/LG-FASTDORMANCY( 3447): [DCH/FACH] FDCount : 0 curr: TxPkts(144846), RxPkts(174769)
04-13 22:24:17.861 I/LG-FASTDORMANCY( 3447): [DCH/FACH] FDCount : 0 Scheduling checkNetStat for 1000msec, current state is [DCH/FACH] FDCount : 0 
04-13 22:24:18.478 D/QtiGsmDCT( 3447): [0]updateDataActivity: curTxRxSum={txSum=144962 rxSum=174955} preTxRxSum={txSum=144844 rxSum=174767}
04-13 22:24:18.478 D/QtiGsmDCT( 3447): [0]updateDataActivity: sent=118 received=188
04-13 22:24:18.479 D/QtiGsmDCT( 3447): [0]updateDataActivity: newActivity=DATAINANDOUT
04-13 22:24:18.491 D/QtiGsmDCT( 3447): [0]getDataEnabled: getIntWithSubId retVal=true
04-13 22:24:18.871 V/LG-FASTDORMANCY( 3447): [DCH/FACH] FDCount : 0 intent received :com.android.internal.telephony.ACTION_CHECK_NETSTAT
04-13 22:24:18.877 V/LG-FASTDORMANCY( 3447): [DCH/FACH] FDCount : 0 prev: TxPkts(144846), RxPkts(174769)
04-13 22:24:18.877 V/LG-FASTDORMANCY( 3447): [DCH/FACH] FDCount : 0 curr: TxPkts(144962), RxPkts(174955)
04-13 22:24:18.878 I/LG-FASTDORMANCY( 3447): [DCH/FACH] FDCount : 0 Scheduling checkNetStat for 1000msec, current state is [DCH/FACH] FDCount : 0 
04-13 22:24:19.486 D/QtiGsmDCT( 3447): [0]updateDataActivity: curTxRxSum={txSum=144962 rxSum=174955} preTxRxSum={txSum=144962 rxSum=174955}
04-13 22:24:19.486 D/QtiGsmDCT( 3447): [0]updateDataActivity: sent=0 received=0
04-13 22:24:19.486 D/QtiGsmDCT( 3447): [0]updateDataActivity: newActivity=NONE
04-13 22:24:19.505 D/QtiGsmDCT( 3447): [0]getDataEnabled: getIntWithSubId retVal=true
04-13 22:24:19.890 V/LG-FASTDORMANCY( 3447): [DCH/FACH] FDCount : 0 intent received :com.android.internal.telephony.ACTION_CHECK_NETSTAT
04-13 22:24:19.896 V/LG-FASTDORMANCY( 3447): [DCH/FACH] FDCount : 0 prev: TxPkts(144962), RxPkts(174955)
04-13 22:24:19.897 V/LG-FASTDORMANCY( 3447): [DCH/FACH] FDCount : 0 curr: TxPkts(144962), RxPkts(174955)
04-13 22:24:19.897 I/LG-FASTDORMANCY( 3447): [DCH/FACH] FDCount : 1 Scheduling checkNetStat for 1000msec, current state is [DCH/FACH] FDCount : 1 
04-13 22:24:20.497 D/QtiGsmDCT( 3447): [0]updateDataActivity: curTxRxSum={txSum=144962 rxSum=174955} preTxRxSum={txSum=144962 rxSum=174955}
04-13 22:24:20.497 D/QtiGsmDCT( 3447): [0]updateDataActivity: sent=0 received=0
04-13 22:24:20.901 V/LG-FASTDORMANCY( 3447): [DCH/FACH] FDCount : 1 intent received :com.android.internal.telephony.ACTION_CHECK_NETSTAT
04-13 22:24:20.905 V/LG-FASTDORMANCY( 3447): [DCH/FACH] FDCount : 1 prev: TxPkts(144962), RxPkts(174955)
04-13 22:24:20.905 V/LG-FASTDORMANCY( 3447): [DCH/FACH] FDCount : 1 curr: TxPkts(144962), RxPkts(174955)
04-13 22:24:20.906 I/LG-FASTDORMANCY( 3447): [DCH/FACH] FDCount : 2 Scheduling checkNetStat for 1000msec, current state is [DCH/FACH] FDCount : 2 
04-13 22:24:21.503 D/QtiGsmDCT( 3447): [0]updateDataActivity: curTxRxSum={txSum=144962 rxSum=174955} preTxRxSum={txSum=144962 rxSum=174955}
04-13 22:24:21.503 D/QtiGsmDCT( 3447): [0]updateDataActivity: sent=0 received=0
04-13 22:24:21.910 V/LG-FASTDORMANCY( 3447): [DCH/FACH] FDCount : 2 intent received :com.android.internal.telephony.ACTION_CHECK_NETSTAT
04-13 22:24:21.914 V/LG-FASTDORMANCY( 3447): [DCH/FACH] FDCount : 2 prev: TxPkts(144962), RxPkts(174955)
04-13 22:24:21.914 V/LG-FASTDORMANCY( 3447): [DCH/FACH] FDCount : 2 curr: TxPkts(144962), RxPkts(174955)
04-13 22:24:21.915 I/LG-FASTDORMANCY( 3447): [DCH/FACH] FDCount : 3 Scheduling checkNetStat for 1000msec, current state is [DCH/FACH] FDCount : 3 
04-13 22:24:22.513 D/QtiGsmDCT( 3447): [0]updateDataActivity: curTxRxSum={txSum=144999 rxSum=174992} preTxRxSum={txSum=144962 rxSum=174955}
04-13 22:24:22.513 D/QtiGsmDCT( 3447): [0]updateDataActivity: sent=37 received=37
04-13 22:24:22.513 D/QtiGsmDCT( 3447): [0]updateDataActivity: newActivity=DATAINANDOUT
04-13 22:24:22.523 D/QtiGsmDCT( 3447): [0]getDataEnabled: getIntWithSubId retVal=true
04-13 22:24:22.919 V/LG-FASTDORMANCY( 3447): [DCH/FACH] FDCount : 3 intent received :com.android.internal.telephony.ACTION_CHECK_NETSTAT
04-13 22:24:22.924 V/LG-FASTDORMANCY( 3447): [DCH/FACH] FDCount : 3 prev: TxPkts(144962), RxPkts(174955)
04-13 22:24:22.924 V/LG-FASTDORMANCY( 3447): [DCH/FACH] FDCount : 3 curr: TxPkts(145139), RxPkts(175130)
04-13 22:24:22.925 I/LG-FASTDORMANCY( 3447): [DCH/FACH] FDCount : 0 Scheduling checkNetStat for 1000msec, current state is [DCH/FACH] FDCount : 0 
04-13 22:24:23.523 D/QtiGsmDCT( 3447): [0]updateDataActivity: curTxRxSum={txSum=145139 rxSum=175130} preTxRxSum={txSum=144999 rxSum=174992}
04-13 22:24:23.523 D/QtiGsmDCT( 3447): [0]updateDataActivity: sent=140 received=138
04-13 22:24:23.932 V/LG-FASTDORMANCY( 3447): [DCH/FACH] FDCount : 0 intent received :com.android.internal.telephony.ACTION_CHECK_NETSTAT
04-13 22:24:23.939 V/LG-FASTDORMANCY( 3447): [DCH/FACH] FDCount : 0 prev: TxPkts(145139), RxPkts(175130)
04-13 22:24:23.939 V/LG-FASTDORMANCY( 3447): [DCH/FACH] FDCount : 0 curr: TxPkts(145139), RxPkts(175130)
04-13 22:24:23.941 I/LG-FASTDORMANCY( 3447): [DCH/FACH] FDCount : 1 Scheduling checkNetStat for 1000msec, current state is [DCH/FACH] FDCount : 1 
04-13 22:24:24.527 D/QtiGsmDCT( 3447): [0]updateDataActivity: curTxRxSum={txSum=145247 rxSum=175296} preTxRxSum={txSum=145139 rxSum=175130}
04-13 22:24:24.528 D/QtiGsmDCT( 3447): [0]updateDataActivity: sent=108 received=166
04-13 22:24:24.946 V/LG-FASTDORMANCY( 3447): [DCH/FACH] FDCount : 1 intent received :com.android.internal.telephony.ACTION_CHECK_NETSTAT
04-13 22:24:24.952 V/LG-FASTDORMANCY( 3447): [DCH/FACH] FDCount : 1 prev: TxPkts(145139), RxPkts(175130)
04-13 22:24:24.952 V/LG-FASTDORMANCY( 3447): [DCH/FACH] FDCount : 1 curr: TxPkts(145249), RxPkts(175298)
04-13 22:24:24.953 I/LG-FASTDORMANCY( 3447): [DCH/FACH] FDCount : 0 Scheduling checkNetStat for 1000msec, current state is [DCH/FACH] FDCount : 0 
04-13 22:24:25.535 D/QtiGsmDCT( 3447): [0]updateDataActivity: curTxRxSum={txSum=145325 rxSum=175434} preTxRxSum={txSum=145247 rxSum=175296}
04-13 22:24:25.535 D/QtiGsmDCT( 3447): [0]updateDataActivity: sent=78 received=138
04-13 22:24:25.957 V/LG-FASTDORMANCY( 3447): [DCH/FACH] FDCount : 0 intent received :com.android.internal.telephony.ACTION_CHECK_NETSTAT
04-13 22:24:25.961 V/LG-FASTDORMANCY( 3447): [DCH/FACH] FDCount : 0 prev: TxPkts(145249), RxPkts(175298)
04-13 22:24:25.961 V/LG-FASTDORMANCY( 3447): [DCH/FACH] FDCount : 0 curr: TxPkts(145325), RxPkts(175434)
04-13 22:24:25.962 I/LG-FASTDORMANCY( 3447): [DCH/FACH] FDCount : 0 Scheduling checkNetStat for 1000msec, current state is [DCH/FACH] FDCount : 0 
04-13 22:24:26.541 D/QtiGsmDCT( 3447): [0]updateDataActivity: curTxRxSum={txSum=145325 rxSum=175434} preTxRxSum={txSum=145325 rxSum=175434}
04-13 22:24:26.541 D/QtiGsmDCT( 3447): [0]updateDataActivity: sent=0 received=0
04-13 22:24:26.541 D/QtiGsmDCT( 3447): [0]updateDataActivity: newActivity=NONE
04-13 22:24:26.548 D/QtiGsmDCT( 3447): [0]getDataEnabled: getIntWithSubId retVal=true
04-13 22:24:26.968 V/LG-FASTDORMANCY( 3447): [DCH/FACH] FDCount : 0 intent received :com.android.internal.telephony.ACTION_CHECK_NETSTAT
04-13 22:24:26.971 V/LG-FASTDORMANCY( 3447): [DCH/FACH] FDCount : 0 prev: TxPkts(145325), RxPkts(175434)
04-13 22:24:26.971 V/LG-FASTDORMANCY( 3447): [DCH/FACH] FDCount : 0 curr: TxPkts(145325), RxPkts(175436)
04-13 22:24:26.973 I/LG-FASTDORMANCY( 3447): [DCH/FACH] FDCount : 0 Scheduling checkNetStat for 1000msec, current state is [DCH/FACH] FDCount : 0 
04-13 22:24:27.547 D/QtiGsmDCT( 3447): [0]updateDataActivity: curTxRxSum={txSum=145479 rxSum=175706} preTxRxSum={txSum=145325 rxSum=175434}
04-13 22:24:27.547 D/QtiGsmDCT( 3447): [0]updateDataActivity: sent=154 received=272
04-13 22:24:27.547 D/QtiGsmDCT( 3447): [0]updateDataActivity: newActivity=DATAINANDOUT
04-13 22:24:27.554 D/QtiGsmDCT( 3447): [0]getDataEnabled: getIntWithSubId retVal=true
04-13 22:24:27.976 V/LG-FASTDORMANCY( 3447): [DCH/FACH] FDCount : 0 intent received :com.android.internal.telephony.ACTION_CHECK_NETSTAT
04-13 22:24:27.979 V/LG-FASTDORMANCY( 3447): [DCH/FACH] FDCount : 0 prev: TxPkts(145325), RxPkts(175436)
04-13 22:24:27.979 V/LG-FASTDORMANCY( 3447): [DCH/FACH] FDCount : 0 curr: TxPkts(145479), RxPkts(175706)
04-13 22:24:27.980 I/LG-FASTDORMANCY( 3447): [DCH/FACH] FDCount : 0 Scheduling checkNetStat for 1000msec, current state is [DCH/FACH] FDCount : 0 
04-13 22:24:28.554 D/QtiGsmDCT( 3447): [0]updateDataActivity: curTxRxSum={txSum=145479 rxSum=175706} preTxRxSum={txSum=145479 rxSum=175706}
04-13 22:24:28.554 D/QtiGsmDCT( 3447): [0]updateDataActivity: sent=0 received=0
04-13 22:24:28.554 D/QtiGsmDCT( 3447): [0]updateDataActivity: newActivity=NONE
04-13 22:24:28.565 D/QtiGsmDCT( 3447): [0]getDataEnabled: getIntWithSubId retVal=true
04-13 22:24:28.985 V/LG-FASTDORMANCY( 3447): [DCH/FACH] FDCount : 0 intent received :com.android.internal.telephony.ACTION_CHECK_NETSTAT
04-13 22:24:28.992 V/LG-FASTDORMANCY( 3447): [DCH/FACH] FDCount : 0 prev: TxPkts(145479), RxPkts(175706)
04-13 22:24:28.992 V/LG-FASTDORMANCY( 3447): [DCH/FACH] FDCount : 0 curr: TxPkts(145491), RxPkts(175714)
04-13 22:24:28.994 I/LG-FASTDORMANCY( 3447): [DCH/FACH] FDCount : 0 Scheduling checkNetStat for 1000msec, current state is [DCH/FACH] FDCount : 0 
04-13 22:24:29.570 D/QtiGsmDCT( 3447): [0]updateDataActivity: curTxRxSum={txSum=145501 rxSum=175732} preTxRxSum={txSum=145479 rxSum=175706}
04-13 22:24:29.570 D/QtiGsmDCT( 3447): [0]updateDataActivity: sent=22 received=26
04-13 22:24:29.570 D/QtiGsmDCT( 3447): [0]updateDataActivity: newActivity=DATAINANDOUT
04-13 22:24:29.593 D/QtiGsmDCT( 3447): [0]getDataEnabled: getIntWithSubId retVal=true
04-13 22:24:29.998 V/LG-FASTDORMANCY( 3447): [DCH/FACH] FDCount : 0 intent received :com.android.internal.telephony.ACTION_CHECK_NETSTAT
04-13 22:24:30.002 V/LG-FASTDORMANCY( 3447): [DCH/FACH] FDCount : 0 prev: TxPkts(145491), RxPkts(175714)
04-13 22:24:30.002 V/LG-FASTDORMANCY( 3447): [DCH/FACH] FDCount : 0 curr: TxPkts(145520), RxPkts(175745)
04-13 22:24:30.003 I/LG-FASTDORMANCY( 3447): [DCH/FACH] FDCount : 0 Scheduling checkNetStat for 1000msec, current state is [DCH/FACH] FDCount : 0 
04-13 22:24:30.581 D/QtiGsmDCT( 3447): [0]updateDataActivity: curTxRxSum={txSum=145774 rxSum=176007} preTxRxSum={txSum=145501 rxSum=175732}
04-13 22:24:30.582 D/QtiGsmDCT( 3447): [0]updateDataActivity: sent=273 received=275
04-13 22:24:31.007 V/LG-FASTDORMANCY( 3447): [DCH/FACH] FDCount : 0 intent received :com.android.internal.telephony.ACTION_CHECK_NETSTAT
04-13 22:24:31.010 V/LG-FASTDORMANCY( 3447): [DCH/FACH] FDCount : 0 prev: TxPkts(145520), RxPkts(175745)
04-13 22:24:31.010 V/LG-FASTDORMANCY( 3447): [DCH/FACH] FDCount : 0 curr: TxPkts(145774), RxPkts(176007)
04-13 22:24:31.011 I/LG-FASTDORMANCY( 3447): [DCH/FACH] FDCount : 0 Scheduling checkNetStat for 1000msec, current state is [DCH/FACH] FDCount : 0 
04-13 22:24:31.586 D/QtiGsmDCT( 3447): [0]updateDataActivity: curTxRxSum={txSum=145774 rxSum=176007} preTxRxSum={txSum=145774 rxSum=176007}
04-13 22:24:31.586 D/QtiGsmDCT( 3447): [0]updateDataActivity: sent=0 received=0
04-13 22:24:31.586 D/QtiGsmDCT( 3447): [0]updateDataActivity: newActivity=NONE
04-13 22:24:31.595 D/QtiGsmDCT( 3447): [0]getDataEnabled: getIntWithSubId retVal=true
04-13 22:24:31.657 I/RILC    (  370): RIL_SOCKET_1 UNSOLICITED: RIL_UNSOL_LTE_REJECT_CAUSE length:16
04-13 22:24:31.657 E/RILC    (  370): Send Response to RIL_SOCKET_1
04-13 22:24:31.657 E/RILC    (  370): RIL Response bytes written:4
04-13 22:24:31.657 D/RILJ    ( 3447): [UNSL]< RIL_UNSOL_LTE_REJECT_CAUSE {15} [SUB0]
04-13 22:24:31.657 E/RILC    (  370): RIL Response bytes written:16
04-13 22:24:31.659 I/RILC    (  370): RIL_SOCKET_1 UNSOLICITED: UNSOL_OEM_HOOK_RAW length:32
04-13 22:24:31.659 E/RILC    (  370): Send Response to RIL_SOCKET_1
04-13 22:24:31.659 E/RILC    (  370): RIL Response bytes written:4
04-13 22:24:31.659 V/RILJ    ( 3447): [UNSL]< UNSOL_OEM_HOOK_RAW 514f454d484f4f4bef0308000100000002 [SUB0]
04-13 22:24:31.659 D/RILJ    ( 3447): Oem ID in RIL_UNSOL_OEM_HOOK_RAW is QOEMHOOK
04-13 22:24:31.659 D/RILJ    ( 3447): OEM ID check Passed
04-13 22:24:31.659 D/RILJ    ( 3447): Response ID in RIL_UNSOL_OEM_HOOK_RAW is 525295
04-13 22:24:31.659 D/RILJ    ( 3447): Response ID 525295 is not served in this process.
04-13 22:24:31.659 E/RILC    (  370): RIL Response bytes written:32
04-13 22:24:31.661 I/RILC    (  370): RIL_SOCKET_1 UNSOLICITED: UNSOL_RESPONSE_VOICE_NETWORK_STATE_CHANGED length:8
04-13 22:24:31.661 E/RILC    (  370): Send Response to RIL_SOCKET_1
04-13 22:24:31.661 E/RILC    (  370): RIL Response bytes written:4
04-13 22:24:31.661 D/RILJ    ( 3447): [UNSL]< UNSOL_RESPONSE_VOICE_NETWORK_STATE_CHANGED [SUB0]
04-13 22:24:31.662 E/RILC    (  370): RIL Response bytes written:8
04-13 22:24:31.662 D/RILJ    ( 3447): [9254]> OPERATOR [SUB0]
04-13 22:24:31.663 I/RILQ    (  370): (0/370):RIL[0][event] qcril_arb_set_dsd_sys_status: old_pref_data 1 - new_data_pref 1
04-13 22:24:31.663 I/RILQ    (  370): (0/370):RIL[0][event] qcril_arb_set_dsd_sys_status: preferred dsd_sys_status nw=0x0, rat_value=0x1, so_mask=0x0000000000000011
04-13 22:24:31.663 I/RILQ    (  370): (0/370):RIL[0][event] qcril_arb_set_dsd_sys_status: preferred 1 - dsd_sys_status nw=0x0, rat_value=0x1, so_mask=0x0000000000000011
04-13 22:24:31.663 I/RILQ    (  370): (0/370):RIL[0][event] qcril_arb_set_dsd_sys_status: is_wwan_available 0
04-13 22:24:31.663 I/RILC    (  370): RIL_SOCKET_1 UNSOLICITED: UNSOL_OEM_HOOK_RAW length:32
04-13 22:24:31.663 E/RILC    (  370): Send Response to RIL_SOCKET_1
04-13 22:24:31.663 E/RILC    (  370): RIL Response bytes written:4
04-13 22:24:31.663 E/RILC    (  370): RIL Response bytes written:32
04-13 22:24:31.664 V/RILJ    ( 3447): [UNSL]< UNSOL_OEM_HOOK_RAW 514f454d484f4f4bfa0308000100000000 [SUB0]
04-13 22:24:31.664 D/RILJ    ( 3447): Oem ID in RIL_UNSOL_OEM_HOOK_RAW is QOEMHOOK
04-13 22:24:31.664 D/RILJ    ( 3447): OEM ID check Passed
04-13 22:24:31.664 D/RILJ    ( 3447): Response ID in RIL_UNSOL_OEM_HOOK_RAW is 525306
04-13 22:24:31.664 D/RILJ    ( 3447): WWAN, IWLAN coexistence notified to registrants
04-13 22:24:31.665 D/RILJ    ( 3447): [9255]> DATA_REGISTRATION_STATE [SUB0]
04-13 22:24:31.666 D/RILC    (  370): SOCKET RIL_SOCKET_1 REQUEST: OPERATOR length:8
04-13 22:24:31.666 I/RILC    (  370): RIL_SOCKET_1 UNSOLICITED: RIL_UNSOL_LTE_REJECT_CAUSE length:16
04-13 22:24:31.666 E/RILC    (  370): Send Response to RIL_SOCKET_1
04-13 22:24:31.666 E/RILC    (  370): RIL Response bytes written:4
04-13 22:24:31.666 E/RILC    (  370): RIL Response bytes written:16
04-13 22:24:31.667 D/RILJ    ( 3447): [UNSL]< RIL_UNSOL_LTE_REJECT_CAUSE {15} [SUB0]
04-13 22:24:31.667 D/RILJ    ( 3447): [9256]> VOICE_REGISTRATION_STATE [SUB0]
04-13 22:24:31.668 I/RILC    (  370): RIL_SOCKET_1 UNSOLICITED: UNSOL_RESPONSE_VOICE_NETWORK_STATE_CHANGED length:8
04-13 22:24:31.668 E/RILC    (  370): Send Response to RIL_SOCKET_1
04-13 22:24:31.668 E/RILC    (  370): RIL Response bytes written:4
04-13 22:24:31.668 E/RILC    (  370): RIL Response bytes written:8
04-13 22:24:31.668 D/RILJ    ( 3447): [UNSL]< UNSOL_RESPONSE_VOICE_NETWORK_STATE_CHANGED [SUB0]
04-13 22:24:31.668 D/RILJ    ( 3447): [9257]> QUERY_NETWORK_SELECTION_MODE [SUB0]
04-13 22:24:31.669 D/RILJ    ( 3447): [9258]> OPERATOR [SUB0]
04-13 22:24:31.670 D/RILJ    ( 3447): [9259]> DATA_REGISTRATION_STATE [SUB0]
04-13 22:24:31.671 D/RILC    (  370): SOCKET RIL_SOCKET_1 REQUEST: DATA_REGISTRATION_STATE length:8
04-13 22:24:31.672 D/RILJ    ( 3447): [9260]> VOICE_REGISTRATION_STATE [SUB0]
04-13 22:24:31.673 D/RILC    (  370): SOCKET RIL_SOCKET_1 REQUEST: VOICE_REGISTRATION_STATE length:8
04-13 22:24:31.673 D/RILJ    ( 3447): [9261]> QUERY_NETWORK_SELECTION_MODE [SUB0]
04-13 22:24:31.674 D/RILC    (  370): SOCKET RIL_SOCKET_1 REQUEST: QUERY_NETWORK_SELECTION_MODE length:8
04-13 22:24:31.679 D/RILC    (  370): RequestComplete, RIL_SOCKET_1
04-13 22:24:31.679 E/RILC    (  370): Send Response to RIL_SOCKET_1
04-13 22:24:31.679 E/RILC    (  370): RIL Response bytes written:4
04-13 22:24:31.680 D/RILJ    ( 3447): [9254]< OPERATOR {Orange, Orange, 26003} [SUB0]
04-13 22:24:31.680 E/RILC    (  370): RIL Response bytes written:72
04-13 22:24:31.681 D/RILC    (  370): SOCKET RIL_SOCKET_1 REQUEST: OPERATOR length:8
04-13 22:24:31.684 D/RILC    (  370): RequestComplete, RIL_SOCKET_1
04-13 22:24:31.684 E/RILC    (  370): Send Response to RIL_SOCKET_1
04-13 22:24:31.684 E/RILC    (  370): RIL Response bytes written:4
04-13 22:24:31.684 E/RILC    (  370): RIL Response bytes written:120
04-13 22:24:31.684 D/RILJ    ( 3447): [9255]< DATA_REGISTRATION_STATE {1, dff2, 02bec830, 15, null, 20, null, null, null, null, null, 0} [SUB0]
04-13 22:24:31.687 D/RILC    (  370): SOCKET RIL_SOCKET_1 REQUEST: DATA_REGISTRATION_STATE length:8
04-13 22:24:31.687 D/RILC    (  370): RequestComplete, RIL_SOCKET_1
04-13 22:24:31.688 E/RILC    (  370): Send Response to RIL_SOCKET_1
04-13 22:24:31.689 E/RILC    (  370): RIL Response bytes written:4
04-13 22:24:31.690 D/RILJ    ( 3447): [9257]< QUERY_NETWORK_SELECTION_MODE {0} [SUB0]
04-13 22:24:31.690 E/RILC    (  370): RIL Response bytes written:20
04-13 22:24:31.691 D/RILC    (  370): SOCKET RIL_SOCKET_1 REQUEST: VOICE_REGISTRATION_STATE length:8
04-13 22:24:31.691 D/RILC    (  370): RequestComplete, RIL_SOCKET_1
04-13 22:24:31.691 E/RILC    (  370): Send Response to RIL_SOCKET_1
04-13 22:24:31.691 E/RILC    (  370): RIL Response bytes written:4
04-13 22:24:31.692 E/RILC    (  370): RIL Response bytes written:136
04-13 22:24:31.692 D/RILJ    ( 3447): [9256]< VOICE_REGISTRATION_STATE {1, dff2, 02bec830, 3, null, null, null, 0, null, null, 1, null, null, 0, 1d8} [SUB0]
04-13 22:24:31.693 D/RILC    (  370): SOCKET RIL_SOCKET_1 REQUEST: QUERY_NETWORK_SELECTION_MODE length:8
04-13 22:24:31.696 D/RILC    (  370): RequestComplete, RIL_SOCKET_1
04-13 22:24:31.696 E/RILC    (  370): Send Response to RIL_SOCKET_1
04-13 22:24:31.698 E/RILC    (  370): RIL Response bytes written:4
04-13 22:24:31.698 D/RILJ    ( 3447): [9258]< OPERATOR {Orange, Orange, 26003} [SUB0]
04-13 22:24:31.698 E/RILC    (  370): RIL Response bytes written:72
04-13 22:24:31.699 D/RILC    (  370): RequestComplete, RIL_SOCKET_1
04-13 22:24:31.699 E/RILC    (  370): Send Response to RIL_SOCKET_1
04-13 22:24:31.699 E/RILC    (  370): RIL Response bytes written:4
04-13 22:24:31.699 E/RILC    (  370): RIL Response bytes written:120
04-13 22:24:31.700 D/RILJ    ( 3447): [9259]< DATA_REGISTRATION_STATE {1, dff2, 02bec830, 15, null, 20, null, null, null, null, null, 0} [SUB0]
04-13 22:24:31.700 D/GsmSST  ( 3447): isSFROperators result = false
04-13 22:24:31.700 D/PHONE   ( 3447): [ServiceState] setDataRegState=0
04-13 22:24:31.700 D/PHONE   ( 3447): [ServiceState] setDataRadioTechnology=15
04-13 22:24:31.700 D/GsmSST  ( 3447): [GsmSST] LOGRadioInfo : In Service
04-13 22:24:31.700 D/GsmSST  ( 3447): [GsmSST] handlPollStateResultMessage: GsmSST setDataRegState=0 regState=1 dataRadioTechnology=15
04-13 22:24:31.702 D/RILC    (  370): RequestComplete, RIL_SOCKET_1
04-13 22:24:31.702 E/RILC    (  370): Send Response to RIL_SOCKET_1
04-13 22:24:31.703 E/RILC    (  370): RIL Response bytes written:4
04-13 22:24:31.703 D/RILJ    ( 3447): [9261]< QUERY_NETWORK_SELECTION_MODE {0} [SUB0]
04-13 22:24:31.703 E/RILC    (  370): RIL Response bytes written:20
04-13 22:24:31.703 D/RILC    (  370): RequestComplete, RIL_SOCKET_1
04-13 22:24:31.703 E/RILC    (  370): Send Response to RIL_SOCKET_1
04-13 22:24:31.703 E/RILC    (  370): RIL Response bytes written:4
04-13 22:24:31.704 D/RILJ    ( 3447): [9260]< VOICE_REGISTRATION_STATE {1, dff2, 02bec830, 3, null, null, null, 0, null, null, 1, null, null, 0, 1d8} [SUB0]
04-13 22:24:31.704 E/RILC    (  370): RIL Response bytes written:136
04-13 22:24:31.707 D/PHONE   ( 3447): [ServiceState] setVoiceRegState=0
04-13 22:24:31.707 E/PHONE   ( 3447): [ServiceState] setState deprecated use setVoiceRegState()
04-13 22:24:31.707 D/GsmSST  ( 3447): [GsmSST] LOGRadioInfo : In Service
04-13 22:24:31.712 D/GsmSST  ( 3447): [GsmSST] Poll ServiceState done:  oldSS=[0 0 voice home data home Orange Orange 26003 Orange Orange 26003  UMTS HSPAP CSS not supported -1 -1 RoamInd=-1 DefRoamInd=-1 EmergOnly=false IsDataRoamingFromRegistration=false mIsVoiceSearching=false mIsDataSearching=false mVoiceNetworkName=null mDataNetworkName=null Check64QAM0 Dual carrier0] newSS=[0 0 voice home data home Orange Orange 26003 Orange Orange 26003  UMTS HSPAP CSS not supported -1 -1 RoamInd=-1 DefRoamInd=-1 EmergOnly=false IsDataRoamingFromRegistration=false mIsVoiceSearching=false mIsDataSearching=false mVoiceNetworkName=null mDataNetworkName=null Check64QAM0 Dual carrier0] oldMaxDataCalls=20 mNewMaxDataCalls=20 oldReasonDataDenied=-1 mNewReasonDataDenied=-1
04-13 22:24:31.712 D/PHONE   ( 3447): [ServiceState] setNullState=1
04-13 22:24:32.016 V/LG-FASTDORMANCY( 3447): [DCH/FACH] FDCount : 0 intent received :com.android.internal.telephony.ACTION_CHECK_NETSTAT
04-13 22:24:32.021 V/LG-FASTDORMANCY( 3447): [DCH/FACH] FDCount : 0 prev: TxPkts(145774), RxPkts(176007)
04-13 22:24:32.021 V/LG-FASTDORMANCY( 3447): [DCH/FACH] FDCount : 0 curr: TxPkts(145774), RxPkts(176007)
04-13 22:24:32.022 I/LG-FASTDORMANCY( 3447): [DCH/FACH] FDCount : 1 Scheduling checkNetStat for 1000msec, current state is [DCH/FACH] FDCount : 1 
04-13 22:24:32.592 D/QtiGsmDCT( 3447): [0]updateDataActivity: curTxRxSum={txSum=145774 rxSum=176007} preTxRxSum={txSum=145774 rxSum=176007}
04-13 22:24:32.592 D/QtiGsmDCT( 3447): [0]updateDataActivity: sent=0 received=0
04-13 22:24:33.026 V/LG-FASTDORMANCY( 3447): [DCH/FACH] FDCount : 1 intent received :com.android.internal.telephony.ACTION_CHECK_NETSTAT
04-13 22:24:33.030 V/LG-FASTDORMANCY( 3447): [DCH/FACH] FDCount : 1 prev: TxPkts(145774), RxPkts(176007)
04-13 22:24:33.030 V/LG-FASTDORMANCY( 3447): [DCH/FACH] FDCount : 1 curr: TxPkts(145776), RxPkts(176009)
04-13 22:24:33.032 I/LG-FASTDORMANCY( 3447): [DCH/FACH] FDCount : 0 Scheduling checkNetStat for 1000msec, current state is [DCH/FACH] FDCount : 0 
04-13 22:24:33.598 D/QtiGsmDCT( 3447): [0]updateDataActivity: curTxRxSum={txSum=145776 rxSum=176009} preTxRxSum={txSum=145774 rxSum=176007}
04-13 22:24:33.598 D/QtiGsmDCT( 3447): [0]updateDataActivity: sent=2 received=2
04-13 22:24:33.598 D/QtiGsmDCT( 3447): [0]updateDataActivity: newActivity=DATAINANDOUT
04-13 22:24:33.613 D/QtiGsmDCT( 3447): [0]getDataEnabled: getIntWithSubId retVal=true
04-13 22:24:34.035 V/LG-FASTDORMANCY( 3447): [DCH/FACH] FDCount : 0 intent received :com.android.internal.telephony.ACTION_CHECK_NETSTAT
04-13 22:24:34.038 V/LG-FASTDORMANCY( 3447): [DCH/FACH] FDCount : 0 prev: TxPkts(145776), RxPkts(176009)
04-13 22:24:34.038 V/LG-FASTDORMANCY( 3447): [DCH/FACH] FDCount : 0 curr: TxPkts(145782), RxPkts(176011)
04-13 22:24:34.039 I/LG-FASTDORMANCY( 3447): [DCH/FACH] FDCount : 0 Scheduling checkNetStat for 1000msec, current state is [DCH/FACH] FDCount : 0 
04-13 22:24:34.607 D/QtiGsmDCT( 3447): [0]updateDataActivity: curTxRxSum={txSum=145917 rxSum=176146} preTxRxSum={txSum=145776 rxSum=176009}
04-13 22:24:34.607 D/QtiGsmDCT( 3447): [0]updateDataActivity: sent=141 received=137
04-13 22:24:35.043 V/LG-FASTDORMANCY( 3447): [DCH/FACH] FDCount : 0 intent received :com.android.internal.telephony.ACTION_CHECK_NETSTAT
04-13 22:24:35.048 V/LG-FASTDORMANCY( 3447): [DCH/FACH] FDCount : 0 prev: TxPkts(145782), RxPkts(176011)
04-13 22:24:35.048 V/LG-FASTDORMANCY( 3447): [DCH/FACH] FDCount : 0 curr: TxPkts(146037), RxPkts(176293)
04-13 22:24:35.048 I/LG-FASTDORMANCY( 3447): [DCH/FACH] FDCount : 0 Scheduling checkNetStat for 1000msec, current state is [DCH/FACH] FDCount : 0 
04-13 22:24:35.611 D/QtiGsmDCT( 3447): [0]updateDataActivity: curTxRxSum={txSum=146043 rxSum=176298} preTxRxSum={txSum=145917 rxSum=176146}
04-13 22:24:35.611 D/QtiGsmDCT( 3447): [0]updateDataActivity: sent=126 received=152
04-13 22:24:35.941 I/RILC    (  370): RIL_SOCKET_1 UNSOLICITED: RIL_UNSOL_LTE_REJECT_CAUSE length:16
04-13 22:24:35.941 E/RILC    (  370): Send Response to RIL_SOCKET_1
04-13 22:24:35.943 E/RILC    (  370): RIL Response bytes written:4
04-13 22:24:35.943 E/RILC    (  370): RIL Response bytes written:16
04-13 22:24:35.944 D/RILJ    ( 3447): [UNSL]< RIL_UNSOL_LTE_REJECT_CAUSE {15} [SUB0]
04-13 22:24:35.946 I/RILC    (  370): RIL_SOCKET_1 UNSOLICITED: UNSOL_OEM_HOOK_RAW length:32
04-13 22:24:35.946 E/RILC    (  370): Send Response to RIL_SOCKET_1
04-13 22:24:35.946 E/RILC    (  370): RIL Response bytes written:4
04-13 22:24:35.946 V/RILJ    ( 3447): [UNSL]< UNSOL_OEM_HOOK_RAW 514f454d484f4f4bef0308000100000002 [SUB0]
04-13 22:24:35.946 D/RILJ    ( 3447): Oem ID in RIL_UNSOL_OEM_HOOK_RAW is QOEMHOOK
04-13 22:24:35.946 D/RILJ    ( 3447): OEM ID check Passed
04-13 22:24:35.946 D/RILJ    ( 3447): Response ID in RIL_UNSOL_OEM_HOOK_RAW is 525295
04-13 22:24:35.946 D/RILJ    ( 3447): Response ID 525295 is not served in this process.
04-13 22:24:35.946 E/RILC    (  370): RIL Response bytes written:32
04-13 22:24:35.948 I/RILC    (  370): RIL_SOCKET_1 UNSOLICITED: UNSOL_RESPONSE_VOICE_NETWORK_STATE_CHANGED length:8
04-13 22:24:35.948 E/RILC    (  370): Send Response to RIL_SOCKET_1
04-13 22:24:35.949 E/RILC    (  370): RIL Response bytes written:4
04-13 22:24:35.949 D/RILJ    ( 3447): [UNSL]< UNSOL_RESPONSE_VOICE_NETWORK_STATE_CHANGED [SUB0]
04-13 22:24:35.949 E/RILC    (  370): RIL Response bytes written:8
04-13 22:24:35.949 D/RILJ    ( 3447): [9262]> OPERATOR [SUB0]
04-13 22:24:35.950 I/RILQ    (  370): (0/370):RIL[0][event] qcril_arb_set_dsd_sys_status: old_pref_data 1 - new_data_pref 1
04-13 22:24:35.950 I/RILQ    (  370): (0/370):RIL[0][event] qcril_arb_set_dsd_sys_status: preferred dsd_sys_status nw=0x0, rat_value=0x1, so_mask=0x0000000000000015
04-13 22:24:35.950 D/RILJ    ( 3447): [9263]> DATA_REGISTRATION_STATE [SUB0]
04-13 22:24:35.951 D/RILC    (  370): SOCKET RIL_SOCKET_1 REQUEST: OPERATOR length:8
04-13 22:24:35.951 I/RILQ    (  370): (0/370):RIL[0][event] qcril_arb_set_dsd_sys_status: preferred 1 - dsd_sys_status nw=0x0, rat_value=0x1, so_mask=0x0000000000000015
04-13 22:24:35.951 I/RILQ    (  370): (0/370):RIL[0][event] qcril_arb_set_dsd_sys_status: is_wwan_available 0
04-13 22:24:35.952 D/RILJ    ( 3447): [9264]> VOICE_REGISTRATION_STATE [SUB0]
04-13 22:24:35.952 D/RILC    (  370): SOCKET RIL_SOCKET_1 REQUEST: DATA_REGISTRATION_STATE length:8
04-13 22:24:35.953 D/RILJ    ( 3447): [9265]> QUERY_NETWORK_SELECTION_MODE [SUB0]
04-13 22:24:35.958 D/RILC    (  370): SOCKET RIL_SOCKET_1 REQUEST: VOICE_REGISTRATION_STATE length:8
04-13 22:24:35.958 D/RILC    (  370): SOCKET RIL_SOCKET_1 REQUEST: QUERY_NETWORK_SELECTION_MODE length:8
04-13 22:24:35.959 I/RILC    (  370): RIL_SOCKET_1 UNSOLICITED: UNSOL_OEM_HOOK_RAW length:32
04-13 22:24:35.960 E/RILC    (  370): Send Response to RIL_SOCKET_1
04-13 22:24:35.960 E/RILC    (  370): RIL Response bytes written:4
04-13 22:24:35.960 E/RILC    (  370): RIL Response bytes written:32
04-13 22:24:35.960 V/RILJ    ( 3447): [UNSL]< UNSOL_OEM_HOOK_RAW 514f454d484f4f4bfa0308000100000000 [SUB0]
04-13 22:24:35.960 D/RILJ    ( 3447): Oem ID in RIL_UNSOL_OEM_HOOK_RAW is QOEMHOOK
04-13 22:24:35.960 D/RILJ    ( 3447): OEM ID check Passed
04-13 22:24:35.960 D/RILJ    ( 3447): Response ID in RIL_UNSOL_OEM_HOOK_RAW is 525306
04-13 22:24:35.960 D/RILJ    ( 3447): WWAN, IWLAN coexistence notified to registrants
04-13 22:24:35.971 D/RILC    (  370): RequestComplete, RIL_SOCKET_1
04-13 22:24:35.972 E/RILC    (  370): Send Response to RIL_SOCKET_1
04-13 22:24:35.972 E/RILC    (  370): RIL Response bytes written:4
04-13 22:24:35.972 E/RILC    (  370): RIL Response bytes written:72
04-13 22:24:35.972 D/RILJ    ( 3447): [9262]< OPERATOR {Orange, Orange, 26003} [SUB0]
04-13 22:24:35.975 D/RILC    (  370): RequestComplete, RIL_SOCKET_1
04-13 22:24:35.975 E/RILC    (  370): Send Response to RIL_SOCKET_1
04-13 22:24:35.977 E/RILC    (  370): RIL Response bytes written:4
04-13 22:24:35.977 D/RILJ    ( 3447): [9263]< DATA_REGISTRATION_STATE {1, dff2, 02bec830, 15, null, 20, null, null, null, null, null, 0} [SUB0]
04-13 22:24:35.977 E/RILC    (  370): RIL Response bytes written:120
04-13 22:24:35.977 D/GsmSST  ( 3447): isSFROperators result = false
04-13 22:24:35.977 D/PHONE   ( 3447): [ServiceState] setDataRegState=0
04-13 22:24:35.977 D/PHONE   ( 3447): [ServiceState] setDataRadioTechnology=15
04-13 22:24:35.977 D/GsmSST  ( 3447): [GsmSST] LOGRadioInfo : In Service
04-13 22:24:35.977 D/GsmSST  ( 3447): [GsmSST] handlPollStateResultMessage: GsmSST setDataRegState=0 regState=1 dataRadioTechnology=15
04-13 22:24:35.981 I/RILC    (  370): RIL_SOCKET_1 UNSOLICITED: RIL_UNSOL_LTE_REJECT_CAUSE length:16
04-13 22:24:35.981 E/RILC    (  370): Send Response to RIL_SOCKET_1
04-13 22:24:35.981 E/RILC    (  370): RIL Response bytes written:4
04-13 22:24:35.981 D/RILJ    ( 3447): [UNSL]< RIL_UNSOL_LTE_REJECT_CAUSE {15} [SUB0]
04-13 22:24:35.981 E/RILC    (  370): RIL Response bytes written:16
04-13 22:24:35.983 D/RILC    (  370): RequestComplete, RIL_SOCKET_1
04-13 22:24:35.983 E/RILC    (  370): Send Response to RIL_SOCKET_1
04-13 22:24:35.983 E/RILC    (  370): RIL Response bytes written:4
04-13 22:24:35.983 E/RILC    (  370): RIL Response bytes written:136
04-13 22:24:35.984 D/RILJ    ( 3447): [9264]< VOICE_REGISTRATION_STATE {1, dff2, 02bec830, 3, null, null, null, 0, null, null, 1, null, null, 0, 1d8} [SUB0]
04-13 22:24:35.984 D/PHONE   ( 3447): [ServiceState] setVoiceRegState=0
04-13 22:24:35.984 E/PHONE   ( 3447): [ServiceState] setState deprecated use setVoiceRegState()
04-13 22:24:35.984 D/GsmSST  ( 3447): [GsmSST] LOGRadioInfo : In Service
04-13 22:24:35.985 D/RILC    (  370): RequestComplete, RIL_SOCKET_1
04-13 22:24:35.985 E/RILC    (  370): Send Response to RIL_SOCKET_1
04-13 22:24:35.985 E/RILC    (  370): RIL Response bytes written:4
04-13 22:24:35.985 D/RILJ    ( 3447): [9265]< QUERY_NETWORK_SELECTION_MODE {0} [SUB0]
04-13 22:24:35.985 E/RILC    (  370): RIL Response bytes written:20
04-13 22:24:35.986 I/RILC    (  370): RIL_SOCKET_1 UNSOLICITED: UNSOL_RESPONSE_VOICE_NETWORK_STATE_CHANGED length:8
04-13 22:24:35.986 E/RILC    (  370): Send Response to RIL_SOCKET_1
04-13 22:24:35.986 E/RILC    (  370): RIL Response bytes written:4
04-13 22:24:35.986 E/RILC    (  370): RIL Response bytes written:8
04-13 22:24:35.987 D/RILJ    ( 3447): [UNSL]< UNSOL_RESPONSE_VOICE_NETWORK_STATE_CHANGED [SUB0]
04-13 22:24:35.988 D/GsmSST  ( 3447): [GsmSST] Poll ServiceState done:  oldSS=[0 0 voice home data home Orange Orange 26003 Orange Orange 26003  UMTS HSPAP CSS not supported -1 -1 RoamInd=-1 DefRoamInd=-1 EmergOnly=false IsDataRoamingFromRegistration=false mIsVoiceSearching=false mIsDataSearching=false mVoiceNetworkName=null mDataNetworkName=null Check64QAM0 Dual carrier0] newSS=[0 0 voice home data home Orange Orange 26003 Orange Orange 26003  UMTS HSPAP CSS not supported -1 -1 RoamInd=-1 DefRoamInd=-1 EmergOnly=false IsDataRoamingFromRegistration=false mIsVoiceSearching=false mIsDataSearching=false mVoiceNetworkName=null mDataNetworkName=null Check64QAM0 Dual carrier0] oldMaxDataCalls=20 mNewMaxDataCalls=20 oldReasonDataDenied=-1 mNewReasonDataDenied=-1
04-13 22:24:35.988 D/PHONE   ( 3447): [ServiceState] setNullState=1
04-13 22:24:35.988 D/RILJ    ( 3447): [9266]> OPERATOR [SUB0]
04-13 22:24:35.989 D/RILJ    ( 3447): [9267]> DATA_REGISTRATION_STATE [SUB0]
04-13 22:24:35.990 D/RILC    (  370): SOCKET RIL_SOCKET_1 REQUEST: OPERATOR length:8
04-13 22:24:35.991 D/RILJ    ( 3447): [9268]> VOICE_REGISTRATION_STATE [SUB0]
04-13 22:24:35.991 D/RILC    (  370): SOCKET RIL_SOCKET_1 REQUEST: DATA_REGISTRATION_STATE length:8
04-13 22:24:35.991 D/RILJ    ( 3447): [9269]> QUERY_NETWORK_SELECTION_MODE [SUB0]
04-13 22:24:35.993 D/RILC    (  370): SOCKET RIL_SOCKET_1 REQUEST: VOICE_REGISTRATION_STATE length:8
04-13 22:24:35.994 D/RILC    (  370): SOCKET RIL_SOCKET_1 REQUEST: QUERY_NETWORK_SELECTION_MODE length:8
04-13 22:24:36.000 D/RILC    (  370): RequestComplete, RIL_SOCKET_1
04-13 22:24:36.000 E/RILC    (  370): Send Response to RIL_SOCKET_1
04-13 22:24:36.000 E/RILC    (  370): RIL Response bytes written:4
04-13 22:24:36.000 D/RILJ    ( 3447): [9266]< OPERATOR {Orange, Orange, 26003} [SUB0]
04-13 22:24:36.000 E/RILC    (  370): RIL Response bytes written:72
04-13 22:24:36.003 D/RILC    (  370): RequestComplete, RIL_SOCKET_1
04-13 22:24:36.003 E/RILC    (  370): Send Response to RIL_SOCKET_1
04-13 22:24:36.003 E/RILC    (  370): RIL Response bytes written:4
04-13 22:24:36.003 E/RILC    (  370): RIL Response bytes written:20
04-13 22:24:36.003 D/RILJ    ( 3447): [9269]< QUERY_NETWORK_SELECTION_MODE {0} [SUB0]
04-13 22:24:36.004 D/RILC    (  370): RequestComplete, RIL_SOCKET_1
04-13 22:24:36.004 E/RILC    (  370): Send Response to RIL_SOCKET_1
04-13 22:24:36.004 E/RILC    (  370): RIL Response bytes written:4
04-13 22:24:36.004 E/RILC    (  370): RIL Response bytes written:136
04-13 22:24:36.005 D/RILJ    ( 3447): [9268]< VOICE_REGISTRATION_STATE {1, dff2, 02bec830, 3, null, null, null, 0, null, null, 1, null, null, 0, 1d8} [SUB0]
04-13 22:24:36.005 D/PHONE   ( 3447): [ServiceState] setVoiceRegState=0
04-13 22:24:36.005 E/PHONE   ( 3447): [ServiceState] setState deprecated use setVoiceRegState()
04-13 22:24:36.005 D/GsmSST  ( 3447): [GsmSST] LOGRadioInfo : In Service
04-13 22:24:36.009 D/RILC    (  370): RequestComplete, RIL_SOCKET_1
04-13 22:24:36.010 E/RILC    (  370): Send Response to RIL_SOCKET_1
04-13 22:24:36.010 E/RILC    (  370): RIL Response bytes written:4
04-13 22:24:36.010 E/RILC    (  370): RIL Response bytes written:120
04-13 22:24:36.010 D/RILJ    ( 3447): [9267]< DATA_REGISTRATION_STATE {1, dff2, 02bec830, 15, null, 20, null, null, null, null, null, 0} [SUB0]
04-13 22:24:36.011 D/GsmSST  ( 3447): isSFROperators result = false
04-13 22:24:36.011 D/PHONE   ( 3447): [ServiceState] setDataRegState=0
04-13 22:24:36.011 D/PHONE   ( 3447): [ServiceState] setDataRadioTechnology=15
04-13 22:24:36.011 D/GsmSST  ( 3447): [GsmSST] LOGRadioInfo : In Service
04-13 22:24:36.011 D/GsmSST  ( 3447): [GsmSST] handlPollStateResultMessage: GsmSST setDataRegState=0 regState=1 dataRadioTechnology=15
04-13 22:24:36.013 D/GsmSST  ( 3447): [GsmSST] Poll ServiceState done:  oldSS=[0 0 voice home data home Orange Orange 26003 Orange Orange 26003  UMTS HSPAP CSS not supported -1 -1 RoamInd=-1 DefRoamInd=-1 EmergOnly=false IsDataRoamingFromRegistration=false mIsVoiceSearching=false mIsDataSearching=false mVoiceNetworkName=null mDataNetworkName=null Check64QAM0 Dual carrier0] newSS=[0 0 voice home data home Orange Orange 26003 Orange Orange 26003  UMTS HSPAP CSS not supported -1 -1 RoamInd=-1 DefRoamInd=-1 EmergOnly=false IsDataRoamingFromRegistration=false mIsVoiceSearching=false mIsDataSearching=false mVoiceNetworkName=null mDataNetworkName=null Check64QAM0 Dual carrier0] oldMaxDataCalls=20 mNewMaxDataCalls=20 oldReasonDataDenied=-1 mNewReasonDataDenied=-1
04-13 22:24:36.013 D/PHONE   ( 3447): [ServiceState] setNullState=1
04-13 22:24:36.052 V/LG-FASTDORMANCY( 3447): [DCH/FACH] FDCount : 0 intent received :com.android.internal.telephony.ACTION_CHECK_NETSTAT
04-13 22:24:36.064 V/LG-FASTDORMANCY( 3447): [DCH/FACH] FDCount : 0 prev: TxPkts(146037), RxPkts(176293)
04-13 22:24:36.064 V/LG-FASTDORMANCY( 3447): [DCH/FACH] FDCount : 0 curr: TxPkts(146125), RxPkts(176384)
04-13 22:24:36.069 I/LG-FASTDORMANCY( 3447): [DCH/FACH] FDCount : 0 Scheduling checkNetStat for 1000msec, current state is [DCH/FACH] FDCount : 0 
04-13 22:24:36.617 D/QtiGsmDCT( 3447): [0]updateDataActivity: curTxRxSum={txSum=146511 rxSum=176776} preTxRxSum={txSum=146043 rxSum=176298}
04-13 22:24:36.617 D/QtiGsmDCT( 3447): [0]updateDataActivity: sent=468 received=478
04-13 22:24:37.074 V/LG-FASTDORMANCY( 3447): [DCH/FACH] FDCount : 0 intent received :com.android.internal.telephony.ACTION_CHECK_NETSTAT
04-13 22:24:37.079 V/LG-FASTDORMANCY( 3447): [DCH/FACH] FDCount : 0 prev: TxPkts(146125), RxPkts(176384)
04-13 22:24:37.080 V/LG-FASTDORMANCY( 3447): [DCH/FACH] FDCount : 0 curr: TxPkts(146814), RxPkts(177144)
04-13 22:24:37.080 I/LG-FASTDORMANCY( 3447): [DCH/FACH] FDCount : 0 Scheduling checkNetStat for 1000msec, current state is [DCH/FACH] FDCount : 0 
04-13 22:24:37.622 D/QtiGsmDCT( 3447): [0]updateDataActivity: curTxRxSum={txSum=146823 rxSum=177172} preTxRxSum={txSum=146511 rxSum=176776}
04-13 22:24:37.622 D/QtiGsmDCT( 3447): [0]updateDataActivity: sent=312 received=396
04-13 22:24:38.085 V/LG-FASTDORMANCY( 3447): [DCH/FACH] FDCount : 0 intent received :com.android.internal.telephony.ACTION_CHECK_NETSTAT
04-13 22:24:38.089 V/LG-FASTDORMANCY( 3447): [DCH/FACH] FDCount : 0 prev: TxPkts(146814), RxPkts(177144)
04-13 22:24:38.089 V/LG-FASTDORMANCY( 3447): [DCH/FACH] FDCount : 0 curr: TxPkts(146823), RxPkts(177172)
04-13 22:24:38.090 I/LG-FASTDORMANCY( 3447): [DCH/FACH] FDCount : 0 Scheduling checkNetStat for 1000msec, current state is [DCH/FACH] FDCount : 0 
04-13 22:24:38.640 D/QtiGsmDCT( 3447): [0]updateDataActivity: curTxRxSum={txSum=146823 rxSum=177172} preTxRxSum={txSum=146823 rxSum=177172}
04-13 22:24:38.641 D/QtiGsmDCT( 3447): [0]updateDataActivity: sent=0 received=0
04-13 22:24:38.641 D/QtiGsmDCT( 3447): [0]updateDataActivity: newActivity=NONE
04-13 22:24:38.650 D/QtiGsmDCT( 3447): [0]getDataEnabled: getIntWithSubId retVal=true
04-13 22:24:39.094 V/LG-FASTDORMANCY( 3447): [DCH/FACH] FDCount : 0 intent received :com.android.internal.telephony.ACTION_CHECK_NETSTAT
04-13 22:24:39.101 V/LG-FASTDORMANCY( 3447): [DCH/FACH] FDCount : 0 prev: TxPkts(146823), RxPkts(177172)
04-13 22:24:39.101 V/LG-FASTDORMANCY( 3447): [DCH/FACH] FDCount : 0 curr: TxPkts(146830), RxPkts(177177)
04-13 22:24:39.102 I/LG-FASTDORMANCY( 3447): [DCH/FACH] FDCount : 0 Scheduling checkNetStat for 1000msec, current state is [DCH/FACH] FDCount : 0 
04-13 22:24:39.648 D/QtiGsmDCT( 3447): [0]updateDataActivity: curTxRxSum={txSum=147032 rxSum=177379} preTxRxSum={txSum=146823 rxSum=177172}
04-13 22:24:39.648 D/QtiGsmDCT( 3447): [0]updateDataActivity: sent=209 received=207
04-13 22:24:39.648 D/QtiGsmDCT( 3447): [0]updateDataActivity: newActivity=DATAINANDOUT
04-13 22:24:39.662 D/QtiGsmDCT( 3447): [0]getDataEnabled: getIntWithSubId retVal=true
04-13 22:24:40.110 V/LG-FASTDORMANCY( 3447): [DCH/FACH] FDCount : 0 intent received :com.android.internal.telephony.ACTION_CHECK_NETSTAT
04-13 22:24:40.117 V/LG-FASTDORMANCY( 3447): [DCH/FACH] FDCount : 0 prev: TxPkts(146830), RxPkts(177177)
04-13 22:24:40.117 V/LG-FASTDORMANCY( 3447): [DCH/FACH] FDCount : 0 curr: TxPkts(147034), RxPkts(177381)
04-13 22:24:40.118 I/LG-FASTDORMANCY( 3447): [DCH/FACH] FDCount : 0 Scheduling checkNetStat for 1000msec, current state is [DCH/FACH] FDCount : 0 
04-13 22:24:40.656 D/QtiGsmDCT( 3447): [0]updateDataActivity: curTxRxSum={txSum=147128 rxSum=177473} preTxRxSum={txSum=147032 rxSum=177379}
04-13 22:24:40.656 D/QtiGsmDCT( 3447): [0]updateDataActivity: sent=96 received=94
04-13 22:24:41.123 V/LG-FASTDORMANCY( 3447): [DCH/FACH] FDCount : 0 intent received :com.android.internal.telephony.ACTION_CHECK_NETSTAT
04-13 22:24:41.130 V/LG-FASTDORMANCY( 3447): [DCH/FACH] FDCount : 0 prev: TxPkts(147034), RxPkts(177381)
04-13 22:24:41.130 V/LG-FASTDORMANCY( 3447): [DCH/FACH] FDCount : 0 curr: TxPkts(147208), RxPkts(177555)
04-13 22:24:41.131 I/LG-FASTDORMANCY( 3447): [DCH/FACH] FDCount : 0 Scheduling checkNetStat for 1000msec, current state is [DCH/FACH] FDCount : 0 
04-13 22:24:41.660 D/QtiGsmDCT( 3447): [0]updateDataActivity: curTxRxSum={txSum=147208 rxSum=177555} preTxRxSum={txSum=147128 rxSum=177473}
04-13 22:24:41.660 D/QtiGsmDCT( 3447): [0]updateDataActivity: sent=80 received=82
04-13 22:24:42.138 V/LG-FASTDORMANCY( 3447): [DCH/FACH] FDCount : 0 intent received :com.android.internal.telephony.ACTION_CHECK_NETSTAT
04-13 22:24:42.141 V/LG-FASTDORMANCY( 3447): [DCH/FACH] FDCount : 0 prev: TxPkts(147208), RxPkts(177555)
04-13 22:24:42.141 V/LG-FASTDORMANCY( 3447): [DCH/FACH] FDCount : 0 curr: TxPkts(147216), RxPkts(177561)
04-13 22:24:42.142 I/LG-FASTDORMANCY( 3447): [DCH/FACH] FDCount : 0 Scheduling checkNetStat for 1000msec, current state is [DCH/FACH] FDCount : 0 
04-13 22:24:42.664 D/QtiGsmDCT( 3447): [0]updateDataActivity: curTxRxSum={txSum=147314 rxSum=177767} preTxRxSum={txSum=147208 rxSum=177555}
04-13 22:24:42.665 D/QtiGsmDCT( 3447): [0]updateDataActivity: sent=106 received=212
04-13 22:24:43.146 V/LG-FASTDORMANCY( 3447): [DCH/FACH] FDCount : 0 intent received :com.android.internal.telephony.ACTION_CHECK_NETSTAT
04-13 22:24:43.151 V/LG-FASTDORMANCY( 3447): [DCH/FACH] FDCount : 0 prev: TxPkts(147216), RxPkts(177561)
04-13 22:24:43.151 V/LG-FASTDORMANCY( 3447): [DCH/FACH] FDCount : 0 curr: TxPkts(147319), RxPkts(177771)
