04-13 22:25:40.803 V/LG-FASTDORMANCY( 3447): [DCH/FACH] FDCount : 0 prev: TxPkts(150567), RxPkts(181724)
04-13 22:25:40.803 V/LG-FASTDORMANCY( 3447): [DCH/FACH] FDCount : 0 curr: TxPkts(150757), RxPkts(181906)
04-13 22:25:40.804 I/LG-FASTDORMANCY( 3447): [DCH/FACH] FDCount : 0 Scheduling checkNetStat for 1000msec, current state is [DCH/FACH] FDCount : 0 
04-13 22:25:41.067 D/QtiGsmDCT( 3447): [0]updateDataActivity: curTxRxSum={txSum=150759 rxSum=181906} preTxRxSum={txSum=150651 rxSum=181809}
04-13 22:25:41.067 D/QtiGsmDCT( 3447): [0]updateDataActivity: sent=108 received=97
04-13 22:25:41.810 V/LG-FASTDORMANCY( 3447): [DCH/FACH] FDCount : 0 intent received :com.android.internal.telephony.ACTION_CHECK_NETSTAT
04-13 22:25:41.816 V/LG-FASTDORMANCY( 3447): [DCH/FACH] FDCount : 0 prev: TxPkts(150757), RxPkts(181906)
04-13 22:25:41.816 V/LG-FASTDORMANCY( 3447): [DCH/FACH] FDCount : 0 curr: TxPkts(150829), RxPkts(181982)
04-13 22:25:41.817 I/LG-FASTDORMANCY( 3447): [DCH/FACH] FDCount : 0 Scheduling checkNetStat for 1000msec, current state is [DCH/FACH] FDCount : 0 
04-13 22:25:42.072 D/QtiGsmDCT( 3447): [0]updateDataActivity: curTxRxSum={txSum=150933 rxSum=182088} preTxRxSum={txSum=150759 rxSum=181906}
04-13 22:25:42.072 D/QtiGsmDCT( 3447): [0]updateDataActivity: sent=174 received=182
04-13 22:25:42.820 V/LG-FASTDORMANCY( 3447): [DCH/FACH] FDCount : 0 intent received :com.android.internal.telephony.ACTION_CHECK_NETSTAT
04-13 22:25:42.823 V/LG-FASTDORMANCY( 3447): [DCH/FACH] FDCount : 0 prev: TxPkts(150829), RxPkts(181982)
04-13 22:25:42.823 V/LG-FASTDORMANCY( 3447): [DCH/FACH] FDCount : 0 curr: TxPkts(150945), RxPkts(182106)
04-13 22:25:42.824 I/LG-FASTDORMANCY( 3447): [DCH/FACH] FDCount : 0 Scheduling checkNetStat for 1000msec, current state is [DCH/FACH] FDCount : 0 
04-13 22:25:43.085 D/QtiGsmDCT( 3447): [0]updateDataActivity: curTxRxSum={txSum=150955 rxSum=182126} preTxRxSum={txSum=150933 rxSum=182088}
04-13 22:25:43.085 D/QtiGsmDCT( 3447): [0]updateDataActivity: sent=22 received=38
04-13 22:25:43.830 V/LG-FASTDORMANCY( 3447): [DCH/FACH] FDCount : 0 intent received :com.android.internal.telephony.ACTION_CHECK_NETSTAT
04-13 22:25:43.835 V/LG-FASTDORMANCY( 3447): [DCH/FACH] FDCount : 0 prev: TxPkts(150945), RxPkts(182106)
04-13 22:25:43.835 V/LG-FASTDORMANCY( 3447): [DCH/FACH] FDCount : 0 curr: TxPkts(151059), RxPkts(182312)
04-13 22:25:43.836 I/LG-FASTDORMANCY( 3447): [DCH/FACH] FDCount : 0 Scheduling checkNetStat for 1000msec, current state is [DCH/FACH] FDCount : 0 
04-13 22:25:44.089 D/QtiGsmDCT( 3447): [0]updateDataActivity: curTxRxSum={txSum=151063 rxSum=182318} preTxRxSum={txSum=150955 rxSum=182126}
04-13 22:25:44.089 D/QtiGsmDCT( 3447): [0]updateDataActivity: sent=108 received=192
04-13 22:25:44.839 V/LG-FASTDORMANCY( 3447): [DCH/FACH] FDCount : 0 intent received :com.android.internal.telephony.ACTION_CHECK_NETSTAT
04-13 22:25:44.845 V/LG-FASTDORMANCY( 3447): [DCH/FACH] FDCount : 0 prev: TxPkts(151059), RxPkts(182312)
04-13 22:25:44.845 V/LG-FASTDORMANCY( 3447): [DCH/FACH] FDCount : 0 curr: TxPkts(151218), RxPkts(182474)
04-13 22:25:44.847 I/LG-FASTDORMANCY( 3447): [DCH/FACH] FDCount : 0 Scheduling checkNetStat for 1000msec, current state is [DCH/FACH] FDCount : 0 
04-13 22:25:45.094 D/QtiGsmDCT( 3447): [0]updateDataActivity: curTxRxSum={txSum=151218 rxSum=182476} preTxRxSum={txSum=151063 rxSum=182318}
04-13 22:25:45.094 D/QtiGsmDCT( 3447): [0]updateDataActivity: sent=155 received=158
04-13 22:25:45.851 V/LG-FASTDORMANCY( 3447): [DCH/FACH] FDCount : 0 intent received :com.android.internal.telephony.ACTION_CHECK_NETSTAT
04-13 22:25:45.857 V/LG-FASTDORMANCY( 3447): [DCH/FACH] FDCount : 0 prev: TxPkts(151218), RxPkts(182474)
04-13 22:25:45.858 V/LG-FASTDORMANCY( 3447): [DCH/FACH] FDCount : 0 curr: TxPkts(151236), RxPkts(182495)
04-13 22:25:45.859 I/LG-FASTDORMANCY( 3447): [DCH/FACH] FDCount : 0 Scheduling checkNetStat for 1000msec, current state is [DCH/FACH] FDCount : 0 
04-13 22:25:46.098 D/QtiGsmDCT( 3447): [0]updateDataActivity: curTxRxSum={txSum=151290 rxSum=182549} preTxRxSum={txSum=151218 rxSum=182476}
04-13 22:25:46.098 D/QtiGsmDCT( 3447): [0]updateDataActivity: sent=72 received=73
04-13 22:25:46.865 V/LG-FASTDORMANCY( 3447): [DCH/FACH] FDCount : 0 intent received :com.android.internal.telephony.ACTION_CHECK_NETSTAT
04-13 22:25:46.870 V/LG-FASTDORMANCY( 3447): [DCH/FACH] FDCount : 0 prev: TxPkts(151236), RxPkts(182495)
04-13 22:25:46.870 V/LG-FASTDORMANCY( 3447): [DCH/FACH] FDCount : 0 curr: TxPkts(151430), RxPkts(182689)
04-13 22:25:46.871 I/LG-FASTDORMANCY( 3447): [DCH/FACH] FDCount : 0 Scheduling checkNetStat for 1000msec, current state is [DCH/FACH] FDCount : 0 
04-13 22:25:47.102 D/QtiGsmDCT( 3447): [0]updateDataActivity: curTxRxSum={txSum=151430 rxSum=182691} preTxRxSum={txSum=151290 rxSum=182549}
04-13 22:25:47.102 D/QtiGsmDCT( 3447): [0]updateDataActivity: sent=140 received=142
04-13 22:25:47.876 V/LG-FASTDORMANCY( 3447): [DCH/FACH] FDCount : 0 intent received :com.android.internal.telephony.ACTION_CHECK_NETSTAT
04-13 22:25:47.880 V/LG-FASTDORMANCY( 3447): [DCH/FACH] FDCount : 0 prev: TxPkts(151430), RxPkts(182689)
04-13 22:25:47.881 V/LG-FASTDORMANCY( 3447): [DCH/FACH] FDCount : 0 curr: TxPkts(151431), RxPkts(182691)
04-13 22:25:47.883 I/LG-FASTDORMANCY( 3447): [DCH/FACH] FDCount : 0 Scheduling checkNetStat for 1000msec, current state is [DCH/FACH] FDCount : 0 
04-13 22:25:48.105 D/QtiGsmDCT( 3447): [0]updateDataActivity: curTxRxSum={txSum=151431 rxSum=182691} preTxRxSum={txSum=151430 rxSum=182691}
04-13 22:25:48.105 D/QtiGsmDCT( 3447): [0]updateDataActivity: sent=1 received=0
04-13 22:25:48.105 D/QtiGsmDCT( 3447): [0]updateDataActivity: newActivity=DATAOUT
04-13 22:25:48.114 D/QtiGsmDCT( 3447): [0]getDataEnabled: getIntWithSubId retVal=true
04-13 22:25:48.887 V/LG-FASTDORMANCY( 3447): [DCH/FACH] FDCount : 0 intent received :com.android.internal.telephony.ACTION_CHECK_NETSTAT
04-13 22:25:48.891 V/LG-FASTDORMANCY( 3447): [DCH/FACH] FDCount : 0 prev: TxPkts(151431), RxPkts(182691)
04-13 22:25:48.891 V/LG-FASTDORMANCY( 3447): [DCH/FACH] FDCount : 0 curr: TxPkts(151621), RxPkts(182876)
04-13 22:25:48.892 I/LG-FASTDORMANCY( 3447): [DCH/FACH] FDCount : 0 Scheduling checkNetStat for 1000msec, current state is [DCH/FACH] FDCount : 0 
04-13 22:25:49.117 D/QtiGsmDCT( 3447): [0]updateDataActivity: curTxRxSum={txSum=151623 rxSum=182876} preTxRxSum={txSum=151431 rxSum=182691}
04-13 22:25:49.117 D/QtiGsmDCT( 3447): [0]updateDataActivity: sent=192 received=185
04-13 22:25:49.117 D/QtiGsmDCT( 3447): [0]updateDataActivity: newActivity=DATAINANDOUT
04-13 22:25:49.127 D/QtiGsmDCT( 3447): [0]getDataEnabled: getIntWithSubId retVal=true
04-13 22:25:49.894 V/LG-FASTDORMANCY( 3447): [DCH/FACH] FDCount : 0 intent received :com.android.internal.telephony.ACTION_CHECK_NETSTAT
04-13 22:25:49.898 V/LG-FASTDORMANCY( 3447): [DCH/FACH] FDCount : 0 prev: TxPkts(151621), RxPkts(182876)
04-13 22:25:49.899 V/LG-FASTDORMANCY( 3447): [DCH/FACH] FDCount : 0 curr: TxPkts(151757), RxPkts(183014)
04-13 22:25:49.899 I/LG-FASTDORMANCY( 3447): [DCH/FACH] FDCount : 0 Scheduling checkNetStat for 1000msec, current state is [DCH/FACH] FDCount : 0 
04-13 22:25:50.123 D/QtiGsmDCT( 3447): [0]updateDataActivity: curTxRxSum={txSum=151759 rxSum=183014} preTxRxSum={txSum=151623 rxSum=182876}
04-13 22:25:50.123 D/QtiGsmDCT( 3447): [0]updateDataActivity: sent=136 received=138
04-13 22:25:50.904 V/LG-FASTDORMANCY( 3447): [DCH/FACH] FDCount : 0 intent received :com.android.internal.telephony.ACTION_CHECK_NETSTAT
04-13 22:25:50.911 V/LG-FASTDORMANCY( 3447): [DCH/FACH] FDCount : 0 prev: TxPkts(151757), RxPkts(183014)
04-13 22:25:50.911 V/LG-FASTDORMANCY( 3447): [DCH/FACH] FDCount : 0 curr: TxPkts(151765), RxPkts(183022)
04-13 22:25:50.913 I/LG-FASTDORMANCY( 3447): [DCH/FACH] FDCount : 0 Scheduling checkNetStat for 1000msec, current state is [DCH/FACH] FDCount : 0 
04-13 22:25:51.128 D/QtiGsmDCT( 3447): [0]updateDataActivity: curTxRxSum={txSum=151765 rxSum=183022} preTxRxSum={txSum=151759 rxSum=183014}
04-13 22:25:51.128 D/QtiGsmDCT( 3447): [0]updateDataActivity: sent=6 received=8
04-13 22:25:51.917 V/LG-FASTDORMANCY( 3447): [DCH/FACH] FDCount : 0 intent received :com.android.internal.telephony.ACTION_CHECK_NETSTAT
04-13 22:25:51.924 V/LG-FASTDORMANCY( 3447): [DCH/FACH] FDCount : 0 prev: TxPkts(151765), RxPkts(183022)
04-13 22:25:51.924 V/LG-FASTDORMANCY( 3447): [DCH/FACH] FDCount : 0 curr: TxPkts(151801), RxPkts(183058)
04-13 22:25:51.925 I/LG-FASTDORMANCY( 3447): [DCH/FACH] FDCount : 0 Scheduling checkNetStat for 1000msec, current state is [DCH/FACH] FDCount : 0 
04-13 22:25:52.136 D/QtiGsmDCT( 3447): [0]updateDataActivity: curTxRxSum={txSum=151879 rxSum=183150} preTxRxSum={txSum=151765 rxSum=183022}
04-13 22:25:52.136 D/QtiGsmDCT( 3447): [0]updateDataActivity: sent=114 received=128
04-13 22:25:52.928 V/LG-FASTDORMANCY( 3447): [DCH/FACH] FDCount : 0 intent received :com.android.internal.telephony.ACTION_CHECK_NETSTAT
04-13 22:25:52.933 V/LG-FASTDORMANCY( 3447): [DCH/FACH] FDCount : 0 prev: TxPkts(151801), RxPkts(183058)
04-13 22:25:52.933 V/LG-FASTDORMANCY( 3447): [DCH/FACH] FDCount : 0 curr: TxPkts(151879), RxPkts(183150)
04-13 22:25:52.933 I/LG-FASTDORMANCY( 3447): [DCH/FACH] FDCount : 0 Scheduling checkNetStat for 1000msec, current state is [DCH/FACH] FDCount : 0 
04-13 22:25:53.144 D/QtiGsmDCT( 3447): [0]updateDataActivity: curTxRxSum={txSum=151881 rxSum=183150} preTxRxSum={txSum=151879 rxSum=183150}
04-13 22:25:53.144 D/QtiGsmDCT( 3447): [0]updateDataActivity: sent=2 received=0
04-13 22:25:53.144 D/QtiGsmDCT( 3447): [0]updateDataActivity: newActivity=DATAOUT
04-13 22:25:53.156 D/QtiGsmDCT( 3447): [0]getDataEnabled: getIntWithSubId retVal=true
04-13 22:25:53.943 V/LG-FASTDORMANCY( 3447): [DCH/FACH] FDCount : 0 intent received :com.android.internal.telephony.ACTION_CHECK_NETSTAT
04-13 22:25:53.946 V/LG-FASTDORMANCY( 3447): [DCH/FACH] FDCount : 0 prev: TxPkts(151879), RxPkts(183150)
04-13 22:25:53.947 V/LG-FASTDORMANCY( 3447): [DCH/FACH] FDCount : 0 curr: TxPkts(151885), RxPkts(183154)
04-13 22:25:53.947 I/LG-FASTDORMANCY( 3447): [DCH/FACH] FDCount : 0 Scheduling checkNetStat for 1000msec, current state is [DCH/FACH] FDCount : 0 
04-13 22:25:54.156 D/QtiGsmDCT( 3447): [0]updateDataActivity: curTxRxSum={txSum=151885 rxSum=183154} preTxRxSum={txSum=151881 rxSum=183150}
04-13 22:25:54.156 D/QtiGsmDCT( 3447): [0]updateDataActivity: sent=4 received=4
04-13 22:25:54.156 D/QtiGsmDCT( 3447): [0]updateDataActivity: newActivity=DATAINANDOUT
04-13 22:25:54.164 D/QtiGsmDCT( 3447): [0]getDataEnabled: getIntWithSubId retVal=true
04-13 22:25:54.951 V/LG-FASTDORMANCY( 3447): [DCH/FACH] FDCount : 0 intent received :com.android.internal.telephony.ACTION_CHECK_NETSTAT
04-13 22:25:54.955 V/LG-FASTDORMANCY( 3447): [DCH/FACH] FDCount : 0 prev: TxPkts(151885), RxPkts(183154)
04-13 22:25:54.955 V/LG-FASTDORMANCY( 3447): [DCH/FACH] FDCount : 0 curr: TxPkts(151961), RxPkts(183230)
04-13 22:25:54.955 I/LG-FASTDORMANCY( 3447): [DCH/FACH] FDCount : 0 Scheduling checkNetStat for 1000msec, current state is [DCH/FACH] FDCount : 0 
04-13 22:25:55.162 D/QtiGsmDCT( 3447): [0]updateDataActivity: curTxRxSum={txSum=151989 rxSum=183288} preTxRxSum={txSum=151885 rxSum=183154}
04-13 22:25:55.162 D/QtiGsmDCT( 3447): [0]updateDataActivity: sent=104 received=134
04-13 22:25:55.960 V/LG-FASTDORMANCY( 3447): [DCH/FACH] FDCount : 0 intent received :com.android.internal.telephony.ACTION_CHECK_NETSTAT
04-13 22:25:55.964 V/LG-FASTDORMANCY( 3447): [DCH/FACH] FDCount : 0 prev: TxPkts(151961), RxPkts(183230)
04-13 22:25:55.964 V/LG-FASTDORMANCY( 3447): [DCH/FACH] FDCount : 0 curr: TxPkts(152046), RxPkts(183393)
04-13 22:25:55.965 I/LG-FASTDORMANCY( 3447): [DCH/FACH] FDCount : 0 Scheduling checkNetStat for 1000msec, current state is [DCH/FACH] FDCount : 0 
04-13 22:25:56.173 D/QtiGsmDCT( 3447): [0]updateDataActivity: curTxRxSum={txSum=152058 rxSum=183405} preTxRxSum={txSum=151989 rxSum=183288}
04-13 22:25:56.173 D/QtiGsmDCT( 3447): [0]updateDataActivity: sent=69 received=117
04-13 22:25:56.970 V/LG-FASTDORMANCY( 3447): [DCH/FACH] FDCount : 0 intent received :com.android.internal.telephony.ACTION_CHECK_NETSTAT
04-13 22:25:56.974 V/LG-FASTDORMANCY( 3447): [DCH/FACH] FDCount : 0 prev: TxPkts(152046), RxPkts(183393)
04-13 22:25:56.975 V/LG-FASTDORMANCY( 3447): [DCH/FACH] FDCount : 0 curr: TxPkts(152219), RxPkts(183561)
04-13 22:25:56.975 I/LG-FASTDORMANCY( 3447): [DCH/FACH] FDCount : 0 Scheduling checkNetStat for 1000msec, current state is [DCH/FACH] FDCount : 0 
04-13 22:25:57.184 D/QtiGsmDCT( 3447): [0]updateDataActivity: curTxRxSum={txSum=152219 rxSum=183564} preTxRxSum={txSum=152058 rxSum=183405}
04-13 22:25:57.184 D/QtiGsmDCT( 3447): [0]updateDataActivity: sent=161 received=159
04-13 22:25:57.979 V/LG-FASTDORMANCY( 3447): [DCH/FACH] FDCount : 0 intent received :com.android.internal.telephony.ACTION_CHECK_NETSTAT
04-13 22:25:57.985 V/LG-FASTDORMANCY( 3447): [DCH/FACH] FDCount : 0 prev: TxPkts(152219), RxPkts(183561)
04-13 22:25:57.985 V/LG-FASTDORMANCY( 3447): [DCH/FACH] FDCount : 0 curr: TxPkts(152307), RxPkts(183742)
04-13 22:25:57.986 I/LG-FASTDORMANCY( 3447): [DCH/FACH] FDCount : 0 Scheduling checkNetStat for 1000msec, current state is [DCH/FACH] FDCount : 0 
04-13 22:25:58.187 D/QtiGsmDCT( 3447): [0]updateDataActivity: curTxRxSum={txSum=152319 rxSum=183758} preTxRxSum={txSum=152219 rxSum=183564}
04-13 22:25:58.187 D/QtiGsmDCT( 3447): [0]updateDataActivity: sent=100 received=194
04-13 22:25:58.991 V/LG-FASTDORMANCY( 3447): [DCH/FACH] FDCount : 0 intent received :com.android.internal.telephony.ACTION_CHECK_NETSTAT
04-13 22:25:58.996 V/LG-FASTDORMANCY( 3447): [DCH/FACH] FDCount : 0 prev: TxPkts(152307), RxPkts(183742)
04-13 22:25:58.996 V/LG-FASTDORMANCY( 3447): [DCH/FACH] FDCount : 0 curr: TxPkts(152319), RxPkts(183758)
04-13 22:25:58.997 I/LG-FASTDORMANCY( 3447): [DCH/FACH] FDCount : 0 Scheduling checkNetStat for 1000msec, current state is [DCH/FACH] FDCount : 0 
04-13 22:25:59.192 D/QtiGsmDCT( 3447): [0]updateDataActivity: curTxRxSum={txSum=152319 rxSum=183758} preTxRxSum={txSum=152319 rxSum=183758}
04-13 22:25:59.192 D/QtiGsmDCT( 3447): [0]updateDataActivity: sent=0 received=0
04-13 22:25:59.192 D/QtiGsmDCT( 3447): [0]updateDataActivity: newActivity=NONE
04-13 22:25:59.198 D/QtiGsmDCT( 3447): [0]getDataEnabled: getIntWithSubId retVal=true
04-13 22:26:00.002 V/LG-FASTDORMANCY( 3447): [DCH/FACH] FDCount : 0 intent received :com.android.internal.telephony.ACTION_CHECK_NETSTAT
04-13 22:26:00.007 V/LG-FASTDORMANCY( 3447): [DCH/FACH] FDCount : 0 prev: TxPkts(152319), RxPkts(183758)
04-13 22:26:00.007 V/LG-FASTDORMANCY( 3447): [DCH/FACH] FDCount : 0 curr: TxPkts(152319), RxPkts(183758)
04-13 22:26:00.008 I/LG-FASTDORMANCY( 3447): [DCH/FACH] FDCount : 1 Scheduling checkNetStat for 1000msec, current state is [DCH/FACH] FDCount : 1 
04-13 22:26:00.199 D/QtiGsmDCT( 3447): [0]updateDataActivity: curTxRxSum={txSum=152319 rxSum=183758} preTxRxSum={txSum=152319 rxSum=183758}
04-13 22:26:00.199 D/QtiGsmDCT( 3447): [0]updateDataActivity: sent=0 received=0
04-13 22:26:01.016 V/LG-FASTDORMANCY( 3447): [DCH/FACH] FDCount : 1 intent received :com.android.internal.telephony.ACTION_CHECK_NETSTAT
04-13 22:26:01.021 V/LG-FASTDORMANCY( 3447): [DCH/FACH] FDCount : 1 prev: TxPkts(152319), RxPkts(183758)
04-13 22:26:01.021 V/LG-FASTDORMANCY( 3447): [DCH/FACH] FDCount : 1 curr: TxPkts(152371), RxPkts(183810)
04-13 22:26:01.022 I/LG-FASTDORMANCY( 3447): [DCH/FACH] FDCount : 0 Scheduling checkNetStat for 1000msec, current state is [DCH/FACH] FDCount : 0 
04-13 22:26:01.202 D/QtiGsmDCT( 3447): [0]updateDataActivity: curTxRxSum={txSum=152425 rxSum=183862} preTxRxSum={txSum=152319 rxSum=183758}
04-13 22:26:01.202 D/QtiGsmDCT( 3447): [0]updateDataActivity: sent=106 received=104
04-13 22:26:01.202 D/QtiGsmDCT( 3447): [0]updateDataActivity: newActivity=DATAINANDOUT
04-13 22:26:01.210 D/QtiGsmDCT( 3447): [0]getDataEnabled: getIntWithSubId retVal=true
04-13 22:26:02.024 V/LG-FASTDORMANCY( 3447): [DCH/FACH] FDCount : 0 intent received :com.android.internal.telephony.ACTION_CHECK_NETSTAT
04-13 22:26:02.029 V/LG-FASTDORMANCY( 3447): [DCH/FACH] FDCount : 0 prev: TxPkts(152371), RxPkts(183810)
04-13 22:26:02.029 V/LG-FASTDORMANCY( 3447): [DCH/FACH] FDCount : 0 curr: TxPkts(152565), RxPkts(184004)
04-13 22:26:02.030 I/LG-FASTDORMANCY( 3447): [DCH/FACH] FDCount : 0 Scheduling checkNetStat for 1000msec, current state is [DCH/FACH] FDCount : 0 
04-13 22:26:02.207 D/QtiGsmDCT( 3447): [0]updateDataActivity: curTxRxSum={txSum=152585 rxSum=184020} preTxRxSum={txSum=152425 rxSum=183862}
04-13 22:26:02.208 D/QtiGsmDCT( 3447): [0]updateDataActivity: sent=160 received=158
04-13 22:26:02.476 I/RILC    (  370): RIL_SOCKET_1 UNSOLICITED: RIL_UNSOL_LTE_REJECT_CAUSE length:16
04-13 22:26:02.477 E/RILC    (  370): Send Response to RIL_SOCKET_1
04-13 22:26:02.477 E/RILC    (  370): RIL Response bytes written:4
04-13 22:26:02.477 E/RILC    (  370): RIL Response bytes written:16
04-13 22:26:02.478 D/RILJ    ( 3447): [UNSL]< RIL_UNSOL_LTE_REJECT_CAUSE {15} [SUB0]
04-13 22:26:02.478 I/RILC    (  370): RIL_SOCKET_1 UNSOLICITED: UNSOL_OEM_HOOK_RAW length:32
04-13 22:26:02.478 E/RILC    (  370): Send Response to RIL_SOCKET_1
04-13 22:26:02.478 E/RILC    (  370): RIL Response bytes written:4
04-13 22:26:02.478 V/RILJ    ( 3447): [UNSL]< UNSOL_OEM_HOOK_RAW 514f454d484f4f4bef0308000100000002 [SUB0]
04-13 22:26:02.479 D/RILJ    ( 3447): Oem ID in RIL_UNSOL_OEM_HOOK_RAW is QOEMHOOK
04-13 22:26:02.479 D/RILJ    ( 3447): OEM ID check Passed
04-13 22:26:02.479 D/RILJ    ( 3447): Response ID in RIL_UNSOL_OEM_HOOK_RAW is 525295
04-13 22:26:02.479 D/RILJ    ( 3447): Response ID 525295 is not served in this process.
04-13 22:26:02.479 E/RILC    (  370): RIL Response bytes written:32
04-13 22:26:02.480 I/RILC    (  370): RIL_SOCKET_1 UNSOLICITED: UNSOL_RESPONSE_VOICE_NETWORK_STATE_CHANGED length:8
04-13 22:26:02.480 E/RILC    (  370): Send Response to RIL_SOCKET_1
04-13 22:26:02.481 E/RILC    (  370): RIL Response bytes written:4
04-13 22:26:02.481 D/RILJ    ( 3447): [UNSL]< UNSOL_RESPONSE_VOICE_NETWORK_STATE_CHANGED [SUB0]
04-13 22:26:02.481 E/RILC    (  370): RIL Response bytes written:8
04-13 22:26:02.481 D/RILJ    ( 3447): [9297]> OPERATOR [SUB0]
04-13 22:26:02.482 I/RILQ    (  370): (0/370):RIL[0][event] qcril_arb_set_dsd_sys_status: old_pref_data 1 - new_data_pref 1
04-13 22:26:02.482 I/RILQ    (  370): (0/370):RIL[0][event] qcril_arb_set_dsd_sys_status: preferred dsd_sys_status nw=0x0, rat_value=0x1, so_mask=0x0000000000000015
04-13 22:26:02.482 I/RILQ    (  370): (0/370):RIL[0][event] qcril_arb_set_dsd_sys_status: preferred 1 - dsd_sys_status nw=0x0, rat_value=0x1, so_mask=0x0000000000000015
04-13 22:26:02.482 I/RILQ    (  370): (0/370):RIL[0][event] qcril_arb_set_dsd_sys_status: is_wwan_available 0
04-13 22:26:02.482 D/RILJ    ( 3447): [9298]> DATA_REGISTRATION_STATE [SUB0]
04-13 22:26:02.482 D/RILC    (  370): SOCKET RIL_SOCKET_1 REQUEST: OPERATOR length:8
04-13 22:26:02.483 I/RILC    (  370): RIL_SOCKET_1 UNSOLICITED: UNSOL_OEM_HOOK_RAW length:32
04-13 22:26:02.483 E/RILC    (  370): Send Response to RIL_SOCKET_1
04-13 22:26:02.483 D/RILJ    ( 3447): [9299]> VOICE_REGISTRATION_STATE [SUB0]
04-13 22:26:02.483 E/RILC    (  370): RIL Response bytes written:4
04-13 22:26:02.483 V/RILJ    ( 3447): [UNSL]< UNSOL_OEM_HOOK_RAW 514f454d484f4f4bfa0308000100000000 [SUB0]
04-13 22:26:02.483 D/RILJ    ( 3447): Oem ID in RIL_UNSOL_OEM_HOOK_RAW is QOEMHOOK
04-13 22:26:02.483 D/RILJ    ( 3447): OEM ID check Passed
04-13 22:26:02.484 D/RILJ    ( 3447): Response ID in RIL_UNSOL_OEM_HOOK_RAW is 525306
04-13 22:26:02.484 D/RILC    (  370): SOCKET RIL_SOCKET_1 REQUEST: DATA_REGISTRATION_STATE length:8
04-13 22:26:02.484 D/RILJ    ( 3447): WWAN, IWLAN coexistence notified to registrants
04-13 22:26:02.484 E/RILC    (  370): RIL Response bytes written:32
04-13 22:26:02.485 D/RILJ    ( 3447): [9300]> QUERY_NETWORK_SELECTION_MODE [SUB0]
04-13 22:26:02.486 D/RILC    (  370): SOCKET RIL_SOCKET_1 REQUEST: VOICE_REGISTRATION_STATE length:8
04-13 22:26:02.487 D/RILC    (  370): SOCKET RIL_SOCKET_1 REQUEST: QUERY_NETWORK_SELECTION_MODE length:8
04-13 22:26:02.498 D/RILC    (  370): RequestComplete, RIL_SOCKET_1
04-13 22:26:02.498 E/RILC    (  370): Send Response to RIL_SOCKET_1
04-13 22:26:02.499 E/RILC    (  370): RIL Response bytes written:4
04-13 22:26:02.499 E/RILC    (  370): RIL Response bytes written:72
04-13 22:26:02.499 D/RILJ    ( 3447): [9297]< OPERATOR {Orange, Orange, 26003} [SUB0]
04-13 22:26:02.500 D/RILC    (  370): RequestComplete, RIL_SOCKET_1
04-13 22:26:02.500 E/RILC    (  370): Send Response to RIL_SOCKET_1
04-13 22:26:02.500 E/RILC    (  370): RIL Response bytes written:4
04-13 22:26:02.500 D/RILJ    ( 3447): [9299]< VOICE_REGISTRATION_STATE {1, dff2, 02bec830, 3, null, null, null, 0, null, null, 1, null, null, 0, 1d8} [SUB0]
04-13 22:26:02.501 D/PHONE   ( 3447): [ServiceState] setVoiceRegState=0
04-13 22:26:02.501 E/PHONE   ( 3447): [ServiceState] setState deprecated use setVoiceRegState()
04-13 22:26:02.501 D/GsmSST  ( 3447): [GsmSST] LOGRadioInfo : In Service
04-13 22:26:02.501 E/RILC    (  370): RIL Response bytes written:136
04-13 22:26:02.504 I/RILC    (  370): RIL_SOCKET_1 UNSOLICITED: RIL_UNSOL_LTE_REJECT_CAUSE length:16
04-13 22:26:02.504 E/RILC    (  370): Send Response to RIL_SOCKET_1
04-13 22:26:02.505 E/RILC    (  370): RIL Response bytes written:4
04-13 22:26:02.505 D/RILJ    ( 3447): [UNSL]< RIL_UNSOL_LTE_REJECT_CAUSE {15} [SUB0]
04-13 22:26:02.505 D/RILC    (  370): RequestComplete, RIL_SOCKET_1
04-13 22:26:02.505 E/RILC    (  370): Send Response to RIL_SOCKET_1
04-13 22:26:02.505 E/RILC    (  370): RIL Response bytes written:16
04-13 22:26:02.505 E/RILC    (  370): RIL Response bytes written:4
04-13 22:26:02.505 D/RILJ    ( 3447): [9300]< QUERY_NETWORK_SELECTION_MODE {0} [SUB0]
04-13 22:26:02.506 E/RILC    (  370): RIL Response bytes written:20
04-13 22:26:02.507 D/RILC    (  370): RequestComplete, RIL_SOCKET_1
04-13 22:26:02.507 E/RILC    (  370): Send Response to RIL_SOCKET_1
04-13 22:26:02.507 E/RILC    (  370): RIL Response bytes written:4
04-13 22:26:02.507 D/RILJ    ( 3447): [9298]< DATA_REGISTRATION_STATE {1, dff2, 02bec830, 15, null, 20, null, null, null, null, null, 0} [SUB0]
04-13 22:26:02.507 D/GsmSST  ( 3447): isSFROperators result = false
04-13 22:26:02.507 E/RILC    (  370): RIL Response bytes written:120
04-13 22:26:02.507 D/PHONE   ( 3447): [ServiceState] setDataRegState=0
04-13 22:26:02.507 D/PHONE   ( 3447): [ServiceState] setDataRadioTechnology=15
04-13 22:26:02.507 D/GsmSST  ( 3447): [GsmSST] LOGRadioInfo : In Service
04-13 22:26:02.507 D/GsmSST  ( 3447): [GsmSST] handlPollStateResultMessage: GsmSST setDataRegState=0 regState=1 dataRadioTechnology=15
04-13 22:26:02.509 D/GsmSST  ( 3447): [GsmSST] Poll ServiceState done:  oldSS=[0 0 voice home data home Orange Orange 26003 Orange Orange 26003  UMTS HSPAP CSS not supported -1 -1 RoamInd=-1 DefRoamInd=-1 EmergOnly=false IsDataRoamingFromRegistration=false mIsVoiceSearching=false mIsDataSearching=false mVoiceNetworkName=null mDataNetworkName=null Check64QAM0 Dual carrier0] newSS=[0 0 voice home data home Orange Orange 26003 Orange Orange 26003  UMTS HSPAP CSS not supported -1 -1 RoamInd=-1 DefRoamInd=-1 EmergOnly=false IsDataRoamingFromRegistration=false mIsVoiceSearching=false mIsDataSearching=false mVoiceNetworkName=null mDataNetworkName=null Check64QAM0 Dual carrier0] oldMaxDataCalls=20 mNewMaxDataCalls=20 oldReasonDataDenied=-1 mNewReasonDataDenied=-1
04-13 22:26:02.509 D/PHONE   ( 3447): [ServiceState] setNullState=1
04-13 22:26:02.511 I/RILC    (  370): RIL_SOCKET_1 UNSOLICITED: UNSOL_RESPONSE_VOICE_NETWORK_STATE_CHANGED length:8
04-13 22:26:02.511 E/RILC    (  370): Send Response to RIL_SOCKET_1
04-13 22:26:02.511 E/RILC    (  370): RIL Response bytes written:4
04-13 22:26:02.511 D/RILJ    ( 3447): [UNSL]< UNSOL_RESPONSE_VOICE_NETWORK_STATE_CHANGED [SUB0]
04-13 22:26:02.511 E/RILC    (  370): RIL Response bytes written:8
04-13 22:26:02.512 D/RILJ    ( 3447): [9301]> OPERATOR [SUB0]
04-13 22:26:02.513 D/RILJ    ( 3447): [9302]> DATA_REGISTRATION_STATE [SUB0]
04-13 22:26:02.514 D/RILC    (  370): SOCKET RIL_SOCKET_1 REQUEST: OPERATOR length:8
04-13 22:26:02.515 D/RILJ    ( 3447): [9303]> VOICE_REGISTRATION_STATE [SUB0]
04-13 22:26:02.515 D/RILC    (  370): SOCKET RIL_SOCKET_1 REQUEST: DATA_REGISTRATION_STATE length:8
04-13 22:26:02.516 D/RILJ    ( 3447): [9304]> QUERY_NETWORK_SELECTION_MODE [SUB0]
04-13 22:26:02.516 D/RILC    (  370): SOCKET RIL_SOCKET_1 REQUEST: VOICE_REGISTRATION_STATE length:8
04-13 22:26:02.517 D/RILC    (  370): SOCKET RIL_SOCKET_1 REQUEST: QUERY_NETWORK_SELECTION_MODE length:8
04-13 22:26:02.521 D/RILC    (  370): RequestComplete, RIL_SOCKET_1
04-13 22:26:02.522 E/RILC    (  370): Send Response to RIL_SOCKET_1
04-13 22:26:02.522 E/RILC    (  370): RIL Response bytes written:4
04-13 22:26:02.522 E/RILC    (  370): RIL Response bytes written:72
04-13 22:26:02.522 D/RILJ    ( 3447): [9301]< OPERATOR {Orange, Orange, 26003} [SUB0]
04-13 22:26:02.524 D/RILC    (  370): RequestComplete, RIL_SOCKET_1
04-13 22:26:02.524 E/RILC    (  370): Send Response to RIL_SOCKET_1
04-13 22:26:02.524 E/RILC    (  370): RIL Response bytes written:4
04-13 22:26:02.524 E/RILC    (  370): RIL Response bytes written:120
04-13 22:26:02.525 D/RILJ    ( 3447): [9302]< DATA_REGISTRATION_STATE {1, dff2, 02bec830, 15, null, 20, null, null, null, null, null, 0} [SUB0]
04-13 22:26:02.525 D/GsmSST  ( 3447): isSFROperators result = false
04-13 22:26:02.525 D/PHONE   ( 3447): [ServiceState] setDataRegState=0
04-13 22:26:02.525 D/PHONE   ( 3447): [ServiceState] setDataRadioTechnology=15
04-13 22:26:02.525 D/GsmSST  ( 3447): [GsmSST] LOGRadioInfo : In Service
04-13 22:26:02.525 D/GsmSST  ( 3447): [GsmSST] handlPollStateResultMessage: GsmSST setDataRegState=0 regState=1 dataRadioTechnology=15
04-13 22:26:02.525 D/RILC    (  370): RequestComplete, RIL_SOCKET_1
04-13 22:26:02.525 E/RILC    (  370): Send Response to RIL_SOCKET_1
04-13 22:26:02.526 E/RILC    (  370): RIL Response bytes written:4
04-13 22:26:02.526 D/RILJ    ( 3447): [9304]< QUERY_NETWORK_SELECTION_MODE {0} [SUB0]
04-13 22:26:02.526 E/RILC    (  370): RIL Response bytes written:20
04-13 22:26:02.527 D/RILC    (  370): RequestComplete, RIL_SOCKET_1
04-13 22:26:02.527 E/RILC    (  370): Send Response to RIL_SOCKET_1
04-13 22:26:02.528 E/RILC    (  370): RIL Response bytes written:4
04-13 22:26:02.528 D/RILJ    ( 3447): [9303]< VOICE_REGISTRATION_STATE {1, dff2, 02bec830, 3, null, null, null, 0, null, null, 1, null, null, 0, 1d8} [SUB0]
04-13 22:26:02.528 E/RILC    (  370): RIL Response bytes written:136
04-13 22:26:02.528 D/PHONE   ( 3447): [ServiceState] setVoiceRegState=0
04-13 22:26:02.528 E/PHONE   ( 3447): [ServiceState] setState deprecated use setVoiceRegState()
04-13 22:26:02.528 D/GsmSST  ( 3447): [GsmSST] LOGRadioInfo : In Service
04-13 22:26:02.530 D/GsmSST  ( 3447): [GsmSST] Poll ServiceState done:  oldSS=[0 0 voice home data home Orange Orange 26003 Orange Orange 26003  UMTS HSPAP CSS not supported -1 -1 RoamInd=-1 DefRoamInd=-1 EmergOnly=false IsDataRoamingFromRegistration=false mIsVoiceSearching=false mIsDataSearching=false mVoiceNetworkName=null mDataNetworkName=null Check64QAM0 Dual carrier0] newSS=[0 0 voice home data home Orange Orange 26003 Orange Orange 26003  UMTS HSPAP CSS not supported -1 -1 RoamInd=-1 DefRoamInd=-1 EmergOnly=false IsDataRoamingFromRegistration=false mIsVoiceSearching=false mIsDataSearching=false mVoiceNetworkName=null mDataNetworkName=null Check64QAM0 Dual carrier0] oldMaxDataCalls=20 mNewMaxDataCalls=20 oldReasonDataDenied=-1 mNewReasonDataDenied=-1
04-13 22:26:02.530 D/PHONE   ( 3447): [ServiceState] setNullState=1
04-13 22:26:03.070 V/LG-FASTDORMANCY( 3447): [DCH/FACH] FDCount : 0 intent received :com.android.internal.telephony.ACTION_CHECK_NETSTAT
04-13 22:26:03.073 V/LG-FASTDORMANCY( 3447): [DCH/FACH] FDCount : 0 prev: TxPkts(152565), RxPkts(184004)
04-13 22:26:03.073 V/LG-FASTDORMANCY( 3447): [DCH/FACH] FDCount : 0 curr: TxPkts(152828), RxPkts(184441)
04-13 22:26:03.073 I/LG-FASTDORMANCY( 3447): [DCH/FACH] FDCount : 0 Scheduling checkNetStat for 1000msec, current state is [DCH/FACH] FDCount : 0 
04-13 22:26:03.211 D/QtiGsmDCT( 3447): [0]updateDataActivity: curTxRxSum={txSum=152828 rxSum=184441} preTxRxSum={txSum=152585 rxSum=184020}
04-13 22:26:03.211 D/QtiGsmDCT( 3447): [0]updateDataActivity: sent=243 received=421
04-13 22:26:04.077 V/LG-FASTDORMANCY( 3447): [DCH/FACH] FDCount : 0 intent received :com.android.internal.telephony.ACTION_CHECK_NETSTAT
04-13 22:26:04.079 V/LG-FASTDORMANCY( 3447): [DCH/FACH] FDCount : 0 prev: TxPkts(152828), RxPkts(184441)
04-13 22:26:04.079 V/LG-FASTDORMANCY( 3447): [DCH/FACH] FDCount : 0 curr: TxPkts(153104), RxPkts(184721)
04-13 22:26:04.080 I/LG-FASTDORMANCY( 3447): [DCH/FACH] FDCount : 0 Scheduling checkNetStat for 1000msec, current state is [DCH/FACH] FDCount : 0 
04-13 22:26:04.216 D/QtiGsmDCT( 3447): [0]updateDataActivity: curTxRxSum={txSum=153104 rxSum=184721} preTxRxSum={txSum=152828 rxSum=184441}
04-13 22:26:04.216 D/QtiGsmDCT( 3447): [0]updateDataActivity: sent=276 received=280
04-13 22:26:04.461 D/RILJ    ( 3447): defaultDisplayState: 2 [SUB0]
04-13 22:26:05.223 D/QtiGsmDCT( 3447): [0]updateDataActivity: curTxRxSum={txSum=153106 rxSum=184723} preTxRxSum={txSum=153104 rxSum=184721}
04-13 22:26:05.223 D/QtiGsmDCT( 3447): [0]updateDataActivity: sent=2 received=2
04-13 22:26:06.228 D/QtiGsmDCT( 3447): [0]updateDataActivity: curTxRxSum={txSum=153106 rxSum=184723} preTxRxSum={txSum=153106 rxSum=184723}
04-13 22:26:06.228 D/QtiGsmDCT( 3447): [0]updateDataActivity: sent=0 received=0
04-13 22:26:06.228 D/QtiGsmDCT( 3447): [0]updateDataActivity: newActivity=NONE
04-13 22:26:06.240 D/QtiGsmDCT( 3447): [0]getDataEnabled: getIntWithSubId retVal=true
04-13 22:26:06.435 D/RILJ    ( 3447): defaultDisplayState: 2 [SUB0]
04-13 22:26:06.567 D/RILJ    ( 3447): defaultDisplayState: 2 [SUB0]
04-13 22:26:07.165 V/LG-FASTDORMANCY( 3447): [DCH/FACH] FDCount : 0 intent received :com.android.internal.telephony.ACTION_CHECK_NETSTAT
04-13 22:26:07.169 V/LG-FASTDORMANCY( 3447): [DCH/FACH] FDCount : 0 prev: TxPkts(153104), RxPkts(184721)
04-13 22:26:07.169 V/LG-FASTDORMANCY( 3447): [DCH/FACH] FDCount : 0 curr: TxPkts(153106), RxPkts(184723)
04-13 22:26:07.169 I/LG-FASTDORMANCY( 3447): [DCH/FACH] FDCount : 0 Scheduling checkNetStat for 1000msec, current state is [DCH/FACH] FDCount : 0 
04-13 22:26:07.233 D/QtiGsmDCT( 3447): [0]updateDataActivity: curTxRxSum={txSum=153106 rxSum=184723} preTxRxSum={txSum=153106 rxSum=184723}
04-13 22:26:07.233 D/QtiGsmDCT( 3447): [0]updateDataActivity: sent=0 received=0
04-13 22:26:08.086 D/QtiGsmDCT( 3447): [0]onReceive: action=com.android.internal.telephony.data-stall
04-13 22:26:08.086 D/QtiGsmDCT( 3447): [0]QtiDcTracker handleMessage msg={ when=0 what=270353 arg1=32295 obj=com.android.internal.telephony.data-stall target=com.qti.internal.telephony.dataconnection.QtiDcTracker }
04-13 22:26:08.086 D/QtiGsmDCT( 3447): [0]handleMessage msg={ when=0 what=270353 arg1=32295 obj=com.android.internal.telephony.data-stall target=com.qti.internal.telephony.dataconnection.QtiDcTracker }
04-13 22:26:08.093 D/QtiGsmDCT( 3447): [0]overall state is CONNECTED
04-13 22:26:08.243 D/QtiGsmDCT( 3447): [0]updateDataActivity: curTxRxSum={txSum=153108 rxSum=184725} preTxRxSum={txSum=153106 rxSum=184723}
04-13 22:26:08.244 D/QtiGsmDCT( 3447): [0]updateDataActivity: sent=2 received=2
04-13 22:26:08.244 D/QtiGsmDCT( 3447): [0]updateDataActivity: newActivity=DATAINANDOUT
04-13 22:26:08.249 V/LG-FASTDORMANCY( 3447): [DCH/FACH] FDCount : 0 intent received :com.android.internal.telephony.ACTION_CHECK_NETSTAT
04-13 22:26:08.252 V/LG-FASTDORMANCY( 3447): [DCH/FACH] FDCount : 0 prev: TxPkts(153106), RxPkts(184723)
04-13 22:26:08.252 V/LG-FASTDORMANCY( 3447): [DCH/FACH] FDCount : 0 curr: TxPkts(153108), RxPkts(184725)
04-13 22:26:08.253 I/LG-FASTDORMANCY( 3447): [DCH/FACH] FDCount : 0 Scheduling checkNetStat for 1000msec, current state is [DCH/FACH] FDCount : 0 
04-13 22:26:08.255 D/QtiGsmDCT( 3447): [0]getDataEnabled: getIntWithSubId retVal=true
04-13 22:26:09.254 D/QtiGsmDCT( 3447): [0]updateDataActivity: curTxRxSum={txSum=153108 rxSum=184725} preTxRxSum={txSum=153108 rxSum=184725}
04-13 22:26:09.254 D/QtiGsmDCT( 3447): [0]updateDataActivity: sent=0 received=0
04-13 22:26:09.254 D/QtiGsmDCT( 3447): [0]updateDataActivity: newActivity=NONE
04-13 22:26:09.258 V/LG-FASTDORMANCY( 3447): [DCH/FACH] FDCount : 0 intent received :com.android.internal.telephony.ACTION_CHECK_NETSTAT
04-13 22:26:09.263 V/LG-FASTDORMANCY( 3447): [DCH/FACH] FDCount : 0 prev: TxPkts(153108), RxPkts(184725)
04-13 22:26:09.263 V/LG-FASTDORMANCY( 3447): [DCH/FACH] FDCount : 0 curr: TxPkts(153108), RxPkts(184725)
04-13 22:26:09.264 I/LG-FASTDORMANCY( 3447): [DCH/FACH] FDCount : 1 Scheduling checkNetStat for 1000msec, current state is [DCH/FACH] FDCount : 1 
04-13 22:26:09.269 D/QtiGsmDCT( 3447): [0]getDataEnabled: getIntWithSubId retVal=true
04-13 22:26:10.104 I/RILC    (  370): RIL_SOCKET_1 UNSOLICITED: UNSOL_SIGNAL_STRENGTH length:68
04-13 22:26:10.104 E/RILC    (  370): Send Response to RIL_SOCKET_1
04-13 22:26:10.104 E/RILC    (  370): RIL Response bytes written:4
04-13 22:26:10.104 E/RILC    (  370): RIL Response bytes written:68
04-13 22:26:10.105 D/GsmSST  ( 3447): [GsmSST] ServiceStateTrackerEx:onSignalStrengthResult() isGsm=true DataRadioTech=15
04-13 22:26:10.105 W/LGSignalStrength( 3447): setDataRadioTechnology: dataRadioTechnology = 15
04-13 22:26:10.105 D/DefaultPhoneNotifier( 3447): notifySignalStrength: mRegistry=com.android.internal.telephony.ITelephonyRegistry$Stub$Proxy@ced2ad0 ss=SignalStrength: 13 0 -88 -85 -120 -1 -1 99 2147483647 2147483647 2147483647 2147483647 2147483647 gsm|lte 15 0 -88 -85 sender=Handler (com.qti.internal.telephony.gsm.QtiGSMPhone) {560d91e}
04-13 22:26:10.149 D/QtiGsmDCT( 3447): [0]getDataEnabled: getIntWithSubId retVal=true
04-13 22:26:10.264 D/QtiGsmDCT( 3447): [0]updateDataActivity: curTxRxSum={txSum=153108 rxSum=184725} preTxRxSum={txSum=153108 rxSum=184725}
04-13 22:26:10.264 D/QtiGsmDCT( 3447): [0]updateDataActivity: sent=0 received=0
04-13 22:26:10.268 V/LG-FASTDORMANCY( 3447): [DCH/FACH] FDCount : 1 intent received :com.android.internal.telephony.ACTION_CHECK_NETSTAT
04-13 22:26:10.271 V/LG-FASTDORMANCY( 3447): [DCH/FACH] FDCount : 1 prev: TxPkts(153108), RxPkts(184725)
04-13 22:26:10.271 V/LG-FASTDORMANCY( 3447): [DCH/FACH] FDCount : 1 curr: TxPkts(153108), RxPkts(184725)
04-13 22:26:10.272 I/LG-FASTDORMANCY( 3447): [DCH/FACH] FDCount : 2 Scheduling checkNetStat for 1000msec, current state is [DCH/FACH] FDCount : 2 
04-13 22:26:11.268 D/QtiGsmDCT( 3447): [0]updateDataActivity: curTxRxSum={txSum=153110 rxSum=184727} preTxRxSum={txSum=153108 rxSum=184725}
04-13 22:26:11.268 D/QtiGsmDCT( 3447): [0]updateDataActivity: sent=2 received=2
04-13 22:26:11.269 D/QtiGsmDCT( 3447): [0]updateDataActivity: newActivity=DATAINANDOUT
04-13 22:26:11.276 V/LG-FASTDORMANCY( 3447): [DCH/FACH] FDCount : 2 intent received :com.android.internal.telephony.ACTION_CHECK_NETSTAT
04-13 22:26:11.279 V/LG-FASTDORMANCY( 3447): [DCH/FACH] FDCount : 2 prev: TxPkts(153108), RxPkts(184725)
04-13 22:26:11.279 V/LG-FASTDORMANCY( 3447): [DCH/FACH] FDCount : 2 curr: TxPkts(153110), RxPkts(184727)
04-13 22:26:11.280 I/LG-FASTDORMANCY( 3447): [DCH/FACH] FDCount : 0 Scheduling checkNetStat for 1000msec, current state is [DCH/FACH] FDCount : 0 
04-13 22:26:11.283 D/QtiGsmDCT( 3447): [0]getDataEnabled: getIntWithSubId retVal=true
04-13 22:26:12.275 D/QtiGsmDCT( 3447): [0]updateDataActivity: curTxRxSum={txSum=153110 rxSum=184729} preTxRxSum={txSum=153110 rxSum=184727}
04-13 22:26:12.275 D/QtiGsmDCT( 3447): [0]updateDataActivity: sent=0 received=2
04-13 22:26:12.275 D/QtiGsmDCT( 3447): [0]updateDataActivity: newActivity=DATAIN
04-13 22:26:12.279 D/QtiGsmDCT( 3447): [0]getDataEnabled: getIntWithSubId retVal=true
04-13 22:26:12.283 V/LG-FASTDORMANCY( 3447): [DCH/FACH] FDCount : 0 intent received :com.android.internal.telephony.ACTION_CHECK_NETSTAT
04-13 22:26:12.288 V/LG-FASTDORMANCY( 3447): [DCH/FACH] FDCount : 0 prev: TxPkts(153110), RxPkts(184727)
04-13 22:26:12.288 V/LG-FASTDORMANCY( 3447): [DCH/FACH] FDCount : 0 curr: TxPkts(153110), RxPkts(184729)
04-13 22:26:12.288 I/LG-FASTDORMANCY( 3447): [DCH/FACH] FDCount : 0 Scheduling checkNetStat for 1000msec, current state is [DCH/FACH] FDCount : 0 
04-13 22:26:13.280 D/QtiGsmDCT( 3447): [0]updateDataActivity: curTxRxSum={txSum=153112 rxSum=184729} preTxRxSum={txSum=153110 rxSum=184729}
04-13 22:26:13.280 D/QtiGsmDCT( 3447): [0]updateDataActivity: sent=2 received=0
04-13 22:26:13.280 D/QtiGsmDCT( 3447): [0]updateDataActivity: newActivity=DATAOUT
04-13 22:26:13.286 D/QtiGsmDCT( 3447): [0]getDataEnabled: getIntWithSubId retVal=true
04-13 22:26:13.294 V/LG-FASTDORMANCY( 3447): [DCH/FACH] FDCount : 0 intent received :com.android.internal.telephony.ACTION_CHECK_NETSTAT
04-13 22:26:13.300 V/LG-FASTDORMANCY( 3447): [DCH/FACH] FDCount : 0 prev: TxPkts(153110), RxPkts(184729)
04-13 22:26:13.300 V/LG-FASTDORMANCY( 3447): [DCH/FACH] FDCount : 0 curr: TxPkts(153112), RxPkts(184729)
04-13 22:26:13.303 I/LG-FASTDORMANCY( 3447): [DCH/FACH] FDCount : 0 Scheduling checkNetStat for 1000msec, current state is [DCH/FACH] FDCount : 0 
04-13 22:26:14.287 D/QtiGsmDCT( 3447): [0]updateDataActivity: curTxRxSum={txSum=153112 rxSum=184729} preTxRxSum={txSum=153112 rxSum=184729}
04-13 22:26:14.287 D/QtiGsmDCT( 3447): [0]updateDataActivity: sent=0 received=0
04-13 22:26:14.287 D/QtiGsmDCT( 3447): [0]updateDataActivity: newActivity=NONE
04-13 22:26:14.293 D/QtiGsmDCT( 3447): [0]getDataEnabled: getIntWithSubId retVal=true
04-13 22:26:14.307 V/LG-FASTDORMANCY( 3447): [DCH/FACH] FDCount : 0 intent received :com.android.internal.telephony.ACTION_CHECK_NETSTAT
04-13 22:26:14.311 V/LG-FASTDORMANCY( 3447): [DCH/FACH] FDCount : 0 prev: TxPkts(153112), RxPkts(184729)
04-13 22:26:14.311 V/LG-FASTDORMANCY( 3447): [DCH/FACH] FDCount : 0 curr: TxPkts(153112), RxPkts(184729)
04-13 22:26:14.313 I/LG-FASTDORMANCY( 3447): [DCH/FACH] FDCount : 1 Scheduling checkNetStat for 1000msec, current state is [DCH/FACH] FDCount : 1 
04-13 22:26:15.293 D/QtiGsmDCT( 3447): [0]updateDataActivity: curTxRxSum={txSum=153112 rxSum=184729} preTxRxSum={txSum=153112 rxSum=184729}
04-13 22:26:15.293 D/QtiGsmDCT( 3447): [0]updateDataActivity: sent=0 received=0
04-13 22:26:15.317 V/LG-FASTDORMANCY( 3447): [DCH/FACH] FDCount : 1 intent received :com.android.internal.telephony.ACTION_CHECK_NETSTAT
04-13 22:26:15.321 V/LG-FASTDORMANCY( 3447): [DCH/FACH] FDCount : 1 prev: TxPkts(153112), RxPkts(184729)
04-13 22:26:15.321 V/LG-FASTDORMANCY( 3447): [DCH/FACH] FDCount : 1 curr: TxPkts(153112), RxPkts(184729)
04-13 22:26:15.321 I/LG-FASTDORMANCY( 3447): [DCH/FACH] FDCount : 2 Scheduling checkNetStat for 1000msec, current state is [DCH/FACH] FDCount : 2 
