04-13 22:24:43.153 I/LG-FASTDORMANCY( 3447): [DCH/FACH] FDCount : 0 Scheduling checkNetStat for 1000msec, current state is [DCH/FACH] FDCount : 0 
04-13 22:24:43.669 D/QtiGsmDCT( 3447): [0]updateDataActivity: curTxRxSum={txSum=147343 rxSum=177793} preTxRxSum={txSum=147314 rxSum=177767}
04-13 22:24:43.669 D/QtiGsmDCT( 3447): [0]updateDataActivity: sent=29 received=26
04-13 22:24:44.159 V/LG-FASTDORMANCY( 3447): [DCH/FACH] FDCount : 0 intent received :com.android.internal.telephony.ACTION_CHECK_NETSTAT
04-13 22:24:44.166 V/LG-FASTDORMANCY( 3447): [DCH/FACH] FDCount : 0 prev: TxPkts(147319), RxPkts(177771)
04-13 22:24:44.166 V/LG-FASTDORMANCY( 3447): [DCH/FACH] FDCount : 0 curr: TxPkts(147354), RxPkts(177805)
04-13 22:24:44.167 I/LG-FASTDORMANCY( 3447): [DCH/FACH] FDCount : 0 Scheduling checkNetStat for 1000msec, current state is [DCH/FACH] FDCount : 0 
04-13 22:24:44.676 D/QtiGsmDCT( 3447): [0]updateDataActivity: curTxRxSum={txSum=147444 rxSum=177893} preTxRxSum={txSum=147343 rxSum=177793}
04-13 22:24:44.676 D/QtiGsmDCT( 3447): [0]updateDataActivity: sent=101 received=100
04-13 22:24:45.172 V/LG-FASTDORMANCY( 3447): [DCH/FACH] FDCount : 0 intent received :com.android.internal.telephony.ACTION_CHECK_NETSTAT
04-13 22:24:45.183 V/LG-FASTDORMANCY( 3447): [DCH/FACH] FDCount : 0 prev: TxPkts(147354), RxPkts(177805)
04-13 22:24:45.184 V/LG-FASTDORMANCY( 3447): [DCH/FACH] FDCount : 0 curr: TxPkts(147564), RxPkts(178013)
04-13 22:24:45.184 I/LG-FASTDORMANCY( 3447): [DCH/FACH] FDCount : 0 Scheduling checkNetStat for 1000msec, current state is [DCH/FACH] FDCount : 0 
04-13 22:24:45.680 D/QtiGsmDCT( 3447): [0]updateDataActivity: curTxRxSum={txSum=147716 rxSum=178163} preTxRxSum={txSum=147444 rxSum=177893}
04-13 22:24:45.680 D/QtiGsmDCT( 3447): [0]updateDataActivity: sent=272 received=270
04-13 22:24:46.188 V/LG-FASTDORMANCY( 3447): [DCH/FACH] FDCount : 0 intent received :com.android.internal.telephony.ACTION_CHECK_NETSTAT
04-13 22:24:46.195 V/LG-FASTDORMANCY( 3447): [DCH/FACH] FDCount : 0 prev: TxPkts(147564), RxPkts(178013)
04-13 22:24:46.195 V/LG-FASTDORMANCY( 3447): [DCH/FACH] FDCount : 0 curr: TxPkts(147770), RxPkts(178215)
04-13 22:24:46.196 I/LG-FASTDORMANCY( 3447): [DCH/FACH] FDCount : 0 Scheduling checkNetStat for 1000msec, current state is [DCH/FACH] FDCount : 0 
04-13 22:24:46.683 D/QtiGsmDCT( 3447): [0]updateDataActivity: curTxRxSum={txSum=147782 rxSum=178237} preTxRxSum={txSum=147716 rxSum=178163}
04-13 22:24:46.684 D/QtiGsmDCT( 3447): [0]updateDataActivity: sent=66 received=74
04-13 22:24:47.200 V/LG-FASTDORMANCY( 3447): [DCH/FACH] FDCount : 0 intent received :com.android.internal.telephony.ACTION_CHECK_NETSTAT
04-13 22:24:47.203 V/LG-FASTDORMANCY( 3447): [DCH/FACH] FDCount : 0 prev: TxPkts(147770), RxPkts(178215)
04-13 22:24:47.203 V/LG-FASTDORMANCY( 3447): [DCH/FACH] FDCount : 0 curr: TxPkts(147939), RxPkts(178460)
04-13 22:24:47.204 I/LG-FASTDORMANCY( 3447): [DCH/FACH] FDCount : 0 Scheduling checkNetStat for 1000msec, current state is [DCH/FACH] FDCount : 0 
04-13 22:24:47.696 D/QtiGsmDCT( 3447): [0]updateDataActivity: curTxRxSum={txSum=148185 rxSum=178712} preTxRxSum={txSum=147782 rxSum=178237}
04-13 22:24:47.696 D/QtiGsmDCT( 3447): [0]updateDataActivity: sent=403 received=475
04-13 22:24:48.210 V/LG-FASTDORMANCY( 3447): [DCH/FACH] FDCount : 0 intent received :com.android.internal.telephony.ACTION_CHECK_NETSTAT
04-13 22:24:48.215 V/LG-FASTDORMANCY( 3447): [DCH/FACH] FDCount : 0 prev: TxPkts(147939), RxPkts(178460)
04-13 22:24:48.215 V/LG-FASTDORMANCY( 3447): [DCH/FACH] FDCount : 0 curr: TxPkts(148185), RxPkts(178712)
04-13 22:24:48.216 I/LG-FASTDORMANCY( 3447): [DCH/FACH] FDCount : 0 Scheduling checkNetStat for 1000msec, current state is [DCH/FACH] FDCount : 0 
04-13 22:24:48.701 D/QtiGsmDCT( 3447): [0]updateDataActivity: curTxRxSum={txSum=148215 rxSum=178744} preTxRxSum={txSum=148185 rxSum=178712}
04-13 22:24:48.701 D/QtiGsmDCT( 3447): [0]updateDataActivity: sent=30 received=32
04-13 22:24:49.220 V/LG-FASTDORMANCY( 3447): [DCH/FACH] FDCount : 0 intent received :com.android.internal.telephony.ACTION_CHECK_NETSTAT
04-13 22:24:49.224 V/LG-FASTDORMANCY( 3447): [DCH/FACH] FDCount : 0 prev: TxPkts(148185), RxPkts(178712)
04-13 22:24:49.225 V/LG-FASTDORMANCY( 3447): [DCH/FACH] FDCount : 0 curr: TxPkts(148403), RxPkts(178930)
04-13 22:24:49.226 I/LG-FASTDORMANCY( 3447): [DCH/FACH] FDCount : 0 Scheduling checkNetStat for 1000msec, current state is [DCH/FACH] FDCount : 0 
04-13 22:24:49.710 D/QtiGsmDCT( 3447): [0]updateDataActivity: curTxRxSum={txSum=148493 rxSum=179027} preTxRxSum={txSum=148215 rxSum=178744}
04-13 22:24:49.711 D/QtiGsmDCT( 3447): [0]updateDataActivity: sent=278 received=283
04-13 22:24:50.234 V/LG-FASTDORMANCY( 3447): [DCH/FACH] FDCount : 0 intent received :com.android.internal.telephony.ACTION_CHECK_NETSTAT
04-13 22:24:50.241 V/LG-FASTDORMANCY( 3447): [DCH/FACH] FDCount : 0 prev: TxPkts(148403), RxPkts(178930)
04-13 22:24:50.241 V/LG-FASTDORMANCY( 3447): [DCH/FACH] FDCount : 0 curr: TxPkts(148549), RxPkts(179076)
04-13 22:24:50.246 I/LG-FASTDORMANCY( 3447): [DCH/FACH] FDCount : 0 Scheduling checkNetStat for 1000msec, current state is [DCH/FACH] FDCount : 0 
04-13 22:24:50.714 D/QtiGsmDCT( 3447): [0]updateDataActivity: curTxRxSum={txSum=148636 rxSum=179159} preTxRxSum={txSum=148493 rxSum=179027}
04-13 22:24:50.715 D/QtiGsmDCT( 3447): [0]updateDataActivity: sent=143 received=132
04-13 22:24:51.250 V/LG-FASTDORMANCY( 3447): [DCH/FACH] FDCount : 0 intent received :com.android.internal.telephony.ACTION_CHECK_NETSTAT
04-13 22:24:51.254 V/LG-FASTDORMANCY( 3447): [DCH/FACH] FDCount : 0 prev: TxPkts(148549), RxPkts(179076)
04-13 22:24:51.254 V/LG-FASTDORMANCY( 3447): [DCH/FACH] FDCount : 0 curr: TxPkts(148856), RxPkts(179379)
04-13 22:24:51.255 I/LG-FASTDORMANCY( 3447): [DCH/FACH] FDCount : 0 Scheduling checkNetStat for 1000msec, current state is [DCH/FACH] FDCount : 0 
04-13 22:24:51.720 D/QtiGsmDCT( 3447): [0]updateDataActivity: curTxRxSum={txSum=148856 rxSum=179379} preTxRxSum={txSum=148636 rxSum=179159}
04-13 22:24:51.720 D/QtiGsmDCT( 3447): [0]updateDataActivity: sent=220 received=220
04-13 22:24:52.265 V/LG-FASTDORMANCY( 3447): [DCH/FACH] FDCount : 0 intent received :com.android.internal.telephony.ACTION_CHECK_NETSTAT
04-13 22:24:52.271 V/LG-FASTDORMANCY( 3447): [DCH/FACH] FDCount : 0 prev: TxPkts(148856), RxPkts(179379)
04-13 22:24:52.271 V/LG-FASTDORMANCY( 3447): [DCH/FACH] FDCount : 0 curr: TxPkts(148920), RxPkts(179441)
04-13 22:24:52.272 I/LG-FASTDORMANCY( 3447): [DCH/FACH] FDCount : 0 Scheduling checkNetStat for 1000msec, current state is [DCH/FACH] FDCount : 0 
04-13 22:24:52.729 D/QtiGsmDCT( 3447): [0]updateDataActivity: curTxRxSum={txSum=149046 rxSum=179567} preTxRxSum={txSum=148856 rxSum=179379}
04-13 22:24:52.729 D/QtiGsmDCT( 3447): [0]updateDataActivity: sent=190 received=188
04-13 22:24:53.277 V/LG-FASTDORMANCY( 3447): [DCH/FACH] FDCount : 0 intent received :com.android.internal.telephony.ACTION_CHECK_NETSTAT
04-13 22:24:53.280 V/LG-FASTDORMANCY( 3447): [DCH/FACH] FDCount : 0 prev: TxPkts(148920), RxPkts(179441)
04-13 22:24:53.280 V/LG-FASTDORMANCY( 3447): [DCH/FACH] FDCount : 0 curr: TxPkts(149046), RxPkts(179567)
04-13 22:24:53.281 I/LG-FASTDORMANCY( 3447): [DCH/FACH] FDCount : 0 Scheduling checkNetStat for 1000msec, current state is [DCH/FACH] FDCount : 0 
04-13 22:24:53.735 D/QtiGsmDCT( 3447): [0]updateDataActivity: curTxRxSum={txSum=149046 rxSum=179567} preTxRxSum={txSum=149046 rxSum=179567}
04-13 22:24:53.735 D/QtiGsmDCT( 3447): [0]updateDataActivity: sent=0 received=0
04-13 22:24:53.735 D/QtiGsmDCT( 3447): [0]updateDataActivity: newActivity=NONE
04-13 22:24:53.740 D/QtiGsmDCT( 3447): [0]getDataEnabled: getIntWithSubId retVal=true
04-13 22:24:54.287 V/LG-FASTDORMANCY( 3447): [DCH/FACH] FDCount : 0 intent received :com.android.internal.telephony.ACTION_CHECK_NETSTAT
04-13 22:24:54.290 V/LG-FASTDORMANCY( 3447): [DCH/FACH] FDCount : 0 prev: TxPkts(149046), RxPkts(179567)
04-13 22:24:54.291 V/LG-FASTDORMANCY( 3447): [DCH/FACH] FDCount : 0 curr: TxPkts(149046), RxPkts(179567)
04-13 22:24:54.291 I/LG-FASTDORMANCY( 3447): [DCH/FACH] FDCount : 1 Scheduling checkNetStat for 1000msec, current state is [DCH/FACH] FDCount : 1 
04-13 22:24:54.742 D/QtiGsmDCT( 3447): [0]updateDataActivity: curTxRxSum={txSum=149046 rxSum=179567} preTxRxSum={txSum=149046 rxSum=179567}
04-13 22:24:54.742 D/QtiGsmDCT( 3447): [0]updateDataActivity: sent=0 received=0
04-13 22:24:55.295 V/LG-FASTDORMANCY( 3447): [DCH/FACH] FDCount : 1 intent received :com.android.internal.telephony.ACTION_CHECK_NETSTAT
04-13 22:24:55.298 V/LG-FASTDORMANCY( 3447): [DCH/FACH] FDCount : 1 prev: TxPkts(149046), RxPkts(179567)
04-13 22:24:55.298 V/LG-FASTDORMANCY( 3447): [DCH/FACH] FDCount : 1 curr: TxPkts(149046), RxPkts(179567)
04-13 22:24:55.299 I/LG-FASTDORMANCY( 3447): [DCH/FACH] FDCount : 2 Scheduling checkNetStat for 1000msec, current state is [DCH/FACH] FDCount : 2 
04-13 22:24:55.750 D/QtiGsmDCT( 3447): [0]updateDataActivity: curTxRxSum={txSum=149144 rxSum=179667} preTxRxSum={txSum=149046 rxSum=179567}
04-13 22:24:55.750 D/QtiGsmDCT( 3447): [0]updateDataActivity: sent=98 received=100
04-13 22:24:55.750 D/QtiGsmDCT( 3447): [0]updateDataActivity: newActivity=DATAINANDOUT
04-13 22:24:55.761 D/QtiGsmDCT( 3447): [0]getDataEnabled: getIntWithSubId retVal=true
04-13 22:24:56.303 V/LG-FASTDORMANCY( 3447): [DCH/FACH] FDCount : 2 intent received :com.android.internal.telephony.ACTION_CHECK_NETSTAT
04-13 22:24:56.307 V/LG-FASTDORMANCY( 3447): [DCH/FACH] FDCount : 2 prev: TxPkts(149046), RxPkts(179567)
04-13 22:24:56.307 V/LG-FASTDORMANCY( 3447): [DCH/FACH] FDCount : 2 curr: TxPkts(149224), RxPkts(179743)
04-13 22:24:56.308 I/LG-FASTDORMANCY( 3447): [DCH/FACH] FDCount : 0 Scheduling checkNetStat for 1000msec, current state is [DCH/FACH] FDCount : 0 
04-13 22:24:56.758 D/QtiGsmDCT( 3447): [0]updateDataActivity: curTxRxSum={txSum=149224 rxSum=179743} preTxRxSum={txSum=149144 rxSum=179667}
04-13 22:24:56.759 D/QtiGsmDCT( 3447): [0]updateDataActivity: sent=80 received=76
04-13 22:24:57.312 V/LG-FASTDORMANCY( 3447): [DCH/FACH] FDCount : 0 intent received :com.android.internal.telephony.ACTION_CHECK_NETSTAT
04-13 22:24:57.316 V/LG-FASTDORMANCY( 3447): [DCH/FACH] FDCount : 0 prev: TxPkts(149224), RxPkts(179743)
04-13 22:24:57.317 V/LG-FASTDORMANCY( 3447): [DCH/FACH] FDCount : 0 curr: TxPkts(149224), RxPkts(179743)
04-13 22:24:57.317 I/LG-FASTDORMANCY( 3447): [DCH/FACH] FDCount : 1 Scheduling checkNetStat for 1000msec, current state is [DCH/FACH] FDCount : 1 
04-13 22:24:57.764 D/QtiGsmDCT( 3447): [0]updateDataActivity: curTxRxSum={txSum=149224 rxSum=179743} preTxRxSum={txSum=149224 rxSum=179743}
04-13 22:24:57.764 D/QtiGsmDCT( 3447): [0]updateDataActivity: sent=0 received=0
04-13 22:24:57.764 D/QtiGsmDCT( 3447): [0]updateDataActivity: newActivity=NONE
04-13 22:24:57.770 D/QtiGsmDCT( 3447): [0]getDataEnabled: getIntWithSubId retVal=true
04-13 22:24:58.323 V/LG-FASTDORMANCY( 3447): [DCH/FACH] FDCount : 1 intent received :com.android.internal.telephony.ACTION_CHECK_NETSTAT
04-13 22:24:58.327 V/LG-FASTDORMANCY( 3447): [DCH/FACH] FDCount : 1 prev: TxPkts(149224), RxPkts(179743)
04-13 22:24:58.327 V/LG-FASTDORMANCY( 3447): [DCH/FACH] FDCount : 1 curr: TxPkts(149224), RxPkts(179743)
04-13 22:24:58.328 I/LG-FASTDORMANCY( 3447): [DCH/FACH] FDCount : 2 Scheduling checkNetStat for 1000msec, current state is [DCH/FACH] FDCount : 2 
04-13 22:24:58.771 D/QtiGsmDCT( 3447): [0]updateDataActivity: curTxRxSum={txSum=149224 rxSum=179743} preTxRxSum={txSum=149224 rxSum=179743}
04-13 22:24:58.771 D/QtiGsmDCT( 3447): [0]updateDataActivity: sent=0 received=0
04-13 22:24:59.331 V/LG-FASTDORMANCY( 3447): [DCH/FACH] FDCount : 2 intent received :com.android.internal.telephony.ACTION_CHECK_NETSTAT
04-13 22:24:59.336 V/LG-FASTDORMANCY( 3447): [DCH/FACH] FDCount : 2 prev: TxPkts(149224), RxPkts(179743)
04-13 22:24:59.336 V/LG-FASTDORMANCY( 3447): [DCH/FACH] FDCount : 2 curr: TxPkts(149224), RxPkts(179743)
04-13 22:24:59.337 I/LG-FASTDORMANCY( 3447): [DCH/FACH] FDCount : 3 Scheduling checkNetStat for 1000msec, current state is [DCH/FACH] FDCount : 3 
04-13 22:24:59.779 D/QtiGsmDCT( 3447): [0]updateDataActivity: curTxRxSum={txSum=149260 rxSum=179783} preTxRxSum={txSum=149224 rxSum=179743}
04-13 22:24:59.779 D/QtiGsmDCT( 3447): [0]updateDataActivity: sent=36 received=40
04-13 22:24:59.779 D/QtiGsmDCT( 3447): [0]updateDataActivity: newActivity=DATAINANDOUT
04-13 22:24:59.788 D/QtiGsmDCT( 3447): [0]getDataEnabled: getIntWithSubId retVal=true
04-13 22:25:00.343 V/LG-FASTDORMANCY( 3447): [DCH/FACH] FDCount : 3 intent received :com.android.internal.telephony.ACTION_CHECK_NETSTAT
04-13 22:25:00.348 V/LG-FASTDORMANCY( 3447): [DCH/FACH] FDCount : 3 prev: TxPkts(149224), RxPkts(179743)
04-13 22:25:00.348 V/LG-FASTDORMANCY( 3447): [DCH/FACH] FDCount : 3 curr: TxPkts(149402), RxPkts(179921)
04-13 22:25:00.349 I/LG-FASTDORMANCY( 3447): [DCH/FACH] FDCount : 0 Scheduling checkNetStat for 1000msec, current state is [DCH/FACH] FDCount : 0 
04-13 22:25:00.787 D/QtiGsmDCT( 3447): [0]updateDataActivity: curTxRxSum={txSum=149402 rxSum=179921} preTxRxSum={txSum=149260 rxSum=179783}
04-13 22:25:00.787 D/QtiGsmDCT( 3447): [0]updateDataActivity: sent=142 received=138
04-13 22:25:01.352 V/LG-FASTDORMANCY( 3447): [DCH/FACH] FDCount : 0 intent received :com.android.internal.telephony.ACTION_CHECK_NETSTAT
04-13 22:25:01.356 V/LG-FASTDORMANCY( 3447): [DCH/FACH] FDCount : 0 prev: TxPkts(149402), RxPkts(179921)
04-13 22:25:01.356 V/LG-FASTDORMANCY( 3447): [DCH/FACH] FDCount : 0 curr: TxPkts(149402), RxPkts(179921)
04-13 22:25:01.357 I/LG-FASTDORMANCY( 3447): [DCH/FACH] FDCount : 1 Scheduling checkNetStat for 1000msec, current state is [DCH/FACH] FDCount : 1 
04-13 22:25:01.792 D/QtiGsmDCT( 3447): [0]updateDataActivity: curTxRxSum={txSum=149402 rxSum=179921} preTxRxSum={txSum=149402 rxSum=179921}
04-13 22:25:01.792 D/QtiGsmDCT( 3447): [0]updateDataActivity: sent=0 received=0
04-13 22:25:01.792 D/QtiGsmDCT( 3447): [0]updateDataActivity: newActivity=NONE
04-13 22:25:01.799 D/QtiGsmDCT( 3447): [0]getDataEnabled: getIntWithSubId retVal=true
04-13 22:25:02.360 V/LG-FASTDORMANCY( 3447): [DCH/FACH] FDCount : 1 intent received :com.android.internal.telephony.ACTION_CHECK_NETSTAT
04-13 22:25:02.364 V/LG-FASTDORMANCY( 3447): [DCH/FACH] FDCount : 1 prev: TxPkts(149402), RxPkts(179921)
04-13 22:25:02.364 V/LG-FASTDORMANCY( 3447): [DCH/FACH] FDCount : 1 curr: TxPkts(149418), RxPkts(179939)
04-13 22:25:02.365 I/LG-FASTDORMANCY( 3447): [DCH/FACH] FDCount : 0 Scheduling checkNetStat for 1000msec, current state is [DCH/FACH] FDCount : 0 
04-13 22:25:02.803 D/QtiGsmDCT( 3447): [0]updateDataActivity: curTxRxSum={txSum=149456 rxSum=179979} preTxRxSum={txSum=149402 rxSum=179921}
04-13 22:25:02.803 D/QtiGsmDCT( 3447): [0]updateDataActivity: sent=54 received=58
04-13 22:25:02.803 D/QtiGsmDCT( 3447): [0]updateDataActivity: newActivity=DATAINANDOUT
04-13 22:25:02.824 D/QtiGsmDCT( 3447): [0]getDataEnabled: getIntWithSubId retVal=true
04-13 22:25:03.368 V/LG-FASTDORMANCY( 3447): [DCH/FACH] FDCount : 0 intent received :com.android.internal.telephony.ACTION_CHECK_NETSTAT
04-13 22:25:03.373 V/LG-FASTDORMANCY( 3447): [DCH/FACH] FDCount : 0 prev: TxPkts(149418), RxPkts(179939)
04-13 22:25:03.373 V/LG-FASTDORMANCY( 3447): [DCH/FACH] FDCount : 0 curr: TxPkts(149522), RxPkts(180113)
04-13 22:25:03.375 I/LG-FASTDORMANCY( 3447): [DCH/FACH] FDCount : 0 Scheduling checkNetStat for 1000msec, current state is [DCH/FACH] FDCount : 0 
04-13 22:25:03.810 D/QtiGsmDCT( 3447): [0]updateDataActivity: curTxRxSum={txSum=149522 rxSum=180113} preTxRxSum={txSum=149456 rxSum=179979}
04-13 22:25:03.810 D/QtiGsmDCT( 3447): [0]updateDataActivity: sent=66 received=134
04-13 22:25:04.379 V/LG-FASTDORMANCY( 3447): [DCH/FACH] FDCount : 0 intent received :com.android.internal.telephony.ACTION_CHECK_NETSTAT
04-13 22:25:04.384 V/LG-FASTDORMANCY( 3447): [DCH/FACH] FDCount : 0 prev: TxPkts(149522), RxPkts(180113)
04-13 22:25:04.384 V/LG-FASTDORMANCY( 3447): [DCH/FACH] FDCount : 0 curr: TxPkts(149522), RxPkts(180113)
04-13 22:25:04.385 I/LG-FASTDORMANCY( 3447): [DCH/FACH] FDCount : 1 Scheduling checkNetStat for 1000msec, current state is [DCH/FACH] FDCount : 1 
04-13 22:25:04.816 D/QtiGsmDCT( 3447): [0]updateDataActivity: curTxRxSum={txSum=149522 rxSum=180113} preTxRxSum={txSum=149522 rxSum=180113}
04-13 22:25:04.816 D/QtiGsmDCT( 3447): [0]updateDataActivity: sent=0 received=0
04-13 22:25:04.816 D/QtiGsmDCT( 3447): [0]updateDataActivity: newActivity=NONE
04-13 22:25:04.830 D/QtiGsmDCT( 3447): [0]getDataEnabled: getIntWithSubId retVal=true
04-13 22:25:05.388 V/LG-FASTDORMANCY( 3447): [DCH/FACH] FDCount : 1 intent received :com.android.internal.telephony.ACTION_CHECK_NETSTAT
04-13 22:25:05.393 V/LG-FASTDORMANCY( 3447): [DCH/FACH] FDCount : 1 prev: TxPkts(149522), RxPkts(180113)
04-13 22:25:05.393 V/LG-FASTDORMANCY( 3447): [DCH/FACH] FDCount : 1 curr: TxPkts(149522), RxPkts(180113)
04-13 22:25:05.394 I/LG-FASTDORMANCY( 3447): [DCH/FACH] FDCount : 2 Scheduling checkNetStat for 1000msec, current state is [DCH/FACH] FDCount : 2 
04-13 22:25:05.824 D/QtiGsmDCT( 3447): [0]updateDataActivity: curTxRxSum={txSum=149524 rxSum=180117} preTxRxSum={txSum=149522 rxSum=180113}
04-13 22:25:05.824 D/QtiGsmDCT( 3447): [0]updateDataActivity: sent=2 received=4
04-13 22:25:05.824 D/QtiGsmDCT( 3447): [0]updateDataActivity: newActivity=DATAINANDOUT
04-13 22:25:05.831 D/QtiGsmDCT( 3447): [0]getDataEnabled: getIntWithSubId retVal=true
04-13 22:25:06.400 V/LG-FASTDORMANCY( 3447): [DCH/FACH] FDCount : 2 intent received :com.android.internal.telephony.ACTION_CHECK_NETSTAT
04-13 22:25:06.405 V/LG-FASTDORMANCY( 3447): [DCH/FACH] FDCount : 2 prev: TxPkts(149522), RxPkts(180113)
04-13 22:25:06.405 V/LG-FASTDORMANCY( 3447): [DCH/FACH] FDCount : 2 curr: TxPkts(149526), RxPkts(180117)
04-13 22:25:06.406 I/LG-FASTDORMANCY( 3447): [DCH/FACH] FDCount : 0 Scheduling checkNetStat for 1000msec, current state is [DCH/FACH] FDCount : 0 
04-13 22:25:06.584 D/QtiGsmDCT( 3447): [0]onReceive: action=com.android.internal.telephony.data-stall
04-13 22:25:06.586 D/QtiGsmDCT( 3447): [0]QtiDcTracker handleMessage msg={ when=-2ms what=270353 arg1=32294 obj=com.android.internal.telephony.data-stall target=com.qti.internal.telephony.dataconnection.QtiDcTracker }
04-13 22:25:06.586 D/QtiGsmDCT( 3447): [0]handleMessage msg={ when=-2ms what=270353 arg1=32294 obj=com.android.internal.telephony.data-stall target=com.qti.internal.telephony.dataconnection.QtiDcTracker }
04-13 22:25:06.595 D/QtiGsmDCT( 3447): [0]overall state is CONNECTED
04-13 22:25:06.831 D/QtiGsmDCT( 3447): [0]updateDataActivity: curTxRxSum={txSum=149526 rxSum=180117} preTxRxSum={txSum=149524 rxSum=180117}
04-13 22:25:06.831 D/QtiGsmDCT( 3447): [0]updateDataActivity: sent=2 received=0
04-13 22:25:06.831 D/QtiGsmDCT( 3447): [0]updateDataActivity: newActivity=DATAOUT
04-13 22:25:06.843 D/QtiGsmDCT( 3447): [0]getDataEnabled: getIntWithSubId retVal=true
04-13 22:25:07.411 V/LG-FASTDORMANCY( 3447): [DCH/FACH] FDCount : 0 intent received :com.android.internal.telephony.ACTION_CHECK_NETSTAT
04-13 22:25:07.415 V/LG-FASTDORMANCY( 3447): [DCH/FACH] FDCount : 0 prev: TxPkts(149526), RxPkts(180117)
04-13 22:25:07.415 V/LG-FASTDORMANCY( 3447): [DCH/FACH] FDCount : 0 curr: TxPkts(149526), RxPkts(180117)
04-13 22:25:07.416 I/LG-FASTDORMANCY( 3447): [DCH/FACH] FDCount : 1 Scheduling checkNetStat for 1000msec, current state is [DCH/FACH] FDCount : 1 
04-13 22:25:07.839 D/QtiGsmDCT( 3447): [0]updateDataActivity: curTxRxSum={txSum=149526 rxSum=180117} preTxRxSum={txSum=149526 rxSum=180117}
04-13 22:25:07.839 D/QtiGsmDCT( 3447): [0]updateDataActivity: sent=0 received=0
04-13 22:25:07.839 D/QtiGsmDCT( 3447): [0]updateDataActivity: newActivity=NONE
04-13 22:25:07.854 D/QtiGsmDCT( 3447): [0]getDataEnabled: getIntWithSubId retVal=true
04-13 22:25:08.419 V/LG-FASTDORMANCY( 3447): [DCH/FACH] FDCount : 1 intent received :com.android.internal.telephony.ACTION_CHECK_NETSTAT
04-13 22:25:08.426 V/LG-FASTDORMANCY( 3447): [DCH/FACH] FDCount : 1 prev: TxPkts(149526), RxPkts(180117)
04-13 22:25:08.427 V/LG-FASTDORMANCY( 3447): [DCH/FACH] FDCount : 1 curr: TxPkts(149526), RxPkts(180117)
04-13 22:25:08.428 I/LG-FASTDORMANCY( 3447): [DCH/FACH] FDCount : 2 Scheduling checkNetStat for 1000msec, current state is [DCH/FACH] FDCount : 2 
04-13 22:25:08.850 D/QtiGsmDCT( 3447): [0]updateDataActivity: curTxRxSum={txSum=149526 rxSum=180117} preTxRxSum={txSum=149526 rxSum=180117}
04-13 22:25:08.850 D/QtiGsmDCT( 3447): [0]updateDataActivity: sent=0 received=0
04-13 22:25:09.433 V/LG-FASTDORMANCY( 3447): [DCH/FACH] FDCount : 2 intent received :com.android.internal.telephony.ACTION_CHECK_NETSTAT
04-13 22:25:09.437 V/LG-FASTDORMANCY( 3447): [DCH/FACH] FDCount : 2 prev: TxPkts(149526), RxPkts(180117)
04-13 22:25:09.437 V/LG-FASTDORMANCY( 3447): [DCH/FACH] FDCount : 2 curr: TxPkts(149526), RxPkts(180117)
04-13 22:25:09.438 I/LG-FASTDORMANCY( 3447): [DCH/FACH] FDCount : 3 Scheduling checkNetStat for 1000msec, current state is [DCH/FACH] FDCount : 3 
04-13 22:25:09.855 D/QtiGsmDCT( 3447): [0]updateDataActivity: curTxRxSum={txSum=149526 rxSum=180117} preTxRxSum={txSum=149526 rxSum=180117}
04-13 22:25:09.855 D/QtiGsmDCT( 3447): [0]updateDataActivity: sent=0 received=0
04-13 22:25:10.444 V/LG-FASTDORMANCY( 3447): [DCH/FACH] FDCount : 3 intent received :com.android.internal.telephony.ACTION_CHECK_NETSTAT
04-13 22:25:10.450 V/LG-FASTDORMANCY( 3447): [DCH/FACH] FDCount : 3 prev: TxPkts(149526), RxPkts(180117)
04-13 22:25:10.451 V/LG-FASTDORMANCY( 3447): [DCH/FACH] FDCount : 3 curr: TxPkts(149530), RxPkts(180121)
04-13 22:25:10.452 I/LG-FASTDORMANCY( 3447): [DCH/FACH] FDCount : 0 Scheduling checkNetStat for 1000msec, current state is [DCH/FACH] FDCount : 0 
04-13 22:25:10.860 D/QtiGsmDCT( 3447): [0]updateDataActivity: curTxRxSum={txSum=149532 rxSum=180123} preTxRxSum={txSum=149526 rxSum=180117}
04-13 22:25:10.861 D/QtiGsmDCT( 3447): [0]updateDataActivity: sent=6 received=6
04-13 22:25:10.861 D/QtiGsmDCT( 3447): [0]updateDataActivity: newActivity=DATAINANDOUT
04-13 22:25:10.870 D/QtiGsmDCT( 3447): [0]getDataEnabled: getIntWithSubId retVal=true
04-13 22:25:11.458 V/LG-FASTDORMANCY( 3447): [DCH/FACH] FDCount : 0 intent received :com.android.internal.telephony.ACTION_CHECK_NETSTAT
04-13 22:25:11.466 V/LG-FASTDORMANCY( 3447): [DCH/FACH] FDCount : 0 prev: TxPkts(149530), RxPkts(180121)
04-13 22:25:11.466 V/LG-FASTDORMANCY( 3447): [DCH/FACH] FDCount : 0 curr: TxPkts(149537), RxPkts(180126)
04-13 22:25:11.468 I/LG-FASTDORMANCY( 3447): [DCH/FACH] FDCount : 0 Scheduling checkNetStat for 1000msec, current state is [DCH/FACH] FDCount : 0 
04-13 22:25:11.872 D/QtiGsmDCT( 3447): [0]updateDataActivity: curTxRxSum={txSum=149537 rxSum=180126} preTxRxSum={txSum=149532 rxSum=180123}
04-13 22:25:11.873 D/QtiGsmDCT( 3447): [0]updateDataActivity: sent=5 received=3
04-13 22:25:12.473 V/LG-FASTDORMANCY( 3447): [DCH/FACH] FDCount : 0 intent received :com.android.internal.telephony.ACTION_CHECK_NETSTAT
04-13 22:25:12.481 V/LG-FASTDORMANCY( 3447): [DCH/FACH] FDCount : 0 prev: TxPkts(149537), RxPkts(180126)
04-13 22:25:12.483 V/LG-FASTDORMANCY( 3447): [DCH/FACH] FDCount : 0 curr: TxPkts(149537), RxPkts(180126)
04-13 22:25:12.484 I/LG-FASTDORMANCY( 3447): [DCH/FACH] FDCount : 1 Scheduling checkNetStat for 1000msec, current state is [DCH/FACH] FDCount : 1 
04-13 22:25:12.880 D/QtiGsmDCT( 3447): [0]updateDataActivity: curTxRxSum={txSum=149537 rxSum=180126} preTxRxSum={txSum=149537 rxSum=180126}
04-13 22:25:12.880 D/QtiGsmDCT( 3447): [0]updateDataActivity: sent=0 received=0
04-13 22:25:12.880 D/QtiGsmDCT( 3447): [0]updateDataActivity: newActivity=NONE
04-13 22:25:12.888 D/QtiGsmDCT( 3447): [0]getDataEnabled: getIntWithSubId retVal=true
04-13 22:25:13.491 V/LG-FASTDORMANCY( 3447): [DCH/FACH] FDCount : 1 intent received :com.android.internal.telephony.ACTION_CHECK_NETSTAT
04-13 22:25:13.499 V/LG-FASTDORMANCY( 3447): [DCH/FACH] FDCount : 1 prev: TxPkts(149537), RxPkts(180126)
04-13 22:25:13.499 V/LG-FASTDORMANCY( 3447): [DCH/FACH] FDCount : 1 curr: TxPkts(149537), RxPkts(180126)
04-13 22:25:13.500 I/LG-FASTDORMANCY( 3447): [DCH/FACH] FDCount : 2 Scheduling checkNetStat for 1000msec, current state is [DCH/FACH] FDCount : 2 
04-13 22:25:13.889 D/QtiGsmDCT( 3447): [0]updateDataActivity: curTxRxSum={txSum=149537 rxSum=180126} preTxRxSum={txSum=149537 rxSum=180126}
04-13 22:25:13.890 D/QtiGsmDCT( 3447): [0]updateDataActivity: sent=0 received=0
04-13 22:25:14.505 V/LG-FASTDORMANCY( 3447): [DCH/FACH] FDCount : 2 intent received :com.android.internal.telephony.ACTION_CHECK_NETSTAT
04-13 22:25:14.511 V/LG-FASTDORMANCY( 3447): [DCH/FACH] FDCount : 2 prev: TxPkts(149537), RxPkts(180126)
04-13 22:25:14.512 V/LG-FASTDORMANCY( 3447): [DCH/FACH] FDCount : 2 curr: TxPkts(149537), RxPkts(180126)
04-13 22:25:14.514 I/LG-FASTDORMANCY( 3447): [DCH/FACH] FDCount : 3 Scheduling checkNetStat for 1000msec, current state is [DCH/FACH] FDCount : 3 
04-13 22:25:14.903 D/QtiGsmDCT( 3447): [0]updateDataActivity: curTxRxSum={txSum=149537 rxSum=180126} preTxRxSum={txSum=149537 rxSum=180126}
04-13 22:25:14.903 D/QtiGsmDCT( 3447): [0]updateDataActivity: sent=0 received=0
04-13 22:25:15.518 V/LG-FASTDORMANCY( 3447): [DCH/FACH] FDCount : 3 intent received :com.android.internal.telephony.ACTION_CHECK_NETSTAT
04-13 22:25:15.521 V/LG-FASTDORMANCY( 3447): [DCH/FACH] FDCount : 3 prev: TxPkts(149537), RxPkts(180126)
04-13 22:25:15.521 V/LG-FASTDORMANCY( 3447): [DCH/FACH] FDCount : 3 curr: TxPkts(149537), RxPkts(180126)
04-13 22:25:15.522 I/LG-FASTDORMANCY( 3447): [DCH/FACH] FDCount : 4 Scheduling checkNetStat for 1000msec, current state is [DCH/FACH] FDCount : 4 
04-13 22:25:15.907 D/QtiGsmDCT( 3447): [0]updateDataActivity: curTxRxSum={txSum=149537 rxSum=180126} preTxRxSum={txSum=149537 rxSum=180126}
04-13 22:25:15.907 D/QtiGsmDCT( 3447): [0]updateDataActivity: sent=0 received=0
04-13 22:25:16.527 V/LG-FASTDORMANCY( 3447): [DCH/FACH] FDCount : 4 intent received :com.android.internal.telephony.ACTION_CHECK_NETSTAT
04-13 22:25:16.531 V/LG-FASTDORMANCY( 3447): [DCH/FACH] FDCount : 4 prev: TxPkts(149537), RxPkts(180126)
04-13 22:25:16.531 V/LG-FASTDORMANCY( 3447): [DCH/FACH] FDCount : 4 curr: TxPkts(149537), RxPkts(180126)
04-13 22:25:16.532 I/LG-FASTDORMANCY( 3447): [DCH/FACH] FDCount : 5 Scheduling checkNetStat for 1000msec, current state is [DCH/FACH] FDCount : 5 
04-13 22:25:16.913 D/QtiGsmDCT( 3447): [0]updateDataActivity: curTxRxSum={txSum=149537 rxSum=180126} preTxRxSum={txSum=149537 rxSum=180126}
04-13 22:25:16.913 D/QtiGsmDCT( 3447): [0]updateDataActivity: sent=0 received=0
04-13 22:25:17.538 V/LG-FASTDORMANCY( 3447): [DCH/FACH] FDCount : 5 intent received :com.android.internal.telephony.ACTION_CHECK_NETSTAT
04-13 22:25:17.542 V/LG-FASTDORMANCY( 3447): [DCH/FACH] FDCount : 5 prev: TxPkts(149537), RxPkts(180126)
04-13 22:25:17.542 V/LG-FASTDORMANCY( 3447): [DCH/FACH] FDCount : 5 curr: TxPkts(149537), RxPkts(180126)
04-13 22:25:17.543 I/LG-FASTDORMANCY( 3447): [DCH/FACH] FDCount : 6 Scheduling checkNetStat for 1000msec, current state is [DCH/FACH] FDCount : 6 
04-13 22:25:17.917 D/QtiGsmDCT( 3447): [0]updateDataActivity: curTxRxSum={txSum=149539 rxSum=180128} preTxRxSum={txSum=149537 rxSum=180126}
04-13 22:25:17.917 D/QtiGsmDCT( 3447): [0]updateDataActivity: sent=2 received=2
04-13 22:25:17.917 D/QtiGsmDCT( 3447): [0]updateDataActivity: newActivity=DATAINANDOUT
04-13 22:25:17.923 D/QtiGsmDCT( 3447): [0]getDataEnabled: getIntWithSubId retVal=true
04-13 22:25:18.546 V/LG-FASTDORMANCY( 3447): [DCH/FACH] FDCount : 6 intent received :com.android.internal.telephony.ACTION_CHECK_NETSTAT
04-13 22:25:18.551 V/LG-FASTDORMANCY( 3447): [DCH/FACH] FDCount : 6 prev: TxPkts(149537), RxPkts(180126)
04-13 22:25:18.551 V/LG-FASTDORMANCY( 3447): [DCH/FACH] FDCount : 6 curr: TxPkts(149539), RxPkts(180128)
04-13 22:25:18.552 I/LG-FASTDORMANCY( 3447): [DCH/FACH] FDCount : 0 Scheduling checkNetStat for 1000msec, current state is [DCH/FACH] FDCount : 0 
04-13 22:25:18.923 D/QtiGsmDCT( 3447): [0]updateDataActivity: curTxRxSum={txSum=149539 rxSum=180128} preTxRxSum={txSum=149539 rxSum=180128}
04-13 22:25:18.924 D/QtiGsmDCT( 3447): [0]updateDataActivity: sent=0 received=0
04-13 22:25:18.924 D/QtiGsmDCT( 3447): [0]updateDataActivity: newActivity=NONE
04-13 22:25:18.930 D/QtiGsmDCT( 3447): [0]getDataEnabled: getIntWithSubId retVal=true
04-13 22:25:19.555 V/LG-FASTDORMANCY( 3447): [DCH/FACH] FDCount : 0 intent received :com.android.internal.telephony.ACTION_CHECK_NETSTAT
04-13 22:25:19.561 V/LG-FASTDORMANCY( 3447): [DCH/FACH] FDCount : 0 prev: TxPkts(149539), RxPkts(180128)
04-13 22:25:19.561 V/LG-FASTDORMANCY( 3447): [DCH/FACH] FDCount : 0 curr: TxPkts(149539), RxPkts(180128)
04-13 22:25:19.564 I/LG-FASTDORMANCY( 3447): [DCH/FACH] FDCount : 1 Scheduling checkNetStat for 1000msec, current state is [DCH/FACH] FDCount : 1 
04-13 22:25:19.930 D/QtiGsmDCT( 3447): [0]updateDataActivity: curTxRxSum={txSum=149539 rxSum=180128} preTxRxSum={txSum=149539 rxSum=180128}
04-13 22:25:19.930 D/QtiGsmDCT( 3447): [0]updateDataActivity: sent=0 received=0
04-13 22:25:20.568 V/LG-FASTDORMANCY( 3447): [DCH/FACH] FDCount : 1 intent received :com.android.internal.telephony.ACTION_CHECK_NETSTAT
04-13 22:25:20.573 V/LG-FASTDORMANCY( 3447): [DCH/FACH] FDCount : 1 prev: TxPkts(149539), RxPkts(180128)
04-13 22:25:20.573 V/LG-FASTDORMANCY( 3447): [DCH/FACH] FDCount : 1 curr: TxPkts(149539), RxPkts(180128)
04-13 22:25:20.574 I/LG-FASTDORMANCY( 3447): [DCH/FACH] FDCount : 2 Scheduling checkNetStat for 1000msec, current state is [DCH/FACH] FDCount : 2 
04-13 22:25:20.935 D/QtiGsmDCT( 3447): [0]updateDataActivity: curTxRxSum={txSum=149539 rxSum=180128} preTxRxSum={txSum=149539 rxSum=180128}
04-13 22:25:20.935 D/QtiGsmDCT( 3447): [0]updateDataActivity: sent=0 received=0
04-13 22:25:21.578 V/LG-FASTDORMANCY( 3447): [DCH/FACH] FDCount : 2 intent received :com.android.internal.telephony.ACTION_CHECK_NETSTAT
04-13 22:25:21.587 V/LG-FASTDORMANCY( 3447): [DCH/FACH] FDCount : 2 prev: TxPkts(149539), RxPkts(180128)
04-13 22:25:21.587 V/LG-FASTDORMANCY( 3447): [DCH/FACH] FDCount : 2 curr: TxPkts(149539), RxPkts(180128)
04-13 22:25:21.588 I/LG-FASTDORMANCY( 3447): [DCH/FACH] FDCount : 3 Scheduling checkNetStat for 1000msec, current state is [DCH/FACH] FDCount : 3 
04-13 22:25:21.939 D/QtiGsmDCT( 3447): [0]updateDataActivity: curTxRxSum={txSum=149539 rxSum=180128} preTxRxSum={txSum=149539 rxSum=180128}
04-13 22:25:21.939 D/QtiGsmDCT( 3447): [0]updateDataActivity: sent=0 received=0
04-13 22:25:21.977 I/RILC    (  370): RIL_SOCKET_1 UNSOLICITED: RIL_UNSOL_LTE_REJECT_CAUSE length:16
04-13 22:25:21.977 E/RILC    (  370): Send Response to RIL_SOCKET_1
04-13 22:25:21.978 E/RILC    (  370): RIL Response bytes written:4
04-13 22:25:21.978 D/RILJ    ( 3447): [UNSL]< RIL_UNSOL_LTE_REJECT_CAUSE {15} [SUB0]
04-13 22:25:21.979 E/RILC    (  370): RIL Response bytes written:16
04-13 22:25:21.981 I/RILC    (  370): RIL_SOCKET_1 UNSOLICITED: UNSOL_OEM_HOOK_RAW length:32
04-13 22:25:21.981 E/RILC    (  370): Send Response to RIL_SOCKET_1
04-13 22:25:21.982 E/RILC    (  370): RIL Response bytes written:4
04-13 22:25:21.984 V/RILJ    ( 3447): [UNSL]< UNSOL_OEM_HOOK_RAW 514f454d484f4f4bef0308000100000002 [SUB0]
04-13 22:25:21.984 D/RILJ    ( 3447): Oem ID in RIL_UNSOL_OEM_HOOK_RAW is QOEMHOOK
04-13 22:25:21.984 D/RILJ    ( 3447): OEM ID check Passed
04-13 22:25:21.984 D/RILJ    ( 3447): Response ID in RIL_UNSOL_OEM_HOOK_RAW is 525295
04-13 22:25:21.985 D/RILJ    ( 3447): Response ID 525295 is not served in this process.
04-13 22:25:21.985 E/RILC    (  370): RIL Response bytes written:32
04-13 22:25:21.988 I/RILC    (  370): RIL_SOCKET_1 UNSOLICITED: UNSOL_RESPONSE_VOICE_NETWORK_STATE_CHANGED length:8
04-13 22:25:21.988 E/RILC    (  370): Send Response to RIL_SOCKET_1
04-13 22:25:21.988 E/RILC    (  370): RIL Response bytes written:4
04-13 22:25:21.988 D/RILJ    ( 3447): [UNSL]< UNSOL_RESPONSE_VOICE_NETWORK_STATE_CHANGED [SUB0]
04-13 22:25:21.989 E/RILC    (  370): RIL Response bytes written:8
04-13 22:25:21.991 I/RILQ    (  370): (0/370):RIL[0][event] qcril_arb_set_dsd_sys_status: old_pref_data 1 - new_data_pref 1
04-13 22:25:21.991 I/RILQ    (  370): (0/370):RIL[0][event] qcril_arb_set_dsd_sys_status: preferred dsd_sys_status nw=0x0, rat_value=0x1, so_mask=0x0000000000000007
04-13 22:25:21.991 I/RILQ    (  370): (0/370):RIL[0][event] qcril_arb_set_dsd_sys_status: preferred 1 - dsd_sys_status nw=0x0, rat_value=0x1, so_mask=0x0000000000000007
04-13 22:25:21.991 I/RILQ    (  370): (0/370):RIL[0][event] qcril_arb_set_dsd_sys_status: is_wwan_available 0
04-13 22:25:21.993 D/RILJ    ( 3447): [9270]> OPERATOR [SUB0]
04-13 22:25:21.996 I/RILC    (  370): RIL_SOCKET_1 UNSOLICITED: UNSOL_OEM_HOOK_RAW length:32
04-13 22:25:21.996 E/RILC    (  370): Send Response to RIL_SOCKET_1
04-13 22:25:21.996 E/RILC    (  370): RIL Response bytes written:4
04-13 22:25:21.996 V/RILJ    ( 3447): [UNSL]< UNSOL_OEM_HOOK_RAW 514f454d484f4f4bfa0308000100000000 [SUB0]
04-13 22:25:21.996 D/RILJ    ( 3447): Oem ID in RIL_UNSOL_OEM_HOOK_RAW is QOEMHOOK
04-13 22:25:21.996 D/RILJ    ( 3447): OEM ID check Passed
04-13 22:25:21.996 D/RILJ    ( 3447): Response ID in RIL_UNSOL_OEM_HOOK_RAW is 525306
04-13 22:25:21.996 D/RILJ    ( 3447): WWAN, IWLAN coexistence notified to registrants
04-13 22:25:21.996 E/RILC    (  370): RIL Response bytes written:32
04-13 22:25:22.000 I/RILC    (  370): RIL_SOCKET_1 UNSOLICITED: RIL_UNSOL_LTE_REJECT_CAUSE length:16
04-13 22:25:22.001 E/RILC    (  370): Send Response to RIL_SOCKET_1
04-13 22:25:22.001 E/RILC    (  370): RIL Response bytes written:4
04-13 22:25:22.001 D/RILJ    ( 3447): [UNSL]< RIL_UNSOL_LTE_REJECT_CAUSE {15} [SUB0]
04-13 22:25:22.001 E/RILC    (  370): RIL Response bytes written:16
04-13 22:25:22.002 D/RILJ    ( 3447): [9271]> DATA_REGISTRATION_STATE [SUB0]
04-13 22:25:22.003 D/RILC    (  370): SOCKET RIL_SOCKET_1 REQUEST: OPERATOR length:8
04-13 22:25:22.004 I/RILC    (  370): RIL_SOCKET_1 UNSOLICITED: UNSOL_RESPONSE_VOICE_NETWORK_STATE_CHANGED length:8
04-13 22:25:22.004 E/RILC    (  370): Send Response to RIL_SOCKET_1
04-13 22:25:22.004 E/RILC    (  370): RIL Response bytes written:4
04-13 22:25:22.004 D/RILJ    ( 3447): [UNSL]< UNSOL_RESPONSE_VOICE_NETWORK_STATE_CHANGED [SUB0]
04-13 22:25:22.004 E/RILC    (  370): RIL Response bytes written:8
04-13 22:25:22.005 D/RILJ    ( 3447): [9272]> VOICE_REGISTRATION_STATE [SUB0]
04-13 22:25:22.006 D/RILC    (  370): SOCKET RIL_SOCKET_1 REQUEST: DATA_REGISTRATION_STATE length:8
04-13 22:25:22.006 D/RILJ    ( 3447): [9273]> QUERY_NETWORK_SELECTION_MODE [SUB0]
04-13 22:25:22.008 D/RILC    (  370): SOCKET RIL_SOCKET_1 REQUEST: VOICE_REGISTRATION_STATE length:8
04-13 22:25:22.010 D/RILC    (  370): SOCKET RIL_SOCKET_1 REQUEST: QUERY_NETWORK_SELECTION_MODE length:8
04-13 22:25:22.010 D/RILJ    ( 3447): [9274]> OPERATOR [SUB0]
04-13 22:25:22.014 D/RILJ    ( 3447): [9275]> DATA_REGISTRATION_STATE [SUB0]
04-13 22:25:22.014 D/RILC    (  370): SOCKET RIL_SOCKET_1 REQUEST: OPERATOR length:8
04-13 22:25:22.016 D/RILJ    ( 3447): [9276]> VOICE_REGISTRATION_STATE [SUB0]
04-13 22:25:22.017 D/RILC    (  370): SOCKET RIL_SOCKET_1 REQUEST: DATA_REGISTRATION_STATE length:8
04-13 22:25:22.017 D/RILJ    ( 3447): [9277]> QUERY_NETWORK_SELECTION_MODE [SUB0]
04-13 22:25:22.018 D/RILC    (  370): SOCKET RIL_SOCKET_1 REQUEST: VOICE_REGISTRATION_STATE length:8
04-13 22:25:22.019 D/RILC    (  370): SOCKET RIL_SOCKET_1 REQUEST: QUERY_NETWORK_SELECTION_MODE length:8
04-13 22:25:22.033 D/RILC    (  370): RequestComplete, RIL_SOCKET_1
04-13 22:25:22.033 E/RILC    (  370): Send Response to RIL_SOCKET_1
04-13 22:25:22.033 E/RILC    (  370): RIL Response bytes written:4
04-13 22:25:22.033 D/RILJ    ( 3447): [9270]< OPERATOR {Orange, Orange, 26003} [SUB0]
04-13 22:25:22.033 E/RILC    (  370): RIL Response bytes written:72
04-13 22:25:22.034 D/RILC    (  370): RequestComplete, RIL_SOCKET_1
04-13 22:25:22.034 E/RILC    (  370): Send Response to RIL_SOCKET_1
04-13 22:25:22.034 E/RILC    (  370): RIL Response bytes written:4
04-13 22:25:22.034 E/RILC    (  370): RIL Response bytes written:72
04-13 22:25:22.035 D/RILJ    ( 3447): [9274]< OPERATOR {Orange, Orange, 26003} [SUB0]
04-13 22:25:22.036 D/RILC    (  370): RequestComplete, RIL_SOCKET_1
04-13 22:25:22.036 E/RILC    (  370): Send Response to RIL_SOCKET_1
04-13 22:25:22.036 E/RILC    (  370): RIL Response bytes written:4
04-13 22:25:22.036 E/RILC    (  370): RIL Response bytes written:20
04-13 22:25:22.036 D/RILC    (  370): RequestComplete, RIL_SOCKET_1
04-13 22:25:22.036 D/RILJ    ( 3447): [9273]< QUERY_NETWORK_SELECTION_MODE {0} [SUB0]
04-13 22:25:22.036 E/RILC    (  370): Send Response to RIL_SOCKET_1
04-13 22:25:22.036 E/RILC    (  370): RIL Response bytes written:4
04-13 22:25:22.036 E/RILC    (  370): RIL Response bytes written:20
04-13 22:25:22.037 D/RILC    (  370): RequestComplete, RIL_SOCKET_1
04-13 22:25:22.037 E/RILC    (  370): Send Response to RIL_SOCKET_1
04-13 22:25:22.037 E/RILC    (  370): RIL Response bytes written:4
04-13 22:25:22.037 E/RILC    (  370): RIL Response bytes written:136
04-13 22:25:22.037 D/RILC    (  370): RequestComplete, RIL_SOCKET_1
04-13 22:25:22.037 E/RILC    (  370): Send Response to RIL_SOCKET_1
04-13 22:25:22.037 D/RILJ    ( 3447): [9277]< QUERY_NETWORK_SELECTION_MODE {0} [SUB0]
04-13 22:25:22.037 E/RILC    (  370): RIL Response bytes written:4
04-13 22:25:22.037 E/RILC    (  370): RIL Response bytes written:136
04-13 22:25:22.037 D/RILJ    ( 3447): [9272]< VOICE_REGISTRATION_STATE {1, dff2, 02bec830, 3, null, null, null, 0, null, null, 1, null, null, 0, 1d8} [SUB0]
04-13 22:25:22.038 D/RILJ    ( 3447): [9276]< VOICE_REGISTRATION_STATE {1, dff2, 02bec830, 3, null, null, null, 0, null, null, 1, null, null, 0, 1d8} [SUB0]
04-13 22:25:22.038 D/PHONE   ( 3447): [ServiceState] setVoiceRegState=0
04-13 22:25:22.038 E/PHONE   ( 3447): [ServiceState] setState deprecated use setVoiceRegState()
04-13 22:25:22.038 D/GsmSST  ( 3447): [GsmSST] LOGRadioInfo : In Service
04-13 22:25:22.038 D/RILC    (  370): RequestComplete, RIL_SOCKET_1
04-13 22:25:22.038 E/RILC    (  370): Send Response to RIL_SOCKET_1
04-13 22:25:22.038 E/RILC    (  370): RIL Response bytes written:4
04-13 22:25:22.038 E/RILC    (  370): RIL Response bytes written:120
04-13 22:25:22.038 D/RILC    (  370): RequestComplete, RIL_SOCKET_1
04-13 22:25:22.038 E/RILC    (  370): Send Response to RIL_SOCKET_1
04-13 22:25:22.038 E/RILC    (  370): RIL Response bytes written:4
04-13 22:25:22.038 E/RILC    (  370): RIL Response bytes written:120
04-13 22:25:22.039 D/RILJ    ( 3447): [9271]< DATA_REGISTRATION_STATE {1, dff2, 02bec830, 11, null, 20, null, null, null, null, null, 0} [SUB0]
04-13 22:25:22.040 D/RILJ    ( 3447): [9275]< DATA_REGISTRATION_STATE {1, dff2, 02bec830, 11, null, 20, null, null, null, null, null, 0} [SUB0]
04-13 22:25:22.040 D/GsmSST  ( 3447): isSFROperators result = false
04-13 22:25:22.040 D/PHONE   ( 3447): [ServiceState] setDataRegState=0
04-13 22:25:22.040 D/PHONE   ( 3447): [ServiceState] setDataRadioTechnology=11
04-13 22:25:22.040 D/GsmSST  ( 3447): [GsmSST] LOGRadioInfo : In Service
04-13 22:25:22.040 D/GsmSST  ( 3447): [GsmSST] handlPollStateResultMessage: GsmSST setDataRegState=0 regState=1 dataRadioTechnology=11
04-13 22:25:22.044 D/GsmSST  ( 3447): [GsmSST] Poll ServiceState done:  oldSS=[0 0 voice home data home Orange Orange 26003 Orange Orange 26003  UMTS HSPAP CSS not supported -1 -1 RoamInd=-1 DefRoamInd=-1 EmergOnly=false IsDataRoamingFromRegistration=false mIsVoiceSearching=false mIsDataSearching=false mVoiceNetworkName=null mDataNetworkName=null Check64QAM0 Dual carrier0] newSS=[0 0 voice home data home Orange Orange 26003 Orange Orange 26003  UMTS HSPA CSS not supported -1 -1 RoamInd=-1 DefRoamInd=-1 EmergOnly=false IsDataRoamingFromRegistration=false mIsVoiceSearching=false mIsDataSearching=false mVoiceNetworkName=null mDataNetworkName=null Check64QAM0 Dual carrier0] oldMaxDataCalls=20 mNewMaxDataCalls=20 oldReasonDataDenied=-1 mNewReasonDataDenied=-1
04-13 22:25:22.044 D/PHONE   ( 3447): [ServiceState] setNullState=1
04-13 22:25:22.044 D/TelephonyManager( 3447): setTelephonyProperty: success phoneId=0 property=gsm.network.type value: UMTS propVal=UMTS
04-13 22:25:22.045 D/SIMRecords( 3447): [SIMRecords] getServiceProviderName: no brandOverride
04-13 22:25:22.045 D/SIMRecords( 3447): [SIMRecords] getServiceProviderName: providerName=Orange
04-13 22:25:22.045 D/SIMRecords( 3447): [SIMRecords] getServiceProviderName: no brandOverride
04-13 22:25:22.045 D/SIMRecords( 3447): [SIMRecords] getServiceProviderName: providerName=Orange
04-13 22:25:22.045 D/GSMPhoneEx( 3447): grandblue SpnMvno = Orange operator = 26003 simMcc  = 260 simMnc  = 03
04-13 22:25:22.045 D/GSMPhoneEx( 3447): grandblue after SpnMvno = Orange operator = 26003 simMcc  = 260 simMnc  = 03
04-13 22:25:22.046 D/TelephonyManager( 3447): setTelephonyProperty: success phoneId=0 property=gsm.operator.alpha value: Orange propVal=Orange
04-13 22:25:22.047 D/TelephonyManager( 3447): setTelephonyProperty: success phoneId=0 property=gsm.operator.numeric value: 26003 propVal=26003
04-13 22:25:22.048 D/TelephonyManager( 3447): setTelephonyProperty: success phoneId=0 property=gsm.operator.iso-country value: pl propVal=pl
04-13 22:25:22.049 D/GsmSST  ( 3447): [GsmSST] shouldFixTimeZoneNow: retVal=false iccCardExist=true operatorNumeric=26003 mcc=260 prevOperatorNumeric=26003 prevMcc=260 needToFixTimeZone=false ltod=04-13 22:25:22.049
04-13 22:25:22.049 D/TelephonyManager( 3447): setTelephonyProperty: success phoneId=0 property=gsm.operator.isroaming value: false propVal=false
04-13 22:25:22.050 D/TelephonyManager( 3447): setTelephonyProperty: success phoneId=0 property=ril.cdma.voiceinservice value: true propVal=true
04-13 22:25:22.051 D/GsmSST  ( 3447): [GsmSST] Broadcasting ServiceState : 0 0 voice home data home Orange Orange 26003 Orange Orange 26003  UMTS HSPA CSS not supported -1 -1 RoamInd=-1 DefRoamInd=-1 EmergOnly=false IsDataRoamingFromRegistration=false mIsVoiceSearching=false mIsDataSearching=false mVoiceNetworkName=null mDataNetworkName=null Check64QAM0 Dual carrier0
04-13 22:25:22.052 D/DefaultPhoneNotifier( 3447): nofityServiceState: mRegistry=com.android.internal.telephony.ITelephonyRegistry$Stub$Proxy@ced2ad0 ss=0 0 voice home data home Orange Orange 26003 Orange Orange 26003  UMTS HSPA CSS not supported -1 -1 RoamInd=-1 DefRoamInd=-1 EmergOnly=false IsDataRoamingFromRegistration=false mIsVoiceSearching=false mIsDataSearching=false mVoiceNetworkName=null mDataNetworkName=null Check64QAM0 Dual carrier0 sender=Handler (com.qti.internal.telephony.gsm.QtiGSMPhone) {560d91e} phondId=0 subId=2
04-13 22:25:22.069 D/SubscriptionManager( 1891): getSimStateForSubscriber: simState=5 slotIdx=0
04-13 22:25:22.074 D/GsmSST  ( 3447): [GsmSST] notifyDataRegStateRilRadioTechnologyChanged: drs=0 rat=11
04-13 22:25:22.074 D/TelephonyManager( 3447): setTelephonyProperty: success phoneId=0 property=gsm.network.type value: HSPA propVal=HSPA
04-13 22:25:22.075 D/QtiGsmDCT( 3447): [0]get all active apn types
04-13 22:25:22.075 D/DC-1    ( 3447): DcActiveState not handled msg.what=EVENT_DATA_CONNECTION_DRS_OR_RAT_CHANGED
04-13 22:25:22.076 D/DC-1    ( 3447): DcDefault msg=EVENT_DATA_CONNECTION_DRS_OR_RAT_CHANGED RefCount=1
04-13 22:25:22.076 D/DC-1    ( 3447): DcDefaultState: EVENT_DATA_CONNECTION_DRS_OR_RAT_CHANGED drs=0 mRilRat=11
04-13 22:25:22.076 D/QtiGsmDCT( 3447): [0]fetchDunApn: Ignore the dun apn in settings.db
04-13 22:25:22.077 D/QtiGsmDCT( 3447): [0]return link properites for default
04-13 22:25:22.079 D/QtiGsmDCT( 3447): [0]getDataEnabled: getIntWithSubId retVal=true
04-13 22:25:22.109 D/QtiGsmDCT( 3447): [0]fetchDunApn: config_tether_apndata dunSetting=null
04-13 22:25:22.109 D/DC-1    ( 3447): isInternetRequested = true
04-13 22:25:22.111 D/DC-1    ( 3447): DcActiveState not handled msg.what=REQ_GET_LINK_PROPERTIES
04-13 22:25:22.111 D/DC-1    ( 3447): DcDefault msg=REQ_GET_LINK_PROPERTIES RefCount=1
04-13 22:25:22.111 D/DC-1    ( 3447): REQ_GET_LINK_PROPERTIES linkProperties{InterfaceName: rmnet_data0 LinkAddresses: [2a00:f41:30c5:feb9:e6db:f93:92c6:4a88/64,]  Routes: [::/0 -> fe80::167:77c:95a5:9420 rmnet_data0,] DnsAddresses: [2a01:1700:3:ffff::9822,2a01:1700:2:ffff::9f01,] Domains: null MTU: 1500 TcpBufferSizes: 40778,244668,3461120,16777,140625,3461120}
04-13 22:25:22.112 D/QtiGsmDCT( 3447): [0]get active pdp is not null, return NetworkCapabilities for default
04-13 22:25:22.112 D/DC-1    ( 3447): DcActiveState not handled msg.what=REQ_GET_NETWORK_CAPABILITIES
04-13 22:25:22.112 D/DC-1    ( 3447): DcDefault msg=REQ_GET_NETWORK_CAPABILITIES RefCount=1
04-13 22:25:22.112 D/QtiGsmDCT( 3447): [0]fetchDunApn: Ignore the dun apn in settings.db
04-13 22:25:22.143 D/QtiGsmDCT( 3447): [0]fetchDunApn: config_tether_apndata dunSetting=null
04-13 22:25:22.143 D/DC-1    ( 3447): isInternetRequested = true
04-13 22:25:22.144 D/DC-1    ( 3447): REQ_GET_NETWORK_CAPABILITIES networkCapabilities[ Transports: CELLULAR Capabilities: SUPL&DUN&INTERNET&NOT_RESTRICTED&TRUSTED&NOT_VPN LinkUpBandwidth>=5898Kbps LinkDnBandwidth>=14336Kbps Specifier: <2>]
04-13 22:25:22.146 D/QtiGsmDCT( 3447): [0]isDataPossible(default): possible=true isDataAllowed=true apnTypePossible=true apnContextisEnabled=true apnContextState()=CONNECTED
04-13 22:25:22.146 D/QtiGsmDCT( 3447): [0]get active apn string for type:default
04-13 22:25:22.146 D/DCT     ( 3447): [ApnContext:default] getApnSetting: apnSetting=[ApnSettingV3] Orange Internet, 695, 26003, internetipv6, , , , , , 1, default | dun | hipri | supl, IPV6, IP, true, 0, 0, 1, false, 0, 0, 0, 0, , , 0, , 
04-13 22:25:22.148 D/TelephonyRegistry( 1891): Notify data connection state changed on sub: 2
04-13 22:25:22.148 D/TelephonyRegistry( 1891): Notify data connection state changed on sub: 2
04-13 22:25:22.149 D/TelephonyRegistry( 1891): Notify data connection state changed on sub: 2
04-13 22:25:22.149 D/TelephonyRegistry( 1891): Notify data connection state changed on sub: 2
04-13 22:25:22.149 D/TelephonyRegistry( 1891): Notify data connection state changed on sub: 2
04-13 22:25:22.150 D/TelephonyRegistry( 1891): broadcastPreciseDataConnectionStateChanged():state=2, apnType=default, smCause=(0), reason=null
04-13 22:25:22.153 D/QtiGsmDCT( 3447): [0]QtiDcTracker handleMessage msg={ when=-78ms what=270377 obj=android.os.AsyncResult@61abf1b target=com.qti.internal.telephony.dataconnection.QtiDcTracker }
04-13 22:25:22.153 D/QtiGsmDCT( 3447): [0]handleMessage msg={ when=-78ms what=270377 obj=android.os.AsyncResult@61abf1b target=com.qti.internal.telephony.dataconnection.QtiDcTracker }
04-13 22:25:22.153 D/QtiGsmDCT( 3447): [0]onUpdateIcc: newIccRecords com.android.internal.telephony.uicc.SIMRecords
04-13 22:25:22.154 V/LG-FASTDORMANCY( 3447): [DCH/FACH] FDCount : 3 intent received :android.intent.action.SERVICE_STATE
04-13 22:25:22.154 E/PHONE   ( 3447): ServiceState.getRadioTechnology() DEPRECATED will be removed *******
04-13 22:25:22.155 I/LG-FASTDORMANCY( 3447): [DCH/FACH] FDCount : 3 Service State is changed : 0 0 voice home data home Orange Orange 26003 Orange Orange 26003  UMTS HSPA CSS not supported -1 -1 RoamInd=-1 DefRoamInd=-1 EmergOnly=false IsDataRoamingFromRegistration=false mIsVoiceSearching=false mIsDataSearching=false mVoiceNetworkName=null mDataNetworkName=null Check64QAM0 Dual carrier0
04-13 22:25:22.155 I/LG-FASTDORMANCY( 3447): [DCH/FACH] FDCount : 3 radioTech changed!! currenRT = 11 isChange?? true
04-13 22:25:22.157 I/LG-FASTDORMANCY( 3447): [DCH/FACH] FDCount : 3 Radio Tech changed.
04-13 22:25:22.160 D/LG-FASTDORMANCY( 3447): [DCH/FACH] FDCount : 3 isUMTS(): RadioTech(10)
04-13 22:25:22.163 D/GsmSST  ( 3447): [GsmSST] getCellLocation(): X good mCellLoc=[57330,46057520,472]
04-13 22:25:22.169 D/QtiGsmDCT( 3447): [0]getDataEnabled: getIntWithSubId retVal=true
04-13 22:25:22.172 D/QtiGsmDCT( 3447): [0]getDataOnRoamingEnabled: phoneSubId=2 isDataRoamingEnabled=false
04-13 22:25:22.173 D/QtiGsmDCT( 3447): [0]getDataEnabled: getIntWithSubId retVal=true
04-13 22:25:22.193 D/RILJ    ( 3447): [9278]> REQUEST_GET_NEIGHBORING_CELL_IDS [SUB0]
04-13 22:25:22.194 D/RILC    (  370): SOCKET RIL_SOCKET_1 REQUEST: GET_NEIGHBORING_CELL_IDS length:8
04-13 22:25:22.195 I/RILQ    (  370): (0/370):RIL[0][main] qcril_qmi_nas_get_neighboring_cell_ids: completed with 0
04-13 22:25:22.200 I/RILQ    (  370): (0/370):RIL[0][qmi_cb] qcril_qmi_nas_get_neighboring_cells_cb: .. qmi error 0, resultqmi  0, qmi transp_err 0, ril res 0
04-13 22:25:22.200 D/RILC    (  370): RequestComplete, RIL_SOCKET_1
04-13 22:25:22.200 E/RILC    (  370): Send Response to RIL_SOCKET_1
04-13 22:25:22.200 E/RILC    (  370): RIL Response bytes written:4
04-13 22:25:22.200 E/RILC    (  370): RIL Response bytes written:16
04-13 22:25:22.201 I/RILQ    (  370): (0/370):RIL[0][qmi_cb] qcril_qmi_nas_get_neighboring_cells_cb: completed with 0 with 0 entries
04-13 22:25:22.204 D/RILJ    ( 3447): [9278]< REQUEST_GET_NEIGHBORING_CELL_IDS {} [SUB0]
04-13 22:25:22.214 D/RILJ    ( 3447): [9279]> RIL_REQUEST_GET_CELL_INFO_LIST [SUB0]
04-13 22:25:22.217 D/RILC    (  370): SOCKET RIL_SOCKET_1 REQUEST: GET_CELL_INFO_LIST length:8
04-13 22:25:22.221 D/RILC    (  370): RequestComplete, RIL_SOCKET_1
04-13 22:25:22.221 E/RILC    (  370): Send Response to RIL_SOCKET_1
04-13 22:25:22.221 E/RILC    (  370): RIL Response bytes written:4
04-13 22:25:22.222 D/RILJ    ( 3447): [9279]< RIL_REQUEST_GET_CELL_INFO_LIST [CellInfoWcdma:{mRegistered=YES mTimeStampType=oem_ril mTimeStamp=33573188511484ns CellIdentityWcdma:{ mMcc=260 mMnc=3 mLac=57330 mCid=46057520 mPsc=472} CellSignalStrengthWcdma: ss=10 ber=99}] [SUB0]
04-13 22:25:22.222 E/RILC    (  370): RIL Response bytes written:64
