04-13 22:22:10.292 V/LG-FASTDORMANCY( 3447): [DCH/FACH] FDCount : 2 curr: TxPkts(131962), RxPkts(159665)
04-13 22:22:10.293 I/LG-FASTDORMANCY( 3447): [DCH/FACH] FDCount : 0 Scheduling checkNetStat for 1000msec, current state is [DCH/FACH] FDCount : 0 
04-13 22:22:10.572 D/QtiGsmDCT( 3447): [0]updateDataActivity: curTxRxSum={txSum=131966 rxSum=159673} preTxRxSum={txSum=131958 rxSum=159665}
04-13 22:22:10.572 D/QtiGsmDCT( 3447): [0]updateDataActivity: sent=8 received=8
04-13 22:22:10.572 D/QtiGsmDCT( 3447): [0]updateDataActivity: newActivity=DATAINANDOUT
04-13 22:22:10.585 D/QtiGsmDCT( 3447): [0]getDataEnabled: getIntWithSubId retVal=true
04-13 22:22:11.297 V/LG-FASTDORMANCY( 3447): [DCH/FACH] FDCount : 0 intent received :com.android.internal.telephony.ACTION_CHECK_NETSTAT
04-13 22:22:11.302 V/LG-FASTDORMANCY( 3447): [DCH/FACH] FDCount : 0 prev: TxPkts(131962), RxPkts(159665)
04-13 22:22:11.303 V/LG-FASTDORMANCY( 3447): [DCH/FACH] FDCount : 0 curr: TxPkts(132006), RxPkts(159713)
04-13 22:22:11.304 I/LG-FASTDORMANCY( 3447): [DCH/FACH] FDCount : 0 Scheduling checkNetStat for 1000msec, current state is [DCH/FACH] FDCount : 0 
04-13 22:22:11.579 D/QtiGsmDCT( 3447): [0]updateDataActivity: curTxRxSum={txSum=132099 rxSum=159809} preTxRxSum={txSum=131966 rxSum=159673}
04-13 22:22:11.579 D/QtiGsmDCT( 3447): [0]updateDataActivity: sent=133 received=136
04-13 22:22:12.308 V/LG-FASTDORMANCY( 3447): [DCH/FACH] FDCount : 0 intent received :com.android.internal.telephony.ACTION_CHECK_NETSTAT
04-13 22:22:12.311 V/LG-FASTDORMANCY( 3447): [DCH/FACH] FDCount : 0 prev: TxPkts(132006), RxPkts(159713)
04-13 22:22:12.311 V/LG-FASTDORMANCY( 3447): [DCH/FACH] FDCount : 0 curr: TxPkts(132157), RxPkts(159861)
04-13 22:22:12.312 I/LG-FASTDORMANCY( 3447): [DCH/FACH] FDCount : 0 Scheduling checkNetStat for 1000msec, current state is [DCH/FACH] FDCount : 0 
04-13 22:22:12.583 D/QtiGsmDCT( 3447): [0]updateDataActivity: curTxRxSum={txSum=132225 rxSum=159927} preTxRxSum={txSum=132099 rxSum=159809}
04-13 22:22:12.584 D/QtiGsmDCT( 3447): [0]updateDataActivity: sent=126 received=118
04-13 22:22:13.317 V/LG-FASTDORMANCY( 3447): [DCH/FACH] FDCount : 0 intent received :com.android.internal.telephony.ACTION_CHECK_NETSTAT
04-13 22:22:13.321 V/LG-FASTDORMANCY( 3447): [DCH/FACH] FDCount : 0 prev: TxPkts(132157), RxPkts(159861)
04-13 22:22:13.321 V/LG-FASTDORMANCY( 3447): [DCH/FACH] FDCount : 0 curr: TxPkts(132307), RxPkts(160010)
04-13 22:22:13.323 I/LG-FASTDORMANCY( 3447): [DCH/FACH] FDCount : 0 Scheduling checkNetStat for 1000msec, current state is [DCH/FACH] FDCount : 0 
04-13 22:22:13.587 D/QtiGsmDCT( 3447): [0]updateDataActivity: curTxRxSum={txSum=132373 rxSum=160076} preTxRxSum={txSum=132225 rxSum=159927}
04-13 22:22:13.588 D/QtiGsmDCT( 3447): [0]updateDataActivity: sent=148 received=149
04-13 22:22:14.327 V/LG-FASTDORMANCY( 3447): [DCH/FACH] FDCount : 0 intent received :com.android.internal.telephony.ACTION_CHECK_NETSTAT
04-13 22:22:14.333 V/LG-FASTDORMANCY( 3447): [DCH/FACH] FDCount : 0 prev: TxPkts(132307), RxPkts(160010)
04-13 22:22:14.333 V/LG-FASTDORMANCY( 3447): [DCH/FACH] FDCount : 0 curr: TxPkts(132405), RxPkts(160106)
04-13 22:22:14.334 I/LG-FASTDORMANCY( 3447): [DCH/FACH] FDCount : 0 Scheduling checkNetStat for 1000msec, current state is [DCH/FACH] FDCount : 0 
04-13 22:22:14.593 D/QtiGsmDCT( 3447): [0]updateDataActivity: curTxRxSum={txSum=132405 rxSum=160106} preTxRxSum={txSum=132373 rxSum=160076}
04-13 22:22:14.593 D/QtiGsmDCT( 3447): [0]updateDataActivity: sent=32 received=30
04-13 22:22:14.774 D/SubscriptionManager( 8654): SubscriptionManager created
04-13 22:22:15.012 D/SubscriptionManager( 8654): getSimStateForSubscriber: simState=5 slotIdx=0
04-13 22:22:15.339 V/LG-FASTDORMANCY( 3447): [DCH/FACH] FDCount : 0 intent received :com.android.internal.telephony.ACTION_CHECK_NETSTAT
04-13 22:22:15.344 V/LG-FASTDORMANCY( 3447): [DCH/FACH] FDCount : 0 prev: TxPkts(132405), RxPkts(160106)
04-13 22:22:15.344 V/LG-FASTDORMANCY( 3447): [DCH/FACH] FDCount : 0 curr: TxPkts(132570), RxPkts(160264)
04-13 22:22:15.345 I/LG-FASTDORMANCY( 3447): [DCH/FACH] FDCount : 0 Scheduling checkNetStat for 1000msec, current state is [DCH/FACH] FDCount : 0 
04-13 22:22:15.602 D/QtiGsmDCT( 3447): [0]updateDataActivity: curTxRxSum={txSum=132570 rxSum=160264} preTxRxSum={txSum=132405 rxSum=160106}
04-13 22:22:15.603 D/QtiGsmDCT( 3447): [0]updateDataActivity: sent=165 received=158
04-13 22:22:16.348 V/LG-FASTDORMANCY( 3447): [DCH/FACH] FDCount : 0 intent received :com.android.internal.telephony.ACTION_CHECK_NETSTAT
04-13 22:22:16.351 V/LG-FASTDORMANCY( 3447): [DCH/FACH] FDCount : 0 prev: TxPkts(132570), RxPkts(160264)
04-13 22:22:16.351 V/LG-FASTDORMANCY( 3447): [DCH/FACH] FDCount : 0 curr: TxPkts(132652), RxPkts(160351)
04-13 22:22:16.351 I/LG-FASTDORMANCY( 3447): [DCH/FACH] FDCount : 0 Scheduling checkNetStat for 1000msec, current state is [DCH/FACH] FDCount : 0 
04-13 22:22:16.607 D/QtiGsmDCT( 3447): [0]updateDataActivity: curTxRxSum={txSum=132744 rxSum=160443} preTxRxSum={txSum=132570 rxSum=160264}
04-13 22:22:16.607 D/QtiGsmDCT( 3447): [0]updateDataActivity: sent=174 received=179
04-13 22:22:17.263 D/SubscriptionManager( 8704): SubscriptionManager created
04-13 22:22:17.355 V/LG-FASTDORMANCY( 3447): [DCH/FACH] FDCount : 0 intent received :com.android.internal.telephony.ACTION_CHECK_NETSTAT
04-13 22:22:17.361 V/LG-FASTDORMANCY( 3447): [DCH/FACH] FDCount : 0 prev: TxPkts(132652), RxPkts(160351)
04-13 22:22:17.361 V/LG-FASTDORMANCY( 3447): [DCH/FACH] FDCount : 0 curr: TxPkts(132752), RxPkts(160449)
04-13 22:22:17.362 I/LG-FASTDORMANCY( 3447): [DCH/FACH] FDCount : 0 Scheduling checkNetStat for 1000msec, current state is [DCH/FACH] FDCount : 0 
04-13 22:22:17.612 D/QtiGsmDCT( 3447): [0]updateDataActivity: curTxRxSum={txSum=132752 rxSum=160449} preTxRxSum={txSum=132744 rxSum=160443}
04-13 22:22:17.612 D/QtiGsmDCT( 3447): [0]updateDataActivity: sent=8 received=6
04-13 22:22:18.371 V/LG-FASTDORMANCY( 3447): [DCH/FACH] FDCount : 0 intent received :com.android.internal.telephony.ACTION_CHECK_NETSTAT
04-13 22:22:18.377 V/LG-FASTDORMANCY( 3447): [DCH/FACH] FDCount : 0 prev: TxPkts(132752), RxPkts(160449)
04-13 22:22:18.377 V/LG-FASTDORMANCY( 3447): [DCH/FACH] FDCount : 0 curr: TxPkts(132859), RxPkts(160554)
04-13 22:22:18.378 I/LG-FASTDORMANCY( 3447): [DCH/FACH] FDCount : 0 Scheduling checkNetStat for 1000msec, current state is [DCH/FACH] FDCount : 0 
04-13 22:22:18.615 D/QtiGsmDCT( 3447): [0]updateDataActivity: curTxRxSum={txSum=132935 rxSum=160630} preTxRxSum={txSum=132752 rxSum=160449}
04-13 22:22:18.615 D/QtiGsmDCT( 3447): [0]updateDataActivity: sent=183 received=181
04-13 22:22:19.382 V/LG-FASTDORMANCY( 3447): [DCH/FACH] FDCount : 0 intent received :com.android.internal.telephony.ACTION_CHECK_NETSTAT
04-13 22:22:19.386 V/LG-FASTDORMANCY( 3447): [DCH/FACH] FDCount : 0 prev: TxPkts(132859), RxPkts(160554)
04-13 22:22:19.387 V/LG-FASTDORMANCY( 3447): [DCH/FACH] FDCount : 0 curr: TxPkts(132958), RxPkts(160651)
04-13 22:22:19.387 I/LG-FASTDORMANCY( 3447): [DCH/FACH] FDCount : 0 Scheduling checkNetStat for 1000msec, current state is [DCH/FACH] FDCount : 0 
04-13 22:22:19.629 D/QtiGsmDCT( 3447): [0]updateDataActivity: curTxRxSum={txSum=132992 rxSum=160687} preTxRxSum={txSum=132935 rxSum=160630}
04-13 22:22:19.629 D/QtiGsmDCT( 3447): [0]updateDataActivity: sent=57 received=57
04-13 22:22:20.392 V/LG-FASTDORMANCY( 3447): [DCH/FACH] FDCount : 0 intent received :com.android.internal.telephony.ACTION_CHECK_NETSTAT
04-13 22:22:20.396 V/LG-FASTDORMANCY( 3447): [DCH/FACH] FDCount : 0 prev: TxPkts(132958), RxPkts(160651)
04-13 22:22:20.396 V/LG-FASTDORMANCY( 3447): [DCH/FACH] FDCount : 0 curr: TxPkts(133103), RxPkts(160796)
04-13 22:22:20.397 I/LG-FASTDORMANCY( 3447): [DCH/FACH] FDCount : 0 Scheduling checkNetStat for 1000msec, current state is [DCH/FACH] FDCount : 0 
04-13 22:22:20.634 D/QtiGsmDCT( 3447): [0]updateDataActivity: curTxRxSum={txSum=133129 rxSum=160822} preTxRxSum={txSum=132992 rxSum=160687}
04-13 22:22:20.634 D/QtiGsmDCT( 3447): [0]updateDataActivity: sent=137 received=135
04-13 22:22:21.402 V/LG-FASTDORMANCY( 3447): [DCH/FACH] FDCount : 0 intent received :com.android.internal.telephony.ACTION_CHECK_NETSTAT
04-13 22:22:21.407 V/LG-FASTDORMANCY( 3447): [DCH/FACH] FDCount : 0 prev: TxPkts(133103), RxPkts(160796)
04-13 22:22:21.407 V/LG-FASTDORMANCY( 3447): [DCH/FACH] FDCount : 0 curr: TxPkts(133273), RxPkts(160964)
04-13 22:22:21.410 I/LG-FASTDORMANCY( 3447): [DCH/FACH] FDCount : 0 Scheduling checkNetStat for 1000msec, current state is [DCH/FACH] FDCount : 0 
04-13 22:22:21.638 D/QtiGsmDCT( 3447): [0]updateDataActivity: curTxRxSum={txSum=133273 rxSum=160964} preTxRxSum={txSum=133129 rxSum=160822}
04-13 22:22:21.638 D/QtiGsmDCT( 3447): [0]updateDataActivity: sent=144 received=142
04-13 22:22:22.416 V/LG-FASTDORMANCY( 3447): [DCH/FACH] FDCount : 0 intent received :com.android.internal.telephony.ACTION_CHECK_NETSTAT
04-13 22:22:22.423 V/LG-FASTDORMANCY( 3447): [DCH/FACH] FDCount : 0 prev: TxPkts(133273), RxPkts(160964)
04-13 22:22:22.423 V/LG-FASTDORMANCY( 3447): [DCH/FACH] FDCount : 0 curr: TxPkts(133276), RxPkts(160967)
04-13 22:22:22.424 I/LG-FASTDORMANCY( 3447): [DCH/FACH] FDCount : 0 Scheduling checkNetStat for 1000msec, current state is [DCH/FACH] FDCount : 0 
04-13 22:22:22.643 D/QtiGsmDCT( 3447): [0]updateDataActivity: curTxRxSum={txSum=133302 rxSum=160993} preTxRxSum={txSum=133273 rxSum=160964}
04-13 22:22:22.643 D/QtiGsmDCT( 3447): [0]updateDataActivity: sent=29 received=29
04-13 22:22:23.428 V/LG-FASTDORMANCY( 3447): [DCH/FACH] FDCount : 0 intent received :com.android.internal.telephony.ACTION_CHECK_NETSTAT
04-13 22:22:23.432 V/LG-FASTDORMANCY( 3447): [DCH/FACH] FDCount : 0 prev: TxPkts(133276), RxPkts(160967)
04-13 22:22:23.432 V/LG-FASTDORMANCY( 3447): [DCH/FACH] FDCount : 0 curr: TxPkts(133432), RxPkts(161123)
04-13 22:22:23.433 I/LG-FASTDORMANCY( 3447): [DCH/FACH] FDCount : 0 Scheduling checkNetStat for 1000msec, current state is [DCH/FACH] FDCount : 0 
04-13 22:22:23.648 D/QtiGsmDCT( 3447): [0]updateDataActivity: curTxRxSum={txSum=133432 rxSum=161125} preTxRxSum={txSum=133302 rxSum=160993}
04-13 22:22:23.648 D/QtiGsmDCT( 3447): [0]updateDataActivity: sent=130 received=132
04-13 22:22:24.438 V/LG-FASTDORMANCY( 3447): [DCH/FACH] FDCount : 0 intent received :com.android.internal.telephony.ACTION_CHECK_NETSTAT
04-13 22:22:24.442 V/LG-FASTDORMANCY( 3447): [DCH/FACH] FDCount : 0 prev: TxPkts(133432), RxPkts(161123)
04-13 22:22:24.443 V/LG-FASTDORMANCY( 3447): [DCH/FACH] FDCount : 0 curr: TxPkts(133432), RxPkts(161125)
04-13 22:22:24.443 I/LG-FASTDORMANCY( 3447): [DCH/FACH] FDCount : 0 Scheduling checkNetStat for 1000msec, current state is [DCH/FACH] FDCount : 0 
04-13 22:22:24.653 D/QtiGsmDCT( 3447): [0]updateDataActivity: curTxRxSum={txSum=133432 rxSum=161125} preTxRxSum={txSum=133432 rxSum=161125}
04-13 22:22:24.653 D/QtiGsmDCT( 3447): [0]updateDataActivity: sent=0 received=0
04-13 22:22:24.653 D/QtiGsmDCT( 3447): [0]updateDataActivity: newActivity=NONE
04-13 22:22:24.659 D/QtiGsmDCT( 3447): [0]getDataEnabled: getIntWithSubId retVal=true
04-13 22:22:25.449 V/LG-FASTDORMANCY( 3447): [DCH/FACH] FDCount : 0 intent received :com.android.internal.telephony.ACTION_CHECK_NETSTAT
04-13 22:22:25.453 V/LG-FASTDORMANCY( 3447): [DCH/FACH] FDCount : 0 prev: TxPkts(133432), RxPkts(161125)
04-13 22:22:25.453 V/LG-FASTDORMANCY( 3447): [DCH/FACH] FDCount : 0 curr: TxPkts(133432), RxPkts(161125)
04-13 22:22:25.454 I/LG-FASTDORMANCY( 3447): [DCH/FACH] FDCount : 1 Scheduling checkNetStat for 1000msec, current state is [DCH/FACH] FDCount : 1 
04-13 22:22:25.660 D/QtiGsmDCT( 3447): [0]updateDataActivity: curTxRxSum={txSum=133432 rxSum=161125} preTxRxSum={txSum=133432 rxSum=161125}
04-13 22:22:25.660 D/QtiGsmDCT( 3447): [0]updateDataActivity: sent=0 received=0
04-13 22:22:26.458 V/LG-FASTDORMANCY( 3447): [DCH/FACH] FDCount : 1 intent received :com.android.internal.telephony.ACTION_CHECK_NETSTAT
04-13 22:22:26.461 V/LG-FASTDORMANCY( 3447): [DCH/FACH] FDCount : 1 prev: TxPkts(133432), RxPkts(161125)
04-13 22:22:26.461 V/LG-FASTDORMANCY( 3447): [DCH/FACH] FDCount : 1 curr: TxPkts(133434), RxPkts(161127)
04-13 22:22:26.461 I/LG-FASTDORMANCY( 3447): [DCH/FACH] FDCount : 0 Scheduling checkNetStat for 1000msec, current state is [DCH/FACH] FDCount : 0 
04-13 22:22:26.665 D/QtiGsmDCT( 3447): [0]updateDataActivity: curTxRxSum={txSum=133434 rxSum=161127} preTxRxSum={txSum=133432 rxSum=161125}
04-13 22:22:26.665 D/QtiGsmDCT( 3447): [0]updateDataActivity: sent=2 received=2
04-13 22:22:26.665 D/QtiGsmDCT( 3447): [0]updateDataActivity: newActivity=DATAINANDOUT
04-13 22:22:26.675 D/QtiGsmDCT( 3447): [0]getDataEnabled: getIntWithSubId retVal=true
04-13 22:22:27.468 V/LG-FASTDORMANCY( 3447): [DCH/FACH] FDCount : 0 intent received :com.android.internal.telephony.ACTION_CHECK_NETSTAT
04-13 22:22:27.471 V/LG-FASTDORMANCY( 3447): [DCH/FACH] FDCount : 0 prev: TxPkts(133434), RxPkts(161127)
04-13 22:22:27.471 V/LG-FASTDORMANCY( 3447): [DCH/FACH] FDCount : 0 curr: TxPkts(133434), RxPkts(161127)
04-13 22:22:27.472 I/LG-FASTDORMANCY( 3447): [DCH/FACH] FDCount : 1 Scheduling checkNetStat for 1000msec, current state is [DCH/FACH] FDCount : 1 
04-13 22:22:27.672 D/QtiGsmDCT( 3447): [0]updateDataActivity: curTxRxSum={txSum=133434 rxSum=161127} preTxRxSum={txSum=133434 rxSum=161127}
04-13 22:22:27.672 D/QtiGsmDCT( 3447): [0]updateDataActivity: sent=0 received=0
04-13 22:22:27.672 D/QtiGsmDCT( 3447): [0]updateDataActivity: newActivity=NONE
04-13 22:22:27.678 D/QtiGsmDCT( 3447): [0]getDataEnabled: getIntWithSubId retVal=true
04-13 22:22:28.476 V/LG-FASTDORMANCY( 3447): [DCH/FACH] FDCount : 1 intent received :com.android.internal.telephony.ACTION_CHECK_NETSTAT
04-13 22:22:28.481 V/LG-FASTDORMANCY( 3447): [DCH/FACH] FDCount : 1 prev: TxPkts(133434), RxPkts(161127)
04-13 22:22:28.481 V/LG-FASTDORMANCY( 3447): [DCH/FACH] FDCount : 1 curr: TxPkts(133436), RxPkts(161129)
04-13 22:22:28.481 I/LG-FASTDORMANCY( 3447): [DCH/FACH] FDCount : 0 Scheduling checkNetStat for 1000msec, current state is [DCH/FACH] FDCount : 0 
04-13 22:22:28.685 D/QtiGsmDCT( 3447): [0]updateDataActivity: curTxRxSum={txSum=133436 rxSum=161129} preTxRxSum={txSum=133434 rxSum=161127}
04-13 22:22:28.685 D/QtiGsmDCT( 3447): [0]updateDataActivity: sent=2 received=2
04-13 22:22:28.685 D/QtiGsmDCT( 3447): [0]updateDataActivity: newActivity=DATAINANDOUT
04-13 22:22:28.697 D/QtiGsmDCT( 3447): [0]getDataEnabled: getIntWithSubId retVal=true
04-13 22:22:29.485 V/LG-FASTDORMANCY( 3447): [DCH/FACH] FDCount : 0 intent received :com.android.internal.telephony.ACTION_CHECK_NETSTAT
04-13 22:22:29.488 V/LG-FASTDORMANCY( 3447): [DCH/FACH] FDCount : 0 prev: TxPkts(133436), RxPkts(161129)
04-13 22:22:29.488 V/LG-FASTDORMANCY( 3447): [DCH/FACH] FDCount : 0 curr: TxPkts(133452), RxPkts(161147)
04-13 22:22:29.489 I/LG-FASTDORMANCY( 3447): [DCH/FACH] FDCount : 0 Scheduling checkNetStat for 1000msec, current state is [DCH/FACH] FDCount : 0 
04-13 22:22:29.691 D/QtiGsmDCT( 3447): [0]updateDataActivity: curTxRxSum={txSum=133454 rxSum=161149} preTxRxSum={txSum=133436 rxSum=161129}
04-13 22:22:29.691 D/QtiGsmDCT( 3447): [0]updateDataActivity: sent=18 received=20
04-13 22:22:30.492 V/LG-FASTDORMANCY( 3447): [DCH/FACH] FDCount : 0 intent received :com.android.internal.telephony.ACTION_CHECK_NETSTAT
04-13 22:22:30.496 V/LG-FASTDORMANCY( 3447): [DCH/FACH] FDCount : 0 prev: TxPkts(133452), RxPkts(161147)
04-13 22:22:30.496 V/LG-FASTDORMANCY( 3447): [DCH/FACH] FDCount : 0 curr: TxPkts(133565), RxPkts(161284)
04-13 22:22:30.497 I/LG-FASTDORMANCY( 3447): [DCH/FACH] FDCount : 0 Scheduling checkNetStat for 1000msec, current state is [DCH/FACH] FDCount : 0 
04-13 22:22:30.695 D/QtiGsmDCT( 3447): [0]updateDataActivity: curTxRxSum={txSum=133565 rxSum=161286} preTxRxSum={txSum=133454 rxSum=161149}
04-13 22:22:30.695 D/QtiGsmDCT( 3447): [0]updateDataActivity: sent=111 received=137
04-13 22:22:31.500 V/LG-FASTDORMANCY( 3447): [DCH/FACH] FDCount : 0 intent received :com.android.internal.telephony.ACTION_CHECK_NETSTAT
04-13 22:22:31.503 V/LG-FASTDORMANCY( 3447): [DCH/FACH] FDCount : 0 prev: TxPkts(133565), RxPkts(161284)
04-13 22:22:31.503 V/LG-FASTDORMANCY( 3447): [DCH/FACH] FDCount : 0 curr: TxPkts(133573), RxPkts(161290)
04-13 22:22:31.505 I/LG-FASTDORMANCY( 3447): [DCH/FACH] FDCount : 0 Scheduling checkNetStat for 1000msec, current state is [DCH/FACH] FDCount : 0 
04-13 22:22:31.699 D/QtiGsmDCT( 3447): [0]updateDataActivity: curTxRxSum={txSum=133573 rxSum=161290} preTxRxSum={txSum=133565 rxSum=161286}
04-13 22:22:31.699 D/QtiGsmDCT( 3447): [0]updateDataActivity: sent=8 received=4
04-13 22:22:32.508 V/LG-FASTDORMANCY( 3447): [DCH/FACH] FDCount : 0 intent received :com.android.internal.telephony.ACTION_CHECK_NETSTAT
04-13 22:22:32.512 V/LG-FASTDORMANCY( 3447): [DCH/FACH] FDCount : 0 prev: TxPkts(133573), RxPkts(161290)
04-13 22:22:32.512 V/LG-FASTDORMANCY( 3447): [DCH/FACH] FDCount : 0 curr: TxPkts(133575), RxPkts(161290)
04-13 22:22:32.513 I/LG-FASTDORMANCY( 3447): [DCH/FACH] FDCount : 0 Scheduling checkNetStat for 1000msec, current state is [DCH/FACH] FDCount : 0 
04-13 22:22:32.705 D/QtiGsmDCT( 3447): [0]updateDataActivity: curTxRxSum={txSum=133575 rxSum=161290} preTxRxSum={txSum=133573 rxSum=161290}
04-13 22:22:32.705 D/QtiGsmDCT( 3447): [0]updateDataActivity: sent=2 received=0
04-13 22:22:32.705 D/QtiGsmDCT( 3447): [0]updateDataActivity: newActivity=DATAOUT
04-13 22:22:32.715 D/QtiGsmDCT( 3447): [0]getDataEnabled: getIntWithSubId retVal=true
04-13 22:22:33.516 V/LG-FASTDORMANCY( 3447): [DCH/FACH] FDCount : 0 intent received :com.android.internal.telephony.ACTION_CHECK_NETSTAT
04-13 22:22:33.523 V/LG-FASTDORMANCY( 3447): [DCH/FACH] FDCount : 0 prev: TxPkts(133575), RxPkts(161290)
04-13 22:22:33.523 V/LG-FASTDORMANCY( 3447): [DCH/FACH] FDCount : 0 curr: TxPkts(133579), RxPkts(161290)
04-13 22:22:33.525 I/LG-FASTDORMANCY( 3447): [DCH/FACH] FDCount : 0 Scheduling checkNetStat for 1000msec, current state is [DCH/FACH] FDCount : 0 
04-13 22:22:33.716 D/QtiGsmDCT( 3447): [0]updateDataActivity: curTxRxSum={txSum=133581 rxSum=161290} preTxRxSum={txSum=133575 rxSum=161290}
04-13 22:22:33.716 D/QtiGsmDCT( 3447): [0]updateDataActivity: sent=6 received=0
04-13 22:22:34.529 V/LG-FASTDORMANCY( 3447): [DCH/FACH] FDCount : 0 intent received :com.android.internal.telephony.ACTION_CHECK_NETSTAT
04-13 22:22:34.537 V/LG-FASTDORMANCY( 3447): [DCH/FACH] FDCount : 0 prev: TxPkts(133579), RxPkts(161290)
04-13 22:22:34.537 V/LG-FASTDORMANCY( 3447): [DCH/FACH] FDCount : 0 curr: TxPkts(133585), RxPkts(161290)
04-13 22:22:34.539 I/LG-FASTDORMANCY( 3447): [DCH/FACH] FDCount : 0 Scheduling checkNetStat for 1000msec, current state is [DCH/FACH] FDCount : 0 
04-13 22:22:34.724 D/QtiGsmDCT( 3447): [0]updateDataActivity: curTxRxSum={txSum=133587 rxSum=161290} preTxRxSum={txSum=133581 rxSum=161290}
04-13 22:22:34.724 D/QtiGsmDCT( 3447): [0]updateDataActivity: sent=6 received=0
04-13 22:22:35.543 V/LG-FASTDORMANCY( 3447): [DCH/FACH] FDCount : 0 intent received :com.android.internal.telephony.ACTION_CHECK_NETSTAT
04-13 22:22:35.555 V/LG-FASTDORMANCY( 3447): [DCH/FACH] FDCount : 0 prev: TxPkts(133585), RxPkts(161290)
04-13 22:22:35.555 V/LG-FASTDORMANCY( 3447): [DCH/FACH] FDCount : 0 curr: TxPkts(133589), RxPkts(161290)
04-13 22:22:35.557 I/LG-FASTDORMANCY( 3447): [DCH/FACH] FDCount : 0 Scheduling checkNetStat for 1000msec, current state is [DCH/FACH] FDCount : 0 
04-13 22:22:35.728 D/QtiGsmDCT( 3447): [0]updateDataActivity: curTxRxSum={txSum=133589 rxSum=161290} preTxRxSum={txSum=133587 rxSum=161290}
04-13 22:22:35.728 D/QtiGsmDCT( 3447): [0]updateDataActivity: sent=2 received=0
04-13 22:22:36.561 V/LG-FASTDORMANCY( 3447): [DCH/FACH] FDCount : 0 intent received :com.android.internal.telephony.ACTION_CHECK_NETSTAT
04-13 22:22:36.566 V/LG-FASTDORMANCY( 3447): [DCH/FACH] FDCount : 0 prev: TxPkts(133589), RxPkts(161290)
04-13 22:22:36.566 V/LG-FASTDORMANCY( 3447): [DCH/FACH] FDCount : 0 curr: TxPkts(133593), RxPkts(161290)
04-13 22:22:36.566 I/LG-FASTDORMANCY( 3447): [DCH/FACH] FDCount : 0 Scheduling checkNetStat for 1000msec, current state is [DCH/FACH] FDCount : 0 
04-13 22:22:36.731 D/QtiGsmDCT( 3447): [0]updateDataActivity: curTxRxSum={txSum=133593 rxSum=161290} preTxRxSum={txSum=133589 rxSum=161290}
04-13 22:22:36.731 D/QtiGsmDCT( 3447): [0]updateDataActivity: sent=4 received=0
04-13 22:22:37.572 V/LG-FASTDORMANCY( 3447): [DCH/FACH] FDCount : 0 intent received :com.android.internal.telephony.ACTION_CHECK_NETSTAT
04-13 22:22:37.578 V/LG-FASTDORMANCY( 3447): [DCH/FACH] FDCount : 0 prev: TxPkts(133593), RxPkts(161290)
04-13 22:22:37.578 V/LG-FASTDORMANCY( 3447): [DCH/FACH] FDCount : 0 curr: TxPkts(133595), RxPkts(161290)
04-13 22:22:37.579 I/LG-FASTDORMANCY( 3447): [DCH/FACH] FDCount : 0 Scheduling checkNetStat for 1000msec, current state is [DCH/FACH] FDCount : 0 
04-13 22:22:37.740 D/QtiGsmDCT( 3447): [0]updateDataActivity: curTxRxSum={txSum=133611 rxSum=161314} preTxRxSum={txSum=133593 rxSum=161290}
04-13 22:22:37.740 D/QtiGsmDCT( 3447): [0]updateDataActivity: sent=18 received=24
04-13 22:22:37.740 D/QtiGsmDCT( 3447): [0]updateDataActivity: newActivity=DATAINANDOUT
04-13 22:22:37.749 D/QtiGsmDCT( 3447): [0]getDataEnabled: getIntWithSubId retVal=true
04-13 22:22:38.582 V/LG-FASTDORMANCY( 3447): [DCH/FACH] FDCount : 0 intent received :com.android.internal.telephony.ACTION_CHECK_NETSTAT
04-13 22:22:38.589 V/LG-FASTDORMANCY( 3447): [DCH/FACH] FDCount : 0 prev: TxPkts(133595), RxPkts(161290)
04-13 22:22:38.589 V/LG-FASTDORMANCY( 3447): [DCH/FACH] FDCount : 0 curr: TxPkts(133812), RxPkts(161598)
04-13 22:22:38.590 I/LG-FASTDORMANCY( 3447): [DCH/FACH] FDCount : 0 Scheduling checkNetStat for 1000msec, current state is [DCH/FACH] FDCount : 0 
04-13 22:22:38.749 D/QtiGsmDCT( 3447): [0]updateDataActivity: curTxRxSum={txSum=133812 rxSum=161598} preTxRxSum={txSum=133611 rxSum=161314}
04-13 22:22:38.749 D/QtiGsmDCT( 3447): [0]updateDataActivity: sent=201 received=284
04-13 22:22:39.181 I/RILC    (  370): RIL_SOCKET_1 UNSOLICITED: RIL_UNSOL_LTE_REJECT_CAUSE length:16
04-13 22:22:39.181 E/RILC    (  370): Send Response to RIL_SOCKET_1
04-13 22:22:39.181 E/RILC    (  370): RIL Response bytes written:4
04-13 22:22:39.181 D/RILJ    ( 3447): [UNSL]< RIL_UNSOL_LTE_REJECT_CAUSE {15} [SUB0]
04-13 22:22:39.181 E/RILC    (  370): RIL Response bytes written:16
04-13 22:22:39.183 I/RILC    (  370): RIL_SOCKET_1 UNSOLICITED: UNSOL_OEM_HOOK_RAW length:32
04-13 22:22:39.183 E/RILC    (  370): Send Response to RIL_SOCKET_1
04-13 22:22:39.183 E/RILC    (  370): RIL Response bytes written:4
04-13 22:22:39.183 V/RILJ    ( 3447): [UNSL]< UNSOL_OEM_HOOK_RAW 514f454d484f4f4bef0308000100000002 [SUB0]
04-13 22:22:39.183 D/RILJ    ( 3447): Oem ID in RIL_UNSOL_OEM_HOOK_RAW is QOEMHOOK
04-13 22:22:39.183 D/RILJ    ( 3447): OEM ID check Passed
04-13 22:22:39.183 D/RILJ    ( 3447): Response ID in RIL_UNSOL_OEM_HOOK_RAW is 525295
04-13 22:22:39.183 D/RILJ    ( 3447): Response ID 525295 is not served in this process.
04-13 22:22:39.183 E/RILC    (  370): RIL Response bytes written:32
04-13 22:22:39.187 I/RILC    (  370): RIL_SOCKET_1 UNSOLICITED: UNSOL_RESPONSE_VOICE_NETWORK_STATE_CHANGED length:8
04-13 22:22:39.187 E/RILC    (  370): Send Response to RIL_SOCKET_1
04-13 22:22:39.188 E/RILC    (  370): RIL Response bytes written:4
04-13 22:22:39.188 D/RILJ    ( 3447): [UNSL]< UNSOL_RESPONSE_VOICE_NETWORK_STATE_CHANGED [SUB0]
04-13 22:22:39.189 E/RILC    (  370): RIL Response bytes written:8
04-13 22:22:39.191 D/RILJ    ( 3447): [9246]> OPERATOR [SUB0]
04-13 22:22:39.193 D/RILJ    ( 3447): [9247]> DATA_REGISTRATION_STATE [SUB0]
04-13 22:22:39.194 I/RILQ    (  370): (0/370):RIL[0][event] qcril_arb_set_dsd_sys_status: old_pref_data 1 - new_data_pref 1
04-13 22:22:39.194 D/RILC    (  370): SOCKET RIL_SOCKET_1 REQUEST: OPERATOR length:8
04-13 22:22:39.194 I/RILQ    (  370): (0/370):RIL[0][event] qcril_arb_set_dsd_sys_status: preferred dsd_sys_status nw=0x0, rat_value=0x1, so_mask=0x0000000000000015
04-13 22:22:39.196 D/RILJ    ( 3447): [9248]> VOICE_REGISTRATION_STATE [SUB0]
04-13 22:22:39.196 D/RILC    (  370): SOCKET RIL_SOCKET_1 REQUEST: DATA_REGISTRATION_STATE length:8
04-13 22:22:39.198 D/RILJ    ( 3447): [9249]> QUERY_NETWORK_SELECTION_MODE [SUB0]
04-13 22:22:39.198 D/RILC    (  370): SOCKET RIL_SOCKET_1 REQUEST: VOICE_REGISTRATION_STATE length:8
04-13 22:22:39.198 I/RILQ    (  370): (0/370):RIL[0][event] qcril_arb_set_dsd_sys_status: preferred 1 - dsd_sys_status nw=0x0, rat_value=0x1, so_mask=0x0000000000000015
04-13 22:22:39.198 I/RILQ    (  370): (0/370):RIL[0][event] qcril_arb_set_dsd_sys_status: is_wwan_available 0
04-13 22:22:39.199 I/RILC    (  370): RIL_SOCKET_1 UNSOLICITED: UNSOL_OEM_HOOK_RAW length:32
04-13 22:22:39.199 E/RILC    (  370): Send Response to RIL_SOCKET_1
04-13 22:22:39.200 E/RILC    (  370): RIL Response bytes written:4
04-13 22:22:39.200 V/RILJ    ( 3447): [UNSL]< UNSOL_OEM_HOOK_RAW 514f454d484f4f4bfa0308000100000000 [SUB0]
04-13 22:22:39.200 D/RILJ    ( 3447): Oem ID in RIL_UNSOL_OEM_HOOK_RAW is QOEMHOOK
04-13 22:22:39.200 D/RILJ    ( 3447): OEM ID check Passed
04-13 22:22:39.200 D/RILJ    ( 3447): Response ID in RIL_UNSOL_OEM_HOOK_RAW is 525306
04-13 22:22:39.200 D/RILJ    ( 3447): WWAN, IWLAN coexistence notified to registrants
04-13 22:22:39.200 E/RILC    (  370): RIL Response bytes written:32
04-13 22:22:39.203 D/RILC    (  370): SOCKET RIL_SOCKET_1 REQUEST: QUERY_NETWORK_SELECTION_MODE length:8
04-13 22:22:39.220 D/RILC    (  370): RequestComplete, RIL_SOCKET_1
04-13 22:22:39.220 E/RILC    (  370): Send Response to RIL_SOCKET_1
04-13 22:22:39.221 E/RILC    (  370): RIL Response bytes written:4
04-13 22:22:39.221 E/RILC    (  370): RIL Response bytes written:72
04-13 22:22:39.224 D/RILJ    ( 3447): [9246]< OPERATOR {Orange, Orange, 26003} [SUB0]
04-13 22:22:39.227 I/RILC    (  370): RIL_SOCKET_1 UNSOLICITED: RIL_UNSOL_LTE_REJECT_CAUSE length:16
04-13 22:22:39.227 E/RILC    (  370): Send Response to RIL_SOCKET_1
04-13 22:22:39.227 E/RILC    (  370): RIL Response bytes written:4
04-13 22:22:39.227 E/RILC    (  370): RIL Response bytes written:16
04-13 22:22:39.228 D/RILJ    ( 3447): [UNSL]< RIL_UNSOL_LTE_REJECT_CAUSE {15} [SUB0]
04-13 22:22:39.230 D/RILC    (  370): RequestComplete, RIL_SOCKET_1
04-13 22:22:39.230 E/RILC    (  370): Send Response to RIL_SOCKET_1
04-13 22:22:39.230 E/RILC    (  370): RIL Response bytes written:4
04-13 22:22:39.230 E/RILC    (  370): RIL Response bytes written:20
04-13 22:22:39.230 D/RILJ    ( 3447): [9249]< QUERY_NETWORK_SELECTION_MODE {0} [SUB0]
04-13 22:22:39.235 D/RILC    (  370): RequestComplete, RIL_SOCKET_1
04-13 22:22:39.235 E/RILC    (  370): Send Response to RIL_SOCKET_1
04-13 22:22:39.235 E/RILC    (  370): RIL Response bytes written:4
04-13 22:22:39.236 E/RILC    (  370): RIL Response bytes written:120
04-13 22:22:39.238 D/RILJ    ( 3447): [9247]< DATA_REGISTRATION_STATE {1, dff2, 02bec830, 15, null, 20, null, null, null, null, null, 0} [SUB0]
04-13 22:22:39.238 D/RILC    (  370): RequestComplete, RIL_SOCKET_1
04-13 22:22:39.239 E/RILC    (  370): Send Response to RIL_SOCKET_1
04-13 22:22:39.239 E/RILC    (  370): RIL Response bytes written:4
04-13 22:22:39.239 E/RILC    (  370): RIL Response bytes written:136
04-13 22:22:39.239 D/GsmSST  ( 3447): isSFROperators result = false
04-13 22:22:39.239 D/PHONE   ( 3447): [ServiceState] setDataRegState=0
04-13 22:22:39.239 D/PHONE   ( 3447): [ServiceState] setDataRadioTechnology=15
04-13 22:22:39.239 D/GsmSST  ( 3447): [GsmSST] LOGRadioInfo : In Service
04-13 22:22:39.239 D/GsmSST  ( 3447): [GsmSST] handlPollStateResultMessage: GsmSST setDataRegState=0 regState=1 dataRadioTechnology=15
04-13 22:22:39.240 I/RILC    (  370): RIL_SOCKET_1 UNSOLICITED: UNSOL_RESPONSE_VOICE_NETWORK_STATE_CHANGED length:8
04-13 22:22:39.240 E/RILC    (  370): Send Response to RIL_SOCKET_1
04-13 22:22:39.240 E/RILC    (  370): RIL Response bytes written:4
04-13 22:22:39.240 E/RILC    (  370): RIL Response bytes written:8
04-13 22:22:39.241 D/RILJ    ( 3447): [9248]< VOICE_REGISTRATION_STATE {1, dff2, 02bec830, 3, null, null, null, 0, null, null, 1, null, null, 0, 1d8} [SUB0]
04-13 22:22:39.242 D/PHONE   ( 3447): [ServiceState] setVoiceRegState=0
04-13 22:22:39.242 E/PHONE   ( 3447): [ServiceState] setState deprecated use setVoiceRegState()
04-13 22:22:39.242 D/GsmSST  ( 3447): [GsmSST] LOGRadioInfo : In Service
04-13 22:22:39.245 D/RILJ    ( 3447): [UNSL]< UNSOL_RESPONSE_VOICE_NETWORK_STATE_CHANGED [SUB0]
04-13 22:22:39.245 D/GsmSST  ( 3447): [GsmSST] Poll ServiceState done:  oldSS=[0 0 voice home data home Orange Orange 26003 Orange Orange 26003  UMTS HSPAP CSS not supported -1 -1 RoamInd=-1 DefRoamInd=-1 EmergOnly=false IsDataRoamingFromRegistration=false mIsVoiceSearching=false mIsDataSearching=false mVoiceNetworkName=null mDataNetworkName=null Check64QAM0 Dual carrier0] newSS=[0 0 voice home data home Orange Orange 26003 Orange Orange 26003  UMTS HSPAP CSS not supported -1 -1 RoamInd=-1 DefRoamInd=-1 EmergOnly=false IsDataRoamingFromRegistration=false mIsVoiceSearching=false mIsDataSearching=false mVoiceNetworkName=null mDataNetworkName=null Check64QAM0 Dual carrier0] oldMaxDataCalls=20 mNewMaxDataCalls=20 oldReasonDataDenied=-1 mNewReasonDataDenied=-1
04-13 22:22:39.246 D/PHONE   ( 3447): [ServiceState] setNullState=1
04-13 22:22:39.246 D/RILJ    ( 3447): [9250]> OPERATOR [SUB0]
04-13 22:22:39.247 D/RILC    (  370): SOCKET RIL_SOCKET_1 REQUEST: OPERATOR length:8
04-13 22:22:39.248 D/RILJ    ( 3447): [9251]> DATA_REGISTRATION_STATE [SUB0]
04-13 22:22:39.249 D/RILC    (  370): SOCKET RIL_SOCKET_1 REQUEST: DATA_REGISTRATION_STATE length:8
04-13 22:22:39.250 D/RILJ    ( 3447): [9252]> VOICE_REGISTRATION_STATE [SUB0]
04-13 22:22:39.252 D/RILJ    ( 3447): [9253]> QUERY_NETWORK_SELECTION_MODE [SUB0]
04-13 22:22:39.253 D/RILC    (  370): SOCKET RIL_SOCKET_1 REQUEST: VOICE_REGISTRATION_STATE length:8
04-13 22:22:39.255 D/RILC    (  370): SOCKET RIL_SOCKET_1 REQUEST: QUERY_NETWORK_SELECTION_MODE length:8
04-13 22:22:39.261 D/RILC    (  370): RequestComplete, RIL_SOCKET_1
04-13 22:22:39.261 E/RILC    (  370): Send Response to RIL_SOCKET_1
04-13 22:22:39.261 E/RILC    (  370): RIL Response bytes written:4
04-13 22:22:39.261 E/RILC    (  370): RIL Response bytes written:72
04-13 22:22:39.261 D/RILJ    ( 3447): [9250]< OPERATOR {Orange, Orange, 26003} [SUB0]
04-13 22:22:39.264 D/RILC    (  370): RequestComplete, RIL_SOCKET_1
04-13 22:22:39.265 E/RILC    (  370): Send Response to RIL_SOCKET_1
04-13 22:22:39.265 E/RILC    (  370): RIL Response bytes written:4
04-13 22:22:39.265 E/RILC    (  370): RIL Response bytes written:120
04-13 22:22:39.265 D/RILJ    ( 3447): [9251]< DATA_REGISTRATION_STATE {1, dff2, 02bec830, 15, null, 20, null, null, null, null, null, 0} [SUB0]
04-13 22:22:39.265 D/GsmSST  ( 3447): isSFROperators result = false
04-13 22:22:39.265 D/PHONE   ( 3447): [ServiceState] setDataRegState=0
04-13 22:22:39.265 D/PHONE   ( 3447): [ServiceState] setDataRadioTechnology=15
04-13 22:22:39.265 D/GsmSST  ( 3447): [GsmSST] LOGRadioInfo : In Service
04-13 22:22:39.265 D/GsmSST  ( 3447): [GsmSST] handlPollStateResultMessage: GsmSST setDataRegState=0 regState=1 dataRadioTechnology=15
04-13 22:22:39.266 D/RILC    (  370): RequestComplete, RIL_SOCKET_1
04-13 22:22:39.266 E/RILC    (  370): Send Response to RIL_SOCKET_1
04-13 22:22:39.267 E/RILC    (  370): RIL Response bytes written:4
04-13 22:22:39.267 D/RILJ    ( 3447): [9252]< VOICE_REGISTRATION_STATE {1, dff2, 02bec830, 3, null, null, null, 0, null, null, 1, null, null, 0, 1d8} [SUB0]
04-13 22:22:39.267 E/RILC    (  370): RIL Response bytes written:136
04-13 22:22:39.267 D/PHONE   ( 3447): [ServiceState] setVoiceRegState=0
04-13 22:22:39.267 E/PHONE   ( 3447): [ServiceState] setState deprecated use setVoiceRegState()
04-13 22:22:39.267 D/GsmSST  ( 3447): [GsmSST] LOGRadioInfo : In Service
04-13 22:22:39.269 D/RILC    (  370): RequestComplete, RIL_SOCKET_1
04-13 22:22:39.269 E/RILC    (  370): Send Response to RIL_SOCKET_1
04-13 22:22:39.269 E/RILC    (  370): RIL Response bytes written:4
04-13 22:22:39.269 E/RILC    (  370): RIL Response bytes written:20
04-13 22:22:39.270 D/RILJ    ( 3447): [9253]< QUERY_NETWORK_SELECTION_MODE {0} [SUB0]
04-13 22:22:39.273 D/GsmSST  ( 3447): [GsmSST] Poll ServiceState done:  oldSS=[0 0 voice home data home Orange Orange 26003 Orange Orange 26003  UMTS HSPAP CSS not supported -1 -1 RoamInd=-1 DefRoamInd=-1 EmergOnly=false IsDataRoamingFromRegistration=false mIsVoiceSearching=false mIsDataSearching=false mVoiceNetworkName=null mDataNetworkName=null Check64QAM0 Dual carrier0] newSS=[0 0 voice home data home Orange Orange 26003 Orange Orange 26003  UMTS HSPAP CSS not supported -1 -1 RoamInd=-1 DefRoamInd=-1 EmergOnly=false IsDataRoamingFromRegistration=false mIsVoiceSearching=false mIsDataSearching=false mVoiceNetworkName=null mDataNetworkName=null Check64QAM0 Dual carrier0] oldMaxDataCalls=20 mNewMaxDataCalls=20 oldReasonDataDenied=-1 mNewReasonDataDenied=-1
04-13 22:22:39.273 D/PHONE   ( 3447): [ServiceState] setNullState=1
04-13 22:22:39.654 V/LG-FASTDORMANCY( 3447): [DCH/FACH] FDCount : 0 intent received :com.android.internal.telephony.ACTION_CHECK_NETSTAT
04-13 22:22:39.658 V/LG-FASTDORMANCY( 3447): [DCH/FACH] FDCount : 0 prev: TxPkts(133812), RxPkts(161598)
04-13 22:22:39.658 V/LG-FASTDORMANCY( 3447): [DCH/FACH] FDCount : 0 curr: TxPkts(133942), RxPkts(161811)
04-13 22:22:39.659 I/LG-FASTDORMANCY( 3447): [DCH/FACH] FDCount : 0 Scheduling checkNetStat for 1000msec, current state is [DCH/FACH] FDCount : 0 
04-13 22:22:39.753 D/QtiGsmDCT( 3447): [0]updateDataActivity: curTxRxSum={txSum=133994 rxSum=161869} preTxRxSum={txSum=133812 rxSum=161598}
04-13 22:22:39.754 D/QtiGsmDCT( 3447): [0]updateDataActivity: sent=182 received=271
04-13 22:22:40.662 V/LG-FASTDORMANCY( 3447): [DCH/FACH] FDCount : 0 intent received :com.android.internal.telephony.ACTION_CHECK_NETSTAT
04-13 22:22:40.667 V/LG-FASTDORMANCY( 3447): [DCH/FACH] FDCount : 0 prev: TxPkts(133942), RxPkts(161811)
04-13 22:22:40.667 V/LG-FASTDORMANCY( 3447): [DCH/FACH] FDCount : 0 curr: TxPkts(134162), RxPkts(162125)
04-13 22:22:40.668 I/LG-FASTDORMANCY( 3447): [DCH/FACH] FDCount : 0 Scheduling checkNetStat for 1000msec, current state is [DCH/FACH] FDCount : 0 
04-13 22:22:40.758 D/QtiGsmDCT( 3447): [0]updateDataActivity: curTxRxSum={txSum=134162 rxSum=162125} preTxRxSum={txSum=133994 rxSum=161869}
04-13 22:22:40.759 D/QtiGsmDCT( 3447): [0]updateDataActivity: sent=168 received=256
04-13 22:22:41.674 V/LG-FASTDORMANCY( 3447): [DCH/FACH] FDCount : 0 intent received :com.android.internal.telephony.ACTION_CHECK_NETSTAT
04-13 22:22:41.685 V/LG-FASTDORMANCY( 3447): [DCH/FACH] FDCount : 0 prev: TxPkts(134162), RxPkts(162125)
04-13 22:22:41.685 V/LG-FASTDORMANCY( 3447): [DCH/FACH] FDCount : 0 curr: TxPkts(134162), RxPkts(162125)
04-13 22:22:41.688 I/LG-FASTDORMANCY( 3447): [DCH/FACH] FDCount : 1 Scheduling checkNetStat for 1000msec, current state is [DCH/FACH] FDCount : 1 
04-13 22:22:41.765 D/QtiGsmDCT( 3447): [0]updateDataActivity: curTxRxSum={txSum=134162 rxSum=162125} preTxRxSum={txSum=134162 rxSum=162125}
04-13 22:22:41.765 D/QtiGsmDCT( 3447): [0]updateDataActivity: sent=0 received=0
04-13 22:22:41.765 D/QtiGsmDCT( 3447): [0]updateDataActivity: newActivity=NONE
04-13 22:22:41.780 D/QtiGsmDCT( 3447): [0]getDataEnabled: getIntWithSubId retVal=true
04-13 22:22:42.694 V/LG-FASTDORMANCY( 3447): [DCH/FACH] FDCount : 1 intent received :com.android.internal.telephony.ACTION_CHECK_NETSTAT
04-13 22:22:42.698 V/LG-FASTDORMANCY( 3447): [DCH/FACH] FDCount : 1 prev: TxPkts(134162), RxPkts(162125)
04-13 22:22:42.698 V/LG-FASTDORMANCY( 3447): [DCH/FACH] FDCount : 1 curr: TxPkts(134186), RxPkts(162149)
04-13 22:22:42.698 I/LG-FASTDORMANCY( 3447): [DCH/FACH] FDCount : 0 Scheduling checkNetStat for 1000msec, current state is [DCH/FACH] FDCount : 0 
04-13 22:22:42.771 D/QtiGsmDCT( 3447): [0]updateDataActivity: curTxRxSum={txSum=134186 rxSum=162149} preTxRxSum={txSum=134162 rxSum=162125}
04-13 22:22:42.771 D/QtiGsmDCT( 3447): [0]updateDataActivity: sent=24 received=24
04-13 22:22:42.771 D/QtiGsmDCT( 3447): [0]updateDataActivity: newActivity=DATAINANDOUT
04-13 22:22:42.794 D/QtiGsmDCT( 3447): [0]getDataEnabled: getIntWithSubId retVal=true
04-13 22:22:43.703 V/LG-FASTDORMANCY( 3447): [DCH/FACH] FDCount : 0 intent received :com.android.internal.telephony.ACTION_CHECK_NETSTAT
04-13 22:22:43.706 V/LG-FASTDORMANCY( 3447): [DCH/FACH] FDCount : 0 prev: TxPkts(134186), RxPkts(162149)
04-13 22:22:43.706 V/LG-FASTDORMANCY( 3447): [DCH/FACH] FDCount : 0 curr: TxPkts(134216), RxPkts(162176)
04-13 22:22:43.707 I/LG-FASTDORMANCY( 3447): [DCH/FACH] FDCount : 0 Scheduling checkNetStat for 1000msec, current state is [DCH/FACH] FDCount : 0 
04-13 22:22:43.779 D/QtiGsmDCT( 3447): [0]updateDataActivity: curTxRxSum={txSum=134225 rxSum=162180} preTxRxSum={txSum=134186 rxSum=162149}
04-13 22:22:43.779 D/QtiGsmDCT( 3447): [0]updateDataActivity: sent=39 received=31
04-13 22:22:44.711 V/LG-FASTDORMANCY( 3447): [DCH/FACH] FDCount : 0 intent received :com.android.internal.telephony.ACTION_CHECK_NETSTAT
04-13 22:22:44.715 V/LG-FASTDORMANCY( 3447): [DCH/FACH] FDCount : 0 prev: TxPkts(134216), RxPkts(162176)
04-13 22:22:44.715 V/LG-FASTDORMANCY( 3447): [DCH/FACH] FDCount : 0 curr: TxPkts(134601), RxPkts(162558)
04-13 22:22:44.716 I/LG-FASTDORMANCY( 3447): [DCH/FACH] FDCount : 0 Scheduling checkNetStat for 1000msec, current state is [DCH/FACH] FDCount : 0 
04-13 22:22:44.783 D/QtiGsmDCT( 3447): [0]updateDataActivity: curTxRxSum={txSum=134601 rxSum=162558} preTxRxSum={txSum=134225 rxSum=162180}
04-13 22:22:44.784 D/QtiGsmDCT( 3447): [0]updateDataActivity: sent=376 received=378
04-13 22:22:45.721 V/LG-FASTDORMANCY( 3447): [DCH/FACH] FDCount : 0 intent received :com.android.internal.telephony.ACTION_CHECK_NETSTAT
04-13 22:22:45.725 V/LG-FASTDORMANCY( 3447): [DCH/FACH] FDCount : 0 prev: TxPkts(134601), RxPkts(162558)
04-13 22:22:45.725 V/LG-FASTDORMANCY( 3447): [DCH/FACH] FDCount : 0 curr: TxPkts(134841), RxPkts(162798)
04-13 22:22:45.726 I/LG-FASTDORMANCY( 3447): [DCH/FACH] FDCount : 0 Scheduling checkNetStat for 1000msec, current state is [DCH/FACH] FDCount : 0 
04-13 22:22:45.789 D/QtiGsmDCT( 3447): [0]updateDataActivity: curTxRxSum={txSum=134841 rxSum=162798} preTxRxSum={txSum=134601 rxSum=162558}
04-13 22:22:45.789 D/QtiGsmDCT( 3447): [0]updateDataActivity: sent=240 received=240
04-13 22:22:46.731 V/LG-FASTDORMANCY( 3447): [DCH/FACH] FDCount : 0 intent received :com.android.internal.telephony.ACTION_CHECK_NETSTAT
04-13 22:22:46.733 V/LG-FASTDORMANCY( 3447): [DCH/FACH] FDCount : 0 prev: TxPkts(134841), RxPkts(162798)
04-13 22:22:46.733 V/LG-FASTDORMANCY( 3447): [DCH/FACH] FDCount : 0 curr: TxPkts(134951), RxPkts(162906)
04-13 22:22:46.735 I/LG-FASTDORMANCY( 3447): [DCH/FACH] FDCount : 0 Scheduling checkNetStat for 1000msec, current state is [DCH/FACH] FDCount : 0 
04-13 22:22:46.796 D/QtiGsmDCT( 3447): [0]updateDataActivity: curTxRxSum={txSum=134987 rxSum=162958} preTxRxSum={txSum=134841 rxSum=162798}
04-13 22:22:46.796 D/QtiGsmDCT( 3447): [0]updateDataActivity: sent=146 received=160
04-13 22:22:47.742 V/LG-FASTDORMANCY( 3447): [DCH/FACH] FDCount : 0 intent received :com.android.internal.telephony.ACTION_CHECK_NETSTAT
04-13 22:22:47.749 V/LG-FASTDORMANCY( 3447): [DCH/FACH] FDCount : 0 prev: TxPkts(134951), RxPkts(162906)
04-13 22:22:47.749 V/LG-FASTDORMANCY( 3447): [DCH/FACH] FDCount : 0 curr: TxPkts(135200), RxPkts(163153)
04-13 22:22:47.755 I/LG-FASTDORMANCY( 3447): [DCH/FACH] FDCount : 0 Scheduling checkNetStat for 1000msec, current state is [DCH/FACH] FDCount : 0 
04-13 22:22:47.799 D/QtiGsmDCT( 3447): [0]updateDataActivity: curTxRxSum={txSum=135214 rxSum=163173} preTxRxSum={txSum=134987 rxSum=162958}
04-13 22:22:47.799 D/QtiGsmDCT( 3447): [0]updateDataActivity: sent=227 received=215
04-13 22:22:48.761 V/LG-FASTDORMANCY( 3447): [DCH/FACH] FDCount : 0 intent received :com.android.internal.telephony.ACTION_CHECK_NETSTAT
04-13 22:22:48.768 V/LG-FASTDORMANCY( 3447): [DCH/FACH] FDCount : 0 prev: TxPkts(135200), RxPkts(163153)
04-13 22:22:48.768 V/LG-FASTDORMANCY( 3447): [DCH/FACH] FDCount : 0 curr: TxPkts(135413), RxPkts(163376)
04-13 22:22:48.770 I/LG-FASTDORMANCY( 3447): [DCH/FACH] FDCount : 0 Scheduling checkNetStat for 1000msec, current state is [DCH/FACH] FDCount : 0 
04-13 22:22:48.804 D/QtiGsmDCT( 3447): [0]updateDataActivity: curTxRxSum={txSum=135413 rxSum=163376} preTxRxSum={txSum=135214 rxSum=163173}
04-13 22:22:48.804 D/QtiGsmDCT( 3447): [0]updateDataActivity: sent=199 received=203
04-13 22:22:49.777 V/LG-FASTDORMANCY( 3447): [DCH/FACH] FDCount : 0 intent received :com.android.internal.telephony.ACTION_CHECK_NETSTAT
04-13 22:22:49.784 V/LG-FASTDORMANCY( 3447): [DCH/FACH] FDCount : 0 prev: TxPkts(135413), RxPkts(163376)
04-13 22:22:49.784 V/LG-FASTDORMANCY( 3447): [DCH/FACH] FDCount : 0 curr: TxPkts(135419), RxPkts(163380)
04-13 22:22:49.785 I/LG-FASTDORMANCY( 3447): [DCH/FACH] FDCount : 0 Scheduling checkNetStat for 1000msec, current state is [DCH/FACH] FDCount : 0 
04-13 22:22:49.808 D/QtiGsmDCT( 3447): [0]updateDataActivity: curTxRxSum={txSum=135419 rxSum=163380} preTxRxSum={txSum=135413 rxSum=163376}
04-13 22:22:49.808 D/QtiGsmDCT( 3447): [0]updateDataActivity: sent=6 received=4
04-13 22:22:50.794 V/LG-FASTDORMANCY( 3447): [DCH/FACH] FDCount : 0 intent received :com.android.internal.telephony.ACTION_CHECK_NETSTAT
04-13 22:22:50.801 V/LG-FASTDORMANCY( 3447): [DCH/FACH] FDCount : 0 prev: TxPkts(135419), RxPkts(163380)
04-13 22:22:50.801 V/LG-FASTDORMANCY( 3447): [DCH/FACH] FDCount : 0 curr: TxPkts(135421), RxPkts(163382)
04-13 22:22:50.804 I/LG-FASTDORMANCY( 3447): [DCH/FACH] FDCount : 0 Scheduling checkNetStat for 1000msec, current state is [DCH/FACH] FDCount : 0 
04-13 22:22:50.822 D/QtiGsmDCT( 3447): [0]updateDataActivity: curTxRxSum={txSum=135421 rxSum=163382} preTxRxSum={txSum=135419 rxSum=163380}
04-13 22:22:50.822 D/QtiGsmDCT( 3447): [0]updateDataActivity: sent=2 received=2
04-13 22:22:51.809 V/LG-FASTDORMANCY( 3447): [DCH/FACH] FDCount : 0 intent received :com.android.internal.telephony.ACTION_CHECK_NETSTAT
04-13 22:22:51.815 V/LG-FASTDORMANCY( 3447): [DCH/FACH] FDCount : 0 prev: TxPkts(135421), RxPkts(163382)
04-13 22:22:51.816 V/LG-FASTDORMANCY( 3447): [DCH/FACH] FDCount : 0 curr: TxPkts(135421), RxPkts(163382)
04-13 22:22:51.816 I/LG-FASTDORMANCY( 3447): [DCH/FACH] FDCount : 1 Scheduling checkNetStat for 1000msec, current state is [DCH/FACH] FDCount : 1 
04-13 22:22:51.827 D/QtiGsmDCT( 3447): [0]updateDataActivity: curTxRxSum={txSum=135421 rxSum=163382} preTxRxSum={txSum=135421 rxSum=163382}
04-13 22:22:51.827 D/QtiGsmDCT( 3447): [0]updateDataActivity: sent=0 received=0
04-13 22:22:51.827 D/QtiGsmDCT( 3447): [0]updateDataActivity: newActivity=NONE
04-13 22:22:51.836 D/QtiGsmDCT( 3447): [0]getDataEnabled: getIntWithSubId retVal=true
04-13 22:22:52.821 V/LG-FASTDORMANCY( 3447): [DCH/FACH] FDCount : 1 intent received :com.android.internal.telephony.ACTION_CHECK_NETSTAT
04-13 22:22:52.827 V/LG-FASTDORMANCY( 3447): [DCH/FACH] FDCount : 1 prev: TxPkts(135421), RxPkts(163382)
04-13 22:22:52.827 V/LG-FASTDORMANCY( 3447): [DCH/FACH] FDCount : 1 curr: TxPkts(135523), RxPkts(163536)
04-13 22:22:52.829 I/LG-FASTDORMANCY( 3447): [DCH/FACH] FDCount : 0 Scheduling checkNetStat for 1000msec, current state is [DCH/FACH] FDCount : 0 
04-13 22:22:52.836 D/QtiGsmDCT( 3447): [0]updateDataActivity: curTxRxSum={txSum=135523 rxSum=163536} preTxRxSum={txSum=135421 rxSum=163382}
04-13 22:22:52.836 D/QtiGsmDCT( 3447): [0]updateDataActivity: sent=102 received=154
04-13 22:22:52.836 D/QtiGsmDCT( 3447): [0]updateDataActivity: newActivity=DATAINANDOUT
04-13 22:22:52.845 D/QtiGsmDCT( 3447): [0]getDataEnabled: getIntWithSubId retVal=true
04-13 22:22:53.836 V/LG-FASTDORMANCY( 3447): [DCH/FACH] FDCount : 0 intent received :com.android.internal.telephony.ACTION_CHECK_NETSTAT
04-13 22:22:53.844 V/LG-FASTDORMANCY( 3447): [DCH/FACH] FDCount : 0 prev: TxPkts(135523), RxPkts(163536)
04-13 22:22:53.845 V/LG-FASTDORMANCY( 3447): [DCH/FACH] FDCount : 0 curr: TxPkts(135597), RxPkts(163710)
04-13 22:22:53.846 D/QtiGsmDCT( 3447): [0]updateDataActivity: curTxRxSum={txSum=135597 rxSum=163710} preTxRxSum={txSum=135523 rxSum=163536}
04-13 22:22:53.846 D/QtiGsmDCT( 3447): [0]updateDataActivity: sent=74 received=174
04-13 22:22:53.846 I/LG-FASTDORMANCY( 3447): [DCH/FACH] FDCount : 0 Scheduling checkNetStat for 1000msec, current state is [DCH/FACH] FDCount : 0 
04-13 22:22:54.851 D/QtiGsmDCT( 3447): [0]updateDataActivity: curTxRxSum={txSum=135711 rxSum=163953} preTxRxSum={txSum=135597 rxSum=163710}
04-13 22:22:54.852 D/QtiGsmDCT( 3447): [0]updateDataActivity: sent=114 received=243
04-13 22:22:54.852 V/LG-FASTDORMANCY( 3447): [DCH/FACH] FDCount : 0 intent received :com.android.internal.telephony.ACTION_CHECK_NETSTAT
04-13 22:22:54.856 V/LG-FASTDORMANCY( 3447): [DCH/FACH] FDCount : 0 prev: TxPkts(135597), RxPkts(163710)
04-13 22:22:54.856 V/LG-FASTDORMANCY( 3447): [DCH/FACH] FDCount : 0 curr: TxPkts(135716), RxPkts(163966)
04-13 22:22:54.858 I/LG-FASTDORMANCY( 3447): [DCH/FACH] FDCount : 0 Scheduling checkNetStat for 1000msec, current state is [DCH/FACH] FDCount : 0 
04-13 22:22:55.858 D/QtiGsmDCT( 3447): [0]updateDataActivity: curTxRxSum={txSum=135981 rxSum=164250} preTxRxSum={txSum=135711 rxSum=163953}
04-13 22:22:55.858 D/QtiGsmDCT( 3447): [0]updateDataActivity: sent=270 received=297
04-13 22:22:55.865 V/LG-FASTDORMANCY( 3447): [DCH/FACH] FDCount : 0 intent received :com.android.internal.telephony.ACTION_CHECK_NETSTAT
04-13 22:22:55.870 V/LG-FASTDORMANCY( 3447): [DCH/FACH] FDCount : 0 prev: TxPkts(135716), RxPkts(163966)
04-13 22:22:55.870 V/LG-FASTDORMANCY( 3447): [DCH/FACH] FDCount : 0 curr: TxPkts(135981), RxPkts(164250)
04-13 22:22:55.871 I/LG-FASTDORMANCY( 3447): [DCH/FACH] FDCount : 0 Scheduling checkNetStat for 1000msec, current state is [DCH/FACH] FDCount : 0 
04-13 22:22:56.863 D/QtiGsmDCT( 3447): [0]updateDataActivity: curTxRxSum={txSum=135981 rxSum=164250} preTxRxSum={txSum=135981 rxSum=164250}
04-13 22:22:56.864 D/QtiGsmDCT( 3447): [0]updateDataActivity: sent=0 received=0
04-13 22:22:56.864 D/QtiGsmDCT( 3447): [0]updateDataActivity: newActivity=NONE
04-13 22:22:56.878 V/LG-FASTDORMANCY( 3447): [DCH/FACH] FDCount : 0 intent received :com.android.internal.telephony.ACTION_CHECK_NETSTAT
04-13 22:22:56.884 V/LG-FASTDORMANCY( 3447): [DCH/FACH] FDCount : 0 prev: TxPkts(135981), RxPkts(164250)
04-13 22:22:56.884 V/LG-FASTDORMANCY( 3447): [DCH/FACH] FDCount : 0 curr: TxPkts(135981), RxPkts(164250)
04-13 22:22:56.885 I/LG-FASTDORMANCY( 3447): [DCH/FACH] FDCount : 1 Scheduling checkNetStat for 1000msec, current state is [DCH/FACH] FDCount : 1 
04-13 22:22:56.887 D/QtiGsmDCT( 3447): [0]getDataEnabled: getIntWithSubId retVal=true
04-13 22:22:57.873 D/QtiGsmDCT( 3447): [0]updateDataActivity: curTxRxSum={txSum=135981 rxSum=164250} preTxRxSum={txSum=135981 rxSum=164250}
04-13 22:22:57.873 D/QtiGsmDCT( 3447): [0]updateDataActivity: sent=0 received=0
04-13 22:22:57.891 V/LG-FASTDORMANCY( 3447): [DCH/FACH] FDCount : 1 intent received :com.android.internal.telephony.ACTION_CHECK_NETSTAT
04-13 22:22:57.895 V/LG-FASTDORMANCY( 3447): [DCH/FACH] FDCount : 1 prev: TxPkts(135981), RxPkts(164250)
04-13 22:22:57.895 V/LG-FASTDORMANCY( 3447): [DCH/FACH] FDCount : 1 curr: TxPkts(135981), RxPkts(164250)
04-13 22:22:57.896 I/LG-FASTDORMANCY( 3447): [DCH/FACH] FDCount : 2 Scheduling checkNetStat for 1000msec, current state is [DCH/FACH] FDCount : 2 
04-13 22:22:58.881 D/QtiGsmDCT( 3447): [0]updateDataActivity: curTxRxSum={txSum=136143 rxSum=164412} preTxRxSum={txSum=135981 rxSum=164250}
04-13 22:22:58.881 D/QtiGsmDCT( 3447): [0]updateDataActivity: sent=162 received=162
04-13 22:22:58.881 D/QtiGsmDCT( 3447): [0]updateDataActivity: newActivity=DATAINANDOUT
04-13 22:22:58.898 D/QtiGsmDCT( 3447): [0]getDataEnabled: getIntWithSubId retVal=true
04-13 22:22:58.908 V/LG-FASTDORMANCY( 3447): [DCH/FACH] FDCount : 2 intent received :com.android.internal.telephony.ACTION_CHECK_NETSTAT
04-13 22:22:58.917 V/LG-FASTDORMANCY( 3447): [DCH/FACH] FDCount : 2 prev: TxPkts(135981), RxPkts(164250)
04-13 22:22:58.917 V/LG-FASTDORMANCY( 3447): [DCH/FACH] FDCount : 2 curr: TxPkts(136143), RxPkts(164412)
04-13 22:22:58.921 I/LG-FASTDORMANCY( 3447): [DCH/FACH] FDCount : 0 Scheduling checkNetStat for 1000msec, current state is [DCH/FACH] FDCount : 0 
04-13 22:22:59.888 D/QtiGsmDCT( 3447): [0]updateDataActivity: curTxRxSum={txSum=136145 rxSum=164414} preTxRxSum={txSum=136143 rxSum=164412}
04-13 22:22:59.888 D/QtiGsmDCT( 3447): [0]updateDataActivity: sent=2 received=2
04-13 22:22:59.929 V/LG-FASTDORMANCY( 3447): [DCH/FACH] FDCount : 0 intent received :com.android.internal.telephony.ACTION_CHECK_NETSTAT
04-13 22:22:59.934 V/LG-FASTDORMANCY( 3447): [DCH/FACH] FDCount : 0 prev: TxPkts(136143), RxPkts(164412)
04-13 22:22:59.934 V/LG-FASTDORMANCY( 3447): [DCH/FACH] FDCount : 0 curr: TxPkts(136145), RxPkts(164414)
04-13 22:22:59.935 I/LG-FASTDORMANCY( 3447): [DCH/FACH] FDCount : 0 Scheduling checkNetStat for 1000msec, current state is [DCH/FACH] FDCount : 0 
04-13 22:23:00.902 D/QtiGsmDCT( 3447): [0]updateDataActivity: curTxRxSum={txSum=136145 rxSum=164414} preTxRxSum={txSum=136145 rxSum=164414}
04-13 22:23:00.903 D/QtiGsmDCT( 3447): [0]updateDataActivity: sent=0 received=0
04-13 22:23:00.903 D/QtiGsmDCT( 3447): [0]updateDataActivity: newActivity=NONE
04-13 22:23:00.915 D/QtiGsmDCT( 3447): [0]getDataEnabled: getIntWithSubId retVal=true
04-13 22:23:00.939 V/LG-FASTDORMANCY( 3447): [DCH/FACH] FDCount : 0 intent received :com.android.internal.telephony.ACTION_CHECK_NETSTAT
04-13 22:23:00.945 V/LG-FASTDORMANCY( 3447): [DCH/FACH] FDCount : 0 prev: TxPkts(136145), RxPkts(164414)
04-13 22:23:00.945 V/LG-FASTDORMANCY( 3447): [DCH/FACH] FDCount : 0 curr: TxPkts(136145), RxPkts(164414)
