04-13 22:09:27.988 D/QtiGsmDCT( 3447): [0]updateDataActivity: sent=80 received=128
04-13 22:09:27.988 D/QtiGsmDCT( 3447): [0]updateDataActivity: newActivity=DATAINANDOUT
04-13 22:09:27.999 D/QtiGsmDCT( 3447): [0]getDataEnabled: getIntWithSubId retVal=true
04-13 22:09:28.640 V/LG-FASTDORMANCY( 3447): [DCH/FACH] FDCount : 0 intent received :com.android.internal.telephony.ACTION_CHECK_NETSTAT
04-13 22:09:28.644 V/LG-FASTDORMANCY( 3447): [DCH/FACH] FDCount : 0 prev: TxPkts(106205), RxPkts(128797)
04-13 22:09:28.644 V/LG-FASTDORMANCY( 3447): [DCH/FACH] FDCount : 0 curr: TxPkts(106240), RxPkts(128868)
04-13 22:09:28.648 I/LG-FASTDORMANCY( 3447): [DCH/FACH] FDCount : 0 Scheduling checkNetStat for 1000msec, current state is [DCH/FACH] FDCount : 0 
04-13 22:09:29.002 D/QtiGsmDCT( 3447): [0]updateDataActivity: curTxRxSum={txSum=106262 rxSum=128899} preTxRxSum={txSum=106240 rxSum=128868}
04-13 22:09:29.002 D/QtiGsmDCT( 3447): [0]updateDataActivity: sent=22 received=31
04-13 22:09:29.653 V/LG-FASTDORMANCY( 3447): [DCH/FACH] FDCount : 0 intent received :com.android.internal.telephony.ACTION_CHECK_NETSTAT
04-13 22:09:29.656 V/LG-FASTDORMANCY( 3447): [DCH/FACH] FDCount : 0 prev: TxPkts(106240), RxPkts(128868)
04-13 22:09:29.656 V/LG-FASTDORMANCY( 3447): [DCH/FACH] FDCount : 0 curr: TxPkts(106333), RxPkts(129025)
04-13 22:09:29.657 I/LG-FASTDORMANCY( 3447): [DCH/FACH] FDCount : 0 Scheduling checkNetStat for 1000msec, current state is [DCH/FACH] FDCount : 0 
04-13 22:09:30.011 D/QtiGsmDCT( 3447): [0]updateDataActivity: curTxRxSum={txSum=106333 rxSum=129025} preTxRxSum={txSum=106262 rxSum=128899}
04-13 22:09:30.011 D/QtiGsmDCT( 3447): [0]updateDataActivity: sent=71 received=126
04-13 22:09:30.662 V/LG-FASTDORMANCY( 3447): [DCH/FACH] FDCount : 0 intent received :com.android.internal.telephony.ACTION_CHECK_NETSTAT
04-13 22:09:30.666 V/LG-FASTDORMANCY( 3447): [DCH/FACH] FDCount : 0 prev: TxPkts(106333), RxPkts(129025)
04-13 22:09:30.666 V/LG-FASTDORMANCY( 3447): [DCH/FACH] FDCount : 0 curr: TxPkts(106337), RxPkts(129029)
04-13 22:09:30.667 I/LG-FASTDORMANCY( 3447): [DCH/FACH] FDCount : 0 Scheduling checkNetStat for 1000msec, current state is [DCH/FACH] FDCount : 0 
04-13 22:09:31.015 D/QtiGsmDCT( 3447): [0]updateDataActivity: curTxRxSum={txSum=106401 rxSum=129205} preTxRxSum={txSum=106333 rxSum=129025}
04-13 22:09:31.015 D/QtiGsmDCT( 3447): [0]updateDataActivity: sent=68 received=180
04-13 22:09:31.671 V/LG-FASTDORMANCY( 3447): [DCH/FACH] FDCount : 0 intent received :com.android.internal.telephony.ACTION_CHECK_NETSTAT
04-13 22:09:31.676 V/LG-FASTDORMANCY( 3447): [DCH/FACH] FDCount : 0 prev: TxPkts(106337), RxPkts(129029)
04-13 22:09:31.676 V/LG-FASTDORMANCY( 3447): [DCH/FACH] FDCount : 0 curr: TxPkts(106401), RxPkts(129205)
04-13 22:09:31.677 I/LG-FASTDORMANCY( 3447): [DCH/FACH] FDCount : 0 Scheduling checkNetStat for 1000msec, current state is [DCH/FACH] FDCount : 0 
04-13 22:09:32.020 D/QtiGsmDCT( 3447): [0]updateDataActivity: curTxRxSum={txSum=106409 rxSum=129213} preTxRxSum={txSum=106401 rxSum=129205}
04-13 22:09:32.021 D/QtiGsmDCT( 3447): [0]updateDataActivity: sent=8 received=8
04-13 22:09:32.681 V/LG-FASTDORMANCY( 3447): [DCH/FACH] FDCount : 0 intent received :com.android.internal.telephony.ACTION_CHECK_NETSTAT
04-13 22:09:32.684 V/LG-FASTDORMANCY( 3447): [DCH/FACH] FDCount : 0 prev: TxPkts(106401), RxPkts(129205)
04-13 22:09:32.684 V/LG-FASTDORMANCY( 3447): [DCH/FACH] FDCount : 0 curr: TxPkts(106439), RxPkts(129241)
04-13 22:09:32.685 I/LG-FASTDORMANCY( 3447): [DCH/FACH] FDCount : 0 Scheduling checkNetStat for 1000msec, current state is [DCH/FACH] FDCount : 0 
04-13 22:09:33.024 D/QtiGsmDCT( 3447): [0]updateDataActivity: curTxRxSum={txSum=106439 rxSum=129241} preTxRxSum={txSum=106409 rxSum=129213}
04-13 22:09:33.024 D/QtiGsmDCT( 3447): [0]updateDataActivity: sent=30 received=28
04-13 22:09:33.688 V/LG-FASTDORMANCY( 3447): [DCH/FACH] FDCount : 0 intent received :com.android.internal.telephony.ACTION_CHECK_NETSTAT
04-13 22:09:33.693 V/LG-FASTDORMANCY( 3447): [DCH/FACH] FDCount : 0 prev: TxPkts(106439), RxPkts(129241)
04-13 22:09:33.693 V/LG-FASTDORMANCY( 3447): [DCH/FACH] FDCount : 0 curr: TxPkts(106531), RxPkts(129397)
04-13 22:09:33.694 I/LG-FASTDORMANCY( 3447): [DCH/FACH] FDCount : 0 Scheduling checkNetStat for 1000msec, current state is [DCH/FACH] FDCount : 0 
04-13 22:09:34.028 D/QtiGsmDCT( 3447): [0]updateDataActivity: curTxRxSum={txSum=106531 rxSum=129397} preTxRxSum={txSum=106439 rxSum=129241}
04-13 22:09:34.028 D/QtiGsmDCT( 3447): [0]updateDataActivity: sent=92 received=156
04-13 22:09:34.698 V/LG-FASTDORMANCY( 3447): [DCH/FACH] FDCount : 0 intent received :com.android.internal.telephony.ACTION_CHECK_NETSTAT
04-13 22:09:34.703 V/LG-FASTDORMANCY( 3447): [DCH/FACH] FDCount : 0 prev: TxPkts(106531), RxPkts(129397)
04-13 22:09:34.703 V/LG-FASTDORMANCY( 3447): [DCH/FACH] FDCount : 0 curr: TxPkts(106531), RxPkts(129397)
04-13 22:09:34.704 I/LG-FASTDORMANCY( 3447): [DCH/FACH] FDCount : 1 Scheduling checkNetStat for 1000msec, current state is [DCH/FACH] FDCount : 1 
04-13 22:09:35.032 D/QtiGsmDCT( 3447): [0]updateDataActivity: curTxRxSum={txSum=106531 rxSum=129397} preTxRxSum={txSum=106531 rxSum=129397}
04-13 22:09:35.032 D/QtiGsmDCT( 3447): [0]updateDataActivity: sent=0 received=0
04-13 22:09:35.032 D/QtiGsmDCT( 3447): [0]updateDataActivity: newActivity=NONE
04-13 22:09:35.038 D/QtiGsmDCT( 3447): [0]getDataEnabled: getIntWithSubId retVal=true
04-13 22:09:35.713 V/LG-FASTDORMANCY( 3447): [DCH/FACH] FDCount : 1 intent received :com.android.internal.telephony.ACTION_CHECK_NETSTAT
04-13 22:09:35.719 V/LG-FASTDORMANCY( 3447): [DCH/FACH] FDCount : 1 prev: TxPkts(106531), RxPkts(129397)
04-13 22:09:35.719 V/LG-FASTDORMANCY( 3447): [DCH/FACH] FDCount : 1 curr: TxPkts(106533), RxPkts(129397)
04-13 22:09:35.720 I/LG-FASTDORMANCY( 3447): [DCH/FACH] FDCount : 0 Scheduling checkNetStat for 1000msec, current state is [DCH/FACH] FDCount : 0 
04-13 22:09:36.041 D/QtiGsmDCT( 3447): [0]updateDataActivity: curTxRxSum={txSum=106603 rxSum=129525} preTxRxSum={txSum=106531 rxSum=129397}
04-13 22:09:36.041 D/QtiGsmDCT( 3447): [0]updateDataActivity: sent=72 received=128
04-13 22:09:36.041 D/QtiGsmDCT( 3447): [0]updateDataActivity: newActivity=DATAINANDOUT
04-13 22:09:36.051 D/QtiGsmDCT( 3447): [0]getDataEnabled: getIntWithSubId retVal=true
04-13 22:09:36.726 V/LG-FASTDORMANCY( 3447): [DCH/FACH] FDCount : 0 intent received :com.android.internal.telephony.ACTION_CHECK_NETSTAT
04-13 22:09:36.730 V/LG-FASTDORMANCY( 3447): [DCH/FACH] FDCount : 0 prev: TxPkts(106533), RxPkts(129397)
04-13 22:09:36.730 V/LG-FASTDORMANCY( 3447): [DCH/FACH] FDCount : 0 curr: TxPkts(106603), RxPkts(129525)
04-13 22:09:36.731 I/LG-FASTDORMANCY( 3447): [DCH/FACH] FDCount : 0 Scheduling checkNetStat for 1000msec, current state is [DCH/FACH] FDCount : 0 
04-13 22:09:37.053 D/QtiGsmDCT( 3447): [0]updateDataActivity: curTxRxSum={txSum=106641 rxSum=129579} preTxRxSum={txSum=106603 rxSum=129525}
04-13 22:09:37.053 D/QtiGsmDCT( 3447): [0]updateDataActivity: sent=38 received=54
04-13 22:09:37.737 V/LG-FASTDORMANCY( 3447): [DCH/FACH] FDCount : 0 intent received :com.android.internal.telephony.ACTION_CHECK_NETSTAT
04-13 22:09:37.740 V/LG-FASTDORMANCY( 3447): [DCH/FACH] FDCount : 0 prev: TxPkts(106603), RxPkts(129525)
04-13 22:09:37.740 V/LG-FASTDORMANCY( 3447): [DCH/FACH] FDCount : 0 curr: TxPkts(106659), RxPkts(129617)
04-13 22:09:37.741 I/LG-FASTDORMANCY( 3447): [DCH/FACH] FDCount : 0 Scheduling checkNetStat for 1000msec, current state is [DCH/FACH] FDCount : 0 
04-13 22:09:38.056 D/QtiGsmDCT( 3447): [0]updateDataActivity: curTxRxSum={txSum=106659 rxSum=129617} preTxRxSum={txSum=106641 rxSum=129579}
04-13 22:09:38.056 D/QtiGsmDCT( 3447): [0]updateDataActivity: sent=18 received=38
04-13 22:09:38.747 V/LG-FASTDORMANCY( 3447): [DCH/FACH] FDCount : 0 intent received :com.android.internal.telephony.ACTION_CHECK_NETSTAT
04-13 22:09:38.752 V/LG-FASTDORMANCY( 3447): [DCH/FACH] FDCount : 0 prev: TxPkts(106659), RxPkts(129617)
04-13 22:09:38.752 V/LG-FASTDORMANCY( 3447): [DCH/FACH] FDCount : 0 curr: TxPkts(106659), RxPkts(129617)
04-13 22:09:38.753 I/LG-FASTDORMANCY( 3447): [DCH/FACH] FDCount : 1 Scheduling checkNetStat for 1000msec, current state is [DCH/FACH] FDCount : 1 
04-13 22:09:39.060 D/QtiGsmDCT( 3447): [0]updateDataActivity: curTxRxSum={txSum=106659 rxSum=129617} preTxRxSum={txSum=106659 rxSum=129617}
04-13 22:09:39.060 D/QtiGsmDCT( 3447): [0]updateDataActivity: sent=0 received=0
04-13 22:09:39.060 D/QtiGsmDCT( 3447): [0]updateDataActivity: newActivity=NONE
04-13 22:09:39.066 D/QtiGsmDCT( 3447): [0]getDataEnabled: getIntWithSubId retVal=true
04-13 22:09:39.756 V/LG-FASTDORMANCY( 3447): [DCH/FACH] FDCount : 1 intent received :com.android.internal.telephony.ACTION_CHECK_NETSTAT
04-13 22:09:39.762 V/LG-FASTDORMANCY( 3447): [DCH/FACH] FDCount : 1 prev: TxPkts(106659), RxPkts(129617)
04-13 22:09:39.762 V/LG-FASTDORMANCY( 3447): [DCH/FACH] FDCount : 1 curr: TxPkts(106659), RxPkts(129617)
04-13 22:09:39.763 I/LG-FASTDORMANCY( 3447): [DCH/FACH] FDCount : 2 Scheduling checkNetStat for 1000msec, current state is [DCH/FACH] FDCount : 2 
04-13 22:09:40.066 D/QtiGsmDCT( 3447): [0]updateDataActivity: curTxRxSum={txSum=106661 rxSum=129617} preTxRxSum={txSum=106659 rxSum=129617}
04-13 22:09:40.066 D/QtiGsmDCT( 3447): [0]updateDataActivity: sent=2 received=0
04-13 22:09:40.066 D/QtiGsmDCT( 3447): [0]updateDataActivity: newActivity=DATAOUT
04-13 22:09:40.072 D/QtiGsmDCT( 3447): [0]getDataEnabled: getIntWithSubId retVal=true
04-13 22:09:40.769 V/LG-FASTDORMANCY( 3447): [DCH/FACH] FDCount : 2 intent received :com.android.internal.telephony.ACTION_CHECK_NETSTAT
04-13 22:09:40.774 V/LG-FASTDORMANCY( 3447): [DCH/FACH] FDCount : 2 prev: TxPkts(106659), RxPkts(129617)
04-13 22:09:40.774 V/LG-FASTDORMANCY( 3447): [DCH/FACH] FDCount : 2 curr: TxPkts(106717), RxPkts(129703)
04-13 22:09:40.775 I/LG-FASTDORMANCY( 3447): [DCH/FACH] FDCount : 0 Scheduling checkNetStat for 1000msec, current state is [DCH/FACH] FDCount : 0 
04-13 22:09:41.072 D/QtiGsmDCT( 3447): [0]updateDataActivity: curTxRxSum={txSum=106717 rxSum=129703} preTxRxSum={txSum=106661 rxSum=129617}
04-13 22:09:41.072 D/QtiGsmDCT( 3447): [0]updateDataActivity: sent=56 received=86
04-13 22:09:41.072 D/QtiGsmDCT( 3447): [0]updateDataActivity: newActivity=DATAINANDOUT
04-13 22:09:41.084 D/QtiGsmDCT( 3447): [0]getDataEnabled: getIntWithSubId retVal=true
04-13 22:09:41.781 V/LG-FASTDORMANCY( 3447): [DCH/FACH] FDCount : 0 intent received :com.android.internal.telephony.ACTION_CHECK_NETSTAT
04-13 22:09:41.785 V/LG-FASTDORMANCY( 3447): [DCH/FACH] FDCount : 0 prev: TxPkts(106717), RxPkts(129703)
04-13 22:09:41.785 V/LG-FASTDORMANCY( 3447): [DCH/FACH] FDCount : 0 curr: TxPkts(106717), RxPkts(129703)
04-13 22:09:41.786 I/LG-FASTDORMANCY( 3447): [DCH/FACH] FDCount : 1 Scheduling checkNetStat for 1000msec, current state is [DCH/FACH] FDCount : 1 
04-13 22:09:42.085 D/QtiGsmDCT( 3447): [0]updateDataActivity: curTxRxSum={txSum=106769 rxSum=129805} preTxRxSum={txSum=106717 rxSum=129703}
04-13 22:09:42.085 D/QtiGsmDCT( 3447): [0]updateDataActivity: sent=52 received=102
04-13 22:09:42.790 V/LG-FASTDORMANCY( 3447): [DCH/FACH] FDCount : 1 intent received :com.android.internal.telephony.ACTION_CHECK_NETSTAT
04-13 22:09:42.797 V/LG-FASTDORMANCY( 3447): [DCH/FACH] FDCount : 1 prev: TxPkts(106717), RxPkts(129703)
04-13 22:09:42.797 V/LG-FASTDORMANCY( 3447): [DCH/FACH] FDCount : 1 curr: TxPkts(106771), RxPkts(129807)
04-13 22:09:42.798 I/LG-FASTDORMANCY( 3447): [DCH/FACH] FDCount : 0 Scheduling checkNetStat for 1000msec, current state is [DCH/FACH] FDCount : 0 
04-13 22:09:43.090 D/QtiGsmDCT( 3447): [0]updateDataActivity: curTxRxSum={txSum=106827 rxSum=129905} preTxRxSum={txSum=106769 rxSum=129805}
04-13 22:09:43.090 D/QtiGsmDCT( 3447): [0]updateDataActivity: sent=58 received=100
04-13 22:09:43.803 V/LG-FASTDORMANCY( 3447): [DCH/FACH] FDCount : 0 intent received :com.android.internal.telephony.ACTION_CHECK_NETSTAT
04-13 22:09:43.807 V/LG-FASTDORMANCY( 3447): [DCH/FACH] FDCount : 0 prev: TxPkts(106771), RxPkts(129807)
04-13 22:09:43.807 V/LG-FASTDORMANCY( 3447): [DCH/FACH] FDCount : 0 curr: TxPkts(106891), RxPkts(130007)
04-13 22:09:43.807 I/LG-FASTDORMANCY( 3447): [DCH/FACH] FDCount : 0 Scheduling checkNetStat for 1000msec, current state is [DCH/FACH] FDCount : 0 
04-13 22:09:44.095 D/QtiGsmDCT( 3447): [0]updateDataActivity: curTxRxSum={txSum=106891 rxSum=130007} preTxRxSum={txSum=106827 rxSum=129905}
04-13 22:09:44.095 D/QtiGsmDCT( 3447): [0]updateDataActivity: sent=64 received=102
04-13 22:09:44.812 V/LG-FASTDORMANCY( 3447): [DCH/FACH] FDCount : 0 intent received :com.android.internal.telephony.ACTION_CHECK_NETSTAT
04-13 22:09:44.816 V/LG-FASTDORMANCY( 3447): [DCH/FACH] FDCount : 0 prev: TxPkts(106891), RxPkts(130007)
04-13 22:09:44.816 V/LG-FASTDORMANCY( 3447): [DCH/FACH] FDCount : 0 curr: TxPkts(106891), RxPkts(130007)
04-13 22:09:44.817 I/LG-FASTDORMANCY( 3447): [DCH/FACH] FDCount : 1 Scheduling checkNetStat for 1000msec, current state is [DCH/FACH] FDCount : 1 
04-13 22:09:45.099 D/QtiGsmDCT( 3447): [0]updateDataActivity: curTxRxSum={txSum=106891 rxSum=130007} preTxRxSum={txSum=106891 rxSum=130007}
04-13 22:09:45.099 D/QtiGsmDCT( 3447): [0]updateDataActivity: sent=0 received=0
04-13 22:09:45.099 D/QtiGsmDCT( 3447): [0]updateDataActivity: newActivity=NONE
04-13 22:09:45.105 D/QtiGsmDCT( 3447): [0]getDataEnabled: getIntWithSubId retVal=true
04-13 22:09:45.821 V/LG-FASTDORMANCY( 3447): [DCH/FACH] FDCount : 1 intent received :com.android.internal.telephony.ACTION_CHECK_NETSTAT
04-13 22:09:45.826 V/LG-FASTDORMANCY( 3447): [DCH/FACH] FDCount : 1 prev: TxPkts(106891), RxPkts(130007)
04-13 22:09:45.826 V/LG-FASTDORMANCY( 3447): [DCH/FACH] FDCount : 1 curr: TxPkts(106891), RxPkts(130007)
04-13 22:09:45.826 I/LG-FASTDORMANCY( 3447): [DCH/FACH] FDCount : 2 Scheduling checkNetStat for 1000msec, current state is [DCH/FACH] FDCount : 2 
04-13 22:09:46.105 D/QtiGsmDCT( 3447): [0]updateDataActivity: curTxRxSum={txSum=106891 rxSum=130007} preTxRxSum={txSum=106891 rxSum=130007}
04-13 22:09:46.105 D/QtiGsmDCT( 3447): [0]updateDataActivity: sent=0 received=0
04-13 22:09:46.832 V/LG-FASTDORMANCY( 3447): [DCH/FACH] FDCount : 2 intent received :com.android.internal.telephony.ACTION_CHECK_NETSTAT
04-13 22:09:46.839 V/LG-FASTDORMANCY( 3447): [DCH/FACH] FDCount : 2 prev: TxPkts(106891), RxPkts(130007)
04-13 22:09:46.839 V/LG-FASTDORMANCY( 3447): [DCH/FACH] FDCount : 2 curr: TxPkts(106919), RxPkts(130033)
04-13 22:09:46.842 I/LG-FASTDORMANCY( 3447): [DCH/FACH] FDCount : 0 Scheduling checkNetStat for 1000msec, current state is [DCH/FACH] FDCount : 0 
04-13 22:09:47.109 D/QtiGsmDCT( 3447): [0]updateDataActivity: curTxRxSum={txSum=106925 rxSum=130039} preTxRxSum={txSum=106891 rxSum=130007}
04-13 22:09:47.109 D/QtiGsmDCT( 3447): [0]updateDataActivity: sent=34 received=32
04-13 22:09:47.109 D/QtiGsmDCT( 3447): [0]updateDataActivity: newActivity=DATAINANDOUT
04-13 22:09:47.117 D/QtiGsmDCT( 3447): [0]getDataEnabled: getIntWithSubId retVal=true
04-13 22:09:47.849 V/LG-FASTDORMANCY( 3447): [DCH/FACH] FDCount : 0 intent received :com.android.internal.telephony.ACTION_CHECK_NETSTAT
04-13 22:09:47.854 V/LG-FASTDORMANCY( 3447): [DCH/FACH] FDCount : 0 prev: TxPkts(106919), RxPkts(130033)
04-13 22:09:47.854 V/LG-FASTDORMANCY( 3447): [DCH/FACH] FDCount : 0 curr: TxPkts(106929), RxPkts(130049)
04-13 22:09:47.855 I/LG-FASTDORMANCY( 3447): [DCH/FACH] FDCount : 0 Scheduling checkNetStat for 1000msec, current state is [DCH/FACH] FDCount : 0 
04-13 22:09:48.115 D/QtiGsmDCT( 3447): [0]updateDataActivity: curTxRxSum={txSum=106991 rxSum=130145} preTxRxSum={txSum=106925 rxSum=130039}
04-13 22:09:48.115 D/QtiGsmDCT( 3447): [0]updateDataActivity: sent=66 received=106
04-13 22:09:48.863 V/LG-FASTDORMANCY( 3447): [DCH/FACH] FDCount : 0 intent received :com.android.internal.telephony.ACTION_CHECK_NETSTAT
04-13 22:09:48.867 V/LG-FASTDORMANCY( 3447): [DCH/FACH] FDCount : 0 prev: TxPkts(106929), RxPkts(130049)
04-13 22:09:48.867 V/LG-FASTDORMANCY( 3447): [DCH/FACH] FDCount : 0 curr: TxPkts(106991), RxPkts(130145)
04-13 22:09:48.868 I/LG-FASTDORMANCY( 3447): [DCH/FACH] FDCount : 0 Scheduling checkNetStat for 1000msec, current state is [DCH/FACH] FDCount : 0 
04-13 22:09:49.118 D/QtiGsmDCT( 3447): [0]updateDataActivity: curTxRxSum={txSum=106991 rxSum=130145} preTxRxSum={txSum=106991 rxSum=130145}
04-13 22:09:49.119 D/QtiGsmDCT( 3447): [0]updateDataActivity: sent=0 received=0
04-13 22:09:49.119 D/QtiGsmDCT( 3447): [0]updateDataActivity: newActivity=NONE
04-13 22:09:49.130 D/QtiGsmDCT( 3447): [0]getDataEnabled: getIntWithSubId retVal=true
04-13 22:09:49.873 V/LG-FASTDORMANCY( 3447): [DCH/FACH] FDCount : 0 intent received :com.android.internal.telephony.ACTION_CHECK_NETSTAT
04-13 22:09:49.877 V/LG-FASTDORMANCY( 3447): [DCH/FACH] FDCount : 0 prev: TxPkts(106991), RxPkts(130145)
04-13 22:09:49.877 V/LG-FASTDORMANCY( 3447): [DCH/FACH] FDCount : 0 curr: TxPkts(106991), RxPkts(130145)
04-13 22:09:49.878 I/LG-FASTDORMANCY( 3447): [DCH/FACH] FDCount : 1 Scheduling checkNetStat for 1000msec, current state is [DCH/FACH] FDCount : 1 
04-13 22:09:50.126 D/QtiGsmDCT( 3447): [0]updateDataActivity: curTxRxSum={txSum=106991 rxSum=130145} preTxRxSum={txSum=106991 rxSum=130145}
04-13 22:09:50.126 D/QtiGsmDCT( 3447): [0]updateDataActivity: sent=0 received=0
04-13 22:09:50.884 V/LG-FASTDORMANCY( 3447): [DCH/FACH] FDCount : 1 intent received :com.android.internal.telephony.ACTION_CHECK_NETSTAT
04-13 22:09:50.888 V/LG-FASTDORMANCY( 3447): [DCH/FACH] FDCount : 1 prev: TxPkts(106991), RxPkts(130145)
04-13 22:09:50.888 V/LG-FASTDORMANCY( 3447): [DCH/FACH] FDCount : 1 curr: TxPkts(106991), RxPkts(130145)
04-13 22:09:50.889 I/LG-FASTDORMANCY( 3447): [DCH/FACH] FDCount : 2 Scheduling checkNetStat for 1000msec, current state is [DCH/FACH] FDCount : 2 
04-13 22:09:51.134 D/QtiGsmDCT( 3447): [0]updateDataActivity: curTxRxSum={txSum=106991 rxSum=130145} preTxRxSum={txSum=106991 rxSum=130145}
04-13 22:09:51.134 D/QtiGsmDCT( 3447): [0]updateDataActivity: sent=0 received=0
04-13 22:09:51.898 V/LG-FASTDORMANCY( 3447): [DCH/FACH] FDCount : 2 intent received :com.android.internal.telephony.ACTION_CHECK_NETSTAT
04-13 22:09:51.902 V/LG-FASTDORMANCY( 3447): [DCH/FACH] FDCount : 2 prev: TxPkts(106991), RxPkts(130145)
04-13 22:09:51.902 V/LG-FASTDORMANCY( 3447): [DCH/FACH] FDCount : 2 curr: TxPkts(107055), RxPkts(130255)
04-13 22:09:51.903 I/LG-FASTDORMANCY( 3447): [DCH/FACH] FDCount : 0 Scheduling checkNetStat for 1000msec, current state is [DCH/FACH] FDCount : 0 
04-13 22:09:52.138 D/QtiGsmDCT( 3447): [0]updateDataActivity: curTxRxSum={txSum=107055 rxSum=130255} preTxRxSum={txSum=106991 rxSum=130145}
04-13 22:09:52.138 D/QtiGsmDCT( 3447): [0]updateDataActivity: sent=64 received=110
04-13 22:09:52.138 D/QtiGsmDCT( 3447): [0]updateDataActivity: newActivity=DATAINANDOUT
04-13 22:09:52.144 D/QtiGsmDCT( 3447): [0]getDataEnabled: getIntWithSubId retVal=true
04-13 22:09:52.908 V/LG-FASTDORMANCY( 3447): [DCH/FACH] FDCount : 0 intent received :com.android.internal.telephony.ACTION_CHECK_NETSTAT
04-13 22:09:52.912 V/LG-FASTDORMANCY( 3447): [DCH/FACH] FDCount : 0 prev: TxPkts(107055), RxPkts(130255)
04-13 22:09:52.912 V/LG-FASTDORMANCY( 3447): [DCH/FACH] FDCount : 0 curr: TxPkts(107055), RxPkts(130255)
04-13 22:09:52.912 I/LG-FASTDORMANCY( 3447): [DCH/FACH] FDCount : 1 Scheduling checkNetStat for 1000msec, current state is [DCH/FACH] FDCount : 1 
04-13 22:09:53.147 D/QtiGsmDCT( 3447): [0]updateDataActivity: curTxRxSum={txSum=107055 rxSum=130255} preTxRxSum={txSum=107055 rxSum=130255}
04-13 22:09:53.147 D/QtiGsmDCT( 3447): [0]updateDataActivity: sent=0 received=0
04-13 22:09:53.147 D/QtiGsmDCT( 3447): [0]updateDataActivity: newActivity=NONE
04-13 22:09:53.160 D/QtiGsmDCT( 3447): [0]getDataEnabled: getIntWithSubId retVal=true
04-13 22:09:53.916 V/LG-FASTDORMANCY( 3447): [DCH/FACH] FDCount : 1 intent received :com.android.internal.telephony.ACTION_CHECK_NETSTAT
04-13 22:09:53.921 V/LG-FASTDORMANCY( 3447): [DCH/FACH] FDCount : 1 prev: TxPkts(107055), RxPkts(130255)
04-13 22:09:53.921 V/LG-FASTDORMANCY( 3447): [DCH/FACH] FDCount : 1 curr: TxPkts(107055), RxPkts(130255)
04-13 22:09:53.922 I/LG-FASTDORMANCY( 3447): [DCH/FACH] FDCount : 2 Scheduling checkNetStat for 1000msec, current state is [DCH/FACH] FDCount : 2 
04-13 22:09:54.153 D/QtiGsmDCT( 3447): [0]updateDataActivity: curTxRxSum={txSum=107055 rxSum=130255} preTxRxSum={txSum=107055 rxSum=130255}
04-13 22:09:54.153 D/QtiGsmDCT( 3447): [0]updateDataActivity: sent=0 received=0
04-13 22:09:54.926 V/LG-FASTDORMANCY( 3447): [DCH/FACH] FDCount : 2 intent received :com.android.internal.telephony.ACTION_CHECK_NETSTAT
04-13 22:09:54.934 V/LG-FASTDORMANCY( 3447): [DCH/FACH] FDCount : 2 prev: TxPkts(107055), RxPkts(130255)
04-13 22:09:54.934 V/LG-FASTDORMANCY( 3447): [DCH/FACH] FDCount : 2 curr: TxPkts(107055), RxPkts(130255)
04-13 22:09:54.935 I/LG-FASTDORMANCY( 3447): [DCH/FACH] FDCount : 3 Scheduling checkNetStat for 1000msec, current state is [DCH/FACH] FDCount : 3 
04-13 22:09:55.166 D/QtiGsmDCT( 3447): [0]updateDataActivity: curTxRxSum={txSum=107055 rxSum=130255} preTxRxSum={txSum=107055 rxSum=130255}
04-13 22:09:55.166 D/QtiGsmDCT( 3447): [0]updateDataActivity: sent=0 received=0
04-13 22:09:55.939 V/LG-FASTDORMANCY( 3447): [DCH/FACH] FDCount : 3 intent received :com.android.internal.telephony.ACTION_CHECK_NETSTAT
04-13 22:09:55.944 V/LG-FASTDORMANCY( 3447): [DCH/FACH] FDCount : 3 prev: TxPkts(107055), RxPkts(130255)
04-13 22:09:55.944 V/LG-FASTDORMANCY( 3447): [DCH/FACH] FDCount : 3 curr: TxPkts(107055), RxPkts(130255)
04-13 22:09:55.946 I/LG-FASTDORMANCY( 3447): [DCH/FACH] FDCount : 4 Scheduling checkNetStat for 1000msec, current state is [DCH/FACH] FDCount : 4 
04-13 22:09:56.170 D/QtiGsmDCT( 3447): [0]updateDataActivity: curTxRxSum={txSum=107055 rxSum=130255} preTxRxSum={txSum=107055 rxSum=130255}
04-13 22:09:56.170 D/QtiGsmDCT( 3447): [0]updateDataActivity: sent=0 received=0
04-13 22:09:56.953 V/LG-FASTDORMANCY( 3447): [DCH/FACH] FDCount : 4 intent received :com.android.internal.telephony.ACTION_CHECK_NETSTAT
04-13 22:09:56.958 V/LG-FASTDORMANCY( 3447): [DCH/FACH] FDCount : 4 prev: TxPkts(107055), RxPkts(130255)
04-13 22:09:56.959 V/LG-FASTDORMANCY( 3447): [DCH/FACH] FDCount : 4 curr: TxPkts(107055), RxPkts(130255)
04-13 22:09:56.964 I/LG-FASTDORMANCY( 3447): [DCH/FACH] FDCount : 5 Scheduling checkNetStat for 1000msec, current state is [DCH/FACH] FDCount : 5 
04-13 22:09:57.174 D/QtiGsmDCT( 3447): [0]updateDataActivity: curTxRxSum={txSum=107055 rxSum=130255} preTxRxSum={txSum=107055 rxSum=130255}
04-13 22:09:57.174 D/QtiGsmDCT( 3447): [0]updateDataActivity: sent=0 received=0
04-13 22:09:57.968 V/LG-FASTDORMANCY( 3447): [DCH/FACH] FDCount : 5 intent received :com.android.internal.telephony.ACTION_CHECK_NETSTAT
04-13 22:09:57.974 V/LG-FASTDORMANCY( 3447): [DCH/FACH] FDCount : 5 prev: TxPkts(107055), RxPkts(130255)
04-13 22:09:57.974 V/LG-FASTDORMANCY( 3447): [DCH/FACH] FDCount : 5 curr: TxPkts(107055), RxPkts(130255)
04-13 22:09:57.975 I/LG-FASTDORMANCY( 3447): [DCH/FACH] FDCount : 6 Scheduling checkNetStat for 1000msec, current state is [DCH/FACH] FDCount : 6 
04-13 22:09:58.179 D/QtiGsmDCT( 3447): [0]updateDataActivity: curTxRxSum={txSum=107055 rxSum=130255} preTxRxSum={txSum=107055 rxSum=130255}
04-13 22:09:58.180 D/QtiGsmDCT( 3447): [0]updateDataActivity: sent=0 received=0
04-13 22:09:58.266 I/RILC    (  370): RIL_SOCKET_1 UNSOLICITED: UNSOL_SIGNAL_STRENGTH length:68
04-13 22:09:58.266 E/RILC    (  370): Send Response to RIL_SOCKET_1
04-13 22:09:58.267 E/RILC    (  370): RIL Response bytes written:4
04-13 22:09:58.267 E/RILC    (  370): RIL Response bytes written:68
04-13 22:09:58.267 D/GsmSST  ( 3447): [GsmSST] ServiceStateTrackerEx:onSignalStrengthResult() isGsm=true DataRadioTech=15
04-13 22:09:58.267 W/LGSignalStrength( 3447): setDataRadioTechnology: dataRadioTechnology = 15
04-13 22:09:58.268 D/DefaultPhoneNotifier( 3447): notifySignalStrength: mRegistry=com.android.internal.telephony.ITelephonyRegistry$Stub$Proxy@ced2ad0 ss=SignalStrength: 7 0 -100 -100 -120 -1 -1 99 2147483647 2147483647 2147483647 2147483647 2147483647 gsm|lte 15 0 -100 -100 sender=Handler (com.qti.internal.telephony.gsm.QtiGSMPhone) {560d91e}
04-13 22:09:58.280 D/QtiGsmDCT( 3447): [0]getDataEnabled: getIntWithSubId retVal=true
04-13 22:09:58.981 V/LG-FASTDORMANCY( 3447): [DCH/FACH] FDCount : 6 intent received :com.android.internal.telephony.ACTION_CHECK_NETSTAT
04-13 22:09:58.985 V/LG-FASTDORMANCY( 3447): [DCH/FACH] FDCount : 6 prev: TxPkts(107055), RxPkts(130255)
04-13 22:09:58.985 V/LG-FASTDORMANCY( 3447): [DCH/FACH] FDCount : 6 curr: TxPkts(107055), RxPkts(130255)
04-13 22:09:58.986 I/LG-FASTDORMANCY( 3447): [DCH/FACH] FDCount : 7 Scheduling checkNetStat for 1000msec, current state is [DCH/FACH] FDCount : 7 
04-13 22:09:59.184 D/QtiGsmDCT( 3447): [0]updateDataActivity: curTxRxSum={txSum=107055 rxSum=130255} preTxRxSum={txSum=107055 rxSum=130255}
04-13 22:09:59.184 D/QtiGsmDCT( 3447): [0]updateDataActivity: sent=0 received=0
04-13 22:09:59.991 V/LG-FASTDORMANCY( 3447): [DCH/FACH] FDCount : 7 intent received :com.android.internal.telephony.ACTION_CHECK_NETSTAT
04-13 22:09:59.995 V/LG-FASTDORMANCY( 3447): [DCH/FACH] FDCount : 7 prev: TxPkts(107055), RxPkts(130255)
04-13 22:09:59.995 V/LG-FASTDORMANCY( 3447): [DCH/FACH] FDCount : 7 curr: TxPkts(107055), RxPkts(130255)
04-13 22:09:59.996 I/LG-FASTDORMANCY( 3447): [DCH/FACH] FDCount : 8 Scheduling checkNetStat for 1000msec, current state is [DCH/FACH] FDCount : 8 
04-13 22:10:00.189 D/QtiGsmDCT( 3447): [0]updateDataActivity: curTxRxSum={txSum=107055 rxSum=130255} preTxRxSum={txSum=107055 rxSum=130255}
04-13 22:10:00.189 D/QtiGsmDCT( 3447): [0]updateDataActivity: sent=0 received=0
04-13 22:10:01.000 V/LG-FASTDORMANCY( 3447): [DCH/FACH] FDCount : 8 intent received :com.android.internal.telephony.ACTION_CHECK_NETSTAT
04-13 22:10:01.004 V/LG-FASTDORMANCY( 3447): [DCH/FACH] FDCount : 8 prev: TxPkts(107055), RxPkts(130255)
04-13 22:10:01.004 V/LG-FASTDORMANCY( 3447): [DCH/FACH] FDCount : 8 curr: TxPkts(107055), RxPkts(130255)
04-13 22:10:01.004 I/LG-FASTDORMANCY( 3447): [DCH/FACH] FDCount : 9 Scheduling checkNetStat for 1000msec, current state is [DCH/FACH] FDCount : 9 
04-13 22:10:01.194 D/QtiGsmDCT( 3447): [0]updateDataActivity: curTxRxSum={txSum=107055 rxSum=130255} preTxRxSum={txSum=107055 rxSum=130255}
04-13 22:10:01.194 D/QtiGsmDCT( 3447): [0]updateDataActivity: sent=0 received=0
04-13 22:10:01.269 I/RILC    (  370): RIL_SOCKET_1 UNSOLICITED: UNSOL_SIGNAL_STRENGTH length:68
04-13 22:10:01.269 E/RILC    (  370): Send Response to RIL_SOCKET_1
04-13 22:10:01.269 E/RILC    (  370): RIL Response bytes written:4
04-13 22:10:01.269 E/RILC    (  370): RIL Response bytes written:68
04-13 22:10:01.270 D/GsmSST  ( 3447): [GsmSST] ServiceStateTrackerEx:onSignalStrengthResult() isGsm=true DataRadioTech=15
04-13 22:10:01.270 W/LGSignalStrength( 3447): setDataRadioTechnology: dataRadioTechnology = 15
04-13 22:10:01.271 D/DefaultPhoneNotifier( 3447): notifySignalStrength: mRegistry=com.android.internal.telephony.ITelephonyRegistry$Stub$Proxy@ced2ad0 ss=SignalStrength: 11 0 -91 -85 -120 -1 -1 99 2147483647 2147483647 2147483647 2147483647 2147483647 gsm|lte 15 0 -91 -85 sender=Handler (com.qti.internal.telephony.gsm.QtiGSMPhone) {560d91e}
04-13 22:10:01.299 D/QtiGsmDCT( 3447): [0]getDataEnabled: getIntWithSubId retVal=true
04-13 22:10:02.008 V/LG-FASTDORMANCY( 3447): [DCH/FACH] FDCount : 9 intent received :com.android.internal.telephony.ACTION_CHECK_NETSTAT
04-13 22:10:02.013 V/LG-FASTDORMANCY( 3447): [DCH/FACH] FDCount : 9 prev: TxPkts(107055), RxPkts(130255)
04-13 22:10:02.013 V/LG-FASTDORMANCY( 3447): [DCH/FACH] FDCount : 9 curr: TxPkts(107055), RxPkts(130255)
04-13 22:10:02.014 I/LG-FASTDORMANCY( 3447): [DCH/FACH] FDCount : 10 Scheduling checkNetStat for 1000msec, current state is [DCH/FACH] FDCount : 10 
04-13 22:10:02.033 I/RILC    (  370): RIL_SOCKET_1 UNSOLICITED: RIL_UNSOL_LTE_REJECT_CAUSE length:16
04-13 22:10:02.033 E/RILC    (  370): Send Response to RIL_SOCKET_1
04-13 22:10:02.033 E/RILC    (  370): RIL Response bytes written:4
04-13 22:10:02.033 D/RILJ    ( 3447): [UNSL]< RIL_UNSOL_LTE_REJECT_CAUSE {15} [SUB0]
04-13 22:10:02.033 E/RILC    (  370): RIL Response bytes written:16
04-13 22:10:02.037 I/RILC    (  370): RIL_SOCKET_1 UNSOLICITED: UNSOL_OEM_HOOK_RAW length:32
04-13 22:10:02.037 E/RILC    (  370): Send Response to RIL_SOCKET_1
04-13 22:10:02.038 E/RILC    (  370): RIL Response bytes written:4
04-13 22:10:02.038 V/RILJ    ( 3447): [UNSL]< UNSOL_OEM_HOOK_RAW 514f454d484f4f4bef0308000100000002 [SUB0]
04-13 22:10:02.038 D/RILJ    ( 3447): Oem ID in RIL_UNSOL_OEM_HOOK_RAW is QOEMHOOK
04-13 22:10:02.038 D/RILJ    ( 3447): OEM ID check Passed
04-13 22:10:02.038 D/RILJ    ( 3447): Response ID in RIL_UNSOL_OEM_HOOK_RAW is 525295
04-13 22:10:02.038 D/RILJ    ( 3447): Response ID 525295 is not served in this process.
04-13 22:10:02.038 E/RILC    (  370): RIL Response bytes written:32
04-13 22:10:02.043 I/RILC    (  370): RIL_SOCKET_1 UNSOLICITED: UNSOL_RESPONSE_VOICE_NETWORK_STATE_CHANGED length:8
04-13 22:10:02.043 E/RILC    (  370): Send Response to RIL_SOCKET_1
04-13 22:10:02.043 E/RILC    (  370): RIL Response bytes written:4
04-13 22:10:02.043 D/RILJ    ( 3447): [UNSL]< UNSOL_RESPONSE_VOICE_NETWORK_STATE_CHANGED [SUB0]
04-13 22:10:02.043 D/RILJ    ( 3447): [8802]> OPERATOR [SUB0]
04-13 22:10:02.045 D/RILJ    ( 3447): [8803]> DATA_REGISTRATION_STATE [SUB0]
04-13 22:10:02.045 D/RILC    (  370): SOCKET RIL_SOCKET_1 REQUEST: OPERATOR length:8
04-13 22:10:02.047 D/RILJ    ( 3447): [8804]> VOICE_REGISTRATION_STATE [SUB0]
04-13 22:10:02.048 D/RILC    (  370): SOCKET RIL_SOCKET_1 REQUEST: DATA_REGISTRATION_STATE length:8
04-13 22:10:02.048 E/RILC    (  370): RIL Response bytes written:8
04-13 22:10:02.049 D/RILJ    ( 3447): [8805]> QUERY_NETWORK_SELECTION_MODE [SUB0]
04-13 22:10:02.050 D/RILC    (  370): SOCKET RIL_SOCKET_1 REQUEST: VOICE_REGISTRATION_STATE length:8
04-13 22:10:02.051 D/RILC    (  370): SOCKET RIL_SOCKET_1 REQUEST: QUERY_NETWORK_SELECTION_MODE length:8
04-13 22:10:02.058 I/RILQ    (  370): (0/370):RIL[0][event] qcril_arb_set_dsd_sys_status: old_pref_data 1 - new_data_pref 1
04-13 22:10:02.058 I/RILQ    (  370): (0/370):RIL[0][event] qcril_arb_set_dsd_sys_status: preferred dsd_sys_status nw=0x0, rat_value=0x1, so_mask=0x0000000000000007
04-13 22:10:02.058 I/RILQ    (  370): (0/370):RIL[0][event] qcril_arb_set_dsd_sys_status: preferred 1 - dsd_sys_status nw=0x0, rat_value=0x1, so_mask=0x0000000000000007
04-13 22:10:02.058 I/RILQ    (  370): (0/370):RIL[0][event] qcril_arb_set_dsd_sys_status: is_wwan_available 0
04-13 22:10:02.059 I/RILC    (  370): RIL_SOCKET_1 UNSOLICITED: UNSOL_OEM_HOOK_RAW length:32
04-13 22:10:02.059 E/RILC    (  370): Send Response to RIL_SOCKET_1
04-13 22:10:02.059 E/RILC    (  370): RIL Response bytes written:4
04-13 22:10:02.059 V/RILJ    ( 3447): [UNSL]< UNSOL_OEM_HOOK_RAW 514f454d484f4f4bfa0308000100000000 [SUB0]
04-13 22:10:02.060 D/RILJ    ( 3447): Oem ID in RIL_UNSOL_OEM_HOOK_RAW is QOEMHOOK
04-13 22:10:02.060 D/RILJ    ( 3447): OEM ID check Passed
04-13 22:10:02.060 D/RILJ    ( 3447): Response ID in RIL_UNSOL_OEM_HOOK_RAW is 525306
04-13 22:10:02.060 D/RILJ    ( 3447): WWAN, IWLAN coexistence notified to registrants
04-13 22:10:02.060 E/RILC    (  370): RIL Response bytes written:32
04-13 22:10:02.061 D/RILC    (  370): RequestComplete, RIL_SOCKET_1
04-13 22:10:02.061 E/RILC    (  370): Send Response to RIL_SOCKET_1
04-13 22:10:02.061 E/RILC    (  370): RIL Response bytes written:4
04-13 22:10:02.062 D/RILJ    ( 3447): [8803]< DATA_REGISTRATION_STATE {1, dff2, 02bec81c, 15, null, 20, null, null, null, null, null, 0} [SUB0]
04-13 22:10:02.062 E/RILC    (  370): RIL Response bytes written:120
04-13 22:10:02.062 D/GsmSST  ( 3447): isSFROperators result = false
04-13 22:10:02.062 D/PHONE   ( 3447): [ServiceState] setDataRegState=0
04-13 22:10:02.062 D/PHONE   ( 3447): [ServiceState] setDataRadioTechnology=15
04-13 22:10:02.062 D/GsmSST  ( 3447): [GsmSST] LOGRadioInfo : In Service
04-13 22:10:02.062 D/GsmSST  ( 3447): [GsmSST] handlPollStateResultMessage: GsmSST setDataRegState=0 regState=1 dataRadioTechnology=15
04-13 22:10:02.068 D/RILC    (  370): RequestComplete, RIL_SOCKET_1
04-13 22:10:02.068 E/RILC    (  370): Send Response to RIL_SOCKET_1
04-13 22:10:02.068 E/RILC    (  370): RIL Response bytes written:4
04-13 22:10:02.068 E/RILC    (  370): RIL Response bytes written:20
04-13 22:10:02.069 D/RILJ    ( 3447): [8805]< QUERY_NETWORK_SELECTION_MODE {0} [SUB0]
04-13 22:10:02.070 D/RILC    (  370): RequestComplete, RIL_SOCKET_1
04-13 22:10:02.071 E/RILC    (  370): Send Response to RIL_SOCKET_1
04-13 22:10:02.071 E/RILC    (  370): RIL Response bytes written:4
04-13 22:10:02.071 E/RILC    (  370): RIL Response bytes written:136
04-13 22:10:02.071 D/RILJ    ( 3447): [8804]< VOICE_REGISTRATION_STATE {1, dff2, 02bec81c, 3, null, null, null, 0, null, null, 1, null, null, 0, 1d8} [SUB0]
04-13 22:10:02.071 D/PHONE   ( 3447): [ServiceState] setVoiceRegState=0
04-13 22:10:02.071 E/PHONE   ( 3447): [ServiceState] setState deprecated use setVoiceRegState()
04-13 22:10:02.072 D/GsmSST  ( 3447): [GsmSST] LOGRadioInfo : In Service
04-13 22:10:02.072 D/RILC    (  370): RequestComplete, RIL_SOCKET_1
04-13 22:10:02.072 E/RILC    (  370): Send Response to RIL_SOCKET_1
04-13 22:10:02.072 E/RILC    (  370): RIL Response bytes written:4
04-13 22:10:02.072 E/RILC    (  370): RIL Response bytes written:72
04-13 22:10:02.072 D/RILJ    ( 3447): [8802]< OPERATOR {Orange, Orange, 26003} [SUB0]
04-13 22:10:02.075 D/GsmSST  ( 3447): [GsmSST] Poll ServiceState done:  oldSS=[0 0 voice home data home Orange Orange 26003 Orange Orange 26003  UMTS HSPAP CSS not supported -1 -1 RoamInd=-1 DefRoamInd=-1 EmergOnly=false IsDataRoamingFromRegistration=false mIsVoiceSearching=false mIsDataSearching=false mVoiceNetworkName=null mDataNetworkName=null Check64QAM0 Dual carrier0] newSS=[0 0 voice home data home Orange Orange 26003 Orange Orange 26003  UMTS HSPAP CSS not supported -1 -1 RoamInd=-1 DefRoamInd=-1 EmergOnly=false IsDataRoamingFromRegistration=false mIsVoiceSearching=false mIsDataSearching=false mVoiceNetworkName=null mDataNetworkName=null Check64QAM0 Dual carrier0] oldMaxDataCalls=20 mNewMaxDataCalls=20 oldReasonDataDenied=-1 mNewReasonDataDenied=-1
04-13 22:10:02.075 I/RILC    (  370): RIL_SOCKET_1 UNSOLICITED: RIL_UNSOL_LTE_REJECT_CAUSE length:16
04-13 22:10:02.075 E/RILC    (  370): Send Response to RIL_SOCKET_1
04-13 22:10:02.075 D/PHONE   ( 3447): [ServiceState] setNullState=1
04-13 22:10:02.076 E/RILC    (  370): RIL Response bytes written:4
04-13 22:10:02.076 D/RILJ    ( 3447): [UNSL]< RIL_UNSOL_LTE_REJECT_CAUSE {15} [SUB0]
04-13 22:10:02.076 E/RILC    (  370): RIL Response bytes written:16
04-13 22:10:02.078 I/RILC    (  370): RIL_SOCKET_1 UNSOLICITED: UNSOL_RESPONSE_VOICE_NETWORK_STATE_CHANGED length:8
04-13 22:10:02.078 E/RILC    (  370): Send Response to RIL_SOCKET_1
04-13 22:10:02.078 E/RILC    (  370): RIL Response bytes written:4
04-13 22:10:02.078 E/RILC    (  370): RIL Response bytes written:8
04-13 22:10:02.078 D/RILJ    ( 3447): [UNSL]< UNSOL_RESPONSE_VOICE_NETWORK_STATE_CHANGED [SUB0]
04-13 22:10:02.078 D/RILJ    ( 3447): [8806]> OPERATOR [SUB0]
04-13 22:10:02.080 D/RILJ    ( 3447): [8807]> DATA_REGISTRATION_STATE [SUB0]
04-13 22:10:02.080 D/RILC    (  370): SOCKET RIL_SOCKET_1 REQUEST: OPERATOR length:8
04-13 22:10:02.081 D/RILC    (  370): SOCKET RIL_SOCKET_1 REQUEST: DATA_REGISTRATION_STATE length:8
04-13 22:10:02.081 D/RILJ    ( 3447): [8808]> VOICE_REGISTRATION_STATE [SUB0]
04-13 22:10:02.082 D/RILJ    ( 3447): [8809]> QUERY_NETWORK_SELECTION_MODE [SUB0]
04-13 22:10:02.082 D/RILC    (  370): SOCKET RIL_SOCKET_1 REQUEST: VOICE_REGISTRATION_STATE length:8
04-13 22:10:02.084 D/RILC    (  370): SOCKET RIL_SOCKET_1 REQUEST: QUERY_NETWORK_SELECTION_MODE length:8
04-13 22:10:02.089 D/RILC    (  370): RequestComplete, RIL_SOCKET_1
04-13 22:10:02.089 E/RILC    (  370): Send Response to RIL_SOCKET_1
04-13 22:10:02.089 E/RILC    (  370): RIL Response bytes written:4
04-13 22:10:02.089 E/RILC    (  370): RIL Response bytes written:72
04-13 22:10:02.089 D/RILJ    ( 3447): [8806]< OPERATOR {Orange, Orange, 26003} [SUB0]
04-13 22:10:02.091 D/RILC    (  370): RequestComplete, RIL_SOCKET_1
04-13 22:10:02.091 E/RILC    (  370): Send Response to RIL_SOCKET_1
04-13 22:10:02.092 E/RILC    (  370): RIL Response bytes written:4
04-13 22:10:02.092 E/RILC    (  370): RIL Response bytes written:120
04-13 22:10:02.092 D/RILJ    ( 3447): [8807]< DATA_REGISTRATION_STATE {1, dff2, 02bec81c, 11, null, 20, null, null, null, null, null, 0} [SUB0]
04-13 22:10:02.092 D/GsmSST  ( 3447): isSFROperators result = false
04-13 22:10:02.092 D/PHONE   ( 3447): [ServiceState] setDataRegState=0
04-13 22:10:02.092 D/PHONE   ( 3447): [ServiceState] setDataRadioTechnology=11
04-13 22:10:02.092 D/GsmSST  ( 3447): [GsmSST] LOGRadioInfo : In Service
04-13 22:10:02.092 D/GsmSST  ( 3447): [GsmSST] handlPollStateResultMessage: GsmSST setDataRegState=0 regState=1 dataRadioTechnology=11
04-13 22:10:02.093 D/RILC    (  370): RequestComplete, RIL_SOCKET_1
04-13 22:10:02.094 E/RILC    (  370): Send Response to RIL_SOCKET_1
04-13 22:10:02.094 E/RILC    (  370): RIL Response bytes written:4
04-13 22:10:02.094 D/RILJ    ( 3447): [8808]< VOICE_REGISTRATION_STATE {1, dff2, 02bec81c, 3, null, null, null, 0, null, null, 1, null, null, 0, 1d8} [SUB0]
04-13 22:10:02.094 E/RILC    (  370): RIL Response bytes written:136
04-13 22:10:02.094 D/PHONE   ( 3447): [ServiceState] setVoiceRegState=0
04-13 22:10:02.094 E/PHONE   ( 3447): [ServiceState] setState deprecated use setVoiceRegState()
04-13 22:10:02.094 D/GsmSST  ( 3447): [GsmSST] LOGRadioInfo : In Service
04-13 22:10:02.095 D/RILC    (  370): RequestComplete, RIL_SOCKET_1
04-13 22:10:02.095 E/RILC    (  370): Send Response to RIL_SOCKET_1
04-13 22:10:02.095 E/RILC    (  370): RIL Response bytes written:4
04-13 22:10:02.095 E/RILC    (  370): RIL Response bytes written:20
04-13 22:10:02.096 D/RILJ    ( 3447): [8809]< QUERY_NETWORK_SELECTION_MODE {0} [SUB0]
04-13 22:10:02.099 D/GsmSST  ( 3447): [GsmSST] Poll ServiceState done:  oldSS=[0 0 voice home data home Orange Orange 26003 Orange Orange 26003  UMTS HSPAP CSS not supported -1 -1 RoamInd=-1 DefRoamInd=-1 EmergOnly=false IsDataRoamingFromRegistration=false mIsVoiceSearching=false mIsDataSearching=false mVoiceNetworkName=null mDataNetworkName=null Check64QAM0 Dual carrier0] newSS=[0 0 voice home data home Orange Orange 26003 Orange Orange 26003  UMTS HSPA CSS not supported -1 -1 RoamInd=-1 DefRoamInd=-1 EmergOnly=false IsDataRoamingFromRegistration=false mIsVoiceSearching=false mIsDataSearching=false mVoiceNetworkName=null mDataNetworkName=null Check64QAM0 Dual carrier0] oldMaxDataCalls=20 mNewMaxDataCalls=20 oldReasonDataDenied=-1 mNewReasonDataDenied=-1
04-13 22:10:02.099 D/PHONE   ( 3447): [ServiceState] setNullState=1
04-13 22:10:02.099 D/TelephonyManager( 3447): setTelephonyProperty: success phoneId=0 property=gsm.network.type value: UMTS propVal=UMTS
04-13 22:10:02.100 D/SIMRecords( 3447): [SIMRecords] getServiceProviderName: no brandOverride
04-13 22:10:02.100 D/SIMRecords( 3447): [SIMRecords] getServiceProviderName: providerName=Orange
04-13 22:10:02.100 D/SIMRecords( 3447): [SIMRecords] getServiceProviderName: no brandOverride
04-13 22:10:02.100 D/SIMRecords( 3447): [SIMRecords] getServiceProviderName: providerName=Orange
04-13 22:10:02.100 D/GSMPhoneEx( 3447): grandblue SpnMvno = Orange operator = 26003 simMcc  = 260 simMnc  = 03
04-13 22:10:02.100 D/GSMPhoneEx( 3447): grandblue after SpnMvno = Orange operator = 26003 simMcc  = 260 simMnc  = 03
04-13 22:10:02.101 D/TelephonyManager( 3447): setTelephonyProperty: success phoneId=0 property=gsm.operator.alpha value: Orange propVal=Orange
04-13 22:10:02.101 D/TelephonyManager( 3447): setTelephonyProperty: success phoneId=0 property=gsm.operator.numeric value: 26003 propVal=26003
04-13 22:10:02.102 D/TelephonyManager( 3447): setTelephonyProperty: success phoneId=0 property=gsm.operator.iso-country value: pl propVal=pl
04-13 22:10:02.102 D/GsmSST  ( 3447): [GsmSST] shouldFixTimeZoneNow: retVal=false iccCardExist=true operatorNumeric=26003 mcc=260 prevOperatorNumeric=26003 prevMcc=260 needToFixTimeZone=false ltod=04-13 22:10:02.102
04-13 22:10:02.103 D/TelephonyManager( 3447): setTelephonyProperty: success phoneId=0 property=gsm.operator.isroaming value: false propVal=false
04-13 22:10:02.104 D/TelephonyManager( 3447): setTelephonyProperty: success phoneId=0 property=ril.cdma.voiceinservice value: true propVal=true
04-13 22:10:02.104 D/GsmSST  ( 3447): [GsmSST] Broadcasting ServiceState : 0 0 voice home data home Orange Orange 26003 Orange Orange 26003  UMTS HSPA CSS not supported -1 -1 RoamInd=-1 DefRoamInd=-1 EmergOnly=false IsDataRoamingFromRegistration=false mIsVoiceSearching=false mIsDataSearching=false mVoiceNetworkName=null mDataNetworkName=null Check64QAM0 Dual carrier0
04-13 22:10:02.105 D/DefaultPhoneNotifier( 3447): nofityServiceState: mRegistry=com.android.internal.telephony.ITelephonyRegistry$Stub$Proxy@ced2ad0 ss=0 0 voice home data home Orange Orange 26003 Orange Orange 26003  UMTS HSPA CSS not supported -1 -1 RoamInd=-1 DefRoamInd=-1 EmergOnly=false IsDataRoamingFromRegistration=false mIsVoiceSearching=false mIsDataSearching=false mVoiceNetworkName=null mDataNetworkName=null Check64QAM0 Dual carrier0 sender=Handler (com.qti.internal.telephony.gsm.QtiGSMPhone) {560d91e} phondId=0 subId=2
04-13 22:10:02.113 D/SubscriptionManager( 1891): getSimStateForSubscriber: simState=5 slotIdx=0
04-13 22:10:02.114 D/GsmSST  ( 3447): [GsmSST] notifyDataRegStateRilRadioTechnologyChanged: drs=0 rat=11
04-13 22:10:02.114 D/TelephonyManager( 3447): setTelephonyProperty: success phoneId=0 property=gsm.network.type value: HSPA propVal=HSPA
04-13 22:10:02.116 D/QtiGsmDCT( 3447): [0]get all active apn types
04-13 22:10:02.116 D/DC-1    ( 3447): DcActiveState not handled msg.what=EVENT_DATA_CONNECTION_DRS_OR_RAT_CHANGED
04-13 22:10:02.116 D/DC-1    ( 3447): DcDefault msg=EVENT_DATA_CONNECTION_DRS_OR_RAT_CHANGED RefCount=1
04-13 22:10:02.116 D/DC-1    ( 3447): DcDefaultState: EVENT_DATA_CONNECTION_DRS_OR_RAT_CHANGED drs=0 mRilRat=11
04-13 22:10:02.116 D/QtiGsmDCT( 3447): [0]fetchDunApn: Ignore the dun apn in settings.db
04-13 22:10:02.118 D/QtiGsmDCT( 3447): [0]return link properites for default
04-13 22:10:02.120 D/QtiGsmDCT( 3447): [0]getDataEnabled: getIntWithSubId retVal=true
04-13 22:10:02.149 D/QtiGsmDCT( 3447): [0]fetchDunApn: config_tether_apndata dunSetting=null
04-13 22:10:02.149 D/DC-1    ( 3447): isInternetRequested = true
04-13 22:10:02.150 D/DC-1    ( 3447): DcActiveState not handled msg.what=REQ_GET_LINK_PROPERTIES
04-13 22:10:02.150 D/DC-1    ( 3447): DcDefault msg=REQ_GET_LINK_PROPERTIES RefCount=1
04-13 22:10:02.150 D/DC-1    ( 3447): REQ_GET_LINK_PROPERTIES linkProperties{InterfaceName: rmnet_data0 LinkAddresses: [2a00:f41:30c5:feb9:e6db:f93:92c6:4a88/64,]  Routes: [::/0 -> fe80::167:77c:95a5:9420 rmnet_data0,] DnsAddresses: [2a01:1700:3:ffff::9822,2a01:1700:2:ffff::9f01,] Domains: null MTU: 1500 TcpBufferSizes: 40778,244668,3461120,16777,140625,3461120}
04-13 22:10:02.151 D/QtiGsmDCT( 3447): [0]get active pdp is not null, return NetworkCapabilities for default
04-13 22:10:02.151 D/DC-1    ( 3447): DcActiveState not handled msg.what=REQ_GET_NETWORK_CAPABILITIES
04-13 22:10:02.151 D/DC-1    ( 3447): DcDefault msg=REQ_GET_NETWORK_CAPABILITIES RefCount=1
04-13 22:10:02.151 D/QtiGsmDCT( 3447): [0]fetchDunApn: Ignore the dun apn in settings.db
04-13 22:10:02.183 D/QtiGsmDCT( 3447): [0]fetchDunApn: config_tether_apndata dunSetting=null
04-13 22:10:02.183 D/DC-1    ( 3447): isInternetRequested = true
04-13 22:10:02.184 D/DC-1    ( 3447): REQ_GET_NETWORK_CAPABILITIES networkCapabilities[ Transports: CELLULAR Capabilities: SUPL&DUN&INTERNET&NOT_RESTRICTED&TRUSTED&NOT_VPN LinkUpBandwidth>=5898Kbps LinkDnBandwidth>=14336Kbps Specifier: <2>]
04-13 22:10:02.190 D/QtiGsmDCT( 3447): [0]isDataPossible(default): possible=true isDataAllowed=true apnTypePossible=true apnContextisEnabled=true apnContextState()=CONNECTED
04-13 22:10:02.191 D/QtiGsmDCT( 3447): [0]get active apn string for type:default
04-13 22:10:02.191 D/DCT     ( 3447): [ApnContext:default] getApnSetting: apnSetting=[ApnSettingV3] Orange Internet, 695, 26003, internetipv6, , , , , , 1, default | dun | hipri | supl, IPV6, IP, true, 0, 0, 1, false, 0, 0, 0, 0, , , 0, , 
04-13 22:10:02.199 D/TelephonyRegistry( 1891): Notify data connection state changed on sub: 2
04-13 22:10:02.199 D/TelephonyRegistry( 1891): Notify data connection state changed on sub: 2
04-13 22:10:02.199 D/TelephonyRegistry( 1891): Notify data connection state changed on sub: 2
04-13 22:10:02.200 D/TelephonyRegistry( 1891): Notify data connection state changed on sub: 2
04-13 22:10:02.200 D/TelephonyRegistry( 1891): Notify data connection state changed on sub: 2
04-13 22:10:02.201 D/TelephonyRegistry( 1891): broadcastPreciseDataConnectionStateChanged():state=2, apnType=default, smCause=(0), reason=null
04-13 22:10:02.205 D/QtiGsmDCT( 3447): [0]QtiDcTracker handleMessage msg={ when=-90ms what=270377 obj=android.os.AsyncResult@fc0ba10 target=com.qti.internal.telephony.dataconnection.QtiDcTracker }
04-13 22:10:02.206 D/QtiGsmDCT( 3447): [0]handleMessage msg={ when=-90ms what=270377 obj=android.os.AsyncResult@fc0ba10 target=com.qti.internal.telephony.dataconnection.QtiDcTracker }
04-13 22:10:02.206 D/QtiGsmDCT( 3447): [0]onUpdateIcc: newIccRecords com.android.internal.telephony.uicc.SIMRecords
04-13 22:10:02.206 V/LG-FASTDORMANCY( 3447): [DCH/FACH] FDCount : 10 intent received :android.intent.action.SERVICE_STATE
04-13 22:10:02.206 E/PHONE   ( 3447): ServiceState.getRadioTechnology() DEPRECATED will be removed *******
04-13 22:10:02.206 I/LG-FASTDORMANCY( 3447): [DCH/FACH] FDCount : 10 Service State is changed : 0 0 voice home data home Orange Orange 26003 Orange Orange 26003  UMTS HSPA CSS not supported -1 -1 RoamInd=-1 DefRoamInd=-1 EmergOnly=false IsDataRoamingFromRegistration=false mIsVoiceSearching=false mIsDataSearching=false mVoiceNetworkName=null mDataNetworkName=null Check64QAM0 Dual carrier0
04-13 22:10:02.206 I/LG-FASTDORMANCY( 3447): [DCH/FACH] FDCount : 10 radioTech changed!! currenRT = 11 isChange?? true
04-13 22:10:02.211 D/GsmSST  ( 3447): [GsmSST] getCellLocation(): X good mCellLoc=[57330,46057500,472]
04-13 22:10:02.212 I/LG-FASTDORMANCY( 3447): [DCH/FACH] FDCount : 10 Radio Tech changed.
04-13 22:10:02.220 D/QtiGsmDCT( 3447): [0]updateDataActivity: curTxRxSum={txSum=107055 rxSum=130255} preTxRxSum={txSum=107055 rxSum=130255}
04-13 22:10:02.221 D/QtiGsmDCT( 3447): [0]updateDataActivity: sent=0 received=0
04-13 22:10:02.221 D/LG-FASTDORMANCY( 3447): [DCH/FACH] FDCount : 10 isUMTS(): RadioTech(10)
04-13 22:10:02.233 D/QtiGsmDCT( 3447): [0]getDataEnabled: getIntWithSubId retVal=true
04-13 22:10:02.238 D/QtiGsmDCT( 3447): [0]getDataOnRoamingEnabled: phoneSubId=2 isDataRoamingEnabled=false
04-13 22:10:02.238 D/QtiGsmDCT( 3447): [0]getDataEnabled: getIntWithSubId retVal=true
04-13 22:10:02.255 D/RILJ    ( 3447): [8810]> REQUEST_GET_NEIGHBORING_CELL_IDS [SUB0]
04-13 22:10:02.257 D/RILC    (  370): SOCKET RIL_SOCKET_1 REQUEST: GET_NEIGHBORING_CELL_IDS length:8
04-13 22:10:02.258 I/RILQ    (  370): (0/370):RIL[0][main] qcril_qmi_nas_get_neighboring_cell_ids: completed with 0
04-13 22:10:02.262 I/RILQ    (  370): (0/370):RIL[0][qmi_cb] qcril_qmi_nas_get_neighboring_cells_cb: .. qmi error 0, resultqmi  0, qmi transp_err 0, ril res 0
04-13 22:10:02.264 D/RILC    (  370): RequestComplete, RIL_SOCKET_1
04-13 22:10:02.264 E/RILC    (  370): Send Response to RIL_SOCKET_1
04-13 22:10:02.264 E/RILC    (  370): RIL Response bytes written:4
04-13 22:10:02.264 E/RILC    (  370): RIL Response bytes written:156
04-13 22:10:02.264 I/RILQ    (  370): (0/370):RIL[0][qmi_cb] qcril_qmi_nas_get_neighboring_cells_cb: completed with 0 with 5 entries
04-13 22:10:02.270 D/RILJ    ( 3447): [8810]< REQUEST_GET_NEIGHBORING_CELL_IDS {[[14@-107]] [[3e@-107]] [[128@-109]] [[17e@-113]] [[126@-114]] } [SUB0]
04-13 22:10:02.275 D/RILJ    ( 3447): [8811]> RIL_REQUEST_GET_CELL_INFO_LIST [SUB0]
04-13 22:10:02.276 D/RILC    (  370): SOCKET RIL_SOCKET_1 REQUEST: GET_CELL_INFO_LIST length:8
04-13 22:10:02.280 D/RILC    (  370): RequestComplete, RIL_SOCKET_1
04-13 22:10:02.280 E/RILC    (  370): Send Response to RIL_SOCKET_1
04-13 22:10:02.280 E/RILC    (  370): RIL Response bytes written:4
04-13 22:10:02.281 D/RILJ    ( 3447): [8811]< RIL_REQUEST_GET_CELL_INFO_LIST [CellInfoWcdma:{mRegistered=YES mTimeStampType=oem_ril mTimeStamp=32661239927769ns CellIdentityWcdma:{ mMcc=260 mMnc=3 mLac=57330 mCid=46057500 mPsc=472} CellSignalStrengthWcdma: ss=6 ber=99}, CellInfoWcdma:{mRegistered=NO mTimeStampType=oem_ril mTimeStamp=32661239927769ns CellIdentityWcdma:{ mMcc=2147483647 mMnc=2147483647 mLac=2147483647 mCid=2147483647 mPsc=20} CellSignalStrengthWcdma: ss=3 ber=99}, CellInfoWcdma:{mRegistered=NO mTimeStampType=oem_ril mTimeStamp=32661239927769ns CellIdentityWcdma:{ mMcc=2147483647 mMnc=2147483647 mLac=2147483647 mCid=2147483647 mPsc=62} CellSignalStrengthWcdma: ss=3 ber=99}, CellInfoWcdma:{mRegistered=NO mTimeStampType=oem_ril mTimeStamp=32661239927769ns CellIdentityWcdma:{ mMcc=2147483647 mMnc=2147483647 mLac=2147483647 mCid=2147483647 mPsc=296} CellSignalStrengthWcdma: ss=2 ber=99}, CellInfoWcdma:{mRegistered=NO mTimeStampType=oem_ril mTimeStamp=32661239927769ns CellIdentityWcdma:{ mMcc=2147483647 mMnc=2147483647 mLac=2147483647 mCid=2147483647 mPsc=382} CellSignalStrengthWcdma: ss=0 ber=99}, CellInfoWcdma:{mRegistered=NO mTimeStampType=oem_ril mTimeStamp=32661239927769ns CellIdentityWcdma:{ mMcc=2147483647 mMnc=2147483647 mLac=2147483647 mCid=2147483647 mPsc=294} CellSignalStrengthWcdma: ss=0 ber=99}] [SUB0]
