04-13 22:10:02.282 E/RILC    (  370): RIL Response bytes written:304
04-13 22:10:02.285 D/GsmSST  ( 3447): [GsmSST] SST.getAllCellInfo(): X size=6 list=[CellInfoWcdma:{mRegistered=YES mTimeStampType=oem_ril mTimeStamp=32661239927769ns CellIdentityWcdma:{ mMcc=260 mMnc=3 mLac=57330 mCid=46057500 mPsc=472} CellSignalStrengthWcdma: ss=6 ber=99}, CellInfoWcdma:{mRegistered=NO mTimeStampType=oem_ril mTimeStamp=32661239927769ns CellIdentityWcdma:{ mMcc=2147483647 mMnc=2147483647 mLac=2147483647 mCid=2147483647 mPsc=20} CellSignalStrengthWcdma: ss=3 ber=99}, CellInfoWcdma:{mRegistered=NO mTimeStampType=oem_ril mTimeStamp=32661239927769ns CellIdentityWcdma:{ mMcc=2147483647 mMnc=2147483647 mLac=2147483647 mCid=2147483647 mPsc=62} CellSignalStrengthWcdma: ss=3 ber=99}, CellInfoWcdma:{mRegistered=NO mTimeStampType=oem_ril mTimeStamp=32661239927769ns CellIdentityWcdma:{ mMcc=2147483647 mMnc=2147483647 mLac=2147483647 mCid=2147483647 mPsc=296} CellSignalStrengthWcdma: ss=2 ber=99}, CellInfoWcdma:{mRegistered=NO mTimeStampType=oem_ril mTimeStamp=32661239927769ns CellIdentityWcdma:{ mMcc=2147483647 mMnc=2147483647 mLac=2147483647 mCid=2147483647 mPsc=382} CellSignalStrengthWcdma: ss=0 ber=99}, CellInfoWcdma:{mRegistered=NO mTimeStampType=oem_ril mTimeStamp=32661239927769ns CellIdentityWcdma:{ mMcc=2147483647 mMnc=2147483647 mLac=2147483647 mCid=2147483647 mPsc=294} CellSignalStrengthWcdma: ss=0 ber=99}]
04-13 22:10:02.288 D/GsmSST  ( 3447): [GsmSST] getCellLocation(): X good mCellLoc=[57330,46057500,472]
04-13 22:10:03.018 V/LG-FASTDORMANCY( 3447): [DCH/FACH] FDCount : 10 intent received :com.android.internal.telephony.ACTION_CHECK_NETSTAT
04-13 22:10:03.023 V/LG-FASTDORMANCY( 3447): [DCH/FACH] FDCount : 10 prev: TxPkts(107055), RxPkts(130255)
04-13 22:10:03.023 V/LG-FASTDORMANCY( 3447): [DCH/FACH] FDCount : 10 curr: TxPkts(107055), RxPkts(130257)
04-13 22:10:03.024 I/LG-FASTDORMANCY( 3447): [DCH/FACH] FDCount : 0 Scheduling checkNetStat for 1000msec, current state is [DCH/FACH] FDCount : 0 
04-13 22:10:03.226 I/RILC    (  370): RIL_SOCKET_1 UNSOLICITED: RIL_UNSOL_LTE_REJECT_CAUSE length:16
04-13 22:10:03.226 E/RILC    (  370): Send Response to RIL_SOCKET_1
04-13 22:10:03.226 E/RILC    (  370): RIL Response bytes written:4
04-13 22:10:03.226 E/RILC    (  370): RIL Response bytes written:16
04-13 22:10:03.227 D/RILJ    ( 3447): [UNSL]< RIL_UNSOL_LTE_REJECT_CAUSE {15} [SUB0]
04-13 22:10:03.227 D/QtiGsmDCT( 3447): [0]updateDataActivity: curTxRxSum={txSum=107057 rxSum=130257} preTxRxSum={txSum=107055 rxSum=130255}
04-13 22:10:03.227 D/QtiGsmDCT( 3447): [0]updateDataActivity: sent=2 received=2
04-13 22:10:03.227 D/QtiGsmDCT( 3447): [0]updateDataActivity: newActivity=DATAINANDOUT
04-13 22:10:03.228 I/RILC    (  370): RIL_SOCKET_1 UNSOLICITED: UNSOL_OEM_HOOK_RAW length:32
04-13 22:10:03.228 E/RILC    (  370): Send Response to RIL_SOCKET_1
04-13 22:10:03.228 E/RILC    (  370): RIL Response bytes written:4
04-13 22:10:03.229 V/RILJ    ( 3447): [UNSL]< UNSOL_OEM_HOOK_RAW 514f454d484f4f4bef0308000100000002 [SUB0]
04-13 22:10:03.229 D/RILJ    ( 3447): Oem ID in RIL_UNSOL_OEM_HOOK_RAW is QOEMHOOK
04-13 22:10:03.229 D/RILJ    ( 3447): OEM ID check Passed
04-13 22:10:03.229 D/RILJ    ( 3447): Response ID in RIL_UNSOL_OEM_HOOK_RAW is 525295
04-13 22:10:03.229 D/RILJ    ( 3447): Response ID 525295 is not served in this process.
04-13 22:10:03.229 E/RILC    (  370): RIL Response bytes written:32
04-13 22:10:03.234 I/RILC    (  370): RIL_SOCKET_1 UNSOLICITED: UNSOL_RESPONSE_VOICE_NETWORK_STATE_CHANGED length:8
04-13 22:10:03.234 E/RILC    (  370): Send Response to RIL_SOCKET_1
04-13 22:10:03.235 E/RILC    (  370): RIL Response bytes written:4
04-13 22:10:03.235 D/RILJ    ( 3447): [UNSL]< UNSOL_RESPONSE_VOICE_NETWORK_STATE_CHANGED [SUB0]
04-13 22:10:03.235 E/RILC    (  370): RIL Response bytes written:8
04-13 22:10:03.235 D/RILJ    ( 3447): [8812]> OPERATOR [SUB0]
04-13 22:10:03.236 I/RILQ    (  370): (0/370):RIL[0][event] qcril_arb_set_dsd_sys_status: old_pref_data 1 - new_data_pref 1
04-13 22:10:03.236 I/RILQ    (  370): (0/370):RIL[0][event] qcril_arb_set_dsd_sys_status: preferred dsd_sys_status nw=0x0, rat_value=0x1, so_mask=0x0000000000000015
04-13 22:10:03.236 I/RILQ    (  370): (0/370):RIL[0][event] qcril_arb_set_dsd_sys_status: preferred 1 - dsd_sys_status nw=0x0, rat_value=0x1, so_mask=0x0000000000000015
04-13 22:10:03.236 I/RILQ    (  370): (0/370):RIL[0][event] qcril_arb_set_dsd_sys_status: is_wwan_available 0
04-13 22:10:03.236 D/RILJ    ( 3447): [8813]> DATA_REGISTRATION_STATE [SUB0]
04-13 22:10:03.238 D/RILJ    ( 3447): [8814]> VOICE_REGISTRATION_STATE [SUB0]
04-13 22:10:03.238 D/RILC    (  370): SOCKET RIL_SOCKET_1 REQUEST: OPERATOR length:8
04-13 22:10:03.238 I/RILC    (  370): RIL_SOCKET_1 UNSOLICITED: UNSOL_OEM_HOOK_RAW length:32
04-13 22:10:03.238 E/RILC    (  370): Send Response to RIL_SOCKET_1
04-13 22:10:03.238 E/RILC    (  370): RIL Response bytes written:4
04-13 22:10:03.238 E/RILC    (  370): RIL Response bytes written:32
04-13 22:10:03.239 V/RILJ    ( 3447): [UNSL]< UNSOL_OEM_HOOK_RAW 514f454d484f4f4bfa0308000100000000 [SUB0]
04-13 22:10:03.239 D/RILJ    ( 3447): Oem ID in RIL_UNSOL_OEM_HOOK_RAW is QOEMHOOK
04-13 22:10:03.239 D/RILJ    ( 3447): OEM ID check Passed
04-13 22:10:03.239 D/RILJ    ( 3447): Response ID in RIL_UNSOL_OEM_HOOK_RAW is 525306
04-13 22:10:03.239 D/RILJ    ( 3447): WWAN, IWLAN coexistence notified to registrants
04-13 22:10:03.239 D/RILJ    ( 3447): [8815]> QUERY_NETWORK_SELECTION_MODE [SUB0]
04-13 22:10:03.241 D/RILC    (  370): SOCKET RIL_SOCKET_1 REQUEST: DATA_REGISTRATION_STATE length:8
04-13 22:10:03.242 I/RILC    (  370): RIL_SOCKET_1 UNSOLICITED: RIL_UNSOL_LTE_REJECT_CAUSE length:16
04-13 22:10:03.243 E/RILC    (  370): Send Response to RIL_SOCKET_1
04-13 22:10:03.243 E/RILC    (  370): RIL Response bytes written:4
04-13 22:10:03.243 D/RILJ    ( 3447): [UNSL]< RIL_UNSOL_LTE_REJECT_CAUSE {15} [SUB0]
04-13 22:10:03.243 E/RILC    (  370): RIL Response bytes written:16
04-13 22:10:03.245 D/RILC    (  370): SOCKET RIL_SOCKET_1 REQUEST: VOICE_REGISTRATION_STATE length:8
04-13 22:10:03.246 D/RILC    (  370): SOCKET RIL_SOCKET_1 REQUEST: QUERY_NETWORK_SELECTION_MODE length:8
04-13 22:10:03.250 D/QtiGsmDCT( 3447): [0]getDataEnabled: getIntWithSubId retVal=true
04-13 22:10:03.258 D/RILC    (  370): RequestComplete, RIL_SOCKET_1
04-13 22:10:03.258 E/RILC    (  370): Send Response to RIL_SOCKET_1
04-13 22:10:03.258 E/RILC    (  370): RIL Response bytes written:4
04-13 22:10:03.258 E/RILC    (  370): RIL Response bytes written:72
04-13 22:10:03.258 D/RILJ    ( 3447): [8812]< OPERATOR {Orange, Orange, 26003} [SUB0]
04-13 22:10:03.262 D/RILC    (  370): RequestComplete, RIL_SOCKET_1
04-13 22:10:03.262 E/RILC    (  370): Send Response to RIL_SOCKET_1
04-13 22:10:03.264 E/RILC    (  370): RIL Response bytes written:4
04-13 22:10:03.264 D/RILJ    ( 3447): [8814]< VOICE_REGISTRATION_STATE {1, dff2, 02bec81c, 3, null, null, null, 0, null, null, 1, null, null, 0, 1d8} [SUB0]
04-13 22:10:03.264 E/RILC    (  370): RIL Response bytes written:136
04-13 22:10:03.264 D/PHONE   ( 3447): [ServiceState] setVoiceRegState=0
04-13 22:10:03.264 E/PHONE   ( 3447): [ServiceState] setState deprecated use setVoiceRegState()
04-13 22:10:03.264 D/GsmSST  ( 3447): [GsmSST] LOGRadioInfo : In Service
04-13 22:10:03.265 D/RILC    (  370): RequestComplete, RIL_SOCKET_1
04-13 22:10:03.265 E/RILC    (  370): Send Response to RIL_SOCKET_1
04-13 22:10:03.265 E/RILC    (  370): RIL Response bytes written:4
04-13 22:10:03.265 E/RILC    (  370): RIL Response bytes written:120
04-13 22:10:03.266 D/RILJ    ( 3447): [8813]< DATA_REGISTRATION_STATE {1, dff2, 02bec81c, 15, null, 20, null, null, null, null, null, 0} [SUB0]
04-13 22:10:03.266 D/GsmSST  ( 3447): isSFROperators result = false
04-13 22:10:03.266 D/PHONE   ( 3447): [ServiceState] setDataRegState=0
04-13 22:10:03.266 D/PHONE   ( 3447): [ServiceState] setDataRadioTechnology=15
04-13 22:10:03.266 D/GsmSST  ( 3447): [GsmSST] LOGRadioInfo : In Service
04-13 22:10:03.266 D/GsmSST  ( 3447): [GsmSST] handlPollStateResultMessage: GsmSST setDataRegState=0 regState=1 dataRadioTechnology=15
04-13 22:10:03.267 I/RILC    (  370): RIL_SOCKET_1 UNSOLICITED: UNSOL_RESPONSE_VOICE_NETWORK_STATE_CHANGED length:8
04-13 22:10:03.267 E/RILC    (  370): Send Response to RIL_SOCKET_1
04-13 22:10:03.267 E/RILC    (  370): RIL Response bytes written:4
04-13 22:10:03.267 E/RILC    (  370): RIL Response bytes written:8
04-13 22:10:03.267 D/RILJ    ( 3447): [UNSL]< UNSOL_RESPONSE_VOICE_NETWORK_STATE_CHANGED [SUB0]
04-13 22:10:03.267 D/RILJ    ( 3447): [8816]> OPERATOR [SUB0]
04-13 22:10:03.267 D/RILC    (  370): RequestComplete, RIL_SOCKET_1
04-13 22:10:03.267 E/RILC    (  370): Send Response to RIL_SOCKET_1
04-13 22:10:03.267 E/RILC    (  370): RIL Response bytes written:4
04-13 22:10:03.268 D/RILJ    ( 3447): [8815]< QUERY_NETWORK_SELECTION_MODE {0} [SUB0]
04-13 22:10:03.268 E/RILC    (  370): RIL Response bytes written:20
04-13 22:10:03.268 D/RILJ    ( 3447): [8817]> DATA_REGISTRATION_STATE [SUB0]
04-13 22:10:03.268 D/RILC    (  370): SOCKET RIL_SOCKET_1 REQUEST: OPERATOR length:8
04-13 22:10:03.269 D/RILJ    ( 3447): [8818]> VOICE_REGISTRATION_STATE [SUB0]
04-13 22:10:03.270 D/RILJ    ( 3447): [8819]> QUERY_NETWORK_SELECTION_MODE [SUB0]
04-13 22:10:03.270 D/RILC    (  370): SOCKET RIL_SOCKET_1 REQUEST: DATA_REGISTRATION_STATE length:8
04-13 22:10:03.271 D/RILC    (  370): SOCKET RIL_SOCKET_1 REQUEST: VOICE_REGISTRATION_STATE length:8
04-13 22:10:03.272 D/RILC    (  370): SOCKET RIL_SOCKET_1 REQUEST: QUERY_NETWORK_SELECTION_MODE length:8
04-13 22:10:03.278 D/RILC    (  370): RequestComplete, RIL_SOCKET_1
04-13 22:10:03.278 E/RILC    (  370): Send Response to RIL_SOCKET_1
04-13 22:10:03.278 E/RILC    (  370): RIL Response bytes written:4
04-13 22:10:03.278 D/RILJ    ( 3447): [8816]< OPERATOR {Orange, Orange, 26003} [SUB0]
04-13 22:10:03.278 E/RILC    (  370): RIL Response bytes written:72
04-13 22:10:03.281 D/RILC    (  370): RequestComplete, RIL_SOCKET_1
04-13 22:10:03.281 E/RILC    (  370): Send Response to RIL_SOCKET_1
04-13 22:10:03.281 E/RILC    (  370): RIL Response bytes written:4
04-13 22:10:03.281 E/RILC    (  370): RIL Response bytes written:20
04-13 22:10:03.282 D/RILJ    ( 3447): [8819]< QUERY_NETWORK_SELECTION_MODE {0} [SUB0]
04-13 22:10:03.283 D/RILC    (  370): RequestComplete, RIL_SOCKET_1
04-13 22:10:03.283 E/RILC    (  370): Send Response to RIL_SOCKET_1
04-13 22:10:03.284 E/RILC    (  370): RIL Response bytes written:4
04-13 22:10:03.284 D/RILJ    ( 3447): [8817]< DATA_REGISTRATION_STATE {1, dff2, 02bec81c, 15, null, 20, null, null, null, null, null, 0} [SUB0]
04-13 22:10:03.284 D/GsmSST  ( 3447): isSFROperators result = false
04-13 22:10:03.284 D/PHONE   ( 3447): [ServiceState] setDataRegState=0
04-13 22:10:03.284 D/PHONE   ( 3447): [ServiceState] setDataRadioTechnology=15
04-13 22:10:03.284 D/GsmSST  ( 3447): [GsmSST] LOGRadioInfo : In Service
04-13 22:10:03.284 D/GsmSST  ( 3447): [GsmSST] handlPollStateResultMessage: GsmSST setDataRegState=0 regState=1 dataRadioTechnology=15
04-13 22:10:03.285 E/RILC    (  370): RIL Response bytes written:120
04-13 22:10:03.285 D/RILC    (  370): RequestComplete, RIL_SOCKET_1
04-13 22:10:03.285 E/RILC    (  370): Send Response to RIL_SOCKET_1
04-13 22:10:03.286 E/RILC    (  370): RIL Response bytes written:4
04-13 22:10:03.286 D/RILJ    ( 3447): [8818]< VOICE_REGISTRATION_STATE {1, dff2, 02bec81c, 3, null, null, null, 0, null, null, 1, null, null, 0, 1d8} [SUB0]
04-13 22:10:03.286 D/PHONE   ( 3447): [ServiceState] setVoiceRegState=0
04-13 22:10:03.286 E/PHONE   ( 3447): [ServiceState] setState deprecated use setVoiceRegState()
04-13 22:10:03.286 D/GsmSST  ( 3447): [GsmSST] LOGRadioInfo : In Service
04-13 22:10:03.288 D/GsmSST  ( 3447): [GsmSST] Poll ServiceState done:  oldSS=[0 0 voice home data home Orange Orange 26003 Orange Orange 26003  UMTS HSPA CSS not supported -1 -1 RoamInd=-1 DefRoamInd=-1 EmergOnly=false IsDataRoamingFromRegistration=false mIsVoiceSearching=false mIsDataSearching=false mVoiceNetworkName=null mDataNetworkName=null Check64QAM0 Dual carrier0] newSS=[0 0 voice home data home Orange Orange 26003 Orange Orange 26003  UMTS HSPAP CSS not supported -1 -1 RoamInd=-1 DefRoamInd=-1 EmergOnly=false IsDataRoamingFromRegistration=false mIsVoiceSearching=false mIsDataSearching=false mVoiceNetworkName=null mDataNetworkName=null Check64QAM0 Dual carrier0] oldMaxDataCalls=20 mNewMaxDataCalls=20 oldReasonDataDenied=-1 mNewReasonDataDenied=-1
04-13 22:10:03.288 D/PHONE   ( 3447): [ServiceState] setNullState=1
04-13 22:10:03.288 D/TelephonyManager( 3447): setTelephonyProperty: success phoneId=0 property=gsm.network.type value: UMTS propVal=UMTS
04-13 22:10:03.289 D/SIMRecords( 3447): [SIMRecords] getServiceProviderName: no brandOverride
04-13 22:10:03.289 E/RILC    (  370): RIL Response bytes written:136
04-13 22:10:03.289 D/SIMRecords( 3447): [SIMRecords] getServiceProviderName: providerName=Orange
04-13 22:10:03.289 D/SIMRecords( 3447): [SIMRecords] getServiceProviderName: no brandOverride
04-13 22:10:03.289 D/SIMRecords( 3447): [SIMRecords] getServiceProviderName: providerName=Orange
04-13 22:10:03.289 D/GSMPhoneEx( 3447): grandblue SpnMvno = Orange operator = 26003 simMcc  = 260 simMnc  = 03
04-13 22:10:03.290 D/GSMPhoneEx( 3447): grandblue after SpnMvno = Orange operator = 26003 simMcc  = 260 simMnc  = 03
04-13 22:10:03.291 D/TelephonyManager( 3447): setTelephonyProperty: success phoneId=0 property=gsm.operator.alpha value: Orange propVal=Orange
04-13 22:10:03.291 D/TelephonyManager( 3447): setTelephonyProperty: success phoneId=0 property=gsm.operator.numeric value: 26003 propVal=26003
04-13 22:10:03.292 D/TelephonyManager( 3447): setTelephonyProperty: success phoneId=0 property=gsm.operator.iso-country value: pl propVal=pl
04-13 22:10:03.293 D/GsmSST  ( 3447): [GsmSST] shouldFixTimeZoneNow: retVal=false iccCardExist=true operatorNumeric=26003 mcc=260 prevOperatorNumeric=26003 prevMcc=260 needToFixTimeZone=false ltod=04-13 22:10:03.293
04-13 22:10:03.293 D/TelephonyManager( 3447): setTelephonyProperty: success phoneId=0 property=gsm.operator.isroaming value: false propVal=false
04-13 22:10:03.293 D/TelephonyManager( 3447): setTelephonyProperty: success phoneId=0 property=ril.cdma.voiceinservice value: true propVal=true
04-13 22:10:03.294 D/GsmSST  ( 3447): [GsmSST] Broadcasting ServiceState : 0 0 voice home data home Orange Orange 26003 Orange Orange 26003  UMTS HSPAP CSS not supported -1 -1 RoamInd=-1 DefRoamInd=-1 EmergOnly=false IsDataRoamingFromRegistration=false mIsVoiceSearching=false mIsDataSearching=false mVoiceNetworkName=null mDataNetworkName=null Check64QAM0 Dual carrier0
04-13 22:10:03.294 D/DefaultPhoneNotifier( 3447): nofityServiceState: mRegistry=com.android.internal.telephony.ITelephonyRegistry$Stub$Proxy@ced2ad0 ss=0 0 voice home data home Orange Orange 26003 Orange Orange 26003  UMTS HSPAP CSS not supported -1 -1 RoamInd=-1 DefRoamInd=-1 EmergOnly=false IsDataRoamingFromRegistration=false mIsVoiceSearching=false mIsDataSearching=false mVoiceNetworkName=null mDataNetworkName=null Check64QAM0 Dual carrier0 sender=Handler (com.qti.internal.telephony.gsm.QtiGSMPhone) {560d91e} phondId=0 subId=2
04-13 22:10:03.301 D/SubscriptionManager( 1891): getSimStateForSubscriber: simState=5 slotIdx=0
04-13 22:10:03.302 D/GsmSST  ( 3447): [GsmSST] notifyDataRegStateRilRadioTechnologyChanged: drs=0 rat=15
04-13 22:10:03.302 D/TelephonyManager( 3447): setTelephonyProperty: success phoneId=0 property=gsm.network.type value: HSPAP propVal=HSPAP
04-13 22:10:03.302 D/QtiGsmDCT( 3447): [0]get all active apn types
04-13 22:10:03.303 D/DC-1    ( 3447): DcActiveState not handled msg.what=EVENT_DATA_CONNECTION_DRS_OR_RAT_CHANGED
04-13 22:10:03.303 D/DC-1    ( 3447): DcDefault msg=EVENT_DATA_CONNECTION_DRS_OR_RAT_CHANGED RefCount=1
04-13 22:10:03.303 D/DC-1    ( 3447): DcDefaultState: EVENT_DATA_CONNECTION_DRS_OR_RAT_CHANGED drs=0 mRilRat=15
04-13 22:10:03.303 D/QtiGsmDCT( 3447): [0]fetchDunApn: Ignore the dun apn in settings.db
04-13 22:10:03.305 D/QtiGsmDCT( 3447): [0]return link properites for default
04-13 22:10:03.306 D/QtiGsmDCT( 3447): [0]getDataEnabled: getIntWithSubId retVal=true
04-13 22:10:03.338 D/QtiGsmDCT( 3447): [0]fetchDunApn: config_tether_apndata dunSetting=null
04-13 22:10:03.338 D/DC-1    ( 3447): isInternetRequested = true
04-13 22:10:03.339 D/DC-1    ( 3447): DcActiveState not handled msg.what=REQ_GET_LINK_PROPERTIES
04-13 22:10:03.339 D/DC-1    ( 3447): DcDefault msg=REQ_GET_LINK_PROPERTIES RefCount=1
04-13 22:10:03.339 D/DC-1    ( 3447): REQ_GET_LINK_PROPERTIES linkProperties{InterfaceName: rmnet_data0 LinkAddresses: [2a00:f41:30c5:feb9:e6db:f93:92c6:4a88/64,]  Routes: [::/0 -> fe80::167:77c:95a5:9420 rmnet_data0,] DnsAddresses: [2a01:1700:3:ffff::9822,2a01:1700:2:ffff::9f01,] Domains: null MTU: 1500 TcpBufferSizes: 122334,734003,3461120,32040,192239,3461120}
04-13 22:10:03.340 D/QtiGsmDCT( 3447): [0]get active pdp is not null, return NetworkCapabilities for default
04-13 22:10:03.340 D/DC-1    ( 3447): DcActiveState not handled msg.what=REQ_GET_NETWORK_CAPABILITIES
04-13 22:10:03.340 D/DC-1    ( 3447): DcDefault msg=REQ_GET_NETWORK_CAPABILITIES RefCount=1
04-13 22:10:03.340 D/QtiGsmDCT( 3447): [0]fetchDunApn: Ignore the dun apn in settings.db
04-13 22:10:03.369 D/QtiGsmDCT( 3447): [0]fetchDunApn: config_tether_apndata dunSetting=null
04-13 22:10:03.369 D/DC-1    ( 3447): isInternetRequested = true
04-13 22:10:03.370 D/DC-1    ( 3447): REQ_GET_NETWORK_CAPABILITIES networkCapabilities[ Transports: CELLULAR Capabilities: SUPL&DUN&INTERNET&NOT_RESTRICTED&TRUSTED&NOT_VPN LinkUpBandwidth>=11264Kbps LinkDnBandwidth>=43008Kbps Specifier: <2>]
04-13 22:10:03.372 D/QtiGsmDCT( 3447): [0]isDataPossible(default): possible=true isDataAllowed=true apnTypePossible=true apnContextisEnabled=true apnContextState()=CONNECTED
04-13 22:10:03.373 D/QtiGsmDCT( 3447): [0]get active apn string for type:default
04-13 22:10:03.373 D/DCT     ( 3447): [ApnContext:default] getApnSetting: apnSetting=[ApnSettingV3] Orange Internet, 695, 26003, internetipv6, , , , , , 1, default | dun | hipri | supl, IPV6, IP, true, 0, 0, 1, false, 0, 0, 0, 0, , , 0, , 
04-13 22:10:03.375 D/TelephonyRegistry( 1891): Notify data connection state changed on sub: 2
04-13 22:10:03.375 D/TelephonyRegistry( 1891): Notify data connection state changed on sub: 2
04-13 22:10:03.375 D/TelephonyRegistry( 1891): Notify data connection state changed on sub: 2
04-13 22:10:03.375 D/TelephonyRegistry( 1891): Notify data connection state changed on sub: 2
04-13 22:10:03.375 D/TelephonyRegistry( 1891): Notify data connection state changed on sub: 2
04-13 22:10:03.376 D/TelephonyRegistry( 1891): broadcastPreciseDataConnectionStateChanged():state=2, apnType=default, smCause=(0), reason=null
04-13 22:10:03.378 D/QtiGsmDCT( 3447): [0]QtiDcTracker handleMessage msg={ when=-75ms what=270377 obj=android.os.AsyncResult@6204909 target=com.qti.internal.telephony.dataconnection.QtiDcTracker }
04-13 22:10:03.378 D/QtiGsmDCT( 3447): [0]handleMessage msg={ when=-76ms what=270377 obj=android.os.AsyncResult@6204909 target=com.qti.internal.telephony.dataconnection.QtiDcTracker }
04-13 22:10:03.379 D/QtiGsmDCT( 3447): [0]onUpdateIcc: newIccRecords com.android.internal.telephony.uicc.SIMRecords
04-13 22:10:03.380 V/LG-FASTDORMANCY( 3447): [DCH/FACH] FDCount : 0 intent received :android.intent.action.SERVICE_STATE
04-13 22:10:03.380 E/PHONE   ( 3447): ServiceState.getRadioTechnology() DEPRECATED will be removed *******
04-13 22:10:03.380 I/LG-FASTDORMANCY( 3447): [DCH/FACH] FDCount : 0 Service State is changed : 0 0 voice home data home Orange Orange 26003 Orange Orange 26003  UMTS HSPAP CSS not supported -1 -1 RoamInd=-1 DefRoamInd=-1 EmergOnly=false IsDataRoamingFromRegistration=false mIsVoiceSearching=false mIsDataSearching=false mVoiceNetworkName=null mDataNetworkName=null Check64QAM0 Dual carrier0
04-13 22:10:03.380 I/LG-FASTDORMANCY( 3447): [DCH/FACH] FDCount : 0 radioTech changed!! currenRT = 15 isChange?? true
04-13 22:10:03.381 I/LG-FASTDORMANCY( 3447): [DCH/FACH] FDCount : 0 Radio Tech changed.
04-13 22:10:03.381 D/GsmSST  ( 3447): [GsmSST] getCellLocation(): X good mCellLoc=[57330,46057500,472]
04-13 22:10:03.383 D/LG-FASTDORMANCY( 3447): [DCH/FACH] FDCount : 0 isUMTS(): RadioTech(15)
04-13 22:10:03.388 D/QtiGsmDCT( 3447): [0]getDataOnRoamingEnabled: phoneSubId=2 isDataRoamingEnabled=false
04-13 22:10:03.388 D/QtiGsmDCT( 3447): [0]getDataEnabled: getIntWithSubId retVal=true
04-13 22:10:03.391 D/QtiGsmDCT( 3447): [0]getDataEnabled: getIntWithSubId retVal=true
04-13 22:10:03.398 D/RILJ    ( 3447): [8820]> REQUEST_GET_NEIGHBORING_CELL_IDS [SUB0]
04-13 22:10:03.400 D/RILC    (  370): SOCKET RIL_SOCKET_1 REQUEST: GET_NEIGHBORING_CELL_IDS length:8
04-13 22:10:03.400 I/RILQ    (  370): (0/370):RIL[0][main] qcril_qmi_nas_get_neighboring_cell_ids: completed with 0
04-13 22:10:03.403 I/RILQ    (  370): (0/370):RIL[0][qmi_cb] qcril_qmi_nas_get_neighboring_cells_cb: .. qmi error 0, resultqmi  0, qmi transp_err 0, ril res 0
04-13 22:10:03.404 D/RILC    (  370): RequestComplete, RIL_SOCKET_1
04-13 22:10:03.404 E/RILC    (  370): Send Response to RIL_SOCKET_1
04-13 22:10:03.404 E/RILC    (  370): RIL Response bytes written:4
04-13 22:10:03.404 E/RILC    (  370): RIL Response bytes written:156
04-13 22:10:03.404 I/RILQ    (  370): (0/370):RIL[0][qmi_cb] qcril_qmi_nas_get_neighboring_cells_cb: completed with 0 with 5 entries
04-13 22:10:03.406 D/RILJ    ( 3447): [8820]< REQUEST_GET_NEIGHBORING_CELL_IDS {[[]] [[]] [[]] [[]] [[]] } [SUB0]
04-13 22:10:03.415 D/GsmSST  ( 3447): [GsmSST] SST.getAllCellInfo(): return last, back to back calls
04-13 22:10:03.415 D/GsmSST  ( 3447): [GsmSST] SST.getAllCellInfo(): X size=6 list=[CellInfoWcdma:{mRegistered=YES mTimeStampType=oem_ril mTimeStamp=32661239927769ns CellIdentityWcdma:{ mMcc=260 mMnc=3 mLac=57330 mCid=46057500 mPsc=472} CellSignalStrengthWcdma: ss=6 ber=99}, CellInfoWcdma:{mRegistered=NO mTimeStampType=oem_ril mTimeStamp=32661239927769ns CellIdentityWcdma:{ mMcc=2147483647 mMnc=2147483647 mLac=2147483647 mCid=2147483647 mPsc=20} CellSignalStrengthWcdma: ss=3 ber=99}, CellInfoWcdma:{mRegistered=NO mTimeStampType=oem_ril mTimeStamp=32661239927769ns CellIdentityWcdma:{ mMcc=2147483647 mMnc=2147483647 mLac=2147483647 mCid=2147483647 mPsc=62} CellSignalStrengthWcdma: ss=3 ber=99}, CellInfoWcdma:{mRegistered=NO mTimeStampType=oem_ril mTimeStamp=32661239927769ns CellIdentityWcdma:{ mMcc=2147483647 mMnc=2147483647 mLac=2147483647 mCid=2147483647 mPsc=296} CellSignalStrengthWcdma: ss=2 ber=99}, CellInfoWcdma:{mRegistered=NO mTimeStampType=oem_ril mTimeStamp=32661239927769ns CellIdentityWcdma:{ mMcc=2147483647 mMnc=2147483647 mLac=2147483647 mCid=2147483647 mPsc=382} CellSignalStrengthWcdma: ss=0 ber=99}, CellInfoWcdma:{mRegistered=NO mTimeStampType=oem_ril mTimeStamp=32661239927769ns CellIdentityWcdma:{ mMcc=2147483647 mMnc=2147483647 mLac=2147483647 mCid=2147483647 mPsc=294} CellSignalStrengthWcdma: ss=0 ber=99}]
04-13 22:10:03.418 D/GsmSST  ( 3447): [GsmSST] getCellLocation(): X good mCellLoc=[57330,46057500,472]
04-13 22:10:04.028 V/LG-FASTDORMANCY( 3447): [DCH/FACH] FDCount : 0 intent received :com.android.internal.telephony.ACTION_CHECK_NETSTAT
04-13 22:10:04.034 V/LG-FASTDORMANCY( 3447): [DCH/FACH] FDCount : 0 prev: TxPkts(107055), RxPkts(130257)
04-13 22:10:04.034 V/LG-FASTDORMANCY( 3447): [DCH/FACH] FDCount : 0 curr: TxPkts(107057), RxPkts(130257)
04-13 22:10:04.035 I/LG-FASTDORMANCY( 3447): [DCH/FACH] FDCount : 0 Scheduling checkNetStat for 1000msec, current state is [DCH/FACH] FDCount : 0 
04-13 22:10:04.238 D/QtiGsmDCT( 3447): [0]updateDataActivity: curTxRxSum={txSum=107057 rxSum=130257} preTxRxSum={txSum=107057 rxSum=130257}
04-13 22:10:04.238 D/QtiGsmDCT( 3447): [0]updateDataActivity: sent=0 received=0
04-13 22:10:04.238 D/QtiGsmDCT( 3447): [0]updateDataActivity: newActivity=NONE
04-13 22:10:04.246 D/QtiGsmDCT( 3447): [0]getDataEnabled: getIntWithSubId retVal=true
04-13 22:10:04.267 I/RILC    (  370): RIL_SOCKET_1 UNSOLICITED: UNSOL_SIGNAL_STRENGTH length:68
04-13 22:10:04.267 E/RILC    (  370): Send Response to RIL_SOCKET_1
04-13 22:10:04.267 E/RILC    (  370): RIL Response bytes written:4
04-13 22:10:04.267 E/RILC    (  370): RIL Response bytes written:68
04-13 22:10:04.269 D/GsmSST  ( 3447): [GsmSST] ServiceStateTrackerEx:onSignalStrengthResult() isGsm=true DataRadioTech=15
04-13 22:10:04.269 W/LGSignalStrength( 3447): setDataRadioTechnology: dataRadioTechnology = 15
04-13 22:10:04.269 D/DefaultPhoneNotifier( 3447): notifySignalStrength: mRegistry=com.android.internal.telephony.ITelephonyRegistry$Stub$Proxy@ced2ad0 ss=SignalStrength: 8 0 -97 -100 -120 -1 -1 99 2147483647 2147483647 2147483647 2147483647 2147483647 gsm|lte 15 0 -97 -100 sender=Handler (com.qti.internal.telephony.gsm.QtiGSMPhone) {560d91e}
04-13 22:10:04.287 D/QtiGsmDCT( 3447): [0]getDataEnabled: getIntWithSubId retVal=true
04-13 22:10:05.039 V/LG-FASTDORMANCY( 3447): [DCH/FACH] FDCount : 0 intent received :com.android.internal.telephony.ACTION_CHECK_NETSTAT
04-13 22:10:05.044 V/LG-FASTDORMANCY( 3447): [DCH/FACH] FDCount : 0 prev: TxPkts(107057), RxPkts(130257)
04-13 22:10:05.044 V/LG-FASTDORMANCY( 3447): [DCH/FACH] FDCount : 0 curr: TxPkts(107117), RxPkts(130317)
04-13 22:10:05.045 I/LG-FASTDORMANCY( 3447): [DCH/FACH] FDCount : 0 Scheduling checkNetStat for 1000msec, current state is [DCH/FACH] FDCount : 0 
04-13 22:10:05.245 D/QtiGsmDCT( 3447): [0]updateDataActivity: curTxRxSum={txSum=107117 rxSum=130317} preTxRxSum={txSum=107057 rxSum=130257}
04-13 22:10:05.245 D/QtiGsmDCT( 3447): [0]updateDataActivity: sent=60 received=60
04-13 22:10:05.245 D/QtiGsmDCT( 3447): [0]updateDataActivity: newActivity=DATAINANDOUT
04-13 22:10:05.251 D/QtiGsmDCT( 3447): [0]getDataEnabled: getIntWithSubId retVal=true
04-13 22:10:06.048 V/LG-FASTDORMANCY( 3447): [DCH/FACH] FDCount : 0 intent received :com.android.internal.telephony.ACTION_CHECK_NETSTAT
04-13 22:10:06.051 V/LG-FASTDORMANCY( 3447): [DCH/FACH] FDCount : 0 prev: TxPkts(107117), RxPkts(130317)
04-13 22:10:06.052 V/LG-FASTDORMANCY( 3447): [DCH/FACH] FDCount : 0 curr: TxPkts(107160), RxPkts(130353)
04-13 22:10:06.054 I/LG-FASTDORMANCY( 3447): [DCH/FACH] FDCount : 0 Scheduling checkNetStat for 1000msec, current state is [DCH/FACH] FDCount : 0 
04-13 22:10:06.258 D/QtiGsmDCT( 3447): [0]updateDataActivity: curTxRxSum={txSum=107240 rxSum=130432} preTxRxSum={txSum=107117 rxSum=130317}
04-13 22:10:06.258 D/QtiGsmDCT( 3447): [0]updateDataActivity: sent=123 received=115
04-13 22:10:07.058 V/LG-FASTDORMANCY( 3447): [DCH/FACH] FDCount : 0 intent received :com.android.internal.telephony.ACTION_CHECK_NETSTAT
04-13 22:10:07.068 V/LG-FASTDORMANCY( 3447): [DCH/FACH] FDCount : 0 prev: TxPkts(107160), RxPkts(130353)
04-13 22:10:07.068 V/LG-FASTDORMANCY( 3447): [DCH/FACH] FDCount : 0 curr: TxPkts(107290), RxPkts(130492)
04-13 22:10:07.069 I/LG-FASTDORMANCY( 3447): [DCH/FACH] FDCount : 0 Scheduling checkNetStat for 1000msec, current state is [DCH/FACH] FDCount : 0 
04-13 22:10:07.262 D/QtiGsmDCT( 3447): [0]updateDataActivity: curTxRxSum={txSum=107365 rxSum=130567} preTxRxSum={txSum=107240 rxSum=130432}
04-13 22:10:07.262 D/QtiGsmDCT( 3447): [0]updateDataActivity: sent=125 received=135
04-13 22:10:07.268 I/RILC    (  370): RIL_SOCKET_1 UNSOLICITED: UNSOL_SIGNAL_STRENGTH length:68
04-13 22:10:07.268 E/RILC    (  370): Send Response to RIL_SOCKET_1
04-13 22:10:07.268 E/RILC    (  370): RIL Response bytes written:4
04-13 22:10:07.268 E/RILC    (  370): RIL Response bytes written:68
04-13 22:10:07.269 D/GsmSST  ( 3447): [GsmSST] ServiceStateTrackerEx:onSignalStrengthResult() isGsm=true DataRadioTech=15
04-13 22:10:07.269 W/LGSignalStrength( 3447): setDataRadioTechnology: dataRadioTechnology = 15
04-13 22:10:07.269 D/DefaultPhoneNotifier( 3447): notifySignalStrength: mRegistry=com.android.internal.telephony.ITelephonyRegistry$Stub$Proxy@ced2ad0 ss=SignalStrength: 11 0 -91 -80 -120 -1 -1 99 2147483647 2147483647 2147483647 2147483647 2147483647 gsm|lte 15 0 -91 -80 sender=Handler (com.qti.internal.telephony.gsm.QtiGSMPhone) {560d91e}
04-13 22:10:07.285 D/QtiGsmDCT( 3447): [0]getDataEnabled: getIntWithSubId retVal=true
04-13 22:10:08.071 V/LG-FASTDORMANCY( 3447): [DCH/FACH] FDCount : 0 intent received :com.android.internal.telephony.ACTION_CHECK_NETSTAT
04-13 22:10:08.075 V/LG-FASTDORMANCY( 3447): [DCH/FACH] FDCount : 0 prev: TxPkts(107290), RxPkts(130492)
04-13 22:10:08.075 V/LG-FASTDORMANCY( 3447): [DCH/FACH] FDCount : 0 curr: TxPkts(107421), RxPkts(130615)
04-13 22:10:08.078 I/LG-FASTDORMANCY( 3447): [DCH/FACH] FDCount : 0 Scheduling checkNetStat for 1000msec, current state is [DCH/FACH] FDCount : 0 
04-13 22:10:08.265 D/QtiGsmDCT( 3447): [0]updateDataActivity: curTxRxSum={txSum=107483 rxSum=130679} preTxRxSum={txSum=107365 rxSum=130567}
04-13 22:10:08.265 D/QtiGsmDCT( 3447): [0]updateDataActivity: sent=118 received=112
04-13 22:10:09.082 V/LG-FASTDORMANCY( 3447): [DCH/FACH] FDCount : 0 intent received :com.android.internal.telephony.ACTION_CHECK_NETSTAT
04-13 22:10:09.087 V/LG-FASTDORMANCY( 3447): [DCH/FACH] FDCount : 0 prev: TxPkts(107421), RxPkts(130615)
04-13 22:10:09.087 V/LG-FASTDORMANCY( 3447): [DCH/FACH] FDCount : 0 curr: TxPkts(107551), RxPkts(130749)
04-13 22:10:09.088 I/LG-FASTDORMANCY( 3447): [DCH/FACH] FDCount : 0 Scheduling checkNetStat for 1000msec, current state is [DCH/FACH] FDCount : 0 
04-13 22:10:09.269 D/QtiGsmDCT( 3447): [0]updateDataActivity: curTxRxSum={txSum=107551 rxSum=130749} preTxRxSum={txSum=107483 rxSum=130679}
04-13 22:10:09.270 D/QtiGsmDCT( 3447): [0]updateDataActivity: sent=68 received=70
04-13 22:10:10.092 V/LG-FASTDORMANCY( 3447): [DCH/FACH] FDCount : 0 intent received :com.android.internal.telephony.ACTION_CHECK_NETSTAT
04-13 22:10:10.096 V/LG-FASTDORMANCY( 3447): [DCH/FACH] FDCount : 0 prev: TxPkts(107551), RxPkts(130749)
04-13 22:10:10.096 V/LG-FASTDORMANCY( 3447): [DCH/FACH] FDCount : 0 curr: TxPkts(107551), RxPkts(130749)
04-13 22:10:10.097 I/LG-FASTDORMANCY( 3447): [DCH/FACH] FDCount : 1 Scheduling checkNetStat for 1000msec, current state is [DCH/FACH] FDCount : 1 
04-13 22:10:10.274 I/RILC    (  370): RIL_SOCKET_1 UNSOLICITED: UNSOL_SIGNAL_STRENGTH length:68
04-13 22:10:10.274 E/RILC    (  370): Send Response to RIL_SOCKET_1
04-13 22:10:10.274 E/RILC    (  370): RIL Response bytes written:4
04-13 22:10:10.274 E/RILC    (  370): RIL Response bytes written:68
04-13 22:10:10.277 D/QtiGsmDCT( 3447): [0]updateDataActivity: curTxRxSum={txSum=107551 rxSum=130749} preTxRxSum={txSum=107551 rxSum=130749}
04-13 22:10:10.277 D/QtiGsmDCT( 3447): [0]updateDataActivity: sent=0 received=0
04-13 22:10:10.278 D/QtiGsmDCT( 3447): [0]updateDataActivity: newActivity=NONE
04-13 22:10:10.281 D/GsmSST  ( 3447): [GsmSST] ServiceStateTrackerEx:onSignalStrengthResult() isGsm=true DataRadioTech=15
04-13 22:10:10.281 W/LGSignalStrength( 3447): setDataRadioTechnology: dataRadioTechnology = 15
04-13 22:10:10.281 D/DefaultPhoneNotifier( 3447): notifySignalStrength: mRegistry=com.android.internal.telephony.ITelephonyRegistry$Stub$Proxy@ced2ad0 ss=SignalStrength: 9 0 -96 -100 -120 -1 -1 99 2147483647 2147483647 2147483647 2147483647 2147483647 gsm|lte 15 0 -96 -100 sender=Handler (com.qti.internal.telephony.gsm.QtiGSMPhone) {560d91e}
04-13 22:10:10.286 D/QtiGsmDCT( 3447): [0]getDataEnabled: getIntWithSubId retVal=true
04-13 22:10:10.303 D/QtiGsmDCT( 3447): [0]getDataEnabled: getIntWithSubId retVal=true
04-13 22:10:11.101 V/LG-FASTDORMANCY( 3447): [DCH/FACH] FDCount : 1 intent received :com.android.internal.telephony.ACTION_CHECK_NETSTAT
04-13 22:10:11.106 V/LG-FASTDORMANCY( 3447): [DCH/FACH] FDCount : 1 prev: TxPkts(107551), RxPkts(130749)
04-13 22:10:11.106 V/LG-FASTDORMANCY( 3447): [DCH/FACH] FDCount : 1 curr: TxPkts(107609), RxPkts(130807)
04-13 22:10:11.107 I/LG-FASTDORMANCY( 3447): [DCH/FACH] FDCount : 0 Scheduling checkNetStat for 1000msec, current state is [DCH/FACH] FDCount : 0 
04-13 22:10:11.284 D/QtiGsmDCT( 3447): [0]updateDataActivity: curTxRxSum={txSum=107609 rxSum=130807} preTxRxSum={txSum=107551 rxSum=130749}
04-13 22:10:11.284 D/QtiGsmDCT( 3447): [0]updateDataActivity: sent=58 received=58
04-13 22:10:11.284 D/QtiGsmDCT( 3447): [0]updateDataActivity: newActivity=DATAINANDOUT
04-13 22:10:11.301 D/QtiGsmDCT( 3447): [0]getDataEnabled: getIntWithSubId retVal=true
04-13 22:10:12.113 V/LG-FASTDORMANCY( 3447): [DCH/FACH] FDCount : 0 intent received :com.android.internal.telephony.ACTION_CHECK_NETSTAT
04-13 22:10:12.116 V/LG-FASTDORMANCY( 3447): [DCH/FACH] FDCount : 0 prev: TxPkts(107609), RxPkts(130807)
04-13 22:10:12.116 V/LG-FASTDORMANCY( 3447): [DCH/FACH] FDCount : 0 curr: TxPkts(107609), RxPkts(130807)
04-13 22:10:12.116 I/LG-FASTDORMANCY( 3447): [DCH/FACH] FDCount : 1 Scheduling checkNetStat for 1000msec, current state is [DCH/FACH] FDCount : 1 
04-13 22:10:12.292 D/QtiGsmDCT( 3447): [0]updateDataActivity: curTxRxSum={txSum=107609 rxSum=130807} preTxRxSum={txSum=107609 rxSum=130807}
04-13 22:10:12.292 D/QtiGsmDCT( 3447): [0]updateDataActivity: sent=0 received=0
04-13 22:10:12.292 D/QtiGsmDCT( 3447): [0]updateDataActivity: newActivity=NONE
04-13 22:10:12.297 D/QtiGsmDCT( 3447): [0]getDataEnabled: getIntWithSubId retVal=true
04-13 22:10:13.121 V/LG-FASTDORMANCY( 3447): [DCH/FACH] FDCount : 1 intent received :com.android.internal.telephony.ACTION_CHECK_NETSTAT
04-13 22:10:13.124 V/LG-FASTDORMANCY( 3447): [DCH/FACH] FDCount : 1 prev: TxPkts(107609), RxPkts(130807)
04-13 22:10:13.124 V/LG-FASTDORMANCY( 3447): [DCH/FACH] FDCount : 1 curr: TxPkts(107609), RxPkts(130807)
04-13 22:10:13.126 I/LG-FASTDORMANCY( 3447): [DCH/FACH] FDCount : 2 Scheduling checkNetStat for 1000msec, current state is [DCH/FACH] FDCount : 2 
04-13 22:10:13.298 D/QtiGsmDCT( 3447): [0]updateDataActivity: curTxRxSum={txSum=107609 rxSum=130807} preTxRxSum={txSum=107609 rxSum=130807}
04-13 22:10:13.298 D/QtiGsmDCT( 3447): [0]updateDataActivity: sent=0 received=0
04-13 22:10:14.132 V/LG-FASTDORMANCY( 3447): [DCH/FACH] FDCount : 2 intent received :com.android.internal.telephony.ACTION_CHECK_NETSTAT
04-13 22:10:14.135 V/LG-FASTDORMANCY( 3447): [DCH/FACH] FDCount : 2 prev: TxPkts(107609), RxPkts(130807)
04-13 22:10:14.135 V/LG-FASTDORMANCY( 3447): [DCH/FACH] FDCount : 2 curr: TxPkts(107609), RxPkts(130807)
04-13 22:10:14.136 I/LG-FASTDORMANCY( 3447): [DCH/FACH] FDCount : 3 Scheduling checkNetStat for 1000msec, current state is [DCH/FACH] FDCount : 3 
04-13 22:10:14.306 D/QtiGsmDCT( 3447): [0]updateDataActivity: curTxRxSum={txSum=107609 rxSum=130807} preTxRxSum={txSum=107609 rxSum=130807}
04-13 22:10:14.306 D/QtiGsmDCT( 3447): [0]updateDataActivity: sent=0 received=0
04-13 22:10:15.127 D/QtiGsmDCT( 3447): [0]onReceive: action=com.android.internal.telephony.data-stall
04-13 22:10:15.129 D/QtiGsmDCT( 3447): [0]QtiDcTracker handleMessage msg={ when=-2ms what=270353 arg1=32273 obj=com.android.internal.telephony.data-stall target=com.qti.internal.telephony.dataconnection.QtiDcTracker }
04-13 22:10:15.130 D/QtiGsmDCT( 3447): [0]handleMessage msg={ when=-2ms what=270353 arg1=32273 obj=com.android.internal.telephony.data-stall target=com.qti.internal.telephony.dataconnection.QtiDcTracker }
04-13 22:10:15.141 D/QtiGsmDCT( 3447): [0]overall state is CONNECTED
04-13 22:10:15.143 V/LG-FASTDORMANCY( 3447): [DCH/FACH] FDCount : 3 intent received :com.android.internal.telephony.ACTION_CHECK_NETSTAT
04-13 22:10:15.147 V/LG-FASTDORMANCY( 3447): [DCH/FACH] FDCount : 3 prev: TxPkts(107609), RxPkts(130807)
04-13 22:10:15.147 V/LG-FASTDORMANCY( 3447): [DCH/FACH] FDCount : 3 curr: TxPkts(107875), RxPkts(131085)
04-13 22:10:15.149 I/LG-FASTDORMANCY( 3447): [DCH/FACH] FDCount : 0 Scheduling checkNetStat for 1000msec, current state is [DCH/FACH] FDCount : 0 
04-13 22:10:15.312 D/QtiGsmDCT( 3447): [0]updateDataActivity: curTxRxSum={txSum=107879 rxSum=131089} preTxRxSum={txSum=107609 rxSum=130807}
04-13 22:10:15.313 D/QtiGsmDCT( 3447): [0]updateDataActivity: sent=270 received=282
04-13 22:10:15.313 D/QtiGsmDCT( 3447): [0]updateDataActivity: newActivity=DATAINANDOUT
04-13 22:10:15.320 D/QtiGsmDCT( 3447): [0]getDataEnabled: getIntWithSubId retVal=true
04-13 22:10:16.153 V/LG-FASTDORMANCY( 3447): [DCH/FACH] FDCount : 0 intent received :com.android.internal.telephony.ACTION_CHECK_NETSTAT
04-13 22:10:16.156 V/LG-FASTDORMANCY( 3447): [DCH/FACH] FDCount : 0 prev: TxPkts(107875), RxPkts(131085)
04-13 22:10:16.156 V/LG-FASTDORMANCY( 3447): [DCH/FACH] FDCount : 0 curr: TxPkts(107980), RxPkts(131192)
04-13 22:10:16.157 I/LG-FASTDORMANCY( 3447): [DCH/FACH] FDCount : 0 Scheduling checkNetStat for 1000msec, current state is [DCH/FACH] FDCount : 0 
04-13 22:10:16.271 I/RILC    (  370): RIL_SOCKET_1 UNSOLICITED: UNSOL_SIGNAL_STRENGTH length:68
04-13 22:10:16.271 E/RILC    (  370): Send Response to RIL_SOCKET_1
04-13 22:10:16.272 E/RILC    (  370): RIL Response bytes written:4
04-13 22:10:16.272 E/RILC    (  370): RIL Response bytes written:68
04-13 22:10:16.272 D/GsmSST  ( 3447): [GsmSST] ServiceStateTrackerEx:onSignalStrengthResult() isGsm=true DataRadioTech=15
04-13 22:10:16.272 W/LGSignalStrength( 3447): setDataRadioTechnology: dataRadioTechnology = 15
04-13 22:10:16.273 D/DefaultPhoneNotifier( 3447): notifySignalStrength: mRegistry=com.android.internal.telephony.ITelephonyRegistry$Stub$Proxy@ced2ad0 ss=SignalStrength: 12 0 -90 -90 -120 -1 -1 99 2147483647 2147483647 2147483647 2147483647 2147483647 gsm|lte 15 0 -90 -90 sender=Handler (com.qti.internal.telephony.gsm.QtiGSMPhone) {560d91e}
04-13 22:10:16.285 D/QtiGsmDCT( 3447): [0]getDataEnabled: getIntWithSubId retVal=true
04-13 22:10:16.318 D/QtiGsmDCT( 3447): [0]updateDataActivity: curTxRxSum={txSum=108014 rxSum=131224} preTxRxSum={txSum=107879 rxSum=131089}
04-13 22:10:16.318 D/QtiGsmDCT( 3447): [0]updateDataActivity: sent=135 received=135
04-13 22:10:17.161 V/LG-FASTDORMANCY( 3447): [DCH/FACH] FDCount : 0 intent received :com.android.internal.telephony.ACTION_CHECK_NETSTAT
04-13 22:10:17.166 V/LG-FASTDORMANCY( 3447): [DCH/FACH] FDCount : 0 prev: TxPkts(107980), RxPkts(131192)
04-13 22:10:17.166 V/LG-FASTDORMANCY( 3447): [DCH/FACH] FDCount : 0 curr: TxPkts(108052), RxPkts(131262)
04-13 22:10:17.168 I/LG-FASTDORMANCY( 3447): [DCH/FACH] FDCount : 0 Scheduling checkNetStat for 1000msec, current state is [DCH/FACH] FDCount : 0 
04-13 22:10:17.321 D/QtiGsmDCT( 3447): [0]updateDataActivity: curTxRxSum={txSum=108054 rxSum=131264} preTxRxSum={txSum=108014 rxSum=131224}
04-13 22:10:17.321 D/QtiGsmDCT( 3447): [0]updateDataActivity: sent=40 received=40
04-13 22:10:18.171 V/LG-FASTDORMANCY( 3447): [DCH/FACH] FDCount : 0 intent received :com.android.internal.telephony.ACTION_CHECK_NETSTAT
04-13 22:10:18.177 V/LG-FASTDORMANCY( 3447): [DCH/FACH] FDCount : 0 prev: TxPkts(108052), RxPkts(131262)
04-13 22:10:18.177 V/LG-FASTDORMANCY( 3447): [DCH/FACH] FDCount : 0 curr: TxPkts(108184), RxPkts(131394)
04-13 22:10:18.178 I/LG-FASTDORMANCY( 3447): [DCH/FACH] FDCount : 0 Scheduling checkNetStat for 1000msec, current state is [DCH/FACH] FDCount : 0 
04-13 22:10:18.325 D/QtiGsmDCT( 3447): [0]updateDataActivity: curTxRxSum={txSum=108214 rxSum=131424} preTxRxSum={txSum=108054 rxSum=131264}
04-13 22:10:18.325 D/QtiGsmDCT( 3447): [0]updateDataActivity: sent=160 received=160
04-13 22:10:19.183 V/LG-FASTDORMANCY( 3447): [DCH/FACH] FDCount : 0 intent received :com.android.internal.telephony.ACTION_CHECK_NETSTAT
04-13 22:10:19.189 V/LG-FASTDORMANCY( 3447): [DCH/FACH] FDCount : 0 prev: TxPkts(108184), RxPkts(131394)
04-13 22:10:19.189 V/LG-FASTDORMANCY( 3447): [DCH/FACH] FDCount : 0 curr: TxPkts(108247), RxPkts(131454)
04-13 22:10:19.190 I/LG-FASTDORMANCY( 3447): [DCH/FACH] FDCount : 0 Scheduling checkNetStat for 1000msec, current state is [DCH/FACH] FDCount : 0 
04-13 22:10:19.331 D/QtiGsmDCT( 3447): [0]updateDataActivity: curTxRxSum={txSum=108359 rxSum=131582} preTxRxSum={txSum=108214 rxSum=131424}
04-13 22:10:19.331 D/QtiGsmDCT( 3447): [0]updateDataActivity: sent=145 received=158
04-13 22:10:20.194 V/LG-FASTDORMANCY( 3447): [DCH/FACH] FDCount : 0 intent received :com.android.internal.telephony.ACTION_CHECK_NETSTAT
04-13 22:10:20.197 V/LG-FASTDORMANCY( 3447): [DCH/FACH] FDCount : 0 prev: TxPkts(108247), RxPkts(131454)
04-13 22:10:20.197 V/LG-FASTDORMANCY( 3447): [DCH/FACH] FDCount : 0 curr: TxPkts(108404), RxPkts(131640)
04-13 22:10:20.197 I/LG-FASTDORMANCY( 3447): [DCH/FACH] FDCount : 0 Scheduling checkNetStat for 1000msec, current state is [DCH/FACH] FDCount : 0 
04-13 22:10:20.335 D/QtiGsmDCT( 3447): [0]updateDataActivity: curTxRxSum={txSum=108410 rxSum=131646} preTxRxSum={txSum=108359 rxSum=131582}
04-13 22:10:20.335 D/QtiGsmDCT( 3447): [0]updateDataActivity: sent=51 received=64
04-13 22:10:21.203 V/LG-FASTDORMANCY( 3447): [DCH/FACH] FDCount : 0 intent received :com.android.internal.telephony.ACTION_CHECK_NETSTAT
04-13 22:10:21.207 V/LG-FASTDORMANCY( 3447): [DCH/FACH] FDCount : 0 prev: TxPkts(108404), RxPkts(131640)
04-13 22:10:21.207 V/LG-FASTDORMANCY( 3447): [DCH/FACH] FDCount : 0 curr: TxPkts(108410), RxPkts(131646)
04-13 22:10:21.208 I/LG-FASTDORMANCY( 3447): [DCH/FACH] FDCount : 0 Scheduling checkNetStat for 1000msec, current state is [DCH/FACH] FDCount : 0 
04-13 22:10:21.342 D/QtiGsmDCT( 3447): [0]updateDataActivity: curTxRxSum={txSum=108412 rxSum=131646} preTxRxSum={txSum=108410 rxSum=131646}
04-13 22:10:21.342 D/QtiGsmDCT( 3447): [0]updateDataActivity: sent=2 received=0
04-13 22:10:21.342 D/QtiGsmDCT( 3447): [0]updateDataActivity: newActivity=DATAOUT
04-13 22:10:21.354 D/QtiGsmDCT( 3447): [0]getDataEnabled: getIntWithSubId retVal=true
04-13 22:10:22.213 V/LG-FASTDORMANCY( 3447): [DCH/FACH] FDCount : 0 intent received :com.android.internal.telephony.ACTION_CHECK_NETSTAT
04-13 22:10:22.217 V/LG-FASTDORMANCY( 3447): [DCH/FACH] FDCount : 0 prev: TxPkts(108410), RxPkts(131646)
04-13 22:10:22.217 V/LG-FASTDORMANCY( 3447): [DCH/FACH] FDCount : 0 curr: TxPkts(108552), RxPkts(131788)
04-13 22:10:22.218 I/LG-FASTDORMANCY( 3447): [DCH/FACH] FDCount : 0 Scheduling checkNetStat for 1000msec, current state is [DCH/FACH] FDCount : 0 
04-13 22:10:22.272 I/RILC    (  370): RIL_SOCKET_1 UNSOLICITED: UNSOL_SIGNAL_STRENGTH length:68
04-13 22:10:22.273 E/RILC    (  370): Send Response to RIL_SOCKET_1
04-13 22:10:22.273 E/RILC    (  370): RIL Response bytes written:4
04-13 22:10:22.273 E/RILC    (  370): RIL Response bytes written:68
04-13 22:10:22.274 D/GsmSST  ( 3447): [GsmSST] ServiceStateTrackerEx:onSignalStrengthResult() isGsm=true DataRadioTech=15
04-13 22:10:22.274 W/LGSignalStrength( 3447): setDataRadioTechnology: dataRadioTechnology = 15
04-13 22:10:22.274 D/DefaultPhoneNotifier( 3447): notifySignalStrength: mRegistry=com.android.internal.telephony.ITelephonyRegistry$Stub$Proxy@ced2ad0 ss=SignalStrength: 9 0 -95 -80 -120 -1 -1 99 2147483647 2147483647 2147483647 2147483647 2147483647 gsm|lte 15 0 -95 -80 sender=Handler (com.qti.internal.telephony.gsm.QtiGSMPhone) {560d91e}
04-13 22:10:22.287 D/QtiGsmDCT( 3447): [0]getDataEnabled: getIntWithSubId retVal=true
04-13 22:10:22.349 D/QtiGsmDCT( 3447): [0]updateDataActivity: curTxRxSum={txSum=108552 rxSum=131788} preTxRxSum={txSum=108412 rxSum=131646}
04-13 22:10:22.350 D/QtiGsmDCT( 3447): [0]updateDataActivity: sent=140 received=142
04-13 22:10:22.350 D/QtiGsmDCT( 3447): [0]updateDataActivity: newActivity=DATAINANDOUT
04-13 22:10:22.355 D/QtiGsmDCT( 3447): [0]getDataEnabled: getIntWithSubId retVal=true
04-13 22:10:23.223 V/LG-FASTDORMANCY( 3447): [DCH/FACH] FDCount : 0 intent received :com.android.internal.telephony.ACTION_CHECK_NETSTAT
04-13 22:10:23.227 V/LG-FASTDORMANCY( 3447): [DCH/FACH] FDCount : 0 prev: TxPkts(108552), RxPkts(131788)
04-13 22:10:23.227 V/LG-FASTDORMANCY( 3447): [DCH/FACH] FDCount : 0 curr: TxPkts(108552), RxPkts(131788)
04-13 22:10:23.227 I/LG-FASTDORMANCY( 3447): [DCH/FACH] FDCount : 1 Scheduling checkNetStat for 1000msec, current state is [DCH/FACH] FDCount : 1 
04-13 22:10:23.355 D/QtiGsmDCT( 3447): [0]updateDataActivity: curTxRxSum={txSum=108552 rxSum=131788} preTxRxSum={txSum=108552 rxSum=131788}
04-13 22:10:23.355 D/QtiGsmDCT( 3447): [0]updateDataActivity: sent=0 received=0
04-13 22:10:23.355 D/QtiGsmDCT( 3447): [0]updateDataActivity: newActivity=NONE
04-13 22:10:23.360 D/QtiGsmDCT( 3447): [0]getDataEnabled: getIntWithSubId retVal=true
04-13 22:10:24.231 V/LG-FASTDORMANCY( 3447): [DCH/FACH] FDCount : 1 intent received :com.android.internal.telephony.ACTION_CHECK_NETSTAT
04-13 22:10:24.234 V/LG-FASTDORMANCY( 3447): [DCH/FACH] FDCount : 1 prev: TxPkts(108552), RxPkts(131788)
04-13 22:10:24.235 V/LG-FASTDORMANCY( 3447): [DCH/FACH] FDCount : 1 curr: TxPkts(108616), RxPkts(131856)
04-13 22:10:24.235 I/LG-FASTDORMANCY( 3447): [DCH/FACH] FDCount : 0 Scheduling checkNetStat for 1000msec, current state is [DCH/FACH] FDCount : 0 
04-13 22:10:24.361 D/QtiGsmDCT( 3447): [0]updateDataActivity: curTxRxSum={txSum=108616 rxSum=131856} preTxRxSum={txSum=108552 rxSum=131788}
04-13 22:10:24.361 D/QtiGsmDCT( 3447): [0]updateDataActivity: sent=64 received=68
04-13 22:10:24.361 D/QtiGsmDCT( 3447): [0]updateDataActivity: newActivity=DATAINANDOUT
04-13 22:10:24.367 D/QtiGsmDCT( 3447): [0]getDataEnabled: getIntWithSubId retVal=true
04-13 22:10:25.239 V/LG-FASTDORMANCY( 3447): [DCH/FACH] FDCount : 0 intent received :com.android.internal.telephony.ACTION_CHECK_NETSTAT
04-13 22:10:25.244 V/LG-FASTDORMANCY( 3447): [DCH/FACH] FDCount : 0 prev: TxPkts(108616), RxPkts(131856)
04-13 22:10:25.244 V/LG-FASTDORMANCY( 3447): [DCH/FACH] FDCount : 0 curr: TxPkts(108664), RxPkts(131904)
04-13 22:10:25.248 I/LG-FASTDORMANCY( 3447): [DCH/FACH] FDCount : 0 Scheduling checkNetStat for 1000msec, current state is [DCH/FACH] FDCount : 0 
04-13 22:10:25.367 D/QtiGsmDCT( 3447): [0]updateDataActivity: curTxRxSum={txSum=108678 rxSum=131918} preTxRxSum={txSum=108616 rxSum=131856}
04-13 22:10:25.367 D/QtiGsmDCT( 3447): [0]updateDataActivity: sent=62 received=62
04-13 22:10:26.257 V/LG-FASTDORMANCY( 3447): [DCH/FACH] FDCount : 0 intent received :com.android.internal.telephony.ACTION_CHECK_NETSTAT
04-13 22:10:26.261 V/LG-FASTDORMANCY( 3447): [DCH/FACH] FDCount : 0 prev: TxPkts(108664), RxPkts(131904)
04-13 22:10:26.261 V/LG-FASTDORMANCY( 3447): [DCH/FACH] FDCount : 0 curr: TxPkts(108678), RxPkts(131918)
04-13 22:10:26.262 I/LG-FASTDORMANCY( 3447): [DCH/FACH] FDCount : 0 Scheduling checkNetStat for 1000msec, current state is [DCH/FACH] FDCount : 0 
04-13 22:10:26.373 D/QtiGsmDCT( 3447): [0]updateDataActivity: curTxRxSum={txSum=108678 rxSum=131918} preTxRxSum={txSum=108678 rxSum=131918}
04-13 22:10:26.373 D/QtiGsmDCT( 3447): [0]updateDataActivity: sent=0 received=0
04-13 22:10:26.373 D/QtiGsmDCT( 3447): [0]updateDataActivity: newActivity=NONE
04-13 22:10:26.379 D/QtiGsmDCT( 3447): [0]getDataEnabled: getIntWithSubId retVal=true
04-13 22:10:27.268 V/LG-FASTDORMANCY( 3447): [DCH/FACH] FDCount : 0 intent received :com.android.internal.telephony.ACTION_CHECK_NETSTAT
04-13 22:10:27.273 V/LG-FASTDORMANCY( 3447): [DCH/FACH] FDCount : 0 prev: TxPkts(108678), RxPkts(131918)
04-13 22:10:27.273 V/LG-FASTDORMANCY( 3447): [DCH/FACH] FDCount : 0 curr: TxPkts(108678), RxPkts(131918)
04-13 22:10:27.274 I/LG-FASTDORMANCY( 3447): [DCH/FACH] FDCount : 1 Scheduling checkNetStat for 1000msec, current state is [DCH/FACH] FDCount : 1 
04-13 22:10:27.379 D/QtiGsmDCT( 3447): [0]updateDataActivity: curTxRxSum={txSum=108678 rxSum=131918} preTxRxSum={txSum=108678 rxSum=131918}
04-13 22:10:27.379 D/QtiGsmDCT( 3447): [0]updateDataActivity: sent=0 received=0
04-13 22:10:28.278 V/LG-FASTDORMANCY( 3447): [DCH/FACH] FDCount : 1 intent received :com.android.internal.telephony.ACTION_CHECK_NETSTAT
04-13 22:10:28.281 V/LG-FASTDORMANCY( 3447): [DCH/FACH] FDCount : 1 prev: TxPkts(108678), RxPkts(131918)
04-13 22:10:28.281 V/LG-FASTDORMANCY( 3447): [DCH/FACH] FDCount : 1 curr: TxPkts(108708), RxPkts(131948)
04-13 22:10:28.282 I/LG-FASTDORMANCY( 3447): [DCH/FACH] FDCount : 0 Scheduling checkNetStat for 1000msec, current state is [DCH/FACH] FDCount : 0 
04-13 22:10:28.383 D/QtiGsmDCT( 3447): [0]updateDataActivity: curTxRxSum={txSum=108708 rxSum=131948} preTxRxSum={txSum=108678 rxSum=131918}
04-13 22:10:28.383 D/QtiGsmDCT( 3447): [0]updateDataActivity: sent=30 received=30
04-13 22:10:28.383 D/QtiGsmDCT( 3447): [0]updateDataActivity: newActivity=DATAINANDOUT
04-13 22:10:28.390 D/QtiGsmDCT( 3447): [0]getDataEnabled: getIntWithSubId retVal=true
04-13 22:10:29.284 V/LG-FASTDORMANCY( 3447): [DCH/FACH] FDCount : 0 intent received :com.android.internal.telephony.ACTION_CHECK_NETSTAT
04-13 22:10:29.289 V/LG-FASTDORMANCY( 3447): [DCH/FACH] FDCount : 0 prev: TxPkts(108708), RxPkts(131948)
04-13 22:10:29.289 V/LG-FASTDORMANCY( 3447): [DCH/FACH] FDCount : 0 curr: TxPkts(108832), RxPkts(132106)
04-13 22:10:29.290 I/LG-FASTDORMANCY( 3447): [DCH/FACH] FDCount : 0 Scheduling checkNetStat for 1000msec, current state is [DCH/FACH] FDCount : 0 
04-13 22:10:29.393 D/QtiGsmDCT( 3447): [0]updateDataActivity: curTxRxSum={txSum=108834 rxSum=132106} preTxRxSum={txSum=108708 rxSum=131948}
04-13 22:10:29.394 D/QtiGsmDCT( 3447): [0]updateDataActivity: sent=126 received=158
04-13 22:10:30.294 V/LG-FASTDORMANCY( 3447): [DCH/FACH] FDCount : 0 intent received :com.android.internal.telephony.ACTION_CHECK_NETSTAT
04-13 22:10:30.299 V/LG-FASTDORMANCY( 3447): [DCH/FACH] FDCount : 0 prev: TxPkts(108832), RxPkts(132106)
04-13 22:10:30.299 V/LG-FASTDORMANCY( 3447): [DCH/FACH] FDCount : 0 curr: TxPkts(108932), RxPkts(132234)
04-13 22:10:30.300 I/LG-FASTDORMANCY( 3447): [DCH/FACH] FDCount : 0 Scheduling checkNetStat for 1000msec, current state is [DCH/FACH] FDCount : 0 
04-13 22:10:30.396 D/QtiGsmDCT( 3447): [0]updateDataActivity: curTxRxSum={txSum=108932 rxSum=132234} preTxRxSum={txSum=108834 rxSum=132106}
04-13 22:10:30.396 D/QtiGsmDCT( 3447): [0]updateDataActivity: sent=98 received=128
