04-13 22:07:52.596 D/QtiGsmDCT( 3447): [0]QtiDcTracker handleMessage msg={ when=0 what=270340 obj=android.os.AsyncResult@19aa0c2 target=com.qti.internal.telephony.dataconnection.QtiDcTracker }
04-13 22:07:52.596 D/QtiGsmDCT( 3447): [0]handleMessage msg={ when=-1ms what=270340 obj=android.os.AsyncResult@19aa0c2 target=com.qti.internal.telephony.dataconnection.QtiDcTracker }
04-13 22:07:52.596 I/LG-FASTDORMANCY( 3447): [IDLE] Data call list changed.
04-13 22:07:52.596 E/DATA    ( 3447): Unidentified event msg={ when=-1ms what=270340 obj=android.os.AsyncResult@19aa0c2 target=com.qti.internal.telephony.dataconnection.QtiDcTracker }
04-13 22:07:52.596 I/LG-FASTDORMANCY( 3447): [IDLE] [DataCallResponse: {version=11 status=0 retry=-1 cid=0 active=2 type=IPV6 ifname=rmnet_data0 mtu=1500 addresses=[2a00:0f41:30c5:feb9:e6db:0f93:92c6:4a88/64] dnses=[2a01:1700:0003:ffff:0000:0000:0000:9822,2a01:1700:0002:ffff:0000:0000:0000:9f01] gateways=[fe80:0000:0000:0000:0167:077c:95a5:9420] pcscf=[]}]
04-13 22:07:52.596 I/LG-FASTDORMANCY( 3447): [IDLE] prev:[IDLE] , curr:false
04-13 22:07:52.597 D/QtiGsmDCT( 3447): [0]fetchDunApn: Ignore the dun apn in settings.db
04-13 22:07:52.597 D/LG-FASTDORMANCY( 3447): [IDLE] isUMTS(): RadioTech(10)
04-13 22:07:52.598 D/LG-FASTDORMANCY( 3447): [IDLE] Exit from IDLE State
04-13 22:07:52.598 D/LG-FASTDORMANCY( 3447): [DCH/FACH] FDCount : 0 Enter to DCH or FACH State
04-13 22:07:52.600 D/LG-FASTDORMANCY( 3447): [DCH/FACH] FDCount : 0 isUMTS(): RadioTech(10)
04-13 22:07:52.601 I/LG-FASTDORMANCY( 3447): [DCH/FACH] FDCount : 0 Scheduling checkNetStat for 1000msec, current state is [DCH/FACH] FDCount : 0 
04-13 22:07:52.607 I/RILC    (  370): RIL_SOCKET_1 UNSOLICITED: UNSOL_RESPONSE_VOICE_NETWORK_STATE_CHANGED length:8
04-13 22:07:52.607 E/RILC    (  370): Send Response to RIL_SOCKET_1
04-13 22:07:52.607 E/RILC    (  370): RIL Response bytes written:4
04-13 22:07:52.607 E/RILC    (  370): RIL Response bytes written:8
04-13 22:07:52.607 D/RILJ    ( 3447): [UNSL]< UNSOL_RESPONSE_VOICE_NETWORK_STATE_CHANGED [SUB0]
04-13 22:07:52.608 D/RILJ    ( 3447): [8796]> OPERATOR [SUB0]
04-13 22:07:52.610 D/RILJ    ( 3447): [8797]> DATA_REGISTRATION_STATE [SUB0]
04-13 22:07:52.610 D/RILC    (  370): SOCKET RIL_SOCKET_1 REQUEST: OPERATOR length:8
04-13 22:07:52.612 D/RILJ    ( 3447): [8798]> VOICE_REGISTRATION_STATE [SUB0]
04-13 22:07:52.612 D/RILC    (  370): SOCKET RIL_SOCKET_1 REQUEST: DATA_REGISTRATION_STATE length:8
04-13 22:07:52.613 D/RILJ    ( 3447): [8799]> QUERY_NETWORK_SELECTION_MODE [SUB0]
04-13 22:07:52.614 D/RILC    (  370): SOCKET RIL_SOCKET_1 REQUEST: VOICE_REGISTRATION_STATE length:8
04-13 22:07:52.616 D/RILC    (  370): SOCKET RIL_SOCKET_1 REQUEST: QUERY_NETWORK_SELECTION_MODE length:8
04-13 22:07:52.617 D/RILC    (  370): RequestComplete, RIL_SOCKET_1
04-13 22:07:52.617 E/RILC    (  370): Send Response to RIL_SOCKET_1
04-13 22:07:52.617 E/RILC    (  370): RIL Response bytes written:4
04-13 22:07:52.617 E/RILC    (  370): RIL Response bytes written:72
04-13 22:07:52.617 D/RILJ    ( 3447): [8792]< OPERATOR {Orange, Orange, 26003} [SUB0]
04-13 22:07:52.618 D/RILC    (  370): RequestComplete, RIL_SOCKET_1
04-13 22:07:52.618 E/RILC    (  370): Send Response to RIL_SOCKET_1
04-13 22:07:52.618 E/RILC    (  370): RIL Response bytes written:4
04-13 22:07:52.618 E/RILC    (  370): RIL Response bytes written:72
04-13 22:07:52.618 D/RILJ    ( 3447): [8796]< OPERATOR {Orange, Orange, 26003} [SUB0]
04-13 22:07:52.621 D/RILC    (  370): RequestComplete, RIL_SOCKET_1
04-13 22:07:52.621 E/RILC    (  370): Send Response to RIL_SOCKET_1
04-13 22:07:52.621 E/RILC    (  370): RIL Response bytes written:4
04-13 22:07:52.621 E/RILC    (  370): RIL Response bytes written:20
04-13 22:07:52.621 D/RILC    (  370): RequestComplete, RIL_SOCKET_1
04-13 22:07:52.621 E/RILC    (  370): Send Response to RIL_SOCKET_1
04-13 22:07:52.621 E/RILC    (  370): RIL Response bytes written:4
04-13 22:07:52.621 E/RILC    (  370): RIL Response bytes written:20
04-13 22:07:52.622 D/RILJ    ( 3447): [8795]< QUERY_NETWORK_SELECTION_MODE {0} [SUB0]
04-13 22:07:52.622 D/RILJ    ( 3447): [8799]< QUERY_NETWORK_SELECTION_MODE {0} [SUB0]
04-13 22:07:52.624 D/RILC    (  370): RequestComplete, RIL_SOCKET_1
04-13 22:07:52.625 E/RILC    (  370): Send Response to RIL_SOCKET_1
04-13 22:07:52.625 E/RILC    (  370): RIL Response bytes written:4
04-13 22:07:52.625 D/RILJ    ( 3447): [8797]< DATA_REGISTRATION_STATE {1, dff2, 02bec81c, 15, null, 20, null, null, null, null, null, 0} [SUB0]
04-13 22:07:52.625 E/RILC    (  370): RIL Response bytes written:120
04-13 22:07:52.625 D/GsmSST  ( 3447): isSFROperators result = false
04-13 22:07:52.625 D/PHONE   ( 3447): [ServiceState] setDataRegState=0
04-13 22:07:52.625 D/PHONE   ( 3447): [ServiceState] setDataRadioTechnology=15
04-13 22:07:52.626 D/GsmSST  ( 3447): [GsmSST] LOGRadioInfo : In Service
04-13 22:07:52.626 D/GsmSST  ( 3447): [GsmSST] handlPollStateResultMessage: GsmSST setDataRegState=0 regState=1 dataRadioTechnology=15
04-13 22:07:52.627 D/RILC    (  370): RequestComplete, RIL_SOCKET_1
04-13 22:07:52.627 E/RILC    (  370): Send Response to RIL_SOCKET_1
04-13 22:07:52.628 E/RILC    (  370): RIL Response bytes written:4
04-13 22:07:52.629 D/RILJ    ( 3447): [8798]< VOICE_REGISTRATION_STATE {1, dff2, 02bec81c, 3, null, null, null, 0, null, null, 1, null, null, 0, 1d8} [SUB0]
04-13 22:07:52.630 E/RILC    (  370): RIL Response bytes written:136
04-13 22:07:52.630 D/PHONE   ( 3447): [ServiceState] setVoiceRegState=0
04-13 22:07:52.630 E/PHONE   ( 3447): [ServiceState] setState deprecated use setVoiceRegState()
04-13 22:07:52.631 D/GsmSST  ( 3447): [GsmSST] LOGRadioInfo : In Service
04-13 22:07:52.633 D/GsmSST  ( 3447): [GsmSST] Poll ServiceState done:  oldSS=[0 0 voice home data home Orange Orange 26003 Orange Orange 26003  UMTS HSPA CSS not supported -1 -1 RoamInd=-1 DefRoamInd=-1 EmergOnly=false IsDataRoamingFromRegistration=false mIsVoiceSearching=false mIsDataSearching=false mVoiceNetworkName=null mDataNetworkName=null Check64QAM0 Dual carrier0] newSS=[0 0 voice home data home Orange Orange 26003 Orange Orange 26003  UMTS HSPAP CSS not supported -1 -1 RoamInd=-1 DefRoamInd=-1 EmergOnly=false IsDataRoamingFromRegistration=false mIsVoiceSearching=false mIsDataSearching=false mVoiceNetworkName=null mDataNetworkName=null Check64QAM0 Dual carrier0] oldMaxDataCalls=20 mNewMaxDataCalls=20 oldReasonDataDenied=-1 mNewReasonDataDenied=-1
04-13 22:07:52.633 D/QtiGsmDCT( 3447): [0]fetchDunApn: config_tether_apndata dunSetting=null
04-13 22:07:52.633 D/PHONE   ( 3447): [ServiceState] setNullState=1
04-13 22:07:52.633 D/DC-1    ( 3447): isInternetRequested = true
04-13 22:07:52.633 D/TelephonyManager( 3447): setTelephonyProperty: success phoneId=0 property=gsm.network.type value: UMTS propVal=UMTS
04-13 22:07:52.633 D/Dcc     ( 3447): onDataStateChanged: dcsList=[DataCallResponse: {version=11 status=0 retry=-1 cid=0 active=2 type=IPV6 ifname=rmnet_data0 mtu=1500 addresses=[2a00:0f41:30c5:feb9:e6db:0f93:92c6:4a88/64] dnses=[2a01:1700:0003:ffff:0000:0000:0000:9822,2a01:1700:0002:ffff:0000:0000:0000:9f01] gateways=[fe80:0000:0000:0000:0167:077c:95a5:9420] pcscf=[]}] mDcListActiveByCid={0={DC-1: State=DcActiveState mApnSetting=[ApnSettingV3] Orange Internet, 695, 26003, internetipv6, , , , , , 1, default | dun | hipri | supl, IPV6, IP, true, 0, 0, 1, false, 0, 0, 0, 0, , , 0, ,  RefCount=1 mCid=0 mCreateTime=-1 mLastastFailTime=-1 mLastFailCause=NONE mTag=6 mRetryManager=RetryManager: { forever=false maxRetry=10 curMaxRetry=0 retry=0 config={default_randomization=2000,5000,10000,20000,40000,80000:5000,160000:5000,320000:5000,640000:5000,1280000:5000,1800000:5000} retryArray={5000:2000 10000:2000 20000:2000 40000:2000 80000:5000 160000:5000 320000:5000 640000:5000 1280000:5000 1800000:5000 }} mLinkProperties={InterfaceName: rmnet_data0 LinkAddresses: [2a00:f41:30c5:feb9:e6db:f93:92c6:4a88/64,]  Routes: [::/0 -> fe80::167:77c:95a5:9420 rmnet_data0,] DnsAddresses: [2a01:1700:3:ffff::9822,2a01:1700:2:ffff::9f01,] Domains: null MTU: 1500 TcpBufferSizes: 40778,244668,3461120,16777,140625,3461120} linkCapabilities=[ Transports: CELLULAR Capabilities: SUPL&DUN&INTERNET&NOT_RESTRICTED&TRUSTED&NOT_VPN LinkUpBandwidth>=5898Kbps LinkDnBandwidth>=14336Kbps Specifier: <2>] mApnContexts=[{mApnType=default mState=CONNECTED mWaitingApns={[[ApnSettingV3] Orange Internet, 695, 26003, internetipv6, , , , , , 1, default | dun | hipri | supl, IPV6, IP, true, 0, 0, 1, false, 0, 0, 0, 0, , , 0, , ]} mWaitingApnsPermanentFailureCountDown=1 mApnSetting={[ApnSettingV3] Orange Internet, 695, 26003, internetipv6, , , , , , 1, default | dun | hipri | supl, IPV6, IP, true, 0, 0, 1, false, 0, 0, 0, 0, , , 0, , } mReason=connected mDataEnabled=true mDependencyMet=true}]}}
04-13 22:07:52.633 D/Dcc     ( 3447): onDataStateChanged: dcsToRetry=[]
04-13 22:07:52.634 D/Dcc     ( 3447): onDataStateChanged: Found ConnId=0 newState=DataCallResponse: {version=11 status=0 retry=-1 cid=0 active=2 type=IPV6 ifname=rmnet_data0 mtu=1500 addresses=[2a00:0f41:30c5:feb9:e6db:0f93:92c6:4a88/64] dnses=[2a01:1700:0003:ffff:0000:0000:0000:9822,2a01:1700:0002:ffff:0000:0000:0000:9f01] gateways=[fe80:0000:0000:0000:0167:077c:95a5:9420] pcscf=[]}
04-13 22:07:52.634 D/DataCallResponse( 3447): addr/pl=2a00:0f41:30c5:feb9:e6db:0f93:92c6:4a88/64
04-13 22:07:52.634 D/DC-1    ( 3447): MTU set by call response to: 1500
04-13 22:07:52.634 D/Dcc     ( 3447): onDataStateChanged: no change
04-13 22:07:52.634 D/Dcc     ( 3447): onDataStateChanged: Data Activity updated to NONE. isAnyDataCallActive = true isAnyDataCallDormant = false
04-13 22:07:52.634 D/Dcc     ( 3447): onDataStateChanged: Skip startNetStatPoll
04-13 22:07:52.634 D/Dcc     ( 3447): onDataStateChanged: dcsToRetry=[] apnsToCleanup=[]
04-13 22:07:52.634 D/Dcc     ( 3447): onDataStateChanged: X
04-13 22:07:52.638 D/SIMRecords( 3447): [SIMRecords] getServiceProviderName: no brandOverride
04-13 22:07:52.638 D/SIMRecords( 3447): [SIMRecords] getServiceProviderName: providerName=Orange
04-13 22:07:52.638 D/SIMRecords( 3447): [SIMRecords] getServiceProviderName: no brandOverride
04-13 22:07:52.638 D/SIMRecords( 3447): [SIMRecords] getServiceProviderName: providerName=Orange
04-13 22:07:52.638 D/GSMPhoneEx( 3447): grandblue SpnMvno = Orange operator = 26003 simMcc  = 260 simMnc  = 03
04-13 22:07:52.638 D/GSMPhoneEx( 3447): grandblue after SpnMvno = Orange operator = 26003 simMcc  = 260 simMnc  = 03
04-13 22:07:52.639 D/TelephonyManager( 3447): setTelephonyProperty: success phoneId=0 property=gsm.operator.alpha value: Orange propVal=Orange
04-13 22:07:52.640 D/TelephonyManager( 3447): setTelephonyProperty: success phoneId=0 property=gsm.operator.numeric value: 26003 propVal=26003
04-13 22:07:52.642 D/TelephonyManager( 3447): setTelephonyProperty: success phoneId=0 property=gsm.operator.iso-country value: pl propVal=pl
04-13 22:07:52.647 D/GsmSST  ( 3447): [GsmSST] shouldFixTimeZoneNow: retVal=false iccCardExist=true operatorNumeric=26003 mcc=260 prevOperatorNumeric=26003 prevMcc=260 needToFixTimeZone=false ltod=04-13 22:07:52.646
04-13 22:07:52.647 D/TelephonyManager( 3447): setTelephonyProperty: success phoneId=0 property=gsm.operator.isroaming value: false propVal=false
04-13 22:07:52.648 D/TelephonyManager( 3447): setTelephonyProperty: success phoneId=0 property=ril.cdma.voiceinservice value: true propVal=true
04-13 22:07:52.648 D/GsmSST  ( 3447): [GsmSST] Broadcasting ServiceState : 0 0 voice home data home Orange Orange 26003 Orange Orange 26003  UMTS HSPAP CSS not supported -1 -1 RoamInd=-1 DefRoamInd=-1 EmergOnly=false IsDataRoamingFromRegistration=false mIsVoiceSearching=false mIsDataSearching=false mVoiceNetworkName=null mDataNetworkName=null Check64QAM0 Dual carrier0
04-13 22:07:52.648 D/DefaultPhoneNotifier( 3447): nofityServiceState: mRegistry=com.android.internal.telephony.ITelephonyRegistry$Stub$Proxy@ced2ad0 ss=0 0 voice home data home Orange Orange 26003 Orange Orange 26003  UMTS HSPAP CSS not supported -1 -1 RoamInd=-1 DefRoamInd=-1 EmergOnly=false IsDataRoamingFromRegistration=false mIsVoiceSearching=false mIsDataSearching=false mVoiceNetworkName=null mDataNetworkName=null Check64QAM0 Dual carrier0 sender=Handler (com.qti.internal.telephony.gsm.QtiGSMPhone) {560d91e} phondId=0 subId=2
04-13 22:07:52.658 D/SubscriptionManager( 1891): getSimStateForSubscriber: simState=5 slotIdx=0
04-13 22:07:52.662 D/GsmSST  ( 3447): [GsmSST] notifyDataRegStateRilRadioTechnologyChanged: drs=0 rat=15
04-13 22:07:52.662 D/TelephonyManager( 3447): setTelephonyProperty: success phoneId=0 property=gsm.network.type value: HSPAP propVal=HSPAP
04-13 22:07:52.663 D/QtiGsmDCT( 3447): [0]get all active apn types
04-13 22:07:52.663 D/DC-1    ( 3447): DcActiveState not handled msg.what=EVENT_DATA_CONNECTION_DRS_OR_RAT_CHANGED
04-13 22:07:52.663 D/DC-1    ( 3447): DcDefault msg=EVENT_DATA_CONNECTION_DRS_OR_RAT_CHANGED RefCount=1
04-13 22:07:52.663 D/DC-1    ( 3447): DcDefaultState: EVENT_DATA_CONNECTION_DRS_OR_RAT_CHANGED drs=0 mRilRat=15
04-13 22:07:52.663 D/QtiGsmDCT( 3447): [0]fetchDunApn: Ignore the dun apn in settings.db
04-13 22:07:52.664 D/QtiGsmDCT( 3447): [0]return link properites for default
04-13 22:07:52.665 D/QtiGsmDCT( 3447): [0]getDataEnabled: getIntWithSubId retVal=true
04-13 22:07:52.692 D/QtiGsmDCT( 3447): [0]fetchDunApn: config_tether_apndata dunSetting=null
04-13 22:07:52.692 D/DC-1    ( 3447): isInternetRequested = true
04-13 22:07:52.693 D/DC-1    ( 3447): DcActiveState not handled msg.what=REQ_GET_LINK_PROPERTIES
04-13 22:07:52.693 D/DC-1    ( 3447): DcDefault msg=REQ_GET_LINK_PROPERTIES RefCount=1
04-13 22:07:52.693 D/DC-1    ( 3447): REQ_GET_LINK_PROPERTIES linkProperties{InterfaceName: rmnet_data0 LinkAddresses: [2a00:f41:30c5:feb9:e6db:f93:92c6:4a88/64,]  Routes: [::/0 -> fe80::167:77c:95a5:9420 rmnet_data0,] DnsAddresses: [2a01:1700:3:ffff::9822,2a01:1700:2:ffff::9f01,] Domains: null MTU: 1500 TcpBufferSizes: 122334,734003,3461120,32040,192239,3461120}
04-13 22:07:52.694 D/QtiGsmDCT( 3447): [0]get active pdp is not null, return NetworkCapabilities for default
04-13 22:07:52.694 D/DC-1    ( 3447): DcActiveState not handled msg.what=REQ_GET_NETWORK_CAPABILITIES
04-13 22:07:52.694 D/DC-1    ( 3447): DcDefault msg=REQ_GET_NETWORK_CAPABILITIES RefCount=1
04-13 22:07:52.694 D/QtiGsmDCT( 3447): [0]fetchDunApn: Ignore the dun apn in settings.db
04-13 22:07:52.720 D/QtiGsmDCT( 3447): [0]fetchDunApn: config_tether_apndata dunSetting=null
04-13 22:07:52.720 D/DC-1    ( 3447): isInternetRequested = true
04-13 22:07:52.721 D/DC-1    ( 3447): REQ_GET_NETWORK_CAPABILITIES networkCapabilities[ Transports: CELLULAR Capabilities: SUPL&DUN&INTERNET&NOT_RESTRICTED&TRUSTED&NOT_VPN LinkUpBandwidth>=11264Kbps LinkDnBandwidth>=43008Kbps Specifier: <2>]
04-13 22:07:52.723 D/QtiGsmDCT( 3447): [0]isDataPossible(default): possible=true isDataAllowed=true apnTypePossible=true apnContextisEnabled=true apnContextState()=CONNECTED
04-13 22:07:52.723 D/QtiGsmDCT( 3447): [0]get active apn string for type:default
04-13 22:07:52.723 D/DCT     ( 3447): [ApnContext:default] getApnSetting: apnSetting=[ApnSettingV3] Orange Internet, 695, 26003, internetipv6, , , , , , 1, default | dun | hipri | supl, IPV6, IP, true, 0, 0, 1, false, 0, 0, 0, 0, , , 0, , 
04-13 22:07:52.726 D/TelephonyRegistry( 1891): Notify data connection state changed on sub: 2
04-13 22:07:52.727 D/TelephonyRegistry( 1891): Notify data connection state changed on sub: 2
04-13 22:07:52.727 D/TelephonyRegistry( 1891): Notify data connection state changed on sub: 2
04-13 22:07:52.727 D/TelephonyRegistry( 1891): Notify data connection state changed on sub: 2
04-13 22:07:52.727 D/TelephonyRegistry( 1891): Notify data connection state changed on sub: 2
04-13 22:07:52.727 D/TelephonyRegistry( 1891): broadcastPreciseDataConnectionStateChanged():state=2, apnType=default, smCause=(0), reason=null
04-13 22:07:52.731 V/LG-FASTDORMANCY( 3447): [DCH/FACH] FDCount : 0 intent received :android.intent.action.SERVICE_STATE
04-13 22:07:52.732 E/PHONE   ( 3447): ServiceState.getRadioTechnology() DEPRECATED will be removed *******
04-13 22:07:52.732 I/LG-FASTDORMANCY( 3447): [DCH/FACH] FDCount : 0 Service State is changed : 0 0 voice home data home Orange Orange 26003 Orange Orange 26003  UMTS HSPAP CSS not supported -1 -1 RoamInd=-1 DefRoamInd=-1 EmergOnly=false IsDataRoamingFromRegistration=false mIsVoiceSearching=false mIsDataSearching=false mVoiceNetworkName=null mDataNetworkName=null Check64QAM0 Dual carrier0
04-13 22:07:52.732 I/LG-FASTDORMANCY( 3447): [DCH/FACH] FDCount : 0 radioTech changed!! currenRT = 15 isChange?? true
04-13 22:07:52.733 I/LG-FASTDORMANCY( 3447): [DCH/FACH] FDCount : 0 Radio Tech changed.
04-13 22:07:52.733 D/QtiGsmDCT( 3447): [0]QtiDcTracker handleMessage msg={ when=-70ms what=270377 obj=android.os.AsyncResult@3ddbed3 target=com.qti.internal.telephony.dataconnection.QtiDcTracker }
04-13 22:07:52.733 D/QtiGsmDCT( 3447): [0]handleMessage msg={ when=-70ms what=270377 obj=android.os.AsyncResult@3ddbed3 target=com.qti.internal.telephony.dataconnection.QtiDcTracker }
04-13 22:07:52.733 D/QtiGsmDCT( 3447): [0]onUpdateIcc: newIccRecords com.android.internal.telephony.uicc.SIMRecords
04-13 22:07:52.734 D/GsmSST  ( 3447): [GsmSST] getCellLocation(): X good mCellLoc=[57330,46057500,472]
04-13 22:07:52.734 D/LG-FASTDORMANCY( 3447): [DCH/FACH] FDCount : 0 isUMTS(): RadioTech(15)
04-13 22:07:52.743 D/QtiGsmDCT( 3447): [0]getDataOnRoamingEnabled: phoneSubId=2 isDataRoamingEnabled=false
04-13 22:07:52.743 D/QtiGsmDCT( 3447): [0]getDataEnabled: getIntWithSubId retVal=true
04-13 22:07:52.746 D/QtiGsmDCT( 3447): [0]getDataEnabled: getIntWithSubId retVal=true
04-13 22:07:52.757 D/RILJ    ( 3447): [8800]> REQUEST_GET_NEIGHBORING_CELL_IDS [SUB0]
04-13 22:07:52.758 D/RILC    (  370): SOCKET RIL_SOCKET_1 REQUEST: GET_NEIGHBORING_CELL_IDS length:8
04-13 22:07:52.759 I/RILQ    (  370): (0/370):RIL[0][main] qcril_qmi_nas_get_neighboring_cell_ids: completed with 0
04-13 22:07:52.762 I/RILQ    (  370): (0/370):RIL[0][qmi_cb] qcril_qmi_nas_get_neighboring_cells_cb: .. qmi error 0, resultqmi  0, qmi transp_err 0, ril res 0
04-13 22:07:52.763 D/RILC    (  370): RequestComplete, RIL_SOCKET_1
04-13 22:07:52.763 E/RILC    (  370): Send Response to RIL_SOCKET_1
04-13 22:07:52.763 E/RILC    (  370): RIL Response bytes written:4
04-13 22:07:52.763 E/RILC    (  370): RIL Response bytes written:128
04-13 22:07:52.763 I/RILQ    (  370): (0/370):RIL[0][qmi_cb] qcril_qmi_nas_get_neighboring_cells_cb: completed with 0 with 4 entries
04-13 22:07:52.765 D/RILJ    ( 3447): [8800]< REQUEST_GET_NEIGHBORING_CELL_IDS {[[]] [[]] [[]] [[]] } [SUB0]
04-13 22:07:52.769 D/RILJ    ( 3447): [8801]> RIL_REQUEST_GET_CELL_INFO_LIST [SUB0]
04-13 22:07:52.771 D/RILC    (  370): SOCKET RIL_SOCKET_1 REQUEST: GET_CELL_INFO_LIST length:8
04-13 22:07:52.774 D/RILC    (  370): RequestComplete, RIL_SOCKET_1
04-13 22:07:52.774 E/RILC    (  370): Send Response to RIL_SOCKET_1
04-13 22:07:52.774 E/RILC    (  370): RIL Response bytes written:4
04-13 22:07:52.774 E/RILC    (  370): RIL Response bytes written:256
04-13 22:07:52.775 D/RILJ    ( 3447): [8801]< RIL_REQUEST_GET_CELL_INFO_LIST [CellInfoWcdma:{mRegistered=YES mTimeStampType=oem_ril mTimeStamp=32531734298860ns CellIdentityWcdma:{ mMcc=260 mMnc=3 mLac=57330 mCid=46057500 mPsc=472} CellSignalStrengthWcdma: ss=7 ber=99}, CellInfoWcdma:{mRegistered=NO mTimeStampType=oem_ril mTimeStamp=32531734298860ns CellIdentityWcdma:{ mMcc=2147483647 mMnc=2147483647 mLac=2147483647 mCid=2147483647 mPsc=62} CellSignalStrengthWcdma: ss=9 ber=99}, CellInfoWcdma:{mRegistered=NO mTimeStampType=oem_ril mTimeStamp=32531734298860ns CellIdentityWcdma:{ mMcc=2147483647 mMnc=2147483647 mLac=2147483647 mCid=2147483647 mPsc=296} CellSignalStrengthWcdma: ss=9 ber=99}, CellInfoWcdma:{mRegistered=NO mTimeStampType=oem_ril mTimeStamp=32531734298860ns CellIdentityWcdma:{ mMcc=2147483647 mMnc=2147483647 mLac=2147483647 mCid=2147483647 mPsc=294} CellSignalStrengthWcdma: ss=8 ber=99}, CellInfoWcdma:{mRegistered=NO mTimeStampType=oem_ril mTimeStamp=32531734298860ns CellIdentityWcdma:{ mMcc=2147483647 mMnc=2147483647 mLac=2147483647 mCid=2147483647 mPsc=20} CellSignalStrengthWcdma: ss=7 ber=99}] [SUB0]
04-13 22:07:52.776 D/GsmSST  ( 3447): [GsmSST] SST.getAllCellInfo(): X size=5 list=[CellInfoWcdma:{mRegistered=YES mTimeStampType=oem_ril mTimeStamp=32531734298860ns CellIdentityWcdma:{ mMcc=260 mMnc=3 mLac=57330 mCid=46057500 mPsc=472} CellSignalStrengthWcdma: ss=7 ber=99}, CellInfoWcdma:{mRegistered=NO mTimeStampType=oem_ril mTimeStamp=32531734298860ns CellIdentityWcdma:{ mMcc=2147483647 mMnc=2147483647 mLac=2147483647 mCid=2147483647 mPsc=62} CellSignalStrengthWcdma: ss=9 ber=99}, CellInfoWcdma:{mRegistered=NO mTimeStampType=oem_ril mTimeStamp=32531734298860ns CellIdentityWcdma:{ mMcc=2147483647 mMnc=2147483647 mLac=2147483647 mCid=2147483647 mPsc=296} CellSignalStrengthWcdma: ss=9 ber=99}, CellInfoWcdma:{mRegistered=NO mTimeStampType=oem_ril mTimeStamp=32531734298860ns CellIdentityWcdma:{ mMcc=2147483647 mMnc=2147483647 mLac=2147483647 mCid=2147483647 mPsc=294} CellSignalStrengthWcdma: ss=8 ber=99}, CellInfoWcdma:{mRegistered=NO mTimeStampType=oem_ril mTimeStamp=32531734298860ns CellIdentityWcdma:{ mMcc=2147483647 mMnc=2147483647 mLac=2147483647 mCid=2147483647 mPsc=20} CellSignalStrengthWcdma: ss=7 ber=99}]
04-13 22:07:52.779 D/GsmSST  ( 3447): [GsmSST] getCellLocation(): X good mCellLoc=[57330,46057500,472]
04-13 22:07:53.378 D/QtiGsmDCT( 3447): [0]updateDataActivity: curTxRxSum={txSum=102416 rxSum=124090} preTxRxSum={txSum=102412 rxSum=124082}
04-13 22:07:53.378 D/QtiGsmDCT( 3447): [0]updateDataActivity: sent=4 received=8
04-13 22:07:53.378 D/QtiGsmDCT( 3447): [0]updateDataActivity: newActivity=DATAINANDOUT
04-13 22:07:53.391 D/QtiGsmDCT( 3447): [0]getDataEnabled: getIntWithSubId retVal=true
04-13 22:07:53.606 V/LG-FASTDORMANCY( 3447): [DCH/FACH] FDCount : 0 intent received :com.android.internal.telephony.ACTION_CHECK_NETSTAT
04-13 22:07:53.608 V/LG-FASTDORMANCY( 3447): [DCH/FACH] FDCount : 0 prev: TxPkts(102412), RxPkts(124082)
04-13 22:07:53.608 V/LG-FASTDORMANCY( 3447): [DCH/FACH] FDCount : 0 curr: TxPkts(102416), RxPkts(124090)
04-13 22:07:53.609 I/LG-FASTDORMANCY( 3447): [DCH/FACH] FDCount : 0 Scheduling checkNetStat for 1000msec, current state is [DCH/FACH] FDCount : 0 
04-13 22:07:54.388 D/QtiGsmDCT( 3447): [0]updateDataActivity: curTxRxSum={txSum=102430 rxSum=124100} preTxRxSum={txSum=102416 rxSum=124090}
04-13 22:07:54.388 D/QtiGsmDCT( 3447): [0]updateDataActivity: sent=14 received=10
04-13 22:07:54.614 V/LG-FASTDORMANCY( 3447): [DCH/FACH] FDCount : 0 intent received :com.android.internal.telephony.ACTION_CHECK_NETSTAT
04-13 22:07:54.619 V/LG-FASTDORMANCY( 3447): [DCH/FACH] FDCount : 0 prev: TxPkts(102416), RxPkts(124090)
04-13 22:07:54.619 V/LG-FASTDORMANCY( 3447): [DCH/FACH] FDCount : 0 curr: TxPkts(102434), RxPkts(124110)
04-13 22:07:54.620 I/LG-FASTDORMANCY( 3447): [DCH/FACH] FDCount : 0 Scheduling checkNetStat for 1000msec, current state is [DCH/FACH] FDCount : 0 
04-13 22:07:55.243 I/RILC    (  370): RIL_SOCKET_1 UNSOLICITED: UNSOL_SIGNAL_STRENGTH length:68
04-13 22:07:55.243 E/RILC    (  370): Send Response to RIL_SOCKET_1
04-13 22:07:55.243 E/RILC    (  370): RIL Response bytes written:4
04-13 22:07:55.243 E/RILC    (  370): RIL Response bytes written:68
04-13 22:07:55.245 D/GsmSST  ( 3447): [GsmSST] ServiceStateTrackerEx:onSignalStrengthResult() isGsm=true DataRadioTech=15
04-13 22:07:55.245 W/LGSignalStrength( 3447): setDataRadioTechnology: dataRadioTechnology = 15
04-13 22:07:55.246 D/DefaultPhoneNotifier( 3447): notifySignalStrength: mRegistry=com.android.internal.telephony.ITelephonyRegistry$Stub$Proxy@ced2ad0 ss=SignalStrength: 11 0 -92 -105 -120 -1 -1 99 2147483647 2147483647 2147483647 2147483647 2147483647 gsm|lte 15 0 -92 -105 sender=Handler (com.qti.internal.telephony.gsm.QtiGSMPhone) {560d91e}
04-13 22:07:55.267 D/QtiGsmDCT( 3447): [0]getDataEnabled: getIntWithSubId retVal=true
04-13 22:07:55.398 D/QtiGsmDCT( 3447): [0]updateDataActivity: curTxRxSum={txSum=102565 rxSum=124240} preTxRxSum={txSum=102430 rxSum=124100}
04-13 22:07:55.398 D/QtiGsmDCT( 3447): [0]updateDataActivity: sent=135 received=140
04-13 22:07:55.623 V/LG-FASTDORMANCY( 3447): [DCH/FACH] FDCount : 0 intent received :com.android.internal.telephony.ACTION_CHECK_NETSTAT
04-13 22:07:55.628 V/LG-FASTDORMANCY( 3447): [DCH/FACH] FDCount : 0 prev: TxPkts(102434), RxPkts(124110)
04-13 22:07:55.628 V/LG-FASTDORMANCY( 3447): [DCH/FACH] FDCount : 0 curr: TxPkts(102622), RxPkts(124288)
04-13 22:07:55.629 I/LG-FASTDORMANCY( 3447): [DCH/FACH] FDCount : 0 Scheduling checkNetStat for 1000msec, current state is [DCH/FACH] FDCount : 0 
04-13 22:07:56.402 D/QtiGsmDCT( 3447): [0]updateDataActivity: curTxRxSum={txSum=102622 rxSum=124290} preTxRxSum={txSum=102565 rxSum=124240}
04-13 22:07:56.403 D/QtiGsmDCT( 3447): [0]updateDataActivity: sent=57 received=50
04-13 22:07:56.633 V/LG-FASTDORMANCY( 3447): [DCH/FACH] FDCount : 0 intent received :com.android.internal.telephony.ACTION_CHECK_NETSTAT
04-13 22:07:56.636 V/LG-FASTDORMANCY( 3447): [DCH/FACH] FDCount : 0 prev: TxPkts(102622), RxPkts(124288)
04-13 22:07:56.636 V/LG-FASTDORMANCY( 3447): [DCH/FACH] FDCount : 0 curr: TxPkts(102622), RxPkts(124290)
04-13 22:07:56.637 I/LG-FASTDORMANCY( 3447): [DCH/FACH] FDCount : 0 Scheduling checkNetStat for 1000msec, current state is [DCH/FACH] FDCount : 0 
04-13 22:07:57.406 D/QtiGsmDCT( 3447): [0]updateDataActivity: curTxRxSum={txSum=102622 rxSum=124290} preTxRxSum={txSum=102622 rxSum=124290}
04-13 22:07:57.406 D/QtiGsmDCT( 3447): [0]updateDataActivity: sent=0 received=0
04-13 22:07:57.406 D/QtiGsmDCT( 3447): [0]updateDataActivity: newActivity=NONE
04-13 22:07:57.412 D/QtiGsmDCT( 3447): [0]getDataEnabled: getIntWithSubId retVal=true
04-13 22:07:57.646 V/LG-FASTDORMANCY( 3447): [DCH/FACH] FDCount : 0 intent received :com.android.internal.telephony.ACTION_CHECK_NETSTAT
04-13 22:07:57.654 V/LG-FASTDORMANCY( 3447): [DCH/FACH] FDCount : 0 prev: TxPkts(102622), RxPkts(124290)
04-13 22:07:57.654 V/LG-FASTDORMANCY( 3447): [DCH/FACH] FDCount : 0 curr: TxPkts(102622), RxPkts(124290)
04-13 22:07:57.655 I/LG-FASTDORMANCY( 3447): [DCH/FACH] FDCount : 1 Scheduling checkNetStat for 1000msec, current state is [DCH/FACH] FDCount : 1 
04-13 22:07:58.413 D/QtiGsmDCT( 3447): [0]updateDataActivity: curTxRxSum={txSum=102736 rxSum=124402} preTxRxSum={txSum=102622 rxSum=124290}
04-13 22:07:58.413 D/QtiGsmDCT( 3447): [0]updateDataActivity: sent=114 received=112
04-13 22:07:58.413 D/QtiGsmDCT( 3447): [0]updateDataActivity: newActivity=DATAINANDOUT
04-13 22:07:58.422 D/QtiGsmDCT( 3447): [0]getDataEnabled: getIntWithSubId retVal=true
04-13 22:07:58.658 V/LG-FASTDORMANCY( 3447): [DCH/FACH] FDCount : 1 intent received :com.android.internal.telephony.ACTION_CHECK_NETSTAT
04-13 22:07:58.661 V/LG-FASTDORMANCY( 3447): [DCH/FACH] FDCount : 1 prev: TxPkts(102622), RxPkts(124290)
04-13 22:07:58.661 V/LG-FASTDORMANCY( 3447): [DCH/FACH] FDCount : 1 curr: TxPkts(102836), RxPkts(124502)
04-13 22:07:58.662 I/LG-FASTDORMANCY( 3447): [DCH/FACH] FDCount : 0 Scheduling checkNetStat for 1000msec, current state is [DCH/FACH] FDCount : 0 
04-13 22:07:59.420 D/QtiGsmDCT( 3447): [0]updateDataActivity: curTxRxSum={txSum=102839 rxSum=124502} preTxRxSum={txSum=102736 rxSum=124402}
04-13 22:07:59.420 D/QtiGsmDCT( 3447): [0]updateDataActivity: sent=103 received=100
04-13 22:07:59.668 V/LG-FASTDORMANCY( 3447): [DCH/FACH] FDCount : 0 intent received :com.android.internal.telephony.ACTION_CHECK_NETSTAT
04-13 22:07:59.671 V/LG-FASTDORMANCY( 3447): [DCH/FACH] FDCount : 0 prev: TxPkts(102836), RxPkts(124502)
04-13 22:07:59.671 V/LG-FASTDORMANCY( 3447): [DCH/FACH] FDCount : 0 curr: TxPkts(102885), RxPkts(124541)
04-13 22:07:59.676 I/LG-FASTDORMANCY( 3447): [DCH/FACH] FDCount : 0 Scheduling checkNetStat for 1000msec, current state is [DCH/FACH] FDCount : 0 
04-13 22:08:00.425 D/QtiGsmDCT( 3447): [0]updateDataActivity: curTxRxSum={txSum=102981 rxSum=124659} preTxRxSum={txSum=102839 rxSum=124502}
04-13 22:08:00.425 D/QtiGsmDCT( 3447): [0]updateDataActivity: sent=142 received=157
04-13 22:08:00.681 V/LG-FASTDORMANCY( 3447): [DCH/FACH] FDCount : 0 intent received :com.android.internal.telephony.ACTION_CHECK_NETSTAT
04-13 22:08:00.686 V/LG-FASTDORMANCY( 3447): [DCH/FACH] FDCount : 0 prev: TxPkts(102885), RxPkts(124541)
04-13 22:08:00.686 V/LG-FASTDORMANCY( 3447): [DCH/FACH] FDCount : 0 curr: TxPkts(103021), RxPkts(124697)
04-13 22:08:00.687 I/LG-FASTDORMANCY( 3447): [DCH/FACH] FDCount : 0 Scheduling checkNetStat for 1000msec, current state is [DCH/FACH] FDCount : 0 
04-13 22:08:01.429 D/QtiGsmDCT( 3447): [0]updateDataActivity: curTxRxSum={txSum=103021 rxSum=124699} preTxRxSum={txSum=102981 rxSum=124659}
04-13 22:08:01.429 D/QtiGsmDCT( 3447): [0]updateDataActivity: sent=40 received=40
04-13 22:08:01.691 V/LG-FASTDORMANCY( 3447): [DCH/FACH] FDCount : 0 intent received :com.android.internal.telephony.ACTION_CHECK_NETSTAT
04-13 22:08:01.695 V/LG-FASTDORMANCY( 3447): [DCH/FACH] FDCount : 0 prev: TxPkts(103021), RxPkts(124697)
04-13 22:08:01.695 V/LG-FASTDORMANCY( 3447): [DCH/FACH] FDCount : 0 curr: TxPkts(103021), RxPkts(124699)
04-13 22:08:01.695 I/LG-FASTDORMANCY( 3447): [DCH/FACH] FDCount : 0 Scheduling checkNetStat for 1000msec, current state is [DCH/FACH] FDCount : 0 
04-13 22:08:02.433 D/QtiGsmDCT( 3447): [0]updateDataActivity: curTxRxSum={txSum=103021 rxSum=124699} preTxRxSum={txSum=103021 rxSum=124699}
04-13 22:08:02.433 D/QtiGsmDCT( 3447): [0]updateDataActivity: sent=0 received=0
04-13 22:08:02.433 D/QtiGsmDCT( 3447): [0]updateDataActivity: newActivity=NONE
04-13 22:08:02.439 D/QtiGsmDCT( 3447): [0]getDataEnabled: getIntWithSubId retVal=true
04-13 22:08:02.700 V/LG-FASTDORMANCY( 3447): [DCH/FACH] FDCount : 0 intent received :com.android.internal.telephony.ACTION_CHECK_NETSTAT
04-13 22:08:02.713 V/LG-FASTDORMANCY( 3447): [DCH/FACH] FDCount : 0 prev: TxPkts(103021), RxPkts(124699)
04-13 22:08:02.713 V/LG-FASTDORMANCY( 3447): [DCH/FACH] FDCount : 0 curr: TxPkts(103021), RxPkts(124699)
04-13 22:08:02.715 I/LG-FASTDORMANCY( 3447): [DCH/FACH] FDCount : 1 Scheduling checkNetStat for 1000msec, current state is [DCH/FACH] FDCount : 1 
04-13 22:08:03.440 D/QtiGsmDCT( 3447): [0]updateDataActivity: curTxRxSum={txSum=103042 rxSum=124716} preTxRxSum={txSum=103021 rxSum=124699}
04-13 22:08:03.441 D/QtiGsmDCT( 3447): [0]updateDataActivity: sent=21 received=17
04-13 22:08:03.441 D/QtiGsmDCT( 3447): [0]updateDataActivity: newActivity=DATAINANDOUT
04-13 22:08:03.448 D/QtiGsmDCT( 3447): [0]getDataEnabled: getIntWithSubId retVal=true
04-13 22:08:03.723 V/LG-FASTDORMANCY( 3447): [DCH/FACH] FDCount : 1 intent received :com.android.internal.telephony.ACTION_CHECK_NETSTAT
04-13 22:08:03.726 V/LG-FASTDORMANCY( 3447): [DCH/FACH] FDCount : 1 prev: TxPkts(103021), RxPkts(124699)
04-13 22:08:03.726 V/LG-FASTDORMANCY( 3447): [DCH/FACH] FDCount : 1 curr: TxPkts(103048), RxPkts(124728)
04-13 22:08:03.727 I/LG-FASTDORMANCY( 3447): [DCH/FACH] FDCount : 0 Scheduling checkNetStat for 1000msec, current state is [DCH/FACH] FDCount : 0 
04-13 22:08:04.448 D/QtiGsmDCT( 3447): [0]updateDataActivity: curTxRxSum={txSum=103252 rxSum=125083} preTxRxSum={txSum=103042 rxSum=124716}
04-13 22:08:04.448 D/QtiGsmDCT( 3447): [0]updateDataActivity: sent=210 received=367
04-13 22:08:04.729 V/LG-FASTDORMANCY( 3447): [DCH/FACH] FDCount : 0 intent received :com.android.internal.telephony.ACTION_CHECK_NETSTAT
04-13 22:08:04.737 V/LG-FASTDORMANCY( 3447): [DCH/FACH] FDCount : 0 prev: TxPkts(103048), RxPkts(124728)
04-13 22:08:04.737 V/LG-FASTDORMANCY( 3447): [DCH/FACH] FDCount : 0 curr: TxPkts(103303), RxPkts(125170)
04-13 22:08:04.739 I/LG-FASTDORMANCY( 3447): [DCH/FACH] FDCount : 0 Scheduling checkNetStat for 1000msec, current state is [DCH/FACH] FDCount : 0 
04-13 22:08:05.452 D/QtiGsmDCT( 3447): [0]updateDataActivity: curTxRxSum={txSum=103314 rxSum=125184} preTxRxSum={txSum=103252 rxSum=125083}
04-13 22:08:05.452 D/QtiGsmDCT( 3447): [0]updateDataActivity: sent=62 received=101
04-13 22:08:05.744 V/LG-FASTDORMANCY( 3447): [DCH/FACH] FDCount : 0 intent received :com.android.internal.telephony.ACTION_CHECK_NETSTAT
04-13 22:08:05.749 V/LG-FASTDORMANCY( 3447): [DCH/FACH] FDCount : 0 prev: TxPkts(103303), RxPkts(125170)
04-13 22:08:05.749 V/LG-FASTDORMANCY( 3447): [DCH/FACH] FDCount : 0 curr: TxPkts(103314), RxPkts(125184)
04-13 22:08:05.750 I/LG-FASTDORMANCY( 3447): [DCH/FACH] FDCount : 0 Scheduling checkNetStat for 1000msec, current state is [DCH/FACH] FDCount : 0 
04-13 22:08:06.456 D/QtiGsmDCT( 3447): [0]updateDataActivity: curTxRxSum={txSum=103314 rxSum=125184} preTxRxSum={txSum=103314 rxSum=125184}
04-13 22:08:06.456 D/QtiGsmDCT( 3447): [0]updateDataActivity: sent=0 received=0
04-13 22:08:06.456 D/QtiGsmDCT( 3447): [0]updateDataActivity: newActivity=NONE
04-13 22:08:06.467 D/QtiGsmDCT( 3447): [0]getDataEnabled: getIntWithSubId retVal=true
04-13 22:08:06.753 V/LG-FASTDORMANCY( 3447): [DCH/FACH] FDCount : 0 intent received :com.android.internal.telephony.ACTION_CHECK_NETSTAT
04-13 22:08:06.756 V/LG-FASTDORMANCY( 3447): [DCH/FACH] FDCount : 0 prev: TxPkts(103314), RxPkts(125184)
04-13 22:08:06.756 V/LG-FASTDORMANCY( 3447): [DCH/FACH] FDCount : 0 curr: TxPkts(103314), RxPkts(125184)
04-13 22:08:06.757 I/LG-FASTDORMANCY( 3447): [DCH/FACH] FDCount : 1 Scheduling checkNetStat for 1000msec, current state is [DCH/FACH] FDCount : 1 
04-13 22:08:07.466 D/QtiGsmDCT( 3447): [0]updateDataActivity: curTxRxSum={txSum=103314 rxSum=125184} preTxRxSum={txSum=103314 rxSum=125184}
04-13 22:08:07.467 D/QtiGsmDCT( 3447): [0]updateDataActivity: sent=0 received=0
04-13 22:08:07.761 V/LG-FASTDORMANCY( 3447): [DCH/FACH] FDCount : 1 intent received :com.android.internal.telephony.ACTION_CHECK_NETSTAT
04-13 22:08:07.765 V/LG-FASTDORMANCY( 3447): [DCH/FACH] FDCount : 1 prev: TxPkts(103314), RxPkts(125184)
04-13 22:08:07.765 V/LG-FASTDORMANCY( 3447): [DCH/FACH] FDCount : 1 curr: TxPkts(103314), RxPkts(125184)
04-13 22:08:07.766 I/LG-FASTDORMANCY( 3447): [DCH/FACH] FDCount : 2 Scheduling checkNetStat for 1000msec, current state is [DCH/FACH] FDCount : 2 
04-13 22:08:08.470 D/QtiGsmDCT( 3447): [0]updateDataActivity: curTxRxSum={txSum=103314 rxSum=125184} preTxRxSum={txSum=103314 rxSum=125184}
04-13 22:08:08.470 D/QtiGsmDCT( 3447): [0]updateDataActivity: sent=0 received=0
04-13 22:08:08.770 V/LG-FASTDORMANCY( 3447): [DCH/FACH] FDCount : 2 intent received :com.android.internal.telephony.ACTION_CHECK_NETSTAT
04-13 22:08:08.774 V/LG-FASTDORMANCY( 3447): [DCH/FACH] FDCount : 2 prev: TxPkts(103314), RxPkts(125184)
04-13 22:08:08.774 V/LG-FASTDORMANCY( 3447): [DCH/FACH] FDCount : 2 curr: TxPkts(103314), RxPkts(125184)
04-13 22:08:08.775 I/LG-FASTDORMANCY( 3447): [DCH/FACH] FDCount : 3 Scheduling checkNetStat for 1000msec, current state is [DCH/FACH] FDCount : 3 
04-13 22:08:09.475 D/QtiGsmDCT( 3447): [0]updateDataActivity: curTxRxSum={txSum=103314 rxSum=125184} preTxRxSum={txSum=103314 rxSum=125184}
04-13 22:08:09.475 D/QtiGsmDCT( 3447): [0]updateDataActivity: sent=0 received=0
04-13 22:08:09.780 V/LG-FASTDORMANCY( 3447): [DCH/FACH] FDCount : 3 intent received :com.android.internal.telephony.ACTION_CHECK_NETSTAT
04-13 22:08:09.784 V/LG-FASTDORMANCY( 3447): [DCH/FACH] FDCount : 3 prev: TxPkts(103314), RxPkts(125184)
04-13 22:08:09.784 V/LG-FASTDORMANCY( 3447): [DCH/FACH] FDCount : 3 curr: TxPkts(103314), RxPkts(125184)
04-13 22:08:09.785 I/LG-FASTDORMANCY( 3447): [DCH/FACH] FDCount : 4 Scheduling checkNetStat for 1000msec, current state is [DCH/FACH] FDCount : 4 
04-13 22:08:10.481 D/QtiGsmDCT( 3447): [0]updateDataActivity: curTxRxSum={txSum=103314 rxSum=125184} preTxRxSum={txSum=103314 rxSum=125184}
04-13 22:08:10.481 D/QtiGsmDCT( 3447): [0]updateDataActivity: sent=0 received=0
04-13 22:08:10.789 V/LG-FASTDORMANCY( 3447): [DCH/FACH] FDCount : 4 intent received :com.android.internal.telephony.ACTION_CHECK_NETSTAT
04-13 22:08:10.794 V/LG-FASTDORMANCY( 3447): [DCH/FACH] FDCount : 4 prev: TxPkts(103314), RxPkts(125184)
04-13 22:08:10.794 V/LG-FASTDORMANCY( 3447): [DCH/FACH] FDCount : 4 curr: TxPkts(103314), RxPkts(125184)
04-13 22:08:10.795 I/LG-FASTDORMANCY( 3447): [DCH/FACH] FDCount : 5 Scheduling checkNetStat for 1000msec, current state is [DCH/FACH] FDCount : 5 
04-13 22:08:11.490 D/QtiGsmDCT( 3447): [0]updateDataActivity: curTxRxSum={txSum=103314 rxSum=125184} preTxRxSum={txSum=103314 rxSum=125184}
04-13 22:08:11.490 D/QtiGsmDCT( 3447): [0]updateDataActivity: sent=0 received=0
04-13 22:08:11.802 V/LG-FASTDORMANCY( 3447): [DCH/FACH] FDCount : 5 intent received :com.android.internal.telephony.ACTION_CHECK_NETSTAT
04-13 22:08:11.807 V/LG-FASTDORMANCY( 3447): [DCH/FACH] FDCount : 5 prev: TxPkts(103314), RxPkts(125184)
04-13 22:08:11.807 V/LG-FASTDORMANCY( 3447): [DCH/FACH] FDCount : 5 curr: TxPkts(103314), RxPkts(125184)
04-13 22:08:11.807 I/LG-FASTDORMANCY( 3447): [DCH/FACH] FDCount : 6 Scheduling checkNetStat for 1000msec, current state is [DCH/FACH] FDCount : 6 
04-13 22:08:12.495 D/QtiGsmDCT( 3447): [0]updateDataActivity: curTxRxSum={txSum=103314 rxSum=125184} preTxRxSum={txSum=103314 rxSum=125184}
04-13 22:08:12.495 D/QtiGsmDCT( 3447): [0]updateDataActivity: sent=0 received=0
04-13 22:08:12.811 V/LG-FASTDORMANCY( 3447): [DCH/FACH] FDCount : 6 intent received :com.android.internal.telephony.ACTION_CHECK_NETSTAT
04-13 22:08:12.814 V/LG-FASTDORMANCY( 3447): [DCH/FACH] FDCount : 6 prev: TxPkts(103314), RxPkts(125184)
04-13 22:08:12.814 V/LG-FASTDORMANCY( 3447): [DCH/FACH] FDCount : 6 curr: TxPkts(103314), RxPkts(125184)
04-13 22:08:12.815 I/LG-FASTDORMANCY( 3447): [DCH/FACH] FDCount : 7 Scheduling checkNetStat for 1000msec, current state is [DCH/FACH] FDCount : 7 
04-13 22:08:13.244 I/RILC    (  370): RIL_SOCKET_1 UNSOLICITED: UNSOL_SIGNAL_STRENGTH length:68
04-13 22:08:13.244 E/RILC    (  370): Send Response to RIL_SOCKET_1
04-13 22:08:13.244 E/RILC    (  370): RIL Response bytes written:4
04-13 22:08:13.244 E/RILC    (  370): RIL Response bytes written:68
04-13 22:08:13.245 D/GsmSST  ( 3447): [GsmSST] ServiceStateTrackerEx:onSignalStrengthResult() isGsm=true DataRadioTech=15
04-13 22:08:13.245 W/LGSignalStrength( 3447): setDataRadioTechnology: dataRadioTechnology = 15
04-13 22:08:13.245 D/DefaultPhoneNotifier( 3447): notifySignalStrength: mRegistry=com.android.internal.telephony.ITelephonyRegistry$Stub$Proxy@ced2ad0 ss=SignalStrength: 10 0 -94 -80 -120 -1 -1 99 2147483647 2147483647 2147483647 2147483647 2147483647 gsm|lte 15 0 -94 -80 sender=Handler (com.qti.internal.telephony.gsm.QtiGSMPhone) {560d91e}
04-13 22:08:13.266 D/QtiGsmDCT( 3447): [0]getDataEnabled: getIntWithSubId retVal=true
04-13 22:08:13.498 D/QtiGsmDCT( 3447): [0]updateDataActivity: curTxRxSum={txSum=103316 rxSum=125186} preTxRxSum={txSum=103314 rxSum=125184}
04-13 22:08:13.498 D/QtiGsmDCT( 3447): [0]updateDataActivity: sent=2 received=2
04-13 22:08:13.498 D/QtiGsmDCT( 3447): [0]updateDataActivity: newActivity=DATAINANDOUT
04-13 22:08:13.505 D/QtiGsmDCT( 3447): [0]getDataEnabled: getIntWithSubId retVal=true
04-13 22:08:13.819 V/LG-FASTDORMANCY( 3447): [DCH/FACH] FDCount : 7 intent received :com.android.internal.telephony.ACTION_CHECK_NETSTAT
04-13 22:08:13.823 V/LG-FASTDORMANCY( 3447): [DCH/FACH] FDCount : 7 prev: TxPkts(103314), RxPkts(125184)
04-13 22:08:13.823 V/LG-FASTDORMANCY( 3447): [DCH/FACH] FDCount : 7 curr: TxPkts(103316), RxPkts(125186)
04-13 22:08:13.824 I/LG-FASTDORMANCY( 3447): [DCH/FACH] FDCount : 0 Scheduling checkNetStat for 1000msec, current state is [DCH/FACH] FDCount : 0 
04-13 22:08:14.509 D/QtiGsmDCT( 3447): [0]updateDataActivity: curTxRxSum={txSum=103316 rxSum=125186} preTxRxSum={txSum=103316 rxSum=125186}
04-13 22:08:14.509 D/QtiGsmDCT( 3447): [0]updateDataActivity: sent=0 received=0
04-13 22:08:14.509 D/QtiGsmDCT( 3447): [0]updateDataActivity: newActivity=NONE
04-13 22:08:14.519 D/QtiGsmDCT( 3447): [0]getDataEnabled: getIntWithSubId retVal=true
04-13 22:08:14.827 V/LG-FASTDORMANCY( 3447): [DCH/FACH] FDCount : 0 intent received :com.android.internal.telephony.ACTION_CHECK_NETSTAT
04-13 22:08:14.831 V/LG-FASTDORMANCY( 3447): [DCH/FACH] FDCount : 0 prev: TxPkts(103316), RxPkts(125186)
04-13 22:08:14.831 V/LG-FASTDORMANCY( 3447): [DCH/FACH] FDCount : 0 curr: TxPkts(103324), RxPkts(125194)
04-13 22:08:14.832 I/LG-FASTDORMANCY( 3447): [DCH/FACH] FDCount : 0 Scheduling checkNetStat for 1000msec, current state is [DCH/FACH] FDCount : 0 
04-13 22:08:15.094 D/QtiGsmDCT( 3447): [0]onReceive: action=com.android.internal.telephony.data-stall
04-13 22:08:15.096 D/QtiGsmDCT( 3447): [0]QtiDcTracker handleMessage msg={ when=-2ms what=270353 arg1=32271 obj=com.android.internal.telephony.data-stall target=com.qti.internal.telephony.dataconnection.QtiDcTracker }
04-13 22:08:15.096 D/QtiGsmDCT( 3447): [0]handleMessage msg={ when=-2ms what=270353 arg1=32271 obj=com.android.internal.telephony.data-stall target=com.qti.internal.telephony.dataconnection.QtiDcTracker }
04-13 22:08:15.104 D/QtiGsmDCT( 3447): [0]overall state is CONNECTED
04-13 22:08:15.515 D/QtiGsmDCT( 3447): [0]updateDataActivity: curTxRxSum={txSum=103378 rxSum=125248} preTxRxSum={txSum=103316 rxSum=125186}
04-13 22:08:15.515 D/QtiGsmDCT( 3447): [0]updateDataActivity: sent=62 received=62
04-13 22:08:15.515 D/QtiGsmDCT( 3447): [0]updateDataActivity: newActivity=DATAINANDOUT
04-13 22:08:15.522 D/QtiGsmDCT( 3447): [0]getDataEnabled: getIntWithSubId retVal=true
04-13 22:08:15.837 V/LG-FASTDORMANCY( 3447): [DCH/FACH] FDCount : 0 intent received :com.android.internal.telephony.ACTION_CHECK_NETSTAT
04-13 22:08:15.848 V/LG-FASTDORMANCY( 3447): [DCH/FACH] FDCount : 0 prev: TxPkts(103324), RxPkts(125194)
04-13 22:08:15.848 V/LG-FASTDORMANCY( 3447): [DCH/FACH] FDCount : 0 curr: TxPkts(103378), RxPkts(125248)
04-13 22:08:15.850 I/LG-FASTDORMANCY( 3447): [DCH/FACH] FDCount : 0 Scheduling checkNetStat for 1000msec, current state is [DCH/FACH] FDCount : 0 
04-13 22:08:16.523 D/QtiGsmDCT( 3447): [0]updateDataActivity: curTxRxSum={txSum=103464 rxSum=125332} preTxRxSum={txSum=103378 rxSum=125248}
04-13 22:08:16.523 D/QtiGsmDCT( 3447): [0]updateDataActivity: sent=86 received=84
04-13 22:08:16.854 V/LG-FASTDORMANCY( 3447): [DCH/FACH] FDCount : 0 intent received :com.android.internal.telephony.ACTION_CHECK_NETSTAT
04-13 22:08:16.859 V/LG-FASTDORMANCY( 3447): [DCH/FACH] FDCount : 0 prev: TxPkts(103378), RxPkts(125248)
04-13 22:08:16.859 V/LG-FASTDORMANCY( 3447): [DCH/FACH] FDCount : 0 curr: TxPkts(103466), RxPkts(125332)
04-13 22:08:16.860 I/LG-FASTDORMANCY( 3447): [DCH/FACH] FDCount : 0 Scheduling checkNetStat for 1000msec, current state is [DCH/FACH] FDCount : 0 
04-13 22:08:17.531 D/QtiGsmDCT( 3447): [0]updateDataActivity: curTxRxSum={txSum=103572 rxSum=125436} preTxRxSum={txSum=103464 rxSum=125332}
04-13 22:08:17.531 D/QtiGsmDCT( 3447): [0]updateDataActivity: sent=108 received=104
04-13 22:08:17.864 V/LG-FASTDORMANCY( 3447): [DCH/FACH] FDCount : 0 intent received :com.android.internal.telephony.ACTION_CHECK_NETSTAT
04-13 22:08:17.867 V/LG-FASTDORMANCY( 3447): [DCH/FACH] FDCount : 0 prev: TxPkts(103466), RxPkts(125332)
04-13 22:08:17.867 V/LG-FASTDORMANCY( 3447): [DCH/FACH] FDCount : 0 curr: TxPkts(103608), RxPkts(125472)
04-13 22:08:17.868 I/LG-FASTDORMANCY( 3447): [DCH/FACH] FDCount : 0 Scheduling checkNetStat for 1000msec, current state is [DCH/FACH] FDCount : 0 
04-13 22:08:18.535 D/QtiGsmDCT( 3447): [0]updateDataActivity: curTxRxSum={txSum=103713 rxSum=125573} preTxRxSum={txSum=103572 rxSum=125436}
04-13 22:08:18.535 D/QtiGsmDCT( 3447): [0]updateDataActivity: sent=141 received=137
04-13 22:08:18.871 V/LG-FASTDORMANCY( 3447): [DCH/FACH] FDCount : 0 intent received :com.android.internal.telephony.ACTION_CHECK_NETSTAT
04-13 22:08:18.875 V/LG-FASTDORMANCY( 3447): [DCH/FACH] FDCount : 0 prev: TxPkts(103608), RxPkts(125472)
04-13 22:08:18.875 V/LG-FASTDORMANCY( 3447): [DCH/FACH] FDCount : 0 curr: TxPkts(103763), RxPkts(125639)
04-13 22:08:18.876 I/LG-FASTDORMANCY( 3447): [DCH/FACH] FDCount : 0 Scheduling checkNetStat for 1000msec, current state is [DCH/FACH] FDCount : 0 
04-13 22:08:19.540 D/QtiGsmDCT( 3447): [0]updateDataActivity: curTxRxSum={txSum=103913 rxSum=125807} preTxRxSum={txSum=103713 rxSum=125573}
04-13 22:08:19.540 D/QtiGsmDCT( 3447): [0]updateDataActivity: sent=200 received=234
04-13 22:08:19.884 V/LG-FASTDORMANCY( 3447): [DCH/FACH] FDCount : 0 intent received :com.android.internal.telephony.ACTION_CHECK_NETSTAT
04-13 22:08:19.888 V/LG-FASTDORMANCY( 3447): [DCH/FACH] FDCount : 0 prev: TxPkts(103763), RxPkts(125639)
04-13 22:08:19.888 V/LG-FASTDORMANCY( 3447): [DCH/FACH] FDCount : 0 curr: TxPkts(103925), RxPkts(125841)
04-13 22:08:19.890 I/LG-FASTDORMANCY( 3447): [DCH/FACH] FDCount : 0 Scheduling checkNetStat for 1000msec, current state is [DCH/FACH] FDCount : 0 
04-13 22:08:20.547 D/QtiGsmDCT( 3447): [0]updateDataActivity: curTxRxSum={txSum=103925 rxSum=125841} preTxRxSum={txSum=103913 rxSum=125807}
04-13 22:08:20.547 D/QtiGsmDCT( 3447): [0]updateDataActivity: sent=12 received=34
04-13 22:08:20.897 V/LG-FASTDORMANCY( 3447): [DCH/FACH] FDCount : 0 intent received :com.android.internal.telephony.ACTION_CHECK_NETSTAT
04-13 22:08:20.902 V/LG-FASTDORMANCY( 3447): [DCH/FACH] FDCount : 0 prev: TxPkts(103925), RxPkts(125841)
04-13 22:08:20.902 V/LG-FASTDORMANCY( 3447): [DCH/FACH] FDCount : 0 curr: TxPkts(103965), RxPkts(125879)
04-13 22:08:20.904 I/LG-FASTDORMANCY( 3447): [DCH/FACH] FDCount : 0 Scheduling checkNetStat for 1000msec, current state is [DCH/FACH] FDCount : 0 
04-13 22:08:21.552 D/QtiGsmDCT( 3447): [0]updateDataActivity: curTxRxSum={txSum=104001 rxSum=125915} preTxRxSum={txSum=103925 rxSum=125841}
04-13 22:08:21.552 D/QtiGsmDCT( 3447): [0]updateDataActivity: sent=76 received=74
04-13 22:08:21.912 V/LG-FASTDORMANCY( 3447): [DCH/FACH] FDCount : 0 intent received :com.android.internal.telephony.ACTION_CHECK_NETSTAT
04-13 22:08:21.915 V/LG-FASTDORMANCY( 3447): [DCH/FACH] FDCount : 0 prev: TxPkts(103965), RxPkts(125879)
04-13 22:08:21.915 V/LG-FASTDORMANCY( 3447): [DCH/FACH] FDCount : 0 curr: TxPkts(104001), RxPkts(125915)
04-13 22:08:21.916 I/LG-FASTDORMANCY( 3447): [DCH/FACH] FDCount : 0 Scheduling checkNetStat for 1000msec, current state is [DCH/FACH] FDCount : 0 
04-13 22:08:22.557 D/QtiGsmDCT( 3447): [0]updateDataActivity: curTxRxSum={txSum=104001 rxSum=125915} preTxRxSum={txSum=104001 rxSum=125915}
04-13 22:08:22.557 D/QtiGsmDCT( 3447): [0]updateDataActivity: sent=0 received=0
04-13 22:08:22.557 D/QtiGsmDCT( 3447): [0]updateDataActivity: newActivity=NONE
04-13 22:08:22.573 D/QtiGsmDCT( 3447): [0]getDataEnabled: getIntWithSubId retVal=true
04-13 22:08:22.919 V/LG-FASTDORMANCY( 3447): [DCH/FACH] FDCount : 0 intent received :com.android.internal.telephony.ACTION_CHECK_NETSTAT
04-13 22:08:22.927 V/LG-FASTDORMANCY( 3447): [DCH/FACH] FDCount : 0 prev: TxPkts(104001), RxPkts(125915)
04-13 22:08:22.927 V/LG-FASTDORMANCY( 3447): [DCH/FACH] FDCount : 0 curr: TxPkts(104001), RxPkts(125915)
04-13 22:08:22.929 I/LG-FASTDORMANCY( 3447): [DCH/FACH] FDCount : 1 Scheduling checkNetStat for 1000msec, current state is [DCH/FACH] FDCount : 1 
04-13 22:08:23.571 D/QtiGsmDCT( 3447): [0]updateDataActivity: curTxRxSum={txSum=104001 rxSum=125915} preTxRxSum={txSum=104001 rxSum=125915}
04-13 22:08:23.571 D/QtiGsmDCT( 3447): [0]updateDataActivity: sent=0 received=0
04-13 22:08:23.933 V/LG-FASTDORMANCY( 3447): [DCH/FACH] FDCount : 1 intent received :com.android.internal.telephony.ACTION_CHECK_NETSTAT
04-13 22:08:23.937 V/LG-FASTDORMANCY( 3447): [DCH/FACH] FDCount : 1 prev: TxPkts(104001), RxPkts(125915)
04-13 22:08:23.937 V/LG-FASTDORMANCY( 3447): [DCH/FACH] FDCount : 1 curr: TxPkts(104001), RxPkts(125915)
04-13 22:08:23.938 I/LG-FASTDORMANCY( 3447): [DCH/FACH] FDCount : 2 Scheduling checkNetStat for 1000msec, current state is [DCH/FACH] FDCount : 2 
04-13 22:08:24.575 D/QtiGsmDCT( 3447): [0]updateDataActivity: curTxRxSum={txSum=104001 rxSum=125915} preTxRxSum={txSum=104001 rxSum=125915}
04-13 22:08:24.575 D/QtiGsmDCT( 3447): [0]updateDataActivity: sent=0 received=0
04-13 22:08:24.943 V/LG-FASTDORMANCY( 3447): [DCH/FACH] FDCount : 2 intent received :com.android.internal.telephony.ACTION_CHECK_NETSTAT
04-13 22:08:24.948 V/LG-FASTDORMANCY( 3447): [DCH/FACH] FDCount : 2 prev: TxPkts(104001), RxPkts(125915)
04-13 22:08:24.948 V/LG-FASTDORMANCY( 3447): [DCH/FACH] FDCount : 2 curr: TxPkts(104001), RxPkts(125915)
04-13 22:08:24.949 I/LG-FASTDORMANCY( 3447): [DCH/FACH] FDCount : 3 Scheduling checkNetStat for 1000msec, current state is [DCH/FACH] FDCount : 3 
04-13 22:08:25.580 D/QtiGsmDCT( 3447): [0]updateDataActivity: curTxRxSum={txSum=104001 rxSum=125915} preTxRxSum={txSum=104001 rxSum=125915}
04-13 22:08:25.581 D/QtiGsmDCT( 3447): [0]updateDataActivity: sent=0 received=0
04-13 22:08:25.956 V/LG-FASTDORMANCY( 3447): [DCH/FACH] FDCount : 3 intent received :com.android.internal.telephony.ACTION_CHECK_NETSTAT
04-13 22:08:25.960 V/LG-FASTDORMANCY( 3447): [DCH/FACH] FDCount : 3 prev: TxPkts(104001), RxPkts(125915)
04-13 22:08:25.960 V/LG-FASTDORMANCY( 3447): [DCH/FACH] FDCount : 3 curr: TxPkts(104001), RxPkts(125915)
04-13 22:08:25.961 I/LG-FASTDORMANCY( 3447): [DCH/FACH] FDCount : 4 Scheduling checkNetStat for 1000msec, current state is [DCH/FACH] FDCount : 4 
04-13 22:08:26.585 D/QtiGsmDCT( 3447): [0]updateDataActivity: curTxRxSum={txSum=104001 rxSum=125915} preTxRxSum={txSum=104001 rxSum=125915}
04-13 22:08:26.585 D/QtiGsmDCT( 3447): [0]updateDataActivity: sent=0 received=0
04-13 22:08:26.966 V/LG-FASTDORMANCY( 3447): [DCH/FACH] FDCount : 4 intent received :com.android.internal.telephony.ACTION_CHECK_NETSTAT
04-13 22:08:26.971 V/LG-FASTDORMANCY( 3447): [DCH/FACH] FDCount : 4 prev: TxPkts(104001), RxPkts(125915)
04-13 22:08:26.971 V/LG-FASTDORMANCY( 3447): [DCH/FACH] FDCount : 4 curr: TxPkts(104001), RxPkts(125915)
04-13 22:08:26.972 I/LG-FASTDORMANCY( 3447): [DCH/FACH] FDCount : 5 Scheduling checkNetStat for 1000msec, current state is [DCH/FACH] FDCount : 5 
