04-13 22:07:46.246 D/QtiGsmDCT( 3447): [0]updateDataActivity: curTxRxSum={txSum=102412 rxSum=124082} preTxRxSum={txSum=102412 rxSum=124082}
04-13 22:07:46.246 D/QtiGsmDCT( 3447): [0]updateDataActivity: sent=0 received=0
04-13 22:07:46.813 V/LG-FASTDORMANCY( 3447): [DCH/FACH] FDCount : 9 intent received :com.android.internal.telephony.ACTION_CHECK_NETSTAT
04-13 22:07:46.818 V/LG-FASTDORMANCY( 3447): [DCH/FACH] FDCount : 9 prev: TxPkts(102412), RxPkts(124082)
04-13 22:07:46.818 V/LG-FASTDORMANCY( 3447): [DCH/FACH] FDCount : 9 curr: TxPkts(102412), RxPkts(124082)
04-13 22:07:46.819 I/LG-FASTDORMANCY( 3447): [DCH/FACH] FDCount : 10 Scheduling checkNetStat for 1000msec, current state is [DCH/FACH] FDCount : 10 
04-13 22:07:47.250 D/QtiGsmDCT( 3447): [0]updateDataActivity: curTxRxSum={txSum=102412 rxSum=124082} preTxRxSum={txSum=102412 rxSum=124082}
04-13 22:07:47.250 D/QtiGsmDCT( 3447): [0]updateDataActivity: sent=0 received=0
04-13 22:07:47.827 V/LG-FASTDORMANCY( 3447): [DCH/FACH] FDCount : 10 intent received :com.android.internal.telephony.ACTION_CHECK_NETSTAT
04-13 22:07:47.831 V/LG-FASTDORMANCY( 3447): [DCH/FACH] FDCount : 10 prev: TxPkts(102412), RxPkts(124082)
04-13 22:07:47.831 V/LG-FASTDORMANCY( 3447): [DCH/FACH] FDCount : 10 curr: TxPkts(102412), RxPkts(124082)
04-13 22:07:47.832 V/LG-FASTDORMANCY( 3447): [DCH/FACH] FDCount : 11 isRetryNeeded(): mRetryCount: 0, MaxRetry: 1
04-13 22:07:47.834 D/LG-FASTDORMANCY( 3447): [DCH/FACH] FDCount : 11 isUMTS(): RadioTech(15)
04-13 22:07:47.834 D/LG-FASTDORMANCY( 3447): [DCH/FACH] FDCount : 11 triggerGoDormant() using qcRilGoDormant with GO_DORMANT_INTERFACE_ALL
04-13 22:07:47.837 E/RILQ    (  370): (0/370): RIL[0][oem_socket0] void qcril_qmi_generic_socket_agent::recv_thread_func(): read 4 bytes length message with length 28
04-13 22:07:47.837 E/RILQ    (  370): (0/370): RIL[0][oem_socket0] qcril_data_iface_go_dormant:  binding v6 handle to IPV6 family failed rc=-1, qmi_err=0
04-13 22:07:47.844 E/RILQ    (  370): (0/370): RIL[0][oem_socket0] qcril_data_process_qcrilhook_go_dormant: invalid dev_instance [-1] derived for index [1]
04-13 22:07:47.844 E/RILQ    (  370): (0/370): RIL[0][oem_socket0] qcril_data_process_qcrilhook_go_dormant: invalid dev_instance [-1] derived for index [2]
04-13 22:07:47.844 E/RILQ    (  370): (0/370): RIL[0][oem_socket0] qcril_data_process_qcrilhook_go_dormant: invalid dev_instance [-1] derived for index [3]
04-13 22:07:47.844 E/RILQ    (  370): (0/370): RIL[0][oem_socket0] qcril_data_process_qcrilhook_go_dormant: invalid dev_instance [-1] derived for index [4]
04-13 22:07:47.844 E/RILQ    (  370): (0/370): RIL[0][oem_socket0] qcril_data_process_qcrilhook_go_dormant: invalid dev_instance [-1] derived for index [5]
04-13 22:07:47.844 E/RILQ    (  370): (0/370): RIL[0][oem_socket0] qcril_data_process_qcrilhook_go_dormant: invalid dev_instance [-1] derived for index [6]
04-13 22:07:47.844 E/RILQ    (  370): (0/370): RIL[0][oem_socket0] qcril_data_process_qcrilhook_go_dormant: invalid dev_instance [-1] derived for index [7]
04-13 22:07:47.844 E/RILQ    (  370): (0/370): RIL[0][oem_socket0] qcril_data_process_qcrilhook_go_dormant: invalid dev_instance [-1] derived for index [8]
04-13 22:07:47.845 E/RILQ    (  370): (0/370): RIL[0][oem_socket0] qcril_data_process_qcrilhook_go_dormant: invalid dev_instance [-1] derived for index [9]
04-13 22:07:47.845 E/RILQ    (  370): (0/370): RIL[0][oem_socket0] qcril_data_process_qcrilhook_go_dormant: invalid dev_instance [-1] derived for index [10]
04-13 22:07:47.845 E/RILQ    (  370): (0/370): RIL[0][oem_socket0] qcril_data_process_qcrilhook_go_dormant: invalid dev_instance [-1] derived for index [11]
04-13 22:07:47.845 E/RILQ    (  370): (0/370): RIL[0][oem_socket0] qcril_data_process_qcrilhook_go_dormant: invalid dev_instance [-1] derived for index [12]
04-13 22:07:47.845 E/RILQ    (  370): (0/370): RIL[0][oem_socket0] qcril_data_process_qcrilhook_go_dormant: invalid dev_instance [-1] derived for index [13]
04-13 22:07:47.845 E/RILQ    (  370): (0/370): RIL[0][oem_socket0] qcril_data_process_qcrilhook_go_dormant: invalid dev_instance [-1] derived for index [14]
04-13 22:07:47.845 E/RILQ    (  370): (0/370): RIL[0][oem_socket0] qcril_data_process_qcrilhook_go_dormant: invalid dev_instance [-1] derived for index [15]
04-13 22:07:47.845 E/RILQ    (  370): (0/370): RIL[0][oem_socket0] qcril_data_process_qcrilhook_go_dormant: invalid dev_instance [-1] derived for index [16]
04-13 22:07:47.845 E/RILQ    (  370): (0/370): RIL[0][oem_socket0] qcril_data_process_qcrilhook_go_dormant: invalid dev_instance [-1] derived for index [17]
04-13 22:07:47.845 E/RILQ    (  370): (0/370): RIL[0][oem_socket0] qcril_data_process_qcrilhook_go_dormant: invalid dev_instance [-1] derived for index [18]
04-13 22:07:47.845 E/RILQ    (  370): (0/370): RIL[0][oem_socket0] qcril_data_process_qcrilhook_go_dormant: invalid dev_instance [-1] derived for index [19]
04-13 22:07:47.847 V/LG-FASTDORMANCY( 3447): [DCH/FACH] FDCount : 0 increaseCount(): mRetryCount: 1
04-13 22:07:47.848 I/LG-FASTDORMANCY( 3447): [DCH/FACH] FDCount : 0 Scheduling checkNetStat for 1000msec, current state is [DCH/FACH] FDCount : 0 
04-13 22:07:48.142 I/RILC    (  370): RIL_SOCKET_1 UNSOLICITED: RIL_UNSOL_LTE_REJECT_CAUSE length:16
04-13 22:07:48.142 E/RILC    (  370): Send Response to RIL_SOCKET_1
04-13 22:07:48.142 E/RILC    (  370): RIL Response bytes written:4
04-13 22:07:48.143 D/RILJ    ( 3447): [UNSL]< RIL_UNSOL_LTE_REJECT_CAUSE {15} [SUB0]
04-13 22:07:48.143 E/RILC    (  370): RIL Response bytes written:16
04-13 22:07:48.144 I/RILC    (  370): RIL_SOCKET_1 UNSOLICITED: UNSOL_OEM_HOOK_RAW length:32
04-13 22:07:48.144 E/RILC    (  370): Send Response to RIL_SOCKET_1
04-13 22:07:48.145 E/RILC    (  370): RIL Response bytes written:4
04-13 22:07:48.145 V/RILJ    ( 3447): [UNSL]< UNSOL_OEM_HOOK_RAW 514f454d484f4f4bef0308000100000002 [SUB0]
04-13 22:07:48.145 D/RILJ    ( 3447): Oem ID in RIL_UNSOL_OEM_HOOK_RAW is QOEMHOOK
04-13 22:07:48.145 D/RILJ    ( 3447): OEM ID check Passed
04-13 22:07:48.145 D/RILJ    ( 3447): Response ID in RIL_UNSOL_OEM_HOOK_RAW is 525295
04-13 22:07:48.145 D/RILJ    ( 3447): Response ID 525295 is not served in this process.
04-13 22:07:48.145 E/RILC    (  370): RIL Response bytes written:32
04-13 22:07:48.148 I/RILC    (  370): RIL_SOCKET_1 UNSOLICITED: UNSOL_RESPONSE_VOICE_NETWORK_STATE_CHANGED length:8
04-13 22:07:48.148 E/RILC    (  370): Send Response to RIL_SOCKET_1
04-13 22:07:48.148 E/RILC    (  370): RIL Response bytes written:4
04-13 22:07:48.148 D/RILJ    ( 3447): [UNSL]< UNSOL_RESPONSE_VOICE_NETWORK_STATE_CHANGED [SUB0]
04-13 22:07:48.148 E/RILC    (  370): RIL Response bytes written:8
04-13 22:07:48.149 D/RILJ    ( 3447): [8778]> OPERATOR [SUB0]
04-13 22:07:48.150 D/RILJ    ( 3447): [8779]> DATA_REGISTRATION_STATE [SUB0]
04-13 22:07:48.151 D/RILC    (  370): SOCKET RIL_SOCKET_1 REQUEST: OPERATOR length:8
04-13 22:07:48.154 I/RILC    (  370): RIL_SOCKET_1 UNSOLICITED: RIL_UNSOL_LTE_REJECT_CAUSE length:16
04-13 22:07:48.154 E/RILC    (  370): Send Response to RIL_SOCKET_1
04-13 22:07:48.155 E/RILC    (  370): RIL Response bytes written:4
04-13 22:07:48.155 E/RILC    (  370): RIL Response bytes written:16
04-13 22:07:48.155 D/RILJ    ( 3447): [UNSL]< RIL_UNSOL_LTE_REJECT_CAUSE {15} [SUB0]
04-13 22:07:48.158 D/RILC    (  370): SOCKET RIL_SOCKET_1 REQUEST: DATA_REGISTRATION_STATE length:8
04-13 22:07:48.158 D/RILJ    ( 3447): [8780]> VOICE_REGISTRATION_STATE [SUB0]
04-13 22:07:48.159 I/RILC    (  370): RIL_SOCKET_1 UNSOLICITED: UNSOL_OEM_HOOK_RAW length:32
04-13 22:07:48.159 E/RILC    (  370): Send Response to RIL_SOCKET_1
04-13 22:07:48.159 E/RILC    (  370): RIL Response bytes written:4
04-13 22:07:48.159 V/RILJ    ( 3447): [UNSL]< UNSOL_OEM_HOOK_RAW 514f454d484f4f4bef0308000100000002 [SUB0]
04-13 22:07:48.160 D/RILJ    ( 3447): Oem ID in RIL_UNSOL_OEM_HOOK_RAW is QOEMHOOK
04-13 22:07:48.160 D/RILJ    ( 3447): OEM ID check Passed
04-13 22:07:48.160 D/RILJ    ( 3447): Response ID in RIL_UNSOL_OEM_HOOK_RAW is 525295
04-13 22:07:48.160 D/RILJ    ( 3447): Response ID 525295 is not served in this process.
04-13 22:07:48.160 D/RILJ    ( 3447): [8781]> QUERY_NETWORK_SELECTION_MODE [SUB0]
04-13 22:07:48.160 E/RILC    (  370): RIL Response bytes written:32
04-13 22:07:48.160 D/RILC    (  370): SOCKET RIL_SOCKET_1 REQUEST: VOICE_REGISTRATION_STATE length:8
04-13 22:07:48.164 D/RILC    (  370): SOCKET RIL_SOCKET_1 REQUEST: QUERY_NETWORK_SELECTION_MODE length:8
04-13 22:07:48.168 I/RILQ    (  370): (0/370):RIL[0][event] qcril_arb_set_dsd_sys_status: old_pref_data 1 - new_data_pref 1
04-13 22:07:48.168 I/RILQ    (  370): (0/370):RIL[0][event] qcril_arb_set_dsd_sys_status: preferred dsd_sys_status nw=0x0, rat_value=0x1, so_mask=0x0000000000000007
04-13 22:07:48.168 I/RILQ    (  370): (0/370):RIL[0][event] qcril_arb_set_dsd_sys_status: preferred 1 - dsd_sys_status nw=0x0, rat_value=0x1, so_mask=0x0000000000000007
04-13 22:07:48.168 I/RILQ    (  370): (0/370):RIL[0][event] qcril_arb_set_dsd_sys_status: is_wwan_available 0
04-13 22:07:48.169 I/RILC    (  370): RIL_SOCKET_1 UNSOLICITED: UNSOL_OEM_HOOK_RAW length:32
04-13 22:07:48.169 E/RILC    (  370): Send Response to RIL_SOCKET_1
04-13 22:07:48.169 E/RILC    (  370): RIL Response bytes written:4
04-13 22:07:48.169 V/RILJ    ( 3447): [UNSL]< UNSOL_OEM_HOOK_RAW 514f454d484f4f4bfa0308000100000000 [SUB0]
04-13 22:07:48.169 D/RILJ    ( 3447): Oem ID in RIL_UNSOL_OEM_HOOK_RAW is QOEMHOOK
04-13 22:07:48.169 D/RILJ    ( 3447): OEM ID check Passed
04-13 22:07:48.169 D/RILJ    ( 3447): Response ID in RIL_UNSOL_OEM_HOOK_RAW is 525306
04-13 22:07:48.170 D/RILJ    ( 3447): WWAN, IWLAN coexistence notified to registrants
04-13 22:07:48.170 E/RILC    (  370): RIL Response bytes written:32
04-13 22:07:48.180 D/RILC    (  370): RequestComplete, RIL_SOCKET_1
04-13 22:07:48.180 E/RILC    (  370): Send Response to RIL_SOCKET_1
04-13 22:07:48.180 E/RILC    (  370): RIL Response bytes written:4
04-13 22:07:48.180 E/RILC    (  370): RIL Response bytes written:72
04-13 22:07:48.180 D/RILJ    ( 3447): [8778]< OPERATOR {Orange, Orange, 26003} [SUB0]
04-13 22:07:48.184 I/RILC    (  370): RIL_SOCKET_1 UNSOLICITED: RIL_UNSOL_LTE_REJECT_CAUSE length:16
04-13 22:07:48.184 E/RILC    (  370): Send Response to RIL_SOCKET_1
04-13 22:07:48.184 E/RILC    (  370): RIL Response bytes written:4
04-13 22:07:48.185 D/RILJ    ( 3447): [UNSL]< RIL_UNSOL_LTE_REJECT_CAUSE {15} [SUB0]
04-13 22:07:48.185 E/RILC    (  370): RIL Response bytes written:16
04-13 22:07:48.190 I/RILC    (  370): RIL_SOCKET_1 UNSOLICITED: UNSOL_DATA_CALL_LIST_CHANGED length:428
04-13 22:07:48.190 E/RILC    (  370): Send Response to RIL_SOCKET_1
04-13 22:07:48.190 E/RILC    (  370): RIL Response bytes written:4
04-13 22:07:48.190 E/RILC    (  370): RIL Response bytes written:428
04-13 22:07:48.191 D/RILJ    ( 3447): responseDataCallList ver=11 num=1 [SUB0]
04-13 22:07:48.191 D/RILJ    ( 3447): getDataCallResponse before ver=11 [SUB0]
04-13 22:07:48.191 D/RILJ    ( 3447): [UNSL]< UNSOL_DATA_CALL_LIST_CHANGED [DataCallResponse: {version=11 status=0 retry=-1 cid=0 active=1 type=IPV6 ifname=rmnet_data0 mtu=1500 addresses=[2a00:0f41:30c5:feb9:e6db:0f93:92c6:4a88/64] dnses=[2a01:1700:0003:ffff:0000:0000:0000:9822,2a01:1700:0002:ffff:0000:0000:0000:9f01] gateways=[fe80:0000:0000:0000:0167:077c:95a5:9420] pcscf=[]}] [SUB0]
04-13 22:07:48.193 D/QtiGsmDCT( 3447): [0]fetchDunApn: Ignore the dun apn in settings.db
04-13 22:07:48.193 I/LG-FASTDORMANCY( 3447): [DCH/FACH] FDCount : 0 Data call list changed.
04-13 22:07:48.193 D/QtiGsmDCT( 3447): [0]QtiDcTracker handleMessage msg={ when=-2ms what=270340 obj=android.os.AsyncResult@1acc7a4 target=com.qti.internal.telephony.dataconnection.QtiDcTracker }
04-13 22:07:48.194 I/LG-FASTDORMANCY( 3447): [DCH/FACH] FDCount : 0 [DataCallResponse: {version=11 status=0 retry=-1 cid=0 active=1 type=IPV6 ifname=rmnet_data0 mtu=1500 addresses=[2a00:0f41:30c5:feb9:e6db:0f93:92c6:4a88/64] dnses=[2a01:1700:0003:ffff:0000:0000:0000:9822,2a01:1700:0002:ffff:0000:0000:0000:9f01] gateways=[fe80:0000:0000:0000:0167:077c:95a5:9420] pcscf=[]}]
04-13 22:07:48.194 D/QtiGsmDCT( 3447): [0]handleMessage msg={ when=-2ms what=270340 obj=android.os.AsyncResult@1acc7a4 target=com.qti.internal.telephony.dataconnection.QtiDcTracker }
04-13 22:07:48.194 I/LG-FASTDORMANCY( 3447): [DCH/FACH] FDCount : 0 prev:[DCH/FACH] FDCount : 0 , curr:true
04-13 22:07:48.194 E/DATA    ( 3447): Unidentified event msg={ when=-2ms what=270340 obj=android.os.AsyncResult@1acc7a4 target=com.qti.internal.telephony.dataconnection.QtiDcTracker }
04-13 22:07:48.194 D/RILC    (  370): RequestComplete, RIL_SOCKET_1
04-13 22:07:48.194 E/RILC    (  370): Send Response to RIL_SOCKET_1
04-13 22:07:48.194 E/RILC    (  370): RIL Response bytes written:4
04-13 22:07:48.194 E/RILC    (  370): RIL Response bytes written:120
04-13 22:07:48.195 D/RILC    (  370): RequestComplete, RIL_SOCKET_1
04-13 22:07:48.195 E/RILC    (  370): Send Response to RIL_SOCKET_1
04-13 22:07:48.195 E/RILC    (  370): RIL Response bytes written:4
04-13 22:07:48.195 E/RILC    (  370): RIL Response bytes written:20
04-13 22:07:48.195 D/RILJ    ( 3447): [8779]< DATA_REGISTRATION_STATE {1, dff2, 02bec81c, 11, null, 20, null, null, null, null, null, 0} [SUB0]
04-13 22:07:48.195 D/RILJ    ( 3447): [8781]< QUERY_NETWORK_SELECTION_MODE {0} [SUB0]
04-13 22:07:48.196 D/GsmSST  ( 3447): isSFROperators result = false
04-13 22:07:48.196 D/PHONE   ( 3447): [ServiceState] setDataRegState=0
04-13 22:07:48.196 D/PHONE   ( 3447): [ServiceState] setDataRadioTechnology=11
04-13 22:07:48.196 D/GsmSST  ( 3447): [GsmSST] LOGRadioInfo : In Service
04-13 22:07:48.196 D/GsmSST  ( 3447): [GsmSST] handlPollStateResultMessage: GsmSST setDataRegState=0 regState=1 dataRadioTechnology=11
04-13 22:07:48.197 D/LG-FASTDORMANCY( 3447): [DCH/FACH] FDCount : 0 isUMTS(): RadioTech(15)
04-13 22:07:48.197 D/LG-FASTDORMANCY( 3447): [DCH/FACH] FDCount : 0 Exit from DCH or FACH State
04-13 22:07:48.197 D/LG-FASTDORMANCY( 3447): [IDLE] Enter to IDLE State
04-13 22:07:48.197 D/RILC    (  370): RequestComplete, RIL_SOCKET_1
04-13 22:07:48.197 E/RILC    (  370): Send Response to RIL_SOCKET_1
04-13 22:07:48.198 E/RILC    (  370): RIL Response bytes written:4
04-13 22:07:48.198 D/RILJ    ( 3447): [8780]< VOICE_REGISTRATION_STATE {1, dff2, 02bec81c, 3, null, null, null, 0, null, null, 1, null, null, 0, 1d8} [SUB0]
04-13 22:07:48.198 E/RILC    (  370): RIL Response bytes written:136
04-13 22:07:48.198 D/PHONE   ( 3447): [ServiceState] setVoiceRegState=0
04-13 22:07:48.198 E/PHONE   ( 3447): [ServiceState] setState deprecated use setVoiceRegState()
04-13 22:07:48.199 D/GsmSST  ( 3447): [GsmSST] LOGRadioInfo : In Service
04-13 22:07:48.199 I/RILC    (  370): RIL_SOCKET_1 UNSOLICITED: UNSOL_RESPONSE_VOICE_NETWORK_STATE_CHANGED length:8
04-13 22:07:48.199 E/RILC    (  370): Send Response to RIL_SOCKET_1
04-13 22:07:48.199 E/RILC    (  370): RIL Response bytes written:4
04-13 22:07:48.199 E/RILC    (  370): RIL Response bytes written:8
04-13 22:07:48.199 D/LG-FASTDORMANCY( 3447): [IDLE] isUMTS(): RadioTech(15)
04-13 22:07:48.199 D/LG-FASTDORMANCY( 3447): [IDLE] resetAll()
04-13 22:07:48.200 D/RILJ    ( 3447): [UNSL]< UNSOL_RESPONSE_VOICE_NETWORK_STATE_CHANGED [SUB0]
04-13 22:07:48.204 V/LG-FASTDORMANCY( 3447): [IDLE] prev: TxPkts(102412), RxPkts(124082)
04-13 22:07:48.204 V/LG-FASTDORMANCY( 3447): [IDLE] curr: TxPkts(102412), RxPkts(124082)
04-13 22:07:48.204 V/LG-FASTDORMANCY( 3447): [IDLE] resetCount(): mRetryCount: 0
04-13 22:07:48.205 D/GsmSST  ( 3447): [GsmSST] Poll ServiceState done:  oldSS=[0 0 voice home data home Orange Orange 26003 Orange Orange 26003  UMTS HSPAP CSS not supported -1 -1 RoamInd=-1 DefRoamInd=-1 EmergOnly=false IsDataRoamingFromRegistration=false mIsVoiceSearching=false mIsDataSearching=false mVoiceNetworkName=null mDataNetworkName=null Check64QAM0 Dual carrier0] newSS=[0 0 voice home data home Orange Orange 26003 Orange Orange 26003  UMTS HSPA CSS not supported -1 -1 RoamInd=-1 DefRoamInd=-1 EmergOnly=false IsDataRoamingFromRegistration=false mIsVoiceSearching=false mIsDataSearching=false mVoiceNetworkName=null mDataNetworkName=null Check64QAM0 Dual carrier0] oldMaxDataCalls=20 mNewMaxDataCalls=20 oldReasonDataDenied=-1 mNewReasonDataDenied=-1
04-13 22:07:48.205 D/PHONE   ( 3447): [ServiceState] setNullState=1
04-13 22:07:48.205 D/TelephonyManager( 3447): setTelephonyProperty: success phoneId=0 property=gsm.network.type value: UMTS propVal=UMTS
04-13 22:07:48.207 D/SIMRecords( 3447): [SIMRecords] getServiceProviderName: no brandOverride
04-13 22:07:48.207 D/SIMRecords( 3447): [SIMRecords] getServiceProviderName: providerName=Orange
04-13 22:07:48.207 D/SIMRecords( 3447): [SIMRecords] getServiceProviderName: no brandOverride
04-13 22:07:48.207 D/SIMRecords( 3447): [SIMRecords] getServiceProviderName: providerName=Orange
04-13 22:07:48.207 D/GSMPhoneEx( 3447): grandblue SpnMvno = Orange operator = 26003 simMcc  = 260 simMnc  = 03
04-13 22:07:48.207 D/GSMPhoneEx( 3447): grandblue after SpnMvno = Orange operator = 26003 simMcc  = 260 simMnc  = 03
04-13 22:07:48.209 D/TelephonyManager( 3447): setTelephonyProperty: success phoneId=0 property=gsm.operator.alpha value: Orange propVal=Orange
04-13 22:07:48.218 D/TelephonyManager( 3447): setTelephonyProperty: success phoneId=0 property=gsm.operator.numeric value: 26003 propVal=26003
04-13 22:07:48.219 D/TelephonyManager( 3447): setTelephonyProperty: success phoneId=0 property=gsm.operator.iso-country value: pl propVal=pl
04-13 22:07:48.222 D/GsmSST  ( 3447): [GsmSST] shouldFixTimeZoneNow: retVal=false iccCardExist=true operatorNumeric=26003 mcc=260 prevOperatorNumeric=26003 prevMcc=260 needToFixTimeZone=false ltod=04-13 22:07:48.222
04-13 22:07:48.223 D/TelephonyManager( 3447): setTelephonyProperty: success phoneId=0 property=gsm.operator.isroaming value: false propVal=false
04-13 22:07:48.224 D/TelephonyManager( 3447): setTelephonyProperty: success phoneId=0 property=ril.cdma.voiceinservice value: true propVal=true
04-13 22:07:48.226 D/GsmSST  ( 3447): [GsmSST] Broadcasting ServiceState : 0 0 voice home data home Orange Orange 26003 Orange Orange 26003  UMTS HSPA CSS not supported -1 -1 RoamInd=-1 DefRoamInd=-1 EmergOnly=false IsDataRoamingFromRegistration=false mIsVoiceSearching=false mIsDataSearching=false mVoiceNetworkName=null mDataNetworkName=null Check64QAM0 Dual carrier0
04-13 22:07:48.226 D/DefaultPhoneNotifier( 3447): nofityServiceState: mRegistry=com.android.internal.telephony.ITelephonyRegistry$Stub$Proxy@ced2ad0 ss=0 0 voice home data home Orange Orange 26003 Orange Orange 26003  UMTS HSPA CSS not supported -1 -1 RoamInd=-1 DefRoamInd=-1 EmergOnly=false IsDataRoamingFromRegistration=false mIsVoiceSearching=false mIsDataSearching=false mVoiceNetworkName=null mDataNetworkName=null Check64QAM0 Dual carrier0 sender=Handler (com.qti.internal.telephony.gsm.QtiGSMPhone) {560d91e} phondId=0 subId=2
04-13 22:07:48.241 D/SubscriptionManager( 1891): getSimStateForSubscriber: simState=5 slotIdx=0
04-13 22:07:48.246 D/GsmSST  ( 3447): [GsmSST] notifyDataRegStateRilRadioTechnologyChanged: drs=0 rat=11
04-13 22:07:48.247 D/TelephonyManager( 3447): setTelephonyProperty: success phoneId=0 property=gsm.network.type value: HSPA propVal=HSPA
04-13 22:07:48.249 D/QtiGsmDCT( 3447): [0]get all active apn types
04-13 22:07:48.251 D/QtiGsmDCT( 3447): [0]return link properites for default
04-13 22:07:48.256 D/QtiGsmDCT( 3447): [0]getDataEnabled: getIntWithSubId retVal=true
04-13 22:07:48.263 D/QtiGsmDCT( 3447): [0]fetchDunApn: config_tether_apndata dunSetting=null
04-13 22:07:48.263 D/DC-1    ( 3447): isInternetRequested = true
04-13 22:07:48.264 D/Dcc     ( 3447): onDataStateChanged: dcsList=[DataCallResponse: {version=11 status=0 retry=-1 cid=0 active=1 type=IPV6 ifname=rmnet_data0 mtu=1500 addresses=[2a00:0f41:30c5:feb9:e6db:0f93:92c6:4a88/64] dnses=[2a01:1700:0003:ffff:0000:0000:0000:9822,2a01:1700:0002:ffff:0000:0000:0000:9f01] gateways=[fe80:0000:0000:0000:0167:077c:95a5:9420] pcscf=[]}] mDcListActiveByCid={0={DC-1: State=DcActiveState mApnSetting=[ApnSettingV3] Orange Internet, 695, 26003, internetipv6, , , , , , 1, default | dun | hipri | supl, IPV6, IP, true, 0, 0, 1, false, 0, 0, 0, 0, , , 0, ,  RefCount=1 mCid=0 mCreateTime=-1 mLastastFailTime=-1 mLastFailCause=NONE mTag=6 mRetryManager=RetryManager: { forever=false maxRetry=10 curMaxRetry=0 retry=0 config={default_randomization=2000,5000,10000,20000,40000,80000:5000,160000:5000,320000:5000,640000:5000,1280000:5000,1800000:5000} retryArray={5000:2000 10000:2000 20000:2000 40000:2000 80000:5000 160000:5000 320000:5000 640000:5000 1280000:5000 1800000:5000 }} mLinkProperties={InterfaceName: rmnet_data0 LinkAddresses: [2a00:f41:30c5:feb9:e6db:f93:92c6:4a88/64,]  Routes: [::/0 -> fe80::167:77c:95a5:9420 rmnet_data0,] DnsAddresses: [2a01:1700:3:ffff::9822,2a01:1700:2:ffff::9f01,] Domains: null MTU: 1500 TcpBufferSizes: 122334,734003,3461120,32040,192239,3461120} linkCapabilities=[ Transports: CELLULAR Capabilities: SUPL&DUN&INTERNET&NOT_RESTRICTED&TRUSTED&NOT_VPN LinkUpBandwidth>=11264Kbps LinkDnBandwidth>=43008Kbps Specifier: <2>] mApnContexts=[{mApnType=default mState=CONNECTED mWaitingApns={[[ApnSettingV3] Orange Internet, 695, 26003, internetipv6, , , , , , 1, default | dun | hipri | supl, IPV6, IP, true, 0, 0, 1, false, 0, 0, 0, 0, , , 0, , ]} mWaitingApnsPermanentFailureCountDown=1 mApnSetting={[ApnSettingV3] Orange Internet, 695, 26003, internetipv6, , , , , , 1, default | dun | hipri | supl, IPV6, IP, true, 0, 0, 1, false, 0, 0, 0, 0, , , 0, , } mReason=connected mDataEnabled=true mDependencyMet=true}]}}
04-13 22:07:48.264 D/Dcc     ( 3447): onDataStateChanged: dcsToRetry=[]
04-13 22:07:48.264 D/Dcc     ( 3447): onDataStateChanged: Found ConnId=0 newState=DataCallResponse: {version=11 status=0 retry=-1 cid=0 active=1 type=IPV6 ifname=rmnet_data0 mtu=1500 addresses=[2a00:0f41:30c5:feb9:e6db:0f93:92c6:4a88/64] dnses=[2a01:1700:0003:ffff:0000:0000:0000:9822,2a01:1700:0002:ffff:0000:0000:0000:9f01] gateways=[fe80:0000:0000:0000:0167:077c:95a5:9420] pcscf=[]}
04-13 22:07:48.264 D/DataCallResponse( 3447): addr/pl=2a00:0f41:30c5:feb9:e6db:0f93:92c6:4a88/64
04-13 22:07:48.264 D/DC-1    ( 3447): MTU set by call response to: 1500
04-13 22:07:48.265 D/Dcc     ( 3447): onDataStateChanged: no change
04-13 22:07:48.265 D/Dcc     ( 3447): onDataStateChanged: Data Activity updated to DORMANT. stopNetStatePoll
04-13 22:07:48.265 D/Dcc     ( 3447): onDataStateChanged: Skip stopNetStatPoll
04-13 22:07:48.265 D/Dcc     ( 3447): onDataStateChanged: dcsToRetry=[] apnsToCleanup=[]
04-13 22:07:48.265 D/Dcc     ( 3447): onDataStateChanged: X
04-13 22:07:48.265 D/DC-1    ( 3447): DcActiveState not handled msg.what=EVENT_DATA_CONNECTION_DRS_OR_RAT_CHANGED
04-13 22:07:48.265 D/DC-1    ( 3447): DcDefault msg=EVENT_DATA_CONNECTION_DRS_OR_RAT_CHANGED RefCount=1
04-13 22:07:48.265 D/DC-1    ( 3447): DcDefaultState: EVENT_DATA_CONNECTION_DRS_OR_RAT_CHANGED drs=0 mRilRat=11
04-13 22:07:48.265 D/QtiGsmDCT( 3447): [0]fetchDunApn: Ignore the dun apn in settings.db
04-13 22:07:48.293 D/QtiGsmDCT( 3447): [0]fetchDunApn: config_tether_apndata dunSetting=null
04-13 22:07:48.293 D/DC-1    ( 3447): isInternetRequested = true
04-13 22:07:48.294 D/DC-1    ( 3447): DcActiveState not handled msg.what=REQ_GET_LINK_PROPERTIES
04-13 22:07:48.294 D/DC-1    ( 3447): DcDefault msg=REQ_GET_LINK_PROPERTIES RefCount=1
04-13 22:07:48.295 D/DC-1    ( 3447): REQ_GET_LINK_PROPERTIES linkProperties{InterfaceName: rmnet_data0 LinkAddresses: [2a00:f41:30c5:feb9:e6db:f93:92c6:4a88/64,]  Routes: [::/0 -> fe80::167:77c:95a5:9420 rmnet_data0,] DnsAddresses: [2a01:1700:3:ffff::9822,2a01:1700:2:ffff::9f01,] Domains: null MTU: 1500 TcpBufferSizes: 40778,244668,3461120,16777,140625,3461120}
04-13 22:07:48.295 D/QtiGsmDCT( 3447): [0]get active pdp is not null, return NetworkCapabilities for default
04-13 22:07:48.296 D/DC-1    ( 3447): DcActiveState not handled msg.what=REQ_GET_NETWORK_CAPABILITIES
04-13 22:07:48.296 D/DC-1    ( 3447): DcDefault msg=REQ_GET_NETWORK_CAPABILITIES RefCount=1
04-13 22:07:48.296 D/QtiGsmDCT( 3447): [0]fetchDunApn: Ignore the dun apn in settings.db
04-13 22:07:48.324 D/QtiGsmDCT( 3447): [0]fetchDunApn: config_tether_apndata dunSetting=null
04-13 22:07:48.324 D/DC-1    ( 3447): isInternetRequested = true
04-13 22:07:48.325 D/DC-1    ( 3447): REQ_GET_NETWORK_CAPABILITIES networkCapabilities[ Transports: CELLULAR Capabilities: SUPL&DUN&INTERNET&NOT_RESTRICTED&TRUSTED&NOT_VPN LinkUpBandwidth>=5898Kbps LinkDnBandwidth>=14336Kbps Specifier: <2>]
04-13 22:07:48.327 D/QtiGsmDCT( 3447): [0]isDataPossible(default): possible=true isDataAllowed=true apnTypePossible=true apnContextisEnabled=true apnContextState()=CONNECTED
04-13 22:07:48.327 D/QtiGsmDCT( 3447): [0]get active apn string for type:default
04-13 22:07:48.327 D/DCT     ( 3447): [ApnContext:default] getApnSetting: apnSetting=[ApnSettingV3] Orange Internet, 695, 26003, internetipv6, , , , , , 1, default | dun | hipri | supl, IPV6, IP, true, 0, 0, 1, false, 0, 0, 0, 0, , , 0, , 
04-13 22:07:48.330 D/TelephonyRegistry( 1891): Notify data connection state changed on sub: 2
04-13 22:07:48.330 D/TelephonyRegistry( 1891): Notify data connection state changed on sub: 2
04-13 22:07:48.330 D/TelephonyRegistry( 1891): Notify data connection state changed on sub: 2
04-13 22:07:48.330 D/TelephonyRegistry( 1891): Notify data connection state changed on sub: 2
04-13 22:07:48.330 D/TelephonyRegistry( 1891): Notify data connection state changed on sub: 2
04-13 22:07:48.331 D/TelephonyRegistry( 1891): broadcastPreciseDataConnectionStateChanged():state=2, apnType=default, smCause=(0), reason=null
04-13 22:07:48.332 D/RILJ    ( 3447): [8782]> OPERATOR [SUB0]
04-13 22:07:48.335 D/RILC    (  370): SOCKET RIL_SOCKET_1 REQUEST: OPERATOR length:8
04-13 22:07:48.335 D/RILJ    ( 3447): [8783]> DATA_REGISTRATION_STATE [SUB0]
04-13 22:07:48.336 D/RILJ    ( 3447): [8784]> VOICE_REGISTRATION_STATE [SUB0]
04-13 22:07:48.338 D/RILC    (  370): SOCKET RIL_SOCKET_1 REQUEST: DATA_REGISTRATION_STATE length:8
04-13 22:07:48.338 D/RILJ    ( 3447): [8785]> QUERY_NETWORK_SELECTION_MODE [SUB0]
04-13 22:07:48.341 V/LG-FASTDORMANCY( 3447): [IDLE] intent received :android.intent.action.SERVICE_STATE
04-13 22:07:48.342 E/PHONE   ( 3447): ServiceState.getRadioTechnology() DEPRECATED will be removed *******
04-13 22:07:48.342 I/LG-FASTDORMANCY( 3447): [IDLE] Service State is changed : 0 0 voice home data home Orange Orange 26003 Orange Orange 26003  UMTS HSPA CSS not supported -1 -1 RoamInd=-1 DefRoamInd=-1 EmergOnly=false IsDataRoamingFromRegistration=false mIsVoiceSearching=false mIsDataSearching=false mVoiceNetworkName=null mDataNetworkName=null Check64QAM0 Dual carrier0
04-13 22:07:48.342 I/LG-FASTDORMANCY( 3447): [IDLE] radioTech changed!! currenRT = 11 isChange?? true
04-13 22:07:48.342 D/RILC    (  370): RequestComplete, RIL_SOCKET_1
04-13 22:07:48.342 E/RILC    (  370): Send Response to RIL_SOCKET_1
04-13 22:07:48.342 E/RILC    (  370): RIL Response bytes written:4
04-13 22:07:48.342 E/RILC    (  370): RIL Response bytes written:72
04-13 22:07:48.343 D/RILJ    ( 3447): [8782]< OPERATOR {Orange, Orange, 26003} [SUB0]
04-13 22:07:48.344 D/RILC    (  370): SOCKET RIL_SOCKET_1 REQUEST: VOICE_REGISTRATION_STATE length:8
04-13 22:07:48.344 D/QtiGsmDCT( 3447): [0]QtiDcTracker handleMessage msg={ when=-95ms what=270377 obj=android.os.AsyncResult@83d290d target=com.qti.internal.telephony.dataconnection.QtiDcTracker }
04-13 22:07:48.344 I/LG-FASTDORMANCY( 3447): [IDLE] Radio Tech changed.
04-13 22:07:48.344 D/QtiGsmDCT( 3447): [0]handleMessage msg={ when=-95ms what=270377 obj=android.os.AsyncResult@83d290d target=com.qti.internal.telephony.dataconnection.QtiDcTracker }
04-13 22:07:48.344 D/QtiGsmDCT( 3447): [0]onUpdateIcc: newIccRecords com.android.internal.telephony.uicc.SIMRecords
04-13 22:07:48.344 D/RILC    (  370): SOCKET RIL_SOCKET_1 REQUEST: QUERY_NETWORK_SELECTION_MODE length:8
04-13 22:07:48.345 D/GsmSST  ( 3447): [GsmSST] getCellLocation(): X good mCellLoc=[57330,46057500,472]
04-13 22:07:48.348 D/LG-FASTDORMANCY( 3447): [IDLE] isUMTS(): RadioTech(10)
04-13 22:07:48.348 D/QtiGsmDCT( 3447): [0]updateDataActivity: curTxRxSum={txSum=102412 rxSum=124082} preTxRxSum={txSum=102412 rxSum=124082}
04-13 22:07:48.348 D/QtiGsmDCT( 3447): [0]updateDataActivity: sent=0 received=0
04-13 22:07:48.350 D/RILC    (  370): RequestComplete, RIL_SOCKET_1
04-13 22:07:48.350 E/RILC    (  370): Send Response to RIL_SOCKET_1
04-13 22:07:48.350 E/RILC    (  370): RIL Response bytes written:4
04-13 22:07:48.350 E/RILC    (  370): RIL Response bytes written:20
04-13 22:07:48.351 D/RILJ    ( 3447): [8785]< QUERY_NETWORK_SELECTION_MODE {0} [SUB0]
04-13 22:07:48.352 D/RILC    (  370): RequestComplete, RIL_SOCKET_1
04-13 22:07:48.353 E/RILC    (  370): Send Response to RIL_SOCKET_1
04-13 22:07:48.353 E/RILC    (  370): RIL Response bytes written:4
04-13 22:07:48.353 E/RILC    (  370): RIL Response bytes written:136
04-13 22:07:48.353 D/RILJ    ( 3447): [8784]< VOICE_REGISTRATION_STATE {1, dff2, 02bec81c, 3, null, null, null, 0, null, null, 1, null, null, 0, 1d8} [SUB0]
04-13 22:07:48.354 D/QtiGsmDCT( 3447): [0]getDataEnabled: getIntWithSubId retVal=true
04-13 22:07:48.354 D/RILC    (  370): RequestComplete, RIL_SOCKET_1
04-13 22:07:48.354 E/RILC    (  370): Send Response to RIL_SOCKET_1
04-13 22:07:48.354 E/RILC    (  370): RIL Response bytes written:4
04-13 22:07:48.354 D/RILJ    ( 3447): [8783]< DATA_REGISTRATION_STATE {1, dff2, 02bec81c, 11, null, 20, null, null, null, null, null, 0} [SUB0]
04-13 22:07:48.355 E/RILC    (  370): RIL Response bytes written:120
04-13 22:07:48.360 D/QtiGsmDCT( 3447): [0]getDataOnRoamingEnabled: phoneSubId=2 isDataRoamingEnabled=false
04-13 22:07:48.360 D/QtiGsmDCT( 3447): [0]getDataEnabled: getIntWithSubId retVal=true
04-13 22:07:48.360 D/PHONE   ( 3447): [ServiceState] setVoiceRegState=0
04-13 22:07:48.360 E/PHONE   ( 3447): [ServiceState] setState deprecated use setVoiceRegState()
04-13 22:07:48.360 D/GsmSST  ( 3447): [GsmSST] LOGRadioInfo : In Service
04-13 22:07:48.360 D/GsmSST  ( 3447): isSFROperators result = false
04-13 22:07:48.361 D/PHONE   ( 3447): [ServiceState] setDataRegState=0
04-13 22:07:48.361 D/PHONE   ( 3447): [ServiceState] setDataRadioTechnology=11
04-13 22:07:48.361 D/GsmSST  ( 3447): [GsmSST] LOGRadioInfo : In Service
04-13 22:07:48.361 D/GsmSST  ( 3447): [GsmSST] handlPollStateResultMessage: GsmSST setDataRegState=0 regState=1 dataRadioTechnology=11
04-13 22:07:48.363 D/GsmSST  ( 3447): [GsmSST] Poll ServiceState done:  oldSS=[0 0 voice home data home Orange Orange 26003 Orange Orange 26003  UMTS HSPA CSS not supported -1 -1 RoamInd=-1 DefRoamInd=-1 EmergOnly=false IsDataRoamingFromRegistration=false mIsVoiceSearching=false mIsDataSearching=false mVoiceNetworkName=null mDataNetworkName=null Check64QAM0 Dual carrier0] newSS=[0 0 voice home data home Orange Orange 26003 Orange Orange 26003  UMTS HSPA CSS not supported -1 -1 RoamInd=-1 DefRoamInd=-1 EmergOnly=false IsDataRoamingFromRegistration=false mIsVoiceSearching=false mIsDataSearching=false mVoiceNetworkName=null mDataNetworkName=null Check64QAM0 Dual carrier0] oldMaxDataCalls=20 mNewMaxDataCalls=20 oldReasonDataDenied=-1 mNewReasonDataDenied=-1
04-13 22:07:48.363 D/PHONE   ( 3447): [ServiceState] setNullState=1
04-13 22:07:48.365 D/RILJ    ( 3447): [8786]> REQUEST_GET_NEIGHBORING_CELL_IDS [SUB0]
04-13 22:07:48.366 D/RILC    (  370): SOCKET RIL_SOCKET_1 REQUEST: GET_NEIGHBORING_CELL_IDS length:8
04-13 22:07:48.368 I/RILQ    (  370): (0/370):RIL[0][main] qcril_qmi_nas_get_neighboring_cell_ids: completed with 0
04-13 22:07:48.370 I/RILQ    (  370): (0/370):RIL[0][qmi_cb] qcril_qmi_nas_get_neighboring_cells_cb: .. qmi error 0, resultqmi  0, qmi transp_err 0, ril res 0
04-13 22:07:48.371 D/RILC    (  370): RequestComplete, RIL_SOCKET_1
04-13 22:07:48.371 E/RILC    (  370): Send Response to RIL_SOCKET_1
04-13 22:07:48.371 E/RILC    (  370): RIL Response bytes written:4
04-13 22:07:48.371 E/RILC    (  370): RIL Response bytes written:156
04-13 22:07:48.371 I/RILQ    (  370): (0/370):RIL[0][qmi_cb] qcril_qmi_nas_get_neighboring_cells_cb: completed with 0 with 5 entries
04-13 22:07:48.374 D/RILJ    ( 3447): [8786]< REQUEST_GET_NEIGHBORING_CELL_IDS {[[3e@-99]] [[14@-98]] [[126@-99]] [[128@-100]] [[17e@-103]] } [SUB0]
04-13 22:07:48.379 D/RILJ    ( 3447): [8787]> RIL_REQUEST_GET_CELL_INFO_LIST [SUB0]
04-13 22:07:48.380 D/RILC    (  370): SOCKET RIL_SOCKET_1 REQUEST: GET_CELL_INFO_LIST length:8
04-13 22:07:48.384 D/RILC    (  370): RequestComplete, RIL_SOCKET_1
04-13 22:07:48.385 E/RILC    (  370): Send Response to RIL_SOCKET_1
04-13 22:07:48.385 E/RILC    (  370): RIL Response bytes written:4
04-13 22:07:48.385 E/RILC    (  370): RIL Response bytes written:304
04-13 22:07:48.387 D/RILJ    ( 3447): [8787]< RIL_REQUEST_GET_CELL_INFO_LIST [CellInfoWcdma:{mRegistered=YES mTimeStampType=oem_ril mTimeStamp=32527345107195ns CellIdentityWcdma:{ mMcc=260 mMnc=3 mLac=57330 mCid=46057500 mPsc=472} CellSignalStrengthWcdma: ss=8 ber=99}, CellInfoWcdma:{mRegistered=NO mTimeStampType=oem_ril mTimeStamp=32527345107195ns CellIdentityWcdma:{ mMcc=2147483647 mMnc=2147483647 mLac=2147483647 mCid=2147483647 mPsc=62} CellSignalStrengthWcdma: ss=7 ber=99}, CellInfoWcdma:{mRegistered=NO mTimeStampType=oem_ril mTimeStamp=32527345107195ns CellIdentityWcdma:{ mMcc=2147483647 mMnc=2147483647 mLac=2147483647 mCid=2147483647 mPsc=20} CellSignalStrengthWcdma: ss=8 ber=99}, CellInfoWcdma:{mRegistered=NO mTimeStampType=oem_ril mTimeStamp=32527345107195ns CellIdentityWcdma:{ mMcc=2147483647 mMnc=2147483647 mLac=2147483647 mCid=2147483647 mPsc=294} CellSignalStrengthWcdma: ss=7 ber=99}, CellInfoWcdma:{mRegistered=NO mTimeStampType=oem_ril mTimeStamp=32527345107195ns CellIdentityWcdma:{ mMcc=2147483647 mMnc=2147483647 mLac=2147483647 mCid=2147483647 mPsc=296} CellSignalStrengthWcdma: ss=7 ber=99}, CellInfoWcdma:{mRegistered=NO mTimeStampType=oem_ril mTimeStamp=32527345107195ns CellIdentityWcdma:{ mMcc=2147483647 mMnc=2147483647 mLac=2147483647 mCid=2147483647 mPsc=382} CellSignalStrengthWcdma: ss=5 ber=99}] [SUB0]
04-13 22:07:48.388 D/GsmSST  ( 3447): [GsmSST] SST.getAllCellInfo(): X size=6 list=[CellInfoWcdma:{mRegistered=YES mTimeStampType=oem_ril mTimeStamp=32527345107195ns CellIdentityWcdma:{ mMcc=260 mMnc=3 mLac=57330 mCid=46057500 mPsc=472} CellSignalStrengthWcdma: ss=8 ber=99}, CellInfoWcdma:{mRegistered=NO mTimeStampType=oem_ril mTimeStamp=32527345107195ns CellIdentityWcdma:{ mMcc=2147483647 mMnc=2147483647 mLac=2147483647 mCid=2147483647 mPsc=62} CellSignalStrengthWcdma: ss=7 ber=99}, CellInfoWcdma:{mRegistered=NO mTimeStampType=oem_ril mTimeStamp=32527345107195ns CellIdentityWcdma:{ mMcc=2147483647 mMnc=2147483647 mLac=2147483647 mCid=2147483647 mPsc=20} CellSignalStrengthWcdma: ss=8 ber=99}, CellInfoWcdma:{mRegistered=NO mTimeStampType=oem_ril mTimeStamp=32527345107195ns CellIdentityWcdma:{ mMcc=2147483647 mMnc=2147483647 mLac=2147483647 mCid=2147483647 mPsc=294} CellSignalStrengthWcdma: ss=7 ber=99}, CellInfoWcdma:{mRegistered=NO mTimeStampType=oem_ril mTimeStamp=32527345107195ns CellIdentityWcdma:{ mMcc=2147483647 mMnc=2147483647 mLac=2147483647 mCid=2147483647 mPsc=296} CellSignalStrengthWcdma: ss=7 ber=99}, CellInfoWcdma:{mRegistered=NO mTimeStampType=oem_ril mTimeStamp=32527345107195ns CellIdentityWcdma:{ mMcc=2147483647 mMnc=2147483647 mLac=2147483647 mCid=2147483647 mPsc=382} CellSignalStrengthWcdma: ss=5 ber=99}]
04-13 22:07:48.391 D/GsmSST  ( 3447): [GsmSST] getCellLocation(): X good mCellLoc=[57330,46057500,472]
04-13 22:07:49.239 I/RILC    (  370): RIL_SOCKET_1 UNSOLICITED: UNSOL_SIGNAL_STRENGTH length:68
04-13 22:07:49.239 E/RILC    (  370): Send Response to RIL_SOCKET_1
04-13 22:07:49.239 E/RILC    (  370): RIL Response bytes written:4
04-13 22:07:49.239 E/RILC    (  370): RIL Response bytes written:68
04-13 22:07:49.240 D/GsmSST  ( 3447): [GsmSST] ServiceStateTrackerEx:onSignalStrengthResult() isGsm=true DataRadioTech=11
04-13 22:07:49.240 W/LGSignalStrength( 3447): setDataRadioTechnology: dataRadioTechnology = 11
04-13 22:07:49.241 D/DefaultPhoneNotifier( 3447): notifySignalStrength: mRegistry=com.android.internal.telephony.ITelephonyRegistry$Stub$Proxy@ced2ad0 ss=SignalStrength: 11 0 -92 -95 -120 -1 -1 99 2147483647 2147483647 2147483647 2147483647 2147483647 gsm|lte 11 0 -92 -95 sender=Handler (com.qti.internal.telephony.gsm.QtiGSMPhone) {560d91e}
04-13 22:07:49.267 D/QtiGsmDCT( 3447): [0]getDataEnabled: getIntWithSubId retVal=true
04-13 22:07:49.357 D/QtiGsmDCT( 3447): [0]updateDataActivity: curTxRxSum={txSum=102412 rxSum=124082} preTxRxSum={txSum=102412 rxSum=124082}
04-13 22:07:49.357 D/QtiGsmDCT( 3447): [0]updateDataActivity: sent=0 received=0
04-13 22:07:50.362 D/QtiGsmDCT( 3447): [0]updateDataActivity: curTxRxSum={txSum=102412 rxSum=124082} preTxRxSum={txSum=102412 rxSum=124082}
04-13 22:07:50.362 D/QtiGsmDCT( 3447): [0]updateDataActivity: sent=0 received=0
04-13 22:07:51.367 D/QtiGsmDCT( 3447): [0]updateDataActivity: curTxRxSum={txSum=102412 rxSum=124082} preTxRxSum={txSum=102412 rxSum=124082}
04-13 22:07:51.367 D/QtiGsmDCT( 3447): [0]updateDataActivity: sent=0 received=0
04-13 22:07:52.022 I/RILC    (  370): RIL_SOCKET_1 UNSOLICITED: RIL_UNSOL_LTE_REJECT_CAUSE length:16
04-13 22:07:52.022 E/RILC    (  370): Send Response to RIL_SOCKET_1
04-13 22:07:52.023 E/RILC    (  370): RIL Response bytes written:4
04-13 22:07:52.023 D/RILJ    ( 3447): [UNSL]< RIL_UNSOL_LTE_REJECT_CAUSE {15} [SUB0]
04-13 22:07:52.023 E/RILC    (  370): RIL Response bytes written:16
04-13 22:07:52.026 I/RILC    (  370): RIL_SOCKET_1 UNSOLICITED: UNSOL_OEM_HOOK_RAW length:32
04-13 22:07:52.026 E/RILC    (  370): Send Response to RIL_SOCKET_1
04-13 22:07:52.026 E/RILC    (  370): RIL Response bytes written:4
04-13 22:07:52.027 V/RILJ    ( 3447): [UNSL]< UNSOL_OEM_HOOK_RAW 514f454d484f4f4bef0308000100000002 [SUB0]
04-13 22:07:52.027 D/RILJ    ( 3447): Oem ID in RIL_UNSOL_OEM_HOOK_RAW is QOEMHOOK
04-13 22:07:52.027 D/RILJ    ( 3447): OEM ID check Passed
04-13 22:07:52.027 D/RILJ    ( 3447): Response ID in RIL_UNSOL_OEM_HOOK_RAW is 525295
04-13 22:07:52.027 D/RILJ    ( 3447): Response ID 525295 is not served in this process.
04-13 22:07:52.027 E/RILC    (  370): RIL Response bytes written:32
04-13 22:07:52.030 I/RILC    (  370): RIL_SOCKET_1 UNSOLICITED: UNSOL_RESPONSE_VOICE_NETWORK_STATE_CHANGED length:8
04-13 22:07:52.030 E/RILC    (  370): Send Response to RIL_SOCKET_1
04-13 22:07:52.031 E/RILC    (  370): RIL Response bytes written:4
04-13 22:07:52.031 D/RILJ    ( 3447): [UNSL]< UNSOL_RESPONSE_VOICE_NETWORK_STATE_CHANGED [SUB0]
04-13 22:07:52.032 D/RILJ    ( 3447): [8788]> OPERATOR [SUB0]
04-13 22:07:52.032 E/RILC    (  370): RIL Response bytes written:8
04-13 22:07:52.034 D/RILC    (  370): SOCKET RIL_SOCKET_1 REQUEST: OPERATOR length:8
04-13 22:07:52.035 D/RILJ    ( 3447): [8789]> DATA_REGISTRATION_STATE [SUB0]
04-13 22:07:52.037 D/RILJ    ( 3447): [8790]> VOICE_REGISTRATION_STATE [SUB0]
04-13 22:07:52.038 D/RILC    (  370): SOCKET RIL_SOCKET_1 REQUEST: DATA_REGISTRATION_STATE length:8
04-13 22:07:52.040 D/RILJ    ( 3447): [8791]> QUERY_NETWORK_SELECTION_MODE [SUB0]
04-13 22:07:52.042 D/RILC    (  370): SOCKET RIL_SOCKET_1 REQUEST: VOICE_REGISTRATION_STATE length:8
04-13 22:07:52.043 D/RILC    (  370): SOCKET RIL_SOCKET_1 REQUEST: QUERY_NETWORK_SELECTION_MODE length:8
04-13 22:07:52.050 D/RILC    (  370): RequestComplete, RIL_SOCKET_1
04-13 22:07:52.050 E/RILC    (  370): Send Response to RIL_SOCKET_1
04-13 22:07:52.050 E/RILC    (  370): RIL Response bytes written:4
04-13 22:07:52.050 E/RILC    (  370): RIL Response bytes written:72
04-13 22:07:52.050 D/RILJ    ( 3447): [8788]< OPERATOR {Orange, Orange, 26003} [SUB0]
04-13 22:07:52.055 D/RILC    (  370): RequestComplete, RIL_SOCKET_1
04-13 22:07:52.056 E/RILC    (  370): Send Response to RIL_SOCKET_1
04-13 22:07:52.056 E/RILC    (  370): RIL Response bytes written:4
04-13 22:07:52.056 E/RILC    (  370): RIL Response bytes written:20
04-13 22:07:52.057 D/RILC    (  370): RequestComplete, RIL_SOCKET_1
04-13 22:07:52.057 E/RILC    (  370): Send Response to RIL_SOCKET_1
04-13 22:07:52.057 E/RILC    (  370): RIL Response bytes written:4
04-13 22:07:52.057 E/RILC    (  370): RIL Response bytes written:120
04-13 22:07:52.057 D/RILJ    ( 3447): [8791]< QUERY_NETWORK_SELECTION_MODE {0} [SUB0]
04-13 22:07:52.058 D/RILJ    ( 3447): [8789]< DATA_REGISTRATION_STATE {1, dff2, 02bec81c, 11, null, 20, null, null, null, null, null, 0} [SUB0]
04-13 22:07:52.058 D/GsmSST  ( 3447): isSFROperators result = false
04-13 22:07:52.058 D/PHONE   ( 3447): [ServiceState] setDataRegState=0
04-13 22:07:52.058 D/PHONE   ( 3447): [ServiceState] setDataRadioTechnology=11
04-13 22:07:52.058 D/GsmSST  ( 3447): [GsmSST] LOGRadioInfo : In Service
04-13 22:07:52.058 D/GsmSST  ( 3447): [GsmSST] handlPollStateResultMessage: GsmSST setDataRegState=0 regState=1 dataRadioTechnology=11
04-13 22:07:52.059 D/RILC    (  370): RequestComplete, RIL_SOCKET_1
04-13 22:07:52.059 E/RILC    (  370): Send Response to RIL_SOCKET_1
04-13 22:07:52.059 E/RILC    (  370): RIL Response bytes written:4
04-13 22:07:52.060 D/RILJ    ( 3447): [8790]< VOICE_REGISTRATION_STATE {1, dff2, 02bec81c, 3, null, null, null, 0, null, null, 1, null, null, 0, 1d8} [SUB0]
04-13 22:07:52.060 E/RILC    (  370): RIL Response bytes written:136
04-13 22:07:52.060 D/PHONE   ( 3447): [ServiceState] setVoiceRegState=0
04-13 22:07:52.060 E/PHONE   ( 3447): [ServiceState] setState deprecated use setVoiceRegState()
04-13 22:07:52.060 D/GsmSST  ( 3447): [GsmSST] LOGRadioInfo : In Service
04-13 22:07:52.063 D/GsmSST  ( 3447): [GsmSST] Poll ServiceState done:  oldSS=[0 0 voice home data home Orange Orange 26003 Orange Orange 26003  UMTS HSPA CSS not supported -1 -1 RoamInd=-1 DefRoamInd=-1 EmergOnly=false IsDataRoamingFromRegistration=false mIsVoiceSearching=false mIsDataSearching=false mVoiceNetworkName=null mDataNetworkName=null Check64QAM0 Dual carrier0] newSS=[0 0 voice home data home Orange Orange 26003 Orange Orange 26003  UMTS HSPA CSS not supported -1 -1 RoamInd=-1 DefRoamInd=-1 EmergOnly=false IsDataRoamingFromRegistration=false mIsVoiceSearching=false mIsDataSearching=false mVoiceNetworkName=null mDataNetworkName=null Check64QAM0 Dual carrier0] oldMaxDataCalls=20 mNewMaxDataCalls=20 oldReasonDataDenied=-1 mNewReasonDataDenied=-1
04-13 22:07:52.063 D/PHONE   ( 3447): [ServiceState] setNullState=1
04-13 22:07:52.238 I/RILC    (  370): RIL_SOCKET_1 UNSOLICITED: UNSOL_SIGNAL_STRENGTH length:68
04-13 22:07:52.238 E/RILC    (  370): Send Response to RIL_SOCKET_1
04-13 22:07:52.238 E/RILC    (  370): RIL Response bytes written:4
04-13 22:07:52.238 E/RILC    (  370): RIL Response bytes written:68
04-13 22:07:52.240 D/GsmSST  ( 3447): [GsmSST] ServiceStateTrackerEx:onSignalStrengthResult() isGsm=true DataRadioTech=11
04-13 22:07:52.240 W/LGSignalStrength( 3447): setDataRadioTechnology: dataRadioTechnology = 11
04-13 22:07:52.240 D/DefaultPhoneNotifier( 3447): notifySignalStrength: mRegistry=com.android.internal.telephony.ITelephonyRegistry$Stub$Proxy@ced2ad0 ss=SignalStrength: 8 0 -97 -130 -120 -1 -1 99 2147483647 2147483647 2147483647 2147483647 2147483647 gsm|lte 11 0 -97 -130 sender=Handler (com.qti.internal.telephony.gsm.QtiGSMPhone) {560d91e}
04-13 22:07:52.262 D/QtiGsmDCT( 3447): [0]getDataEnabled: getIntWithSubId retVal=true
04-13 22:07:52.373 D/QtiGsmDCT( 3447): [0]updateDataActivity: curTxRxSum={txSum=102412 rxSum=124082} preTxRxSum={txSum=102412 rxSum=124082}
04-13 22:07:52.373 D/QtiGsmDCT( 3447): [0]updateDataActivity: sent=0 received=0
04-13 22:07:52.560 I/RILC    (  370): RIL_SOCKET_1 UNSOLICITED: RIL_UNSOL_LTE_REJECT_CAUSE length:16
04-13 22:07:52.561 E/RILC    (  370): Send Response to RIL_SOCKET_1
04-13 22:07:52.561 E/RILC    (  370): RIL Response bytes written:4
04-13 22:07:52.561 D/RILJ    ( 3447): [UNSL]< RIL_UNSOL_LTE_REJECT_CAUSE {15} [SUB0]
04-13 22:07:52.561 E/RILC    (  370): RIL Response bytes written:16
04-13 22:07:52.565 I/RILC    (  370): RIL_SOCKET_1 UNSOLICITED: UNSOL_OEM_HOOK_RAW length:32
04-13 22:07:52.565 E/RILC    (  370): Send Response to RIL_SOCKET_1
04-13 22:07:52.566 E/RILC    (  370): RIL Response bytes written:4
04-13 22:07:52.566 V/RILJ    ( 3447): [UNSL]< UNSOL_OEM_HOOK_RAW 514f454d484f4f4bef0308000100000001 [SUB0]
04-13 22:07:52.566 D/RILJ    ( 3447): Oem ID in RIL_UNSOL_OEM_HOOK_RAW is QOEMHOOK
04-13 22:07:52.566 D/RILJ    ( 3447): OEM ID check Passed
04-13 22:07:52.566 D/RILJ    ( 3447): Response ID in RIL_UNSOL_OEM_HOOK_RAW is 525295
04-13 22:07:52.566 D/RILJ    ( 3447): Response ID 525295 is not served in this process.
04-13 22:07:52.566 E/RILC    (  370): RIL Response bytes written:32
04-13 22:07:52.569 I/RILC    (  370): RIL_SOCKET_1 UNSOLICITED: UNSOL_RESPONSE_VOICE_NETWORK_STATE_CHANGED length:8
04-13 22:07:52.569 E/RILC    (  370): Send Response to RIL_SOCKET_1
04-13 22:07:52.569 E/RILC    (  370): RIL Response bytes written:4
04-13 22:07:52.570 D/RILJ    ( 3447): [UNSL]< UNSOL_RESPONSE_VOICE_NETWORK_STATE_CHANGED [SUB0]
04-13 22:07:52.570 E/RILC    (  370): RIL Response bytes written:8
04-13 22:07:52.570 D/RILJ    ( 3447): [8792]> OPERATOR [SUB0]
04-13 22:07:52.572 I/RILQ    (  370): (0/370):RIL[0][event] qcril_arb_set_dsd_sys_status: old_pref_data 1 - new_data_pref 1
04-13 22:07:52.572 I/RILQ    (  370): (0/370):RIL[0][event] qcril_arb_set_dsd_sys_status: preferred dsd_sys_status nw=0x0, rat_value=0x1, so_mask=0x0000000000000015
04-13 22:07:52.572 I/RILQ    (  370): (0/370):RIL[0][event] qcril_arb_set_dsd_sys_status: preferred 1 - dsd_sys_status nw=0x0, rat_value=0x1, so_mask=0x0000000000000015
04-13 22:07:52.572 I/RILQ    (  370): (0/370):RIL[0][event] qcril_arb_set_dsd_sys_status: is_wwan_available 0
04-13 22:07:52.574 D/RILJ    ( 3447): [8793]> DATA_REGISTRATION_STATE [SUB0]
04-13 22:07:52.574 I/RILC    (  370): RIL_SOCKET_1 UNSOLICITED: UNSOL_OEM_HOOK_RAW length:32
04-13 22:07:52.574 E/RILC    (  370): Send Response to RIL_SOCKET_1
04-13 22:07:52.575 E/RILC    (  370): RIL Response bytes written:4
04-13 22:07:52.575 V/RILJ    ( 3447): [UNSL]< UNSOL_OEM_HOOK_RAW 514f454d484f4f4bfa0308000100000000 [SUB0]
04-13 22:07:52.575 D/RILJ    ( 3447): Oem ID in RIL_UNSOL_OEM_HOOK_RAW is QOEMHOOK
04-13 22:07:52.575 D/RILJ    ( 3447): OEM ID check Passed
04-13 22:07:52.575 D/RILJ    ( 3447): Response ID in RIL_UNSOL_OEM_HOOK_RAW is 525306
04-13 22:07:52.575 D/RILJ    ( 3447): WWAN, IWLAN coexistence notified to registrants
04-13 22:07:52.575 E/RILC    (  370): RIL Response bytes written:32
04-13 22:07:52.576 D/RILC    (  370): SOCKET RIL_SOCKET_1 REQUEST: OPERATOR length:8
04-13 22:07:52.580 D/RILJ    ( 3447): [8794]> VOICE_REGISTRATION_STATE [SUB0]
04-13 22:07:52.581 D/RILC    (  370): SOCKET RIL_SOCKET_1 REQUEST: DATA_REGISTRATION_STATE length:8
04-13 22:07:52.582 D/RILJ    ( 3447): [8795]> QUERY_NETWORK_SELECTION_MODE [SUB0]
04-13 22:07:52.583 D/RILC    (  370): SOCKET RIL_SOCKET_1 REQUEST: VOICE_REGISTRATION_STATE length:8
04-13 22:07:52.585 I/RILC    (  370): RIL_SOCKET_1 UNSOLICITED: RIL_UNSOL_LTE_REJECT_CAUSE length:16
04-13 22:07:52.585 E/RILC    (  370): Send Response to RIL_SOCKET_1
04-13 22:07:52.585 E/RILC    (  370): RIL Response bytes written:4
04-13 22:07:52.585 E/RILC    (  370): RIL Response bytes written:16
04-13 22:07:52.588 D/RILJ    ( 3447): [UNSL]< RIL_UNSOL_LTE_REJECT_CAUSE {15} [SUB0]
04-13 22:07:52.588 D/RILC    (  370): SOCKET RIL_SOCKET_1 REQUEST: QUERY_NETWORK_SELECTION_MODE length:8
04-13 22:07:52.590 D/RILC    (  370): RequestComplete, RIL_SOCKET_1
04-13 22:07:52.590 E/RILC    (  370): Send Response to RIL_SOCKET_1
04-13 22:07:52.590 E/RILC    (  370): RIL Response bytes written:4
04-13 22:07:52.590 E/RILC    (  370): RIL Response bytes written:120
04-13 22:07:52.591 D/RILJ    ( 3447): [8793]< DATA_REGISTRATION_STATE {1, dff2, 02bec81c, 15, null, 20, null, null, null, null, null, 0} [SUB0]
04-13 22:07:52.591 D/GsmSST  ( 3447): isSFROperators result = false
04-13 22:07:52.591 D/PHONE   ( 3447): [ServiceState] setDataRegState=0
04-13 22:07:52.591 D/PHONE   ( 3447): [ServiceState] setDataRadioTechnology=15
04-13 22:07:52.591 D/GsmSST  ( 3447): [GsmSST] LOGRadioInfo : In Service
04-13 22:07:52.591 D/GsmSST  ( 3447): [GsmSST] handlPollStateResultMessage: GsmSST setDataRegState=0 regState=1 dataRadioTechnology=15
04-13 22:07:52.593 D/RILC    (  370): RequestComplete, RIL_SOCKET_1
04-13 22:07:52.593 E/RILC    (  370): Send Response to RIL_SOCKET_1
04-13 22:07:52.593 E/RILC    (  370): RIL Response bytes written:4
04-13 22:07:52.593 E/RILC    (  370): RIL Response bytes written:136
04-13 22:07:52.594 D/RILJ    ( 3447): [8794]< VOICE_REGISTRATION_STATE {1, dff2, 02bec81c, 3, null, null, null, 0, null, null, 1, null, null, 0, 1d8} [SUB0]
04-13 22:07:52.594 D/PHONE   ( 3447): [ServiceState] setVoiceRegState=0
04-13 22:07:52.594 E/PHONE   ( 3447): [ServiceState] setState deprecated use setVoiceRegState()
04-13 22:07:52.594 D/GsmSST  ( 3447): [GsmSST] LOGRadioInfo : In Service
04-13 22:07:52.595 I/RILC    (  370): RIL_SOCKET_1 UNSOLICITED: UNSOL_DATA_CALL_LIST_CHANGED length:428
04-13 22:07:52.595 E/RILC    (  370): Send Response to RIL_SOCKET_1
04-13 22:07:52.595 E/RILC    (  370): RIL Response bytes written:4
04-13 22:07:52.595 E/RILC    (  370): RIL Response bytes written:428
04-13 22:07:52.595 D/RILJ    ( 3447): responseDataCallList ver=11 num=1 [SUB0]
04-13 22:07:52.595 D/RILJ    ( 3447): getDataCallResponse before ver=11 [SUB0]
04-13 22:07:52.595 D/RILJ    ( 3447): [UNSL]< UNSOL_DATA_CALL_LIST_CHANGED [DataCallResponse: {version=11 status=0 retry=-1 cid=0 active=2 type=IPV6 ifname=rmnet_data0 mtu=1500 addresses=[2a00:0f41:30c5:feb9:e6db:0f93:92c6:4a88/64] dnses=[2a01:1700:0003:ffff:0000:0000:0000:9822,2a01:1700:0002:ffff:0000:0000:0000:9f01] gateways=[fe80:0000:0000:0000:0167:077c:95a5:9420] pcscf=[]}] [SUB0]
