04-13 22:51:50.489  3447  3768 D RILJ    : Oem ID in RIL_UNSOL_OEM_HOOK_RAW is QOEMHOOK
04-13 22:51:50.489  3447  3768 D RILJ    : OEM ID check Passed
04-13 22:51:50.489  3447  3768 D RILJ    : Response ID in RIL_UNSOL_OEM_HOOK_RAW is 525306
04-13 22:51:50.489  3447  3768 D RILJ    : WWAN, IWLAN coexistence notified to registrants
04-13 22:51:50.489   370   678 E RILC    : RIL Response bytes written:32
04-13 22:51:50.491  3447  3447 D RILJ    : [1003]> OPERATOR [SUB0]
04-13 22:51:50.492  3447  3447 D RILJ    : [1004]> DATA_REGISTRATION_STATE [SUB0]
04-13 22:51:50.492   370   678 I RILC    : RIL_SOCKET_1 UNSOLICITED: RIL_UNSOL_LTE_REJECT_CAUSE length:16
04-13 22:51:50.492   370   678 E RILC    : Send Response to RIL_SOCKET_1
04-13 22:51:50.493   370   678 E RILC    : RIL Response bytes written:4
04-13 22:51:50.493   370   678 E RILC    : RIL Response bytes written:16
04-13 22:51:50.493   370   667 D RILC    : SOCKET RIL_SOCKET_1 REQUEST: OPERATOR length:8
04-13 22:51:50.493  3447  3768 D RILJ    : [UNSL]< RIL_UNSOL_LTE_REJECT_CAUSE {15} [SUB0]
04-13 22:51:50.495  3447  3447 D RILJ    : [1005]> VOICE_REGISTRATION_STATE [SUB0]
04-13 22:51:50.495   370   678 I RILC    : RIL_SOCKET_1 UNSOLICITED: UNSOL_RESPONSE_VOICE_NETWORK_STATE_CHANGED length:8
04-13 22:51:50.495   370   678 E RILC    : Send Response to RIL_SOCKET_1
04-13 22:51:50.495   370   678 E RILC    : RIL Response bytes written:4
04-13 22:51:50.495  3447  3768 D RILJ    : [UNSL]< UNSOL_RESPONSE_VOICE_NETWORK_STATE_CHANGED [SUB0]
04-13 22:51:50.496   370   678 E RILC    : RIL Response bytes written:8
04-13 22:51:50.496  3447  3447 D RILJ    : [1006]> QUERY_NETWORK_SELECTION_MODE [SUB0]
04-13 22:51:50.497   370   667 D RILC    : SOCKET RIL_SOCKET_1 REQUEST: DATA_REGISTRATION_STATE length:8
04-13 22:51:50.498  3447  3447 D RILJ    : [1007]> OPERATOR [SUB0]
04-13 22:51:50.498   370   667 D RILC    : SOCKET RIL_SOCKET_1 REQUEST: VOICE_REGISTRATION_STATE length:8
04-13 22:51:50.499  3447  3447 D RILJ    : [1008]> DATA_REGISTRATION_STATE [SUB0]
04-13 22:51:50.499   370   667 D RILC    : SOCKET RIL_SOCKET_1 REQUEST: QUERY_NETWORK_SELECTION_MODE length:8
04-13 22:51:50.500  3447  3447 D RILJ    : [1009]> VOICE_REGISTRATION_STATE [SUB0]
04-13 22:51:50.501   370   667 D RILC    : SOCKET RIL_SOCKET_1 REQUEST: OPERATOR length:8
04-13 22:51:50.501  3447  3447 D RILJ    : [1010]> QUERY_NETWORK_SELECTION_MODE [SUB0]
04-13 22:51:50.503   370   667 D RILC    : SOCKET RIL_SOCKET_1 REQUEST: DATA_REGISTRATION_STATE length:8
04-13 22:51:50.505   370   667 D RILC    : SOCKET RIL_SOCKET_1 REQUEST: VOICE_REGISTRATION_STATE length:8
04-13 22:51:50.505   370   667 D RILC    : SOCKET RIL_SOCKET_1 REQUEST: QUERY_NETWORK_SELECTION_MODE length:8
04-13 22:51:50.509   370 13771 D RILC    : RequestComplete, RIL_SOCKET_1
04-13 22:51:50.509   370 13771 E RILC    : Send Response to RIL_SOCKET_1
04-13 22:51:50.509   370 13771 E RILC    : RIL Response bytes written:4
04-13 22:51:50.509   370 13771 E RILC    : RIL Response bytes written:72
04-13 22:51:50.510  3447  3768 D RILJ    : [1003]< OPERATOR {Orange, Orange, 26003} [SUB0]
04-13 22:51:50.510   370 13771 D RILC    : RequestComplete, RIL_SOCKET_1
04-13 22:51:50.510   370 13771 E RILC    : Send Response to RIL_SOCKET_1
04-13 22:51:50.510   370 13771 E RILC    : RIL Response bytes written:4
04-13 22:51:50.510   370 13771 E RILC    : RIL Response bytes written:72
04-13 22:51:50.510  3447  3768 D RILJ    : [1007]< OPERATOR {Orange, Orange, 26003} [SUB0]
04-13 22:51:50.515   370 13774 D RILC    : RequestComplete, RIL_SOCKET_1
04-13 22:51:50.517   370 13774 E RILC    : Send Response to RIL_SOCKET_1
04-13 22:51:50.517   370 13774 E RILC    : RIL Response bytes written:4
04-13 22:51:50.517   370 13774 E RILC    : RIL Response bytes written:20
04-13 22:51:50.517  3447  3768 D RILJ    : [1006]< QUERY_NETWORK_SELECTION_MODE {0} [SUB0]
04-13 22:51:50.521   370 13774 D RILC    : RequestComplete, RIL_SOCKET_1
04-13 22:51:50.521   370 13774 E RILC    : Send Response to RIL_SOCKET_1
04-13 22:51:50.521   370 13774 E RILC    : RIL Response bytes written:4
04-13 22:51:50.521   370 13774 E RILC    : RIL Response bytes written:20
04-13 22:51:50.522  3447  3768 D RILJ    : [1010]< QUERY_NETWORK_SELECTION_MODE {0} [SUB0]
04-13 22:51:50.522   370 13772 D RILC    : RequestComplete, RIL_SOCKET_1
04-13 22:51:50.522   370 13772 E RILC    : Send Response to RIL_SOCKET_1
04-13 22:51:50.523   370 13772 E RILC    : RIL Response bytes written:4
04-13 22:51:50.523   370 13772 E RILC    : RIL Response bytes written:120
04-13 22:51:50.523   370 13772 D RILC    : RequestComplete, RIL_SOCKET_1
04-13 22:51:50.523   370 13772 E RILC    : Send Response to RIL_SOCKET_1
04-13 22:51:50.523   370 13772 E RILC    : RIL Response bytes written:4
04-13 22:51:50.523   370 13772 E RILC    : RIL Response bytes written:120
04-13 22:51:50.524  3447  3768 D RILJ    : [1004]< DATA_REGISTRATION_STATE {1, dff2, 02bec830, 11, null, 20, null, null, null, null, null, 0} [SUB0]
04-13 22:51:50.524  3447  3768 D RILJ    : [1008]< DATA_REGISTRATION_STATE {1, dff2, 02bec830, 11, null, 20, null, null, null, null, null, 0} [SUB0]
04-13 22:51:50.524  3447  3447 D GsmSST  : isSFROperators result = false
04-13 22:51:50.524   370 13773 D RILC    : RequestComplete, RIL_SOCKET_1
04-13 22:51:50.524  3447  3447 D PHONE   : [ServiceState] setDataRegState=0
04-13 22:51:50.524   370 13773 E RILC    : Send Response to RIL_SOCKET_1
04-13 22:51:50.524  3447  3447 D PHONE   : [ServiceState] setDataRadioTechnology=11
04-13 22:51:50.524   370 13773 E RILC    : RIL Response bytes written:4
04-13 22:51:50.524  3447  3447 D GsmSST  : [GsmSST] LOGRadioInfo : In Service
04-13 22:51:50.524   370 13773 E RILC    : RIL Response bytes written:136
04-13 22:51:50.524  3447  3447 D GsmSST  : [GsmSST] handlPollStateResultMessage: GsmSST setDataRegState=0 regState=1 dataRadioTechnology=11
04-13 22:51:50.524   370 13773 D RILC    : RequestComplete, RIL_SOCKET_1
04-13 22:51:50.524   370 13773 E RILC    : Send Response to RIL_SOCKET_1
04-13 22:51:50.524   370 13773 E RILC    : RIL Response bytes written:4
04-13 22:51:50.524   370 13773 E RILC    : RIL Response bytes written:136
04-13 22:51:50.526  3447  3768 D RILJ    : [1005]< VOICE_REGISTRATION_STATE {1, dff2, 02bec830, 3, null, null, null, 0, null, null, 1, null, null, 0, 1d8} [SUB0]
04-13 22:51:50.526  3447  3768 D RILJ    : [1009]< VOICE_REGISTRATION_STATE {1, dff2, 02bec830, 3, null, null, null, 0, null, null, 1, null, null, 0, 1d8} [SUB0]
04-13 22:51:50.527  3447  3447 D PHONE   : [ServiceState] setVoiceRegState=0
04-13 22:51:50.527  3447  3447 E PHONE   : [ServiceState] setState deprecated use setVoiceRegState()
04-13 22:51:50.527  3447  3447 D GsmSST  : [GsmSST] LOGRadioInfo : In Service
04-13 22:51:50.530  3447  3447 D GsmSST  : [GsmSST] Poll ServiceState done:  oldSS=[0 0 voice home data home Orange Orange 26003 Orange Orange 26003  UMTS HSPAP CSS not supported -1 -1 RoamInd=-1 DefRoamInd=-1 EmergOnly=false IsDataRoamingFromRegistration=false mIsVoiceSearching=false mIsDataSearching=false mVoiceNetworkName=null mDataNetworkName=null Check64QAM0 Dual carrier0] newSS=[0 0 voice home data home Orange Orange 26003 Orange Orange 26003  UMTS HSPA CSS not supported -1 -1 RoamInd=-1 DefRoamInd=-1 EmergOnly=false IsDataRoamingFromRegistration=false mIsVoiceSearching=false mIsDataSearching=false mVoiceNetworkName=null mDataNetworkName=null Check64QAM0 Dual carrier0] oldMaxDataCalls=20 mNewMaxDataCalls=20 oldReasonDataDenied=-1 mNewReasonDataDenied=-1
04-13 22:51:50.530  3447  3447 D PHONE   : [ServiceState] setNullState=1
04-13 22:51:50.530  3447  3447 D TelephonyManager: setTelephonyProperty: success phoneId=0 property=gsm.network.type value: UMTS propVal=UMTS
04-13 22:51:50.531  3447  3447 D SIMRecords: [SIMRecords] getServiceProviderName: no brandOverride
04-13 22:51:50.532  3447  3447 D SIMRecords: [SIMRecords] getServiceProviderName: providerName=Orange
04-13 22:51:50.532  3447  3447 D SIMRecords: [SIMRecords] getServiceProviderName: no brandOverride
04-13 22:51:50.532  3447  3447 D SIMRecords: [SIMRecords] getServiceProviderName: providerName=Orange
04-13 22:51:50.532  3447  3447 D GSMPhoneEx: grandblue SpnMvno = Orange operator = 26003 simMcc  = 260 simMnc  = 03
04-13 22:51:50.532  3447  3447 D GSMPhoneEx: grandblue after SpnMvno = Orange operator = 26003 simMcc  = 260 simMnc  = 03
04-13 22:51:50.534  3447  3447 D TelephonyManager: setTelephonyProperty: success phoneId=0 property=gsm.operator.alpha value: Orange propVal=Orange
04-13 22:51:50.535  3447  3447 D TelephonyManager: setTelephonyProperty: success phoneId=0 property=gsm.operator.numeric value: 26003 propVal=26003
04-13 22:51:50.536  3447  3447 D TelephonyManager: setTelephonyProperty: success phoneId=0 property=gsm.operator.iso-country value: pl propVal=pl
04-13 22:51:50.538  3447  3447 D GsmSST  : [GsmSST] shouldFixTimeZoneNow: retVal=false iccCardExist=true operatorNumeric=26003 mcc=260 prevOperatorNumeric=26003 prevMcc=260 needToFixTimeZone=false ltod=04-13 22:51:50.537
04-13 22:51:50.538  3447  3447 D TelephonyManager: setTelephonyProperty: success phoneId=0 property=gsm.operator.isroaming value: false propVal=false
04-13 22:51:50.539  3447  3447 D TelephonyManager: setTelephonyProperty: success phoneId=0 property=ril.cdma.voiceinservice value: true propVal=true
04-13 22:51:50.544  3447  3447 D GsmSST  : [GsmSST] Broadcasting ServiceState : 0 0 voice home data home Orange Orange 26003 Orange Orange 26003  UMTS HSPA CSS not supported -1 -1 RoamInd=-1 DefRoamInd=-1 EmergOnly=false IsDataRoamingFromRegistration=false mIsVoiceSearching=false mIsDataSearching=false mVoiceNetworkName=null mDataNetworkName=null Check64QAM0 Dual carrier0
04-13 22:51:50.545  3447  3447 D DefaultPhoneNotifier: nofityServiceState: mRegistry=com.android.internal.telephony.ITelephonyRegistry$Stub$Proxy@ced2ad0 ss=0 0 voice home data home Orange Orange 26003 Orange Orange 26003  UMTS HSPA CSS not supported -1 -1 RoamInd=-1 DefRoamInd=-1 EmergOnly=false IsDataRoamingFromRegistration=false mIsVoiceSearching=false mIsDataSearching=false mVoiceNetworkName=null mDataNetworkName=null Check64QAM0 Dual carrier0 sender=Handler (com.qti.internal.telephony.gsm.QtiGSMPhone) {560d91e} phondId=0 subId=2
04-13 22:51:50.555  1891  3491 D SubscriptionManager: getSimStateForSubscriber: simState=5 slotIdx=0
04-13 22:51:50.558  3447  3447 D GsmSST  : [GsmSST] notifyDataRegStateRilRadioTechnologyChanged: drs=0 rat=11
04-13 22:51:50.558  3447  3447 D TelephonyManager: setTelephonyProperty: success phoneId=0 property=gsm.network.type value: HSPA propVal=HSPA
04-13 22:51:50.559  3447  3447 D QtiGsmDCT: [0]get all active apn types
04-13 22:51:50.559  3447  3834 D DC-1    : DcActiveState not handled msg.what=EVENT_DATA_CONNECTION_DRS_OR_RAT_CHANGED
04-13 22:51:50.559  3447  3834 D DC-1    : DcDefault msg=EVENT_DATA_CONNECTION_DRS_OR_RAT_CHANGED RefCount=1
04-13 22:51:50.559  3447  3834 D DC-1    : DcDefaultState: EVENT_DATA_CONNECTION_DRS_OR_RAT_CHANGED drs=0 mRilRat=11
04-13 22:51:50.560  3447  3834 D QtiGsmDCT: [0]fetchDunApn: Ignore the dun apn in settings.db
04-13 22:51:50.560  3447  3447 D QtiGsmDCT: [0]return link properites for default
04-13 22:51:50.565  3447  5126 D QtiGsmDCT: [0]getDataEnabled: getIntWithSubId retVal=true
04-13 22:51:50.592  3447  3834 D QtiGsmDCT: [0]fetchDunApn: config_tether_apndata dunSetting=null
04-13 22:51:50.592  3447  3834 D DC-1    : isInternetRequested = true
04-13 22:51:50.593  3447  3834 D DC-1    : DcActiveState not handled msg.what=REQ_GET_LINK_PROPERTIES
04-13 22:51:50.593  3447  3834 D DC-1    : DcDefault msg=REQ_GET_LINK_PROPERTIES RefCount=1
04-13 22:51:50.593  3447  3834 D DC-1    : REQ_GET_LINK_PROPERTIES linkProperties{InterfaceName: rmnet_data0 LinkAddresses: [2a00:f41:30c5:feb9:e6db:f93:92c6:4a88/64,]  Routes: [::/0 -> fe80::167:77c:95a5:9420 rmnet_data0,] DnsAddresses: [2a01:1700:3:ffff::9822,2a01:1700:2:ffff::9f01,] Domains: null MTU: 1500 TcpBufferSizes: 40778,244668,3461120,16777,140625,3461120}
04-13 22:51:50.599  3447  3447 D QtiGsmDCT: [0]get active pdp is not null, return NetworkCapabilities for default
04-13 22:51:50.599  3447  3834 D DC-1    : DcActiveState not handled msg.what=REQ_GET_NETWORK_CAPABILITIES
04-13 22:51:50.599  3447  3834 D DC-1    : DcDefault msg=REQ_GET_NETWORK_CAPABILITIES RefCount=1
04-13 22:51:50.599  3447  3834 D QtiGsmDCT: [0]fetchDunApn: Ignore the dun apn in settings.db
04-13 22:51:50.631  3447  3834 D QtiGsmDCT: [0]fetchDunApn: config_tether_apndata dunSetting=null
04-13 22:51:50.631  3447  3834 D DC-1    : isInternetRequested = true
04-13 22:51:50.632  3447  3834 D DC-1    : REQ_GET_NETWORK_CAPABILITIES networkCapabilities[ Transports: CELLULAR Capabilities: SUPL&DUN&INTERNET&NOT_RESTRICTED&TRUSTED&NOT_VPN LinkUpBandwidth>=5898Kbps LinkDnBandwidth>=14336Kbps Specifier: <2>]
04-13 22:51:50.636  3447  3447 D QtiGsmDCT: [0]isDataPossible(default): possible=true isDataAllowed=true apnTypePossible=true apnContextisEnabled=true apnContextState()=CONNECTED
04-13 22:51:50.636  3447  3447 D QtiGsmDCT: [0]get active apn string for type:default
04-13 22:51:50.637  3447  3447 D DCT     : [ApnContext:default] getApnSetting: apnSetting=[ApnSettingV3] Orange Internet, 695, 26003, internetipv6, , , , , , 1, default | dun | hipri | supl, IPV6, IP, true, 0, 0, 1, false, 0, 0, 0, 0, , , 0, , 
04-13 22:51:50.645  1891  2889 D TelephonyRegistry: Notify data connection state changed on sub: 2
04-13 22:51:50.645  1891  2889 D TelephonyRegistry: Notify data connection state changed on sub: 2
04-13 22:51:50.646  1891  2889 D TelephonyRegistry: Notify data connection state changed on sub: 2
04-13 22:51:50.646  1891  2889 D TelephonyRegistry: Notify data connection state changed on sub: 2
04-13 22:51:50.646  1891  2889 D TelephonyRegistry: Notify data connection state changed on sub: 2
04-13 22:51:50.647  1891  2889 D TelephonyRegistry: broadcastPreciseDataConnectionStateChanged():state=2, apnType=default, smCause=(0), reason=null
04-13 22:51:50.654  3447  3447 V LG-FASTDORMANCY: [IDLE] intent received :android.intent.action.SERVICE_STATE
04-13 22:51:50.654  3447  3447 E PHONE   : ServiceState.getRadioTechnology() DEPRECATED will be removed *******
04-13 22:51:50.654  3447  3447 I LG-FASTDORMANCY: [IDLE] Service State is changed : 0 0 voice home data home Orange Orange 26003 Orange Orange 26003  UMTS HSPA CSS not supported -1 -1 RoamInd=-1 DefRoamInd=-1 EmergOnly=false IsDataRoamingFromRegistration=false mIsVoiceSearching=false mIsDataSearching=false mVoiceNetworkName=null mDataNetworkName=null Check64QAM0 Dual carrier0
04-13 22:51:50.654  3447  3447 I LG-FASTDORMANCY: [IDLE] radioTech changed!! currenRT = 11 isChange?? true
04-13 22:51:50.655  3447  3835 I LG-FASTDORMANCY: [IDLE] Radio Tech changed.
04-13 22:51:50.655  3447  3447 D QtiGsmDCT: [0]QtiDcTracker handleMessage msg={ when=-96ms what=270377 obj=android.os.AsyncResult@ae5611a target=com.qti.internal.telephony.dataconnection.QtiDcTracker }
04-13 22:51:50.656  3447  3447 D QtiGsmDCT: [0]handleMessage msg={ when=-96ms what=270377 obj=android.os.AsyncResult@ae5611a target=com.qti.internal.telephony.dataconnection.QtiDcTracker }
04-13 22:51:50.656  3447  3493 D GsmSST  : [GsmSST] getCellLocation(): X good mCellLoc=[57330,46057520,472]
04-13 22:51:50.656  3447  3447 D QtiGsmDCT: [0]onUpdateIcc: newIccRecords com.android.internal.telephony.uicc.SIMRecords
04-13 22:51:50.657  3447  3835 D LG-FASTDORMANCY: [IDLE] isUMTS(): RadioTech(10)
04-13 22:51:50.668  3447  3447 D QtiGsmDCT: [0]getDataOnRoamingEnabled: phoneSubId=2 isDataRoamingEnabled=false
04-13 22:51:50.668  3447  3447 D QtiGsmDCT: [0]getDataEnabled: getIntWithSubId retVal=true
04-13 22:51:50.673  3447  3490 D QtiGsmDCT: [0]getDataEnabled: getIntWithSubId retVal=true
04-13 22:51:50.697  3447  3447 D RILJ    : [1011]> REQUEST_GET_NEIGHBORING_CELL_IDS [SUB0]
04-13 22:51:50.699   370   667 D RILC    : SOCKET RIL_SOCKET_1 REQUEST: GET_NEIGHBORING_CELL_IDS length:8
04-13 22:51:50.699   370   667 I RILQ    : (0/370):RIL[0][main] qcril_qmi_nas_get_neighboring_cell_ids: completed with 0
04-13 22:51:50.704   370   740 I RILQ    : (0/370):RIL[0][qmi_cb] qcril_qmi_nas_get_neighboring_cells_cb: .. qmi error 0, resultqmi  0, qmi transp_err 0, ril res 0
04-13 22:51:50.705   370   740 D RILC    : RequestComplete, RIL_SOCKET_1
04-13 22:51:50.706   370   740 E RILC    : Send Response to RIL_SOCKET_1
04-13 22:51:50.706   370   740 E RILC    : RIL Response bytes written:4
04-13 22:51:50.706   370   740 E RILC    : RIL Response bytes written:156
04-13 22:51:50.706   370   740 I RILQ    : (0/370):RIL[0][qmi_cb] qcril_qmi_nas_get_neighboring_cells_cb: completed with 0 with 5 entries
04-13 22:51:50.708  3447  3768 D RILJ    : [1011]< REQUEST_GET_NEIGHBORING_CELL_IDS {[[126@-93]] [[17e@-95]] [[128@-95]] [[3e@-97]] [[121@-103]] } [SUB0]
04-13 22:51:50.719  3447  3490 D RILJ    : [1012]> RIL_REQUEST_GET_CELL_INFO_LIST [SUB0]
04-13 22:51:50.723   370   667 D RILC    : SOCKET RIL_SOCKET_1 REQUEST: GET_CELL_INFO_LIST length:8
04-13 22:51:50.730   370 13779 D RILC    : RequestComplete, RIL_SOCKET_1
04-13 22:51:50.730   370 13779 E RILC    : Send Response to RIL_SOCKET_1
04-13 22:51:50.730   370 13779 E RILC    : RIL Response bytes written:4
04-13 22:51:50.731  3447  3768 D RILJ    : [1012]< RIL_REQUEST_GET_CELL_INFO_LIST [CellInfoWcdma:{mRegistered=YES mTimeStampType=oem_ril mTimeStamp=35162693597749ns CellIdentityWcdma:{ mMcc=260 mMnc=3 mLac=57330 mCid=46057520 mPsc=472} CellSignalStrengthWcdma: ss=13 ber=99}, CellInfoWcdma:{mRegistered=NO mTimeStampType=oem_ril mTimeStamp=35162693597749ns CellIdentityWcdma:{ mMcc=2147483647 mMnc=2147483647 mLac=2147483647 mCid=2147483647 mPsc=294} CellSignalStrengthWcdma: ss=10 ber=99}, CellInfoWcdma:{mRegistered=NO mTimeStampType=oem_ril mTimeStamp=35162693597749ns CellIdentityWcdma:{ mMcc=2147483647 mMnc=2147483647 mLac=2147483647 mCid=2147483647 mPsc=382} CellSignalStrengthWcdma: ss=9 ber=99}, CellInfoWcdma:{mRegistered=NO mTimeStampType=oem_ril mTimeStamp=35162693597749ns CellIdentityWcdma:{ mMcc=2147483647 mMnc=2147483647 mLac=2147483647 mCid=2147483647 mPsc=296} CellSignalStrengthWcdma: ss=9 ber=99}, CellInfoWcdma:{mRegistered=NO mTimeStampType=oem_ril mTimeStamp=35162693597749ns CellIdentityWcdma:{ mMcc=2147483647 mMnc=2147483647 mLac=2147483647 mCid=2147483647 mPsc=62} CellSignalStrengthWcdma: ss=8 ber=99}, CellInfoWcdma:{mRegistered=NO mTimeStampType=oem_ril mTimeStamp=35162693597749ns CellIdentityWcdma:{ mMcc=2147483647 mMnc=2147483647 mLac=2147483647 mCid=2147483647 mPsc=289} CellSignalStrengthWcdma: ss=5 ber=99}] [SUB0]
04-13 22:51:50.731   370 13779 E RILC    : RIL Response bytes written:304
04-13 22:51:50.732  3447  3490 D GsmSST  : [GsmSST] SST.getAllCellInfo(): X size=6 list=[CellInfoWcdma:{mRegistered=YES mTimeStampType=oem_ril mTimeStamp=35162693597749ns CellIdentityWcdma:{ mMcc=260 mMnc=3 mLac=57330 mCid=46057520 mPsc=472} CellSignalStrengthWcdma: ss=13 ber=99}, CellInfoWcdma:{mRegistered=NO mTimeStampType=oem_ril mTimeStamp=35162693597749ns CellIdentityWcdma:{ mMcc=2147483647 mMnc=2147483647 mLac=2147483647 mCid=2147483647 mPsc=294} CellSignalStrengthWcdma: ss=10 ber=99}, CellInfoWcdma:{mRegistered=NO mTimeStampType=oem_ril mTimeStamp=35162693597749ns CellIdentityWcdma:{ mMcc=2147483647 mMnc=2147483647 mLac=2147483647 mCid=2147483647 mPsc=382} CellSignalStrengthWcdma: ss=9 ber=99}, CellInfoWcdma:{mRegistered=NO mTimeStampType=oem_ril mTimeStamp=35162693597749ns CellIdentityWcdma:{ mMcc=2147483647 mMnc=2147483647 mLac=2147483647 mCid=2147483647 mPsc=296} CellSignalStrengthWcdma: ss=9 ber=99}, CellInfoWcdma:{mRegistered=NO mTimeStampType=oem_ril mTimeStamp=35162693597749ns CellIdentityWcdma:{ mMcc=2147483647 mMnc=2147483647 mLac=2147483647 mCid=2147483647 mPsc=62} CellSignalStrengthWcdma: ss=8 ber=99}, CellInfoWcdma:{mRegistered=NO mTimeStampType=oem_ril mTimeStamp=35162693597749ns CellIdentityWcdma:{ mMcc=2147483647 mMnc=2147483647 mLac=2147483647 mCid=2147483647 mPsc=289} CellSignalStrengthWcdma: ss=5 ber=99}]
04-13 22:51:50.737  3447  5126 D GsmSST  : [GsmSST] getCellLocation(): X good mCellLoc=[57330,46057520,472]
04-13 22:51:51.351  3447  3447 D QtiGsmDCT: [0]updateDataActivity: curTxRxSum={txSum=183298 rxSum=223250} preTxRxSum={txSum=183298 rxSum=223250}
04-13 22:51:51.351  3447  3447 D QtiGsmDCT: [0]updateDataActivity: sent=0 received=0
04-13 22:51:52.358  3447  3447 D QtiGsmDCT: [0]updateDataActivity: curTxRxSum={txSum=183298 rxSum=223250} preTxRxSum={txSum=183298 rxSum=223250}
04-13 22:51:52.358  3447  3447 D QtiGsmDCT: [0]updateDataActivity: sent=0 received=0
04-13 22:51:53.363  3447  3447 D QtiGsmDCT: [0]updateDataActivity: curTxRxSum={txSum=183298 rxSum=223250} preTxRxSum={txSum=183298 rxSum=223250}
04-13 22:51:53.363  3447  3447 D QtiGsmDCT: [0]updateDataActivity: sent=0 received=0
04-13 22:51:54.367  3447  3447 D QtiGsmDCT: [0]updateDataActivity: curTxRxSum={txSum=183298 rxSum=223250} preTxRxSum={txSum=183298 rxSum=223250}
04-13 22:51:54.367  3447  3447 D QtiGsmDCT: [0]updateDataActivity: sent=0 received=0
04-13 22:51:55.376  3447  3447 D QtiGsmDCT: [0]updateDataActivity: curTxRxSum={txSum=183298 rxSum=223250} preTxRxSum={txSum=183298 rxSum=223250}
04-13 22:51:55.377  3447  3447 D QtiGsmDCT: [0]updateDataActivity: sent=0 received=0
04-13 22:51:56.150   370   678 I RILC    : RIL_SOCKET_1 UNSOLICITED: RIL_UNSOL_LTE_REJECT_CAUSE length:16
04-13 22:51:56.150   370   678 E RILC    : Send Response to RIL_SOCKET_1
04-13 22:51:56.150   370   678 E RILC    : RIL Response bytes written:4
04-13 22:51:56.151  3447  3768 D RILJ    : [UNSL]< RIL_UNSOL_LTE_REJECT_CAUSE {15} [SUB0]
04-13 22:51:56.151   370   678 E RILC    : RIL Response bytes written:16
04-13 22:51:56.153   370   678 I RILC    : RIL_SOCKET_1 UNSOLICITED: UNSOL_OEM_HOOK_RAW length:32
04-13 22:51:56.153   370   678 E RILC    : Send Response to RIL_SOCKET_1
04-13 22:51:56.154   370   678 E RILC    : RIL Response bytes written:4
04-13 22:51:56.154  3447  3768 V RILJ    : [UNSL]< UNSOL_OEM_HOOK_RAW 514f454d484f4f4bef0308000100000000 [SUB0]
04-13 22:51:56.155  3447  3768 D RILJ    : Oem ID in RIL_UNSOL_OEM_HOOK_RAW is QOEMHOOK
04-13 22:51:56.155  3447  3768 D RILJ    : OEM ID check Passed
04-13 22:51:56.155  3447  3768 D RILJ    : Response ID in RIL_UNSOL_OEM_HOOK_RAW is 525295
04-13 22:51:56.155  3447  3768 D RILJ    : Response ID 525295 is not served in this process.
04-13 22:51:56.155   370   678 E RILC    : RIL Response bytes written:32
04-13 22:51:56.161   370   678 I RILC    : RIL_SOCKET_1 UNSOLICITED: UNSOL_RESPONSE_VOICE_NETWORK_STATE_CHANGED length:8
04-13 22:51:56.161   370   678 E RILC    : Send Response to RIL_SOCKET_1
04-13 22:51:56.161   370   678 E RILC    : RIL Response bytes written:4
04-13 22:51:56.161  3447  3768 D RILJ    : [UNSL]< UNSOL_RESPONSE_VOICE_NETWORK_STATE_CHANGED [SUB0]
04-13 22:51:56.162   370   678 E RILC    : RIL Response bytes written:8
04-13 22:51:56.162  3447  3447 D RILJ    : [1013]> OPERATOR [SUB0]
04-13 22:51:56.167  3447  3447 D RILJ    : [1014]> DATA_REGISTRATION_STATE [SUB0]
04-13 22:51:56.168   370   667 D RILC    : SOCKET RIL_SOCKET_1 REQUEST: OPERATOR length:8
04-13 22:51:56.168  3447  3447 D RILJ    : [1015]> VOICE_REGISTRATION_STATE [SUB0]
04-13 22:51:56.169   370   667 D RILC    : SOCKET RIL_SOCKET_1 REQUEST: DATA_REGISTRATION_STATE length:8
04-13 22:51:56.170   370   667 D RILC    : SOCKET RIL_SOCKET_1 REQUEST: VOICE_REGISTRATION_STATE length:8
04-13 22:51:56.173  3447  3447 D RILJ    : [1016]> QUERY_NETWORK_SELECTION_MODE [SUB0]
04-13 22:51:56.175   370   667 D RILC    : SOCKET RIL_SOCKET_1 REQUEST: QUERY_NETWORK_SELECTION_MODE length:8
04-13 22:51:56.182   370 13784 D RILC    : RequestComplete, RIL_SOCKET_1
04-13 22:51:56.182   370 13784 E RILC    : Send Response to RIL_SOCKET_1
04-13 22:51:56.182   370 13784 E RILC    : RIL Response bytes written:4
04-13 22:51:56.182   370 13784 E RILC    : RIL Response bytes written:120
04-13 22:51:56.183  3447  3768 D RILJ    : [1014]< DATA_REGISTRATION_STATE {1, dff2, 02bec830, 11, null, 20, null, null, null, null, null, 0} [SUB0]
04-13 22:51:56.183  3447  3447 D GsmSST  : isSFROperators result = false
04-13 22:51:56.183  3447  3447 D PHONE   : [ServiceState] setDataRegState=0
04-13 22:51:56.184  3447  3447 D PHONE   : [ServiceState] setDataRadioTechnology=11
04-13 22:51:56.184  3447  3447 D GsmSST  : [GsmSST] LOGRadioInfo : In Service
04-13 22:51:56.184  3447  3447 D GsmSST  : [GsmSST] handlPollStateResultMessage: GsmSST setDataRegState=0 regState=1 dataRadioTechnology=11
04-13 22:51:56.184   370 13783 D RILC    : RequestComplete, RIL_SOCKET_1
04-13 22:51:56.185   370 13783 E RILC    : Send Response to RIL_SOCKET_1
04-13 22:51:56.185   370 13783 E RILC    : RIL Response bytes written:4
04-13 22:51:56.185   370 13783 E RILC    : RIL Response bytes written:72
04-13 22:51:56.185  3447  3768 D RILJ    : [1013]< OPERATOR {Orange, Orange, 26003} [SUB0]
04-13 22:51:56.189   370 13785 D RILC    : RequestComplete, RIL_SOCKET_1
04-13 22:51:56.189   370 13785 E RILC    : Send Response to RIL_SOCKET_1
04-13 22:51:56.189   370 13785 E RILC    : RIL Response bytes written:4
04-13 22:51:56.189   370 13785 E RILC    : RIL Response bytes written:136
04-13 22:51:56.191  3447  3768 D RILJ    : [1015]< VOICE_REGISTRATION_STATE {1, dff2, 02bec830, 3, null, null, null, 0, null, null, 1, null, null, 0, 1d8} [SUB0]
04-13 22:51:56.191  3447  3447 D PHONE   : [ServiceState] setVoiceRegState=0
04-13 22:51:56.191  3447  3447 E PHONE   : [ServiceState] setState deprecated use setVoiceRegState()
04-13 22:51:56.192  3447  3447 D GsmSST  : [GsmSST] LOGRadioInfo : In Service
04-13 22:51:56.193   370 13787 D RILC    : RequestComplete, RIL_SOCKET_1
04-13 22:51:56.193   370 13787 E RILC    : Send Response to RIL_SOCKET_1
04-13 22:51:56.193   370 13787 E RILC    : RIL Response bytes written:4
04-13 22:51:56.193   370 13787 E RILC    : RIL Response bytes written:20
04-13 22:51:56.193  3447  3768 D RILJ    : [1016]< QUERY_NETWORK_SELECTION_MODE {0} [SUB0]
04-13 22:51:56.197  3447  3447 D GsmSST  : [GsmSST] Poll ServiceState done:  oldSS=[0 0 voice home data home Orange Orange 26003 Orange Orange 26003  UMTS HSPA CSS not supported -1 -1 RoamInd=-1 DefRoamInd=-1 EmergOnly=false IsDataRoamingFromRegistration=false mIsVoiceSearching=false mIsDataSearching=false mVoiceNetworkName=null mDataNetworkName=null Check64QAM0 Dual carrier0] newSS=[0 0 voice home data home Orange Orange 26003 Orange Orange 26003  UMTS HSPA CSS not supported -1 -1 RoamInd=-1 DefRoamInd=-1 EmergOnly=false IsDataRoamingFromRegistration=false mIsVoiceSearching=false mIsDataSearching=false mVoiceNetworkName=null mDataNetworkName=null Check64QAM0 Dual carrier0] oldMaxDataCalls=20 mNewMaxDataCalls=20 oldReasonDataDenied=-1 mNewReasonDataDenied=-1
04-13 22:51:56.197  3447  3447 D PHONE   : [ServiceState] setNullState=1
04-13 22:51:56.386  3447  3447 D QtiGsmDCT: [0]updateDataActivity: curTxRxSum={txSum=183298 rxSum=223250} preTxRxSum={txSum=183298 rxSum=223250}
04-13 22:51:56.387  3447  3447 D QtiGsmDCT: [0]updateDataActivity: sent=0 received=0
04-13 22:51:56.899   370   678 I RILC    : RIL_SOCKET_1 UNSOLICITED: RIL_UNSOL_LTE_REJECT_CAUSE length:16
04-13 22:51:56.899   370   678 E RILC    : Send Response to RIL_SOCKET_1
04-13 22:51:56.899   370   678 E RILC    : RIL Response bytes written:4
04-13 22:51:56.899   370   678 E RILC    : RIL Response bytes written:16
04-13 22:51:56.900   370   678 I RILC    : RIL_SOCKET_1 UNSOLICITED: UNSOL_OEM_HOOK_RAW length:32
04-13 22:51:56.900   370   678 E RILC    : Send Response to RIL_SOCKET_1
04-13 22:51:56.900   370   678 E RILC    : RIL Response bytes written:4
04-13 22:51:56.900   370   678 E RILC    : RIL Response bytes written:32
04-13 22:51:56.902   370   678 I RILC    : RIL_SOCKET_1 UNSOLICITED: UNSOL_RESPONSE_VOICE_NETWORK_STATE_CHANGED length:8
04-13 22:51:56.902   370   678 E RILC    : Send Response to RIL_SOCKET_1
04-13 22:51:56.902   370   678 E RILC    : RIL Response bytes written:4
04-13 22:51:56.902   370   678 E RILC    : RIL Response bytes written:8
04-13 22:51:56.902  3447  3768 D RILJ    : [UNSL]< RIL_UNSOL_LTE_REJECT_CAUSE {15} [SUB0]
04-13 22:51:56.902  3447  3768 V RILJ    : [UNSL]< UNSOL_OEM_HOOK_RAW 514f454d484f4f4bef0308000100000000 [SUB0]
04-13 22:51:56.902  3447  3768 D RILJ    : Oem ID in RIL_UNSOL_OEM_HOOK_RAW is QOEMHOOK
04-13 22:51:56.903  3447  3768 D RILJ    : OEM ID check Passed
04-13 22:51:56.903  3447  3768 D RILJ    : Response ID in RIL_UNSOL_OEM_HOOK_RAW is 525295
04-13 22:51:56.903  3447  3768 D RILJ    : Response ID 525295 is not served in this process.
04-13 22:51:56.903  3447  3768 D RILJ    : [UNSL]< UNSOL_RESPONSE_VOICE_NETWORK_STATE_CHANGED [SUB0]
04-13 22:51:56.903  3447  3447 D RILJ    : [1017]> OPERATOR [SUB0]
04-13 22:51:56.907   370   678 I RILC    : RIL_SOCKET_1 UNSOLICITED: RIL_UNSOL_LTE_REJECT_CAUSE length:16
04-13 22:51:56.907   370   678 E RILC    : Send Response to RIL_SOCKET_1
04-13 22:51:56.907   370   678 E RILC    : RIL Response bytes written:4
04-13 22:51:56.907  3447  3768 D RILJ    : [UNSL]< RIL_UNSOL_LTE_REJECT_CAUSE {15} [SUB0]
04-13 22:51:56.907   370   678 E RILC    : RIL Response bytes written:16
04-13 22:51:56.909   370   678 I RILC    : RIL_SOCKET_1 UNSOLICITED: UNSOL_OEM_HOOK_RAW length:32
04-13 22:51:56.909   370   678 E RILC    : Send Response to RIL_SOCKET_1
04-13 22:51:56.909   370   678 E RILC    : RIL Response bytes written:4
04-13 22:51:56.909  3447  3768 V RILJ    : [UNSL]< UNSOL_OEM_HOOK_RAW 514f454d484f4f4bef0308000100000000 [SUB0]
04-13 22:51:56.910  3447  3768 D RILJ    : Oem ID in RIL_UNSOL_OEM_HOOK_RAW is QOEMHOOK
04-13 22:51:56.910  3447  3768 D RILJ    : OEM ID check Passed
04-13 22:51:56.910  3447  3768 D RILJ    : Response ID in RIL_UNSOL_OEM_HOOK_RAW is 525295
04-13 22:51:56.910  3447  3768 D RILJ    : Response ID 525295 is not served in this process.
04-13 22:51:56.910  3447  3447 D RILJ    : [1018]> DATA_REGISTRATION_STATE [SUB0]
04-13 22:51:56.910   370   678 E RILC    : RIL Response bytes written:32
04-13 22:51:56.911  3447  3447 D RILJ    : [1019]> VOICE_REGISTRATION_STATE [SUB0]
04-13 22:51:56.911   370   678 I RILC    : RIL_SOCKET_1 UNSOLICITED: UNSOL_RESPONSE_VOICE_NETWORK_STATE_CHANGED length:8
04-13 22:51:56.912   370   678 E RILC    : Send Response to RIL_SOCKET_1
04-13 22:51:56.912   370   678 E RILC    : RIL Response bytes written:4
04-13 22:51:56.912   370   678 E RILC    : RIL Response bytes written:8
04-13 22:51:56.912   370   667 D RILC    : SOCKET RIL_SOCKET_1 REQUEST: OPERATOR length:8
04-13 22:51:56.912  3447  3768 D RILJ    : [UNSL]< UNSOL_RESPONSE_VOICE_NETWORK_STATE_CHANGED [SUB0]
04-13 22:51:56.912   370   667 D RILC    : SOCKET RIL_SOCKET_1 REQUEST: DATA_REGISTRATION_STATE length:8
04-13 22:51:56.912  3447  3447 D RILJ    : [1020]> QUERY_NETWORK_SELECTION_MODE [SUB0]
04-13 22:51:56.915   370   667 D RILC    : SOCKET RIL_SOCKET_1 REQUEST: VOICE_REGISTRATION_STATE length:8
04-13 22:51:56.916  3447  3447 D RILJ    : [1021]> OPERATOR [SUB0]
04-13 22:51:56.916   370   667 D RILC    : SOCKET RIL_SOCKET_1 REQUEST: QUERY_NETWORK_SELECTION_MODE length:8
04-13 22:51:56.917  3447  3447 D RILJ    : [1022]> DATA_REGISTRATION_STATE [SUB0]
04-13 22:51:56.918  3447  3447 D RILJ    : [1023]> VOICE_REGISTRATION_STATE [SUB0]
04-13 22:51:56.921   370   667 D RILC    : SOCKET RIL_SOCKET_1 REQUEST: OPERATOR length:8
04-13 22:51:56.921  3447  3447 D RILJ    : [1024]> QUERY_NETWORK_SELECTION_MODE [SUB0]
04-13 22:51:56.922   370   667 D RILC    : SOCKET RIL_SOCKET_1 REQUEST: DATA_REGISTRATION_STATE length:8
04-13 22:51:56.923   370   667 D RILC    : SOCKET RIL_SOCKET_1 REQUEST: VOICE_REGISTRATION_STATE length:8
04-13 22:51:56.924   370   678 I RILQ    : (0/370):RIL[0][event] qcril_arb_set_dsd_sys_status: old_pref_data 1 - new_data_pref 1
04-13 22:51:56.924   370   678 I RILQ    : (0/370):RIL[0][event] qcril_arb_set_dsd_sys_status: preferred dsd_sys_status nw=0x0, rat_value=0x1, so_mask=0x0000000000000011
04-13 22:51:56.924   370   678 I RILQ    : (0/370):RIL[0][event] qcril_arb_set_dsd_sys_status: preferred 1 - dsd_sys_status nw=0x0, rat_value=0x1, so_mask=0x0000000000000011
04-13 22:51:56.924   370   678 I RILQ    : (0/370):RIL[0][event] qcril_arb_set_dsd_sys_status: is_wwan_available 0
04-13 22:51:56.924   370   678 I RILC    : RIL_SOCKET_1 UNSOLICITED: UNSOL_OEM_HOOK_RAW length:32
04-13 22:51:56.924   370   678 E RILC    : Send Response to RIL_SOCKET_1
04-13 22:51:56.924   370   678 E RILC    : RIL Response bytes written:4
04-13 22:51:56.924   370   678 E RILC    : RIL Response bytes written:32
04-13 22:51:56.924   370   667 D RILC    : SOCKET RIL_SOCKET_1 REQUEST: QUERY_NETWORK_SELECTION_MODE length:8
04-13 22:51:56.926  3447  3768 V RILJ    : [UNSL]< UNSOL_OEM_HOOK_RAW 514f454d484f4f4bfa0308000100000000 [SUB0]
04-13 22:51:56.926  3447  3768 D RILJ    : Oem ID in RIL_UNSOL_OEM_HOOK_RAW is QOEMHOOK
04-13 22:51:56.926  3447  3768 D RILJ    : OEM ID check Passed
04-13 22:51:56.927  3447  3768 D RILJ    : Response ID in RIL_UNSOL_OEM_HOOK_RAW is 525306
04-13 22:51:56.927  3447  3768 D RILJ    : WWAN, IWLAN coexistence notified to registrants
04-13 22:51:56.930   370 13793 D RILC    : RequestComplete, RIL_SOCKET_1
04-13 22:51:56.930   370 13793 E RILC    : Send Response to RIL_SOCKET_1
04-13 22:51:56.930   370 13793 E RILC    : RIL Response bytes written:4
04-13 22:51:56.930  3447  3768 D RILJ    : [1018]< DATA_REGISTRATION_STATE {1, dff2, 02bec81c, 11, null, 20, null, null, null, null, null, 0} [SUB0]
04-13 22:51:56.930   370 13793 E RILC    : RIL Response bytes written:120
04-13 22:51:56.930   370 13793 D RILC    : RequestComplete, RIL_SOCKET_1
04-13 22:51:56.930   370 13793 E RILC    : Send Response to RIL_SOCKET_1
04-13 22:51:56.930   370 13793 E RILC    : RIL Response bytes written:4
04-13 22:51:56.930   370 13793 E RILC    : RIL Response bytes written:120
04-13 22:51:56.931  3447  3768 D RILJ    : [1022]< DATA_REGISTRATION_STATE {1, dff2, 02bec81c, 11, null, 20, null, null, null, null, null, 0} [SUB0]
04-13 22:51:56.932  3447  3447 D GsmSST  : isSFROperators result = false
04-13 22:51:56.932  3447  3447 D PHONE   : [ServiceState] setDataRegState=0
04-13 22:51:56.932  3447  3447 D PHONE   : [ServiceState] setDataRadioTechnology=11
04-13 22:51:56.932  3447  3447 D GsmSST  : [GsmSST] LOGRadioInfo : In Service
04-13 22:51:56.932  3447  3447 D GsmSST  : [GsmSST] handlPollStateResultMessage: GsmSST setDataRegState=0 regState=1 dataRadioTechnology=11
04-13 22:51:56.942   370 13794 D RILC    : RequestComplete, RIL_SOCKET_1
04-13 22:51:56.942   370 13794 E RILC    : Send Response to RIL_SOCKET_1
04-13 22:51:56.942   370 13794 E RILC    : RIL Response bytes written:4
04-13 22:51:56.942   370 13794 E RILC    : RIL Response bytes written:136
04-13 22:51:56.942   370 13794 D RILC    : RequestComplete, RIL_SOCKET_1
04-13 22:51:56.942   370 13794 E RILC    : Send Response to RIL_SOCKET_1
04-13 22:51:56.942   370 13794 E RILC    : RIL Response bytes written:4
04-13 22:51:56.942   370 13794 E RILC    : RIL Response bytes written:136
04-13 22:51:56.942  3447  3768 D RILJ    : [1019]< VOICE_REGISTRATION_STATE {1, dff2, 02bec81c, 3, null, null, null, 0, null, null, 1, null, null, 0, 1d8} [SUB0]
04-13 22:51:56.943  3447  3768 D RILJ    : [1023]< VOICE_REGISTRATION_STATE {1, dff2, 02bec81c, 3, null, null, null, 0, null, null, 1, null, null, 0, 1d8} [SUB0]
04-13 22:51:56.943  3447  3447 D PHONE   : [ServiceState] setVoiceRegState=0
04-13 22:51:56.943  3447  3447 E PHONE   : [ServiceState] setState deprecated use setVoiceRegState()
04-13 22:51:56.943  3447  3447 D GsmSST  : [GsmSST] LOGRadioInfo : In Service
04-13 22:51:56.943   370 13792 D RILC    : RequestComplete, RIL_SOCKET_1
04-13 22:51:56.943   370 13792 E RILC    : Send Response to RIL_SOCKET_1
04-13 22:51:56.943   370 13792 E RILC    : RIL Response bytes written:4
04-13 22:51:56.943  3447  3768 D RILJ    : [1017]< OPERATOR {Orange, Orange, 26003} [SUB0]
04-13 22:51:56.943   370 13792 E RILC    : RIL Response bytes written:72
04-13 22:51:56.944   370 13792 D RILC    : RequestComplete, RIL_SOCKET_1
04-13 22:51:56.944   370 13792 E RILC    : Send Response to RIL_SOCKET_1
04-13 22:51:56.944   370 13792 E RILC    : RIL Response bytes written:4
04-13 22:51:56.944  3447  3768 D RILJ    : [1021]< OPERATOR {Orange, Orange, 26003} [SUB0]
04-13 22:51:56.945   370 13792 E RILC    : RIL Response bytes written:72
04-13 22:51:56.948   370   678 I RILC    : RIL_SOCKET_1 UNSOLICITED: RIL_UNSOL_LTE_REJECT_CAUSE length:16
04-13 22:51:56.948   370   678 E RILC    : Send Response to RIL_SOCKET_1
04-13 22:51:56.948   370   678 E RILC    : RIL Response bytes written:4
04-13 22:51:56.948   370   678 E RILC    : RIL Response bytes written:16
04-13 22:51:56.949  3447  3768 D RILJ    : [UNSL]< RIL_UNSOL_LTE_REJECT_CAUSE {15} [SUB0]
04-13 22:51:56.946   370 13795 D RILC    : RequestComplete, RIL_SOCKET_1
04-13 22:51:56.949   370 13795 E RILC    : Send Response to RIL_SOCKET_1
04-13 22:51:56.949   370 13795 E RILC    : RIL Response bytes written:4
04-13 22:51:56.949   370 13795 E RILC    : RIL Response bytes written:20
04-13 22:51:56.949  3447  3768 D RILJ    : [1020]< QUERY_NETWORK_SELECTION_MODE {0} [SUB0]
04-13 22:51:56.949   370 13795 D RILC    : RequestComplete, RIL_SOCKET_1
04-13 22:51:56.949   370 13795 E RILC    : Send Response to RIL_SOCKET_1
04-13 22:51:56.949   370 13795 E RILC    : RIL Response bytes written:4
04-13 22:51:56.949   370 13795 E RILC    : RIL Response bytes written:20
04-13 22:51:56.949  3447  3768 D RILJ    : [1024]< QUERY_NETWORK_SELECTION_MODE {0} [SUB0]
04-13 22:51:56.950   370   678 I RILC    : RIL_SOCKET_1 UNSOLICITED: UNSOL_RESPONSE_VOICE_NETWORK_STATE_CHANGED length:8
04-13 22:51:56.950   370   678 E RILC    : Send Response to RIL_SOCKET_1
04-13 22:51:56.950   370   678 E RILC    : RIL Response bytes written:4
04-13 22:51:56.951   370   678 E RILC    : RIL Response bytes written:8
04-13 22:51:56.951  3447  3768 D RILJ    : [UNSL]< UNSOL_RESPONSE_VOICE_NETWORK_STATE_CHANGED [SUB0]
04-13 22:51:56.952   370   678 I RILC    : RIL_SOCKET_1 UNSOLICITED: UNSOL_DATA_CALL_LIST_CHANGED length:428
04-13 22:51:56.952   370   678 E RILC    : Send Response to RIL_SOCKET_1
04-13 22:51:56.952   370   678 E RILC    : RIL Response bytes written:4
04-13 22:51:56.952   370   678 E RILC    : RIL Response bytes written:428
04-13 22:51:56.953  3447  3768 D RILJ    : responseDataCallList ver=11 num=1 [SUB0]
04-13 22:51:56.953  3447  3768 D RILJ    : getDataCallResponse before ver=11 [SUB0]
04-13 22:51:56.953  3447  3768 D RILJ    : [UNSL]< UNSOL_DATA_CALL_LIST_CHANGED [DataCallResponse: {version=11 status=0 retry=-1 cid=0 active=2 type=IPV6 ifname=rmnet_data0 mtu=1500 addresses=[2a00:0f41:30c5:feb9:e6db:0f93:92c6:4a88/64] dnses=[2a01:1700:0003:ffff:0000:0000:0000:9822,2a01:1700:0002:ffff:0000:0000:0000:9f01] gateways=[fe80:0000:0000:0000:0167:077c:95a5:9420] pcscf=[]}] [SUB0]
04-13 22:51:56.954  3447  3835 I LG-FASTDORMANCY: [IDLE] Data call list changed.
04-13 22:51:56.954  3447  3835 I LG-FASTDORMANCY: [IDLE] [DataCallResponse: {version=11 status=0 retry=-1 cid=0 active=2 type=IPV6 ifname=rmnet_data0 mtu=1500 addresses=[2a00:0f41:30c5:feb9:e6db:0f93:92c6:4a88/64] dnses=[2a01:1700:0003:ffff:0000:0000:0000:9822,2a01:1700:0002:ffff:0000:0000:0000:9f01] gateways=[fe80:0000:0000:0000:0167:077c:95a5:9420] pcscf=[]}]
04-13 22:51:56.954  3447  3835 I LG-FASTDORMANCY: [IDLE] prev:[IDLE] , curr:false
04-13 22:51:56.954  3447  3447 D GsmSST  : [GsmSST] Poll ServiceState done:  oldSS=[0 0 voice home data home Orange Orange 26003 Orange Orange 26003  UMTS HSPA CSS not supported -1 -1 RoamInd=-1 DefRoamInd=-1 EmergOnly=false IsDataRoamingFromRegistration=false mIsVoiceSearching=false mIsDataSearching=false mVoiceNetworkName=null mDataNetworkName=null Check64QAM0 Dual carrier0] newSS=[0 0 voice home data home Orange Orange 26003 Orange Orange 26003  UMTS HSPA CSS not supported -1 -1 RoamInd=-1 DefRoamInd=-1 EmergOnly=false IsDataRoamingFromRegistration=false mIsVoiceSearching=false mIsDataSearching=false mVoiceNetworkName=null mDataNetworkName=null Check64QAM0 Dual carrier0] oldMaxDataCalls=20 mNewMaxDataCalls=20 oldReasonDataDenied=-1 mNewReasonDataDenied=-1
04-13 22:51:56.954  3447  3447 D PHONE   : [ServiceState] setNullState=1
04-13 22:51:56.955  3447  3834 D QtiGsmDCT: [0]fetchDunApn: Ignore the dun apn in settings.db
04-13 22:51:56.955  3447  3447 D GsmSST  : [GsmSST] getCellLocation(): X good mCellLoc=[57330,46057500,472]
04-13 22:51:56.955  1891  3487 D TelephonyRegistry: notifyCellLocationForSubscriber: subId=2 cellLocation=Bundle[mParcelledData.dataSize=64]
04-13 22:51:56.956  3447  3835 D LG-FASTDORMANCY: [IDLE] isUMTS(): RadioTech(10)
04-13 22:51:56.957  3447  3835 D LG-FASTDORMANCY: [IDLE] Exit from IDLE State
04-13 22:51:56.957  3447  3835 D LG-FASTDORMANCY: [DCH/FACH] FDCount : 0 Enter to DCH or FACH State
04-13 22:51:56.959  3447  3835 D LG-FASTDORMANCY: [DCH/FACH] FDCount : 0 isUMTS(): RadioTech(10)
04-13 22:51:56.959  3447  3835 I LG-FASTDORMANCY: [DCH/FACH] FDCount : 0 Scheduling checkNetStat for 1000msec, current state is [DCH/FACH] FDCount : 0 
04-13 22:51:56.965  3447  3447 D RILJ    : [1025]> OPERATOR [SUB0]
04-13 22:51:56.970   370   667 D RILC    : SOCKET RIL_SOCKET_1 REQUEST: OPERATOR length:8
04-13 22:51:56.971  3447  3447 D RILJ    : [1026]> DATA_REGISTRATION_STATE [SUB0]
04-13 22:51:56.973   370   667 D RILC    : SOCKET RIL_SOCKET_1 REQUEST: DATA_REGISTRATION_STATE length:8
04-13 22:51:56.973  3447  3447 D RILJ    : [1027]> VOICE_REGISTRATION_STATE [SUB0]
04-13 22:51:56.979  3447  3447 D RILJ    : [1028]> QUERY_NETWORK_SELECTION_MODE [SUB0]
04-13 22:51:56.980   370   667 D RILC    : SOCKET RIL_SOCKET_1 REQUEST: VOICE_REGISTRATION_STATE length:8
04-13 22:51:56.982  3447  3447 D QtiGsmDCT: [0]QtiDcTracker handleMessage msg={ when=-29ms what=270340 obj=android.os.AsyncResult@b5c744b target=com.qti.internal.telephony.dataconnection.QtiDcTracker }
04-13 22:51:56.982   370   667 D RILC    : SOCKET RIL_SOCKET_1 REQUEST: QUERY_NETWORK_SELECTION_MODE length:8
04-13 22:51:56.982  3447  3447 D QtiGsmDCT: [0]handleMessage msg={ when=-29ms what=270340 obj=android.os.AsyncResult@b5c744b target=com.qti.internal.telephony.dataconnection.QtiDcTracker }
04-13 22:51:56.982  3447  3447 E DATA    : Unidentified event msg={ when=-29ms what=270340 obj=android.os.AsyncResult@b5c744b target=com.qti.internal.telephony.dataconnection.QtiDcTracker }
04-13 22:51:56.984  3447  3867 D GsmSST  : [GsmSST] getCellLocation(): X good mCellLoc=[57330,46057500,472]
04-13 22:51:56.989   370 13798 D RILC    : RequestComplete, RIL_SOCKET_1
04-13 22:51:56.989   370 13798 E RILC    : Send Response to RIL_SOCKET_1
04-13 22:51:56.989   370 13798 E RILC    : RIL Response bytes written:4
04-13 22:51:56.989   370 13798 E RILC    : RIL Response bytes written:72
04-13 22:51:56.990  3447  3768 D RILJ    : [1025]< OPERATOR {Orange, Orange, 26003} [SUB0]
04-13 22:51:56.994   370 13801 D RILC    : RequestComplete, RIL_SOCKET_1
04-13 22:51:56.994   370 13801 E RILC    : Send Response to RIL_SOCKET_1
04-13 22:51:56.994   370 13801 E RILC    : RIL Response bytes written:4
04-13 22:51:56.994   370 13801 E RILC    : RIL Response bytes written:136
04-13 22:51:56.994  3447  3768 D RILJ    : [1027]< VOICE_REGISTRATION_STATE {1, dff2, 02bec81c, 3, null, null, null, 0, null, null, 1, null, null, 0, 1d8} [SUB0]
04-13 22:51:56.995  3447  3447 D PHONE   : [ServiceState] setVoiceRegState=0
04-13 22:51:56.995  3447  3447 E PHONE   : [ServiceState] setState deprecated use setVoiceRegState()
04-13 22:51:56.995   370 13799 D RILC    : RequestComplete, RIL_SOCKET_1
04-13 22:51:56.995   370 13799 E RILC    : Send Response to RIL_SOCKET_1
04-13 22:51:56.995   370 13799 E RILC    : RIL Response bytes written:4
04-13 22:51:56.995  3447  3447 D GsmSST  : [GsmSST] LOGRadioInfo : In Service
04-13 22:51:56.995   370 13799 E RILC    : RIL Response bytes written:120
04-13 22:51:56.996   370 13803 D RILC    : RequestComplete, RIL_SOCKET_1
04-13 22:51:56.996   370 13803 E RILC    : Send Response to RIL_SOCKET_1
04-13 22:51:56.996   370 13803 E RILC    : RIL Response bytes written:4
04-13 22:51:56.996   370 13803 E RILC    : RIL Response bytes written:20
04-13 22:51:56.996  3447  3768 D RILJ    : [1026]< DATA_REGISTRATION_STATE {1, dff2, 02bec81c, 15, null, 20, null, null, null, null, null, 0} [SUB0]
04-13 22:51:56.996  3447  3768 D RILJ    : [1028]< QUERY_NETWORK_SELECTION_MODE {0} [SUB0]
04-13 22:51:56.997  3447  3447 D GsmSST  : isSFROperators result = false
04-13 22:51:56.997  3447  3447 D PHONE   : [ServiceState] setDataRegState=0
04-13 22:51:56.997  3447  3447 D PHONE   : [ServiceState] setDataRadioTechnology=15
04-13 22:51:56.997  3447  3447 D GsmSST  : [GsmSST] LOGRadioInfo : In Service
04-13 22:51:56.997  3447  3447 D GsmSST  : [GsmSST] handlPollStateResultMessage: GsmSST setDataRegState=0 regState=1 dataRadioTechnology=15
04-13 22:51:56.999  3447  3447 D GsmSST  : [GsmSST] Poll ServiceState done:  oldSS=[0 0 voice home data home Orange Orange 26003 Orange Orange 26003  UMTS HSPA CSS not supported -1 -1 RoamInd=-1 DefRoamInd=-1 EmergOnly=false IsDataRoamingFromRegistration=false mIsVoiceSearching=false mIsDataSearching=false mVoiceNetworkName=null mDataNetworkName=null Check64QAM0 Dual carrier0] newSS=[0 0 voice home data home Orange Orange 26003 Orange Orange 26003  UMTS HSPAP CSS not supported -1 -1 RoamInd=-1 DefRoamInd=-1 EmergOnly=false IsDataRoamingFromRegistration=false mIsVoiceSearching=false mIsDataSearching=false mVoiceNetworkName=null mDataNetworkName=null Check64QAM0 Dual carrier0] oldMaxDataCalls=20 mNewMaxDataCalls=20 oldReasonDataDenied=-1 mNewReasonDataDenied=-1
04-13 22:51:56.999  3447  3447 D PHONE   : [ServiceState] setNullState=1
04-13 22:51:56.999  3447  3447 D TelephonyManager: setTelephonyProperty: success phoneId=0 property=gsm.network.type value: UMTS propVal=UMTS
04-13 22:51:57.000  3447  3447 D SIMRecords: [SIMRecords] getServiceProviderName: no brandOverride
04-13 22:51:57.000  3447  3447 D SIMRecords: [SIMRecords] getServiceProviderName: providerName=Orange
04-13 22:51:57.000  3447  3447 D SIMRecords: [SIMRecords] getServiceProviderName: no brandOverride
04-13 22:51:57.000  3447  3447 D SIMRecords: [SIMRecords] getServiceProviderName: providerName=Orange
04-13 22:51:57.000  3447  3447 D GSMPhoneEx: grandblue SpnMvno = Orange operator = 26003 simMcc  = 260 simMnc  = 03
04-13 22:51:57.000  3447  3834 D QtiGsmDCT: [0]fetchDunApn: config_tether_apndata dunSetting=null
04-13 22:51:57.000  3447  3447 D GSMPhoneEx: grandblue after SpnMvno = Orange operator = 26003 simMcc  = 260 simMnc  = 03
04-13 22:51:57.000  3447  3834 D DC-1    : isInternetRequested = true
04-13 22:51:57.001  3447  3834 D Dcc     : onDataStateChanged: dcsList=[DataCallResponse: {version=11 status=0 retry=-1 cid=0 active=2 type=IPV6 ifname=rmnet_data0 mtu=1500 addresses=[2a00:0f41:30c5:feb9:e6db:0f93:92c6:4a88/64] dnses=[2a01:1700:0003:ffff:0000:0000:0000:9822,2a01:1700:0002:ffff:0000:0000:0000:9f01] gateways=[fe80:0000:0000:0000:0167:077c:95a5:9420] pcscf=[]}] mDcListActiveByCid={0={DC-1: State=DcActiveState mApnSetting=[ApnSettingV3] Orange Internet, 695, 26003, internetipv6, , , , , , 1, default | dun | hipri | supl, IPV6, IP, true, 0, 0, 1, false, 0, 0, 0, 0, , , 0, ,  RefCount=1 mCid=0 mCreateTime=-1 mLastastFailTime=-1 mLastFailCause=NONE mTag=6 mRetryManager=RetryManager: { forever=false maxRetry=10 curMaxRetry=0 retry=0 config={default_randomization=2000,5000,10000,20000,40000,80000:5000,160000:5000,320000:5000,640000:5000,1280000:5000,1800000:5000} retryArray={5000:2000 10000:2000 20000:2000 40000:2000 80000:5000 160000:5000 320000:5000 640000:5000 1280000:5000 1800000:5000 }} mLinkProperties={InterfaceName: rmnet_data0 LinkAddresses: [2a00:f41:30c5:feb9:e6db:f93:92c6:4a88/64,]  Routes: [::/0 -> fe80::167:77c:95a5:9420 rmnet_data0,] DnsAddresses: [2a01:1700:3:ffff::9822,2a01:1700:2:ffff::9f01,] Domains: null MTU: 1500 TcpBufferSizes: 40778,244668,3461120,16777,140625,3461120} linkCapabilities=[ Transports: CELLULAR Capabilities: SUPL&DUN&INTERNET&NOT_RESTRICTED&TRUSTED&NOT_VPN LinkUpBandwidth>=5898Kbps LinkDnBandwidth>=14336Kbps Specifier: <2>] mApnContexts=[{mApnType=default mState=CONNECTED mWaitingApns={[[ApnSettingV3] Orange Internet, 695, 26003, internetipv6, , , , , , 1, default | dun | hipri | supl, IPV6, IP, true, 0, 0, 1, false, 0, 0, 0, 0, , , 0, , ]} mWaitingApnsPermanentFailureCountDown=1 mApnSetting={[ApnSettingV3] Orange Internet, 695, 26003, internetipv6, , , , , , 1, default | dun | hipri | supl, IPV6, IP, true, 0, 0, 1, false, 0, 0, 0, 0, , , 0, , } mReason=connected mDataEnabled=true mDependencyMet=true}]}}
04-13 22:51:57.001  3447  3834 D Dcc     : onDataStateChanged: dcsToRetry=[]
04-13 22:51:57.001  3447  3834 D Dcc     : onDataStateChanged: Found ConnId=0 newState=DataCallResponse: {version=11 status=0 retry=-1 cid=0 active=2 type=IPV6 ifname=rmnet_data0 mtu=1500 addresses=[2a00:0f41:30c5:feb9:e6db:0f93:92c6:4a88/64] dnses=[2a01:1700:0003:ffff:0000:0000:0000:9822,2a01:1700:0002:ffff:0000:0000:0000:9f01] gateways=[fe80:0000:0000:0000:0167:077c:95a5:9420] pcscf=[]}
04-13 22:51:57.001  3447  3834 D DataCallResponse: addr/pl=2a00:0f41:30c5:feb9:e6db:0f93:92c6:4a88/64
04-13 22:51:57.002  3447  3834 D DC-1    : MTU set by call response to: 1500
04-13 22:51:57.002  3447  3834 D Dcc     : onDataStateChanged: no change
04-13 22:51:57.002  3447  3447 D TelephonyManager: setTelephonyProperty: success phoneId=0 property=gsm.operator.alpha value: Orange propVal=Orange
04-13 22:51:57.002  3447  3834 D Dcc     : onDataStateChanged: Data Activity updated to NONE. isAnyDataCallActive = true isAnyDataCallDormant = false
04-13 22:51:57.002  3447  3834 D Dcc     : onDataStateChanged: Skip startNetStatPoll
04-13 22:51:57.002  3447  3834 D Dcc     : onDataStateChanged: dcsToRetry=[] apnsToCleanup=[]
04-13 22:51:57.002  3447  3834 D Dcc     : onDataStateChanged: X
