04-13 22:51:20.968   370 13659 E RILC    : RIL Response bytes written:20
04-13 22:51:20.968   370 13659 D RILC    : RequestComplete, RIL_SOCKET_1
04-13 22:51:20.968   370 13659 E RILC    : Send Response to RIL_SOCKET_1
04-13 22:51:20.968   370 13659 E RILC    : RIL Response bytes written:4
04-13 22:51:20.968  3447  3768 D RILJ    : [0952]< QUERY_NETWORK_SELECTION_MODE {0} [SUB0]
04-13 22:51:20.969   370 13659 E RILC    : RIL Response bytes written:20
04-13 22:51:20.970   370 13658 D RILC    : RequestComplete, RIL_SOCKET_1
04-13 22:51:20.970   370 13658 E RILC    : Send Response to RIL_SOCKET_1
04-13 22:51:20.971   370 13658 E RILC    : RIL Response bytes written:4
04-13 22:51:20.971  3447  3768 D RILJ    : [0947]< VOICE_REGISTRATION_STATE {1, dfde, 02bec830, 3, null, null, null, 0, null, null, 1, null, null, 0, 1d8} [SUB0]
04-13 22:51:20.971   370 13658 E RILC    : RIL Response bytes written:136
04-13 22:51:20.972   370 13658 D RILC    : RequestComplete, RIL_SOCKET_1
04-13 22:51:20.972   370 13658 E RILC    : Send Response to RIL_SOCKET_1
04-13 22:51:20.972   370 13658 E RILC    : RIL Response bytes written:4
04-13 22:51:20.972  3447  3768 D RILJ    : [0951]< VOICE_REGISTRATION_STATE {1, dfde, 02bec830, 3, null, null, null, 0, null, null, 1, null, null, 0, 1d8} [SUB0]
04-13 22:51:20.972   370 13658 E RILC    : RIL Response bytes written:136
04-13 22:51:20.974  3447  3447 D PHONE   : [ServiceState] setVoiceRegState=0
04-13 22:51:20.974  3447  3447 E PHONE   : [ServiceState] setState deprecated use setVoiceRegState()
04-13 22:51:20.974  3447  3447 D GsmSST  : [GsmSST] LOGRadioInfo : In Service
04-13 22:51:20.975  3447  3447 D GsmSST  : [GsmSST] Poll ServiceState done:  oldSS=[0 0 voice home data home Orange Orange 26003 Orange Orange 26003  UMTS HSPA CSS not supported -1 -1 RoamInd=-1 DefRoamInd=-1 EmergOnly=false IsDataRoamingFromRegistration=false mIsVoiceSearching=false mIsDataSearching=false mVoiceNetworkName=null mDataNetworkName=null Check64QAM0 Dual carrier0] newSS=[0 0 voice home data home Orange Orange 26003 Orange Orange 26003  UMTS HSPAP CSS not supported -1 -1 RoamInd=-1 DefRoamInd=-1 EmergOnly=false IsDataRoamingFromRegistration=false mIsVoiceSearching=false mIsDataSearching=false mVoiceNetworkName=null mDataNetworkName=null Check64QAM0 Dual carrier0] oldMaxDataCalls=20 mNewMaxDataCalls=20 oldReasonDataDenied=-1 mNewReasonDataDenied=-1
04-13 22:51:20.976  3447  3447 D PHONE   : [ServiceState] setNullState=1
04-13 22:51:20.976  3447  3447 D TelephonyManager: setTelephonyProperty: success phoneId=0 property=gsm.network.type value: UMTS propVal=UMTS
04-13 22:51:20.976  3447  3447 D SIMRecords: [SIMRecords] getServiceProviderName: no brandOverride
04-13 22:51:20.976  3447  3447 D SIMRecords: [SIMRecords] getServiceProviderName: providerName=Orange
04-13 22:51:20.976  3447  3447 D SIMRecords: [SIMRecords] getServiceProviderName: no brandOverride
04-13 22:51:20.976  3447  3447 D SIMRecords: [SIMRecords] getServiceProviderName: providerName=Orange
04-13 22:51:20.977  3447  3447 D GSMPhoneEx: grandblue SpnMvno = Orange operator = 26003 simMcc  = 260 simMnc  = 03
04-13 22:51:20.977  3447  3447 D GSMPhoneEx: grandblue after SpnMvno = Orange operator = 26003 simMcc  = 260 simMnc  = 03
04-13 22:51:20.977  3447  3447 D TelephonyManager: setTelephonyProperty: success phoneId=0 property=gsm.operator.alpha value: Orange propVal=Orange
04-13 22:51:20.978  3447  3447 D TelephonyManager: setTelephonyProperty: success phoneId=0 property=gsm.operator.numeric value: 26003 propVal=26003
04-13 22:51:20.978  3447  3447 D TelephonyManager: setTelephonyProperty: success phoneId=0 property=gsm.operator.iso-country value: pl propVal=pl
04-13 22:51:20.979  3447  3447 D GsmSST  : [GsmSST] shouldFixTimeZoneNow: retVal=false iccCardExist=true operatorNumeric=26003 mcc=260 prevOperatorNumeric=26003 prevMcc=260 needToFixTimeZone=false ltod=04-13 22:51:20.979
04-13 22:51:20.979  3447  3447 D TelephonyManager: setTelephonyProperty: success phoneId=0 property=gsm.operator.isroaming value: false propVal=false
04-13 22:51:20.979  3447  3447 D TelephonyManager: setTelephonyProperty: success phoneId=0 property=ril.cdma.voiceinservice value: true propVal=true
04-13 22:51:20.980  3447  3447 D GsmSST  : [GsmSST] Broadcasting ServiceState : 0 0 voice home data home Orange Orange 26003 Orange Orange 26003  UMTS HSPAP CSS not supported -1 -1 RoamInd=-1 DefRoamInd=-1 EmergOnly=false IsDataRoamingFromRegistration=false mIsVoiceSearching=false mIsDataSearching=false mVoiceNetworkName=null mDataNetworkName=null Check64QAM0 Dual carrier0
04-13 22:51:20.980  3447  3447 D DefaultPhoneNotifier: nofityServiceState: mRegistry=com.android.internal.telephony.ITelephonyRegistry$Stub$Proxy@ced2ad0 ss=0 0 voice home data home Orange Orange 26003 Orange Orange 26003  UMTS HSPAP CSS not supported -1 -1 RoamInd=-1 DefRoamInd=-1 EmergOnly=false IsDataRoamingFromRegistration=false mIsVoiceSearching=false mIsDataSearching=false mVoiceNetworkName=null mDataNetworkName=null Check64QAM0 Dual carrier0 sender=Handler (com.qti.internal.telephony.gsm.QtiGSMPhone) {560d91e} phondId=0 subId=2
04-13 22:51:20.993  1891  3437 D SubscriptionManager: getSimStateForSubscriber: simState=5 slotIdx=0
04-13 22:51:20.993  3447  3447 D GsmSST  : [GsmSST] notifyDataRegStateRilRadioTechnologyChanged: drs=0 rat=15
04-13 22:51:20.993  3447  3447 D TelephonyManager: setTelephonyProperty: success phoneId=0 property=gsm.network.type value: HSPAP propVal=HSPAP
04-13 22:51:20.994  3447  3447 D QtiGsmDCT: [0]get all active apn types
04-13 22:51:20.994  3447  3834 D DC-1    : DcActiveState not handled msg.what=EVENT_DATA_CONNECTION_DRS_OR_RAT_CHANGED
04-13 22:51:20.994  3447  3834 D DC-1    : DcDefault msg=EVENT_DATA_CONNECTION_DRS_OR_RAT_CHANGED RefCount=1
04-13 22:51:20.994  3447  3834 D DC-1    : DcDefaultState: EVENT_DATA_CONNECTION_DRS_OR_RAT_CHANGED drs=0 mRilRat=15
04-13 22:51:20.995  3447  3834 D QtiGsmDCT: [0]fetchDunApn: Ignore the dun apn in settings.db
04-13 22:51:20.996  3447  3447 D QtiGsmDCT: [0]return link properites for default
04-13 22:51:21.001  3447  5044 D QtiGsmDCT: [0]getDataEnabled: getIntWithSubId retVal=true
04-13 22:51:21.025  3447  3834 D QtiGsmDCT: [0]fetchDunApn: config_tether_apndata dunSetting=null
04-13 22:51:21.025  3447  3834 D DC-1    : isInternetRequested = true
04-13 22:51:21.026  3447  3834 D DC-1    : DcActiveState not handled msg.what=REQ_GET_LINK_PROPERTIES
04-13 22:51:21.026  3447  3834 D DC-1    : DcDefault msg=REQ_GET_LINK_PROPERTIES RefCount=1
04-13 22:51:21.027  3447  3834 D DC-1    : REQ_GET_LINK_PROPERTIES linkProperties{InterfaceName: rmnet_data0 LinkAddresses: [2a00:f41:30c5:feb9:e6db:f93:92c6:4a88/64,]  Routes: [::/0 -> fe80::167:77c:95a5:9420 rmnet_data0,] DnsAddresses: [2a01:1700:3:ffff::9822,2a01:1700:2:ffff::9f01,] Domains: null MTU: 1500 TcpBufferSizes: 122334,734003,3461120,32040,192239,3461120}
04-13 22:51:21.027  3447  3447 D QtiGsmDCT: [0]get active pdp is not null, return NetworkCapabilities for default
04-13 22:51:21.027  3447  3834 D DC-1    : DcActiveState not handled msg.what=REQ_GET_NETWORK_CAPABILITIES
04-13 22:51:21.027  3447  3834 D DC-1    : DcDefault msg=REQ_GET_NETWORK_CAPABILITIES RefCount=1
04-13 22:51:21.027  3447  3834 D QtiGsmDCT: [0]fetchDunApn: Ignore the dun apn in settings.db
04-13 22:51:21.054  3447  3834 D QtiGsmDCT: [0]fetchDunApn: config_tether_apndata dunSetting=null
04-13 22:51:21.055  3447  3834 D DC-1    : isInternetRequested = true
04-13 22:51:21.055  3447  3834 D DC-1    : REQ_GET_NETWORK_CAPABILITIES networkCapabilities[ Transports: CELLULAR Capabilities: SUPL&DUN&INTERNET&NOT_RESTRICTED&TRUSTED&NOT_VPN LinkUpBandwidth>=11264Kbps LinkDnBandwidth>=43008Kbps Specifier: <2>]
04-13 22:51:21.057  3447  3447 D QtiGsmDCT: [0]isDataPossible(default): possible=true isDataAllowed=true apnTypePossible=true apnContextisEnabled=true apnContextState()=CONNECTED
04-13 22:51:21.057  3447  3447 D QtiGsmDCT: [0]get active apn string for type:default
04-13 22:51:21.057  3447  3447 D DCT     : [ApnContext:default] getApnSetting: apnSetting=[ApnSettingV3] Orange Internet, 695, 26003, internetipv6, , , , , , 1, default | dun | hipri | supl, IPV6, IP, true, 0, 0, 1, false, 0, 0, 0, 0, , , 0, , 
04-13 22:51:21.063  1891  1908 D TelephonyRegistry: Notify data connection state changed on sub: 2
04-13 22:51:21.063  1891  1908 D TelephonyRegistry: Notify data connection state changed on sub: 2
04-13 22:51:21.063  1891  1908 D TelephonyRegistry: Notify data connection state changed on sub: 2
04-13 22:51:21.063  1891  1908 D TelephonyRegistry: Notify data connection state changed on sub: 2
04-13 22:51:21.063  1891  1908 D TelephonyRegistry: Notify data connection state changed on sub: 2
04-13 22:51:21.064  1891  1908 D TelephonyRegistry: broadcastPreciseDataConnectionStateChanged():state=2, apnType=default, smCause=(0), reason=null
04-13 22:51:21.068  3447  3447 D QtiGsmDCT: [0]QtiDcTracker handleMessage msg={ when=-74ms what=270377 obj=android.os.AsyncResult@25a2d10 target=com.qti.internal.telephony.dataconnection.QtiDcTracker }
04-13 22:51:21.068  3447  3447 D QtiGsmDCT: [0]handleMessage msg={ when=-74ms what=270377 obj=android.os.AsyncResult@25a2d10 target=com.qti.internal.telephony.dataconnection.QtiDcTracker }
04-13 22:51:21.068  3447  3447 D QtiGsmDCT: [0]onUpdateIcc: newIccRecords com.android.internal.telephony.uicc.SIMRecords
04-13 22:51:21.071  3447  3447 V LG-FASTDORMANCY: [DCH/FACH] FDCount : 0 intent received :android.intent.action.SERVICE_STATE
04-13 22:51:21.071  3447  3447 E PHONE   : ServiceState.getRadioTechnology() DEPRECATED will be removed *******
04-13 22:51:21.071  3447  3447 I LG-FASTDORMANCY: [DCH/FACH] FDCount : 0 Service State is changed : 0 0 voice home data home Orange Orange 26003 Orange Orange 26003  UMTS HSPAP CSS not supported -1 -1 RoamInd=-1 DefRoamInd=-1 EmergOnly=false IsDataRoamingFromRegistration=false mIsVoiceSearching=false mIsDataSearching=false mVoiceNetworkName=null mDataNetworkName=null Check64QAM0 Dual carrier0
04-13 22:51:21.071  3447  3447 I LG-FASTDORMANCY: [DCH/FACH] FDCount : 0 radioTech changed!! currenRT = 15 isChange?? true
04-13 22:51:21.072  3447  5027 D GsmSST  : [GsmSST] getCellLocation(): X good mCellLoc=[57310,46057520,472]
04-13 22:51:21.073  3447  3835 I LG-FASTDORMANCY: [DCH/FACH] FDCount : 0 Radio Tech changed.
04-13 22:51:21.076  3447  3835 D LG-FASTDORMANCY: [DCH/FACH] FDCount : 0 isUMTS(): RadioTech(15)
04-13 22:51:21.078  3447  3493 D QtiGsmDCT: [0]getDataEnabled: getIntWithSubId retVal=true
04-13 22:51:21.081  3447  3447 D QtiGsmDCT: [0]getDataOnRoamingEnabled: phoneSubId=2 isDataRoamingEnabled=false
04-13 22:51:21.082  3447  3447 D QtiGsmDCT: [0]getDataEnabled: getIntWithSubId retVal=true
04-13 22:51:21.095  3447  3447 D RILJ    : [0953]> REQUEST_GET_NEIGHBORING_CELL_IDS [SUB0]
04-13 22:51:21.096   370   667 D RILC    : SOCKET RIL_SOCKET_1 REQUEST: GET_NEIGHBORING_CELL_IDS length:8
04-13 22:51:21.097   370   667 I RILQ    : (0/370):RIL[0][main] qcril_qmi_nas_get_neighboring_cell_ids: completed with 0
04-13 22:51:21.099   370   740 I RILQ    : (0/370):RIL[0][qmi_cb] qcril_qmi_nas_get_neighboring_cells_cb: .. qmi error 0, resultqmi  0, qmi transp_err 0, ril res 0
04-13 22:51:21.100   370   740 D RILC    : RequestComplete, RIL_SOCKET_1
04-13 22:51:21.100   370   740 E RILC    : Send Response to RIL_SOCKET_1
04-13 22:51:21.100   370   740 E RILC    : RIL Response bytes written:4
04-13 22:51:21.100   370   740 E RILC    : RIL Response bytes written:156
04-13 22:51:21.101   370   740 I RILQ    : (0/370):RIL[0][qmi_cb] qcril_qmi_nas_get_neighboring_cells_cb: completed with 0 with 5 entries
04-13 22:51:21.104  3447  3768 D RILJ    : [0953]< REQUEST_GET_NEIGHBORING_CELL_IDS {[[]] [[]] [[]] [[]] [[]] } [SUB0]
04-13 22:51:21.114  3447  5044 D GsmSST  : [GsmSST] SST.getAllCellInfo(): return last, back to back calls
04-13 22:51:21.115  3447  5044 D GsmSST  : [GsmSST] SST.getAllCellInfo(): X size=6 list=[CellInfoWcdma:{mRegistered=YES mTimeStampType=oem_ril mTimeStamp=35132060468908ns CellIdentityWcdma:{ mMcc=260 mMnc=3 mLac=57310 mCid=46057520 mPsc=20} CellSignalStrengthWcdma: ss=13 ber=99}, CellInfoWcdma:{mRegistered=NO mTimeStampType=oem_ril mTimeStamp=35132060468908ns CellIdentityWcdma:{ mMcc=2147483647 mMnc=2147483647 mLac=2147483647 mCid=2147483647 mPsc=294} CellSignalStrengthWcdma: ss=10 ber=99}, CellInfoWcdma:{mRegistered=NO mTimeStampType=oem_ril mTimeStamp=35132060468908ns CellIdentityWcdma:{ mMcc=2147483647 mMnc=2147483647 mLac=2147483647 mCid=2147483647 mPsc=382} CellSignalStrengthWcdma: ss=9 ber=99}, CellInfoWcdma:{mRegistered=NO mTimeStampType=oem_ril mTimeStamp=35132060468908ns CellIdentityWcdma:{ mMcc=2147483647 mMnc=2147483647 mLac=2147483647 mCid=2147483647 mPsc=62} CellSignalStrengthWcdma: ss=9 ber=99}, CellInfoWcdma:{mRegistered=NO mTimeStampType=oem_ril mTimeStamp=35132060468908ns CellIdentityWcdma:{ mMcc=2147483647 mMnc=2147483647 mLac=2147483647 mCid=2147483647 mPsc=223} CellSignalStrengthWcdma: ss=8 ber=99}, CellInfoWcdma:{mRegistered=NO mTimeStampType=oem_ril mTimeStamp=35132060468908ns CellIdentityWcdma:{ mMcc=2147483647 mMnc=2147483647 mLac=2147483647 mCid=2147483647 mPsc=289} CellSignalStrengthWcdma: ss=8 ber=99}]
04-13 22:51:21.126  3447  3493 D GsmSST  : [GsmSST] getCellLocation(): X good mCellLoc=[57310,46057520,472]
04-13 22:51:21.379  3447  3447 D QtiGsmDCT: [0]updateDataActivity: curTxRxSum={txSum=183276 rxSum=223228} preTxRxSum={txSum=183260 rxSum=223212}
04-13 22:51:21.379  3447  3447 D QtiGsmDCT: [0]updateDataActivity: sent=16 received=16
04-13 22:51:21.550  3447  3447 V LG-FASTDORMANCY: [DCH/FACH] FDCount : 0 intent received :com.android.internal.telephony.ACTION_CHECK_NETSTAT
04-13 22:51:21.557  3447  3835 V LG-FASTDORMANCY: [DCH/FACH] FDCount : 0 prev: TxPkts(183260), RxPkts(223212)
04-13 22:51:21.557  3447  3835 V LG-FASTDORMANCY: [DCH/FACH] FDCount : 0 curr: TxPkts(183276), RxPkts(223228)
04-13 22:51:21.559  3447  3835 I LG-FASTDORMANCY: [DCH/FACH] FDCount : 0 Scheduling checkNetStat for 1000msec, current state is [DCH/FACH] FDCount : 0 
04-13 22:51:22.384  3447  3447 D QtiGsmDCT: [0]updateDataActivity: curTxRxSum={txSum=183276 rxSum=223228} preTxRxSum={txSum=183276 rxSum=223228}
04-13 22:51:22.384  3447  3447 D QtiGsmDCT: [0]updateDataActivity: sent=0 received=0
04-13 22:51:22.384  3447  3447 D QtiGsmDCT: [0]updateDataActivity: newActivity=NONE
04-13 22:51:22.408  3447  5126 D QtiGsmDCT: [0]getDataEnabled: getIntWithSubId retVal=true
04-13 22:51:22.564  3447  3447 V LG-FASTDORMANCY: [DCH/FACH] FDCount : 0 intent received :com.android.internal.telephony.ACTION_CHECK_NETSTAT
04-13 22:51:22.571  3447  3835 V LG-FASTDORMANCY: [DCH/FACH] FDCount : 0 prev: TxPkts(183276), RxPkts(223228)
04-13 22:51:22.571  3447  3835 V LG-FASTDORMANCY: [DCH/FACH] FDCount : 0 curr: TxPkts(183276), RxPkts(223228)
04-13 22:51:22.573  3447  3835 I LG-FASTDORMANCY: [DCH/FACH] FDCount : 1 Scheduling checkNetStat for 1000msec, current state is [DCH/FACH] FDCount : 1 
04-13 22:51:23.415  3447  3447 D QtiGsmDCT: [0]updateDataActivity: curTxRxSum={txSum=183276 rxSum=223228} preTxRxSum={txSum=183276 rxSum=223228}
04-13 22:51:23.415  3447  3447 D QtiGsmDCT: [0]updateDataActivity: sent=0 received=0
04-13 22:51:23.577  3447  3447 V LG-FASTDORMANCY: [DCH/FACH] FDCount : 1 intent received :com.android.internal.telephony.ACTION_CHECK_NETSTAT
04-13 22:51:23.584  3447  3835 V LG-FASTDORMANCY: [DCH/FACH] FDCount : 1 prev: TxPkts(183276), RxPkts(223228)
04-13 22:51:23.584  3447  3835 V LG-FASTDORMANCY: [DCH/FACH] FDCount : 1 curr: TxPkts(183276), RxPkts(223228)
04-13 22:51:23.585  3447  3835 I LG-FASTDORMANCY: [DCH/FACH] FDCount : 2 Scheduling checkNetStat for 1000msec, current state is [DCH/FACH] FDCount : 2 
04-13 22:51:24.418  3447  3447 D QtiGsmDCT: [0]updateDataActivity: curTxRxSum={txSum=183276 rxSum=223228} preTxRxSum={txSum=183276 rxSum=223228}
04-13 22:51:24.418  3447  3447 D QtiGsmDCT: [0]updateDataActivity: sent=0 received=0
04-13 22:51:24.592  3447  3447 V LG-FASTDORMANCY: [DCH/FACH] FDCount : 2 intent received :com.android.internal.telephony.ACTION_CHECK_NETSTAT
04-13 22:51:24.601  3447  3835 V LG-FASTDORMANCY: [DCH/FACH] FDCount : 2 prev: TxPkts(183276), RxPkts(223228)
04-13 22:51:24.601  3447  3835 V LG-FASTDORMANCY: [DCH/FACH] FDCount : 2 curr: TxPkts(183276), RxPkts(223228)
04-13 22:51:24.602  3447  3835 I LG-FASTDORMANCY: [DCH/FACH] FDCount : 3 Scheduling checkNetStat for 1000msec, current state is [DCH/FACH] FDCount : 3 
04-13 22:51:25.428  3447  3447 D QtiGsmDCT: [0]updateDataActivity: curTxRxSum={txSum=183276 rxSum=223228} preTxRxSum={txSum=183276 rxSum=223228}
04-13 22:51:25.428  3447  3447 D QtiGsmDCT: [0]updateDataActivity: sent=0 received=0
04-13 22:51:25.615  3447  3447 V LG-FASTDORMANCY: [DCH/FACH] FDCount : 3 intent received :com.android.internal.telephony.ACTION_CHECK_NETSTAT
04-13 22:51:25.619  3447  3835 V LG-FASTDORMANCY: [DCH/FACH] FDCount : 3 prev: TxPkts(183276), RxPkts(223228)
04-13 22:51:25.619  3447  3835 V LG-FASTDORMANCY: [DCH/FACH] FDCount : 3 curr: TxPkts(183276), RxPkts(223228)
04-13 22:51:25.623  3447  3835 I LG-FASTDORMANCY: [DCH/FACH] FDCount : 4 Scheduling checkNetStat for 1000msec, current state is [DCH/FACH] FDCount : 4 
04-13 22:51:26.432  3447  3447 D QtiGsmDCT: [0]updateDataActivity: curTxRxSum={txSum=183276 rxSum=223228} preTxRxSum={txSum=183276 rxSum=223228}
04-13 22:51:26.432  3447  3447 D QtiGsmDCT: [0]updateDataActivity: sent=0 received=0
04-13 22:51:26.631  3447  3447 V LG-FASTDORMANCY: [DCH/FACH] FDCount : 4 intent received :com.android.internal.telephony.ACTION_CHECK_NETSTAT
04-13 22:51:26.637  3447  3835 V LG-FASTDORMANCY: [DCH/FACH] FDCount : 4 prev: TxPkts(183276), RxPkts(223228)
04-13 22:51:26.637  3447  3835 V LG-FASTDORMANCY: [DCH/FACH] FDCount : 4 curr: TxPkts(183276), RxPkts(223228)
04-13 22:51:26.639  3447  3835 I LG-FASTDORMANCY: [DCH/FACH] FDCount : 5 Scheduling checkNetStat for 1000msec, current state is [DCH/FACH] FDCount : 5 
04-13 22:51:27.435  3447  3447 D QtiGsmDCT: [0]updateDataActivity: curTxRxSum={txSum=183276 rxSum=223228} preTxRxSum={txSum=183276 rxSum=223228}
04-13 22:51:27.435  3447  3447 D QtiGsmDCT: [0]updateDataActivity: sent=0 received=0
04-13 22:51:27.644  3447  3447 V LG-FASTDORMANCY: [DCH/FACH] FDCount : 5 intent received :com.android.internal.telephony.ACTION_CHECK_NETSTAT
04-13 22:51:27.648  3447  3835 V LG-FASTDORMANCY: [DCH/FACH] FDCount : 5 prev: TxPkts(183276), RxPkts(223228)
04-13 22:51:27.648  3447  3835 V LG-FASTDORMANCY: [DCH/FACH] FDCount : 5 curr: TxPkts(183276), RxPkts(223228)
04-13 22:51:27.649  3447  3835 I LG-FASTDORMANCY: [DCH/FACH] FDCount : 6 Scheduling checkNetStat for 1000msec, current state is [DCH/FACH] FDCount : 6 
04-13 22:51:28.439  3447  3447 D QtiGsmDCT: [0]updateDataActivity: curTxRxSum={txSum=183276 rxSum=223228} preTxRxSum={txSum=183276 rxSum=223228}
04-13 22:51:28.439  3447  3447 D QtiGsmDCT: [0]updateDataActivity: sent=0 received=0
04-13 22:51:28.652  3447  3447 V LG-FASTDORMANCY: [DCH/FACH] FDCount : 6 intent received :com.android.internal.telephony.ACTION_CHECK_NETSTAT
04-13 22:51:28.659  3447  3835 V LG-FASTDORMANCY: [DCH/FACH] FDCount : 6 prev: TxPkts(183276), RxPkts(223228)
04-13 22:51:28.659  3447  3835 V LG-FASTDORMANCY: [DCH/FACH] FDCount : 6 curr: TxPkts(183276), RxPkts(223228)
04-13 22:51:28.659  3447  3835 I LG-FASTDORMANCY: [DCH/FACH] FDCount : 7 Scheduling checkNetStat for 1000msec, current state is [DCH/FACH] FDCount : 7 
04-13 22:51:29.444  3447  3447 D QtiGsmDCT: [0]updateDataActivity: curTxRxSum={txSum=183276 rxSum=223228} preTxRxSum={txSum=183276 rxSum=223228}
04-13 22:51:29.444  3447  3447 D QtiGsmDCT: [0]updateDataActivity: sent=0 received=0
04-13 22:51:29.664  3447  3447 V LG-FASTDORMANCY: [DCH/FACH] FDCount : 7 intent received :com.android.internal.telephony.ACTION_CHECK_NETSTAT
04-13 22:51:29.677  3447  3835 V LG-FASTDORMANCY: [DCH/FACH] FDCount : 7 prev: TxPkts(183276), RxPkts(223228)
04-13 22:51:29.677  3447  3835 V LG-FASTDORMANCY: [DCH/FACH] FDCount : 7 curr: TxPkts(183276), RxPkts(223228)
04-13 22:51:29.678  3447  3835 I LG-FASTDORMANCY: [DCH/FACH] FDCount : 8 Scheduling checkNetStat for 1000msec, current state is [DCH/FACH] FDCount : 8 
04-13 22:51:30.449  3447  3447 D QtiGsmDCT: [0]updateDataActivity: curTxRxSum={txSum=183276 rxSum=223228} preTxRxSum={txSum=183276 rxSum=223228}
04-13 22:51:30.449  3447  3447 D QtiGsmDCT: [0]updateDataActivity: sent=0 received=0
04-13 22:51:30.682  3447  3447 V LG-FASTDORMANCY: [DCH/FACH] FDCount : 8 intent received :com.android.internal.telephony.ACTION_CHECK_NETSTAT
04-13 22:51:30.687  3447  3835 V LG-FASTDORMANCY: [DCH/FACH] FDCount : 8 prev: TxPkts(183276), RxPkts(223228)
04-13 22:51:30.687  3447  3835 V LG-FASTDORMANCY: [DCH/FACH] FDCount : 8 curr: TxPkts(183276), RxPkts(223228)
04-13 22:51:30.691  3447  3835 I LG-FASTDORMANCY: [DCH/FACH] FDCount : 9 Scheduling checkNetStat for 1000msec, current state is [DCH/FACH] FDCount : 9 
04-13 22:51:31.452  3447  3447 D QtiGsmDCT: [0]updateDataActivity: curTxRxSum={txSum=183276 rxSum=223228} preTxRxSum={txSum=183276 rxSum=223228}
04-13 22:51:31.452  3447  3447 D QtiGsmDCT: [0]updateDataActivity: sent=0 received=0
04-13 22:51:31.695  3447  3447 V LG-FASTDORMANCY: [DCH/FACH] FDCount : 9 intent received :com.android.internal.telephony.ACTION_CHECK_NETSTAT
04-13 22:51:31.698  3447  3835 V LG-FASTDORMANCY: [DCH/FACH] FDCount : 9 prev: TxPkts(183276), RxPkts(223228)
04-13 22:51:31.698  3447  3835 V LG-FASTDORMANCY: [DCH/FACH] FDCount : 9 curr: TxPkts(183276), RxPkts(223228)
04-13 22:51:31.700  3447  3835 I LG-FASTDORMANCY: [DCH/FACH] FDCount : 10 Scheduling checkNetStat for 1000msec, current state is [DCH/FACH] FDCount : 10 
04-13 22:51:32.457  3447  3447 D QtiGsmDCT: [0]updateDataActivity: curTxRxSum={txSum=183276 rxSum=223228} preTxRxSum={txSum=183276 rxSum=223228}
04-13 22:51:32.457  3447  3447 D QtiGsmDCT: [0]updateDataActivity: sent=0 received=0
04-13 22:51:32.703  3447  3447 V LG-FASTDORMANCY: [DCH/FACH] FDCount : 10 intent received :com.android.internal.telephony.ACTION_CHECK_NETSTAT
04-13 22:51:32.707  3447  3835 V LG-FASTDORMANCY: [DCH/FACH] FDCount : 10 prev: TxPkts(183276), RxPkts(223228)
04-13 22:51:32.707  3447  3835 V LG-FASTDORMANCY: [DCH/FACH] FDCount : 10 curr: TxPkts(183276), RxPkts(223228)
04-13 22:51:32.708  3447  3835 V LG-FASTDORMANCY: [DCH/FACH] FDCount : 11 isRetryNeeded(): mRetryCount: 0, MaxRetry: 1
04-13 22:51:32.709  3447  3835 D LG-FASTDORMANCY: [DCH/FACH] FDCount : 11 isUMTS(): RadioTech(15)
04-13 22:51:32.709  3447  3835 D LG-FASTDORMANCY: [DCH/FACH] FDCount : 11 triggerGoDormant() using qcRilGoDormant with GO_DORMANT_INTERFACE_ALL
04-13 22:51:32.712   370  1368 E RILQ    : (0/370): RIL[0][oem_socket0] void qcril_qmi_generic_socket_agent::recv_thread_func(): read 4 bytes length message with length 28
04-13 22:51:32.712   370  1368 E RILQ    : (0/370): RIL[0][oem_socket0] qcril_data_iface_go_dormant:  binding v6 handle to IPV6 family failed rc=-1, qmi_err=0
04-13 22:51:32.718   370  1368 E RILQ    : (0/370): RIL[0][oem_socket0] qcril_data_process_qcrilhook_go_dormant: invalid dev_instance [-1] derived for index [1]
04-13 22:51:32.718   370  1368 E RILQ    : (0/370): RIL[0][oem_socket0] qcril_data_process_qcrilhook_go_dormant: invalid dev_instance [-1] derived for index [2]
04-13 22:51:32.718   370  1368 E RILQ    : (0/370): RIL[0][oem_socket0] qcril_data_process_qcrilhook_go_dormant: invalid dev_instance [-1] derived for index [3]
04-13 22:51:32.718   370  1368 E RILQ    : (0/370): RIL[0][oem_socket0] qcril_data_process_qcrilhook_go_dormant: invalid dev_instance [-1] derived for index [4]
04-13 22:51:32.719   370  1368 E RILQ    : (0/370): RIL[0][oem_socket0] qcril_data_process_qcrilhook_go_dormant: invalid dev_instance [-1] derived for index [5]
04-13 22:51:32.719   370  1368 E RILQ    : (0/370): RIL[0][oem_socket0] qcril_data_process_qcrilhook_go_dormant: invalid dev_instance [-1] derived for index [6]
04-13 22:51:32.719   370  1368 E RILQ    : (0/370): RIL[0][oem_socket0] qcril_data_process_qcrilhook_go_dormant: invalid dev_instance [-1] derived for index [7]
04-13 22:51:32.719   370  1368 E RILQ    : (0/370): RIL[0][oem_socket0] qcril_data_process_qcrilhook_go_dormant: invalid dev_instance [-1] derived for index [8]
04-13 22:51:32.719   370  1368 E RILQ    : (0/370): RIL[0][oem_socket0] qcril_data_process_qcrilhook_go_dormant: invalid dev_instance [-1] derived for index [9]
04-13 22:51:32.719   370  1368 E RILQ    : (0/370): RIL[0][oem_socket0] qcril_data_process_qcrilhook_go_dormant: invalid dev_instance [-1] derived for index [10]
04-13 22:51:32.719   370  1368 E RILQ    : (0/370): RIL[0][oem_socket0] qcril_data_process_qcrilhook_go_dormant: invalid dev_instance [-1] derived for index [11]
04-13 22:51:32.719   370  1368 E RILQ    : (0/370): RIL[0][oem_socket0] qcril_data_process_qcrilhook_go_dormant: invalid dev_instance [-1] derived for index [12]
04-13 22:51:32.719   370  1368 E RILQ    : (0/370): RIL[0][oem_socket0] qcril_data_process_qcrilhook_go_dormant: invalid dev_instance [-1] derived for index [13]
04-13 22:51:32.719   370  1368 E RILQ    : (0/370): RIL[0][oem_socket0] qcril_data_process_qcrilhook_go_dormant: invalid dev_instance [-1] derived for index [14]
04-13 22:51:32.719   370  1368 E RILQ    : (0/370): RIL[0][oem_socket0] qcril_data_process_qcrilhook_go_dormant: invalid dev_instance [-1] derived for index [15]
04-13 22:51:32.719   370  1368 E RILQ    : (0/370): RIL[0][oem_socket0] qcril_data_process_qcrilhook_go_dormant: invalid dev_instance [-1] derived for index [16]
04-13 22:51:32.719   370  1368 E RILQ    : (0/370): RIL[0][oem_socket0] qcril_data_process_qcrilhook_go_dormant: invalid dev_instance [-1] derived for index [17]
04-13 22:51:32.719   370  1368 E RILQ    : (0/370): RIL[0][oem_socket0] qcril_data_process_qcrilhook_go_dormant: invalid dev_instance [-1] derived for index [18]
04-13 22:51:32.719   370  1368 E RILQ    : (0/370): RIL[0][oem_socket0] qcril_data_process_qcrilhook_go_dormant: invalid dev_instance [-1] derived for index [19]
04-13 22:51:32.721  3447  3835 V LG-FASTDORMANCY: [DCH/FACH] FDCount : 0 increaseCount(): mRetryCount: 1
04-13 22:51:32.721  3447  3835 I LG-FASTDORMANCY: [DCH/FACH] FDCount : 0 Scheduling checkNetStat for 1000msec, current state is [DCH/FACH] FDCount : 0 
04-13 22:51:32.838   370   678 I RILC    : RIL_SOCKET_1 UNSOLICITED: RIL_UNSOL_LTE_REJECT_CAUSE length:16
04-13 22:51:32.838   370   678 E RILC    : Send Response to RIL_SOCKET_1
04-13 22:51:32.839   370   678 E RILC    : RIL Response bytes written:4
04-13 22:51:32.839  3447  3768 D RILJ    : [UNSL]< RIL_UNSOL_LTE_REJECT_CAUSE {15} [SUB0]
04-13 22:51:32.839   370   678 E RILC    : RIL Response bytes written:16
04-13 22:51:32.840   370   678 I RILC    : RIL_SOCKET_1 UNSOLICITED: UNSOL_OEM_HOOK_RAW length:32
04-13 22:51:32.840   370   678 E RILC    : Send Response to RIL_SOCKET_1
04-13 22:51:32.840   370   678 E RILC    : RIL Response bytes written:4
04-13 22:51:32.841  3447  3768 V RILJ    : [UNSL]< UNSOL_OEM_HOOK_RAW 514f454d484f4f4bef0308000100000002 [SUB0]
04-13 22:51:32.841  3447  3768 D RILJ    : Oem ID in RIL_UNSOL_OEM_HOOK_RAW is QOEMHOOK
04-13 22:51:32.841  3447  3768 D RILJ    : OEM ID check Passed
04-13 22:51:32.841  3447  3768 D RILJ    : Response ID in RIL_UNSOL_OEM_HOOK_RAW is 525295
04-13 22:51:32.841  3447  3768 D RILJ    : Response ID 525295 is not served in this process.
04-13 22:51:32.841   370   678 E RILC    : RIL Response bytes written:32
04-13 22:51:32.845   370   678 I RILC    : RIL_SOCKET_1 UNSOLICITED: UNSOL_RESPONSE_VOICE_NETWORK_STATE_CHANGED length:8
04-13 22:51:32.845   370   678 E RILC    : Send Response to RIL_SOCKET_1
04-13 22:51:32.845   370   678 E RILC    : RIL Response bytes written:4
04-13 22:51:32.845  3447  3768 D RILJ    : [UNSL]< UNSOL_RESPONSE_VOICE_NETWORK_STATE_CHANGED [SUB0]
04-13 22:51:32.845   370   678 E RILC    : RIL Response bytes written:8
04-13 22:51:32.845  3447  3447 D RILJ    : [0954]> OPERATOR [SUB0]
04-13 22:51:32.847   370   667 D RILC    : SOCKET RIL_SOCKET_1 REQUEST: OPERATOR length:8
04-13 22:51:32.847   370   678 I RILC    : RIL_SOCKET_1 UNSOLICITED: UNSOL_DATA_CALL_LIST_CHANGED length:428
04-13 22:51:32.847   370   678 E RILC    : Send Response to RIL_SOCKET_1
04-13 22:51:32.847   370   678 E RILC    : RIL Response bytes written:4
04-13 22:51:32.847   370   678 E RILC    : RIL Response bytes written:428
04-13 22:51:32.848  3447  3768 D RILJ    : responseDataCallList ver=11 num=1 [SUB0]
04-13 22:51:32.848  3447  3768 D RILJ    : getDataCallResponse before ver=11 [SUB0]
04-13 22:51:32.848  3447  3768 D RILJ    : [UNSL]< UNSOL_DATA_CALL_LIST_CHANGED [DataCallResponse: {version=11 status=0 retry=-1 cid=0 active=1 type=IPV6 ifname=rmnet_data0 mtu=1500 addresses=[2a00:0f41:30c5:feb9:e6db:0f93:92c6:4a88/64] dnses=[2a01:1700:0003:ffff:0000:0000:0000:9822,2a01:1700:0002:ffff:0000:0000:0000:9f01] gateways=[fe80:0000:0000:0000:0167:077c:95a5:9420] pcscf=[]}] [SUB0]
04-13 22:51:32.848  3447  3447 D RILJ    : [0955]> DATA_REGISTRATION_STATE [SUB0]
04-13 22:51:32.848  3447  3835 I LG-FASTDORMANCY: [DCH/FACH] FDCount : 0 Data call list changed.
04-13 22:51:32.848  3447  3835 I LG-FASTDORMANCY: [DCH/FACH] FDCount : 0 [DataCallResponse: {version=11 status=0 retry=-1 cid=0 active=1 type=IPV6 ifname=rmnet_data0 mtu=1500 addresses=[2a00:0f41:30c5:feb9:e6db:0f93:92c6:4a88/64] dnses=[2a01:1700:0003:ffff:0000:0000:0000:9822,2a01:1700:0002:ffff:0000:0000:0000:9f01] gateways=[fe80:0000:0000:0000:0167:077c:95a5:9420] pcscf=[]}]
04-13 22:51:32.848  3447  3835 I LG-FASTDORMANCY: [DCH/FACH] FDCount : 0 prev:[DCH/FACH] FDCount : 0 , curr:true
04-13 22:51:32.849  3447  3834 D QtiGsmDCT: [0]fetchDunApn: Ignore the dun apn in settings.db
04-13 22:51:32.849  3447  3447 D RILJ    : [0956]> VOICE_REGISTRATION_STATE [SUB0]
04-13 22:51:32.849   370   667 D RILC    : SOCKET RIL_SOCKET_1 REQUEST: DATA_REGISTRATION_STATE length:8
04-13 22:51:32.850  3447  3447 D RILJ    : [0957]> QUERY_NETWORK_SELECTION_MODE [SUB0]
04-13 22:51:32.851  3447  3447 D QtiGsmDCT: [0]QtiDcTracker handleMessage msg={ when=-3ms what=270340 obj=android.os.AsyncResult@4804009 target=com.qti.internal.telephony.dataconnection.QtiDcTracker }
04-13 22:51:32.851  3447  3447 D QtiGsmDCT: [0]handleMessage msg={ when=-3ms what=270340 obj=android.os.AsyncResult@4804009 target=com.qti.internal.telephony.dataconnection.QtiDcTracker }
04-13 22:51:32.851  3447  3447 E DATA    : Unidentified event msg={ when=-3ms what=270340 obj=android.os.AsyncResult@4804009 target=com.qti.internal.telephony.dataconnection.QtiDcTracker }
04-13 22:51:32.852  3447  3835 D LG-FASTDORMANCY: [DCH/FACH] FDCount : 0 isUMTS(): RadioTech(15)
04-13 22:51:32.852  3447  3835 D LG-FASTDORMANCY: [DCH/FACH] FDCount : 0 Exit from DCH or FACH State
04-13 22:51:32.853  3447  3835 D LG-FASTDORMANCY: [IDLE] Enter to IDLE State
04-13 22:51:32.853   370   667 D RILC    : SOCKET RIL_SOCKET_1 REQUEST: VOICE_REGISTRATION_STATE length:8
04-13 22:51:32.854   370   667 D RILC    : SOCKET RIL_SOCKET_1 REQUEST: QUERY_NETWORK_SELECTION_MODE length:8
04-13 22:51:32.856  3447  3835 D LG-FASTDORMANCY: [IDLE] isUMTS(): RadioTech(15)
04-13 22:51:32.857  3447  3835 D LG-FASTDORMANCY: [IDLE] resetAll()
04-13 22:51:32.860  3447  3835 V LG-FASTDORMANCY: [IDLE] prev: TxPkts(183276), RxPkts(223228)
04-13 22:51:32.860  3447  3835 V LG-FASTDORMANCY: [IDLE] curr: TxPkts(183276), RxPkts(223228)
04-13 22:51:32.860  3447  3835 V LG-FASTDORMANCY: [IDLE] resetCount(): mRetryCount: 0
04-13 22:51:32.862   370 13672 D RILC    : RequestComplete, RIL_SOCKET_1
04-13 22:51:32.862   370 13672 E RILC    : Send Response to RIL_SOCKET_1
04-13 22:51:32.862   370 13672 E RILC    : RIL Response bytes written:4
04-13 22:51:32.862   370 13672 E RILC    : RIL Response bytes written:20
04-13 22:51:32.863  3447  3768 D RILJ    : [0957]< QUERY_NETWORK_SELECTION_MODE {0} [SUB0]
04-13 22:51:32.864   370 13669 D RILC    : RequestComplete, RIL_SOCKET_1
04-13 22:51:32.864   370 13669 E RILC    : Send Response to RIL_SOCKET_1
04-13 22:51:32.864   370 13669 E RILC    : RIL Response bytes written:4
04-13 22:51:32.864   370 13669 E RILC    : RIL Response bytes written:72
04-13 22:51:32.864  3447  3768 D RILJ    : [0954]< OPERATOR {Orange, Orange, 26003} [SUB0]
04-13 22:51:32.866   370 13671 D RILC    : RequestComplete, RIL_SOCKET_1
04-13 22:51:32.866   370 13671 E RILC    : Send Response to RIL_SOCKET_1
04-13 22:51:32.867   370 13671 E RILC    : RIL Response bytes written:4
04-13 22:51:32.867   370 13671 E RILC    : RIL Response bytes written:136
04-13 22:51:32.867  3447  3768 D RILJ    : [0956]< VOICE_REGISTRATION_STATE {1, dfde, 02bec830, 3, null, null, null, 0, null, null, 1, null, null, 0, 1d8} [SUB0]
04-13 22:51:32.867  3447  3447 D PHONE   : [ServiceState] setVoiceRegState=0
04-13 22:51:32.867  3447  3447 E PHONE   : [ServiceState] setState deprecated use setVoiceRegState()
04-13 22:51:32.868  3447  3447 D GsmSST  : [GsmSST] LOGRadioInfo : In Service
04-13 22:51:32.870   370 13670 D RILC    : RequestComplete, RIL_SOCKET_1
04-13 22:51:32.870   370 13670 E RILC    : Send Response to RIL_SOCKET_1
04-13 22:51:32.870   370 13670 E RILC    : RIL Response bytes written:4
04-13 22:51:32.871  3447  3768 D RILJ    : [0955]< DATA_REGISTRATION_STATE {1, dfde, 02bec830, 15, null, 20, null, null, null, null, null, 0} [SUB0]
04-13 22:51:32.871  3447  3447 D GsmSST  : isSFROperators result = false
04-13 22:51:32.871   370 13670 E RILC    : RIL Response bytes written:120
04-13 22:51:32.871  3447  3447 D PHONE   : [ServiceState] setDataRegState=0
04-13 22:51:32.871  3447  3447 D PHONE   : [ServiceState] setDataRadioTechnology=15
04-13 22:51:32.871  3447  3447 D GsmSST  : [GsmSST] LOGRadioInfo : In Service
04-13 22:51:32.871  3447  3447 D GsmSST  : [GsmSST] handlPollStateResultMessage: GsmSST setDataRegState=0 regState=1 dataRadioTechnology=15
04-13 22:51:32.873  3447  3447 D GsmSST  : [GsmSST] Poll ServiceState done:  oldSS=[0 0 voice home data home Orange Orange 26003 Orange Orange 26003  UMTS HSPAP CSS not supported -1 -1 RoamInd=-1 DefRoamInd=-1 EmergOnly=false IsDataRoamingFromRegistration=false mIsVoiceSearching=false mIsDataSearching=false mVoiceNetworkName=null mDataNetworkName=null Check64QAM0 Dual carrier0] newSS=[0 0 voice home data home Orange Orange 26003 Orange Orange 26003  UMTS HSPAP CSS not supported -1 -1 RoamInd=-1 DefRoamInd=-1 EmergOnly=false IsDataRoamingFromRegistration=false mIsVoiceSearching=false mIsDataSearching=false mVoiceNetworkName=null mDataNetworkName=null Check64QAM0 Dual carrier0] oldMaxDataCalls=20 mNewMaxDataCalls=20 oldReasonDataDenied=-1 mNewReasonDataDenied=-1
04-13 22:51:32.874  3447  3447 D PHONE   : [ServiceState] setNullState=1
04-13 22:51:32.880  3447  3834 D QtiGsmDCT: [0]fetchDunApn: config_tether_apndata dunSetting=null
04-13 22:51:32.880  3447  3834 D DC-1    : isInternetRequested = true
04-13 22:51:32.881  3447  3834 D Dcc     : onDataStateChanged: dcsList=[DataCallResponse: {version=11 status=0 retry=-1 cid=0 active=1 type=IPV6 ifname=rmnet_data0 mtu=1500 addresses=[2a00:0f41:30c5:feb9:e6db:0f93:92c6:4a88/64] dnses=[2a01:1700:0003:ffff:0000:0000:0000:9822,2a01:1700:0002:ffff:0000:0000:0000:9f01] gateways=[fe80:0000:0000:0000:0167:077c:95a5:9420] pcscf=[]}] mDcListActiveByCid={0={DC-1: State=DcActiveState mApnSetting=[ApnSettingV3] Orange Internet, 695, 26003, internetipv6, , , , , , 1, default | dun | hipri | supl, IPV6, IP, true, 0, 0, 1, false, 0, 0, 0, 0, , , 0, ,  RefCount=1 mCid=0 mCreateTime=-1 mLastastFailTime=-1 mLastFailCause=NONE mTag=6 mRetryManager=RetryManager: { forever=false maxRetry=10 curMaxRetry=0 retry=0 config={default_randomization=2000,5000,10000,20000,40000,80000:5000,160000:5000,320000:5000,640000:5000,1280000:5000,1800000:5000} retryArray={5000:2000 10000:2000 20000:2000 40000:2000 80000:5000 160000:5000 320000:5000 640000:5000 1280000:5000 1800000:5000 }} mLinkProperties={InterfaceName: rmnet_data0 LinkAddresses: [2a00:f41:30c5:feb9:e6db:f93:92c6:4a88/64,]  Routes: [::/0 -> fe80::167:77c:95a5:9420 rmnet_data0,] DnsAddresses: [2a01:1700:3:ffff::9822,2a01:1700:2:ffff::9f01,] Domains: null MTU: 1500 TcpBufferSizes: 122334,734003,3461120,32040,192239,3461120} linkCapabilities=[ Transports: CELLULAR Capabilities: SUPL&DUN&INTERNET&NOT_RESTRICTED&TRUSTED&NOT_VPN LinkUpBandwidth>=11264Kbps LinkDnBandwidth>=43008Kbps Specifier: <2>] mApnContexts=[{mApnType=default mState=CONNECTED mWaitingApns={[[ApnSettingV3] Orange Internet, 695, 26003, internetipv6, , , , , , 1, default | dun | hipri | supl, IPV6, IP, true, 0, 0, 1, false, 0, 0, 0, 0, , , 0, , ]} mWaitingApnsPermanentFailureCountDown=1 mApnSetting={[ApnSettingV3] Orange Internet, 695, 26003, internetipv6, , , , , , 1, default | dun | hipri | supl, IPV6, IP, true, 0, 0, 1, false, 0, 0, 0, 0, , , 0, , } mReason=connected mDataEnabled=true mDependencyMet=true}]}}
04-13 22:51:32.881  3447  3834 D Dcc     : onDataStateChanged: dcsToRetry=[]
04-13 22:51:32.881  3447  3834 D Dcc     : onDataStateChanged: Found ConnId=0 newState=DataCallResponse: {version=11 status=0 retry=-1 cid=0 active=1 type=IPV6 ifname=rmnet_data0 mtu=1500 addresses=[2a00:0f41:30c5:feb9:e6db:0f93:92c6:4a88/64] dnses=[2a01:1700:0003:ffff:0000:0000:0000:9822,2a01:1700:0002:ffff:0000:0000:0000:9f01] gateways=[fe80:0000:0000:0000:0167:077c:95a5:9420] pcscf=[]}
04-13 22:51:32.881  3447  3834 D DataCallResponse: addr/pl=2a00:0f41:30c5:feb9:e6db:0f93:92c6:4a88/64
04-13 22:51:32.881  3447  3834 D DC-1    : MTU set by call response to: 1500
04-13 22:51:32.881  3447  3834 D Dcc     : onDataStateChanged: no change
04-13 22:51:32.881  3447  3834 D Dcc     : onDataStateChanged: Data Activity updated to DORMANT. stopNetStatePoll
04-13 22:51:32.881  3447  3834 D Dcc     : onDataStateChanged: Skip stopNetStatPoll
04-13 22:51:32.881  3447  3834 D Dcc     : onDataStateChanged: dcsToRetry=[] apnsToCleanup=[]
04-13 22:51:32.881  3447  3834 D Dcc     : onDataStateChanged: X
04-13 22:51:33.117   370   678 I RILC    : RIL_SOCKET_1 UNSOLICITED: RIL_UNSOL_LTE_REJECT_CAUSE length:16
04-13 22:51:33.118   370   678 E RILC    : Send Response to RIL_SOCKET_1
04-13 22:51:33.118   370   678 E RILC    : RIL Response bytes written:4
04-13 22:51:33.118  3447  3768 D RILJ    : [UNSL]< RIL_UNSOL_LTE_REJECT_CAUSE {15} [SUB0]
04-13 22:51:33.118   370   678 E RILC    : RIL Response bytes written:16
04-13 22:51:33.121   370   678 I RILC    : RIL_SOCKET_1 UNSOLICITED: UNSOL_OEM_HOOK_RAW length:32
04-13 22:51:33.121   370   678 E RILC    : Send Response to RIL_SOCKET_1
04-13 22:51:33.121   370   678 E RILC    : RIL Response bytes written:4
04-13 22:51:33.121  3447  3768 V RILJ    : [UNSL]< UNSOL_OEM_HOOK_RAW 514f454d484f4f4bef0308000100000002 [SUB0]
04-13 22:51:33.121  3447  3768 D RILJ    : Oem ID in RIL_UNSOL_OEM_HOOK_RAW is QOEMHOOK
04-13 22:51:33.121  3447  3768 D RILJ    : OEM ID check Passed
04-13 22:51:33.121  3447  3768 D RILJ    : Response ID in RIL_UNSOL_OEM_HOOK_RAW is 525295
04-13 22:51:33.121  3447  3768 D RILJ    : Response ID 525295 is not served in this process.
04-13 22:51:33.121   370   678 E RILC    : RIL Response bytes written:32
04-13 22:51:33.126   370   678 I RILC    : RIL_SOCKET_1 UNSOLICITED: UNSOL_RESPONSE_VOICE_NETWORK_STATE_CHANGED length:8
04-13 22:51:33.126   370   678 E RILC    : Send Response to RIL_SOCKET_1
04-13 22:51:33.126   370   678 E RILC    : RIL Response bytes written:4
04-13 22:51:33.127  3447  3768 D RILJ    : [UNSL]< UNSOL_RESPONSE_VOICE_NETWORK_STATE_CHANGED [SUB0]
04-13 22:51:33.127   370   678 E RILC    : RIL Response bytes written:8
04-13 22:51:33.128  3447  3447 D RILJ    : [0958]> OPERATOR [SUB0]
04-13 22:51:33.129   370   678 I RILQ    : (0/370):RIL[0][event] qcril_arb_set_dsd_sys_status: old_pref_data 1 - new_data_pref 1
04-13 22:51:33.129   370   678 I RILQ    : (0/370):RIL[0][event] qcril_arb_set_dsd_sys_status: preferred dsd_sys_status nw=0x0, rat_value=0x1, so_mask=0x0000000000000007
04-13 22:51:33.129   370   678 I RILQ    : (0/370):RIL[0][event] qcril_arb_set_dsd_sys_status: preferred 1 - dsd_sys_status nw=0x0, rat_value=0x1, so_mask=0x0000000000000007
04-13 22:51:33.129   370   678 I RILQ    : (0/370):RIL[0][event] qcril_arb_set_dsd_sys_status: is_wwan_available 0
04-13 22:51:33.129   370   678 I RILC    : RIL_SOCKET_1 UNSOLICITED: UNSOL_OEM_HOOK_RAW length:32
04-13 22:51:33.129   370   678 E RILC    : Send Response to RIL_SOCKET_1
04-13 22:51:33.130   370   678 E RILC    : RIL Response bytes written:4
04-13 22:51:33.130  3447  3768 V RILJ    : [UNSL]< UNSOL_OEM_HOOK_RAW 514f454d484f4f4bfa0308000100000000 [SUB0]
04-13 22:51:33.130  3447  3768 D RILJ    : Oem ID in RIL_UNSOL_OEM_HOOK_RAW is QOEMHOOK
04-13 22:51:33.130  3447  3768 D RILJ    : OEM ID check Passed
04-13 22:51:33.130  3447  3768 D RILJ    : Response ID in RIL_UNSOL_OEM_HOOK_RAW is 525306
04-13 22:51:33.130  3447  3768 D RILJ    : WWAN, IWLAN coexistence notified to registrants
04-13 22:51:33.130  3447  3447 D RILJ    : [0959]> DATA_REGISTRATION_STATE [SUB0]
04-13 22:51:33.130   370   678 E RILC    : RIL Response bytes written:32
04-13 22:51:33.133   370   667 D RILC    : SOCKET RIL_SOCKET_1 REQUEST: OPERATOR length:8
04-13 22:51:33.133  3447  3447 D RILJ    : [0960]> VOICE_REGISTRATION_STATE [SUB0]
04-13 22:51:33.136   370   678 I RILC    : RIL_SOCKET_1 UNSOLICITED: RIL_UNSOL_LTE_REJECT_CAUSE length:16
04-13 22:51:33.136   370   678 E RILC    : Send Response to RIL_SOCKET_1
04-13 22:51:33.137   370   678 E RILC    : RIL Response bytes written:4
04-13 22:51:33.137   370   678 E RILC    : RIL Response bytes written:16
04-13 22:51:33.138   370   667 D RILC    : SOCKET RIL_SOCKET_1 REQUEST: DATA_REGISTRATION_STATE length:8
04-13 22:51:33.138  3447  3768 D RILJ    : [UNSL]< RIL_UNSOL_LTE_REJECT_CAUSE {15} [SUB0]
04-13 22:51:33.139  3447  3447 D RILJ    : [0961]> QUERY_NETWORK_SELECTION_MODE [SUB0]
04-13 22:51:33.141   370   678 I RILC    : RIL_SOCKET_1 UNSOLICITED: UNSOL_RESPONSE_VOICE_NETWORK_STATE_CHANGED length:8
04-13 22:51:33.141   370   678 E RILC    : Send Response to RIL_SOCKET_1
04-13 22:51:33.141   370   678 E RILC    : RIL Response bytes written:4
04-13 22:51:33.141   370   678 E RILC    : RIL Response bytes written:8
04-13 22:51:33.142  3447  3768 D RILJ    : [UNSL]< UNSOL_RESPONSE_VOICE_NETWORK_STATE_CHANGED [SUB0]
04-13 22:51:33.142  3447  3447 D RILJ    : [0962]> OPERATOR [SUB0]
04-13 22:51:33.147   370   667 D RILC    : SOCKET RIL_SOCKET_1 REQUEST: VOICE_REGISTRATION_STATE length:8
04-13 22:51:33.148  3447  3447 D RILJ    : [0963]> DATA_REGISTRATION_STATE [SUB0]
04-13 22:51:33.148   370   667 D RILC    : SOCKET RIL_SOCKET_1 REQUEST: QUERY_NETWORK_SELECTION_MODE length:8
04-13 22:51:33.149   370   667 D RILC    : SOCKET RIL_SOCKET_1 REQUEST: OPERATOR length:8
04-13 22:51:33.150  3447  3447 D RILJ    : [0964]> VOICE_REGISTRATION_STATE [SUB0]
04-13 22:51:33.150   370   667 D RILC    : SOCKET RIL_SOCKET_1 REQUEST: DATA_REGISTRATION_STATE length:8
04-13 22:51:33.151  3447  3447 D RILJ    : [0965]> QUERY_NETWORK_SELECTION_MODE [SUB0]
04-13 22:51:33.153   370 13676 D RILC    : RequestComplete, RIL_SOCKET_1
04-13 22:51:33.153   370 13676 E RILC    : Send Response to RIL_SOCKET_1
04-13 22:51:33.153   370 13676 E RILC    : RIL Response bytes written:4
04-13 22:51:33.153   370 13676 E RILC    : RIL Response bytes written:72
04-13 22:51:33.153   370 13676 D RILC    : RequestComplete, RIL_SOCKET_1
04-13 22:51:33.154   370 13676 E RILC    : Send Response to RIL_SOCKET_1
04-13 22:51:33.154   370 13676 E RILC    : RIL Response bytes written:4
04-13 22:51:33.154   370 13676 E RILC    : RIL Response bytes written:72
04-13 22:51:33.154  3447  3768 D RILJ    : [0958]< OPERATOR {Orange, Orange, 26003} [SUB0]
04-13 22:51:33.154  3447  3768 D RILJ    : [0962]< OPERATOR {Orange, Orange, 26003} [SUB0]
04-13 22:51:33.161   370   667 D RILC    : SOCKET RIL_SOCKET_1 REQUEST: VOICE_REGISTRATION_STATE length:8
04-13 22:51:33.161   370   667 D RILC    : SOCKET RIL_SOCKET_1 REQUEST: QUERY_NETWORK_SELECTION_MODE length:8
04-13 22:51:33.162   370 13680 D RILC    : RequestComplete, RIL_SOCKET_1
04-13 22:51:33.163   370 13680 E RILC    : Send Response to RIL_SOCKET_1
04-13 22:51:33.163   370 13680 E RILC    : RIL Response bytes written:4
04-13 22:51:33.163   370 13680 E RILC    : RIL Response bytes written:20
04-13 22:51:33.163  3447  3768 D RILJ    : [0961]< QUERY_NETWORK_SELECTION_MODE {0} [SUB0]
04-13 22:51:33.165   370 13680 D RILC    : RequestComplete, RIL_SOCKET_1
04-13 22:51:33.165   370 13680 E RILC    : Send Response to RIL_SOCKET_1
04-13 22:51:33.165   370 13680 E RILC    : RIL Response bytes written:4
04-13 22:51:33.165   370 13680 E RILC    : RIL Response bytes written:20
04-13 22:51:33.166  3447  3768 D RILJ    : [0965]< QUERY_NETWORK_SELECTION_MODE {0} [SUB0]
04-13 22:51:33.166   370 13677 D RILC    : RequestComplete, RIL_SOCKET_1
04-13 22:51:33.166   370 13677 E RILC    : Send Response to RIL_SOCKET_1
04-13 22:51:33.166   370 13677 E RILC    : RIL Response bytes written:4
04-13 22:51:33.166   370 13677 E RILC    : RIL Response bytes written:120
04-13 22:51:33.166   370 13677 D RILC    : RequestComplete, RIL_SOCKET_1
04-13 22:51:33.166   370 13677 E RILC    : Send Response to RIL_SOCKET_1
04-13 22:51:33.166   370 13677 E RILC    : RIL Response bytes written:4
04-13 22:51:33.166  3447  3768 D RILJ    : [0959]< DATA_REGISTRATION_STATE {1, dfde, 02bec830, 11, null, 20, null, null, null, null, null, 0} [SUB0]
04-13 22:51:33.166   370 13677 E RILC    : RIL Response bytes written:120
04-13 22:51:33.167  3447  3768 D RILJ    : [0963]< DATA_REGISTRATION_STATE {1, dfde, 02bec830, 11, null, 20, null, null, null, null, null, 0} [SUB0]
04-13 22:51:33.167  3447  3447 D GsmSST  : isSFROperators result = false
04-13 22:51:33.167  3447  3447 D PHONE   : [ServiceState] setDataRegState=0
04-13 22:51:33.167  3447  3447 D PHONE   : [ServiceState] setDataRadioTechnology=11
04-13 22:51:33.167  3447  3447 D GsmSST  : [GsmSST] LOGRadioInfo : In Service
04-13 22:51:33.167  3447  3447 D GsmSST  : [GsmSST] handlPollStateResultMessage: GsmSST setDataRegState=0 regState=1 dataRadioTechnology=11
04-13 22:51:33.168   370 13679 D RILC    : RequestComplete, RIL_SOCKET_1
04-13 22:51:33.168   370 13679 E RILC    : Send Response to RIL_SOCKET_1
04-13 22:51:33.168   370 13679 E RILC    : RIL Response bytes written:4
04-13 22:51:33.169  3447  3768 D RILJ    : [0960]< VOICE_REGISTRATION_STATE {1, dfde, 02bec830, 3, null, null, null, 0, null, null, 1, null, null, 0, 1d8} [SUB0]
04-13 22:51:33.169   370 13679 E RILC    : RIL Response bytes written:136
04-13 22:51:33.169   370 13679 D RILC    : RequestComplete, RIL_SOCKET_1
04-13 22:51:33.169   370 13679 E RILC    : Send Response to RIL_SOCKET_1
04-13 22:51:33.169   370 13679 E RILC    : RIL Response bytes written:4
04-13 22:51:33.169  3447  3768 D RILJ    : [0964]< VOICE_REGISTRATION_STATE {1, dfde, 02bec830, 3, null, null, null, 0, null, null, 1, null, null, 0, 1d8} [SUB0]
04-13 22:51:33.170   370 13679 E RILC    : RIL Response bytes written:136
04-13 22:51:33.170  3447  3447 D PHONE   : [ServiceState] setVoiceRegState=0
04-13 22:51:33.170  3447  3447 E PHONE   : [ServiceState] setState deprecated use setVoiceRegState()
04-13 22:51:33.170  3447  3447 D GsmSST  : [GsmSST] LOGRadioInfo : In Service
04-13 22:51:33.178  3447  3447 D GsmSST  : [GsmSST] Poll ServiceState done:  oldSS=[0 0 voice home data home Orange Orange 26003 Orange Orange 26003  UMTS HSPAP CSS not supported -1 -1 RoamInd=-1 DefRoamInd=-1 EmergOnly=false IsDataRoamingFromRegistration=false mIsVoiceSearching=false mIsDataSearching=false mVoiceNetworkName=null mDataNetworkName=null Check64QAM0 Dual carrier0] newSS=[0 0 voice home data home Orange Orange 26003 Orange Orange 26003  UMTS HSPA CSS not supported -1 -1 RoamInd=-1 DefRoamInd=-1 EmergOnly=false IsDataRoamingFromRegistration=false mIsVoiceSearching=false mIsDataSearching=false mVoiceNetworkName=null mDataNetworkName=null Check64QAM0 Dual carrier0] oldMaxDataCalls=20 mNewMaxDataCalls=20 oldReasonDataDenied=-1 mNewReasonDataDenied=-1
04-13 22:51:33.178  3447  3447 D PHONE   : [ServiceState] setNullState=1
04-13 22:51:33.178  3447  3447 D TelephonyManager: setTelephonyProperty: success phoneId=0 property=gsm.network.type value: UMTS propVal=UMTS
04-13 22:51:33.180  3447  3447 D SIMRecords: [SIMRecords] getServiceProviderName: no brandOverride
04-13 22:51:33.180  3447  3447 D SIMRecords: [SIMRecords] getServiceProviderName: providerName=Orange
04-13 22:51:33.180  3447  3447 D SIMRecords: [SIMRecords] getServiceProviderName: no brandOverride
04-13 22:51:33.180  3447  3447 D SIMRecords: [SIMRecords] getServiceProviderName: providerName=Orange
04-13 22:51:33.180  3447  3447 D GSMPhoneEx: grandblue SpnMvno = Orange operator = 26003 simMcc  = 260 simMnc  = 03
04-13 22:51:33.180  3447  3447 D GSMPhoneEx: grandblue after SpnMvno = Orange operator = 26003 simMcc  = 260 simMnc  = 03
04-13 22:51:33.181  3447  3447 D TelephonyManager: setTelephonyProperty: success phoneId=0 property=gsm.operator.alpha value: Orange propVal=Orange
04-13 22:51:33.182  3447  3447 D TelephonyManager: setTelephonyProperty: success phoneId=0 property=gsm.operator.numeric value: 26003 propVal=26003
04-13 22:51:33.183  3447  3447 D TelephonyManager: setTelephonyProperty: success phoneId=0 property=gsm.operator.iso-country value: pl propVal=pl
04-13 22:51:33.184  3447  3447 D GsmSST  : [GsmSST] shouldFixTimeZoneNow: retVal=false iccCardExist=true operatorNumeric=26003 mcc=260 prevOperatorNumeric=26003 prevMcc=260 needToFixTimeZone=false ltod=04-13 22:51:33.183
04-13 22:51:33.184  3447  3447 D TelephonyManager: setTelephonyProperty: success phoneId=0 property=gsm.operator.isroaming value: false propVal=false
04-13 22:51:33.185  3447  3447 D TelephonyManager: setTelephonyProperty: success phoneId=0 property=ril.cdma.voiceinservice value: true propVal=true
