04-13 22:50:42.576  3447  3834 D Dcc     : onDataStateChanged: dcsList=[DataCallResponse: {version=11 status=0 retry=-1 cid=0 active=2 type=IPV6 ifname=rmnet_data0 mtu=1500 addresses=[2a00:0f41:30c5:feb9:e6db:0f93:92c6:4a88/64] dnses=[2a01:1700:0003:ffff:0000:0000:0000:9822,2a01:1700:0002:ffff:0000:0000:0000:9f01] gateways=[fe80:0000:0000:0000:0167:077c:95a5:9420] pcscf=[]}] mDcListActiveByCid={0={DC-1: State=DcActiveState mApnSetting=[ApnSettingV3] Orange Internet, 695, 26003, internetipv6, , , , , , 1, default | dun | hipri | supl, IPV6, IP, true, 0, 0, 1, false, 0, 0, 0, 0, , , 0, ,  RefCount=1 mCid=0 mCreateTime=-1 mLastastFailTime=-1 mLastFailCause=NONE mTag=6 mRetryManager=RetryManager: { forever=false maxRetry=10 curMaxRetry=0 retry=0 config={default_randomization=2000,5000,10000,20000,40000,80000:5000,160000:5000,320000:5000,640000:5000,1280000:5000,1800000:5000} retryArray={5000:2000 10000:2000 20000:2000 40000:2000 80000:5000 160000:5000 320000:5000 640000:5000 1280000:5000 1800000:5000 }} mLinkProperties={InterfaceName: rmnet_data0 LinkAddresses: [2a00:f41:30c5:feb9:e6db:f93:92c6:4a88/64,]  Routes: [::/0 -> fe80::167:77c:95a5:9420 rmnet_data0,] DnsAddresses: [2a01:1700:3:ffff::9822,2a01:1700:2:ffff::9f01,] Domains: null MTU: 1500 TcpBufferSizes: 40778,244668,3461120,16777,140625,3461120} linkCapabilities=[ Transports: CELLULAR Capabilities: SUPL&DUN&INTERNET&NOT_RESTRICTED&TRUSTED&NOT_VPN LinkUpBandwidth>=5898Kbps LinkDnBandwidth>=14336Kbps Specifier: <2>] mApnContexts=[{mApnType=default mState=CONNECTED mWaitingApns={[[ApnSettingV3] Orange Internet, 695, 26003, internetipv6, , , , , , 1, default | dun | hipri | supl, IPV6, IP, true, 0, 0, 1, false, 0, 0, 0, 0, , , 0, , ]} mWaitingApnsPermanentFailureCountDown=1 mApnSetting={[ApnSettingV3] Orange Internet, 695, 26003, internetipv6, , , , , , 1, default | dun | hipri | supl, IPV6, IP, true, 0, 0, 1, false, 0, 0, 0, 0, , , 0, , } mReason=connected mDataEnabled=true mDependencyMet=true}]}}
04-13 22:50:42.576  3447  3834 D Dcc     : onDataStateChanged: dcsToRetry=[]
04-13 22:50:42.576  3447  3834 D Dcc     : onDataStateChanged: Found ConnId=0 newState=DataCallResponse: {version=11 status=0 retry=-1 cid=0 active=2 type=IPV6 ifname=rmnet_data0 mtu=1500 addresses=[2a00:0f41:30c5:feb9:e6db:0f93:92c6:4a88/64] dnses=[2a01:1700:0003:ffff:0000:0000:0000:9822,2a01:1700:0002:ffff:0000:0000:0000:9f01] gateways=[fe80:0000:0000:0000:0167:077c:95a5:9420] pcscf=[]}
04-13 22:50:42.576  3447  3834 D DataCallResponse: addr/pl=2a00:0f41:30c5:feb9:e6db:0f93:92c6:4a88/64
04-13 22:50:42.577  3447  3834 D DC-1    : MTU set by call response to: 1500
04-13 22:50:42.577  3447  3447 D TelephonyManager: setTelephonyProperty: success phoneId=0 property=gsm.operator.iso-country value: pl propVal=pl
04-13 22:50:42.577  3447  3834 D Dcc     : onDataStateChanged: no change
04-13 22:50:42.577  3447  3834 D Dcc     : onDataStateChanged: Data Activity updated to NONE. isAnyDataCallActive = true isAnyDataCallDormant = false
04-13 22:50:42.577  3447  3834 D Dcc     : onDataStateChanged: Skip startNetStatPoll
04-13 22:50:42.577  3447  3834 D Dcc     : onDataStateChanged: dcsToRetry=[] apnsToCleanup=[]
04-13 22:50:42.577  3447  3834 D Dcc     : onDataStateChanged: X
04-13 22:50:42.577  3447  3447 D GsmSST  : [GsmSST] shouldFixTimeZoneNow: retVal=false iccCardExist=true operatorNumeric=26003 mcc=260 prevOperatorNumeric=26003 prevMcc=260 needToFixTimeZone=false ltod=04-13 22:50:42.577
04-13 22:50:42.577  3447  3447 D TelephonyManager: setTelephonyProperty: success phoneId=0 property=gsm.operator.isroaming value: false propVal=false
04-13 22:50:42.578  3447  3447 D TelephonyManager: setTelephonyProperty: success phoneId=0 property=ril.cdma.voiceinservice value: true propVal=true
04-13 22:50:42.579  3447  3447 D GsmSST  : [GsmSST] Broadcasting ServiceState : 0 0 voice home data home Orange Orange 26003 Orange Orange 26003  UMTS HSPAP CSS not supported -1 -1 RoamInd=-1 DefRoamInd=-1 EmergOnly=false IsDataRoamingFromRegistration=false mIsVoiceSearching=false mIsDataSearching=false mVoiceNetworkName=null mDataNetworkName=null Check64QAM0 Dual carrier0
04-13 22:50:42.579  3447  3447 D DefaultPhoneNotifier: nofityServiceState: mRegistry=com.android.internal.telephony.ITelephonyRegistry$Stub$Proxy@ced2ad0 ss=0 0 voice home data home Orange Orange 26003 Orange Orange 26003  UMTS HSPAP CSS not supported -1 -1 RoamInd=-1 DefRoamInd=-1 EmergOnly=false IsDataRoamingFromRegistration=false mIsVoiceSearching=false mIsDataSearching=false mVoiceNetworkName=null mDataNetworkName=null Check64QAM0 Dual carrier0 sender=Handler (com.qti.internal.telephony.gsm.QtiGSMPhone) {560d91e} phondId=0 subId=2
04-13 22:50:42.586  1891  2889 D SubscriptionManager: getSimStateForSubscriber: simState=5 slotIdx=0
04-13 22:50:42.587  3447  3447 D GsmSST  : [GsmSST] notifyDataRegStateRilRadioTechnologyChanged: drs=0 rat=15
04-13 22:50:42.587  3447  3447 D TelephonyManager: setTelephonyProperty: success phoneId=0 property=gsm.network.type value: HSPAP propVal=HSPAP
04-13 22:50:42.588  3447  3447 D QtiGsmDCT: [0]get all active apn types
04-13 22:50:42.588  3447  3834 D DC-1    : DcActiveState not handled msg.what=EVENT_DATA_CONNECTION_DRS_OR_RAT_CHANGED
04-13 22:50:42.588  3447  3834 D DC-1    : DcDefault msg=EVENT_DATA_CONNECTION_DRS_OR_RAT_CHANGED RefCount=1
04-13 22:50:42.589  3447  3834 D DC-1    : DcDefaultState: EVENT_DATA_CONNECTION_DRS_OR_RAT_CHANGED drs=0 mRilRat=15
04-13 22:50:42.589  3447  3834 D QtiGsmDCT: [0]fetchDunApn: Ignore the dun apn in settings.db
04-13 22:50:42.589  3447  3447 D QtiGsmDCT: [0]return link properites for default
04-13 22:50:42.594  3447  5126 D QtiGsmDCT: [0]getDataEnabled: getIntWithSubId retVal=true
04-13 22:50:42.624  3447  3834 D QtiGsmDCT: [0]fetchDunApn: config_tether_apndata dunSetting=null
04-13 22:50:42.624  3447  3834 D DC-1    : isInternetRequested = true
04-13 22:50:42.625  3447  3834 D DC-1    : DcActiveState not handled msg.what=REQ_GET_LINK_PROPERTIES
04-13 22:50:42.626  3447  3834 D DC-1    : DcDefault msg=REQ_GET_LINK_PROPERTIES RefCount=1
04-13 22:50:42.626  3447  3834 D DC-1    : REQ_GET_LINK_PROPERTIES linkProperties{InterfaceName: rmnet_data0 LinkAddresses: [2a00:f41:30c5:feb9:e6db:f93:92c6:4a88/64,]  Routes: [::/0 -> fe80::167:77c:95a5:9420 rmnet_data0,] DnsAddresses: [2a01:1700:3:ffff::9822,2a01:1700:2:ffff::9f01,] Domains: null MTU: 1500 TcpBufferSizes: 122334,734003,3461120,32040,192239,3461120}
04-13 22:50:42.626  3447  3447 D QtiGsmDCT: [0]get active pdp is not null, return NetworkCapabilities for default
04-13 22:50:42.627  3447  3834 D DC-1    : DcActiveState not handled msg.what=REQ_GET_NETWORK_CAPABILITIES
04-13 22:50:42.627  3447  3834 D DC-1    : DcDefault msg=REQ_GET_NETWORK_CAPABILITIES RefCount=1
04-13 22:50:42.627  3447  3834 D QtiGsmDCT: [0]fetchDunApn: Ignore the dun apn in settings.db
04-13 22:50:42.684  3447  3834 D QtiGsmDCT: [0]fetchDunApn: config_tether_apndata dunSetting=null
04-13 22:50:42.684  3447  3834 D DC-1    : isInternetRequested = true
04-13 22:50:42.684  3447  3834 D DC-1    : REQ_GET_NETWORK_CAPABILITIES networkCapabilities[ Transports: CELLULAR Capabilities: SUPL&DUN&INTERNET&NOT_RESTRICTED&TRUSTED&NOT_VPN LinkUpBandwidth>=11264Kbps LinkDnBandwidth>=43008Kbps Specifier: <2>]
04-13 22:50:42.686  3447  3447 D QtiGsmDCT: [0]isDataPossible(default): possible=true isDataAllowed=true apnTypePossible=true apnContextisEnabled=true apnContextState()=CONNECTED
04-13 22:50:42.686  3447  3447 D QtiGsmDCT: [0]get active apn string for type:default
04-13 22:50:42.686  3447  3447 D DCT     : [ApnContext:default] getApnSetting: apnSetting=[ApnSettingV3] Orange Internet, 695, 26003, internetipv6, , , , , , 1, default | dun | hipri | supl, IPV6, IP, true, 0, 0, 1, false, 0, 0, 0, 0, , , 0, , 
04-13 22:50:42.688  1891  2889 D TelephonyRegistry: Notify data connection state changed on sub: 2
04-13 22:50:42.688  1891  2889 D TelephonyRegistry: Notify data connection state changed on sub: 2
04-13 22:50:42.689  1891  2889 D TelephonyRegistry: Notify data connection state changed on sub: 2
04-13 22:50:42.689  1891  2889 D TelephonyRegistry: Notify data connection state changed on sub: 2
04-13 22:50:42.689  1891  2889 D TelephonyRegistry: Notify data connection state changed on sub: 2
04-13 22:50:42.689  1891  2889 D TelephonyRegistry: broadcastPreciseDataConnectionStateChanged():state=2, apnType=default, smCause=(0), reason=null
04-13 22:50:42.692  3447  3447 D QtiGsmDCT: [0]QtiDcTracker handleMessage msg={ when=-104ms what=270377 obj=android.os.AsyncResult@99c1bc2 target=com.qti.internal.telephony.dataconnection.QtiDcTracker }
04-13 22:50:42.692  3447  3447 D QtiGsmDCT: [0]handleMessage msg={ when=-105ms what=270377 obj=android.os.AsyncResult@99c1bc2 target=com.qti.internal.telephony.dataconnection.QtiDcTracker }
04-13 22:50:42.693  3447  3447 D QtiGsmDCT: [0]onUpdateIcc: newIccRecords com.android.internal.telephony.uicc.SIMRecords
04-13 22:50:42.695  3447  3447 V LG-FASTDORMANCY: [DCH/FACH] FDCount : 0 intent received :android.intent.action.SERVICE_STATE
04-13 22:50:42.695  3447  3447 E PHONE   : ServiceState.getRadioTechnology() DEPRECATED will be removed *******
04-13 22:50:42.695  3447  3447 I LG-FASTDORMANCY: [DCH/FACH] FDCount : 0 Service State is changed : 0 0 voice home data home Orange Orange 26003 Orange Orange 26003  UMTS HSPAP CSS not supported -1 -1 RoamInd=-1 DefRoamInd=-1 EmergOnly=false IsDataRoamingFromRegistration=false mIsVoiceSearching=false mIsDataSearching=false mVoiceNetworkName=null mDataNetworkName=null Check64QAM0 Dual carrier0
04-13 22:50:42.695  3447  3447 I LG-FASTDORMANCY: [DCH/FACH] FDCount : 0 radioTech changed!! currenRT = 15 isChange?? true
04-13 22:50:42.696  3447  3835 I LG-FASTDORMANCY: [DCH/FACH] FDCount : 0 Radio Tech changed.
04-13 22:50:42.698  3447  3835 D LG-FASTDORMANCY: [DCH/FACH] FDCount : 0 isUMTS(): RadioTech(15)
04-13 22:50:42.704  3447  5133 D GsmSST  : [GsmSST] getCellLocation(): X good mCellLoc=[57310,46018119,20]
04-13 22:50:42.716  3447  3493 D QtiGsmDCT: [0]getDataEnabled: getIntWithSubId retVal=true
04-13 22:50:42.718  3447  3447 D QtiGsmDCT: [0]getDataOnRoamingEnabled: phoneSubId=2 isDataRoamingEnabled=false
04-13 22:50:42.718  3447  3447 D QtiGsmDCT: [0]getDataEnabled: getIntWithSubId retVal=true
04-13 22:50:42.724  3447  3447 D RILJ    : [0921]> REQUEST_GET_NEIGHBORING_CELL_IDS [SUB0]
04-13 22:50:42.725   370   667 D RILC    : SOCKET RIL_SOCKET_1 REQUEST: GET_NEIGHBORING_CELL_IDS length:8
04-13 22:50:42.726   370   667 I RILQ    : (0/370):RIL[0][main] qcril_qmi_nas_get_neighboring_cell_ids: completed with 0
04-13 22:50:42.729   370   740 I RILQ    : (0/370):RIL[0][qmi_cb] qcril_qmi_nas_get_neighboring_cells_cb: .. qmi error 0, resultqmi  0, qmi transp_err 0, ril res 0
04-13 22:50:42.730   370   740 D RILC    : RequestComplete, RIL_SOCKET_1
04-13 22:50:42.730   370   740 E RILC    : Send Response to RIL_SOCKET_1
04-13 22:50:42.730   370   740 E RILC    : RIL Response bytes written:4
04-13 22:50:42.730   370   740 E RILC    : RIL Response bytes written:184
04-13 22:50:42.730   370   740 I RILQ    : (0/370):RIL[0][qmi_cb] qcril_qmi_nas_get_neighboring_cells_cb: completed with 0 with 6 entries
04-13 22:50:42.731  3447  3768 D RILJ    : [0921]< REQUEST_GET_NEIGHBORING_CELL_IDS {[[]] [[]] [[]] [[]] [[]] [[]] } [SUB0]
04-13 22:50:42.734  3447  3493 D RILJ    : [0922]> RIL_REQUEST_GET_CELL_INFO_LIST [SUB0]
04-13 22:50:42.736   370   667 D RILC    : SOCKET RIL_SOCKET_1 REQUEST: GET_CELL_INFO_LIST length:8
04-13 22:50:42.739   370 13377 D RILC    : RequestComplete, RIL_SOCKET_1
04-13 22:50:42.739   370 13377 E RILC    : Send Response to RIL_SOCKET_1
04-13 22:50:42.739   370 13377 E RILC    : RIL Response bytes written:4
04-13 22:50:42.739  3447  3768 D RILJ    : [0922]< RIL_REQUEST_GET_CELL_INFO_LIST [CellInfoWcdma:{mRegistered=YES mTimeStampType=oem_ril mTimeStamp=35094465853922ns CellIdentityWcdma:{ mMcc=260 mMnc=3 mLac=57310 mCid=46018119 mPsc=20} CellSignalStrengthWcdma: ss=2 ber=99}, CellInfoWcdma:{mRegistered=NO mTimeStampType=oem_ril mTimeStamp=35094465853922ns CellIdentityWcdma:{ mMcc=2147483647 mMnc=2147483647 mLac=2147483647 mCid=2147483647 mPsc=296} CellSignalStrengthWcdma: ss=12 ber=99}, CellInfoWcdma:{mRegistered=NO mTimeStampType=oem_ril mTimeStamp=35094465853922ns CellIdentityWcdma:{ mMcc=2147483647 mMnc=2147483647 mLac=2147483647 mCid=2147483647 mPsc=382} CellSignalStrengthWcdma: ss=10 ber=99}, CellInfoWcdma:{mRegistered=NO mTimeStampType=oem_ril mTimeStamp=35094465853922ns CellIdentityWcdma:{ mMcc=2147483647 mMnc=2147483647 mLac=2147483647 mCid=2147483647 mPsc=223} CellSignalStrengthWcdma: ss=9 ber=99}, CellInfoWcdma:{mRegistered=NO mTimeStampType=oem_ril mTimeStamp=35094465853922ns CellIdentityWcdma:{ mMcc=2147483647 mMnc=2147483647 mLac=2147483647 mCid=2147483647 mPsc=294} CellSignalStrengthWcdma: ss=7 ber=99}, CellInfoWcdma:{mRegistered=NO mTimeStampType=oem_ril mTimeStamp=35094465853922ns CellIdentityWcdma:{ mMcc=2147483647 mMnc=2147483647 mLac=2147483647 mCid=2147483647 mPsc=20} CellSignalStrengthWcdma: ss=11 ber=99}, CellInfoWcdma:{mRegistered=NO mTimeStampType=oem_ril mTimeStamp=35094465853922ns CellIdentityWcdma:{ mMcc=2147483647 mMnc=2147483647 mLac=2147483647 mCid=2147483647 mPsc=20} CellSignalStrengthWcdma: ss=11 ber=99}] [SUB0]
04-13 22:50:42.740   370 13377 E RILC    : RIL Response bytes written:352
04-13 22:50:42.741  3447  3493 D GsmSST  : [GsmSST] SST.getAllCellInfo(): X size=7 list=[CellInfoWcdma:{mRegistered=YES mTimeStampType=oem_ril mTimeStamp=35094465853922ns CellIdentityWcdma:{ mMcc=260 mMnc=3 mLac=57310 mCid=46018119 mPsc=20} CellSignalStrengthWcdma: ss=2 ber=99}, CellInfoWcdma:{mRegistered=NO mTimeStampType=oem_ril mTimeStamp=35094465853922ns CellIdentityWcdma:{ mMcc=2147483647 mMnc=2147483647 mLac=2147483647 mCid=2147483647 mPsc=296} CellSignalStrengthWcdma: ss=12 ber=99}, CellInfoWcdma:{mRegistered=NO mTimeStampType=oem_ril mTimeStamp=35094465853922ns CellIdentityWcdma:{ mMcc=2147483647 mMnc=2147483647 mLac=2147483647 mCid=2147483647 mPsc=382} CellSignalStrengthWcdma: ss=10 ber=99}, CellInfoWcdma:{mRegistered=NO mTimeStampType=oem_ril mTimeStamp=35094465853922ns CellIdentityWcdma:{ mMcc=2147483647 mMnc=2147483647 mLac=2147483647 mCid=2147483647 mPsc=223} CellSignalStrengthWcdma: ss=9 ber=99}, CellInfoWcdma:{mRegistered=NO mTimeStampType=oem_ril mTimeStamp=35094465853922ns CellIdentityWcdma:{ mMcc=2147483647 mMnc=2147483647 mLac=2147483647 mCid=2147483647 mPsc=294} CellSignalStrengthWcdma: ss=7 ber=99}, CellInfoWcdma:{mRegistered=NO mTimeStampType=oem_ril mTimeStamp=35094465853922ns CellIdentityWcdma:{ mMcc=2147483647 mMnc=2147483647 mLac=2147483647 mCid=2147483647 mPsc=20} CellSignalStrengthWcdma: ss=11 ber=99}, CellInfoWcdma:{mRegistered=NO mTimeStampType=oem_ril mTimeStamp=35094465853922ns CellIdentityWcdma:{ mMcc=2147483647 mMnc=2147483647 mLac=2147483647 mCid=2147483647 mPsc=20} CellSignalStrengthWcdma: ss=11 ber=99}]
04-13 22:50:42.743  3447  3867 D GsmSST  : [GsmSST] getCellLocation(): X good mCellLoc=[57310,46018119,20]
04-13 22:50:43.550  3447  3447 V LG-FASTDORMANCY: [DCH/FACH] FDCount : 0 intent received :com.android.internal.telephony.ACTION_CHECK_NETSTAT
04-13 22:50:43.555  3447  3835 V LG-FASTDORMANCY: [DCH/FACH] FDCount : 0 prev: TxPkts(182178), RxPkts(222049)
04-13 22:50:43.555  3447  3835 V LG-FASTDORMANCY: [DCH/FACH] FDCount : 0 curr: TxPkts(182180), RxPkts(222051)
04-13 22:50:43.555  3447  3835 I LG-FASTDORMANCY: [DCH/FACH] FDCount : 0 Scheduling checkNetStat for 1000msec, current state is [DCH/FACH] FDCount : 0 
04-13 22:50:43.740   370   678 I RILC    : RIL_SOCKET_1 UNSOLICITED: UNSOL_SIGNAL_STRENGTH length:68
04-13 22:50:43.740   370   678 E RILC    : Send Response to RIL_SOCKET_1
04-13 22:50:43.740   370   678 E RILC    : RIL Response bytes written:4
04-13 22:50:43.740   370   678 E RILC    : RIL Response bytes written:68
04-13 22:50:43.741  3447  3447 D GsmSST  : [GsmSST] ServiceStateTrackerEx:onSignalStrengthResult() isGsm=true DataRadioTech=15
04-13 22:50:43.741  3447  3447 W LGSignalStrength: setDataRadioTechnology: dataRadioTechnology = 15
04-13 22:50:43.741  3447  3447 D DefaultPhoneNotifier: notifySignalStrength: mRegistry=com.android.internal.telephony.ITelephonyRegistry$Stub$Proxy@ced2ad0 ss=SignalStrength: 13 0 -88 -90 -120 -1 -1 99 2147483647 2147483647 2147483647 2147483647 2147483647 gsm|lte 15 0 -88 -90 sender=Handler (com.qti.internal.telephony.gsm.QtiGSMPhone) {560d91e}
04-13 22:50:43.758  3447  5044 D QtiGsmDCT: [0]getDataEnabled: getIntWithSubId retVal=true
04-13 22:50:44.558  3447  3447 V LG-FASTDORMANCY: [DCH/FACH] FDCount : 0 intent received :com.android.internal.telephony.ACTION_CHECK_NETSTAT
04-13 22:50:44.563  3447  3835 V LG-FASTDORMANCY: [DCH/FACH] FDCount : 0 prev: TxPkts(182180), RxPkts(222051)
04-13 22:50:44.563  3447  3835 V LG-FASTDORMANCY: [DCH/FACH] FDCount : 0 curr: TxPkts(182180), RxPkts(222051)
04-13 22:50:44.564  3447  3835 I LG-FASTDORMANCY: [DCH/FACH] FDCount : 1 Scheduling checkNetStat for 1000msec, current state is [DCH/FACH] FDCount : 1 
04-13 22:50:44.789  3447  3447 D RILJ    : defaultDisplayState: 2 [SUB0]
04-13 22:50:45.153  3447  3447 D QtiGsmDCT: [0]onReceive: action=android.intent.action.SCREEN_ON
04-13 22:50:45.153  3447  3447 D QtiGsmDCT: [0]stopNetStatPoll
04-13 22:50:45.155  3447  3447 D QtiGsmDCT: [0]overall state is CONNECTED
04-13 22:50:45.156  3447  3447 D QtiGsmDCT: [0]startNetStatPoll
04-13 22:50:45.159  3447  3447 D QtiGsmDCT: [0]updateDataActivity: curTxRxSum={txSum=182180 rxSum=222051} preTxRxSum={txSum=-1 rxSum=-1}
04-13 22:50:45.165  3447  3447 D QtiGsmDCT: [0]overall state is CONNECTED
04-13 22:50:45.168  3447  3447 V LG-FASTDORMANCY: [DCH/FACH] FDCount : 1 intent received :android.intent.action.SCREEN_ON
04-13 22:50:45.184  3447  3447 D LGSTK   : StkAppService: StkAppService onStart 
04-13 22:50:45.184  3447  3447 D LGSTK   : StkAppService: onStart sim id: 0, op: 13, *****
04-13 22:50:45.185  3447  4543 D LGSTK   : StkAppService$ServiceHandler: handleMessage opcode[13], sim id[0]
04-13 22:50:45.189  3447  4543 D LGSTK   : StkAppService: nameOfLauncherPkg : com.lge.launcher2
04-13 22:50:45.193  3447  4543 D LGSTK   : StkAppService: Top currentPackageName : com.lge.launcher2
04-13 22:50:45.193  3447  4543 D LGSTK   : StkAppService: Need to send IDLE SCREEN Available event to SIM
04-13 22:50:45.193  3447  4543 D LGSTK   : StkAppService: Event :5
04-13 22:50:45.193  3447  4543 E LGSTK   : StkAppService: SetupEventList is not received. Ignoring the event: 5
04-13 22:50:45.567  3447  3447 V LG-FASTDORMANCY: [DCH/FACH] FDCount : 1 intent received :com.android.internal.telephony.ACTION_CHECK_NETSTAT
04-13 22:50:45.570  3447  3835 V LG-FASTDORMANCY: [DCH/FACH] FDCount : 1 prev: TxPkts(182180), RxPkts(222051)
04-13 22:50:45.570  3447  3835 V LG-FASTDORMANCY: [DCH/FACH] FDCount : 1 curr: TxPkts(182180), RxPkts(222051)
04-13 22:50:45.571  3447  3835 I LG-FASTDORMANCY: [DCH/FACH] FDCount : 2 Scheduling checkNetStat for 1000msec, current state is [DCH/FACH] FDCount : 2 
04-13 22:50:46.162  3447  3447 D QtiGsmDCT: [0]updateDataActivity: curTxRxSum={txSum=182180 rxSum=222051} preTxRxSum={txSum=182180 rxSum=222051}
04-13 22:50:46.162  3447  3447 D QtiGsmDCT: [0]updateDataActivity: sent=0 received=0
04-13 22:50:46.573  3447  3447 V LG-FASTDORMANCY: [DCH/FACH] FDCount : 2 intent received :com.android.internal.telephony.ACTION_CHECK_NETSTAT
04-13 22:50:46.579  3447  3835 V LG-FASTDORMANCY: [DCH/FACH] FDCount : 2 prev: TxPkts(182180), RxPkts(222051)
04-13 22:50:46.579  3447  3835 V LG-FASTDORMANCY: [DCH/FACH] FDCount : 2 curr: TxPkts(182180), RxPkts(222051)
04-13 22:50:46.579  3447  3835 I LG-FASTDORMANCY: [DCH/FACH] FDCount : 3 Scheduling checkNetStat for 1000msec, current state is [DCH/FACH] FDCount : 3 
04-13 22:50:46.742   370   678 I RILC    : RIL_SOCKET_1 UNSOLICITED: UNSOL_SIGNAL_STRENGTH length:68
04-13 22:50:46.743   370   678 E RILC    : Send Response to RIL_SOCKET_1
04-13 22:50:46.743   370   678 E RILC    : RIL Response bytes written:4
04-13 22:50:46.743   370   678 E RILC    : RIL Response bytes written:68
04-13 22:50:46.744  3447  3447 D GsmSST  : [GsmSST] ServiceStateTrackerEx:onSignalStrengthResult() isGsm=true DataRadioTech=15
04-13 22:50:46.744  3447  3447 W LGSignalStrength: setDataRadioTechnology: dataRadioTechnology = 15
04-13 22:50:46.744  3447  3447 D DefaultPhoneNotifier: notifySignalStrength: mRegistry=com.android.internal.telephony.ITelephonyRegistry$Stub$Proxy@ced2ad0 ss=SignalStrength: 12 0 -89 -90 -120 -1 -1 99 2147483647 2147483647 2147483647 2147483647 2147483647 gsm|lte 15 0 -89 -90 sender=Handler (com.qti.internal.telephony.gsm.QtiGSMPhone) {560d91e}
04-13 22:50:46.765  3447  3493 D QtiGsmDCT: [0]getDataEnabled: getIntWithSubId retVal=true
04-13 22:50:47.114 13399 13399 D SubscriptionManager: SubscriptionManager created
04-13 22:50:47.126 13399 13399 D LGUICC  : [LGUiccManager] getProperty: not ready: key=gid1, slot=0
04-13 22:50:47.126 13399 13399 D LGUICC  : [LGUiccManager] getProperty: traceCaller: com.lge.appbox.util.SDKReflector.getGid(SDKReflector.java:226)
04-13 22:50:47.167  3447  3447 D QtiGsmDCT: [0]updateDataActivity: curTxRxSum={txSum=182181 rxSum=222052} preTxRxSum={txSum=182180 rxSum=222051}
04-13 22:50:47.167  3447  3447 D QtiGsmDCT: [0]updateDataActivity: sent=1 received=1
04-13 22:50:47.167  3447  3447 D QtiGsmDCT: [0]updateDataActivity: newActivity=DATAINANDOUT
04-13 22:50:47.179  3447  5027 D QtiGsmDCT: [0]getDataEnabled: getIntWithSubId retVal=true
04-13 22:50:47.584  3447  3447 V LG-FASTDORMANCY: [DCH/FACH] FDCount : 3 intent received :com.android.internal.telephony.ACTION_CHECK_NETSTAT
04-13 22:50:47.588  3447  3835 V LG-FASTDORMANCY: [DCH/FACH] FDCount : 3 prev: TxPkts(182180), RxPkts(222051)
04-13 22:50:47.588  3447  3835 V LG-FASTDORMANCY: [DCH/FACH] FDCount : 3 curr: TxPkts(182182), RxPkts(222053)
04-13 22:50:47.588  3447  3835 I LG-FASTDORMANCY: [DCH/FACH] FDCount : 0 Scheduling checkNetStat for 1000msec, current state is [DCH/FACH] FDCount : 0 
04-13 22:50:48.041  9170 13431 D SubscriptionManager: SubscriptionManager created
04-13 22:50:48.178  3447  3447 D QtiGsmDCT: [0]updateDataActivity: curTxRxSum={txSum=182182 rxSum=222053} preTxRxSum={txSum=182181 rxSum=222052}
04-13 22:50:48.178  3447  3447 D QtiGsmDCT: [0]updateDataActivity: sent=1 received=1
04-13 22:50:48.614  3447  3447 V LG-FASTDORMANCY: [DCH/FACH] FDCount : 0 intent received :com.android.internal.telephony.ACTION_CHECK_NETSTAT
04-13 22:50:48.621  3447  3835 V LG-FASTDORMANCY: [DCH/FACH] FDCount : 0 prev: TxPkts(182182), RxPkts(222053)
04-13 22:50:48.621  3447  3835 V LG-FASTDORMANCY: [DCH/FACH] FDCount : 0 curr: TxPkts(182202), RxPkts(222073)
04-13 22:50:48.621  3447  3835 I LG-FASTDORMANCY: [DCH/FACH] FDCount : 0 Scheduling checkNetStat for 1000msec, current state is [DCH/FACH] FDCount : 0 
04-13 22:50:49.181  3447  3447 D QtiGsmDCT: [0]updateDataActivity: curTxRxSum={txSum=182204 rxSum=222077} preTxRxSum={txSum=182182 rxSum=222053}
04-13 22:50:49.181  3447  3447 D QtiGsmDCT: [0]updateDataActivity: sent=22 received=24
04-13 22:50:49.625  3447  3447 V LG-FASTDORMANCY: [DCH/FACH] FDCount : 0 intent received :com.android.internal.telephony.ACTION_CHECK_NETSTAT
04-13 22:50:49.630  3447  3835 V LG-FASTDORMANCY: [DCH/FACH] FDCount : 0 prev: TxPkts(182202), RxPkts(222073)
04-13 22:50:49.630  3447  3835 V LG-FASTDORMANCY: [DCH/FACH] FDCount : 0 curr: TxPkts(182204), RxPkts(222077)
04-13 22:50:49.631  3447  3835 I LG-FASTDORMANCY: [DCH/FACH] FDCount : 0 Scheduling checkNetStat for 1000msec, current state is [DCH/FACH] FDCount : 0 
04-13 22:50:49.744   370   678 I RILC    : RIL_SOCKET_1 UNSOLICITED: UNSOL_SIGNAL_STRENGTH length:68
04-13 22:50:49.745   370   678 E RILC    : Send Response to RIL_SOCKET_1
04-13 22:50:49.745   370   678 E RILC    : RIL Response bytes written:4
04-13 22:50:49.745   370   678 E RILC    : RIL Response bytes written:68
04-13 22:50:49.747  3447  3447 D GsmSST  : [GsmSST] ServiceStateTrackerEx:onSignalStrengthResult() isGsm=true DataRadioTech=15
04-13 22:50:49.747  3447  3447 W LGSignalStrength: setDataRadioTechnology: dataRadioTechnology = 15
04-13 22:50:49.747  3447  3447 D DefaultPhoneNotifier: notifySignalStrength: mRegistry=com.android.internal.telephony.ITelephonyRegistry$Stub$Proxy@ced2ad0 ss=SignalStrength: 13 0 -87 -55 -120 -1 -1 99 2147483647 2147483647 2147483647 2147483647 2147483647 gsm|lte 15 0 -87 -55 sender=Handler (com.qti.internal.telephony.gsm.QtiGSMPhone) {560d91e}
04-13 22:50:49.763  3447  5027 D QtiGsmDCT: [0]getDataEnabled: getIntWithSubId retVal=true
04-13 22:50:50.189  3447  3447 D QtiGsmDCT: [0]updateDataActivity: curTxRxSum={txSum=182209 rxSum=222082} preTxRxSum={txSum=182204 rxSum=222077}
04-13 22:50:50.189  3447  3447 D QtiGsmDCT: [0]updateDataActivity: sent=5 received=5
04-13 22:50:50.570 13399 13399 D LGUICC  : [LGUiccManager] getProperty: not ready: key=gid1, slot=0
04-13 22:50:50.571 13399 13399 D LGUICC  : [LGUiccManager] getProperty: traceCaller: com.lge.appbox.util.SDKReflector.getGid(SDKReflector.java:226)
04-13 22:50:50.642  3447  3447 V LG-FASTDORMANCY: [DCH/FACH] FDCount : 0 intent received :com.android.internal.telephony.ACTION_CHECK_NETSTAT
04-13 22:50:50.660  3447  3835 V LG-FASTDORMANCY: [DCH/FACH] FDCount : 0 prev: TxPkts(182204), RxPkts(222077)
04-13 22:50:50.661  3447  3835 V LG-FASTDORMANCY: [DCH/FACH] FDCount : 0 curr: TxPkts(182209), RxPkts(222082)
04-13 22:50:50.662  3447  3835 I LG-FASTDORMANCY: [DCH/FACH] FDCount : 0 Scheduling checkNetStat for 1000msec, current state is [DCH/FACH] FDCount : 0 
04-13 22:50:51.193  3447  3447 D QtiGsmDCT: [0]updateDataActivity: curTxRxSum={txSum=182209 rxSum=222082} preTxRxSum={txSum=182209 rxSum=222082}
04-13 22:50:51.193  3447  3447 D QtiGsmDCT: [0]updateDataActivity: sent=0 received=0
04-13 22:50:51.193  3447  3447 D QtiGsmDCT: [0]updateDataActivity: newActivity=NONE
04-13 22:50:51.201  3447  5044 D QtiGsmDCT: [0]getDataEnabled: getIntWithSubId retVal=true
04-13 22:50:51.665  3447  3447 V LG-FASTDORMANCY: [DCH/FACH] FDCount : 0 intent received :com.android.internal.telephony.ACTION_CHECK_NETSTAT
04-13 22:50:51.670  3447  3835 V LG-FASTDORMANCY: [DCH/FACH] FDCount : 0 prev: TxPkts(182209), RxPkts(222082)
04-13 22:50:51.670  3447  3835 V LG-FASTDORMANCY: [DCH/FACH] FDCount : 0 curr: TxPkts(182209), RxPkts(222082)
04-13 22:50:51.671  3447  3835 I LG-FASTDORMANCY: [DCH/FACH] FDCount : 1 Scheduling checkNetStat for 1000msec, current state is [DCH/FACH] FDCount : 1 
04-13 22:50:52.201  3447  3447 D QtiGsmDCT: [0]updateDataActivity: curTxRxSum={txSum=182209 rxSum=222082} preTxRxSum={txSum=182209 rxSum=222082}
04-13 22:50:52.201  3447  3447 D QtiGsmDCT: [0]updateDataActivity: sent=0 received=0
04-13 22:50:52.676  3447  3447 V LG-FASTDORMANCY: [DCH/FACH] FDCount : 1 intent received :com.android.internal.telephony.ACTION_CHECK_NETSTAT
04-13 22:50:52.680  3447  3835 V LG-FASTDORMANCY: [DCH/FACH] FDCount : 1 prev: TxPkts(182209), RxPkts(222082)
04-13 22:50:52.680  3447  3835 V LG-FASTDORMANCY: [DCH/FACH] FDCount : 1 curr: TxPkts(182209), RxPkts(222082)
04-13 22:50:52.681  3447  3835 I LG-FASTDORMANCY: [DCH/FACH] FDCount : 2 Scheduling checkNetStat for 1000msec, current state is [DCH/FACH] FDCount : 2 
04-13 22:50:53.205  3447  3447 D QtiGsmDCT: [0]updateDataActivity: curTxRxSum={txSum=182209 rxSum=222082} preTxRxSum={txSum=182209 rxSum=222082}
04-13 22:50:53.205  3447  3447 D QtiGsmDCT: [0]updateDataActivity: sent=0 received=0
04-13 22:50:53.585 13477 13477 D SubscriptionManager: SubscriptionManager created
04-13 22:50:53.684  3447  3447 V LG-FASTDORMANCY: [DCH/FACH] FDCount : 2 intent received :com.android.internal.telephony.ACTION_CHECK_NETSTAT
04-13 22:50:53.688  3447  3835 V LG-FASTDORMANCY: [DCH/FACH] FDCount : 2 prev: TxPkts(182209), RxPkts(222082)
04-13 22:50:53.688  3447  3835 V LG-FASTDORMANCY: [DCH/FACH] FDCount : 2 curr: TxPkts(182213), RxPkts(222084)
04-13 22:50:53.688  3447  3835 I LG-FASTDORMANCY: [DCH/FACH] FDCount : 0 Scheduling checkNetStat for 1000msec, current state is [DCH/FACH] FDCount : 0 
04-13 22:50:54.207  3447  3447 D QtiGsmDCT: [0]updateDataActivity: curTxRxSum={txSum=182353 rxSum=222208} preTxRxSum={txSum=182209 rxSum=222082}
04-13 22:50:54.207  3447  3447 D QtiGsmDCT: [0]updateDataActivity: sent=144 received=126
04-13 22:50:54.207  3447  3447 D QtiGsmDCT: [0]updateDataActivity: newActivity=DATAINANDOUT
04-13 22:50:54.215  3447  3493 D QtiGsmDCT: [0]getDataEnabled: getIntWithSubId retVal=true
04-13 22:50:55.212  3447  3447 D QtiGsmDCT: [0]updateDataActivity: curTxRxSum={txSum=182453 rxSum=222318} preTxRxSum={txSum=182353 rxSum=222208}
04-13 22:50:55.212  3447  3447 D QtiGsmDCT: [0]updateDataActivity: sent=100 received=110
04-13 22:50:56.216  3447  3447 D QtiGsmDCT: [0]updateDataActivity: curTxRxSum={txSum=182453 rxSum=222318} preTxRxSum={txSum=182453 rxSum=222318}
04-13 22:50:56.216  3447  3447 D QtiGsmDCT: [0]updateDataActivity: sent=0 received=0
04-13 22:50:56.216  3447  3447 D QtiGsmDCT: [0]updateDataActivity: newActivity=NONE
04-13 22:50:56.226  3447  5126 D QtiGsmDCT: [0]getDataEnabled: getIntWithSubId retVal=true
04-13 22:50:56.247  3447  3447 V LG-FASTDORMANCY: [DCH/FACH] FDCount : 0 intent received :com.android.internal.telephony.ACTION_CHECK_NETSTAT
04-13 22:50:56.253  3447  3835 V LG-FASTDORMANCY: [DCH/FACH] FDCount : 0 prev: TxPkts(182213), RxPkts(222084)
04-13 22:50:56.253  3447  3835 V LG-FASTDORMANCY: [DCH/FACH] FDCount : 0 curr: TxPkts(182459), RxPkts(222320)
04-13 22:50:56.255  3447  3835 I LG-FASTDORMANCY: [DCH/FACH] FDCount : 0 Scheduling checkNetStat for 1000msec, current state is [DCH/FACH] FDCount : 0 
04-13 22:50:57.223  3447  3447 D QtiGsmDCT: [0]updateDataActivity: curTxRxSum={txSum=182733 rxSum=222586} preTxRxSum={txSum=182453 rxSum=222318}
04-13 22:50:57.223  3447  3447 D QtiGsmDCT: [0]updateDataActivity: sent=280 received=268
04-13 22:50:57.223  3447  3447 D QtiGsmDCT: [0]updateDataActivity: newActivity=DATAINANDOUT
04-13 22:50:57.235  3447  5027 D QtiGsmDCT: [0]getDataEnabled: getIntWithSubId retVal=true
04-13 22:50:57.261  3447  3447 V LG-FASTDORMANCY: [DCH/FACH] FDCount : 0 intent received :com.android.internal.telephony.ACTION_CHECK_NETSTAT
04-13 22:50:57.264  3447  3835 V LG-FASTDORMANCY: [DCH/FACH] FDCount : 0 prev: TxPkts(182459), RxPkts(222320)
04-13 22:50:57.264  3447  3835 V LG-FASTDORMANCY: [DCH/FACH] FDCount : 0 curr: TxPkts(182759), RxPkts(222624)
04-13 22:50:57.264  3447  3835 I LG-FASTDORMANCY: [DCH/FACH] FDCount : 0 Scheduling checkNetStat for 1000msec, current state is [DCH/FACH] FDCount : 0 
04-13 22:50:58.228  3447  3447 D QtiGsmDCT: [0]updateDataActivity: curTxRxSum={txSum=182979 rxSum=222946} preTxRxSum={txSum=182733 rxSum=222586}
04-13 22:50:58.228  3447  3447 D QtiGsmDCT: [0]updateDataActivity: sent=246 received=360
04-13 22:50:58.267  3447  3447 V LG-FASTDORMANCY: [DCH/FACH] FDCount : 0 intent received :com.android.internal.telephony.ACTION_CHECK_NETSTAT
04-13 22:50:58.270  3447  3835 V LG-FASTDORMANCY: [DCH/FACH] FDCount : 0 prev: TxPkts(182759), RxPkts(222624)
04-13 22:50:58.270  3447  3835 V LG-FASTDORMANCY: [DCH/FACH] FDCount : 0 curr: TxPkts(182981), RxPkts(222948)
04-13 22:50:58.270  3447  3835 I LG-FASTDORMANCY: [DCH/FACH] FDCount : 0 Scheduling checkNetStat for 1000msec, current state is [DCH/FACH] FDCount : 0 
04-13 22:50:59.232  3447  3447 D QtiGsmDCT: [0]updateDataActivity: curTxRxSum={txSum=183097 rxSum=223050} preTxRxSum={txSum=182979 rxSum=222946}
04-13 22:50:59.233  3447  3447 D QtiGsmDCT: [0]updateDataActivity: sent=118 received=104
04-13 22:50:59.273  3447  3447 V LG-FASTDORMANCY: [DCH/FACH] FDCount : 0 intent received :com.android.internal.telephony.ACTION_CHECK_NETSTAT
04-13 22:50:59.276  3447  3835 V LG-FASTDORMANCY: [DCH/FACH] FDCount : 0 prev: TxPkts(182981), RxPkts(222948)
04-13 22:50:59.276  3447  3835 V LG-FASTDORMANCY: [DCH/FACH] FDCount : 0 curr: TxPkts(183101), RxPkts(223054)
04-13 22:50:59.277  3447  3835 I LG-FASTDORMANCY: [DCH/FACH] FDCount : 0 Scheduling checkNetStat for 1000msec, current state is [DCH/FACH] FDCount : 0 
04-13 22:51:00.236  3447  3447 D QtiGsmDCT: [0]updateDataActivity: curTxRxSum={txSum=183139 rxSum=223094} preTxRxSum={txSum=183097 rxSum=223050}
04-13 22:51:00.236  3447  3447 D QtiGsmDCT: [0]updateDataActivity: sent=42 received=44
04-13 22:51:00.279  3447  3447 V LG-FASTDORMANCY: [DCH/FACH] FDCount : 0 intent received :com.android.internal.telephony.ACTION_CHECK_NETSTAT
04-13 22:51:00.282  3447  3835 V LG-FASTDORMANCY: [DCH/FACH] FDCount : 0 prev: TxPkts(183101), RxPkts(223054)
04-13 22:51:00.282  3447  3835 V LG-FASTDORMANCY: [DCH/FACH] FDCount : 0 curr: TxPkts(183139), RxPkts(223094)
04-13 22:51:00.282  3447  3835 I LG-FASTDORMANCY: [DCH/FACH] FDCount : 0 Scheduling checkNetStat for 1000msec, current state is [DCH/FACH] FDCount : 0 
04-13 22:51:00.820   370   678 I RILC    : RIL_SOCKET_1 UNSOLICITED: RIL_UNSOL_LTE_REJECT_CAUSE length:16
04-13 22:51:00.820   370   678 E RILC    : Send Response to RIL_SOCKET_1
04-13 22:51:00.820   370   678 E RILC    : RIL Response bytes written:4
04-13 22:51:00.820  3447  3768 D RILJ    : [UNSL]< RIL_UNSOL_LTE_REJECT_CAUSE {15} [SUB0]
04-13 22:51:00.820   370   678 E RILC    : RIL Response bytes written:16
04-13 22:51:00.823   370   678 I RILC    : RIL_SOCKET_1 UNSOLICITED: UNSOL_OEM_HOOK_RAW length:32
04-13 22:51:00.823   370   678 E RILC    : Send Response to RIL_SOCKET_1
04-13 22:51:00.823   370   678 E RILC    : RIL Response bytes written:4
04-13 22:51:00.823  3447  3768 V RILJ    : [UNSL]< UNSOL_OEM_HOOK_RAW 514f454d484f4f4bef0308000100000002 [SUB0]
04-13 22:51:00.823  3447  3768 D RILJ    : Oem ID in RIL_UNSOL_OEM_HOOK_RAW is QOEMHOOK
04-13 22:51:00.823  3447  3768 D RILJ    : OEM ID check Passed
04-13 22:51:00.823  3447  3768 D RILJ    : Response ID in RIL_UNSOL_OEM_HOOK_RAW is 525295
04-13 22:51:00.823  3447  3768 D RILJ    : Response ID 525295 is not served in this process.
04-13 22:51:00.823   370   678 E RILC    : RIL Response bytes written:32
04-13 22:51:00.826   370   678 I RILC    : RIL_SOCKET_1 UNSOLICITED: UNSOL_RESPONSE_VOICE_NETWORK_STATE_CHANGED length:8
04-13 22:51:00.826   370   678 E RILC    : Send Response to RIL_SOCKET_1
04-13 22:51:00.826   370   678 E RILC    : RIL Response bytes written:4
04-13 22:51:00.826  3447  3768 D RILJ    : [UNSL]< UNSOL_RESPONSE_VOICE_NETWORK_STATE_CHANGED [SUB0]
04-13 22:51:00.826  3447  3447 D RILJ    : [0923]> OPERATOR [SUB0]
04-13 22:51:00.827  3447  3447 D RILJ    : [0924]> DATA_REGISTRATION_STATE [SUB0]
04-13 22:51:00.827   370   667 D RILC    : SOCKET RIL_SOCKET_1 REQUEST: OPERATOR length:8
04-13 22:51:00.829  3447  3447 D RILJ    : [0925]> VOICE_REGISTRATION_STATE [SUB0]
04-13 22:51:00.829   370   667 D RILC    : SOCKET RIL_SOCKET_1 REQUEST: DATA_REGISTRATION_STATE length:8
04-13 22:51:00.830  3447  3447 D RILJ    : [0926]> QUERY_NETWORK_SELECTION_MODE [SUB0]
04-13 22:51:00.830   370   667 D RILC    : SOCKET RIL_SOCKET_1 REQUEST: VOICE_REGISTRATION_STATE length:8
04-13 22:51:00.832   370   667 D RILC    : SOCKET RIL_SOCKET_1 REQUEST: QUERY_NETWORK_SELECTION_MODE length:8
04-13 22:51:00.832   370   678 E RILC    : RIL Response bytes written:8
04-13 22:51:00.833   370 13575 D RILC    : RequestComplete, RIL_SOCKET_1
04-13 22:51:00.833   370 13575 E RILC    : Send Response to RIL_SOCKET_1
04-13 22:51:00.833   370 13575 E RILC    : RIL Response bytes written:4
04-13 22:51:00.833  3447  3768 D RILJ    : [0926]< QUERY_NETWORK_SELECTION_MODE {0} [SUB0]
04-13 22:51:00.833   370 13575 E RILC    : RIL Response bytes written:20
04-13 22:51:00.837   370 13574 D RILC    : RequestComplete, RIL_SOCKET_1
04-13 22:51:00.837   370 13574 E RILC    : Send Response to RIL_SOCKET_1
04-13 22:51:00.837   370 13574 E RILC    : RIL Response bytes written:4
04-13 22:51:00.837  3447  3768 D RILJ    : [0925]< VOICE_REGISTRATION_STATE {1, dfde, 02be380c, 3, null, null, null, 0, null, null, 1, null, null, 0, 126} [SUB0]
04-13 22:51:00.838   370 13574 E RILC    : RIL Response bytes written:136
04-13 22:51:00.838  3447  3447 D PHONE   : [ServiceState] setVoiceRegState=0
04-13 22:51:00.838  3447  3447 E PHONE   : [ServiceState] setState deprecated use setVoiceRegState()
04-13 22:51:00.838  3447  3447 D GsmSST  : [GsmSST] LOGRadioInfo : In Service
04-13 22:51:00.845   370 13572 D RILC    : RequestComplete, RIL_SOCKET_1
04-13 22:51:00.845   370 13572 E RILC    : Send Response to RIL_SOCKET_1
04-13 22:51:00.845   370 13572 E RILC    : RIL Response bytes written:4
04-13 22:51:00.845   370 13572 E RILC    : RIL Response bytes written:72
04-13 22:51:00.845  3447  3768 D RILJ    : [0923]< OPERATOR {Orange, Orange, 26003} [SUB0]
04-13 22:51:00.848   370 13573 D RILC    : RequestComplete, RIL_SOCKET_1
04-13 22:51:00.848   370 13573 E RILC    : Send Response to RIL_SOCKET_1
04-13 22:51:00.848   370 13573 E RILC    : RIL Response bytes written:4
04-13 22:51:00.848  3447  3768 D RILJ    : [0924]< DATA_REGISTRATION_STATE {1, dfde, 02be380c, 15, null, 20, null, null, null, null, null, 0} [SUB0]
04-13 22:51:00.849   370 13573 E RILC    : RIL Response bytes written:120
04-13 22:51:00.850  3447  3447 D GsmSST  : isSFROperators result = false
04-13 22:51:00.850  3447  3447 D PHONE   : [ServiceState] setDataRegState=0
04-13 22:51:00.850  3447  3447 D PHONE   : [ServiceState] setDataRadioTechnology=15
04-13 22:51:00.850  3447  3447 D GsmSST  : [GsmSST] LOGRadioInfo : In Service
04-13 22:51:00.850  3447  3447 D GsmSST  : [GsmSST] handlPollStateResultMessage: GsmSST setDataRegState=0 regState=1 dataRadioTechnology=15
04-13 22:51:00.851  3447  3447 D GsmSST  : [GsmSST] Poll ServiceState done:  oldSS=[0 0 voice home data home Orange Orange 26003 Orange Orange 26003  UMTS HSPAP CSS not supported -1 -1 RoamInd=-1 DefRoamInd=-1 EmergOnly=false IsDataRoamingFromRegistration=false mIsVoiceSearching=false mIsDataSearching=false mVoiceNetworkName=null mDataNetworkName=null Check64QAM0 Dual carrier0] newSS=[0 0 voice home data home Orange Orange 26003 Orange Orange 26003  UMTS HSPAP CSS not supported -1 -1 RoamInd=-1 DefRoamInd=-1 EmergOnly=false IsDataRoamingFromRegistration=false mIsVoiceSearching=false mIsDataSearching=false mVoiceNetworkName=null mDataNetworkName=null Check64QAM0 Dual carrier0] oldMaxDataCalls=20 mNewMaxDataCalls=20 oldReasonDataDenied=-1 mNewReasonDataDenied=-1
04-13 22:51:00.851  3447  3447 D PHONE   : [ServiceState] setNullState=1
04-13 22:51:00.851  3447  3447 D GsmSST  : [GsmSST] getCellLocation(): X good mCellLoc=[57310,46020620,294]
04-13 22:51:00.852  1891  3439 D TelephonyRegistry: notifyCellLocationForSubscriber: subId=2 cellLocation=Bundle[mParcelledData.dataSize=64]
04-13 22:51:00.870  3447  5133 D GsmSST  : [GsmSST] getCellLocation(): X good mCellLoc=[57310,46020620,294]
04-13 22:51:00.882  3447  3447 D RILJ    : [0927]> REQUEST_GET_NEIGHBORING_CELL_IDS [SUB0]
04-13 22:51:00.883   370   667 D RILC    : SOCKET RIL_SOCKET_1 REQUEST: GET_NEIGHBORING_CELL_IDS length:8
04-13 22:51:00.884   370   667 I RILQ    : (0/370):RIL[0][main] qcril_qmi_nas_get_neighboring_cell_ids: completed with 0
04-13 22:51:00.886   370   740 I RILQ    : (0/370):RIL[0][qmi_cb] qcril_qmi_nas_get_neighboring_cells_cb: .. qmi error 0, resultqmi  0, qmi transp_err 0, ril res 0
04-13 22:51:00.887   370   740 D RILC    : RequestComplete, RIL_SOCKET_1
04-13 22:51:00.887   370   740 E RILC    : Send Response to RIL_SOCKET_1
04-13 22:51:00.887   370   740 E RILC    : RIL Response bytes written:4
04-13 22:51:00.887   370   740 E RILC    : RIL Response bytes written:128
04-13 22:51:00.887   370   740 I RILQ    : (0/370):RIL[0][qmi_cb] qcril_qmi_nas_get_neighboring_cells_cb: completed with 0 with 4 entries
04-13 22:51:00.889  3447  3768 D RILJ    : [0927]< REQUEST_GET_NEIGHBORING_CELL_IDS {[[]] [[]] [[]] [[]] } [SUB0]
04-13 22:51:00.892  3447  5027 D RILJ    : [0928]> RIL_REQUEST_GET_CELL_INFO_LIST [SUB0]
04-13 22:51:00.893   370   667 D RILC    : SOCKET RIL_SOCKET_1 REQUEST: GET_CELL_INFO_LIST length:8
04-13 22:51:00.896   370 13580 D RILC    : RequestComplete, RIL_SOCKET_1
04-13 22:51:00.897   370 13580 E RILC    : Send Response to RIL_SOCKET_1
04-13 22:51:00.897   370 13580 E RILC    : RIL Response bytes written:4
04-13 22:51:00.897  3447  3768 D RILJ    : [0928]< RIL_REQUEST_GET_CELL_INFO_LIST [CellInfoWcdma:{mRegistered=YES mTimeStampType=oem_ril mTimeStamp=35112623643707ns CellIdentityWcdma:{ mMcc=260 mMnc=3 mLac=57310 mCid=46020620 mPsc=20} CellSignalStrengthWcdma: ss=15 ber=99}, CellInfoWcdma:{mRegistered=NO mTimeStampType=oem_ril mTimeStamp=35112623643707ns CellIdentityWcdma:{ mMcc=2147483647 mMnc=2147483647 mLac=2147483647 mCid=2147483647 mPsc=294} CellSignalStrengthWcdma: ss=12 ber=99}, CellInfoWcdma:{mRegistered=NO mTimeStampType=oem_ril mTimeStamp=35112623643707ns CellIdentityWcdma:{ mMcc=2147483647 mMnc=2147483647 mLac=2147483647 mCid=2147483647 mPsc=382} CellSignalStrengthWcdma: ss=10 ber=99}, CellInfoWcdma:{mRegistered=NO mTimeStampType=oem_ril mTimeStamp=35112623643707ns CellIdentityWcdma:{ mMcc=2147483647 mMnc=2147483647 mLac=2147483647 mCid=2147483647 mPsc=223} CellSignalStrengthWcdma: ss=10 ber=99}, CellInfoWcdma:{mRegistered=NO mTimeStampType=oem_ril mTimeStamp=35112623643707ns CellIdentityWcdma:{ mMcc=2147483647 mMnc=2147483647 mLac=2147483647 mCid=2147483647 mPsc=62} CellSignalStrengthWcdma: ss=9 ber=99}] [SUB0]
04-13 22:51:00.897   370 13580 E RILC    : RIL Response bytes written:256
04-13 22:51:00.899  3447  5027 D GsmSST  : [GsmSST] SST.getAllCellInfo(): X size=5 list=[CellInfoWcdma:{mRegistered=YES mTimeStampType=oem_ril mTimeStamp=35112623643707ns CellIdentityWcdma:{ mMcc=260 mMnc=3 mLac=57310 mCid=46020620 mPsc=20} CellSignalStrengthWcdma: ss=15 ber=99}, CellInfoWcdma:{mRegistered=NO mTimeStampType=oem_ril mTimeStamp=35112623643707ns CellIdentityWcdma:{ mMcc=2147483647 mMnc=2147483647 mLac=2147483647 mCid=2147483647 mPsc=294} CellSignalStrengthWcdma: ss=12 ber=99}, CellInfoWcdma:{mRegistered=NO mTimeStampType=oem_ril mTimeStamp=35112623643707ns CellIdentityWcdma:{ mMcc=2147483647 mMnc=2147483647 mLac=2147483647 mCid=2147483647 mPsc=382} CellSignalStrengthWcdma: ss=10 ber=99}, CellInfoWcdma:{mRegistered=NO mTimeStampType=oem_ril mTimeStamp=35112623643707ns CellIdentityWcdma:{ mMcc=2147483647 mMnc=2147483647 mLac=2147483647 mCid=2147483647 mPsc=223} CellSignalStrengthWcdma: ss=10 ber=99}, CellInfoWcdma:{mRegistered=NO mTimeStampType=oem_ril mTimeStamp=35112623643707ns CellIdentityWcdma:{ mMcc=2147483647 mMnc=2147483647 mLac=2147483647 mCid=2147483647 mPsc=62} CellSignalStrengthWcdma: ss=9 ber=99}]
04-13 22:51:00.902  3447  4251 D GsmSST  : [GsmSST] getCellLocation(): X good mCellLoc=[57310,46020620,294]
04-13 22:51:01.245  3447  3447 D QtiGsmDCT: [0]updateDataActivity: curTxRxSum={txSum=183141 rxSum=223096} preTxRxSum={txSum=183139 rxSum=223094}
04-13 22:51:01.246  3447  3447 D QtiGsmDCT: [0]updateDataActivity: sent=2 received=2
04-13 22:51:01.289  3447  3447 V LG-FASTDORMANCY: [DCH/FACH] FDCount : 0 intent received :com.android.internal.telephony.ACTION_CHECK_NETSTAT
04-13 22:51:01.298  3447  3835 V LG-FASTDORMANCY: [DCH/FACH] FDCount : 0 prev: TxPkts(183139), RxPkts(223094)
04-13 22:51:01.298  3447  3835 V LG-FASTDORMANCY: [DCH/FACH] FDCount : 0 curr: TxPkts(183141), RxPkts(223096)
04-13 22:51:01.300  3447  3835 I LG-FASTDORMANCY: [DCH/FACH] FDCount : 0 Scheduling checkNetStat for 1000msec, current state is [DCH/FACH] FDCount : 0 
04-13 22:51:02.250  3447  3447 D QtiGsmDCT: [0]updateDataActivity: curTxRxSum={txSum=183141 rxSum=223096} preTxRxSum={txSum=183141 rxSum=223096}
04-13 22:51:02.250  3447  3447 D QtiGsmDCT: [0]updateDataActivity: sent=0 received=0
04-13 22:51:02.250  3447  3447 D QtiGsmDCT: [0]updateDataActivity: newActivity=NONE
04-13 22:51:02.264  3447  5133 D QtiGsmDCT: [0]getDataEnabled: getIntWithSubId retVal=true
04-13 22:51:02.310  3447  3447 V LG-FASTDORMANCY: [DCH/FACH] FDCount : 0 intent received :com.android.internal.telephony.ACTION_CHECK_NETSTAT
04-13 22:51:02.314  3447  3835 V LG-FASTDORMANCY: [DCH/FACH] FDCount : 0 prev: TxPkts(183141), RxPkts(223096)
04-13 22:51:02.314  3447  3835 V LG-FASTDORMANCY: [DCH/FACH] FDCount : 0 curr: TxPkts(183141), RxPkts(223096)
04-13 22:51:02.315  3447  3835 I LG-FASTDORMANCY: [DCH/FACH] FDCount : 1 Scheduling checkNetStat for 1000msec, current state is [DCH/FACH] FDCount : 1 
04-13 22:51:03.261  3447  3447 D QtiGsmDCT: [0]updateDataActivity: curTxRxSum={txSum=183141 rxSum=223096} preTxRxSum={txSum=183141 rxSum=223096}
04-13 22:51:03.261  3447  3447 D QtiGsmDCT: [0]updateDataActivity: sent=0 received=0
04-13 22:51:03.317  3447  3447 V LG-FASTDORMANCY: [DCH/FACH] FDCount : 1 intent received :com.android.internal.telephony.ACTION_CHECK_NETSTAT
04-13 22:51:03.321  3447  3835 V LG-FASTDORMANCY: [DCH/FACH] FDCount : 1 prev: TxPkts(183141), RxPkts(223096)
04-13 22:51:03.321  3447  3835 V LG-FASTDORMANCY: [DCH/FACH] FDCount : 1 curr: TxPkts(183145), RxPkts(223096)
04-13 22:51:03.322  3447  3835 I LG-FASTDORMANCY: [DCH/FACH] FDCount : 0 Scheduling checkNetStat for 1000msec, current state is [DCH/FACH] FDCount : 0 
04-13 22:51:04.265  3447  3447 D QtiGsmDCT: [0]updateDataActivity: curTxRxSum={txSum=183211 rxSum=223166} preTxRxSum={txSum=183141 rxSum=223096}
04-13 22:51:04.265  3447  3447 D QtiGsmDCT: [0]updateDataActivity: sent=70 received=70
04-13 22:51:04.265  3447  3447 D QtiGsmDCT: [0]updateDataActivity: newActivity=DATAINANDOUT
04-13 22:51:04.273  3447  5133 D QtiGsmDCT: [0]getDataEnabled: getIntWithSubId retVal=true
04-13 22:51:04.327  3447  3447 V LG-FASTDORMANCY: [DCH/FACH] FDCount : 0 intent received :com.android.internal.telephony.ACTION_CHECK_NETSTAT
04-13 22:51:04.333  3447  3835 V LG-FASTDORMANCY: [DCH/FACH] FDCount : 0 prev: TxPkts(183145), RxPkts(223096)
04-13 22:51:04.333  3447  3835 V LG-FASTDORMANCY: [DCH/FACH] FDCount : 0 curr: TxPkts(183211), RxPkts(223166)
04-13 22:51:04.334  3447  3835 I LG-FASTDORMANCY: [DCH/FACH] FDCount : 0 Scheduling checkNetStat for 1000msec, current state is [DCH/FACH] FDCount : 0 
04-13 22:51:05.273  3447  3447 D QtiGsmDCT: [0]updateDataActivity: curTxRxSum={txSum=183211 rxSum=223166} preTxRxSum={txSum=183211 rxSum=223166}
04-13 22:51:05.274  3447  3447 D QtiGsmDCT: [0]updateDataActivity: sent=0 received=0
04-13 22:51:05.274  3447  3447 D QtiGsmDCT: [0]updateDataActivity: newActivity=NONE
04-13 22:51:05.282  3447  3867 D QtiGsmDCT: [0]getDataEnabled: getIntWithSubId retVal=true
04-13 22:51:05.337  3447  3447 V LG-FASTDORMANCY: [DCH/FACH] FDCount : 0 intent received :com.android.internal.telephony.ACTION_CHECK_NETSTAT
04-13 22:51:05.343  3447  3835 V LG-FASTDORMANCY: [DCH/FACH] FDCount : 0 prev: TxPkts(183211), RxPkts(223166)
04-13 22:51:05.344  3447  3835 V LG-FASTDORMANCY: [DCH/FACH] FDCount : 0 curr: TxPkts(183211), RxPkts(223166)
04-13 22:51:05.344  3447  3835 I LG-FASTDORMANCY: [DCH/FACH] FDCount : 1 Scheduling checkNetStat for 1000msec, current state is [DCH/FACH] FDCount : 1 
04-13 22:51:06.282  3447  3447 D QtiGsmDCT: [0]updateDataActivity: curTxRxSum={txSum=183211 rxSum=223166} preTxRxSum={txSum=183211 rxSum=223166}
04-13 22:51:06.282  3447  3447 D QtiGsmDCT: [0]updateDataActivity: sent=0 received=0
04-13 22:51:06.348  3447  3447 V LG-FASTDORMANCY: [DCH/FACH] FDCount : 1 intent received :com.android.internal.telephony.ACTION_CHECK_NETSTAT
04-13 22:51:06.352  3447  3835 V LG-FASTDORMANCY: [DCH/FACH] FDCount : 1 prev: TxPkts(183211), RxPkts(223166)
04-13 22:51:06.352  3447  3835 V LG-FASTDORMANCY: [DCH/FACH] FDCount : 1 curr: TxPkts(183211), RxPkts(223166)
04-13 22:51:06.353  3447  3835 I LG-FASTDORMANCY: [DCH/FACH] FDCount : 2 Scheduling checkNetStat for 1000msec, current state is [DCH/FACH] FDCount : 2 
04-13 22:51:07.287  3447  3447 D QtiGsmDCT: [0]updateDataActivity: curTxRxSum={txSum=183211 rxSum=223166} preTxRxSum={txSum=183211 rxSum=223166}
04-13 22:51:07.287  3447  3447 D QtiGsmDCT: [0]updateDataActivity: sent=0 received=0
04-13 22:51:07.356  3447  3447 V LG-FASTDORMANCY: [DCH/FACH] FDCount : 2 intent received :com.android.internal.telephony.ACTION_CHECK_NETSTAT
04-13 22:51:07.362  3447  3835 V LG-FASTDORMANCY: [DCH/FACH] FDCount : 2 prev: TxPkts(183211), RxPkts(223166)
04-13 22:51:07.362  3447  3835 V LG-FASTDORMANCY: [DCH/FACH] FDCount : 2 curr: TxPkts(183211), RxPkts(223166)
04-13 22:51:07.363  3447  3835 I LG-FASTDORMANCY: [DCH/FACH] FDCount : 3 Scheduling checkNetStat for 1000msec, current state is [DCH/FACH] FDCount : 3 
04-13 22:51:08.291  3447  3447 D QtiGsmDCT: [0]updateDataActivity: curTxRxSum={txSum=183211 rxSum=223166} preTxRxSum={txSum=183211 rxSum=223166}
04-13 22:51:08.291  3447  3447 D QtiGsmDCT: [0]updateDataActivity: sent=0 received=0
04-13 22:51:08.366  3447  3447 V LG-FASTDORMANCY: [DCH/FACH] FDCount : 3 intent received :com.android.internal.telephony.ACTION_CHECK_NETSTAT
04-13 22:51:08.371  3447  3835 V LG-FASTDORMANCY: [DCH/FACH] FDCount : 3 prev: TxPkts(183211), RxPkts(223166)
04-13 22:51:08.371  3447  3835 V LG-FASTDORMANCY: [DCH/FACH] FDCount : 3 curr: TxPkts(183211), RxPkts(223166)
04-13 22:51:08.371  3447  3835 I LG-FASTDORMANCY: [DCH/FACH] FDCount : 4 Scheduling checkNetStat for 1000msec, current state is [DCH/FACH] FDCount : 4 
04-13 22:51:08.512   370   678 I RILC    : RIL_SOCKET_1 UNSOLICITED: RIL_UNSOL_LTE_REJECT_CAUSE length:16
04-13 22:51:08.512   370   678 E RILC    : Send Response to RIL_SOCKET_1
04-13 22:51:08.513   370   678 E RILC    : RIL Response bytes written:4
04-13 22:51:08.513  3447  3768 D RILJ    : [UNSL]< RIL_UNSOL_LTE_REJECT_CAUSE {15} [SUB0]
04-13 22:51:08.514   370   678 E RILC    : RIL Response bytes written:16
04-13 22:51:08.515   370   678 I RILC    : RIL_SOCKET_1 UNSOLICITED: UNSOL_OEM_HOOK_RAW length:32
04-13 22:51:08.515   370   678 E RILC    : Send Response to RIL_SOCKET_1
04-13 22:51:08.515   370   678 E RILC    : RIL Response bytes written:4
04-13 22:51:08.515  3447  3768 V RILJ    : [UNSL]< UNSOL_OEM_HOOK_RAW 514f454d484f4f4bef0308000100000002 [SUB0]
04-13 22:51:08.515  3447  3768 D RILJ    : Oem ID in RIL_UNSOL_OEM_HOOK_RAW is QOEMHOOK
