04-13 22:50:26.715   370   678 I RILC    : RIL_SOCKET_1 UNSOLICITED: UNSOL_DATA_CALL_LIST_CHANGED length:428
04-13 22:50:26.715   370   678 E RILC    : Send Response to RIL_SOCKET_1
04-13 22:50:26.715   370   678 E RILC    : RIL Response bytes written:4
04-13 22:50:26.715   370   678 E RILC    : RIL Response bytes written:428
04-13 22:50:26.716  3447  3768 D RILJ    : responseDataCallList ver=11 num=1 [SUB0]
04-13 22:50:26.716  3447  3768 D RILJ    : getDataCallResponse before ver=11 [SUB0]
04-13 22:50:26.716  3447  3768 D RILJ    : [UNSL]< UNSOL_DATA_CALL_LIST_CHANGED [DataCallResponse: {version=11 status=0 retry=-1 cid=0 active=2 type=IPV6 ifname=rmnet_data0 mtu=1500 addresses=[2a00:0f41:30c5:feb9:e6db:0f93:92c6:4a88/64] dnses=[2a01:1700:0003:ffff:0000:0000:0000:9822,2a01:1700:0002:ffff:0000:0000:0000:9f01] gateways=[fe80:0000:0000:0000:0167:077c:95a5:9420] pcscf=[]}] [SUB0]
04-13 22:50:26.716  3447  3835 I LG-FASTDORMANCY: [IDLE] Data call list changed.
04-13 22:50:26.717  3447  3835 I LG-FASTDORMANCY: [IDLE] [DataCallResponse: {version=11 status=0 retry=-1 cid=0 active=2 type=IPV6 ifname=rmnet_data0 mtu=1500 addresses=[2a00:0f41:30c5:feb9:e6db:0f93:92c6:4a88/64] dnses=[2a01:1700:0003:ffff:0000:0000:0000:9822,2a01:1700:0002:ffff:0000:0000:0000:9f01] gateways=[fe80:0000:0000:0000:0167:077c:95a5:9420] pcscf=[]}]
04-13 22:50:26.717  3447  3835 I LG-FASTDORMANCY: [IDLE] prev:[IDLE] , curr:false
04-13 22:50:26.717  3447  3834 D QtiGsmDCT: [0]fetchDunApn: Ignore the dun apn in settings.db
04-13 22:50:26.718  3447  3447 D QtiGsmDCT: [0]QtiDcTracker handleMessage msg={ when=-1ms what=270340 obj=android.os.AsyncResult@c5967d1 target=com.qti.internal.telephony.dataconnection.QtiDcTracker }
04-13 22:50:26.718  3447  3447 D QtiGsmDCT: [0]handleMessage msg={ when=-1ms what=270340 obj=android.os.AsyncResult@c5967d1 target=com.qti.internal.telephony.dataconnection.QtiDcTracker }
04-13 22:50:26.718  3447  3447 E DATA    : Unidentified event msg={ when=-1ms what=270340 obj=android.os.AsyncResult@c5967d1 target=com.qti.internal.telephony.dataconnection.QtiDcTracker }
04-13 22:50:26.722  3447  3835 D LG-FASTDORMANCY: [IDLE] isUMTS(): RadioTech(10)
04-13 22:50:26.722  3447  3835 D LG-FASTDORMANCY: [IDLE] Exit from IDLE State
04-13 22:50:26.722  3447  3835 D LG-FASTDORMANCY: [DCH/FACH] FDCount : 0 Enter to DCH or FACH State
04-13 22:50:26.723  3447  3835 D LG-FASTDORMANCY: [DCH/FACH] FDCount : 0 isUMTS(): RadioTech(10)
04-13 22:50:26.723  3447  3835 I LG-FASTDORMANCY: [DCH/FACH] FDCount : 0 Scheduling checkNetStat for 1000msec, current state is [DCH/FACH] FDCount : 0 
04-13 22:50:26.725   370   678 I RILC    : RIL_SOCKET_1 UNSOLICITED: RIL_UNSOL_LTE_REJECT_CAUSE length:16
04-13 22:50:26.725   370   678 E RILC    : Send Response to RIL_SOCKET_1
04-13 22:50:26.725   370   678 E RILC    : RIL Response bytes written:4
04-13 22:50:26.725  3447  3768 D RILJ    : [UNSL]< RIL_UNSOL_LTE_REJECT_CAUSE {15} [SUB0]
04-13 22:50:26.725   370   678 E RILC    : RIL Response bytes written:16
04-13 22:50:26.726   370   678 I RILC    : RIL_SOCKET_1 UNSOLICITED: UNSOL_OEM_HOOK_RAW length:32
04-13 22:50:26.727   370   678 E RILC    : Send Response to RIL_SOCKET_1
04-13 22:50:26.727   370   678 E RILC    : RIL Response bytes written:4
04-13 22:50:26.727  3447  3768 V RILJ    : [UNSL]< UNSOL_OEM_HOOK_RAW 514f454d484f4f4bef0308000100000002 [SUB0]
04-13 22:50:26.727  3447  3768 D RILJ    : Oem ID in RIL_UNSOL_OEM_HOOK_RAW is QOEMHOOK
04-13 22:50:26.727  3447  3768 D RILJ    : OEM ID check Passed
04-13 22:50:26.727  3447  3768 D RILJ    : Response ID in RIL_UNSOL_OEM_HOOK_RAW is 525295
04-13 22:50:26.727  3447  3768 D RILJ    : Response ID 525295 is not served in this process.
04-13 22:50:26.727   370   678 E RILC    : RIL Response bytes written:32
04-13 22:50:26.730   370   678 I RILC    : RIL_SOCKET_1 UNSOLICITED: UNSOL_RESPONSE_VOICE_NETWORK_STATE_CHANGED length:8
04-13 22:50:26.730   370   678 E RILC    : Send Response to RIL_SOCKET_1
04-13 22:50:26.730   370   678 E RILC    : RIL Response bytes written:4
04-13 22:50:26.730  3447  3768 D RILJ    : [UNSL]< UNSOL_RESPONSE_VOICE_NETWORK_STATE_CHANGED [SUB0]
04-13 22:50:26.730   370   678 E RILC    : RIL Response bytes written:8
04-13 22:50:26.730  3447  3447 D RILJ    : [0876]> OPERATOR [SUB0]
04-13 22:50:26.731   370   678 I RILC    : RIL_SOCKET_1 UNSOLICITED: UNSOL_RESPONSE_VOICE_NETWORK_STATE_CHANGED length:8
04-13 22:50:26.731   370   678 E RILC    : Send Response to RIL_SOCKET_1
04-13 22:50:26.731   370   678 E RILC    : RIL Response bytes written:4
04-13 22:50:26.731  3447  3768 D RILJ    : [UNSL]< UNSOL_RESPONSE_VOICE_NETWORK_STATE_CHANGED [SUB0]
04-13 22:50:26.731   370   678 E RILC    : RIL Response bytes written:8
04-13 22:50:26.732  3447  3447 D RILJ    : [0877]> DATA_REGISTRATION_STATE [SUB0]
04-13 22:50:26.732   370   667 D RILC    : SOCKET RIL_SOCKET_1 REQUEST: OPERATOR length:8
04-13 22:50:26.733   370   678 I RILQ    : (0/370):RIL[0][event] qcril_arb_set_dsd_sys_status: old_pref_data 1 - new_data_pref 1
04-13 22:50:26.733   370   678 I RILQ    : (0/370):RIL[0][event] qcril_arb_set_dsd_sys_status: preferred dsd_sys_status nw=0x0, rat_value=0x1, so_mask=0x0000000000000015
04-13 22:50:26.733   370   678 I RILQ    : (0/370):RIL[0][event] qcril_arb_set_dsd_sys_status: preferred 1 - dsd_sys_status nw=0x0, rat_value=0x1, so_mask=0x0000000000000015
04-13 22:50:26.733   370   678 I RILQ    : (0/370):RIL[0][event] qcril_arb_set_dsd_sys_status: is_wwan_available 0
04-13 22:50:26.735   370   678 I RILC    : RIL_SOCKET_1 UNSOLICITED: UNSOL_OEM_HOOK_RAW length:32
04-13 22:50:26.735   370   678 E RILC    : Send Response to RIL_SOCKET_1
04-13 22:50:26.735   370   678 E RILC    : RIL Response bytes written:4
04-13 22:50:26.735   370   678 E RILC    : RIL Response bytes written:32
04-13 22:50:26.736  3447  3768 V RILJ    : [UNSL]< UNSOL_OEM_HOOK_RAW 514f454d484f4f4bfa0308000100000000 [SUB0]
04-13 22:50:26.736  3447  3768 D RILJ    : Oem ID in RIL_UNSOL_OEM_HOOK_RAW is QOEMHOOK
04-13 22:50:26.736  3447  3768 D RILJ    : OEM ID check Passed
04-13 22:50:26.736  3447  3768 D RILJ    : Response ID in RIL_UNSOL_OEM_HOOK_RAW is 525306
04-13 22:50:26.736  3447  3768 D RILJ    : WWAN, IWLAN coexistence notified to registrants
04-13 22:50:26.737  3447  3447 D RILJ    : [0878]> VOICE_REGISTRATION_STATE [SUB0]
04-13 22:50:26.738  3447  3447 D RILJ    : [0879]> QUERY_NETWORK_SELECTION_MODE [SUB0]
04-13 22:50:26.739  3447  3447 D RILJ    : [0880]> OPERATOR [SUB0]
04-13 22:50:26.740  3447  3447 D RILJ    : [0881]> DATA_REGISTRATION_STATE [SUB0]
04-13 22:50:26.740   370   667 D RILC    : SOCKET RIL_SOCKET_1 REQUEST: DATA_REGISTRATION_STATE length:8
04-13 22:50:26.741  3447  3447 D RILJ    : [0882]> VOICE_REGISTRATION_STATE [SUB0]
04-13 22:50:26.741   370   667 D RILC    : SOCKET RIL_SOCKET_1 REQUEST: VOICE_REGISTRATION_STATE length:8
04-13 22:50:26.742  3447  3447 D RILJ    : [0883]> QUERY_NETWORK_SELECTION_MODE [SUB0]
04-13 22:50:26.743   370   667 D RILC    : SOCKET RIL_SOCKET_1 REQUEST: QUERY_NETWORK_SELECTION_MODE length:8
04-13 22:50:26.744   370   678 I RILC    : RIL_SOCKET_1 UNSOLICITED: RIL_UNSOL_LTE_REJECT_CAUSE length:16
04-13 22:50:26.744   370   678 E RILC    : Send Response to RIL_SOCKET_1
04-13 22:50:26.744   370   678 E RILC    : RIL Response bytes written:4
04-13 22:50:26.744  3447  3768 D RILJ    : [UNSL]< RIL_UNSOL_LTE_REJECT_CAUSE {15} [SUB0]
04-13 22:50:26.744   370   678 E RILC    : RIL Response bytes written:16
04-13 22:50:26.745   370   667 D RILC    : SOCKET RIL_SOCKET_1 REQUEST: OPERATOR length:8
04-13 22:50:26.750   370   667 D RILC    : SOCKET RIL_SOCKET_1 REQUEST: DATA_REGISTRATION_STATE length:8
04-13 22:50:26.750   370   667 D RILC    : SOCKET RIL_SOCKET_1 REQUEST: VOICE_REGISTRATION_STATE length:8
04-13 22:50:26.751   370   667 D RILC    : SOCKET RIL_SOCKET_1 REQUEST: QUERY_NETWORK_SELECTION_MODE length:8
04-13 22:50:26.758   370 13298 D RILC    : RequestComplete, RIL_SOCKET_1
04-13 22:50:26.758   370 13298 E RILC    : Send Response to RIL_SOCKET_1
04-13 22:50:26.758   370 13298 E RILC    : RIL Response bytes written:4
04-13 22:50:26.758   370 13298 E RILC    : RIL Response bytes written:72
04-13 22:50:26.758   370 13298 D RILC    : RequestComplete, RIL_SOCKET_1
04-13 22:50:26.758   370 13298 E RILC    : Send Response to RIL_SOCKET_1
04-13 22:50:26.758   370 13298 E RILC    : RIL Response bytes written:4
04-13 22:50:26.758   370 13298 E RILC    : RIL Response bytes written:72
04-13 22:50:26.758  3447  3768 D RILJ    : [0876]< OPERATOR {Orange, Orange, 26003} [SUB0]
04-13 22:50:26.758  3447  3768 D RILJ    : [0880]< OPERATOR {Orange, Orange, 26003} [SUB0]
04-13 22:50:26.760   370 13300 D RILC    : RequestComplete, RIL_SOCKET_1
04-13 22:50:26.761   370 13300 E RILC    : Send Response to RIL_SOCKET_1
04-13 22:50:26.761   370 13300 E RILC    : RIL Response bytes written:4
04-13 22:50:26.761   370 13300 E RILC    : RIL Response bytes written:136
04-13 22:50:26.761   370 13300 D RILC    : RequestComplete, RIL_SOCKET_1
04-13 22:50:26.761   370 13300 E RILC    : Send Response to RIL_SOCKET_1
04-13 22:50:26.761   370 13300 E RILC    : RIL Response bytes written:4
04-13 22:50:26.761   370 13300 E RILC    : RIL Response bytes written:136
04-13 22:50:26.763  3447  3768 D RILJ    : [0878]< VOICE_REGISTRATION_STATE {1, dfde, 02be2e48, 3, null, null, null, 0, null, null, 1, null, null, 0, 128} [SUB0]
04-13 22:50:26.763  3447  3768 D RILJ    : [0882]< VOICE_REGISTRATION_STATE {1, dfde, 02be2e48, 3, null, null, null, 0, null, null, 1, null, null, 0, 128} [SUB0]
04-13 22:50:26.764  3447  3447 D PHONE   : [ServiceState] setVoiceRegState=0
04-13 22:50:26.764  3447  3447 E PHONE   : [ServiceState] setState deprecated use setVoiceRegState()
04-13 22:50:26.764  3447  3447 D GsmSST  : [GsmSST] LOGRadioInfo : In Service
04-13 22:50:26.765   370 13299 D RILC    : RequestComplete, RIL_SOCKET_1
04-13 22:50:26.766   370 13299 E RILC    : Send Response to RIL_SOCKET_1
04-13 22:50:26.766   370 13299 E RILC    : RIL Response bytes written:4
04-13 22:50:26.766   370 13299 E RILC    : RIL Response bytes written:120
04-13 22:50:26.766   370 13299 D RILC    : RequestComplete, RIL_SOCKET_1
04-13 22:50:26.766   370 13299 E RILC    : Send Response to RIL_SOCKET_1
04-13 22:50:26.766   370 13299 E RILC    : RIL Response bytes written:4
04-13 22:50:26.766   370 13299 E RILC    : RIL Response bytes written:120
04-13 22:50:26.766  3447  3834 D QtiGsmDCT: [0]fetchDunApn: config_tether_apndata dunSetting=null
04-13 22:50:26.766  3447  3834 D DC-1    : isInternetRequested = true
04-13 22:50:26.766   370 13299 I RILC    : RIL_SOCKET_1 UNSOLICITED: UNSOL_RESPONSE_VOICE_NETWORK_STATE_CHANGED length:8
04-13 22:50:26.766   370 13299 E RILC    : Send Response to RIL_SOCKET_1
04-13 22:50:26.766   370 13299 E RILC    : RIL Response bytes written:4
04-13 22:50:26.766   370 13299 E RILC    : RIL Response bytes written:8
04-13 22:50:26.767  3447  3834 D Dcc     : onDataStateChanged: dcsList=[DataCallResponse: {version=11 status=0 retry=-1 cid=0 active=2 type=IPV6 ifname=rmnet_data0 mtu=1500 addresses=[2a00:0f41:30c5:feb9:e6db:0f93:92c6:4a88/64] dnses=[2a01:1700:0003:ffff:0000:0000:0000:9822,2a01:1700:0002:ffff:0000:0000:0000:9f01] gateways=[fe80:0000:0000:0000:0167:077c:95a5:9420] pcscf=[]}] mDcListActiveByCid={0={DC-1: State=DcActiveState mApnSetting=[ApnSettingV3] Orange Internet, 695, 26003, internetipv6, , , , , , 1, default | dun | hipri | supl, IPV6, IP, true, 0, 0, 1, false, 0, 0, 0, 0, , , 0, ,  RefCount=1 mCid=0 mCreateTime=-1 mLastastFailTime=-1 mLastFailCause=NONE mTag=6 mRetryManager=RetryManager: { forever=false maxRetry=10 curMaxRetry=0 retry=0 config={default_randomization=2000,5000,10000,20000,40000,80000:5000,160000:5000,320000:5000,640000:5000,1280000:5000,1800000:5000} retryArray={5000:2000 10000:2000 20000:2000 40000:2000 80000:5000 160000:5000 320000:5000 640000:5000 1280000:5000 1800000:5000 }} mLinkProperties={InterfaceName: rmnet_data0 LinkAddresses: [2a00:f41:30c5:feb9:e6db:f93:92c6:4a88/64,]  Routes: [::/0 -> fe80::167:77c:95a5:9420 rmnet_data0,] DnsAddresses: [2a01:1700:3:ffff::9822,2a01:1700:2:ffff::9f01,] Domains: null MTU: 1500 TcpBufferSizes: 40778,244668,3461120,16777,140625,3461120} linkCapabilities=[ Transports: CELLULAR Capabilities: SUPL&DUN&INTERNET&NOT_RESTRICTED&TRUSTED&NOT_VPN LinkUpBandwidth>=5898Kbps LinkDnBandwidth>=14336Kbps Specifier: <2>] mApnContexts=[{mApnType=default mState=CONNECTED mWaitingApns={[[ApnSettingV3] Orange Internet, 695, 26003, internetipv6, , , , , , 1, default | dun | hipri | supl, IPV6, IP, true, 0, 0, 1, false, 0, 0, 0, 0, , , 0, , ]} mWaitingApnsPermanentFailureCountDown=1 mApnSetting={[ApnSettingV3] Orange Internet, 695, 26003, internetipv6, , , , , , 1, default | dun | hipri | supl, IPV6, IP, true, 0, 0, 1, false, 0, 0, 0, 0, , , 0, , } mReason=connected mDataEnabled=true mDependencyMet=true}]}}
04-13 22:50:26.767  3447  3834 D Dcc     : onDataStateChanged: dcsToRetry=[]
04-13 22:50:26.767  3447  3834 D Dcc     : onDataStateChanged: Found ConnId=0 newState=DataCallResponse: {version=11 status=0 retry=-1 cid=0 active=2 type=IPV6 ifname=rmnet_data0 mtu=1500 addresses=[2a00:0f41:30c5:feb9:e6db:0f93:92c6:4a88/64] dnses=[2a01:1700:0003:ffff:0000:0000:0000:9822,2a01:1700:0002:ffff:0000:0000:0000:9f01] gateways=[fe80:0000:0000:0000:0167:077c:95a5:9420] pcscf=[]}
04-13 22:50:26.767  3447  3768 D RILJ    : [0877]< DATA_REGISTRATION_STATE {1, dfde, 02be2e48, 15, null, 20, null, null, null, null, null, 0} [SUB0]
04-13 22:50:26.767  3447  3834 D DataCallResponse: addr/pl=2a00:0f41:30c5:feb9:e6db:0f93:92c6:4a88/64
04-13 22:50:26.767  3447  3768 D RILJ    : [0881]< DATA_REGISTRATION_STATE {1, dfde, 02be2e48, 15, null, 20, null, null, null, null, null, 0} [SUB0]
04-13 22:50:26.767  3447  3768 D RILJ    : [UNSL]< UNSOL_RESPONSE_VOICE_NETWORK_STATE_CHANGED [SUB0]
04-13 22:50:26.767  3447  3834 D DC-1    : MTU set by call response to: 1500
04-13 22:50:26.767  3447  3447 D GsmSST  : isSFROperators result = false
04-13 22:50:26.767  3447  3447 D PHONE   : [ServiceState] setDataRegState=0
04-13 22:50:26.768  3447  3447 D PHONE   : [ServiceState] setDataRadioTechnology=15
04-13 22:50:26.768  3447  3834 D Dcc     : onDataStateChanged: no change
04-13 22:50:26.768  3447  3447 D GsmSST  : [GsmSST] LOGRadioInfo : In Service
04-13 22:50:26.768  3447  3834 D Dcc     : onDataStateChanged: Data Activity updated to NONE. isAnyDataCallActive = true isAnyDataCallDormant = false
04-13 22:50:26.768  3447  3834 D Dcc     : onDataStateChanged: Skip startNetStatPoll
04-13 22:50:26.768  3447  3447 D GsmSST  : [GsmSST] handlPollStateResultMessage: GsmSST setDataRegState=0 regState=1 dataRadioTechnology=15
04-13 22:50:26.768  3447  3834 D Dcc     : onDataStateChanged: dcsToRetry=[] apnsToCleanup=[]
04-13 22:50:26.768  3447  3834 D Dcc     : onDataStateChanged: X
04-13 22:50:26.768  3447  3447 D RILJ    : [0884]> OPERATOR [SUB0]
04-13 22:50:26.768   370 13301 D RILC    : RequestComplete, RIL_SOCKET_1
04-13 22:50:26.769   370 13301 E RILC    : Send Response to RIL_SOCKET_1
04-13 22:50:26.769   370 13301 E RILC    : RIL Response bytes written:4
04-13 22:50:26.769   370 13301 E RILC    : RIL Response bytes written:20
04-13 22:50:26.769  3447  3447 D RILJ    : [0885]> DATA_REGISTRATION_STATE [SUB0]
04-13 22:50:26.769   370 13301 D RILC    : RequestComplete, RIL_SOCKET_1
04-13 22:50:26.769   370 13301 E RILC    : Send Response to RIL_SOCKET_1
04-13 22:50:26.769   370 13301 E RILC    : RIL Response bytes written:4
04-13 22:50:26.769   370 13301 E RILC    : RIL Response bytes written:20
04-13 22:50:26.769   370   667 D RILC    : SOCKET RIL_SOCKET_1 REQUEST: OPERATOR length:8
04-13 22:50:26.769  3447  3768 D RILJ    : [0879]< QUERY_NETWORK_SELECTION_MODE {0} [SUB0]
04-13 22:50:26.770  3447  3447 D RILJ    : [0886]> VOICE_REGISTRATION_STATE [SUB0]
04-13 22:50:26.770   370   667 D RILC    : SOCKET RIL_SOCKET_1 REQUEST: DATA_REGISTRATION_STATE length:8
04-13 22:50:26.770  3447  3447 D RILJ    : [0887]> QUERY_NETWORK_SELECTION_MODE [SUB0]
04-13 22:50:26.771   370   667 D RILC    : SOCKET RIL_SOCKET_1 REQUEST: VOICE_REGISTRATION_STATE length:8
04-13 22:50:26.772   370   667 D RILC    : SOCKET RIL_SOCKET_1 REQUEST: QUERY_NETWORK_SELECTION_MODE length:8
04-13 22:50:26.772  3447  3768 D RILJ    : [0883]< QUERY_NETWORK_SELECTION_MODE {0} [SUB0]
04-13 22:50:26.779   370 13304 D RILC    : RequestComplete, RIL_SOCKET_1
04-13 22:50:26.780   370 13304 E RILC    : Send Response to RIL_SOCKET_1
04-13 22:50:26.780   370 13304 E RILC    : RIL Response bytes written:4
04-13 22:50:26.780   370 13304 E RILC    : RIL Response bytes written:72
04-13 22:50:26.780  3447  3768 D RILJ    : [0884]< OPERATOR {Orange, Orange, 26003} [SUB0]
04-13 22:50:26.781   370 13307 D RILC    : RequestComplete, RIL_SOCKET_1
04-13 22:50:26.781   370 13307 E RILC    : Send Response to RIL_SOCKET_1
04-13 22:50:26.781   370 13307 E RILC    : RIL Response bytes written:4
04-13 22:50:26.781   370 13307 E RILC    : RIL Response bytes written:20
04-13 22:50:26.782  3447  3768 D RILJ    : [0887]< QUERY_NETWORK_SELECTION_MODE {0} [SUB0]
04-13 22:50:26.784   370 13305 D RILC    : RequestComplete, RIL_SOCKET_1
04-13 22:50:26.784   370 13305 E RILC    : Send Response to RIL_SOCKET_1
04-13 22:50:26.785   370 13305 E RILC    : RIL Response bytes written:4
04-13 22:50:26.785   370 13305 E RILC    : RIL Response bytes written:120
04-13 22:50:26.785  3447  3768 D RILJ    : [0885]< DATA_REGISTRATION_STATE {1, dfde, 02be2e48, 15, null, 20, null, null, null, null, null, 0} [SUB0]
04-13 22:50:26.785  3447  3447 D GsmSST  : isSFROperators result = false
04-13 22:50:26.785  3447  3447 D PHONE   : [ServiceState] setDataRegState=0
04-13 22:50:26.785  3447  3447 D PHONE   : [ServiceState] setDataRadioTechnology=15
04-13 22:50:26.785  3447  3447 D GsmSST  : [GsmSST] LOGRadioInfo : In Service
04-13 22:50:26.785  3447  3447 D GsmSST  : [GsmSST] handlPollStateResultMessage: GsmSST setDataRegState=0 regState=1 dataRadioTechnology=15
04-13 22:50:26.786   370 13306 D RILC    : RequestComplete, RIL_SOCKET_1
04-13 22:50:26.786   370 13306 E RILC    : Send Response to RIL_SOCKET_1
04-13 22:50:26.786   370 13306 E RILC    : RIL Response bytes written:4
04-13 22:50:26.786  3447  3768 D RILJ    : [0886]< VOICE_REGISTRATION_STATE {1, dfde, 02be2e48, 3, null, null, null, 0, null, null, 1, null, null, 0, 128} [SUB0]
04-13 22:50:26.786   370 13306 E RILC    : RIL Response bytes written:136
04-13 22:50:26.787  3447  3447 D PHONE   : [ServiceState] setVoiceRegState=0
04-13 22:50:26.787  3447  3447 E PHONE   : [ServiceState] setState deprecated use setVoiceRegState()
04-13 22:50:26.787  3447  3447 D GsmSST  : [GsmSST] LOGRadioInfo : In Service
04-13 22:50:26.789  3447  3447 D GsmSST  : [GsmSST] Poll ServiceState done:  oldSS=[0 0 voice home data home Orange Orange 26003 Orange Orange 26003  UMTS HSPA CSS not supported -1 -1 RoamInd=-1 DefRoamInd=-1 EmergOnly=false IsDataRoamingFromRegistration=false mIsVoiceSearching=false mIsDataSearching=false mVoiceNetworkName=null mDataNetworkName=null Check64QAM0 Dual carrier0] newSS=[0 0 voice home data home Orange Orange 26003 Orange Orange 26003  UMTS HSPAP CSS not supported -1 -1 RoamInd=-1 DefRoamInd=-1 EmergOnly=false IsDataRoamingFromRegistration=false mIsVoiceSearching=false mIsDataSearching=false mVoiceNetworkName=null mDataNetworkName=null Check64QAM0 Dual carrier0] oldMaxDataCalls=20 mNewMaxDataCalls=20 oldReasonDataDenied=-1 mNewReasonDataDenied=-1
04-13 22:50:26.789  3447  3447 D PHONE   : [ServiceState] setNullState=1
04-13 22:50:26.789  3447  3447 D TelephonyManager: setTelephonyProperty: success phoneId=0 property=gsm.network.type value: UMTS propVal=UMTS
04-13 22:50:26.790  3447  3447 D SIMRecords: [SIMRecords] getServiceProviderName: no brandOverride
04-13 22:50:26.790  3447  3447 D SIMRecords: [SIMRecords] getServiceProviderName: providerName=Orange
04-13 22:50:26.790  3447  3447 D SIMRecords: [SIMRecords] getServiceProviderName: no brandOverride
04-13 22:50:26.790  3447  3447 D SIMRecords: [SIMRecords] getServiceProviderName: providerName=Orange
04-13 22:50:26.790  3447  3447 D GSMPhoneEx: grandblue SpnMvno = Orange operator = 26003 simMcc  = 260 simMnc  = 03
04-13 22:50:26.790  3447  3447 D GSMPhoneEx: grandblue after SpnMvno = Orange operator = 26003 simMcc  = 260 simMnc  = 03
04-13 22:50:26.791  3447  3447 D TelephonyManager: setTelephonyProperty: success phoneId=0 property=gsm.operator.alpha value: Orange propVal=Orange
04-13 22:50:26.791  3447  3447 D TelephonyManager: setTelephonyProperty: success phoneId=0 property=gsm.operator.numeric value: 26003 propVal=26003
04-13 22:50:26.792  3447  3447 D TelephonyManager: setTelephonyProperty: success phoneId=0 property=gsm.operator.iso-country value: pl propVal=pl
04-13 22:50:26.793  3447  3447 D GsmSST  : [GsmSST] shouldFixTimeZoneNow: retVal=false iccCardExist=true operatorNumeric=26003 mcc=260 prevOperatorNumeric=26003 prevMcc=260 needToFixTimeZone=false ltod=04-13 22:50:26.792
04-13 22:50:26.793  3447  3447 D TelephonyManager: setTelephonyProperty: success phoneId=0 property=gsm.operator.isroaming value: false propVal=false
04-13 22:50:26.793  3447  3447 D TelephonyManager: setTelephonyProperty: success phoneId=0 property=ril.cdma.voiceinservice value: true propVal=true
04-13 22:50:26.794  3447  3447 D GsmSST  : [GsmSST] Broadcasting ServiceState : 0 0 voice home data home Orange Orange 26003 Orange Orange 26003  UMTS HSPAP CSS not supported -1 -1 RoamInd=-1 DefRoamInd=-1 EmergOnly=false IsDataRoamingFromRegistration=false mIsVoiceSearching=false mIsDataSearching=false mVoiceNetworkName=null mDataNetworkName=null Check64QAM0 Dual carrier0
04-13 22:50:26.794  3447  3447 D DefaultPhoneNotifier: nofityServiceState: mRegistry=com.android.internal.telephony.ITelephonyRegistry$Stub$Proxy@ced2ad0 ss=0 0 voice home data home Orange Orange 26003 Orange Orange 26003  UMTS HSPAP CSS not supported -1 -1 RoamInd=-1 DefRoamInd=-1 EmergOnly=false IsDataRoamingFromRegistration=false mIsVoiceSearching=false mIsDataSearching=false mVoiceNetworkName=null mDataNetworkName=null Check64QAM0 Dual carrier0 sender=Handler (com.qti.internal.telephony.gsm.QtiGSMPhone) {560d91e} phondId=0 subId=2
04-13 22:50:26.800  1891  3503 D SubscriptionManager: getSimStateForSubscriber: simState=5 slotIdx=0
04-13 22:50:26.801  3447  3447 D GsmSST  : [GsmSST] notifyDataRegStateRilRadioTechnologyChanged: drs=0 rat=15
04-13 22:50:26.801  3447  3447 D TelephonyManager: setTelephonyProperty: success phoneId=0 property=gsm.network.type value: HSPAP propVal=HSPAP
04-13 22:50:26.802  3447  3447 D QtiGsmDCT: [0]get all active apn types
04-13 22:50:26.802  3447  3834 D DC-1    : DcActiveState not handled msg.what=EVENT_DATA_CONNECTION_DRS_OR_RAT_CHANGED
04-13 22:50:26.802  3447  3834 D DC-1    : DcDefault msg=EVENT_DATA_CONNECTION_DRS_OR_RAT_CHANGED RefCount=1
04-13 22:50:26.803  3447  3834 D DC-1    : DcDefaultState: EVENT_DATA_CONNECTION_DRS_OR_RAT_CHANGED drs=0 mRilRat=15
04-13 22:50:26.803  3447  3834 D QtiGsmDCT: [0]fetchDunApn: Ignore the dun apn in settings.db
04-13 22:50:26.803  3447  3447 D QtiGsmDCT: [0]return link properites for default
04-13 22:50:26.810  3447  5126 D QtiGsmDCT: [0]getDataEnabled: getIntWithSubId retVal=true
04-13 22:50:26.845  3447  3834 D QtiGsmDCT: [0]fetchDunApn: config_tether_apndata dunSetting=null
04-13 22:50:26.845  3447  3834 D DC-1    : isInternetRequested = true
04-13 22:50:26.846  3447  3834 D DC-1    : DcActiveState not handled msg.what=REQ_GET_LINK_PROPERTIES
04-13 22:50:26.846  3447  3834 D DC-1    : DcDefault msg=REQ_GET_LINK_PROPERTIES RefCount=1
04-13 22:50:26.846  3447  3834 D DC-1    : REQ_GET_LINK_PROPERTIES linkProperties{InterfaceName: rmnet_data0 LinkAddresses: [2a00:f41:30c5:feb9:e6db:f93:92c6:4a88/64,]  Routes: [::/0 -> fe80::167:77c:95a5:9420 rmnet_data0,] DnsAddresses: [2a01:1700:3:ffff::9822,2a01:1700:2:ffff::9f01,] Domains: null MTU: 1500 TcpBufferSizes: 122334,734003,3461120,32040,192239,3461120}
04-13 22:50:26.847  3447  3447 D QtiGsmDCT: [0]get active pdp is not null, return NetworkCapabilities for default
04-13 22:50:26.847  3447  3834 D DC-1    : DcActiveState not handled msg.what=REQ_GET_NETWORK_CAPABILITIES
04-13 22:50:26.847  3447  3834 D DC-1    : DcDefault msg=REQ_GET_NETWORK_CAPABILITIES RefCount=1
04-13 22:50:26.847  3447  3834 D QtiGsmDCT: [0]fetchDunApn: Ignore the dun apn in settings.db
04-13 22:50:26.891  3447  3834 D QtiGsmDCT: [0]fetchDunApn: config_tether_apndata dunSetting=null
04-13 22:50:26.891  3447  3834 D DC-1    : isInternetRequested = true
04-13 22:50:26.891  3447  3834 D DC-1    : REQ_GET_NETWORK_CAPABILITIES networkCapabilities[ Transports: CELLULAR Capabilities: SUPL&DUN&INTERNET&NOT_RESTRICTED&TRUSTED&NOT_VPN LinkUpBandwidth>=11264Kbps LinkDnBandwidth>=43008Kbps Specifier: <2>]
04-13 22:50:26.893  3447  3447 D QtiGsmDCT: [0]isDataPossible(default): possible=true isDataAllowed=true apnTypePossible=true apnContextisEnabled=true apnContextState()=CONNECTED
04-13 22:50:26.893  3447  3447 D QtiGsmDCT: [0]get active apn string for type:default
04-13 22:50:26.893  3447  3447 D DCT     : [ApnContext:default] getApnSetting: apnSetting=[ApnSettingV3] Orange Internet, 695, 26003, internetipv6, , , , , , 1, default | dun | hipri | supl, IPV6, IP, true, 0, 0, 1, false, 0, 0, 0, 0, , , 0, , 
04-13 22:50:26.897  1891  3552 D TelephonyRegistry: Notify data connection state changed on sub: 2
04-13 22:50:26.897  1891  3552 D TelephonyRegistry: Notify data connection state changed on sub: 2
04-13 22:50:26.897  1891  3552 D TelephonyRegistry: Notify data connection state changed on sub: 2
04-13 22:50:26.897  1891  3552 D TelephonyRegistry: Notify data connection state changed on sub: 2
04-13 22:50:26.898  1891  3552 D TelephonyRegistry: Notify data connection state changed on sub: 2
04-13 22:50:26.899  1891  3552 D TelephonyRegistry: broadcastPreciseDataConnectionStateChanged():state=2, apnType=default, smCause=(0), reason=null
04-13 22:50:26.904  3447  3447 D QtiGsmDCT: [0]QtiDcTracker handleMessage msg={ when=-102ms what=270377 obj=android.os.AsyncResult@c591236 target=com.qti.internal.telephony.dataconnection.QtiDcTracker }
04-13 22:50:26.904  3447  3447 D QtiGsmDCT: [0]handleMessage msg={ when=-102ms what=270377 obj=android.os.AsyncResult@c591236 target=com.qti.internal.telephony.dataconnection.QtiDcTracker }
04-13 22:50:26.904  3447  3447 D QtiGsmDCT: [0]onUpdateIcc: newIccRecords com.android.internal.telephony.uicc.SIMRecords
04-13 22:50:26.906  3447  3447 V LG-FASTDORMANCY: [DCH/FACH] FDCount : 0 intent received :android.intent.action.SERVICE_STATE
04-13 22:50:26.906  3447  3447 E PHONE   : ServiceState.getRadioTechnology() DEPRECATED will be removed *******
04-13 22:50:26.906  3447  3447 I LG-FASTDORMANCY: [DCH/FACH] FDCount : 0 Service State is changed : 0 0 voice home data home Orange Orange 26003 Orange Orange 26003  UMTS HSPAP CSS not supported -1 -1 RoamInd=-1 DefRoamInd=-1 EmergOnly=false IsDataRoamingFromRegistration=false mIsVoiceSearching=false mIsDataSearching=false mVoiceNetworkName=null mDataNetworkName=null Check64QAM0 Dual carrier0
04-13 22:50:26.907  3447  3447 I LG-FASTDORMANCY: [DCH/FACH] FDCount : 0 radioTech changed!! currenRT = 15 isChange?? true
04-13 22:50:26.908  3447  3835 I LG-FASTDORMANCY: [DCH/FACH] FDCount : 0 Radio Tech changed.
04-13 22:50:26.909  3447  5044 D GsmSST  : [GsmSST] getCellLocation(): X good mCellLoc=[57310,46018120,296]
04-13 22:50:26.913  3447  3835 D LG-FASTDORMANCY: [DCH/FACH] FDCount : 0 isUMTS(): RadioTech(15)
04-13 22:50:26.919  3447  3447 D QtiGsmDCT: [0]getDataOnRoamingEnabled: phoneSubId=2 isDataRoamingEnabled=false
04-13 22:50:26.919  3447  3447 D QtiGsmDCT: [0]getDataEnabled: getIntWithSubId retVal=true
04-13 22:50:26.919  3447  3867 D QtiGsmDCT: [0]getDataEnabled: getIntWithSubId retVal=true
04-13 22:50:26.928  3447  3447 D RILJ    : [0888]> REQUEST_GET_NEIGHBORING_CELL_IDS [SUB0]
04-13 22:50:26.930   370   667 D RILC    : SOCKET RIL_SOCKET_1 REQUEST: GET_NEIGHBORING_CELL_IDS length:8
04-13 22:50:26.930   370   667 I RILQ    : (0/370):RIL[0][main] qcril_qmi_nas_get_neighboring_cell_ids: completed with 0
04-13 22:50:26.933   370   740 I RILQ    : (0/370):RIL[0][qmi_cb] qcril_qmi_nas_get_neighboring_cells_cb: .. qmi error 0, resultqmi  0, qmi transp_err 0, ril res 0
04-13 22:50:26.934   370   740 D RILC    : RequestComplete, RIL_SOCKET_1
04-13 22:50:26.934   370   740 E RILC    : Send Response to RIL_SOCKET_1
04-13 22:50:26.934   370   740 E RILC    : RIL Response bytes written:4
04-13 22:50:26.934   370   740 E RILC    : RIL Response bytes written:72
04-13 22:50:26.934   370   740 I RILQ    : (0/370):RIL[0][qmi_cb] qcril_qmi_nas_get_neighboring_cells_cb: completed with 0 with 2 entries
04-13 22:50:26.936  3447  3768 D RILJ    : [0888]< REQUEST_GET_NEIGHBORING_CELL_IDS {[[]] [[]] } [SUB0]
04-13 22:50:26.940  3447  5133 D RILJ    : [0889]> RIL_REQUEST_GET_CELL_INFO_LIST [SUB0]
04-13 22:50:26.941   370   667 D RILC    : SOCKET RIL_SOCKET_1 REQUEST: GET_CELL_INFO_LIST length:8
04-13 22:50:26.945   370 13312 D RILC    : RequestComplete, RIL_SOCKET_1
04-13 22:50:26.945   370 13312 E RILC    : Send Response to RIL_SOCKET_1
04-13 22:50:26.945   370 13312 E RILC    : RIL Response bytes written:4
04-13 22:50:26.945   370 13312 E RILC    : RIL Response bytes written:160
04-13 22:50:26.946  3447  3768 D RILJ    : [0889]< RIL_REQUEST_GET_CELL_INFO_LIST [CellInfoWcdma:{mRegistered=YES mTimeStampType=oem_ril mTimeStamp=35078671683772ns CellIdentityWcdma:{ mMcc=260 mMnc=3 mLac=57310 mCid=46018120 mPsc=296} CellSignalStrengthWcdma: ss=12 ber=99}, CellInfoWcdma:{mRegistered=NO mTimeStampType=oem_ril mTimeStamp=35078671683772ns CellIdentityWcdma:{ mMcc=2147483647 mMnc=2147483647 mLac=2147483647 mCid=2147483647 mPsc=223} CellSignalStrengthWcdma: ss=8 ber=99}, CellInfoWcdma:{mRegistered=NO mTimeStampType=oem_ril mTimeStamp=35078671683772ns CellIdentityWcdma:{ mMcc=2147483647 mMnc=2147483647 mLac=2147483647 mCid=2147483647 mPsc=62} CellSignalStrengthWcdma: ss=0 ber=99}] [SUB0]
04-13 22:50:26.947  3447  5133 D GsmSST  : [GsmSST] SST.getAllCellInfo(): X size=3 list=[CellInfoWcdma:{mRegistered=YES mTimeStampType=oem_ril mTimeStamp=35078671683772ns CellIdentityWcdma:{ mMcc=260 mMnc=3 mLac=57310 mCid=46018120 mPsc=296} CellSignalStrengthWcdma: ss=12 ber=99}, CellInfoWcdma:{mRegistered=NO mTimeStampType=oem_ril mTimeStamp=35078671683772ns CellIdentityWcdma:{ mMcc=2147483647 mMnc=2147483647 mLac=2147483647 mCid=2147483647 mPsc=223} CellSignalStrengthWcdma: ss=8 ber=99}, CellInfoWcdma:{mRegistered=NO mTimeStampType=oem_ril mTimeStamp=35078671683772ns CellIdentityWcdma:{ mMcc=2147483647 mMnc=2147483647 mLac=2147483647 mCid=2147483647 mPsc=62} CellSignalStrengthWcdma: ss=0 ber=99}]
04-13 22:50:26.951  3447  3867 D GsmSST  : [GsmSST] getCellLocation(): X good mCellLoc=[57310,46018120,296]
04-13 22:50:27.728  3447  3447 V LG-FASTDORMANCY: [DCH/FACH] FDCount : 0 intent received :com.android.internal.telephony.ACTION_CHECK_NETSTAT
04-13 22:50:27.732  3447  3835 V LG-FASTDORMANCY: [DCH/FACH] FDCount : 0 prev: TxPkts(182176), RxPkts(222047)
04-13 22:50:27.732  3447  3835 V LG-FASTDORMANCY: [DCH/FACH] FDCount : 0 curr: TxPkts(182178), RxPkts(222049)
04-13 22:50:27.733  3447  3835 I LG-FASTDORMANCY: [DCH/FACH] FDCount : 0 Scheduling checkNetStat for 1000msec, current state is [DCH/FACH] FDCount : 0 
04-13 22:50:28.738  3447  3447 V LG-FASTDORMANCY: [DCH/FACH] FDCount : 0 intent received :com.android.internal.telephony.ACTION_CHECK_NETSTAT
04-13 22:50:28.742  3447  3835 V LG-FASTDORMANCY: [DCH/FACH] FDCount : 0 prev: TxPkts(182178), RxPkts(222049)
04-13 22:50:28.742  3447  3835 V LG-FASTDORMANCY: [DCH/FACH] FDCount : 0 curr: TxPkts(182178), RxPkts(222049)
04-13 22:50:28.743  3447  3835 I LG-FASTDORMANCY: [DCH/FACH] FDCount : 1 Scheduling checkNetStat for 1000msec, current state is [DCH/FACH] FDCount : 1 
04-13 22:50:29.746  3447  3447 V LG-FASTDORMANCY: [DCH/FACH] FDCount : 1 intent received :com.android.internal.telephony.ACTION_CHECK_NETSTAT
04-13 22:50:29.749  3447  3835 V LG-FASTDORMANCY: [DCH/FACH] FDCount : 1 prev: TxPkts(182178), RxPkts(222049)
04-13 22:50:29.749  3447  3835 V LG-FASTDORMANCY: [DCH/FACH] FDCount : 1 curr: TxPkts(182178), RxPkts(222049)
04-13 22:50:29.750  3447  3835 I LG-FASTDORMANCY: [DCH/FACH] FDCount : 2 Scheduling checkNetStat for 1000msec, current state is [DCH/FACH] FDCount : 2 
04-13 22:50:30.753  3447  3447 V LG-FASTDORMANCY: [DCH/FACH] FDCount : 2 intent received :com.android.internal.telephony.ACTION_CHECK_NETSTAT
04-13 22:50:30.757  3447  3835 V LG-FASTDORMANCY: [DCH/FACH] FDCount : 2 prev: TxPkts(182178), RxPkts(222049)
04-13 22:50:30.757  3447  3835 V LG-FASTDORMANCY: [DCH/FACH] FDCount : 2 curr: TxPkts(182178), RxPkts(222049)
04-13 22:50:30.758  3447  3835 I LG-FASTDORMANCY: [DCH/FACH] FDCount : 3 Scheduling checkNetStat for 1000msec, current state is [DCH/FACH] FDCount : 3 
04-13 22:50:31.761  3447  3447 V LG-FASTDORMANCY: [DCH/FACH] FDCount : 3 intent received :com.android.internal.telephony.ACTION_CHECK_NETSTAT
04-13 22:50:31.765  3447  3835 V LG-FASTDORMANCY: [DCH/FACH] FDCount : 3 prev: TxPkts(182178), RxPkts(222049)
04-13 22:50:31.765  3447  3835 V LG-FASTDORMANCY: [DCH/FACH] FDCount : 3 curr: TxPkts(182178), RxPkts(222049)
04-13 22:50:31.765  3447  3835 I LG-FASTDORMANCY: [DCH/FACH] FDCount : 4 Scheduling checkNetStat for 1000msec, current state is [DCH/FACH] FDCount : 4 
04-13 22:50:32.768  3447  3447 V LG-FASTDORMANCY: [DCH/FACH] FDCount : 4 intent received :com.android.internal.telephony.ACTION_CHECK_NETSTAT
04-13 22:50:32.773  3447  3835 V LG-FASTDORMANCY: [DCH/FACH] FDCount : 4 prev: TxPkts(182178), RxPkts(222049)
04-13 22:50:32.773  3447  3835 V LG-FASTDORMANCY: [DCH/FACH] FDCount : 4 curr: TxPkts(182178), RxPkts(222049)
04-13 22:50:32.774  3447  3835 I LG-FASTDORMANCY: [DCH/FACH] FDCount : 5 Scheduling checkNetStat for 1000msec, current state is [DCH/FACH] FDCount : 5 
04-13 22:50:33.776  3447  3447 V LG-FASTDORMANCY: [DCH/FACH] FDCount : 5 intent received :com.android.internal.telephony.ACTION_CHECK_NETSTAT
04-13 22:50:33.780  3447  3835 V LG-FASTDORMANCY: [DCH/FACH] FDCount : 5 prev: TxPkts(182178), RxPkts(222049)
04-13 22:50:33.780  3447  3835 V LG-FASTDORMANCY: [DCH/FACH] FDCount : 5 curr: TxPkts(182178), RxPkts(222049)
04-13 22:50:33.781  3447  3835 V LG-FASTDORMANCY: [DCH/FACH] FDCount : 6 isRetryNeeded(): mRetryCount: 0, MaxRetry: 1
04-13 22:50:33.781  3447  3835 D LG-FASTDORMANCY: [DCH/FACH] FDCount : 6 isUMTS(): RadioTech(15)
04-13 22:50:33.782  3447  3835 D LG-FASTDORMANCY: [DCH/FACH] FDCount : 6 triggerGoDormant() using qcRilGoDormant with GO_DORMANT_INTERFACE_ALL
04-13 22:50:33.784   370  1368 E RILQ    : (0/370): RIL[0][oem_socket0] void qcril_qmi_generic_socket_agent::recv_thread_func(): read 4 bytes length message with length 28
04-13 22:50:33.785   370  1368 E RILQ    : (0/370): RIL[0][oem_socket0] qcril_data_iface_go_dormant:  binding v6 handle to IPV6 family failed rc=-1, qmi_err=0
04-13 22:50:33.790   370  1368 E RILQ    : (0/370): RIL[0][oem_socket0] qcril_data_process_qcrilhook_go_dormant: invalid dev_instance [-1] derived for index [1]
04-13 22:50:33.790   370  1368 E RILQ    : (0/370): RIL[0][oem_socket0] qcril_data_process_qcrilhook_go_dormant: invalid dev_instance [-1] derived for index [2]
04-13 22:50:33.790   370  1368 E RILQ    : (0/370): RIL[0][oem_socket0] qcril_data_process_qcrilhook_go_dormant: invalid dev_instance [-1] derived for index [3]
04-13 22:50:33.790   370  1368 E RILQ    : (0/370): RIL[0][oem_socket0] qcril_data_process_qcrilhook_go_dormant: invalid dev_instance [-1] derived for index [4]
04-13 22:50:33.790   370  1368 E RILQ    : (0/370): RIL[0][oem_socket0] qcril_data_process_qcrilhook_go_dormant: invalid dev_instance [-1] derived for index [5]
04-13 22:50:33.790   370  1368 E RILQ    : (0/370): RIL[0][oem_socket0] qcril_data_process_qcrilhook_go_dormant: invalid dev_instance [-1] derived for index [6]
04-13 22:50:33.790   370  1368 E RILQ    : (0/370): RIL[0][oem_socket0] qcril_data_process_qcrilhook_go_dormant: invalid dev_instance [-1] derived for index [7]
04-13 22:50:33.790   370  1368 E RILQ    : (0/370): RIL[0][oem_socket0] qcril_data_process_qcrilhook_go_dormant: invalid dev_instance [-1] derived for index [8]
04-13 22:50:33.790   370  1368 E RILQ    : (0/370): RIL[0][oem_socket0] qcril_data_process_qcrilhook_go_dormant: invalid dev_instance [-1] derived for index [9]
04-13 22:50:33.790   370  1368 E RILQ    : (0/370): RIL[0][oem_socket0] qcril_data_process_qcrilhook_go_dormant: invalid dev_instance [-1] derived for index [10]
04-13 22:50:33.790   370  1368 E RILQ    : (0/370): RIL[0][oem_socket0] qcril_data_process_qcrilhook_go_dormant: invalid dev_instance [-1] derived for index [11]
04-13 22:50:33.790   370  1368 E RILQ    : (0/370): RIL[0][oem_socket0] qcril_data_process_qcrilhook_go_dormant: invalid dev_instance [-1] derived for index [12]
04-13 22:50:33.790   370  1368 E RILQ    : (0/370): RIL[0][oem_socket0] qcril_data_process_qcrilhook_go_dormant: invalid dev_instance [-1] derived for index [13]
04-13 22:50:33.790   370  1368 E RILQ    : (0/370): RIL[0][oem_socket0] qcril_data_process_qcrilhook_go_dormant: invalid dev_instance [-1] derived for index [14]
04-13 22:50:33.790   370  1368 E RILQ    : (0/370): RIL[0][oem_socket0] qcril_data_process_qcrilhook_go_dormant: invalid dev_instance [-1] derived for index [15]
04-13 22:50:33.790   370  1368 E RILQ    : (0/370): RIL[0][oem_socket0] qcril_data_process_qcrilhook_go_dormant: invalid dev_instance [-1] derived for index [16]
04-13 22:50:33.790   370  1368 E RILQ    : (0/370): RIL[0][oem_socket0] qcril_data_process_qcrilhook_go_dormant: invalid dev_instance [-1] derived for index [17]
04-13 22:50:33.790   370  1368 E RILQ    : (0/370): RIL[0][oem_socket0] qcril_data_process_qcrilhook_go_dormant: invalid dev_instance [-1] derived for index [18]
04-13 22:50:33.791   370  1368 E RILQ    : (0/370): RIL[0][oem_socket0] qcril_data_process_qcrilhook_go_dormant: invalid dev_instance [-1] derived for index [19]
04-13 22:50:33.793  3447  3835 V LG-FASTDORMANCY: [DCH/FACH] FDCount : 0 increaseCount(): mRetryCount: 1
04-13 22:50:33.793  3447  3835 I LG-FASTDORMANCY: [DCH/FACH] FDCount : 0 Scheduling checkNetStat for 1000msec, current state is [DCH/FACH] FDCount : 0 
04-13 22:50:33.903   370   678 I RILC    : RIL_SOCKET_1 UNSOLICITED: RIL_UNSOL_LTE_REJECT_CAUSE length:16
04-13 22:50:33.903   370   678 E RILC    : Send Response to RIL_SOCKET_1
04-13 22:50:33.903   370   678 E RILC    : RIL Response bytes written:4
04-13 22:50:33.903  3447  3768 D RILJ    : [UNSL]< RIL_UNSOL_LTE_REJECT_CAUSE {15} [SUB0]
04-13 22:50:33.903   370   678 E RILC    : RIL Response bytes written:16
04-13 22:50:33.907   370   678 I RILC    : RIL_SOCKET_1 UNSOLICITED: UNSOL_OEM_HOOK_RAW length:32
04-13 22:50:33.907   370   678 E RILC    : Send Response to RIL_SOCKET_1
04-13 22:50:33.907   370   678 E RILC    : RIL Response bytes written:4
04-13 22:50:33.907  3447  3768 V RILJ    : [UNSL]< UNSOL_OEM_HOOK_RAW 514f454d484f4f4bef0308000100000002 [SUB0]
04-13 22:50:33.907  3447  3768 D RILJ    : Oem ID in RIL_UNSOL_OEM_HOOK_RAW is QOEMHOOK
04-13 22:50:33.907  3447  3768 D RILJ    : OEM ID check Passed
04-13 22:50:33.907  3447  3768 D RILJ    : Response ID in RIL_UNSOL_OEM_HOOK_RAW is 525295
04-13 22:50:33.907  3447  3768 D RILJ    : Response ID 525295 is not served in this process.
04-13 22:50:33.908   370   678 E RILC    : RIL Response bytes written:32
04-13 22:50:33.910   370   678 I RILC    : RIL_SOCKET_1 UNSOLICITED: UNSOL_RESPONSE_VOICE_NETWORK_STATE_CHANGED length:8
04-13 22:50:33.910   370   678 E RILC    : Send Response to RIL_SOCKET_1
04-13 22:50:33.910   370   678 E RILC    : RIL Response bytes written:4
04-13 22:50:33.910  3447  3768 D RILJ    : [UNSL]< UNSOL_RESPONSE_VOICE_NETWORK_STATE_CHANGED [SUB0]
04-13 22:50:33.911   370   678 E RILC    : RIL Response bytes written:8
04-13 22:50:33.911  3447  3447 D RILJ    : [0890]> OPERATOR [SUB0]
04-13 22:50:33.912  3447  3447 D RILJ    : [0891]> DATA_REGISTRATION_STATE [SUB0]
04-13 22:50:33.913   370   667 D RILC    : SOCKET RIL_SOCKET_1 REQUEST: OPERATOR length:8
04-13 22:50:33.913  3447  3447 D RILJ    : [0892]> VOICE_REGISTRATION_STATE [SUB0]
04-13 22:50:33.914   370   678 I RILC    : RIL_SOCKET_1 UNSOLICITED: UNSOL_DATA_CALL_LIST_CHANGED length:428
04-13 22:50:33.914   370   678 E RILC    : Send Response to RIL_SOCKET_1
04-13 22:50:33.914   370   678 E RILC    : RIL Response bytes written:4
04-13 22:50:33.914   370   667 D RILC    : SOCKET RIL_SOCKET_1 REQUEST: DATA_REGISTRATION_STATE length:8
04-13 22:50:33.914   370   678 E RILC    : RIL Response bytes written:428
04-13 22:50:33.914  3447  3768 D RILJ    : responseDataCallList ver=11 num=1 [SUB0]
04-13 22:50:33.914  3447  3768 D RILJ    : getDataCallResponse before ver=11 [SUB0]
04-13 22:50:33.914  3447  3768 D RILJ    : [UNSL]< UNSOL_DATA_CALL_LIST_CHANGED [DataCallResponse: {version=11 status=0 retry=-1 cid=0 active=1 type=IPV6 ifname=rmnet_data0 mtu=1500 addresses=[2a00:0f41:30c5:feb9:e6db:0f93:92c6:4a88/64] dnses=[2a01:1700:0003:ffff:0000:0000:0000:9822,2a01:1700:0002:ffff:0000:0000:0000:9f01] gateways=[fe80:0000:0000:0000:0167:077c:95a5:9420] pcscf=[]}] [SUB0]
04-13 22:50:33.915  3447  3835 I LG-FASTDORMANCY: [DCH/FACH] FDCount : 0 Data call list changed.
04-13 22:50:33.915  3447  3835 I LG-FASTDORMANCY: [DCH/FACH] FDCount : 0 [DataCallResponse: {version=11 status=0 retry=-1 cid=0 active=1 type=IPV6 ifname=rmnet_data0 mtu=1500 addresses=[2a00:0f41:30c5:feb9:e6db:0f93:92c6:4a88/64] dnses=[2a01:1700:0003:ffff:0000:0000:0000:9822,2a01:1700:0002:ffff:0000:0000:0000:9f01] gateways=[fe80:0000:0000:0000:0167:077c:95a5:9420] pcscf=[]}]
04-13 22:50:33.915  3447  3835 I LG-FASTDORMANCY: [DCH/FACH] FDCount : 0 prev:[DCH/FACH] FDCount : 0 , curr:true
04-13 22:50:33.915  3447  3834 D QtiGsmDCT: [0]fetchDunApn: Ignore the dun apn in settings.db
04-13 22:50:33.917  3447  3835 D LG-FASTDORMANCY: [DCH/FACH] FDCount : 0 isUMTS(): RadioTech(15)
04-13 22:50:33.917  3447  3835 D LG-FASTDORMANCY: [DCH/FACH] FDCount : 0 Exit from DCH or FACH State
04-13 22:50:33.917  3447  3835 D LG-FASTDORMANCY: [IDLE] Enter to IDLE State
04-13 22:50:33.917  3447  3447 D RILJ    : [0893]> QUERY_NETWORK_SELECTION_MODE [SUB0]
04-13 22:50:33.919  3447  3835 D LG-FASTDORMANCY: [IDLE] isUMTS(): RadioTech(15)
04-13 22:50:33.919  3447  3835 D LG-FASTDORMANCY: [IDLE] resetAll()
04-13 22:50:33.919   370   667 D RILC    : SOCKET RIL_SOCKET_1 REQUEST: VOICE_REGISTRATION_STATE length:8
04-13 22:50:33.919   370 13321 D RILC    : RequestComplete, RIL_SOCKET_1
04-13 22:50:33.920   370 13321 E RILC    : Send Response to RIL_SOCKET_1
04-13 22:50:33.920   370 13321 E RILC    : RIL Response bytes written:4
04-13 22:50:33.920   370 13321 E RILC    : RIL Response bytes written:120
04-13 22:50:33.921  3447  3447 D QtiGsmDCT: [0]QtiDcTracker handleMessage msg={ when=-6ms what=270340 obj=android.os.AsyncResult@13d6537 target=com.qti.internal.telephony.dataconnection.QtiDcTracker }
04-13 22:50:33.921  3447  3447 D QtiGsmDCT: [0]handleMessage msg={ when=-7ms what=270340 obj=android.os.AsyncResult@13d6537 target=com.qti.internal.telephony.dataconnection.QtiDcTracker }
04-13 22:50:33.921  3447  3768 D RILJ    : [0891]< DATA_REGISTRATION_STATE {1, dfde, 02be2e48, 15, null, 20, null, null, null, null, null, 0} [SUB0]
04-13 22:50:33.921  3447  3447 E DATA    : Unidentified event msg={ when=-7ms what=270340 obj=android.os.AsyncResult@13d6537 target=com.qti.internal.telephony.dataconnection.QtiDcTracker }
04-13 22:50:33.922  3447  3447 D GsmSST  : isSFROperators result = false
04-13 22:50:33.922  3447  3447 D PHONE   : [ServiceState] setDataRegState=0
04-13 22:50:33.922  3447  3447 D PHONE   : [ServiceState] setDataRadioTechnology=15
04-13 22:50:33.922  3447  3447 D GsmSST  : [GsmSST] LOGRadioInfo : In Service
04-13 22:50:33.922  3447  3447 D GsmSST  : [GsmSST] handlPollStateResultMessage: GsmSST setDataRegState=0 regState=1 dataRadioTechnology=15
04-13 22:50:33.923   370   667 D RILC    : SOCKET RIL_SOCKET_1 REQUEST: QUERY_NETWORK_SELECTION_MODE length:8
04-13 22:50:33.923  3447  3835 V LG-FASTDORMANCY: [IDLE] prev: TxPkts(182178), RxPkts(222049)
04-13 22:50:33.923  3447  3835 V LG-FASTDORMANCY: [IDLE] curr: TxPkts(182178), RxPkts(222049)
04-13 22:50:33.923  3447  3835 V LG-FASTDORMANCY: [IDLE] resetCount(): mRetryCount: 0
04-13 22:50:33.932   370 13320 D RILC    : RequestComplete, RIL_SOCKET_1
04-13 22:50:33.932   370 13320 E RILC    : Send Response to RIL_SOCKET_1
04-13 22:50:33.932   370 13320 E RILC    : RIL Response bytes written:4
04-13 22:50:33.933  3447  3768 D RILJ    : [0890]< OPERATOR {Orange, Orange, 26003} [SUB0]
04-13 22:50:33.933   370 13320 E RILC    : RIL Response bytes written:72
04-13 22:50:33.935   370 13322 D RILC    : RequestComplete, RIL_SOCKET_1
04-13 22:50:33.935   370 13322 E RILC    : Send Response to RIL_SOCKET_1
04-13 22:50:33.935   370 13322 E RILC    : RIL Response bytes written:4
04-13 22:50:33.935   370 13322 E RILC    : RIL Response bytes written:136
04-13 22:50:33.935  3447  3768 D RILJ    : [0892]< VOICE_REGISTRATION_STATE {1, dfde, 02be2e48, 3, null, null, null, 0, null, null, 1, null, null, 0, 128} [SUB0]
04-13 22:50:33.935  3447  3447 D PHONE   : [ServiceState] setVoiceRegState=0
04-13 22:50:33.936  3447  3447 E PHONE   : [ServiceState] setState deprecated use setVoiceRegState()
04-13 22:50:33.936   370 13323 D RILC    : RequestComplete, RIL_SOCKET_1
04-13 22:50:33.936   370 13323 E RILC    : Send Response to RIL_SOCKET_1
04-13 22:50:33.936   370 13323 E RILC    : RIL Response bytes written:4
04-13 22:50:33.936   370 13323 E RILC    : RIL Response bytes written:20
04-13 22:50:33.936  3447  3447 D GsmSST  : [GsmSST] LOGRadioInfo : In Service
04-13 22:50:33.937  3447  3768 D RILJ    : [0893]< QUERY_NETWORK_SELECTION_MODE {0} [SUB0]
04-13 22:50:33.939  3447  3447 D GsmSST  : [GsmSST] Poll ServiceState done:  oldSS=[0 0 voice home data home Orange Orange 26003 Orange Orange 26003  UMTS HSPAP CSS not supported -1 -1 RoamInd=-1 DefRoamInd=-1 EmergOnly=false IsDataRoamingFromRegistration=false mIsVoiceSearching=false mIsDataSearching=false mVoiceNetworkName=null mDataNetworkName=null Check64QAM0 Dual carrier0] newSS=[0 0 voice home data home Orange Orange 26003 Orange Orange 26003  UMTS HSPAP CSS not supported -1 -1 RoamInd=-1 DefRoamInd=-1 EmergOnly=false IsDataRoamingFromRegistration=false mIsVoiceSearching=false mIsDataSearching=false mVoiceNetworkName=null mDataNetworkName=null Check64QAM0 Dual carrier0] oldMaxDataCalls=20 mNewMaxDataCalls=20 oldReasonDataDenied=-1 mNewReasonDataDenied=-1
04-13 22:50:33.939  3447  3447 D PHONE   : [ServiceState] setNullState=1
04-13 22:50:33.948  3447  3834 D QtiGsmDCT: [0]fetchDunApn: config_tether_apndata dunSetting=null
04-13 22:50:33.948  3447  3834 D DC-1    : isInternetRequested = true
04-13 22:50:33.948  3447  3834 D Dcc     : onDataStateChanged: dcsList=[DataCallResponse: {version=11 status=0 retry=-1 cid=0 active=1 type=IPV6 ifname=rmnet_data0 mtu=1500 addresses=[2a00:0f41:30c5:feb9:e6db:0f93:92c6:4a88/64] dnses=[2a01:1700:0003:ffff:0000:0000:0000:9822,2a01:1700:0002:ffff:0000:0000:0000:9f01] gateways=[fe80:0000:0000:0000:0167:077c:95a5:9420] pcscf=[]}] mDcListActiveByCid={0={DC-1: State=DcActiveState mApnSetting=[ApnSettingV3] Orange Internet, 695, 26003, internetipv6, , , , , , 1, default | dun | hipri | supl, IPV6, IP, true, 0, 0, 1, false, 0, 0, 0, 0, , , 0, ,  RefCount=1 mCid=0 mCreateTime=-1 mLastastFailTime=-1 mLastFailCause=NONE mTag=6 mRetryManager=RetryManager: { forever=false maxRetry=10 curMaxRetry=0 retry=0 config={default_randomization=2000,5000,10000,20000,40000,80000:5000,160000:5000,320000:5000,640000:5000,1280000:5000,1800000:5000} retryArray={5000:2000 10000:2000 20000:2000 40000:2000 80000:5000 160000:5000 320000:5000 640000:5000 1280000:5000 1800000:5000 }} mLinkProperties={InterfaceName: rmnet_data0 LinkAddresses: [2a00:f41:30c5:feb9:e6db:f93:92c6:4a88/64,]  Routes: [::/0 -> fe80::167:77c:95a5:9420 rmnet_data0,] DnsAddresses: [2a01:1700:3:ffff::9822,2a01:1700:2:ffff::9f01,] Domains: null MTU: 1500 TcpBufferSizes: 122334,734003,3461120,32040,192239,3461120} linkCapabilities=[ Transports: CELLULAR Capabilities: SUPL&DUN&INTERNET&NOT_RESTRICTED&TRUSTED&NOT_VPN LinkUpBandwidth>=11264Kbps LinkDnBandwidth>=43008Kbps Specifier: <2>] mApnContexts=[{mApnType=default mState=CONNECTED mWaitingApns={[[ApnSettingV3] Orange Internet, 695, 26003, internetipv6, , , , , , 1, default | dun | hipri | supl, IPV6, IP, true, 0, 0, 1, false, 0, 0, 0, 0, , , 0, , ]} mWaitingApnsPermanentFailureCountDown=1 mApnSetting={[ApnSettingV3] Orange Internet, 695, 26003, internetipv6, , , , , , 1, default | dun | hipri | supl, IPV6, IP, true, 0, 0, 1, false, 0, 0, 0, 0, , , 0, , } mReason=connected mDataEnabled=true mDependencyMet=true}]}}
04-13 22:50:33.948  3447  3834 D Dcc     : onDataStateChanged: dcsToRetry=[]
04-13 22:50:33.949  3447  3834 D Dcc     : onDataStateChanged: Found ConnId=0 newState=DataCallResponse: {version=11 status=0 retry=-1 cid=0 active=1 type=IPV6 ifname=rmnet_data0 mtu=1500 addresses=[2a00:0f41:30c5:feb9:e6db:0f93:92c6:4a88/64] dnses=[2a01:1700:0003:ffff:0000:0000:0000:9822,2a01:1700:0002:ffff:0000:0000:0000:9f01] gateways=[fe80:0000:0000:0000:0167:077c:95a5:9420] pcscf=[]}
04-13 22:50:33.949  3447  3834 D DataCallResponse: addr/pl=2a00:0f41:30c5:feb9:e6db:0f93:92c6:4a88/64
04-13 22:50:33.949  3447  3834 D DC-1    : MTU set by call response to: 1500
04-13 22:50:33.949  3447  3834 D Dcc     : onDataStateChanged: no change
04-13 22:50:33.949  3447  3834 D Dcc     : onDataStateChanged: Data Activity updated to DORMANT. stopNetStatePoll
04-13 22:50:33.949  3447  3834 D Dcc     : onDataStateChanged: Skip stopNetStatPoll
04-13 22:50:33.949  3447  3834 D Dcc     : onDataStateChanged: dcsToRetry=[] apnsToCleanup=[]
04-13 22:50:33.949  3447  3834 D Dcc     : onDataStateChanged: X
