04-14 20:25:40.290 D/RILC    (  370): SOCKET RIL_SOCKET_1 REQUEST: DATA_REGISTRATION_STATE length:8
04-14 20:25:40.290 I/RILC    (  370): RIL_SOCKET_1 UNSOLICITED: UNSOL_OEM_HOOK_RAW length:32
04-14 20:25:40.291 E/RILC    (  370): Send Response to RIL_SOCKET_1
04-14 20:25:40.291 E/RILC    (  370): RIL Response bytes written:4
04-14 20:25:40.292 V/RILJ    ( 3447): [UNSL]< UNSOL_OEM_HOOK_RAW 514f454d484f4f4bfa0308000100000000 [SUB0]
04-14 20:25:40.292 D/RILJ    ( 3447): Oem ID in RIL_UNSOL_OEM_HOOK_RAW is QOEMHOOK
04-14 20:25:40.292 D/RILJ    ( 3447): OEM ID check Passed
04-14 20:25:40.292 D/RILJ    ( 3447): Response ID in RIL_UNSOL_OEM_HOOK_RAW is 525306
04-14 20:25:40.292 D/RILJ    ( 3447): WWAN, IWLAN coexistence notified to registrants
04-14 20:25:40.292 E/RILC    (  370): RIL Response bytes written:32
04-14 20:25:40.294 D/RILJ    ( 3447): [2100]> QUERY_NETWORK_SELECTION_MODE [SUB0]
04-14 20:25:40.295 D/RILC    (  370): SOCKET RIL_SOCKET_1 REQUEST: VOICE_REGISTRATION_STATE length:8
04-14 20:25:40.296 D/RILC    (  370): SOCKET RIL_SOCKET_1 REQUEST: QUERY_NETWORK_SELECTION_MODE length:8
04-14 20:25:40.299 I/RILC    (  370): RIL_SOCKET_1 UNSOLICITED: RIL_UNSOL_LTE_REJECT_CAUSE length:16
04-14 20:25:40.299 E/RILC    (  370): Send Response to RIL_SOCKET_1
04-14 20:25:40.299 E/RILC    (  370): RIL Response bytes written:4
04-14 20:25:40.300 D/RILJ    ( 3447): [UNSL]< RIL_UNSOL_LTE_REJECT_CAUSE {15} [SUB0]
04-14 20:25:40.300 E/RILC    (  370): RIL Response bytes written:16
04-14 20:25:40.312 D/RILC    (  370): RequestComplete, RIL_SOCKET_1
04-14 20:25:40.312 E/RILC    (  370): Send Response to RIL_SOCKET_1
04-14 20:25:40.312 E/RILC    (  370): RIL Response bytes written:4
04-14 20:25:40.312 E/RILC    (  370): RIL Response bytes written:72
04-14 20:25:40.313 D/RILJ    ( 3447): [2097]< OPERATOR {Orange, Orange, 26003} [SUB0]
04-14 20:25:40.317 D/RILC    (  370): RequestComplete, RIL_SOCKET_1
04-14 20:25:40.317 E/RILC    (  370): Send Response to RIL_SOCKET_1
04-14 20:25:40.317 E/RILC    (  370): RIL Response bytes written:4
04-14 20:25:40.317 E/RILC    (  370): RIL Response bytes written:136
04-14 20:25:40.317 D/RILJ    ( 3447): [2099]< VOICE_REGISTRATION_STATE {1, dfde, 02be2e3d, 3, null, null, null, 0, null, null, 1, null, null, 0, 14} [SUB0]
04-14 20:25:40.317 D/PHONE   ( 3447): [ServiceState] setVoiceRegState=0
04-14 20:25:40.317 E/PHONE   ( 3447): [ServiceState] setState deprecated use setVoiceRegState()
04-14 20:25:40.318 D/GsmSST  ( 3447): [GsmSST] LOGRadioInfo : In Service
04-14 20:25:40.320 D/RILC    (  370): RequestComplete, RIL_SOCKET_1
04-14 20:25:40.320 E/RILC    (  370): Send Response to RIL_SOCKET_1
04-14 20:25:40.320 E/RILC    (  370): RIL Response bytes written:4
04-14 20:25:40.320 E/RILC    (  370): RIL Response bytes written:20
04-14 20:25:40.320 D/RILJ    ( 3447): [2100]< QUERY_NETWORK_SELECTION_MODE {0} [SUB0]
04-14 20:25:40.321 D/RILC    (  370): RequestComplete, RIL_SOCKET_1
04-14 20:25:40.321 E/RILC    (  370): Send Response to RIL_SOCKET_1
04-14 20:25:40.321 E/RILC    (  370): RIL Response bytes written:4
04-14 20:25:40.321 D/RILJ    ( 3447): [2098]< DATA_REGISTRATION_STATE {1, dfde, 02be2e3d, 15, null, 20, null, null, null, null, null, 0} [SUB0]
04-14 20:25:40.322 D/GsmSST  ( 3447): isSFROperators result = false
04-14 20:25:40.323 D/PHONE   ( 3447): [ServiceState] setDataRegState=0
04-14 20:25:40.323 D/PHONE   ( 3447): [ServiceState] setDataRadioTechnology=15
04-14 20:25:40.323 D/GsmSST  ( 3447): [GsmSST] LOGRadioInfo : In Service
04-14 20:25:40.323 D/GsmSST  ( 3447): [GsmSST] handlPollStateResultMessage: GsmSST setDataRegState=0 regState=1 dataRadioTechnology=15
04-14 20:25:40.323 E/RILC    (  370): RIL Response bytes written:120
04-14 20:25:40.323 I/RILC    (  370): RIL_SOCKET_1 UNSOLICITED: UNSOL_RESPONSE_VOICE_NETWORK_STATE_CHANGED length:8
04-14 20:25:40.323 E/RILC    (  370): Send Response to RIL_SOCKET_1
04-14 20:25:40.323 E/RILC    (  370): RIL Response bytes written:4
04-14 20:25:40.323 E/RILC    (  370): RIL Response bytes written:8
04-14 20:25:40.324 D/RILJ    ( 3447): [UNSL]< UNSOL_RESPONSE_VOICE_NETWORK_STATE_CHANGED [SUB0]
04-14 20:25:40.329 D/GsmSST  ( 3447): [GsmSST] Poll ServiceState done:  oldSS=[0 0 voice home data home Orange Orange 26003 Orange Orange 26003  UMTS HSPA CSS not supported -1 -1 RoamInd=-1 DefRoamInd=-1 EmergOnly=false IsDataRoamingFromRegistration=false mIsVoiceSearching=false mIsDataSearching=false mVoiceNetworkName=null mDataNetworkName=null Check64QAM0 Dual carrier0] newSS=[0 0 voice home data home Orange Orange 26003 Orange Orange 26003  UMTS HSPAP CSS not supported -1 -1 RoamInd=-1 DefRoamInd=-1 EmergOnly=false IsDataRoamingFromRegistration=false mIsVoiceSearching=false mIsDataSearching=false mVoiceNetworkName=null mDataNetworkName=null Check64QAM0 Dual carrier0] oldMaxDataCalls=20 mNewMaxDataCalls=20 oldReasonDataDenied=-1 mNewReasonDataDenied=-1
04-14 20:25:40.329 D/PHONE   ( 3447): [ServiceState] setNullState=1
04-14 20:25:40.329 D/TelephonyManager( 3447): setTelephonyProperty: success phoneId=0 property=gsm.network.type value: UMTS propVal=UMTS
04-14 20:25:40.330 D/SIMRecords( 3447): [SIMRecords] getServiceProviderName: no brandOverride
04-14 20:25:40.330 D/SIMRecords( 3447): [SIMRecords] getServiceProviderName: providerName=Orange
04-14 20:25:40.330 D/SIMRecords( 3447): [SIMRecords] getServiceProviderName: no brandOverride
04-14 20:25:40.330 D/SIMRecords( 3447): [SIMRecords] getServiceProviderName: providerName=Orange
04-14 20:25:40.330 D/GSMPhoneEx( 3447): grandblue SpnMvno = Orange operator = 26003 simMcc  = 260 simMnc  = 03
04-14 20:25:40.330 D/GSMPhoneEx( 3447): grandblue after SpnMvno = Orange operator = 26003 simMcc  = 260 simMnc  = 03
04-14 20:25:40.331 D/TelephonyManager( 3447): setTelephonyProperty: success phoneId=0 property=gsm.operator.alpha value: Orange propVal=Orange
04-14 20:25:40.331 D/TelephonyManager( 3447): setTelephonyProperty: success phoneId=0 property=gsm.operator.numeric value: 26003 propVal=26003
04-14 20:25:40.332 D/TelephonyManager( 3447): setTelephonyProperty: success phoneId=0 property=gsm.operator.iso-country value: pl propVal=pl
04-14 20:25:40.332 D/GsmSST  ( 3447): [GsmSST] shouldFixTimeZoneNow: retVal=false iccCardExist=true operatorNumeric=26003 mcc=260 prevOperatorNumeric=26003 prevMcc=260 needToFixTimeZone=false ltod=04-14 20:25:40.332
04-14 20:25:40.332 D/TelephonyManager( 3447): setTelephonyProperty: success phoneId=0 property=gsm.operator.isroaming value: false propVal=false
04-14 20:25:40.333 D/TelephonyManager( 3447): setTelephonyProperty: success phoneId=0 property=ril.cdma.voiceinservice value: true propVal=true
04-14 20:25:40.333 D/GsmSST  ( 3447): [GsmSST] Broadcasting ServiceState : 0 0 voice home data home Orange Orange 26003 Orange Orange 26003  UMTS HSPAP CSS not supported -1 -1 RoamInd=-1 DefRoamInd=-1 EmergOnly=false IsDataRoamingFromRegistration=false mIsVoiceSearching=false mIsDataSearching=false mVoiceNetworkName=null mDataNetworkName=null Check64QAM0 Dual carrier0
04-14 20:25:40.334 D/DefaultPhoneNotifier( 3447): nofityServiceState: mRegistry=com.android.internal.telephony.ITelephonyRegistry$Stub$Proxy@ced2ad0 ss=0 0 voice home data home Orange Orange 26003 Orange Orange 26003  UMTS HSPAP CSS not supported -1 -1 RoamInd=-1 DefRoamInd=-1 EmergOnly=false IsDataRoamingFromRegistration=false mIsVoiceSearching=false mIsDataSearching=false mVoiceNetworkName=null mDataNetworkName=null Check64QAM0 Dual carrier0 sender=Handler (com.qti.internal.telephony.gsm.QtiGSMPhone) {560d91e} phondId=0 subId=2
04-14 20:25:40.344 D/SubscriptionManager( 1891): getSimStateForSubscriber: simState=5 slotIdx=0
04-14 20:25:40.345 D/GsmSST  ( 3447): [GsmSST] notifyDataRegStateRilRadioTechnologyChanged: drs=0 rat=15
04-14 20:25:40.345 D/TelephonyManager( 3447): setTelephonyProperty: success phoneId=0 property=gsm.network.type value: HSPAP propVal=HSPAP
04-14 20:25:40.347 D/QtiGsmDCT( 3447): [0]get all active apn types
04-14 20:25:40.347 D/DC-1    ( 3447): DcActiveState not handled msg.what=EVENT_DATA_CONNECTION_DRS_OR_RAT_CHANGED
04-14 20:25:40.347 D/DC-1    ( 3447): DcDefault msg=EVENT_DATA_CONNECTION_DRS_OR_RAT_CHANGED RefCount=1
04-14 20:25:40.347 D/DC-1    ( 3447): DcDefaultState: EVENT_DATA_CONNECTION_DRS_OR_RAT_CHANGED drs=0 mRilRat=15
04-14 20:25:40.348 D/QtiGsmDCT( 3447): [0]fetchDunApn: Ignore the dun apn in settings.db
04-14 20:25:40.351 D/QtiGsmDCT( 3447): [0]return link properites for default
04-14 20:25:40.354 D/QtiGsmDCT( 3447): [0]getDataEnabled: getIntWithSubId retVal=true
04-14 20:25:40.378 D/QtiGsmDCT( 3447): [0]fetchDunApn: config_tether_apndata dunSetting=null
04-14 20:25:40.378 D/DC-1    ( 3447): isInternetRequested = true
04-14 20:25:40.378 D/DC-1    ( 3447): DcActiveState not handled msg.what=REQ_GET_LINK_PROPERTIES
04-14 20:25:40.378 D/DC-1    ( 3447): DcDefault msg=REQ_GET_LINK_PROPERTIES RefCount=1
04-14 20:25:40.379 D/DC-1    ( 3447): REQ_GET_LINK_PROPERTIES linkProperties{InterfaceName: rmnet_data0 LinkAddresses: [2a00:f41:30c7:6454:6f4f:ae41:e4e6:7df2/64,]  Routes: [::/0 -> fe80::d947:4565:cf0d:b445 rmnet_data0,] DnsAddresses: [2a01:1700:3:ffff::9822,2a01:1700:2:ffff::9f01,] Domains: null MTU: 1500 TcpBufferSizes: 122334,734003,3461120,32040,192239,3461120}
04-14 20:25:40.381 D/QtiGsmDCT( 3447): [0]get active pdp is not null, return NetworkCapabilities for default
04-14 20:25:40.381 D/DC-1    ( 3447): DcActiveState not handled msg.what=REQ_GET_NETWORK_CAPABILITIES
04-14 20:25:40.381 D/DC-1    ( 3447): DcDefault msg=REQ_GET_NETWORK_CAPABILITIES RefCount=1
04-14 20:25:40.381 D/QtiGsmDCT( 3447): [0]fetchDunApn: Ignore the dun apn in settings.db
04-14 20:25:40.408 D/QtiGsmDCT( 3447): [0]fetchDunApn: config_tether_apndata dunSetting=null
04-14 20:25:40.408 D/DC-1    ( 3447): isInternetRequested = true
04-14 20:25:40.409 D/DC-1    ( 3447): REQ_GET_NETWORK_CAPABILITIES networkCapabilities[ Transports: CELLULAR Capabilities: SUPL&DUN&INTERNET&NOT_RESTRICTED&TRUSTED&NOT_VPN LinkUpBandwidth>=11264Kbps LinkDnBandwidth>=43008Kbps Specifier: <2>]
04-14 20:25:40.412 D/QtiGsmDCT( 3447): [0]isDataPossible(default): possible=true isDataAllowed=true apnTypePossible=true apnContextisEnabled=true apnContextState()=CONNECTED
04-14 20:25:40.413 D/QtiGsmDCT( 3447): [0]get active apn string for type:default
04-14 20:25:40.413 D/DCT     ( 3447): [ApnContext:default] getApnSetting: apnSetting=[ApnSettingV3] Orange Internet, 695, 26003, internetipv6, , , , , , 1, default | dun | hipri | supl, IPV6, IP, true, 0, 0, 1, false, 0, 0, 0, 0, , , 0, , 
04-14 20:25:40.415 D/TelephonyRegistry( 1891): Notify data connection state changed on sub: 2
04-14 20:25:40.415 D/TelephonyRegistry( 1891): Notify data connection state changed on sub: 2
04-14 20:25:40.415 D/TelephonyRegistry( 1891): Notify data connection state changed on sub: 2
04-14 20:25:40.415 D/TelephonyRegistry( 1891): Notify data connection state changed on sub: 2
04-14 20:25:40.415 D/TelephonyRegistry( 1891): Notify data connection state changed on sub: 2
04-14 20:25:40.416 D/TelephonyRegistry( 1891): broadcastPreciseDataConnectionStateChanged():state=2, apnType=default, smCause=(0), reason=null
04-14 20:25:40.416 D/RILJ    ( 3447): [2101]> OPERATOR [SUB0]
04-14 20:25:40.418 D/RILJ    ( 3447): [2102]> DATA_REGISTRATION_STATE [SUB0]
04-14 20:25:40.418 D/RILC    (  370): SOCKET RIL_SOCKET_1 REQUEST: OPERATOR length:8
04-14 20:25:40.419 D/RILJ    ( 3447): [2103]> VOICE_REGISTRATION_STATE [SUB0]
04-14 20:25:40.419 D/RILC    (  370): SOCKET RIL_SOCKET_1 REQUEST: DATA_REGISTRATION_STATE length:8
04-14 20:25:40.420 D/RILC    (  370): SOCKET RIL_SOCKET_1 REQUEST: VOICE_REGISTRATION_STATE length:8
04-14 20:25:40.420 D/RILJ    ( 3447): [2104]> QUERY_NETWORK_SELECTION_MODE [SUB0]
04-14 20:25:40.422 D/RILC    (  370): SOCKET RIL_SOCKET_1 REQUEST: QUERY_NETWORK_SELECTION_MODE length:8
04-14 20:25:40.426 D/QtiGsmDCT( 3447): [0]QtiDcTracker handleMessage msg={ when=-80ms what=270377 obj=android.os.AsyncResult@3304d67 target=com.qti.internal.telephony.dataconnection.QtiDcTracker }
04-14 20:25:40.426 D/QtiGsmDCT( 3447): [0]handleMessage msg={ when=-80ms what=270377 obj=android.os.AsyncResult@3304d67 target=com.qti.internal.telephony.dataconnection.QtiDcTracker }
04-14 20:25:40.426 D/QtiGsmDCT( 3447): [0]onUpdateIcc: newIccRecords com.android.internal.telephony.uicc.SIMRecords
04-14 20:25:40.426 V/LG-FASTDORMANCY( 3447): [DCH/FACH] FDCount : 8 intent received :android.intent.action.SERVICE_STATE
04-14 20:25:40.427 E/PHONE   ( 3447): ServiceState.getRadioTechnology() DEPRECATED will be removed *******
04-14 20:25:40.427 I/LG-FASTDORMANCY( 3447): [DCH/FACH] FDCount : 8 Service State is changed : 0 0 voice home data home Orange Orange 26003 Orange Orange 26003  UMTS HSPAP CSS not supported -1 -1 RoamInd=-1 DefRoamInd=-1 EmergOnly=false IsDataRoamingFromRegistration=false mIsVoiceSearching=false mIsDataSearching=false mVoiceNetworkName=null mDataNetworkName=null Check64QAM0 Dual carrier0
04-14 20:25:40.427 I/LG-FASTDORMANCY( 3447): [DCH/FACH] FDCount : 8 radioTech changed!! currenRT = 15 isChange?? true
04-14 20:25:40.427 D/RILC    (  370): RequestComplete, RIL_SOCKET_1
04-14 20:25:40.427 E/RILC    (  370): Send Response to RIL_SOCKET_1
04-14 20:25:40.427 E/RILC    (  370): RIL Response bytes written:4
04-14 20:25:40.427 E/RILC    (  370): RIL Response bytes written:72
04-14 20:25:40.428 I/LG-FASTDORMANCY( 3447): [DCH/FACH] FDCount : 8 Radio Tech changed.
04-14 20:25:40.429 D/RILJ    ( 3447): [2101]< OPERATOR {Orange, Orange, 26003} [SUB0]
04-14 20:25:40.430 D/LG-FASTDORMANCY( 3447): [DCH/FACH] FDCount : 8 isUMTS(): RadioTech(15)
04-14 20:25:40.430 D/GsmSST  ( 3447): [GsmSST] getCellLocation(): X good mCellLoc=[57310,46018109,20]
04-14 20:25:40.432 D/RILC    (  370): RequestComplete, RIL_SOCKET_1
04-14 20:25:40.432 E/RILC    (  370): Send Response to RIL_SOCKET_1
04-14 20:25:40.432 E/RILC    (  370): RIL Response bytes written:4
04-14 20:25:40.432 E/RILC    (  370): RIL Response bytes written:120
04-14 20:25:40.432 D/RILJ    ( 3447): [2102]< DATA_REGISTRATION_STATE {1, dfde, 02be2e3d, 15, null, 20, null, null, null, null, null, 0} [SUB0]
04-14 20:25:40.433 D/RILC    (  370): RequestComplete, RIL_SOCKET_1
04-14 20:25:40.433 E/RILC    (  370): Send Response to RIL_SOCKET_1
04-14 20:25:40.433 E/RILC    (  370): RIL Response bytes written:4
04-14 20:25:40.433 E/RILC    (  370): RIL Response bytes written:136
04-14 20:25:40.434 D/RILJ    ( 3447): [2103]< VOICE_REGISTRATION_STATE {1, dfde, 02be2e3d, 3, null, null, null, 0, null, null, 1, null, null, 0, 14} [SUB0]
04-14 20:25:40.435 D/QtiGsmDCT( 3447): [0]getDataOnRoamingEnabled: phoneSubId=2 isDataRoamingEnabled=false
04-14 20:25:40.435 D/QtiGsmDCT( 3447): [0]getDataEnabled: getIntWithSubId retVal=true
04-14 20:25:40.435 D/QtiGsmDCT( 3447): [0]getDataEnabled: getIntWithSubId retVal=true
04-14 20:25:40.435 D/GsmSST  ( 3447): isSFROperators result = false
04-14 20:25:40.435 D/PHONE   ( 3447): [ServiceState] setDataRegState=0
04-14 20:25:40.435 D/PHONE   ( 3447): [ServiceState] setDataRadioTechnology=15
04-14 20:25:40.435 D/GsmSST  ( 3447): [GsmSST] LOGRadioInfo : In Service
04-14 20:25:40.435 D/GsmSST  ( 3447): [GsmSST] handlPollStateResultMessage: GsmSST setDataRegState=0 regState=1 dataRadioTechnology=15
04-14 20:25:40.435 D/PHONE   ( 3447): [ServiceState] setVoiceRegState=0
04-14 20:25:40.435 E/PHONE   ( 3447): [ServiceState] setState deprecated use setVoiceRegState()
04-14 20:25:40.436 D/GsmSST  ( 3447): [GsmSST] LOGRadioInfo : In Service
04-14 20:25:40.436 D/RILC    (  370): RequestComplete, RIL_SOCKET_1
04-14 20:25:40.436 E/RILC    (  370): Send Response to RIL_SOCKET_1
04-14 20:25:40.436 E/RILC    (  370): RIL Response bytes written:4
04-14 20:25:40.436 E/RILC    (  370): RIL Response bytes written:20
04-14 20:25:40.437 D/RILJ    ( 3447): [2104]< QUERY_NETWORK_SELECTION_MODE {0} [SUB0]
04-14 20:25:40.438 D/GsmSST  ( 3447): [GsmSST] Poll ServiceState done:  oldSS=[0 0 voice home data home Orange Orange 26003 Orange Orange 26003  UMTS HSPAP CSS not supported -1 -1 RoamInd=-1 DefRoamInd=-1 EmergOnly=false IsDataRoamingFromRegistration=false mIsVoiceSearching=false mIsDataSearching=false mVoiceNetworkName=null mDataNetworkName=null Check64QAM0 Dual carrier0] newSS=[0 0 voice home data home Orange Orange 26003 Orange Orange 26003  UMTS HSPAP CSS not supported -1 -1 RoamInd=-1 DefRoamInd=-1 EmergOnly=false IsDataRoamingFromRegistration=false mIsVoiceSearching=false mIsDataSearching=false mVoiceNetworkName=null mDataNetworkName=null Check64QAM0 Dual carrier0] oldMaxDataCalls=20 mNewMaxDataCalls=20 oldReasonDataDenied=-1 mNewReasonDataDenied=-1
04-14 20:25:40.439 D/PHONE   ( 3447): [ServiceState] setNullState=1
04-14 20:25:40.449 D/RILJ    ( 3447): [2105]> REQUEST_GET_NEIGHBORING_CELL_IDS [SUB0]
04-14 20:25:40.450 D/RILC    (  370): SOCKET RIL_SOCKET_1 REQUEST: GET_NEIGHBORING_CELL_IDS length:8
04-14 20:25:40.450 I/RILQ    (  370): (0/370):RIL[0][main] qcril_qmi_nas_get_neighboring_cell_ids: completed with 0
04-14 20:25:40.452 I/RILQ    (  370): (0/370):RIL[0][qmi_cb] qcril_qmi_nas_get_neighboring_cells_cb: .. qmi error 0, resultqmi  0, qmi transp_err 0, ril res 0
04-14 20:25:40.454 D/RILC    (  370): RequestComplete, RIL_SOCKET_1
04-14 20:25:40.454 E/RILC    (  370): Send Response to RIL_SOCKET_1
04-14 20:25:40.454 E/RILC    (  370): RIL Response bytes written:4
04-14 20:25:40.454 E/RILC    (  370): RIL Response bytes written:184
04-14 20:25:40.454 I/RILQ    (  370): (0/370):RIL[0][qmi_cb] qcril_qmi_nas_get_neighboring_cells_cb: completed with 0 with 6 entries
04-14 20:25:40.458 D/RILJ    ( 3447): [2105]< REQUEST_GET_NEIGHBORING_CELL_IDS {[[]] [[]] [[]] [[]] [[]] [[]] } [SUB0]
04-14 20:25:40.462 D/RILJ    ( 3447): [2106]> RIL_REQUEST_GET_CELL_INFO_LIST [SUB0]
04-14 20:25:40.464 D/RILC    (  370): SOCKET RIL_SOCKET_1 REQUEST: GET_CELL_INFO_LIST length:8
04-14 20:25:40.467 D/RILC    (  370): RequestComplete, RIL_SOCKET_1
04-14 20:25:40.467 E/RILC    (  370): Send Response to RIL_SOCKET_1
04-14 20:25:40.467 E/RILC    (  370): RIL Response bytes written:4
04-14 20:25:40.467 E/RILC    (  370): RIL Response bytes written:704
04-14 20:25:40.468 D/RILJ    ( 3447): [2106]< RIL_REQUEST_GET_CELL_INFO_LIST [CellInfoWcdma:{mRegistered=YES mTimeStampType=oem_ril mTimeStamp=43972036381974ns CellIdentityWcdma:{ mMcc=260 mMnc=3 mLac=57310 mCid=46018109 mPsc=20} CellSignalStrengthWcdma: ss=0 ber=99}, CellInfoWcdma:{mRegistered=NO mTimeStampType=oem_ril mTimeStamp=43972036381974ns CellIdentityWcdma:{ mMcc=2147483647 mMnc=2147483647 mLac=2147483647 mCid=2147483647 mPsc=223} CellSignalStrengthWcdma: ss=10 ber=99}, CellInfoWcdma:{mRegistered=NO mTimeStampType=oem_ril mTimeStamp=43972036381974ns CellIdentityWcdma:{ mMcc=2147483647 mMnc=2147483647 mLac=2147483647 mCid=2147483647 mPsc=296} CellSignalStrengthWcdma: ss=9 ber=99}, CellInfoWcdma:{mRegistered=NO mTimeStampType=oem_ril mTimeStamp=43972036381974ns CellIdentityWcdma:{ mMcc=2147483647 mMnc=2147483647 mLac=2147483647 mCid=2147483647 mPsc=294} CellSignalStrengthWcdma: ss=7 ber=99}, CellInfoWcdma:{mRegistered=NO mTimeStampType=oem_ril mTimeStamp=43972036381974ns CellIdentityWcdma:{ mMcc=2147483647 mMnc=2147483647 mLac=2147483647 mCid=2147483647 mPsc=472} CellSignalStrengthWcdma: ss=7 ber=99}, CellInfoWcdma:{mRegistered=NO mTimeStampType=oem_ril mTimeStamp=43972036381974ns CellIdentityWcdma:{ mMcc=2147483647 mMnc=2147483647 mLac=2147483647 mCid=2147483647 mPsc=62} CellSignalStrengthWcdma: ss=5 ber=99}, CellInfoWcdma:{mRegistered=NO mTimeStampType=oem_ril mTimeStamp=43972036381974ns CellIdentityWcdma:{ mMcc=2147483647 mMnc=2147483647 mLac=2147483647 mCid=2147483647 mPsc=289} CellSignalStrengthWcdma: ss=5 ber=99}, CellInfoGsm:{mRegistered=NO mTimeStampType=oem_ril mTimeStamp=43972036381974ns CellIdentityGsm:{ mMcc=2147483647 mMnc=2147483647 mLac=2147483647 mCid=2147483647} CellSignalStrengthGsm: ss=20 ber=99}, CellInfoGsm:{mRegistered=NO mTimeStampType=oem_ril mTimeStamp=43972036381974ns CellIdentityGsm:{ mMcc=2147483647 mMnc=2147483647 mLac=2147483647 mCid=2147483647} CellSignalStrengthGsm: ss=16 ber=99}, CellInfoGsm:{mRegistered=NO mTimeStampType=oem_ril mTimeStamp=43972036381974ns CellIdentityGsm:{ mMcc=2147483647 mMnc=2147483647 mLac=2147483647 mCid=2147483647} CellSignalStrengthGsm: ss=14 ber=99}, CellInfoGsm:{mRegistered=NO mTimeStampType=oem_ril mTimeStamp=43972036381974ns CellIdentityGsm:{ mMcc=2147483647 mMnc=2147483647 mLac=2147483647 mCid=2147483647} CellSignalStrengthGsm: ss=13 ber=99}, CellInfoGsm:{mRegistered=NO mTimeStampType=oem_ril mTimeStamp=43972036381974ns CellIdentityGsm:{ mMcc=2147483647 mMnc=2147483647 mLac=2147483647 mCid=2147483647} CellSignalStrengthGsm: ss=13 ber=99}, CellInfoGsm:{mRegistered=NO mTimeStampType=oem_ril mTimeStamp=43972036381974ns CellIdentityGsm:{ mMcc=2147483647 mMnc=2147483647 mLac=2147483647 mCid=2147483647} CellSignalStrengthGsm: ss=11 ber=99}, CellInfoGsm:{mRegistered=NO mTimeStampType=oem_ril mTimeStamp=43972036381974ns CellIdentityGsm:{ mMcc=2147483647 mMnc=2147483647 mLac=2147483647 mCid=2147483647} CellSignalStrengthGsm: ss=10 ber=99}, CellInfoGsm:{mRegistered=NO mTimeStampType=oem_ril mTimeStamp=43972036381974ns CellIdentityGsm:{ mMcc=2147483647 mMnc=2147483647 mLac=2147483647 mCid=2147483647} CellSignalStrengthGsm: ss=9 ber=99}] [SUB0]
04-14 20:25:40.469 D/GsmSST  ( 3447): [GsmSST] SST.getAllCellInfo(): X size=15 list=[CellInfoWcdma:{mRegistered=YES mTimeStampType=oem_ril mTimeStamp=43972036381974ns CellIdentityWcdma:{ mMcc=260 mMnc=3 mLac=57310 mCid=46018109 mPsc=20} CellSignalStrengthWcdma: ss=0 ber=99}, CellInfoWcdma:{mRegistered=NO mTimeStampType=oem_ril mTimeStamp=43972036381974ns CellIdentityWcdma:{ mMcc=2147483647 mMnc=2147483647 mLac=2147483647 mCid=2147483647 mPsc=223} CellSignalStrengthWcdma: ss=10 ber=99}, CellInfoWcdma:{mRegistered=NO mTimeStampType=oem_ril mTimeStamp=43972036381974ns CellIdentityWcdma:{ mMcc=2147483647 mMnc=2147483647 mLac=2147483647 mCid=2147483647 mPsc=296} CellSignalStrengthWcdma: ss=9 ber=99}, CellInfoWcdma:{mRegistered=NO mTimeStampType=oem_ril mTimeStamp=43972036381974ns CellIdentityWcdma:{ mMcc=2147483647 mMnc=2147483647 mLac=2147483647 mCid=2147483647 mPsc=294} CellSignalStrengthWcdma: ss=7 ber=99}, CellInfoWcdma:{mRegistered=NO mTimeStampType=oem_ril mTimeStamp=43972036381974ns CellIdentityWcdma:{ mMcc=2147483647 mMnc=2147483647 mLac=2147483647 mCid=2147483647 mPsc=472} CellSignalStrengthWcdma: ss=7 ber=99}, CellInfoWcdma:{mRegistered=NO mTimeStampType=oem_ril mTimeStamp=43972036381974ns CellIdentityWcdma:{ mMcc=2147483647 mMnc=2147483647 mLac=2147483647 mCid=2147483647 mPsc=62} CellSignalStrengthWcdma: ss=5 ber=99}, CellInfoWcdma:{mRegistered=NO mTimeStampType=oem_ril mTimeStamp=43972036381974ns CellIdentityWcdma:{ mMcc=2147483647 mMnc=2147483647 mLac=2147483647 mCid=2147483647 mPsc=289} CellSignalStrengthWcdma: ss=5 ber=99}, CellInfoGsm:{mRegistered=NO mTimeStampType=oem_ril mTimeStamp=43972036381974ns CellIdentityGsm:{ mMcc=2147483647 mMnc=2147483647 mLac=2147483647 mCid=2147483647} CellSignalStrengthGsm: ss=20 ber=99}, CellInfoGsm:{mRegistered=NO mTimeStampType=oem_ril mTimeStamp=43972036381974ns CellIdentityGsm:{ mMcc=2147483647 mMnc=2147483647 mLac=2147483647 mCid=2147483647} CellSignalStrengthGsm: ss=16 ber=99}, CellInfoGsm:{mRegistered=NO mTimeStampType=oem_ril mTimeStamp=43972036381974ns CellIdentityGsm:{ mMcc=2147483647 mMnc=2147483647 mLac=2147483647 mCid=2147483647} CellSignalStrengthGsm: ss=14 ber=99}, CellInfoGsm:{mRegistered=NO mTimeStampType=oem_ril mTimeStamp=43972036381974ns CellIdentityGsm:{ mMcc=2147483647 mMnc=2147483647 mLac=2147483647 mCid=2147483647} CellSignalStrengthGsm: ss=13 ber=99}, CellInfoGsm:{mRegistered=NO mTimeStampType=oem_ril mTimeStamp=43972036381974ns CellIdentityGsm:{ mMcc=2147483647 mMnc=2147483647 mLac=2147483647 mCid=2147483647} CellSignalStrengthGsm: ss=13 ber=99}, CellInfoGsm:{mRegistered=NO mTimeStampType=oem_ril mTimeStamp=43972036381974ns CellIdentityGsm:{ mMcc=2147483647 mMnc=2147483647 mLac=2147483647 mCid=2147483647} CellSignalStrengthGsm: ss=11 ber=99}, CellInfoGsm:{mRegistered=NO mTimeStampType=oem_ril mTimeStamp=43972036381974ns CellIdentityGsm:{ mMcc=2147483647 mMnc=2147483647 mLac=2147483647 mCid=2147483647} CellSignalStrengthGsm: ss=10 ber=99}, CellInfoGsm:{mRegistered=NO mTimeStampType=oem_ril mTimeStamp=43972036381974ns CellIdentityGsm:{ mMcc=2147483647 mMnc=2147483647 mLac=2147483647 mCid=2147483647} CellSignalStrengthGsm: ss=9 ber=99}]
04-14 20:25:40.472 D/GsmSST  ( 3447): [GsmSST] getCellLocation(): X good mCellLoc=[57310,46018109,20]
04-14 20:25:40.669 I/RILC    (  370): RIL_SOCKET_1 UNSOLICITED: UNSOL_SIGNAL_STRENGTH length:68
04-14 20:25:40.669 E/RILC    (  370): Send Response to RIL_SOCKET_1
04-14 20:25:40.670 E/RILC    (  370): RIL Response bytes written:4
04-14 20:25:40.670 E/RILC    (  370): RIL Response bytes written:68
04-14 20:25:40.671 D/GsmSST  ( 3447): [GsmSST] ServiceStateTrackerEx:onSignalStrengthResult() isGsm=true DataRadioTech=15
04-14 20:25:40.671 W/LGSignalStrength( 3447): setDataRadioTechnology: dataRadioTechnology = 15
04-14 20:25:40.672 D/DefaultPhoneNotifier( 3447): notifySignalStrength: mRegistry=com.android.internal.telephony.ITelephonyRegistry$Stub$Proxy@ced2ad0 ss=SignalStrength: 12 0 -89 -80 -120 -1 -1 99 2147483647 2147483647 2147483647 2147483647 2147483647 gsm|lte 15 0 -89 -80 sender=Handler (com.qti.internal.telephony.gsm.QtiGSMPhone) {560d91e}
04-14 20:25:40.693 D/QtiGsmDCT( 3447): [0]getDataEnabled: getIntWithSubId retVal=true
04-14 20:25:40.786 V/LG-FASTDORMANCY( 3447): [DCH/FACH] FDCount : 8 intent received :com.android.internal.telephony.ACTION_CHECK_NETSTAT
04-14 20:25:40.790 V/LG-FASTDORMANCY( 3447): [DCH/FACH] FDCount : 8 prev: TxPkts(184252), RxPkts(224214)
04-14 20:25:40.790 V/LG-FASTDORMANCY( 3447): [DCH/FACH] FDCount : 8 curr: TxPkts(184260), RxPkts(224224)
04-14 20:25:40.791 I/LG-FASTDORMANCY( 3447): [DCH/FACH] FDCount : 0 Scheduling checkNetStat for 1000msec, current state is [DCH/FACH] FDCount : 0 
04-14 20:25:40.927 D/QtiGsmDCT( 3447): [0]updateDataActivity: curTxRxSum={txSum=184260 rxSum=224224} preTxRxSum={txSum=184254 rxSum=224214}
04-14 20:25:40.927 D/QtiGsmDCT( 3447): [0]updateDataActivity: sent=6 received=10
04-14 20:25:40.927 D/QtiGsmDCT( 3447): [0]updateDataActivity: newActivity=DATAINANDOUT
04-14 20:25:40.950 D/QtiGsmDCT( 3447): [0]getDataEnabled: getIntWithSubId retVal=true
04-14 20:25:41.795 V/LG-FASTDORMANCY( 3447): [DCH/FACH] FDCount : 0 intent received :com.android.internal.telephony.ACTION_CHECK_NETSTAT
04-14 20:25:41.802 V/LG-FASTDORMANCY( 3447): [DCH/FACH] FDCount : 0 prev: TxPkts(184260), RxPkts(224224)
04-14 20:25:41.802 V/LG-FASTDORMANCY( 3447): [DCH/FACH] FDCount : 0 curr: TxPkts(184260), RxPkts(224224)
04-14 20:25:41.803 I/LG-FASTDORMANCY( 3447): [DCH/FACH] FDCount : 1 Scheduling checkNetStat for 1000msec, current state is [DCH/FACH] FDCount : 1 
04-14 20:25:41.937 D/QtiGsmDCT( 3447): [0]updateDataActivity: curTxRxSum={txSum=184260 rxSum=224224} preTxRxSum={txSum=184260 rxSum=224224}
04-14 20:25:41.937 D/QtiGsmDCT( 3447): [0]updateDataActivity: sent=0 received=0
04-14 20:25:41.937 D/QtiGsmDCT( 3447): [0]updateDataActivity: newActivity=NONE
04-14 20:25:41.953 D/QtiGsmDCT( 3447): [0]getDataEnabled: getIntWithSubId retVal=true
04-14 20:25:42.807 V/LG-FASTDORMANCY( 3447): [DCH/FACH] FDCount : 1 intent received :com.android.internal.telephony.ACTION_CHECK_NETSTAT
04-14 20:25:42.813 V/LG-FASTDORMANCY( 3447): [DCH/FACH] FDCount : 1 prev: TxPkts(184260), RxPkts(224224)
04-14 20:25:42.813 V/LG-FASTDORMANCY( 3447): [DCH/FACH] FDCount : 1 curr: TxPkts(184260), RxPkts(224224)
04-14 20:25:42.814 I/LG-FASTDORMANCY( 3447): [DCH/FACH] FDCount : 2 Scheduling checkNetStat for 1000msec, current state is [DCH/FACH] FDCount : 2 
04-14 20:25:42.951 D/QtiGsmDCT( 3447): [0]updateDataActivity: curTxRxSum={txSum=184260 rxSum=224224} preTxRxSum={txSum=184260 rxSum=224224}
04-14 20:25:42.951 D/QtiGsmDCT( 3447): [0]updateDataActivity: sent=0 received=0
04-14 20:25:43.671 I/RILC    (  370): RIL_SOCKET_1 UNSOLICITED: UNSOL_SIGNAL_STRENGTH length:68
04-14 20:25:43.671 E/RILC    (  370): Send Response to RIL_SOCKET_1
04-14 20:25:43.671 E/RILC    (  370): RIL Response bytes written:4
04-14 20:25:43.671 E/RILC    (  370): RIL Response bytes written:68
04-14 20:25:43.671 D/GsmSST  ( 3447): [GsmSST] ServiceStateTrackerEx:onSignalStrengthResult() isGsm=true DataRadioTech=15
04-14 20:25:43.671 W/LGSignalStrength( 3447): setDataRadioTechnology: dataRadioTechnology = 15
04-14 20:25:43.672 D/DefaultPhoneNotifier( 3447): notifySignalStrength: mRegistry=com.android.internal.telephony.ITelephonyRegistry$Stub$Proxy@ced2ad0 ss=SignalStrength: 13 0 -87 -80 -120 -1 -1 99 2147483647 2147483647 2147483647 2147483647 2147483647 gsm|lte 15 0 -87 -80 sender=Handler (com.qti.internal.telephony.gsm.QtiGSMPhone) {560d91e}
04-14 20:25:43.698 D/QtiGsmDCT( 3447): [0]getDataEnabled: getIntWithSubId retVal=true
04-14 20:25:43.820 V/LG-FASTDORMANCY( 3447): [DCH/FACH] FDCount : 2 intent received :com.android.internal.telephony.ACTION_CHECK_NETSTAT
04-14 20:25:43.826 V/LG-FASTDORMANCY( 3447): [DCH/FACH] FDCount : 2 prev: TxPkts(184260), RxPkts(224224)
04-14 20:25:43.827 V/LG-FASTDORMANCY( 3447): [DCH/FACH] FDCount : 2 curr: TxPkts(184260), RxPkts(224224)
04-14 20:25:43.828 I/LG-FASTDORMANCY( 3447): [DCH/FACH] FDCount : 3 Scheduling checkNetStat for 1000msec, current state is [DCH/FACH] FDCount : 3 
04-14 20:25:43.955 D/QtiGsmDCT( 3447): [0]updateDataActivity: curTxRxSum={txSum=184260 rxSum=224224} preTxRxSum={txSum=184260 rxSum=224224}
04-14 20:25:43.955 D/QtiGsmDCT( 3447): [0]updateDataActivity: sent=0 received=0
04-14 20:25:44.832 V/LG-FASTDORMANCY( 3447): [DCH/FACH] FDCount : 3 intent received :com.android.internal.telephony.ACTION_CHECK_NETSTAT
04-14 20:25:44.836 V/LG-FASTDORMANCY( 3447): [DCH/FACH] FDCount : 3 prev: TxPkts(184260), RxPkts(224224)
04-14 20:25:44.836 V/LG-FASTDORMANCY( 3447): [DCH/FACH] FDCount : 3 curr: TxPkts(184260), RxPkts(224224)
04-14 20:25:44.837 I/LG-FASTDORMANCY( 3447): [DCH/FACH] FDCount : 4 Scheduling checkNetStat for 1000msec, current state is [DCH/FACH] FDCount : 4 
04-14 20:25:44.957 D/QtiGsmDCT( 3447): [0]updateDataActivity: curTxRxSum={txSum=184260 rxSum=224224} preTxRxSum={txSum=184260 rxSum=224224}
04-14 20:25:44.957 D/QtiGsmDCT( 3447): [0]updateDataActivity: sent=0 received=0
04-14 20:25:45.841 V/LG-FASTDORMANCY( 3447): [DCH/FACH] FDCount : 4 intent received :com.android.internal.telephony.ACTION_CHECK_NETSTAT
04-14 20:25:45.848 V/LG-FASTDORMANCY( 3447): [DCH/FACH] FDCount : 4 prev: TxPkts(184260), RxPkts(224224)
04-14 20:25:45.849 V/LG-FASTDORMANCY( 3447): [DCH/FACH] FDCount : 4 curr: TxPkts(184264), RxPkts(224230)
04-14 20:25:45.850 I/LG-FASTDORMANCY( 3447): [DCH/FACH] FDCount : 0 Scheduling checkNetStat for 1000msec, current state is [DCH/FACH] FDCount : 0 
04-14 20:25:45.962 D/QtiGsmDCT( 3447): [0]updateDataActivity: curTxRxSum={txSum=184264 rxSum=224230} preTxRxSum={txSum=184260 rxSum=224224}
04-14 20:25:45.962 D/QtiGsmDCT( 3447): [0]updateDataActivity: sent=4 received=6
04-14 20:25:45.962 D/QtiGsmDCT( 3447): [0]updateDataActivity: newActivity=DATAINANDOUT
04-14 20:25:45.970 D/QtiGsmDCT( 3447): [0]getDataEnabled: getIntWithSubId retVal=true
04-14 20:25:46.853 V/LG-FASTDORMANCY( 3447): [DCH/FACH] FDCount : 0 intent received :com.android.internal.telephony.ACTION_CHECK_NETSTAT
04-14 20:25:46.861 V/LG-FASTDORMANCY( 3447): [DCH/FACH] FDCount : 0 prev: TxPkts(184264), RxPkts(224230)
04-14 20:25:46.861 V/LG-FASTDORMANCY( 3447): [DCH/FACH] FDCount : 0 curr: TxPkts(184264), RxPkts(224230)
04-14 20:25:46.862 I/LG-FASTDORMANCY( 3447): [DCH/FACH] FDCount : 1 Scheduling checkNetStat for 1000msec, current state is [DCH/FACH] FDCount : 1 
04-14 20:25:46.967 D/QtiGsmDCT( 3447): [0]updateDataActivity: curTxRxSum={txSum=184264 rxSum=224230} preTxRxSum={txSum=184264 rxSum=224230}
04-14 20:25:46.967 D/QtiGsmDCT( 3447): [0]updateDataActivity: sent=0 received=0
04-14 20:25:46.968 D/QtiGsmDCT( 3447): [0]updateDataActivity: newActivity=NONE
04-14 20:25:46.982 D/QtiGsmDCT( 3447): [0]getDataEnabled: getIntWithSubId retVal=true
04-14 20:25:47.868 V/LG-FASTDORMANCY( 3447): [DCH/FACH] FDCount : 1 intent received :com.android.internal.telephony.ACTION_CHECK_NETSTAT
04-14 20:25:47.873 V/LG-FASTDORMANCY( 3447): [DCH/FACH] FDCount : 1 prev: TxPkts(184264), RxPkts(224230)
04-14 20:25:47.873 V/LG-FASTDORMANCY( 3447): [DCH/FACH] FDCount : 1 curr: TxPkts(184264), RxPkts(224230)
04-14 20:25:47.874 I/LG-FASTDORMANCY( 3447): [DCH/FACH] FDCount : 2 Scheduling checkNetStat for 1000msec, current state is [DCH/FACH] FDCount : 2 
04-14 20:25:47.982 D/QtiGsmDCT( 3447): [0]updateDataActivity: curTxRxSum={txSum=184264 rxSum=224230} preTxRxSum={txSum=184264 rxSum=224230}
04-14 20:25:47.982 D/QtiGsmDCT( 3447): [0]updateDataActivity: sent=0 received=0
04-14 20:25:48.878 V/LG-FASTDORMANCY( 3447): [DCH/FACH] FDCount : 2 intent received :com.android.internal.telephony.ACTION_CHECK_NETSTAT
04-14 20:25:48.882 V/LG-FASTDORMANCY( 3447): [DCH/FACH] FDCount : 2 prev: TxPkts(184264), RxPkts(224230)
04-14 20:25:48.882 V/LG-FASTDORMANCY( 3447): [DCH/FACH] FDCount : 2 curr: TxPkts(184264), RxPkts(224230)
04-14 20:25:48.883 I/LG-FASTDORMANCY( 3447): [DCH/FACH] FDCount : 3 Scheduling checkNetStat for 1000msec, current state is [DCH/FACH] FDCount : 3 
04-14 20:25:48.986 D/QtiGsmDCT( 3447): [0]updateDataActivity: curTxRxSum={txSum=184264 rxSum=224230} preTxRxSum={txSum=184264 rxSum=224230}
04-14 20:25:48.986 D/QtiGsmDCT( 3447): [0]updateDataActivity: sent=0 received=0
04-14 20:25:49.886 V/LG-FASTDORMANCY( 3447): [DCH/FACH] FDCount : 3 intent received :com.android.internal.telephony.ACTION_CHECK_NETSTAT
04-14 20:25:49.891 V/LG-FASTDORMANCY( 3447): [DCH/FACH] FDCount : 3 prev: TxPkts(184264), RxPkts(224230)
04-14 20:25:49.891 V/LG-FASTDORMANCY( 3447): [DCH/FACH] FDCount : 3 curr: TxPkts(184264), RxPkts(224230)
04-14 20:25:49.896 I/LG-FASTDORMANCY( 3447): [DCH/FACH] FDCount : 4 Scheduling checkNetStat for 1000msec, current state is [DCH/FACH] FDCount : 4 
04-14 20:25:49.988 D/QtiGsmDCT( 3447): [0]updateDataActivity: curTxRxSum={txSum=184264 rxSum=224230} preTxRxSum={txSum=184264 rxSum=224230}
04-14 20:25:49.988 D/QtiGsmDCT( 3447): [0]updateDataActivity: sent=0 received=0
04-14 20:25:50.903 V/LG-FASTDORMANCY( 3447): [DCH/FACH] FDCount : 4 intent received :com.android.internal.telephony.ACTION_CHECK_NETSTAT
04-14 20:25:50.908 V/LG-FASTDORMANCY( 3447): [DCH/FACH] FDCount : 4 prev: TxPkts(184264), RxPkts(224230)
04-14 20:25:50.908 V/LG-FASTDORMANCY( 3447): [DCH/FACH] FDCount : 4 curr: TxPkts(184268), RxPkts(224236)
04-14 20:25:50.909 I/LG-FASTDORMANCY( 3447): [DCH/FACH] FDCount : 0 Scheduling checkNetStat for 1000msec, current state is [DCH/FACH] FDCount : 0 
04-14 20:25:50.998 D/QtiGsmDCT( 3447): [0]updateDataActivity: curTxRxSum={txSum=184268 rxSum=224236} preTxRxSum={txSum=184264 rxSum=224230}
04-14 20:25:50.998 D/QtiGsmDCT( 3447): [0]updateDataActivity: sent=4 received=6
04-14 20:25:50.998 D/QtiGsmDCT( 3447): [0]updateDataActivity: newActivity=DATAINANDOUT
04-14 20:25:51.006 D/QtiGsmDCT( 3447): [0]getDataEnabled: getIntWithSubId retVal=true
04-14 20:25:51.916 V/LG-FASTDORMANCY( 3447): [DCH/FACH] FDCount : 0 intent received :com.android.internal.telephony.ACTION_CHECK_NETSTAT
04-14 20:25:51.921 V/LG-FASTDORMANCY( 3447): [DCH/FACH] FDCount : 0 prev: TxPkts(184268), RxPkts(224236)
04-14 20:25:51.921 V/LG-FASTDORMANCY( 3447): [DCH/FACH] FDCount : 0 curr: TxPkts(184268), RxPkts(224236)
04-14 20:25:51.922 I/LG-FASTDORMANCY( 3447): [DCH/FACH] FDCount : 1 Scheduling checkNetStat for 1000msec, current state is [DCH/FACH] FDCount : 1 
04-14 20:25:52.005 D/QtiGsmDCT( 3447): [0]updateDataActivity: curTxRxSum={txSum=184268 rxSum=224236} preTxRxSum={txSum=184268 rxSum=224236}
04-14 20:25:52.005 D/QtiGsmDCT( 3447): [0]updateDataActivity: sent=0 received=0
04-14 20:25:52.005 D/QtiGsmDCT( 3447): [0]updateDataActivity: newActivity=NONE
04-14 20:25:52.019 D/QtiGsmDCT( 3447): [0]getDataEnabled: getIntWithSubId retVal=true
04-14 20:25:52.926 V/LG-FASTDORMANCY( 3447): [DCH/FACH] FDCount : 1 intent received :com.android.internal.telephony.ACTION_CHECK_NETSTAT
04-14 20:25:52.932 V/LG-FASTDORMANCY( 3447): [DCH/FACH] FDCount : 1 prev: TxPkts(184268), RxPkts(224236)
04-14 20:25:52.932 V/LG-FASTDORMANCY( 3447): [DCH/FACH] FDCount : 1 curr: TxPkts(184268), RxPkts(224236)
04-14 20:25:52.933 I/LG-FASTDORMANCY( 3447): [DCH/FACH] FDCount : 2 Scheduling checkNetStat for 1000msec, current state is [DCH/FACH] FDCount : 2 
04-14 20:25:53.013 D/QtiGsmDCT( 3447): [0]updateDataActivity: curTxRxSum={txSum=184268 rxSum=224236} preTxRxSum={txSum=184268 rxSum=224236}
04-14 20:25:53.014 D/QtiGsmDCT( 3447): [0]updateDataActivity: sent=0 received=0
04-14 20:25:53.938 V/LG-FASTDORMANCY( 3447): [DCH/FACH] FDCount : 2 intent received :com.android.internal.telephony.ACTION_CHECK_NETSTAT
04-14 20:25:53.944 V/LG-FASTDORMANCY( 3447): [DCH/FACH] FDCount : 2 prev: TxPkts(184268), RxPkts(224236)
04-14 20:25:53.944 V/LG-FASTDORMANCY( 3447): [DCH/FACH] FDCount : 2 curr: TxPkts(184268), RxPkts(224236)
04-14 20:25:53.945 I/LG-FASTDORMANCY( 3447): [DCH/FACH] FDCount : 3 Scheduling checkNetStat for 1000msec, current state is [DCH/FACH] FDCount : 3 
04-14 20:25:54.017 D/QtiGsmDCT( 3447): [0]updateDataActivity: curTxRxSum={txSum=184268 rxSum=224236} preTxRxSum={txSum=184268 rxSum=224236}
04-14 20:25:54.017 D/QtiGsmDCT( 3447): [0]updateDataActivity: sent=0 received=0
04-14 20:25:54.948 V/LG-FASTDORMANCY( 3447): [DCH/FACH] FDCount : 3 intent received :com.android.internal.telephony.ACTION_CHECK_NETSTAT
04-14 20:25:54.953 V/LG-FASTDORMANCY( 3447): [DCH/FACH] FDCount : 3 prev: TxPkts(184268), RxPkts(224236)
04-14 20:25:54.953 V/LG-FASTDORMANCY( 3447): [DCH/FACH] FDCount : 3 curr: TxPkts(184268), RxPkts(224236)
04-14 20:25:54.954 I/LG-FASTDORMANCY( 3447): [DCH/FACH] FDCount : 4 Scheduling checkNetStat for 1000msec, current state is [DCH/FACH] FDCount : 4 
04-14 20:25:55.020 D/QtiGsmDCT( 3447): [0]updateDataActivity: curTxRxSum={txSum=184268 rxSum=224236} preTxRxSum={txSum=184268 rxSum=224236}
04-14 20:25:55.020 D/QtiGsmDCT( 3447): [0]updateDataActivity: sent=0 received=0
04-14 20:25:55.958 V/LG-FASTDORMANCY( 3447): [DCH/FACH] FDCount : 4 intent received :com.android.internal.telephony.ACTION_CHECK_NETSTAT
04-14 20:25:55.968 V/LG-FASTDORMANCY( 3447): [DCH/FACH] FDCount : 4 prev: TxPkts(184268), RxPkts(224236)
04-14 20:25:55.968 V/LG-FASTDORMANCY( 3447): [DCH/FACH] FDCount : 4 curr: TxPkts(184268), RxPkts(224236)
04-14 20:25:55.969 I/LG-FASTDORMANCY( 3447): [DCH/FACH] FDCount : 5 Scheduling checkNetStat for 1000msec, current state is [DCH/FACH] FDCount : 5 
04-14 20:25:56.022 D/QtiGsmDCT( 3447): [0]updateDataActivity: curTxRxSum={txSum=184268 rxSum=224236} preTxRxSum={txSum=184268 rxSum=224236}
04-14 20:25:56.023 D/QtiGsmDCT( 3447): [0]updateDataActivity: sent=0 received=0
04-14 20:25:56.974 V/LG-FASTDORMANCY( 3447): [DCH/FACH] FDCount : 5 intent received :com.android.internal.telephony.ACTION_CHECK_NETSTAT
04-14 20:25:56.985 V/LG-FASTDORMANCY( 3447): [DCH/FACH] FDCount : 5 prev: TxPkts(184268), RxPkts(224236)
04-14 20:25:56.985 V/LG-FASTDORMANCY( 3447): [DCH/FACH] FDCount : 5 curr: TxPkts(184268), RxPkts(224236)
04-14 20:25:56.987 I/LG-FASTDORMANCY( 3447): [DCH/FACH] FDCount : 6 Scheduling checkNetStat for 1000msec, current state is [DCH/FACH] FDCount : 6 
04-14 20:25:57.031 D/QtiGsmDCT( 3447): [0]updateDataActivity: curTxRxSum={txSum=184270 rxSum=224236} preTxRxSum={txSum=184268 rxSum=224236}
04-14 20:25:57.031 D/QtiGsmDCT( 3447): [0]updateDataActivity: sent=2 received=0
04-14 20:25:57.031 D/QtiGsmDCT( 3447): [0]updateDataActivity: newActivity=DATAOUT
04-14 20:25:57.038 D/QtiGsmDCT( 3447): [0]getDataEnabled: getIntWithSubId retVal=true
04-14 20:25:57.991 V/LG-FASTDORMANCY( 3447): [DCH/FACH] FDCount : 6 intent received :com.android.internal.telephony.ACTION_CHECK_NETSTAT
04-14 20:25:57.998 V/LG-FASTDORMANCY( 3447): [DCH/FACH] FDCount : 6 prev: TxPkts(184268), RxPkts(224236)
04-14 20:25:57.998 V/LG-FASTDORMANCY( 3447): [DCH/FACH] FDCount : 6 curr: TxPkts(184272), RxPkts(224242)
04-14 20:25:57.998 I/LG-FASTDORMANCY( 3447): [DCH/FACH] FDCount : 0 Scheduling checkNetStat for 1000msec, current state is [DCH/FACH] FDCount : 0 
04-14 20:25:58.036 D/QtiGsmDCT( 3447): [0]updateDataActivity: curTxRxSum={txSum=184272 rxSum=224242} preTxRxSum={txSum=184270 rxSum=224236}
04-14 20:25:58.036 D/QtiGsmDCT( 3447): [0]updateDataActivity: sent=2 received=6
04-14 20:25:58.036 D/QtiGsmDCT( 3447): [0]updateDataActivity: newActivity=DATAINANDOUT
04-14 20:25:58.044 D/QtiGsmDCT( 3447): [0]getDataEnabled: getIntWithSubId retVal=true
04-14 20:25:59.003 V/LG-FASTDORMANCY( 3447): [DCH/FACH] FDCount : 0 intent received :com.android.internal.telephony.ACTION_CHECK_NETSTAT
04-14 20:25:59.007 V/LG-FASTDORMANCY( 3447): [DCH/FACH] FDCount : 0 prev: TxPkts(184272), RxPkts(224242)
04-14 20:25:59.007 V/LG-FASTDORMANCY( 3447): [DCH/FACH] FDCount : 0 curr: TxPkts(184272), RxPkts(224242)
04-14 20:25:59.011 I/LG-FASTDORMANCY( 3447): [DCH/FACH] FDCount : 1 Scheduling checkNetStat for 1000msec, current state is [DCH/FACH] FDCount : 1 
04-14 20:25:59.052 D/QtiGsmDCT( 3447): [0]updateDataActivity: curTxRxSum={txSum=184272 rxSum=224242} preTxRxSum={txSum=184272 rxSum=224242}
04-14 20:25:59.052 D/QtiGsmDCT( 3447): [0]updateDataActivity: sent=0 received=0
04-14 20:25:59.052 D/QtiGsmDCT( 3447): [0]updateDataActivity: newActivity=NONE
04-14 20:25:59.070 D/QtiGsmDCT( 3447): [0]getDataEnabled: getIntWithSubId retVal=true
04-14 20:26:00.015 V/LG-FASTDORMANCY( 3447): [DCH/FACH] FDCount : 1 intent received :com.android.internal.telephony.ACTION_CHECK_NETSTAT
04-14 20:26:00.019 V/LG-FASTDORMANCY( 3447): [DCH/FACH] FDCount : 1 prev: TxPkts(184272), RxPkts(224242)
04-14 20:26:00.019 V/LG-FASTDORMANCY( 3447): [DCH/FACH] FDCount : 1 curr: TxPkts(184272), RxPkts(224242)
04-14 20:26:00.021 I/LG-FASTDORMANCY( 3447): [DCH/FACH] FDCount : 2 Scheduling checkNetStat for 1000msec, current state is [DCH/FACH] FDCount : 2 
04-14 20:26:00.065 D/QtiGsmDCT( 3447): [0]updateDataActivity: curTxRxSum={txSum=184272 rxSum=224242} preTxRxSum={txSum=184272 rxSum=224242}
04-14 20:26:00.068 D/QtiGsmDCT( 3447): [0]updateDataActivity: sent=0 received=0
04-14 20:26:01.024 V/LG-FASTDORMANCY( 3447): [DCH/FACH] FDCount : 2 intent received :com.android.internal.telephony.ACTION_CHECK_NETSTAT
04-14 20:26:01.034 V/LG-FASTDORMANCY( 3447): [DCH/FACH] FDCount : 2 prev: TxPkts(184272), RxPkts(224242)
04-14 20:26:01.034 V/LG-FASTDORMANCY( 3447): [DCH/FACH] FDCount : 2 curr: TxPkts(184272), RxPkts(224242)
04-14 20:26:01.035 I/LG-FASTDORMANCY( 3447): [DCH/FACH] FDCount : 3 Scheduling checkNetStat for 1000msec, current state is [DCH/FACH] FDCount : 3 
04-14 20:26:01.073 D/QtiGsmDCT( 3447): [0]updateDataActivity: curTxRxSum={txSum=184272 rxSum=224242} preTxRxSum={txSum=184272 rxSum=224242}
04-14 20:26:01.073 D/QtiGsmDCT( 3447): [0]updateDataActivity: sent=0 received=0
04-14 20:26:02.038 V/LG-FASTDORMANCY( 3447): [DCH/FACH] FDCount : 3 intent received :com.android.internal.telephony.ACTION_CHECK_NETSTAT
04-14 20:26:02.042 V/LG-FASTDORMANCY( 3447): [DCH/FACH] FDCount : 3 prev: TxPkts(184272), RxPkts(224242)
04-14 20:26:02.042 V/LG-FASTDORMANCY( 3447): [DCH/FACH] FDCount : 3 curr: TxPkts(184272), RxPkts(224242)
04-14 20:26:02.043 I/LG-FASTDORMANCY( 3447): [DCH/FACH] FDCount : 4 Scheduling checkNetStat for 1000msec, current state is [DCH/FACH] FDCount : 4 
04-14 20:26:02.076 D/QtiGsmDCT( 3447): [0]updateDataActivity: curTxRxSum={txSum=184272 rxSum=224242} preTxRxSum={txSum=184272 rxSum=224242}
04-14 20:26:02.076 D/QtiGsmDCT( 3447): [0]updateDataActivity: sent=0 received=0
04-14 20:26:03.048 V/LG-FASTDORMANCY( 3447): [DCH/FACH] FDCount : 4 intent received :com.android.internal.telephony.ACTION_CHECK_NETSTAT
04-14 20:26:03.052 V/LG-FASTDORMANCY( 3447): [DCH/FACH] FDCount : 4 prev: TxPkts(184272), RxPkts(224242)
04-14 20:26:03.053 V/LG-FASTDORMANCY( 3447): [DCH/FACH] FDCount : 4 curr: TxPkts(184272), RxPkts(224242)
04-14 20:26:03.054 I/LG-FASTDORMANCY( 3447): [DCH/FACH] FDCount : 5 Scheduling checkNetStat for 1000msec, current state is [DCH/FACH] FDCount : 5 
04-14 20:26:03.082 D/QtiGsmDCT( 3447): [0]updateDataActivity: curTxRxSum={txSum=184272 rxSum=224242} preTxRxSum={txSum=184272 rxSum=224242}
04-14 20:26:03.082 D/QtiGsmDCT( 3447): [0]updateDataActivity: sent=0 received=0
04-14 20:26:04.059 V/LG-FASTDORMANCY( 3447): [DCH/FACH] FDCount : 5 intent received :com.android.internal.telephony.ACTION_CHECK_NETSTAT
04-14 20:26:04.063 V/LG-FASTDORMANCY( 3447): [DCH/FACH] FDCount : 5 prev: TxPkts(184272), RxPkts(224242)
04-14 20:26:04.063 V/LG-FASTDORMANCY( 3447): [DCH/FACH] FDCount : 5 curr: TxPkts(184276), RxPkts(224248)
04-14 20:26:04.064 I/LG-FASTDORMANCY( 3447): [DCH/FACH] FDCount : 0 Scheduling checkNetStat for 1000msec, current state is [DCH/FACH] FDCount : 0 
04-14 20:26:04.085 D/QtiGsmDCT( 3447): [0]updateDataActivity: curTxRxSum={txSum=184276 rxSum=224248} preTxRxSum={txSum=184272 rxSum=224242}
04-14 20:26:04.085 D/QtiGsmDCT( 3447): [0]updateDataActivity: sent=4 received=6
04-14 20:26:04.085 D/QtiGsmDCT( 3447): [0]updateDataActivity: newActivity=DATAINANDOUT
04-14 20:26:04.095 D/QtiGsmDCT( 3447): [0]getDataEnabled: getIntWithSubId retVal=true
04-14 20:26:05.067 V/LG-FASTDORMANCY( 3447): [DCH/FACH] FDCount : 0 intent received :com.android.internal.telephony.ACTION_CHECK_NETSTAT
04-14 20:26:05.073 V/LG-FASTDORMANCY( 3447): [DCH/FACH] FDCount : 0 prev: TxPkts(184276), RxPkts(224248)
04-14 20:26:05.073 V/LG-FASTDORMANCY( 3447): [DCH/FACH] FDCount : 0 curr: TxPkts(184276), RxPkts(224248)
04-14 20:26:05.074 I/LG-FASTDORMANCY( 3447): [DCH/FACH] FDCount : 1 Scheduling checkNetStat for 1000msec, current state is [DCH/FACH] FDCount : 1 
04-14 20:26:05.093 D/QtiGsmDCT( 3447): [0]updateDataActivity: curTxRxSum={txSum=184276 rxSum=224248} preTxRxSum={txSum=184276 rxSum=224248}
04-14 20:26:05.093 D/QtiGsmDCT( 3447): [0]updateDataActivity: sent=0 received=0
04-14 20:26:05.093 D/QtiGsmDCT( 3447): [0]updateDataActivity: newActivity=NONE
04-14 20:26:05.099 D/QtiGsmDCT( 3447): [0]getDataEnabled: getIntWithSubId retVal=true
04-14 20:26:06.078 V/LG-FASTDORMANCY( 3447): [DCH/FACH] FDCount : 1 intent received :com.android.internal.telephony.ACTION_CHECK_NETSTAT
04-14 20:26:06.084 V/LG-FASTDORMANCY( 3447): [DCH/FACH] FDCount : 1 prev: TxPkts(184276), RxPkts(224248)
04-14 20:26:06.085 V/LG-FASTDORMANCY( 3447): [DCH/FACH] FDCount : 1 curr: TxPkts(184276), RxPkts(224248)
04-14 20:26:06.086 I/LG-FASTDORMANCY( 3447): [DCH/FACH] FDCount : 2 Scheduling checkNetStat for 1000msec, current state is [DCH/FACH] FDCount : 2 
04-14 20:26:06.098 D/QtiGsmDCT( 3447): [0]updateDataActivity: curTxRxSum={txSum=184276 rxSum=224248} preTxRxSum={txSum=184276 rxSum=224248}
04-14 20:26:06.098 D/QtiGsmDCT( 3447): [0]updateDataActivity: sent=0 received=0
04-14 20:26:07.091 D/SubscriptionManager( 5785): SubscriptionManager created
04-14 20:26:07.104 D/QtiGsmDCT( 3447): [0]updateDataActivity: curTxRxSum={txSum=184276 rxSum=224248} preTxRxSum={txSum=184276 rxSum=224248}
04-14 20:26:07.104 D/QtiGsmDCT( 3447): [0]updateDataActivity: sent=0 received=0
04-14 20:26:07.734 D/SubscriptionManager( 5809): SubscriptionManager created
04-14 20:26:07.739 D/SubscriptionManager( 5809): getSimStateForSubscriber: simState=5 slotIdx=0
04-14 20:26:07.869 I/RILC    (  370): RIL_SOCKET_1 UNSOLICITED: RIL_UNSOL_LTE_REJECT_CAUSE length:16
04-14 20:26:07.870 E/RILC    (  370): Send Response to RIL_SOCKET_1
04-14 20:26:07.870 E/RILC    (  370): RIL Response bytes written:4
04-14 20:26:07.870 D/RILJ    ( 3447): [UNSL]< RIL_UNSOL_LTE_REJECT_CAUSE {15} [SUB0]
04-14 20:26:07.871 E/RILC    (  370): RIL Response bytes written:16
04-14 20:26:07.871 I/RILC    (  370): RIL_SOCKET_1 UNSOLICITED: UNSOL_OEM_HOOK_RAW length:32
04-14 20:26:07.871 E/RILC    (  370): Send Response to RIL_SOCKET_1
04-14 20:26:07.871 E/RILC    (  370): RIL Response bytes written:4
04-14 20:26:07.871 V/RILJ    ( 3447): [UNSL]< UNSOL_OEM_HOOK_RAW 514f454d484f4f4bef0308000100000002 [SUB0]
04-14 20:26:07.871 D/RILJ    ( 3447): Oem ID in RIL_UNSOL_OEM_HOOK_RAW is QOEMHOOK
04-14 20:26:07.871 D/RILJ    ( 3447): OEM ID check Passed
04-14 20:26:07.871 D/RILJ    ( 3447): Response ID in RIL_UNSOL_OEM_HOOK_RAW is 525295
04-14 20:26:07.871 D/RILJ    ( 3447): Response ID 525295 is not served in this process.
04-14 20:26:07.872 E/RILC    (  370): RIL Response bytes written:32
04-14 20:26:07.873 I/RILC    (  370): RIL_SOCKET_1 UNSOLICITED: UNSOL_RESPONSE_VOICE_NETWORK_STATE_CHANGED length:8
04-14 20:26:07.873 E/RILC    (  370): Send Response to RIL_SOCKET_1
04-14 20:26:07.873 E/RILC    (  370): RIL Response bytes written:4
04-14 20:26:07.873 E/RILC    (  370): RIL Response bytes written:8
04-14 20:26:07.875 I/RILQ    (  370): (0/370):RIL[0][event] qcril_arb_set_dsd_sys_status: old_pref_data 1 - new_data_pref 1
04-14 20:26:07.876 I/RILQ    (  370): (0/370):RIL[0][event] qcril_arb_set_dsd_sys_status: preferred dsd_sys_status nw=0x0, rat_value=0x1, so_mask=0x0000000000000007
04-14 20:26:07.876 I/RILQ    (  370): (0/370):RIL[0][event] qcril_arb_set_dsd_sys_status: preferred 1 - dsd_sys_status nw=0x0, rat_value=0x1, so_mask=0x0000000000000007
04-14 20:26:07.876 I/RILQ    (  370): (0/370):RIL[0][event] qcril_arb_set_dsd_sys_status: is_wwan_available 0
04-14 20:26:07.876 D/RILJ    ( 3447): [UNSL]< UNSOL_RESPONSE_VOICE_NETWORK_STATE_CHANGED [SUB0]
04-14 20:26:07.876 D/RILJ    ( 3447): [2107]> OPERATOR [SUB0]
04-14 20:26:07.878 D/RILJ    ( 3447): [2108]> DATA_REGISTRATION_STATE [SUB0]
04-14 20:26:07.878 D/RILC    (  370): SOCKET RIL_SOCKET_1 REQUEST: OPERATOR length:8
04-14 20:26:07.879 D/RILJ    ( 3447): [2109]> VOICE_REGISTRATION_STATE [SUB0]
04-14 20:26:07.879 I/RILC    (  370): RIL_SOCKET_1 UNSOLICITED: UNSOL_OEM_HOOK_RAW length:32
04-14 20:26:07.879 E/RILC    (  370): Send Response to RIL_SOCKET_1
04-14 20:26:07.879 E/RILC    (  370): RIL Response bytes written:4
