04-14 20:24:29.443 D/QtiGsmDCT( 3447): [0]updateDataActivity: curTxRxSum={txSum=184194 rxSum=224148} preTxRxSum={txSum=184194 rxSum=224148}
04-14 20:24:29.443 D/QtiGsmDCT( 3447): [0]updateDataActivity: sent=0 received=0
04-14 20:24:30.447 D/QtiGsmDCT( 3447): [0]updateDataActivity: curTxRxSum={txSum=184194 rxSum=224148} preTxRxSum={txSum=184194 rxSum=224148}
04-14 20:24:30.447 D/QtiGsmDCT( 3447): [0]updateDataActivity: sent=0 received=0
04-14 20:24:31.453 D/QtiGsmDCT( 3447): [0]updateDataActivity: curTxRxSum={txSum=184194 rxSum=224148} preTxRxSum={txSum=184194 rxSum=224148}
04-14 20:24:31.453 D/QtiGsmDCT( 3447): [0]updateDataActivity: sent=0 received=0
04-14 20:24:32.457 D/QtiGsmDCT( 3447): [0]updateDataActivity: curTxRxSum={txSum=184194 rxSum=224148} preTxRxSum={txSum=184194 rxSum=224148}
04-14 20:24:32.457 D/QtiGsmDCT( 3447): [0]updateDataActivity: sent=0 received=0
04-14 20:24:32.662 I/RILC    (  370): RIL_SOCKET_1 UNSOLICITED: UNSOL_SIGNAL_STRENGTH length:68
04-14 20:24:32.662 E/RILC    (  370): Send Response to RIL_SOCKET_1
04-14 20:24:32.662 E/RILC    (  370): RIL Response bytes written:4
04-14 20:24:32.662 E/RILC    (  370): RIL Response bytes written:68
04-14 20:24:32.663 D/GsmSST  ( 3447): [GsmSST] ServiceStateTrackerEx:onSignalStrengthResult() isGsm=true DataRadioTech=11
04-14 20:24:32.663 W/LGSignalStrength( 3447): setDataRadioTechnology: dataRadioTechnology = 11
04-14 20:24:32.663 D/DefaultPhoneNotifier( 3447): notifySignalStrength: mRegistry=com.android.internal.telephony.ITelephonyRegistry$Stub$Proxy@ced2ad0 ss=SignalStrength: 12 0 -90 -75 -120 -1 -1 99 2147483647 2147483647 2147483647 2147483647 2147483647 gsm|lte 11 0 -90 -75 sender=Handler (com.qti.internal.telephony.gsm.QtiGSMPhone) {560d91e}
04-14 20:24:32.676 D/QtiGsmDCT( 3447): [0]getDataEnabled: getIntWithSubId retVal=true
04-14 20:24:33.461 D/QtiGsmDCT( 3447): [0]updateDataActivity: curTxRxSum={txSum=184194 rxSum=224148} preTxRxSum={txSum=184194 rxSum=224148}
04-14 20:24:33.461 D/QtiGsmDCT( 3447): [0]updateDataActivity: sent=0 received=0
04-14 20:24:34.465 D/QtiGsmDCT( 3447): [0]updateDataActivity: curTxRxSum={txSum=184194 rxSum=224148} preTxRxSum={txSum=184194 rxSum=224148}
04-14 20:24:34.465 D/QtiGsmDCT( 3447): [0]updateDataActivity: sent=0 received=0
04-14 20:24:35.469 D/QtiGsmDCT( 3447): [0]updateDataActivity: curTxRxSum={txSum=184194 rxSum=224148} preTxRxSum={txSum=184194 rxSum=224148}
04-14 20:24:35.470 D/QtiGsmDCT( 3447): [0]updateDataActivity: sent=0 received=0
04-14 20:24:36.474 D/QtiGsmDCT( 3447): [0]updateDataActivity: curTxRxSum={txSum=184194 rxSum=224148} preTxRxSum={txSum=184194 rxSum=224148}
04-14 20:24:36.474 D/QtiGsmDCT( 3447): [0]updateDataActivity: sent=0 received=0
04-14 20:24:37.478 D/QtiGsmDCT( 3447): [0]updateDataActivity: curTxRxSum={txSum=184194 rxSum=224148} preTxRxSum={txSum=184194 rxSum=224148}
04-14 20:24:37.478 D/QtiGsmDCT( 3447): [0]updateDataActivity: sent=0 received=0
04-14 20:24:38.483 D/QtiGsmDCT( 3447): [0]updateDataActivity: curTxRxSum={txSum=184194 rxSum=224148} preTxRxSum={txSum=184194 rxSum=224148}
04-14 20:24:38.483 D/QtiGsmDCT( 3447): [0]updateDataActivity: sent=0 received=0
04-14 20:24:39.487 D/QtiGsmDCT( 3447): [0]updateDataActivity: curTxRxSum={txSum=184194 rxSum=224148} preTxRxSum={txSum=184194 rxSum=224148}
04-14 20:24:39.487 D/QtiGsmDCT( 3447): [0]updateDataActivity: sent=0 received=0
04-14 20:24:40.492 D/QtiGsmDCT( 3447): [0]updateDataActivity: curTxRxSum={txSum=184194 rxSum=224148} preTxRxSum={txSum=184194 rxSum=224148}
04-14 20:24:40.492 D/QtiGsmDCT( 3447): [0]updateDataActivity: sent=0 received=0
04-14 20:24:41.496 D/QtiGsmDCT( 3447): [0]updateDataActivity: curTxRxSum={txSum=184194 rxSum=224148} preTxRxSum={txSum=184194 rxSum=224148}
04-14 20:24:41.496 D/QtiGsmDCT( 3447): [0]updateDataActivity: sent=0 received=0
04-14 20:24:42.087 D/RILJ    ( 3447): defaultDisplayState: 1 [SUB0]
04-14 20:24:42.474 D/QtiGsmDCT( 3447): [0]onReceive: action=android.intent.action.SCREEN_OFF
04-14 20:24:42.474 D/QtiGsmDCT( 3447): [0]stopNetStatPoll
04-14 20:24:42.476 D/QtiGsmDCT( 3447): [0]overall state is CONNECTED
04-14 20:24:42.476 D/QtiGsmDCT( 3447): [0]startNetStatPoll
04-14 20:24:42.479 D/QtiGsmDCT( 3447): [0]updateDataActivity: curTxRxSum={txSum=184194 rxSum=224148} preTxRxSum={txSum=-1 rxSum=-1}
04-14 20:24:42.485 D/QtiGsmDCT( 3447): [0]overall state is CONNECTED
04-14 20:24:42.488 V/LG-FASTDORMANCY( 3447): [IDLE] intent received :android.intent.action.SCREEN_OFF
04-14 20:25:06.453 D/RILJ    ( 3447): defaultDisplayState: 2 [SUB0]
04-14 20:25:06.595 D/QtiGsmDCT( 3447): [0]onReceive: action=android.intent.action.SCREEN_ON
04-14 20:25:06.595 D/QtiGsmDCT( 3447): [0]stopNetStatPoll
04-14 20:25:06.597 D/QtiGsmDCT( 3447): [0]overall state is CONNECTED
04-14 20:25:06.597 D/QtiGsmDCT( 3447): [0]startNetStatPoll
04-14 20:25:06.599 D/QtiGsmDCT( 3447): [0]updateDataActivity: curTxRxSum={txSum=184194 rxSum=224148} preTxRxSum={txSum=-1 rxSum=-1}
04-14 20:25:06.604 D/QtiGsmDCT( 3447): [0]overall state is CONNECTED
04-14 20:25:06.607 V/LG-FASTDORMANCY( 3447): [IDLE] intent received :android.intent.action.SCREEN_ON
04-14 20:25:06.623 D/LGSTK   ( 3447): StkAppService: StkAppService onStart 
04-14 20:25:06.623 D/LGSTK   ( 3447): StkAppService: onStart sim id: 0, op: 13, *****
04-14 20:25:06.623 D/LGSTK   ( 3447): StkAppService$ServiceHandler: handleMessage opcode[13], sim id[0]
04-14 20:25:06.626 D/LGSTK   ( 3447): StkAppService: nameOfLauncherPkg : com.lge.launcher2
04-14 20:25:06.628 D/LGSTK   ( 3447): StkAppService: Top currentPackageName : com.lge.launcher2
04-14 20:25:06.629 D/LGSTK   ( 3447): StkAppService: Need to send IDLE SCREEN Available event to SIM
04-14 20:25:06.629 D/LGSTK   ( 3447): StkAppService: Event :5
04-14 20:25:06.629 E/LGSTK   ( 3447): StkAppService: SetupEventList is not received. Ignoring the event: 5
04-14 20:25:07.605 D/QtiGsmDCT( 3447): [0]updateDataActivity: curTxRxSum={txSum=184194 rxSum=224148} preTxRxSum={txSum=184194 rxSum=224148}
04-14 20:25:07.605 D/QtiGsmDCT( 3447): [0]updateDataActivity: sent=0 received=0
04-14 20:25:07.886 D/LGUICC  ( 5422): [LGUiccManager] getProperty: not ready: key=gid1, slot=0
04-14 20:25:07.886 D/LGUICC  ( 5422): [LGUiccManager] getProperty: traceCaller: com.lge.appbox.util.SDKReflector.getGid(SDKReflector.java:226)
04-14 20:25:08.617 D/QtiGsmDCT( 3447): [0]updateDataActivity: curTxRxSum={txSum=184194 rxSum=224148} preTxRxSum={txSum=184194 rxSum=224148}
04-14 20:25:08.617 D/QtiGsmDCT( 3447): [0]updateDataActivity: sent=0 received=0
04-14 20:25:09.625 D/QtiGsmDCT( 3447): [0]updateDataActivity: curTxRxSum={txSum=184194 rxSum=224148} preTxRxSum={txSum=184194 rxSum=224148}
04-14 20:25:09.625 D/QtiGsmDCT( 3447): [0]updateDataActivity: sent=0 received=0
04-14 20:25:10.629 D/QtiGsmDCT( 3447): [0]updateDataActivity: curTxRxSum={txSum=184194 rxSum=224148} preTxRxSum={txSum=184194 rxSum=224148}
04-14 20:25:10.629 D/QtiGsmDCT( 3447): [0]updateDataActivity: sent=0 received=0
04-14 20:25:11.632 D/QtiGsmDCT( 3447): [0]updateDataActivity: curTxRxSum={txSum=184194 rxSum=224148} preTxRxSum={txSum=184194 rxSum=224148}
04-14 20:25:11.633 D/QtiGsmDCT( 3447): [0]updateDataActivity: sent=0 received=0
04-14 20:25:12.636 D/QtiGsmDCT( 3447): [0]updateDataActivity: curTxRxSum={txSum=184194 rxSum=224148} preTxRxSum={txSum=184194 rxSum=224148}
04-14 20:25:12.636 D/QtiGsmDCT( 3447): [0]updateDataActivity: sent=0 received=0
04-14 20:25:13.642 D/QtiGsmDCT( 3447): [0]updateDataActivity: curTxRxSum={txSum=184194 rxSum=224148} preTxRxSum={txSum=184194 rxSum=224148}
04-14 20:25:13.643 D/QtiGsmDCT( 3447): [0]updateDataActivity: sent=0 received=0
04-14 20:25:14.646 D/QtiGsmDCT( 3447): [0]updateDataActivity: curTxRxSum={txSum=184194 rxSum=224148} preTxRxSum={txSum=184194 rxSum=224148}
04-14 20:25:14.646 D/QtiGsmDCT( 3447): [0]updateDataActivity: sent=0 received=0
04-14 20:25:15.650 D/QtiGsmDCT( 3447): [0]updateDataActivity: curTxRxSum={txSum=184194 rxSum=224148} preTxRxSum={txSum=184194 rxSum=224148}
04-14 20:25:15.650 D/QtiGsmDCT( 3447): [0]updateDataActivity: sent=0 received=0
04-14 20:25:16.653 D/QtiGsmDCT( 3447): [0]updateDataActivity: curTxRxSum={txSum=184195 rxSum=224148} preTxRxSum={txSum=184194 rxSum=224148}
04-14 20:25:16.653 D/QtiGsmDCT( 3447): [0]updateDataActivity: sent=1 received=0
04-14 20:25:16.653 D/QtiGsmDCT( 3447): [0]updateDataActivity: newActivity=DATAOUT
04-14 20:25:16.664 D/QtiGsmDCT( 3447): [0]getDataEnabled: getIntWithSubId retVal=true
04-14 20:25:16.868 I/RILC    (  370): RIL_SOCKET_1 UNSOLICITED: RIL_UNSOL_LTE_REJECT_CAUSE length:16
04-14 20:25:16.868 E/RILC    (  370): Send Response to RIL_SOCKET_1
04-14 20:25:16.868 E/RILC    (  370): RIL Response bytes written:4
04-14 20:25:16.868 D/RILJ    ( 3447): [UNSL]< RIL_UNSOL_LTE_REJECT_CAUSE {15} [SUB0]
04-14 20:25:16.868 E/RILC    (  370): RIL Response bytes written:16
04-14 20:25:16.870 I/RILC    (  370): RIL_SOCKET_1 UNSOLICITED: UNSOL_OEM_HOOK_RAW length:32
04-14 20:25:16.870 E/RILC    (  370): Send Response to RIL_SOCKET_1
04-14 20:25:16.871 E/RILC    (  370): RIL Response bytes written:4
04-14 20:25:16.871 V/RILJ    ( 3447): [UNSL]< UNSOL_OEM_HOOK_RAW 514f454d484f4f4bef0308000100000001 [SUB0]
04-14 20:25:16.871 D/RILJ    ( 3447): Oem ID in RIL_UNSOL_OEM_HOOK_RAW is QOEMHOOK
04-14 20:25:16.871 D/RILJ    ( 3447): OEM ID check Passed
04-14 20:25:16.871 D/RILJ    ( 3447): Response ID in RIL_UNSOL_OEM_HOOK_RAW is 525295
04-14 20:25:16.871 D/RILJ    ( 3447): Response ID 525295 is not served in this process.
04-14 20:25:16.871 E/RILC    (  370): RIL Response bytes written:32
04-14 20:25:16.875 I/RILC    (  370): RIL_SOCKET_1 UNSOLICITED: UNSOL_RESPONSE_VOICE_NETWORK_STATE_CHANGED length:8
04-14 20:25:16.875 E/RILC    (  370): Send Response to RIL_SOCKET_1
04-14 20:25:16.876 E/RILC    (  370): RIL Response bytes written:4
04-14 20:25:16.876 D/RILJ    ( 3447): [UNSL]< UNSOL_RESPONSE_VOICE_NETWORK_STATE_CHANGED [SUB0]
04-14 20:25:16.876 E/RILC    (  370): RIL Response bytes written:8
04-14 20:25:16.877 D/RILJ    ( 3447): [2067]> OPERATOR [SUB0]
04-14 20:25:16.878 D/RILJ    ( 3447): [2068]> DATA_REGISTRATION_STATE [SUB0]
04-14 20:25:16.878 D/RILC    (  370): SOCKET RIL_SOCKET_1 REQUEST: OPERATOR length:8
04-14 20:25:16.879 D/RILJ    ( 3447): [2069]> VOICE_REGISTRATION_STATE [SUB0]
04-14 20:25:16.879 D/RILC    (  370): SOCKET RIL_SOCKET_1 REQUEST: DATA_REGISTRATION_STATE length:8
04-14 20:25:16.880 D/RILJ    ( 3447): [2070]> QUERY_NETWORK_SELECTION_MODE [SUB0]
04-14 20:25:16.881 D/RILC    (  370): SOCKET RIL_SOCKET_1 REQUEST: VOICE_REGISTRATION_STATE length:8
04-14 20:25:16.883 D/RILC    (  370): SOCKET RIL_SOCKET_1 REQUEST: QUERY_NETWORK_SELECTION_MODE length:8
04-14 20:25:16.884 D/RILC    (  370): RequestComplete, RIL_SOCKET_1
04-14 20:25:16.884 E/RILC    (  370): Send Response to RIL_SOCKET_1
04-14 20:25:16.884 E/RILC    (  370): RIL Response bytes written:4
04-14 20:25:16.884 D/RILJ    ( 3447): [2068]< DATA_REGISTRATION_STATE {1, dfde, 02be2e33, 11, null, 20, null, null, null, null, null, 0} [SUB0]
04-14 20:25:16.885 E/RILC    (  370): RIL Response bytes written:120
04-14 20:25:16.885 D/GsmSST  ( 3447): isSFROperators result = false
04-14 20:25:16.885 D/PHONE   ( 3447): [ServiceState] setDataRegState=0
04-14 20:25:16.886 D/PHONE   ( 3447): [ServiceState] setDataRadioTechnology=11
04-14 20:25:16.886 D/GsmSST  ( 3447): [GsmSST] LOGRadioInfo : In Service
04-14 20:25:16.887 D/GsmSST  ( 3447): [GsmSST] handlPollStateResultMessage: GsmSST setDataRegState=0 regState=1 dataRadioTechnology=11
04-14 20:25:16.895 D/RILC    (  370): RequestComplete, RIL_SOCKET_1
04-14 20:25:16.895 E/RILC    (  370): Send Response to RIL_SOCKET_1
04-14 20:25:16.896 E/RILC    (  370): RIL Response bytes written:4
04-14 20:25:16.897 D/RILJ    ( 3447): [2070]< QUERY_NETWORK_SELECTION_MODE {0} [SUB0]
04-14 20:25:16.897 E/RILC    (  370): RIL Response bytes written:20
04-14 20:25:16.897 D/RILC    (  370): RequestComplete, RIL_SOCKET_1
04-14 20:25:16.897 E/RILC    (  370): Send Response to RIL_SOCKET_1
04-14 20:25:16.897 E/RILC    (  370): RIL Response bytes written:4
04-14 20:25:16.898 D/RILJ    ( 3447): [2067]< OPERATOR {Orange, Orange, 26003} [SUB0]
04-14 20:25:16.898 E/RILC    (  370): RIL Response bytes written:72
04-14 20:25:16.898 D/RILC    (  370): RequestComplete, RIL_SOCKET_1
04-14 20:25:16.898 E/RILC    (  370): Send Response to RIL_SOCKET_1
04-14 20:25:16.898 E/RILC    (  370): RIL Response bytes written:4
04-14 20:25:16.899 D/RILJ    ( 3447): [2069]< VOICE_REGISTRATION_STATE {1, dfde, 02be2e33, 3, null, null, null, 0, null, null, 1, null, null, 0, 14} [SUB0]
04-14 20:25:16.899 E/RILC    (  370): RIL Response bytes written:136
04-14 20:25:16.900 D/PHONE   ( 3447): [ServiceState] setVoiceRegState=0
04-14 20:25:16.900 E/PHONE   ( 3447): [ServiceState] setState deprecated use setVoiceRegState()
04-14 20:25:16.900 D/GsmSST  ( 3447): [GsmSST] LOGRadioInfo : In Service
04-14 20:25:16.901 D/GsmSST  ( 3447): [GsmSST] Poll ServiceState done:  oldSS=[0 0 voice home data home Orange Orange 26003 Orange Orange 26003  UMTS HSPA CSS not supported -1 -1 RoamInd=-1 DefRoamInd=-1 EmergOnly=false IsDataRoamingFromRegistration=false mIsVoiceSearching=false mIsDataSearching=false mVoiceNetworkName=null mDataNetworkName=null Check64QAM0 Dual carrier0] newSS=[0 0 voice home data home Orange Orange 26003 Orange Orange 26003  UMTS HSPA CSS not supported -1 -1 RoamInd=-1 DefRoamInd=-1 EmergOnly=false IsDataRoamingFromRegistration=false mIsVoiceSearching=false mIsDataSearching=false mVoiceNetworkName=null mDataNetworkName=null Check64QAM0 Dual carrier0] oldMaxDataCalls=20 mNewMaxDataCalls=20 oldReasonDataDenied=-1 mNewReasonDataDenied=-1
04-14 20:25:16.902 D/PHONE   ( 3447): [ServiceState] setNullState=1
04-14 20:25:17.531 I/RILC    (  370): RIL_SOCKET_1 UNSOLICITED: RIL_UNSOL_LTE_REJECT_CAUSE length:16
04-14 20:25:17.531 E/RILC    (  370): Send Response to RIL_SOCKET_1
04-14 20:25:17.531 E/RILC    (  370): RIL Response bytes written:4
04-14 20:25:17.531 D/RILJ    ( 3447): [UNSL]< RIL_UNSOL_LTE_REJECT_CAUSE {15} [SUB0]
04-14 20:25:17.531 E/RILC    (  370): RIL Response bytes written:16
04-14 20:25:17.532 I/RILC    (  370): RIL_SOCKET_1 UNSOLICITED: UNSOL_OEM_HOOK_RAW length:32
04-14 20:25:17.533 E/RILC    (  370): Send Response to RIL_SOCKET_1
04-14 20:25:17.533 E/RILC    (  370): RIL Response bytes written:4
04-14 20:25:17.533 V/RILJ    ( 3447): [UNSL]< UNSOL_OEM_HOOK_RAW 514f454d484f4f4bef0308000100000001 [SUB0]
04-14 20:25:17.533 D/RILJ    ( 3447): Oem ID in RIL_UNSOL_OEM_HOOK_RAW is QOEMHOOK
04-14 20:25:17.533 D/RILJ    ( 3447): OEM ID check Passed
04-14 20:25:17.533 D/RILJ    ( 3447): Response ID in RIL_UNSOL_OEM_HOOK_RAW is 525295
04-14 20:25:17.533 D/RILJ    ( 3447): Response ID 525295 is not served in this process.
04-14 20:25:17.533 E/RILC    (  370): RIL Response bytes written:32
04-14 20:25:17.535 I/RILC    (  370): RIL_SOCKET_1 UNSOLICITED: UNSOL_RESPONSE_VOICE_NETWORK_STATE_CHANGED length:8
04-14 20:25:17.535 E/RILC    (  370): Send Response to RIL_SOCKET_1
04-14 20:25:17.535 E/RILC    (  370): RIL Response bytes written:4
04-14 20:25:17.535 E/RILC    (  370): RIL Response bytes written:8
04-14 20:25:17.535 D/RILJ    ( 3447): [UNSL]< UNSOL_RESPONSE_VOICE_NETWORK_STATE_CHANGED [SUB0]
04-14 20:25:17.536 D/RILJ    ( 3447): [2071]> OPERATOR [SUB0]
04-14 20:25:17.536 I/RILQ    (  370): (0/370):RIL[0][event] qcril_arb_set_dsd_sys_status: old_pref_data 1 - new_data_pref 1
04-14 20:25:17.536 I/RILQ    (  370): (0/370):RIL[0][event] qcril_arb_set_dsd_sys_status: preferred dsd_sys_status nw=0x0, rat_value=0x1, so_mask=0x0000000000000015
04-14 20:25:17.536 I/RILQ    (  370): (0/370):RIL[0][event] qcril_arb_set_dsd_sys_status: preferred 1 - dsd_sys_status nw=0x0, rat_value=0x1, so_mask=0x0000000000000015
04-14 20:25:17.536 I/RILQ    (  370): (0/370):RIL[0][event] qcril_arb_set_dsd_sys_status: is_wwan_available 0
04-14 20:25:17.537 I/RILC    (  370): RIL_SOCKET_1 UNSOLICITED: UNSOL_OEM_HOOK_RAW length:32
04-14 20:25:17.537 E/RILC    (  370): Send Response to RIL_SOCKET_1
04-14 20:25:17.537 D/RILJ    ( 3447): [2072]> DATA_REGISTRATION_STATE [SUB0]
04-14 20:25:17.537 E/RILC    (  370): RIL Response bytes written:4
04-14 20:25:17.537 E/RILC    (  370): RIL Response bytes written:32
04-14 20:25:17.537 V/RILJ    ( 3447): [UNSL]< UNSOL_OEM_HOOK_RAW 514f454d484f4f4bfa0308000100000000 [SUB0]
04-14 20:25:17.537 D/RILJ    ( 3447): Oem ID in RIL_UNSOL_OEM_HOOK_RAW is QOEMHOOK
04-14 20:25:17.537 D/RILJ    ( 3447): OEM ID check Passed
04-14 20:25:17.538 D/RILJ    ( 3447): Response ID in RIL_UNSOL_OEM_HOOK_RAW is 525306
04-14 20:25:17.538 D/RILJ    ( 3447): WWAN, IWLAN coexistence notified to registrants
04-14 20:25:17.538 D/RILJ    ( 3447): [2073]> VOICE_REGISTRATION_STATE [SUB0]
04-14 20:25:17.538 D/RILC    (  370): SOCKET RIL_SOCKET_1 REQUEST: OPERATOR length:8
04-14 20:25:17.538 D/RILJ    ( 3447): [2074]> QUERY_NETWORK_SELECTION_MODE [SUB0]
04-14 20:25:17.541 D/RILC    (  370): SOCKET RIL_SOCKET_1 REQUEST: DATA_REGISTRATION_STATE length:8
04-14 20:25:17.542 D/RILC    (  370): SOCKET RIL_SOCKET_1 REQUEST: VOICE_REGISTRATION_STATE length:8
04-14 20:25:17.542 D/RILC    (  370): SOCKET RIL_SOCKET_1 REQUEST: QUERY_NETWORK_SELECTION_MODE length:8
04-14 20:25:17.545 I/RILC    (  370): RIL_SOCKET_1 UNSOLICITED: RIL_UNSOL_LTE_REJECT_CAUSE length:16
04-14 20:25:17.545 E/RILC    (  370): Send Response to RIL_SOCKET_1
04-14 20:25:17.545 E/RILC    (  370): RIL Response bytes written:4
04-14 20:25:17.545 D/RILJ    ( 3447): [UNSL]< RIL_UNSOL_LTE_REJECT_CAUSE {15} [SUB0]
04-14 20:25:17.545 E/RILC    (  370): RIL Response bytes written:16
04-14 20:25:17.555 D/RILC    (  370): RequestComplete, RIL_SOCKET_1
04-14 20:25:17.555 E/RILC    (  370): Send Response to RIL_SOCKET_1
04-14 20:25:17.555 E/RILC    (  370): RIL Response bytes written:4
04-14 20:25:17.555 E/RILC    (  370): RIL Response bytes written:72
04-14 20:25:17.555 D/RILJ    ( 3447): [2071]< OPERATOR {Orange, Orange, 26003} [SUB0]
04-14 20:25:17.558 D/RILC    (  370): RequestComplete, RIL_SOCKET_1
04-14 20:25:17.559 E/RILC    (  370): Send Response to RIL_SOCKET_1
04-14 20:25:17.559 E/RILC    (  370): RIL Response bytes written:4
04-14 20:25:17.559 E/RILC    (  370): RIL Response bytes written:20
04-14 20:25:17.560 D/RILJ    ( 3447): [2074]< QUERY_NETWORK_SELECTION_MODE {0} [SUB0]
04-14 20:25:17.562 D/RILC    (  370): RequestComplete, RIL_SOCKET_1
04-14 20:25:17.562 E/RILC    (  370): Send Response to RIL_SOCKET_1
04-14 20:25:17.562 E/RILC    (  370): RIL Response bytes written:4
04-14 20:25:17.562 E/RILC    (  370): RIL Response bytes written:136
04-14 20:25:17.562 D/RILJ    ( 3447): [2073]< VOICE_REGISTRATION_STATE {1, dfde, 02be2e33, 3, null, null, null, 0, null, null, 1, null, null, 0, 14} [SUB0]
04-14 20:25:17.563 D/PHONE   ( 3447): [ServiceState] setVoiceRegState=0
04-14 20:25:17.563 E/PHONE   ( 3447): [ServiceState] setState deprecated use setVoiceRegState()
04-14 20:25:17.563 D/GsmSST  ( 3447): [GsmSST] LOGRadioInfo : In Service
04-14 20:25:17.565 I/RILC    (  370): RIL_SOCKET_1 UNSOLICITED: UNSOL_DATA_CALL_LIST_CHANGED length:428
04-14 20:25:17.565 E/RILC    (  370): Send Response to RIL_SOCKET_1
04-14 20:25:17.565 E/RILC    (  370): RIL Response bytes written:4
04-14 20:25:17.565 E/RILC    (  370): RIL Response bytes written:428
04-14 20:25:17.565 D/RILJ    ( 3447): responseDataCallList ver=11 num=1 [SUB0]
04-14 20:25:17.565 D/RILC    (  370): RequestComplete, RIL_SOCKET_1
04-14 20:25:17.565 D/RILJ    ( 3447): getDataCallResponse before ver=11 [SUB0]
04-14 20:25:17.565 E/RILC    (  370): Send Response to RIL_SOCKET_1
04-14 20:25:17.565 E/RILC    (  370): RIL Response bytes written:4
04-14 20:25:17.565 E/RILC    (  370): RIL Response bytes written:120
04-14 20:25:17.565 D/RILJ    ( 3447): [UNSL]< UNSOL_DATA_CALL_LIST_CHANGED [DataCallResponse: {version=11 status=0 retry=-1 cid=0 active=2 type=IPV6 ifname=rmnet_data0 mtu=1500 addresses=[2a00:0f41:30c7:6454:6f4f:ae41:e4e6:7df2/64] dnses=[2a01:1700:0003:ffff:0000:0000:0000:9822,2a01:1700:0002:ffff:0000:0000:0000:9f01] gateways=[fe80:0000:0000:0000:d947:4565:cf0d:b445] pcscf=[]}] [SUB0]
04-14 20:25:17.566 I/LG-FASTDORMANCY( 3447): [IDLE] Data call list changed.
04-14 20:25:17.566 I/LG-FASTDORMANCY( 3447): [IDLE] [DataCallResponse: {version=11 status=0 retry=-1 cid=0 active=2 type=IPV6 ifname=rmnet_data0 mtu=1500 addresses=[2a00:0f41:30c7:6454:6f4f:ae41:e4e6:7df2/64] dnses=[2a01:1700:0003:ffff:0000:0000:0000:9822,2a01:1700:0002:ffff:0000:0000:0000:9f01] gateways=[fe80:0000:0000:0000:d947:4565:cf0d:b445] pcscf=[]}]
04-14 20:25:17.566 D/RILJ    ( 3447): [2072]< DATA_REGISTRATION_STATE {1, dfde, 02be2e33, 15, null, 20, null, null, null, null, null, 0} [SUB0]
04-14 20:25:17.566 I/LG-FASTDORMANCY( 3447): [IDLE] prev:[IDLE] , curr:false
04-14 20:25:17.566 D/QtiGsmDCT( 3447): [0]QtiDcTracker handleMessage msg={ when=0 what=270340 obj=android.os.AsyncResult@9a30c68 target=com.qti.internal.telephony.dataconnection.QtiDcTracker }
04-14 20:25:17.566 D/QtiGsmDCT( 3447): [0]handleMessage msg={ when=0 what=270340 obj=android.os.AsyncResult@9a30c68 target=com.qti.internal.telephony.dataconnection.QtiDcTracker }
04-14 20:25:17.566 E/DATA    ( 3447): Unidentified event msg={ when=0 what=270340 obj=android.os.AsyncResult@9a30c68 target=com.qti.internal.telephony.dataconnection.QtiDcTracker }
04-14 20:25:17.566 I/RILC    (  370): RIL_SOCKET_1 UNSOLICITED: UNSOL_RESPONSE_VOICE_NETWORK_STATE_CHANGED length:8
04-14 20:25:17.566 E/RILC    (  370): Send Response to RIL_SOCKET_1
04-14 20:25:17.566 E/RILC    (  370): RIL Response bytes written:4
04-14 20:25:17.566 E/RILC    (  370): RIL Response bytes written:8
04-14 20:25:17.566 D/QtiGsmDCT( 3447): [0]fetchDunApn: Ignore the dun apn in settings.db
04-14 20:25:17.567 D/GsmSST  ( 3447): isSFROperators result = false
04-14 20:25:17.567 D/PHONE   ( 3447): [ServiceState] setDataRegState=0
04-14 20:25:17.567 D/PHONE   ( 3447): [ServiceState] setDataRadioTechnology=15
04-14 20:25:17.567 D/GsmSST  ( 3447): [GsmSST] LOGRadioInfo : In Service
04-14 20:25:17.567 D/GsmSST  ( 3447): [GsmSST] handlPollStateResultMessage: GsmSST setDataRegState=0 regState=1 dataRadioTechnology=15
04-14 20:25:17.567 D/RILJ    ( 3447): [UNSL]< UNSOL_RESPONSE_VOICE_NETWORK_STATE_CHANGED [SUB0]
04-14 20:25:17.568 D/LG-FASTDORMANCY( 3447): [IDLE] isUMTS(): RadioTech(10)
04-14 20:25:17.568 D/LG-FASTDORMANCY( 3447): [IDLE] Exit from IDLE State
04-14 20:25:17.568 D/LG-FASTDORMANCY( 3447): [DCH/FACH] FDCount : 0 Enter to DCH or FACH State
04-14 20:25:17.569 D/GsmSST  ( 3447): [GsmSST] Poll ServiceState done:  oldSS=[0 0 voice home data home Orange Orange 26003 Orange Orange 26003  UMTS HSPA CSS not supported -1 -1 RoamInd=-1 DefRoamInd=-1 EmergOnly=false IsDataRoamingFromRegistration=false mIsVoiceSearching=false mIsDataSearching=false mVoiceNetworkName=null mDataNetworkName=null Check64QAM0 Dual carrier0] newSS=[0 0 voice home data home Orange Orange 26003 Orange Orange 26003  UMTS HSPAP CSS not supported -1 -1 RoamInd=-1 DefRoamInd=-1 EmergOnly=false IsDataRoamingFromRegistration=false mIsVoiceSearching=false mIsDataSearching=false mVoiceNetworkName=null mDataNetworkName=null Check64QAM0 Dual carrier0] oldMaxDataCalls=20 mNewMaxDataCalls=20 oldReasonDataDenied=-1 mNewReasonDataDenied=-1
04-14 20:25:17.569 D/PHONE   ( 3447): [ServiceState] setNullState=1
04-14 20:25:17.569 D/TelephonyManager( 3447): setTelephonyProperty: success phoneId=0 property=gsm.network.type value: UMTS propVal=UMTS
04-14 20:25:17.570 D/LG-FASTDORMANCY( 3447): [DCH/FACH] FDCount : 0 isUMTS(): RadioTech(15)
04-14 20:25:17.570 I/LG-FASTDORMANCY( 3447): [DCH/FACH] FDCount : 0 Scheduling checkNetStat for 1000msec, current state is [DCH/FACH] FDCount : 0 
04-14 20:25:17.571 D/SIMRecords( 3447): [SIMRecords] getServiceProviderName: no brandOverride
04-14 20:25:17.571 D/SIMRecords( 3447): [SIMRecords] getServiceProviderName: providerName=Orange
04-14 20:25:17.571 D/SIMRecords( 3447): [SIMRecords] getServiceProviderName: no brandOverride
04-14 20:25:17.571 D/SIMRecords( 3447): [SIMRecords] getServiceProviderName: providerName=Orange
04-14 20:25:17.572 D/GSMPhoneEx( 3447): grandblue SpnMvno = Orange operator = 26003 simMcc  = 260 simMnc  = 03
04-14 20:25:17.572 D/GSMPhoneEx( 3447): grandblue after SpnMvno = Orange operator = 26003 simMcc  = 260 simMnc  = 03
04-14 20:25:17.574 D/TelephonyManager( 3447): setTelephonyProperty: success phoneId=0 property=gsm.operator.alpha value: Orange propVal=Orange
04-14 20:25:17.575 D/TelephonyManager( 3447): setTelephonyProperty: success phoneId=0 property=gsm.operator.numeric value: 26003 propVal=26003
04-14 20:25:17.576 D/TelephonyManager( 3447): setTelephonyProperty: success phoneId=0 property=gsm.operator.iso-country value: pl propVal=pl
04-14 20:25:17.577 D/GsmSST  ( 3447): [GsmSST] shouldFixTimeZoneNow: retVal=false iccCardExist=true operatorNumeric=26003 mcc=260 prevOperatorNumeric=26003 prevMcc=260 needToFixTimeZone=false ltod=04-14 20:25:17.577
04-14 20:25:17.578 D/TelephonyManager( 3447): setTelephonyProperty: success phoneId=0 property=gsm.operator.isroaming value: false propVal=false
04-14 20:25:17.578 D/TelephonyManager( 3447): setTelephonyProperty: success phoneId=0 property=ril.cdma.voiceinservice value: true propVal=true
04-14 20:25:17.579 D/GsmSST  ( 3447): [GsmSST] Broadcasting ServiceState : 0 0 voice home data home Orange Orange 26003 Orange Orange 26003  UMTS HSPAP CSS not supported -1 -1 RoamInd=-1 DefRoamInd=-1 EmergOnly=false IsDataRoamingFromRegistration=false mIsVoiceSearching=false mIsDataSearching=false mVoiceNetworkName=null mDataNetworkName=null Check64QAM0 Dual carrier0
04-14 20:25:17.579 D/DefaultPhoneNotifier( 3447): nofityServiceState: mRegistry=com.android.internal.telephony.ITelephonyRegistry$Stub$Proxy@ced2ad0 ss=0 0 voice home data home Orange Orange 26003 Orange Orange 26003  UMTS HSPAP CSS not supported -1 -1 RoamInd=-1 DefRoamInd=-1 EmergOnly=false IsDataRoamingFromRegistration=false mIsVoiceSearching=false mIsDataSearching=false mVoiceNetworkName=null mDataNetworkName=null Check64QAM0 Dual carrier0 sender=Handler (com.qti.internal.telephony.gsm.QtiGSMPhone) {560d91e} phondId=0 subId=2
04-14 20:25:17.585 D/SubscriptionManager( 1891): getSimStateForSubscriber: simState=5 slotIdx=0
04-14 20:25:17.586 D/GsmSST  ( 3447): [GsmSST] notifyDataRegStateRilRadioTechnologyChanged: drs=0 rat=15
04-14 20:25:17.586 D/TelephonyManager( 3447): setTelephonyProperty: success phoneId=0 property=gsm.network.type value: HSPAP propVal=HSPAP
04-14 20:25:17.588 D/QtiGsmDCT( 3447): [0]get all active apn types
04-14 20:25:17.591 D/QtiGsmDCT( 3447): [0]return link properites for default
04-14 20:25:17.595 D/QtiGsmDCT( 3447): [0]getDataEnabled: getIntWithSubId retVal=true
04-14 20:25:17.605 D/QtiGsmDCT( 3447): [0]fetchDunApn: config_tether_apndata dunSetting=null
04-14 20:25:17.605 D/DC-1    ( 3447): isInternetRequested = true
04-14 20:25:17.606 D/Dcc     ( 3447): onDataStateChanged: dcsList=[DataCallResponse: {version=11 status=0 retry=-1 cid=0 active=2 type=IPV6 ifname=rmnet_data0 mtu=1500 addresses=[2a00:0f41:30c7:6454:6f4f:ae41:e4e6:7df2/64] dnses=[2a01:1700:0003:ffff:0000:0000:0000:9822,2a01:1700:0002:ffff:0000:0000:0000:9f01] gateways=[fe80:0000:0000:0000:d947:4565:cf0d:b445] pcscf=[]}] mDcListActiveByCid={0={DC-1: State=DcActiveState mApnSetting=[ApnSettingV3] Orange Internet, 695, 26003, internetipv6, , , , , , 1, default | dun | hipri | supl, IPV6, IP, true, 0, 0, 1, false, 0, 0, 0, 0, , , 0, ,  RefCount=1 mCid=0 mCreateTime=-1 mLastastFailTime=-1 mLastFailCause=NONE mTag=8 mRetryManager=RetryManager: { forever=false maxRetry=10 curMaxRetry=0 retry=0 config={default_randomization=2000,5000,10000,20000,40000,80000:5000,160000:5000,320000:5000,640000:5000,1280000:5000,1800000:5000} retryArray={5000:2000 10000:2000 20000:2000 40000:2000 80000:5000 160000:5000 320000:5000 640000:5000 1280000:5000 1800000:5000 }} mLinkProperties={InterfaceName: rmnet_data0 LinkAddresses: [2a00:f41:30c7:6454:6f4f:ae41:e4e6:7df2/64,]  Routes: [::/0 -> fe80::d947:4565:cf0d:b445 rmnet_data0,] DnsAddresses: [2a01:1700:3:ffff::9822,2a01:1700:2:ffff::9f01,] Domains: null MTU: 1500 TcpBufferSizes: 40778,244668,3461120,16777,140625,3461120} linkCapabilities=[ Transports: CELLULAR Capabilities: SUPL&DUN&INTERNET&NOT_RESTRICTED&TRUSTED&NOT_VPN LinkUpBandwidth>=5898Kbps LinkDnBandwidth>=14336Kbps Specifier: <2>] mApnContexts=[{mApnType=default mState=CONNECTED mWaitingApns={[[ApnSettingV3] Orange Internet, 695, 26003, internetipv6, , , , , , 1, default | dun | hipri | supl, IPV6, IP, true, 0, 0, 1, false, 0, 0, 0, 0, , , 0, , ]} mWaitingApnsPermanentFailureCountDown=1 mApnSetting={[ApnSettingV3] Orange Internet, 695, 26003, internetipv6, , , , , , 1, default | dun | hipri | supl, IPV6, IP, true, 0, 0, 1, false, 0, 0, 0, 0, , , 0, , } mReason=connected mDataEnabled=true mDependencyMet=true}]}}
04-14 20:25:17.606 D/Dcc     ( 3447): onDataStateChanged: dcsToRetry=[]
04-14 20:25:17.606 D/Dcc     ( 3447): onDataStateChanged: Found ConnId=0 newState=DataCallResponse: {version=11 status=0 retry=-1 cid=0 active=2 type=IPV6 ifname=rmnet_data0 mtu=1500 addresses=[2a00:0f41:30c7:6454:6f4f:ae41:e4e6:7df2/64] dnses=[2a01:1700:0003:ffff:0000:0000:0000:9822,2a01:1700:0002:ffff:0000:0000:0000:9f01] gateways=[fe80:0000:0000:0000:d947:4565:cf0d:b445] pcscf=[]}
04-14 20:25:17.606 D/DataCallResponse( 3447): addr/pl=2a00:0f41:30c7:6454:6f4f:ae41:e4e6:7df2/64
04-14 20:25:17.607 D/DC-1    ( 3447): MTU set by call response to: 1500
04-14 20:25:17.607 D/Dcc     ( 3447): onDataStateChanged: no change
04-14 20:25:17.607 D/Dcc     ( 3447): onDataStateChanged: Data Activity updated to NONE. isAnyDataCallActive = true isAnyDataCallDormant = false
04-14 20:25:17.607 D/Dcc     ( 3447): onDataStateChanged: Skip startNetStatPoll
04-14 20:25:17.607 D/Dcc     ( 3447): onDataStateChanged: dcsToRetry=[] apnsToCleanup=[]
04-14 20:25:17.607 D/Dcc     ( 3447): onDataStateChanged: X
04-14 20:25:17.607 D/DC-1    ( 3447): DcActiveState not handled msg.what=EVENT_DATA_CONNECTION_DRS_OR_RAT_CHANGED
04-14 20:25:17.607 D/DC-1    ( 3447): DcDefault msg=EVENT_DATA_CONNECTION_DRS_OR_RAT_CHANGED RefCount=1
04-14 20:25:17.607 D/DC-1    ( 3447): DcDefaultState: EVENT_DATA_CONNECTION_DRS_OR_RAT_CHANGED drs=0 mRilRat=15
04-14 20:25:17.607 D/QtiGsmDCT( 3447): [0]fetchDunApn: Ignore the dun apn in settings.db
04-14 20:25:17.634 D/QtiGsmDCT( 3447): [0]fetchDunApn: config_tether_apndata dunSetting=null
04-14 20:25:17.634 D/DC-1    ( 3447): isInternetRequested = true
04-14 20:25:17.634 D/DC-1    ( 3447): DcActiveState not handled msg.what=REQ_GET_LINK_PROPERTIES
04-14 20:25:17.634 D/DC-1    ( 3447): DcDefault msg=REQ_GET_LINK_PROPERTIES RefCount=1
04-14 20:25:17.635 D/DC-1    ( 3447): REQ_GET_LINK_PROPERTIES linkProperties{InterfaceName: rmnet_data0 LinkAddresses: [2a00:f41:30c7:6454:6f4f:ae41:e4e6:7df2/64,]  Routes: [::/0 -> fe80::d947:4565:cf0d:b445 rmnet_data0,] DnsAddresses: [2a01:1700:3:ffff::9822,2a01:1700:2:ffff::9f01,] Domains: null MTU: 1500 TcpBufferSizes: 122334,734003,3461120,32040,192239,3461120}
04-14 20:25:17.635 D/QtiGsmDCT( 3447): [0]get active pdp is not null, return NetworkCapabilities for default
04-14 20:25:17.636 D/DC-1    ( 3447): DcActiveState not handled msg.what=REQ_GET_NETWORK_CAPABILITIES
04-14 20:25:17.636 D/DC-1    ( 3447): DcDefault msg=REQ_GET_NETWORK_CAPABILITIES RefCount=1
04-14 20:25:17.636 D/QtiGsmDCT( 3447): [0]fetchDunApn: Ignore the dun apn in settings.db
04-14 20:25:17.662 D/QtiGsmDCT( 3447): [0]fetchDunApn: config_tether_apndata dunSetting=null
04-14 20:25:17.662 D/DC-1    ( 3447): isInternetRequested = true
04-14 20:25:17.662 D/DC-1    ( 3447): REQ_GET_NETWORK_CAPABILITIES networkCapabilities[ Transports: CELLULAR Capabilities: SUPL&DUN&INTERNET&NOT_RESTRICTED&TRUSTED&NOT_VPN LinkUpBandwidth>=11264Kbps LinkDnBandwidth>=43008Kbps Specifier: <2>]
04-14 20:25:17.664 D/QtiGsmDCT( 3447): [0]isDataPossible(default): possible=true isDataAllowed=true apnTypePossible=true apnContextisEnabled=true apnContextState()=CONNECTED
04-14 20:25:17.664 D/QtiGsmDCT( 3447): [0]get active apn string for type:default
04-14 20:25:17.664 D/DCT     ( 3447): [ApnContext:default] getApnSetting: apnSetting=[ApnSettingV3] Orange Internet, 695, 26003, internetipv6, , , , , , 1, default | dun | hipri | supl, IPV6, IP, true, 0, 0, 1, false, 0, 0, 0, 0, , , 0, , 
04-14 20:25:17.668 D/TelephonyRegistry( 1891): Notify data connection state changed on sub: 2
04-14 20:25:17.668 D/TelephonyRegistry( 1891): Notify data connection state changed on sub: 2
04-14 20:25:17.668 D/TelephonyRegistry( 1891): Notify data connection state changed on sub: 2
04-14 20:25:17.668 D/TelephonyRegistry( 1891): Notify data connection state changed on sub: 2
04-14 20:25:17.668 D/TelephonyRegistry( 1891): Notify data connection state changed on sub: 2
04-14 20:25:17.669 D/TelephonyRegistry( 1891): broadcastPreciseDataConnectionStateChanged():state=2, apnType=default, smCause=(0), reason=null
04-14 20:25:17.671 D/RILJ    ( 3447): [2075]> OPERATOR [SUB0]
04-14 20:25:17.672 D/RILJ    ( 3447): [2076]> DATA_REGISTRATION_STATE [SUB0]
04-14 20:25:17.672 D/RILC    (  370): SOCKET RIL_SOCKET_1 REQUEST: OPERATOR length:8
04-14 20:25:17.675 D/RILJ    ( 3447): [2077]> VOICE_REGISTRATION_STATE [SUB0]
04-14 20:25:17.676 D/RILJ    ( 3447): [2078]> QUERY_NETWORK_SELECTION_MODE [SUB0]
04-14 20:25:17.676 D/RILC    (  370): SOCKET RIL_SOCKET_1 REQUEST: DATA_REGISTRATION_STATE length:8
04-14 20:25:17.679 V/LG-FASTDORMANCY( 3447): [DCH/FACH] FDCount : 0 intent received :android.intent.action.SERVICE_STATE
04-14 20:25:17.679 E/PHONE   ( 3447): ServiceState.getRadioTechnology() DEPRECATED will be removed *******
04-14 20:25:17.679 I/LG-FASTDORMANCY( 3447): [DCH/FACH] FDCount : 0 Service State is changed : 0 0 voice home data home Orange Orange 26003 Orange Orange 26003  UMTS HSPAP CSS not supported -1 -1 RoamInd=-1 DefRoamInd=-1 EmergOnly=false IsDataRoamingFromRegistration=false mIsVoiceSearching=false mIsDataSearching=false mVoiceNetworkName=null mDataNetworkName=null Check64QAM0 Dual carrier0
04-14 20:25:17.679 I/LG-FASTDORMANCY( 3447): [DCH/FACH] FDCount : 0 radioTech changed!! currenRT = 15 isChange?? true
04-14 20:25:17.679 D/RILC    (  370): RequestComplete, RIL_SOCKET_1
04-14 20:25:17.679 E/RILC    (  370): Send Response to RIL_SOCKET_1
04-14 20:25:17.679 E/RILC    (  370): RIL Response bytes written:4
04-14 20:25:17.679 D/RILJ    ( 3447): [2075]< OPERATOR {Orange, Orange, 26003} [SUB0]
04-14 20:25:17.679 E/RILC    (  370): RIL Response bytes written:72
04-14 20:25:17.680 D/QtiGsmDCT( 3447): [0]QtiDcTracker handleMessage msg={ when=-92ms what=270377 obj=android.os.AsyncResult@8a42881 target=com.qti.internal.telephony.dataconnection.QtiDcTracker }
04-14 20:25:17.680 D/QtiGsmDCT( 3447): [0]handleMessage msg={ when=-93ms what=270377 obj=android.os.AsyncResult@8a42881 target=com.qti.internal.telephony.dataconnection.QtiDcTracker }
04-14 20:25:17.680 D/QtiGsmDCT( 3447): [0]onUpdateIcc: newIccRecords com.android.internal.telephony.uicc.SIMRecords
04-14 20:25:17.681 I/LG-FASTDORMANCY( 3447): [DCH/FACH] FDCount : 0 Radio Tech changed.
04-14 20:25:17.682 D/RILC    (  370): SOCKET RIL_SOCKET_1 REQUEST: VOICE_REGISTRATION_STATE length:8
04-14 20:25:17.683 D/LG-FASTDORMANCY( 3447): [DCH/FACH] FDCount : 0 isUMTS(): RadioTech(15)
04-14 20:25:17.684 D/QtiGsmDCT( 3447): [0]updateDataActivity: curTxRxSum={txSum=184196 rxSum=224149} preTxRxSum={txSum=184195 rxSum=224148}
04-14 20:25:17.684 D/QtiGsmDCT( 3447): [0]updateDataActivity: sent=1 received=1
04-14 20:25:17.684 D/QtiGsmDCT( 3447): [0]updateDataActivity: newActivity=DATAINANDOUT
04-14 20:25:17.685 D/GsmSST  ( 3447): [GsmSST] getCellLocation(): X good mCellLoc=[57310,46018099,20]
04-14 20:25:17.685 D/RILC    (  370): SOCKET RIL_SOCKET_1 REQUEST: QUERY_NETWORK_SELECTION_MODE length:8
04-14 20:25:17.687 D/RILC    (  370): RequestComplete, RIL_SOCKET_1
04-14 20:25:17.687 E/RILC    (  370): Send Response to RIL_SOCKET_1
04-14 20:25:17.687 E/RILC    (  370): RIL Response bytes written:4
04-14 20:25:17.687 E/RILC    (  370): RIL Response bytes written:20
04-14 20:25:17.688 D/RILJ    ( 3447): [2078]< QUERY_NETWORK_SELECTION_MODE {0} [SUB0]
04-14 20:25:17.689 D/RILC    (  370): RequestComplete, RIL_SOCKET_1
04-14 20:25:17.689 E/RILC    (  370): Send Response to RIL_SOCKET_1
04-14 20:25:17.689 E/RILC    (  370): RIL Response bytes written:4
04-14 20:25:17.689 D/RILJ    ( 3447): [2076]< DATA_REGISTRATION_STATE {1, dfde, 02be2e33, 15, null, 20, null, null, null, null, null, 0} [SUB0]
04-14 20:25:17.689 E/RILC    (  370): RIL Response bytes written:120
04-14 20:25:17.691 D/QtiGsmDCT( 3447): [0]getDataEnabled: getIntWithSubId retVal=true
04-14 20:25:17.692 D/RILC    (  370): RequestComplete, RIL_SOCKET_1
04-14 20:25:17.692 E/RILC    (  370): Send Response to RIL_SOCKET_1
04-14 20:25:17.692 E/RILC    (  370): RIL Response bytes written:4
04-14 20:25:17.692 E/RILC    (  370): RIL Response bytes written:136
04-14 20:25:17.692 D/RILJ    ( 3447): [2077]< VOICE_REGISTRATION_STATE {1, dfde, 02be2e33, 3, null, null, null, 0, null, null, 1, null, null, 0, 14} [SUB0]
04-14 20:25:17.694 D/QtiGsmDCT( 3447): [0]getDataOnRoamingEnabled: phoneSubId=2 isDataRoamingEnabled=false
04-14 20:25:17.694 D/QtiGsmDCT( 3447): [0]getDataEnabled: getIntWithSubId retVal=true
04-14 20:25:17.695 D/GsmSST  ( 3447): isSFROperators result = false
04-14 20:25:17.695 D/PHONE   ( 3447): [ServiceState] setDataRegState=0
04-14 20:25:17.695 D/PHONE   ( 3447): [ServiceState] setDataRadioTechnology=15
04-14 20:25:17.695 D/GsmSST  ( 3447): [GsmSST] LOGRadioInfo : In Service
04-14 20:25:17.695 D/GsmSST  ( 3447): [GsmSST] handlPollStateResultMessage: GsmSST setDataRegState=0 regState=1 dataRadioTechnology=15
04-14 20:25:17.695 D/PHONE   ( 3447): [ServiceState] setVoiceRegState=0
04-14 20:25:17.695 E/PHONE   ( 3447): [ServiceState] setState deprecated use setVoiceRegState()
04-14 20:25:17.695 D/GsmSST  ( 3447): [GsmSST] LOGRadioInfo : In Service
04-14 20:25:17.697 D/GsmSST  ( 3447): [GsmSST] Poll ServiceState done:  oldSS=[0 0 voice home data home Orange Orange 26003 Orange Orange 26003  UMTS HSPAP CSS not supported -1 -1 RoamInd=-1 DefRoamInd=-1 EmergOnly=false IsDataRoamingFromRegistration=false mIsVoiceSearching=false mIsDataSearching=false mVoiceNetworkName=null mDataNetworkName=null Check64QAM0 Dual carrier0] newSS=[0 0 voice home data home Orange Orange 26003 Orange Orange 26003  UMTS HSPAP CSS not supported -1 -1 RoamInd=-1 DefRoamInd=-1 EmergOnly=false IsDataRoamingFromRegistration=false mIsVoiceSearching=false mIsDataSearching=false mVoiceNetworkName=null mDataNetworkName=null Check64QAM0 Dual carrier0] oldMaxDataCalls=20 mNewMaxDataCalls=20 oldReasonDataDenied=-1 mNewReasonDataDenied=-1
04-14 20:25:17.697 D/PHONE   ( 3447): [ServiceState] setNullState=1
04-14 20:25:17.699 D/QtiGsmDCT( 3447): [0]getDataEnabled: getIntWithSubId retVal=true
04-14 20:25:17.712 D/RILJ    ( 3447): [2079]> REQUEST_GET_NEIGHBORING_CELL_IDS [SUB0]
04-14 20:25:17.713 D/RILC    (  370): SOCKET RIL_SOCKET_1 REQUEST: GET_NEIGHBORING_CELL_IDS length:8
04-14 20:25:17.714 I/RILQ    (  370): (0/370):RIL[0][main] qcril_qmi_nas_get_neighboring_cell_ids: completed with 0
04-14 20:25:17.716 I/RILQ    (  370): (0/370):RIL[0][qmi_cb] qcril_qmi_nas_get_neighboring_cells_cb: .. qmi error 0, resultqmi  0, qmi transp_err 0, ril res 0
04-14 20:25:17.717 D/RILC    (  370): RequestComplete, RIL_SOCKET_1
04-14 20:25:17.717 E/RILC    (  370): Send Response to RIL_SOCKET_1
04-14 20:25:17.717 E/RILC    (  370): RIL Response bytes written:4
04-14 20:25:17.717 E/RILC    (  370): RIL Response bytes written:128
04-14 20:25:17.717 I/RILQ    (  370): (0/370):RIL[0][qmi_cb] qcril_qmi_nas_get_neighboring_cells_cb: completed with 0 with 4 entries
04-14 20:25:17.718 D/RILJ    ( 3447): [2079]< REQUEST_GET_NEIGHBORING_CELL_IDS {[[]] [[]] [[]] [[]] } [SUB0]
04-14 20:25:17.721 D/RILJ    ( 3447): [2080]> RIL_REQUEST_GET_CELL_INFO_LIST [SUB0]
04-14 20:25:17.724 D/RILC    (  370): SOCKET RIL_SOCKET_1 REQUEST: GET_CELL_INFO_LIST length:8
04-14 20:25:17.728 D/RILC    (  370): RequestComplete, RIL_SOCKET_1
04-14 20:25:17.728 E/RILC    (  370): Send Response to RIL_SOCKET_1
04-14 20:25:17.728 E/RILC    (  370): RIL Response bytes written:4
04-14 20:25:17.728 E/RILC    (  370): RIL Response bytes written:256
04-14 20:25:17.729 D/RILJ    ( 3447): [2080]< RIL_REQUEST_GET_CELL_INFO_LIST [CellInfoWcdma:{mRegistered=YES mTimeStampType=oem_ril mTimeStamp=43949296989326ns CellIdentityWcdma:{ mMcc=260 mMnc=3 mLac=57310 mCid=46018099 mPsc=20} CellSignalStrengthWcdma: ss=12 ber=99}, CellInfoWcdma:{mRegistered=NO mTimeStampType=oem_ril mTimeStamp=43949296989326ns CellIdentityWcdma:{ mMcc=2147483647 mMnc=2147483647 mLac=2147483647 mCid=2147483647 mPsc=472} CellSignalStrengthWcdma: ss=14 ber=99}, CellInfoWcdma:{mRegistered=NO mTimeStampType=oem_ril mTimeStamp=43949296989326ns CellIdentityWcdma:{ mMcc=2147483647 mMnc=2147483647 mLac=2147483647 mCid=2147483647 mPsc=294} CellSignalStrengthWcdma: ss=10 ber=99}, CellInfoWcdma:{mRegistered=NO mTimeStampType=oem_ril mTimeStamp=43949296989326ns CellIdentityWcdma:{ mMcc=2147483647 mMnc=2147483647 mLac=2147483647 mCid=2147483647 mPsc=223} CellSignalStrengthWcdma: ss=9 ber=99}, CellInfoWcdma:{mRegistered=NO mTimeStampType=oem_ril mTimeStamp=43949296989326ns CellIdentityWcdma:{ mMcc=2147483647 mMnc=2147483647 mLac=2147483647 mCid=2147483647 mPsc=296} CellSignalStrengthWcdma: ss=9 ber=99}] [SUB0]
04-14 20:25:17.731 D/GsmSST  ( 3447): [GsmSST] SST.getAllCellInfo(): X size=5 list=[CellInfoWcdma:{mRegistered=YES mTimeStampType=oem_ril mTimeStamp=43949296989326ns CellIdentityWcdma:{ mMcc=260 mMnc=3 mLac=57310 mCid=46018099 mPsc=20} CellSignalStrengthWcdma: ss=12 ber=99}, CellInfoWcdma:{mRegistered=NO mTimeStampType=oem_ril mTimeStamp=43949296989326ns CellIdentityWcdma:{ mMcc=2147483647 mMnc=2147483647 mLac=2147483647 mCid=2147483647 mPsc=472} CellSignalStrengthWcdma: ss=14 ber=99}, CellInfoWcdma:{mRegistered=NO mTimeStampType=oem_ril mTimeStamp=43949296989326ns CellIdentityWcdma:{ mMcc=2147483647 mMnc=2147483647 mLac=2147483647 mCid=2147483647 mPsc=294} CellSignalStrengthWcdma: ss=10 ber=99}, CellInfoWcdma:{mRegistered=NO mTimeStampType=oem_ril mTimeStamp=43949296989326ns CellIdentityWcdma:{ mMcc=2147483647 mMnc=2147483647 mLac=2147483647 mCid=2147483647 mPsc=223} CellSignalStrengthWcdma: ss=9 ber=99}, CellInfoWcdma:{mRegistered=NO mTimeStampType=oem_ril mTimeStamp=43949296989326ns CellIdentityWcdma:{ mMcc=2147483647 mMnc=2147483647 mLac=2147483647 mCid=2147483647 mPsc=296} CellSignalStrengthWcdma: ss=9 ber=99}]
04-14 20:25:17.733 D/GsmSST  ( 3447): [GsmSST] getCellLocation(): X good mCellLoc=[57310,46018099,20]
04-14 20:25:18.574 V/LG-FASTDORMANCY( 3447): [DCH/FACH] FDCount : 0 intent received :com.android.internal.telephony.ACTION_CHECK_NETSTAT
04-14 20:25:18.578 V/LG-FASTDORMANCY( 3447): [DCH/FACH] FDCount : 0 prev: TxPkts(184194), RxPkts(224148)
04-14 20:25:18.578 V/LG-FASTDORMANCY( 3447): [DCH/FACH] FDCount : 0 curr: TxPkts(184216), RxPkts(224168)
04-14 20:25:18.579 I/LG-FASTDORMANCY( 3447): [DCH/FACH] FDCount : 0 Scheduling checkNetStat for 1000msec, current state is [DCH/FACH] FDCount : 0 
04-14 20:25:18.689 D/QtiGsmDCT( 3447): [0]updateDataActivity: curTxRxSum={txSum=184216 rxSum=224168} preTxRxSum={txSum=184196 rxSum=224149}
04-14 20:25:18.689 D/QtiGsmDCT( 3447): [0]updateDataActivity: sent=20 received=19
04-14 20:25:19.582 V/LG-FASTDORMANCY( 3447): [DCH/FACH] FDCount : 0 intent received :com.android.internal.telephony.ACTION_CHECK_NETSTAT
04-14 20:25:19.586 V/LG-FASTDORMANCY( 3447): [DCH/FACH] FDCount : 0 prev: TxPkts(184216), RxPkts(224168)
04-14 20:25:19.586 V/LG-FASTDORMANCY( 3447): [DCH/FACH] FDCount : 0 curr: TxPkts(184218), RxPkts(224172)
04-14 20:25:19.587 I/LG-FASTDORMANCY( 3447): [DCH/FACH] FDCount : 0 Scheduling checkNetStat for 1000msec, current state is [DCH/FACH] FDCount : 0 
04-14 20:25:19.665 I/RILC    (  370): RIL_SOCKET_1 UNSOLICITED: UNSOL_SIGNAL_STRENGTH length:68
04-14 20:25:19.666 E/RILC    (  370): Send Response to RIL_SOCKET_1
04-14 20:25:19.666 E/RILC    (  370): RIL Response bytes written:4
04-14 20:25:19.666 E/RILC    (  370): RIL Response bytes written:68
04-14 20:25:19.666 D/GsmSST  ( 3447): [GsmSST] ServiceStateTrackerEx:onSignalStrengthResult() isGsm=true DataRadioTech=15
04-14 20:25:19.666 W/LGSignalStrength( 3447): setDataRadioTechnology: dataRadioTechnology = 15
04-14 20:25:19.667 D/DefaultPhoneNotifier( 3447): notifySignalStrength: mRegistry=com.android.internal.telephony.ITelephonyRegistry$Stub$Proxy@ced2ad0 ss=SignalStrength: 14 0 -86 -75 -120 -1 -1 99 2147483647 2147483647 2147483647 2147483647 2147483647 gsm|lte 15 0 -86 -75 sender=Handler (com.qti.internal.telephony.gsm.QtiGSMPhone) {560d91e}
04-14 20:25:19.687 D/QtiGsmDCT( 3447): [0]getDataEnabled: getIntWithSubId retVal=true
04-14 20:25:19.694 D/QtiGsmDCT( 3447): [0]updateDataActivity: curTxRxSum={txSum=184218 rxSum=224172} preTxRxSum={txSum=184216 rxSum=224168}
04-14 20:25:19.694 D/QtiGsmDCT( 3447): [0]updateDataActivity: sent=2 received=4
04-14 20:25:20.590 V/LG-FASTDORMANCY( 3447): [DCH/FACH] FDCount : 0 intent received :com.android.internal.telephony.ACTION_CHECK_NETSTAT
04-14 20:25:20.594 V/LG-FASTDORMANCY( 3447): [DCH/FACH] FDCount : 0 prev: TxPkts(184218), RxPkts(224172)
04-14 20:25:20.594 V/LG-FASTDORMANCY( 3447): [DCH/FACH] FDCount : 0 curr: TxPkts(184224), RxPkts(224182)
04-14 20:25:20.595 I/LG-FASTDORMANCY( 3447): [DCH/FACH] FDCount : 0 Scheduling checkNetStat for 1000msec, current state is [DCH/FACH] FDCount : 0 
04-14 20:25:20.702 D/QtiGsmDCT( 3447): [0]updateDataActivity: curTxRxSum={txSum=184230 rxSum=224184} preTxRxSum={txSum=184218 rxSum=224172}
04-14 20:25:20.702 D/QtiGsmDCT( 3447): [0]updateDataActivity: sent=12 received=12
04-14 20:25:21.598 V/LG-FASTDORMANCY( 3447): [DCH/FACH] FDCount : 0 intent received :com.android.internal.telephony.ACTION_CHECK_NETSTAT
04-14 20:25:21.603 V/LG-FASTDORMANCY( 3447): [DCH/FACH] FDCount : 0 prev: TxPkts(184224), RxPkts(224182)
04-14 20:25:21.603 V/LG-FASTDORMANCY( 3447): [DCH/FACH] FDCount : 0 curr: TxPkts(184242), RxPkts(224202)
04-14 20:25:21.604 I/LG-FASTDORMANCY( 3447): [DCH/FACH] FDCount : 0 Scheduling checkNetStat for 1000msec, current state is [DCH/FACH] FDCount : 0 
04-14 20:25:21.706 D/QtiGsmDCT( 3447): [0]updateDataActivity: curTxRxSum={txSum=184242 rxSum=224202} preTxRxSum={txSum=184230 rxSum=224184}
04-14 20:25:21.706 D/QtiGsmDCT( 3447): [0]updateDataActivity: sent=12 received=18
04-14 20:25:22.607 V/LG-FASTDORMANCY( 3447): [DCH/FACH] FDCount : 0 intent received :com.android.internal.telephony.ACTION_CHECK_NETSTAT
04-14 20:25:22.613 V/LG-FASTDORMANCY( 3447): [DCH/FACH] FDCount : 0 prev: TxPkts(184242), RxPkts(224202)
04-14 20:25:22.613 V/LG-FASTDORMANCY( 3447): [DCH/FACH] FDCount : 0 curr: TxPkts(184242), RxPkts(224202)
04-14 20:25:22.614 I/LG-FASTDORMANCY( 3447): [DCH/FACH] FDCount : 1 Scheduling checkNetStat for 1000msec, current state is [DCH/FACH] FDCount : 1 
04-14 20:25:22.709 D/QtiGsmDCT( 3447): [0]updateDataActivity: curTxRxSum={txSum=184242 rxSum=224202} preTxRxSum={txSum=184242 rxSum=224202}
04-14 20:25:22.709 D/QtiGsmDCT( 3447): [0]updateDataActivity: sent=0 received=0
04-14 20:25:22.709 D/QtiGsmDCT( 3447): [0]updateDataActivity: newActivity=NONE
04-14 20:25:22.715 D/QtiGsmDCT( 3447): [0]getDataEnabled: getIntWithSubId retVal=true
04-14 20:25:23.617 V/LG-FASTDORMANCY( 3447): [DCH/FACH] FDCount : 1 intent received :com.android.internal.telephony.ACTION_CHECK_NETSTAT
04-14 20:25:23.622 V/LG-FASTDORMANCY( 3447): [DCH/FACH] FDCount : 1 prev: TxPkts(184242), RxPkts(224202)
04-14 20:25:23.622 V/LG-FASTDORMANCY( 3447): [DCH/FACH] FDCount : 1 curr: TxPkts(184242), RxPkts(224202)
04-14 20:25:23.622 I/LG-FASTDORMANCY( 3447): [DCH/FACH] FDCount : 2 Scheduling checkNetStat for 1000msec, current state is [DCH/FACH] FDCount : 2 
04-14 20:25:23.716 D/QtiGsmDCT( 3447): [0]updateDataActivity: curTxRxSum={txSum=184242 rxSum=224202} preTxRxSum={txSum=184242 rxSum=224202}
04-14 20:25:23.716 D/QtiGsmDCT( 3447): [0]updateDataActivity: sent=0 received=0
04-14 20:25:24.631 V/LG-FASTDORMANCY( 3447): [DCH/FACH] FDCount : 2 intent received :com.android.internal.telephony.ACTION_CHECK_NETSTAT
04-14 20:25:24.637 V/LG-FASTDORMANCY( 3447): [DCH/FACH] FDCount : 2 prev: TxPkts(184242), RxPkts(224202)
04-14 20:25:24.637 V/LG-FASTDORMANCY( 3447): [DCH/FACH] FDCount : 2 curr: TxPkts(184244), RxPkts(224202)
04-14 20:25:24.637 I/LG-FASTDORMANCY( 3447): [DCH/FACH] FDCount : 0 Scheduling checkNetStat for 1000msec, current state is [DCH/FACH] FDCount : 0 
04-14 20:25:24.720 D/QtiGsmDCT( 3447): [0]updateDataActivity: curTxRxSum={txSum=184244 rxSum=224202} preTxRxSum={txSum=184242 rxSum=224202}
04-14 20:25:24.720 D/QtiGsmDCT( 3447): [0]updateDataActivity: sent=2 received=0
04-14 20:25:24.720 D/QtiGsmDCT( 3447): [0]updateDataActivity: newActivity=DATAOUT
04-14 20:25:24.736 D/QtiGsmDCT( 3447): [0]getDataEnabled: getIntWithSubId retVal=true
04-14 20:25:25.641 V/LG-FASTDORMANCY( 3447): [DCH/FACH] FDCount : 0 intent received :com.android.internal.telephony.ACTION_CHECK_NETSTAT
04-14 20:25:25.644 V/LG-FASTDORMANCY( 3447): [DCH/FACH] FDCount : 0 prev: TxPkts(184244), RxPkts(224202)
04-14 20:25:25.644 V/LG-FASTDORMANCY( 3447): [DCH/FACH] FDCount : 0 curr: TxPkts(184244), RxPkts(224202)
04-14 20:25:25.645 I/LG-FASTDORMANCY( 3447): [DCH/FACH] FDCount : 1 Scheduling checkNetStat for 1000msec, current state is [DCH/FACH] FDCount : 1 
04-14 20:25:25.728 D/QtiGsmDCT( 3447): [0]updateDataActivity: curTxRxSum={txSum=184244 rxSum=224202} preTxRxSum={txSum=184244 rxSum=224202}
04-14 20:25:25.728 D/QtiGsmDCT( 3447): [0]updateDataActivity: sent=0 received=0
04-14 20:25:25.728 D/QtiGsmDCT( 3447): [0]updateDataActivity: newActivity=NONE
04-14 20:25:25.735 D/QtiGsmDCT( 3447): [0]getDataEnabled: getIntWithSubId retVal=true
04-14 20:25:26.649 V/LG-FASTDORMANCY( 3447): [DCH/FACH] FDCount : 1 intent received :com.android.internal.telephony.ACTION_CHECK_NETSTAT
