04-14 20:27:15.200 E/RILC    (  370): Send Response to RIL_SOCKET_1
04-14 20:27:15.200 E/RILC    (  370): RIL Response bytes written:4
04-14 20:27:15.200 E/RILC    (  370): RIL Response bytes written:120
04-14 20:27:15.201 D/RILJ    ( 3447): [2208]< DATA_REGISTRATION_STATE {1, dfde, 02be2e3e, 11, null, 20, null, null, null, null, null, 0} [SUB0]
04-14 20:27:15.201 D/GsmSST  ( 3447): isSFROperators result = false
04-14 20:27:15.201 D/PHONE   ( 3447): [ServiceState] setDataRegState=0
04-14 20:27:15.202 D/PHONE   ( 3447): [ServiceState] setDataRadioTechnology=11
04-14 20:27:15.202 D/GsmSST  ( 3447): [GsmSST] LOGRadioInfo : In Service
04-14 20:27:15.202 D/GsmSST  ( 3447): [GsmSST] handlPollStateResultMessage: GsmSST setDataRegState=0 regState=1 dataRadioTechnology=11
04-14 20:27:15.204 D/RILC    (  370): RequestComplete, RIL_SOCKET_1
04-14 20:27:15.204 E/RILC    (  370): Send Response to RIL_SOCKET_1
04-14 20:27:15.205 E/RILC    (  370): RIL Response bytes written:4
04-14 20:27:15.205 D/RILJ    ( 3447): [2209]< VOICE_REGISTRATION_STATE {1, dfde, 02be2e3e, 3, null, null, null, 0, null, null, 1, null, null, 0, 128} [SUB0]
04-14 20:27:15.205 E/RILC    (  370): RIL Response bytes written:136
04-14 20:27:15.205 D/PHONE   ( 3447): [ServiceState] setVoiceRegState=0
04-14 20:27:15.205 E/PHONE   ( 3447): [ServiceState] setState deprecated use setVoiceRegState()
04-14 20:27:15.205 D/GsmSST  ( 3447): [GsmSST] LOGRadioInfo : In Service
04-14 20:27:15.206 D/RILC    (  370): RequestComplete, RIL_SOCKET_1
04-14 20:27:15.207 E/RILC    (  370): Send Response to RIL_SOCKET_1
04-14 20:27:15.207 E/RILC    (  370): RIL Response bytes written:4
04-14 20:27:15.207 E/RILC    (  370): RIL Response bytes written:20
04-14 20:27:15.207 D/RILJ    ( 3447): [2210]< QUERY_NETWORK_SELECTION_MODE {0} [SUB0]
04-14 20:27:15.210 D/GsmSST  ( 3447): [GsmSST] Poll ServiceState done:  oldSS=[0 0 voice home data home Orange Orange 26003 Orange Orange 26003  UMTS HSPA CSS not supported -1 -1 RoamInd=-1 DefRoamInd=-1 EmergOnly=false IsDataRoamingFromRegistration=false mIsVoiceSearching=false mIsDataSearching=false mVoiceNetworkName=null mDataNetworkName=null Check64QAM0 Dual carrier0] newSS=[0 0 voice home data home Orange Orange 26003 Orange Orange 26003  UMTS HSPA CSS not supported -1 -1 RoamInd=-1 DefRoamInd=-1 EmergOnly=false IsDataRoamingFromRegistration=false mIsVoiceSearching=false mIsDataSearching=false mVoiceNetworkName=null mDataNetworkName=null Check64QAM0 Dual carrier0] oldMaxDataCalls=20 mNewMaxDataCalls=20 oldReasonDataDenied=-1 mNewReasonDataDenied=-1
04-14 20:27:15.211 D/PHONE   ( 3447): [ServiceState] setNullState=1
04-14 20:27:15.211 D/GsmSST  ( 3447): [GsmSST] getCellLocation(): X good mCellLoc=[57310,46018110,296]
04-14 20:27:15.211 D/TelephonyRegistry( 1891): notifyCellLocationForSubscriber: subId=2 cellLocation=Bundle[mParcelledData.dataSize=64]
04-14 20:27:15.232 D/GsmSST  ( 3447): [GsmSST] getCellLocation(): X good mCellLoc=[57310,46018110,296]
04-14 20:27:15.250 D/RILJ    ( 3447): [2211]> REQUEST_GET_NEIGHBORING_CELL_IDS [SUB0]
04-14 20:27:15.253 D/RILC    (  370): SOCKET RIL_SOCKET_1 REQUEST: GET_NEIGHBORING_CELL_IDS length:8
04-14 20:27:15.254 I/RILQ    (  370): (0/370):RIL[0][main] qcril_qmi_nas_get_neighboring_cell_ids: completed with 0
04-14 20:27:15.258 I/RILQ    (  370): (0/370):RIL[0][qmi_cb] qcril_qmi_nas_get_neighboring_cells_cb: .. qmi error 0, resultqmi  0, qmi transp_err 0, ril res 0
04-14 20:27:15.259 D/RILC    (  370): RequestComplete, RIL_SOCKET_1
04-14 20:27:15.259 E/RILC    (  370): Send Response to RIL_SOCKET_1
04-14 20:27:15.259 E/RILC    (  370): RIL Response bytes written:4
04-14 20:27:15.259 E/RILC    (  370): RIL Response bytes written:156
04-14 20:27:15.260 I/RILQ    (  370): (0/370):RIL[0][qmi_cb] qcril_qmi_nas_get_neighboring_cells_cb: completed with 0 with 5 entries
04-14 20:27:15.262 D/RILJ    ( 3447): [2211]< REQUEST_GET_NEIGHBORING_CELL_IDS {[[128@-93]] [[df@-99]] [[17e@-99]] [[14@-93]] [[14@-95]] } [SUB0]
04-14 20:27:15.265 D/RILJ    ( 3447): [2212]> RIL_REQUEST_GET_CELL_INFO_LIST [SUB0]
04-14 20:27:15.266 D/RILC    (  370): SOCKET RIL_SOCKET_1 REQUEST: GET_CELL_INFO_LIST length:8
04-14 20:27:15.274 D/RILC    (  370): RequestComplete, RIL_SOCKET_1
04-14 20:27:15.274 E/RILC    (  370): Send Response to RIL_SOCKET_1
04-14 20:27:15.274 E/RILC    (  370): RIL Response bytes written:4
04-14 20:27:15.274 E/RILC    (  370): RIL Response bytes written:304
04-14 20:27:15.275 D/RILJ    ( 3447): [2212]< RIL_REQUEST_GET_CELL_INFO_LIST [CellInfoWcdma:{mRegistered=YES mTimeStampType=oem_ril mTimeStamp=44066534905947ns CellIdentityWcdma:{ mMcc=260 mMnc=3 mLac=57310 mCid=46018110 mPsc=296} CellSignalStrengthWcdma: ss=1 ber=99}, CellInfoWcdma:{mRegistered=NO mTimeStampType=oem_ril mTimeStamp=44066534905947ns CellIdentityWcdma:{ mMcc=2147483647 mMnc=2147483647 mLac=2147483647 mCid=2147483647 mPsc=296} CellSignalStrengthWcdma: ss=10 ber=99}, CellInfoWcdma:{mRegistered=NO mTimeStampType=oem_ril mTimeStamp=44066534905947ns CellIdentityWcdma:{ mMcc=2147483647 mMnc=2147483647 mLac=2147483647 mCid=2147483647 mPsc=223} CellSignalStrengthWcdma: ss=7 ber=99}, CellInfoWcdma:{mRegistered=NO mTimeStampType=oem_ril mTimeStamp=44066534905947ns CellIdentityWcdma:{ mMcc=2147483647 mMnc=2147483647 mLac=2147483647 mCid=2147483647 mPsc=382} CellSignalStrengthWcdma: ss=7 ber=99}, CellInfoWcdma:{mRegistered=NO mTimeStampType=oem_ril mTimeStamp=44066534905947ns CellIdentityWcdma:{ mMcc=2147483647 mMnc=2147483647 mLac=2147483647 mCid=2147483647 mPsc=20} CellSignalStrengthWcdma: ss=10 ber=99}, CellInfoWcdma:{mRegistered=NO mTimeStampType=oem_ril mTimeStamp=44066534905947ns CellIdentityWcdma:{ mMcc=2147483647 mMnc=2147483647 mLac=2147483647 mCid=2147483647 mPsc=20} CellSignalStrengthWcdma: ss=9 ber=99}] [SUB0]
04-14 20:27:15.276 D/GsmSST  ( 3447): [GsmSST] SST.getAllCellInfo(): X size=6 list=[CellInfoWcdma:{mRegistered=YES mTimeStampType=oem_ril mTimeStamp=44066534905947ns CellIdentityWcdma:{ mMcc=260 mMnc=3 mLac=57310 mCid=46018110 mPsc=296} CellSignalStrengthWcdma: ss=1 ber=99}, CellInfoWcdma:{mRegistered=NO mTimeStampType=oem_ril mTimeStamp=44066534905947ns CellIdentityWcdma:{ mMcc=2147483647 mMnc=2147483647 mLac=2147483647 mCid=2147483647 mPsc=296} CellSignalStrengthWcdma: ss=10 ber=99}, CellInfoWcdma:{mRegistered=NO mTimeStampType=oem_ril mTimeStamp=44066534905947ns CellIdentityWcdma:{ mMcc=2147483647 mMnc=2147483647 mLac=2147483647 mCid=2147483647 mPsc=223} CellSignalStrengthWcdma: ss=7 ber=99}, CellInfoWcdma:{mRegistered=NO mTimeStampType=oem_ril mTimeStamp=44066534905947ns CellIdentityWcdma:{ mMcc=2147483647 mMnc=2147483647 mLac=2147483647 mCid=2147483647 mPsc=382} CellSignalStrengthWcdma: ss=7 ber=99}, CellInfoWcdma:{mRegistered=NO mTimeStampType=oem_ril mTimeStamp=44066534905947ns CellIdentityWcdma:{ mMcc=2147483647 mMnc=2147483647 mLac=2147483647 mCid=2147483647 mPsc=20} CellSignalStrengthWcdma: ss=10 ber=99}, CellInfoWcdma:{mRegistered=NO mTimeStampType=oem_ril mTimeStamp=44066534905947ns CellIdentityWcdma:{ mMcc=2147483647 mMnc=2147483647 mLac=2147483647 mCid=2147483647 mPsc=20} CellSignalStrengthWcdma: ss=9 ber=99}]
04-14 20:27:15.279 D/GsmSST  ( 3447): [GsmSST] getCellLocation(): X good mCellLoc=[57310,46018110,296]
04-14 20:27:15.778 D/QtiGsmDCT( 3447): [0]updateDataActivity: curTxRxSum={txSum=184352 rxSum=224329} preTxRxSum={txSum=184348 rxSum=224329}
04-14 20:27:15.779 D/QtiGsmDCT( 3447): [0]updateDataActivity: sent=4 received=0
04-14 20:27:15.918 I/RILC    (  370): RIL_SOCKET_1 UNSOLICITED: RIL_UNSOL_LTE_REJECT_CAUSE length:16
04-14 20:27:15.918 E/RILC    (  370): Send Response to RIL_SOCKET_1
04-14 20:27:15.918 E/RILC    (  370): RIL Response bytes written:4
04-14 20:27:15.918 E/RILC    (  370): RIL Response bytes written:16
04-14 20:27:15.918 D/RILJ    ( 3447): [UNSL]< RIL_UNSOL_LTE_REJECT_CAUSE {15} [SUB0]
04-14 20:27:15.919 I/RILC    (  370): RIL_SOCKET_1 UNSOLICITED: UNSOL_OEM_HOOK_RAW length:32
04-14 20:27:15.919 E/RILC    (  370): Send Response to RIL_SOCKET_1
04-14 20:27:15.919 E/RILC    (  370): RIL Response bytes written:4
04-14 20:27:15.919 E/RILC    (  370): RIL Response bytes written:32
04-14 20:27:15.919 V/RILJ    ( 3447): [UNSL]< UNSOL_OEM_HOOK_RAW 514f454d484f4f4bef0308000100000001 [SUB0]
04-14 20:27:15.919 D/RILJ    ( 3447): Oem ID in RIL_UNSOL_OEM_HOOK_RAW is QOEMHOOK
04-14 20:27:15.919 D/RILJ    ( 3447): OEM ID check Passed
04-14 20:27:15.919 D/RILJ    ( 3447): Response ID in RIL_UNSOL_OEM_HOOK_RAW is 525295
04-14 20:27:15.919 D/RILJ    ( 3447): Response ID 525295 is not served in this process.
04-14 20:27:15.924 I/RILC    (  370): RIL_SOCKET_1 UNSOLICITED: UNSOL_RESPONSE_VOICE_NETWORK_STATE_CHANGED length:8
04-14 20:27:15.924 E/RILC    (  370): Send Response to RIL_SOCKET_1
04-14 20:27:15.924 E/RILC    (  370): RIL Response bytes written:4
04-14 20:27:15.924 E/RILC    (  370): RIL Response bytes written:8
04-14 20:27:15.926 D/RILJ    ( 3447): [UNSL]< UNSOL_RESPONSE_VOICE_NETWORK_STATE_CHANGED [SUB0]
04-14 20:27:15.926 D/RILJ    ( 3447): [2213]> OPERATOR [SUB0]
04-14 20:27:15.929 D/RILJ    ( 3447): [2214]> DATA_REGISTRATION_STATE [SUB0]
04-14 20:27:15.932 D/RILC    (  370): SOCKET RIL_SOCKET_1 REQUEST: OPERATOR length:8
04-14 20:27:15.932 D/RILJ    ( 3447): [2215]> VOICE_REGISTRATION_STATE [SUB0]
04-14 20:27:15.933 D/RILC    (  370): SOCKET RIL_SOCKET_1 REQUEST: DATA_REGISTRATION_STATE length:8
04-14 20:27:15.934 D/RILJ    ( 3447): [2216]> QUERY_NETWORK_SELECTION_MODE [SUB0]
04-14 20:27:15.941 D/RILC    (  370): SOCKET RIL_SOCKET_1 REQUEST: VOICE_REGISTRATION_STATE length:8
04-14 20:27:15.942 D/RILC    (  370): SOCKET RIL_SOCKET_1 REQUEST: QUERY_NETWORK_SELECTION_MODE length:8
04-14 20:27:15.951 D/RILC    (  370): RequestComplete, RIL_SOCKET_1
04-14 20:27:15.951 E/RILC    (  370): Send Response to RIL_SOCKET_1
04-14 20:27:15.952 E/RILC    (  370): RIL Response bytes written:4
04-14 20:27:15.953 D/RILJ    ( 3447): [2213]< OPERATOR {Orange, Orange, 26003} [SUB0]
04-14 20:27:15.953 E/RILC    (  370): RIL Response bytes written:72
04-14 20:27:15.954 D/RILC    (  370): RequestComplete, RIL_SOCKET_1
04-14 20:27:15.955 E/RILC    (  370): Send Response to RIL_SOCKET_1
04-14 20:27:15.955 E/RILC    (  370): RIL Response bytes written:4
04-14 20:27:15.955 D/RILJ    ( 3447): [2215]< VOICE_REGISTRATION_STATE {1, dfde, 02be2e3e, 3, null, null, null, 0, null, null, 1, null, null, 0, 128} [SUB0]
04-14 20:27:15.955 E/RILC    (  370): RIL Response bytes written:136
04-14 20:27:15.956 D/PHONE   ( 3447): [ServiceState] setVoiceRegState=0
04-14 20:27:15.956 E/PHONE   ( 3447): [ServiceState] setState deprecated use setVoiceRegState()
04-14 20:27:15.956 D/GsmSST  ( 3447): [GsmSST] LOGRadioInfo : In Service
04-14 20:27:15.958 D/RILC    (  370): RequestComplete, RIL_SOCKET_1
04-14 20:27:15.958 E/RILC    (  370): Send Response to RIL_SOCKET_1
04-14 20:27:15.958 E/RILC    (  370): RIL Response bytes written:4
04-14 20:27:15.958 E/RILC    (  370): RIL Response bytes written:20
04-14 20:27:15.959 D/RILJ    ( 3447): [2216]< QUERY_NETWORK_SELECTION_MODE {0} [SUB0]
04-14 20:27:15.960 D/RILC    (  370): RequestComplete, RIL_SOCKET_1
04-14 20:27:15.960 E/RILC    (  370): Send Response to RIL_SOCKET_1
04-14 20:27:15.960 E/RILC    (  370): RIL Response bytes written:4
04-14 20:27:15.960 E/RILC    (  370): RIL Response bytes written:120
04-14 20:27:15.960 D/RILJ    ( 3447): [2214]< DATA_REGISTRATION_STATE {1, dfde, 02be2e3e, 11, null, 20, null, null, null, null, null, 0} [SUB0]
04-14 20:27:15.961 D/GsmSST  ( 3447): isSFROperators result = false
04-14 20:27:15.962 D/PHONE   ( 3447): [ServiceState] setDataRegState=0
04-14 20:27:15.962 D/PHONE   ( 3447): [ServiceState] setDataRadioTechnology=11
04-14 20:27:15.962 D/GsmSST  ( 3447): [GsmSST] LOGRadioInfo : In Service
04-14 20:27:15.962 D/GsmSST  ( 3447): [GsmSST] handlPollStateResultMessage: GsmSST setDataRegState=0 regState=1 dataRadioTechnology=11
04-14 20:27:15.963 D/GsmSST  ( 3447): [GsmSST] Poll ServiceState done:  oldSS=[0 0 voice home data home Orange Orange 26003 Orange Orange 26003  UMTS HSPA CSS not supported -1 -1 RoamInd=-1 DefRoamInd=-1 EmergOnly=false IsDataRoamingFromRegistration=false mIsVoiceSearching=false mIsDataSearching=false mVoiceNetworkName=null mDataNetworkName=null Check64QAM0 Dual carrier0] newSS=[0 0 voice home data home Orange Orange 26003 Orange Orange 26003  UMTS HSPA CSS not supported -1 -1 RoamInd=-1 DefRoamInd=-1 EmergOnly=false IsDataRoamingFromRegistration=false mIsVoiceSearching=false mIsDataSearching=false mVoiceNetworkName=null mDataNetworkName=null Check64QAM0 Dual carrier0] oldMaxDataCalls=20 mNewMaxDataCalls=20 oldReasonDataDenied=-1 mNewReasonDataDenied=-1
04-14 20:27:15.963 D/PHONE   ( 3447): [ServiceState] setNullState=1
04-14 20:27:16.483 I/RILC    (  370): RIL_SOCKET_1 UNSOLICITED: RIL_UNSOL_LTE_REJECT_CAUSE length:16
04-14 20:27:16.483 E/RILC    (  370): Send Response to RIL_SOCKET_1
04-14 20:27:16.483 E/RILC    (  370): RIL Response bytes written:4
04-14 20:27:16.483 D/RILJ    ( 3447): [UNSL]< RIL_UNSOL_LTE_REJECT_CAUSE {15} [SUB0]
04-14 20:27:16.483 E/RILC    (  370): RIL Response bytes written:16
04-14 20:27:16.491 I/RILC    (  370): RIL_SOCKET_1 UNSOLICITED: UNSOL_OEM_HOOK_RAW length:32
04-14 20:27:16.491 E/RILC    (  370): Send Response to RIL_SOCKET_1
04-14 20:27:16.492 E/RILC    (  370): RIL Response bytes written:4
04-14 20:27:16.492 V/RILJ    ( 3447): [UNSL]< UNSOL_OEM_HOOK_RAW 514f454d484f4f4bef0308000100000001 [SUB0]
04-14 20:27:16.492 D/RILJ    ( 3447): Oem ID in RIL_UNSOL_OEM_HOOK_RAW is QOEMHOOK
04-14 20:27:16.492 D/RILJ    ( 3447): OEM ID check Passed
04-14 20:27:16.492 D/RILJ    ( 3447): Response ID in RIL_UNSOL_OEM_HOOK_RAW is 525295
04-14 20:27:16.492 D/RILJ    ( 3447): Response ID 525295 is not served in this process.
04-14 20:27:16.493 E/RILC    (  370): RIL Response bytes written:32
04-14 20:27:16.496 I/RILC    (  370): RIL_SOCKET_1 UNSOLICITED: UNSOL_RESPONSE_VOICE_NETWORK_STATE_CHANGED length:8
04-14 20:27:16.496 E/RILC    (  370): Send Response to RIL_SOCKET_1
04-14 20:27:16.496 E/RILC    (  370): RIL Response bytes written:4
04-14 20:27:16.496 E/RILC    (  370): RIL Response bytes written:8
04-14 20:27:16.498 I/RILQ    (  370): (0/370):RIL[0][event] qcril_arb_set_dsd_sys_status: old_pref_data 1 - new_data_pref 1
04-14 20:27:16.498 I/RILQ    (  370): (0/370):RIL[0][event] qcril_arb_set_dsd_sys_status: preferred dsd_sys_status nw=0x0, rat_value=0x1, so_mask=0x0000000000000015
04-14 20:27:16.498 I/RILQ    (  370): (0/370):RIL[0][event] qcril_arb_set_dsd_sys_status: preferred 1 - dsd_sys_status nw=0x0, rat_value=0x1, so_mask=0x0000000000000015
04-14 20:27:16.498 I/RILQ    (  370): (0/370):RIL[0][event] qcril_arb_set_dsd_sys_status: is_wwan_available 0
04-14 20:27:16.500 D/RILJ    ( 3447): [UNSL]< UNSOL_RESPONSE_VOICE_NETWORK_STATE_CHANGED [SUB0]
04-14 20:27:16.500 I/RILC    (  370): RIL_SOCKET_1 UNSOLICITED: UNSOL_OEM_HOOK_RAW length:32
04-14 20:27:16.500 E/RILC    (  370): Send Response to RIL_SOCKET_1
04-14 20:27:16.500 E/RILC    (  370): RIL Response bytes written:4
04-14 20:27:16.500 E/RILC    (  370): RIL Response bytes written:32
04-14 20:27:16.502 D/RILJ    ( 3447): [2217]> OPERATOR [SUB0]
04-14 20:27:16.505 I/RILC    (  370): RIL_SOCKET_1 UNSOLICITED: RIL_UNSOL_LTE_REJECT_CAUSE length:16
04-14 20:27:16.505 E/RILC    (  370): Send Response to RIL_SOCKET_1
04-14 20:27:16.505 E/RILC    (  370): RIL Response bytes written:4
04-14 20:27:16.505 E/RILC    (  370): RIL Response bytes written:16
04-14 20:27:16.506 V/RILJ    ( 3447): [UNSL]< UNSOL_OEM_HOOK_RAW 514f454d484f4f4bfa0308000100000000 [SUB0]
04-14 20:27:16.506 D/RILJ    ( 3447): Oem ID in RIL_UNSOL_OEM_HOOK_RAW is QOEMHOOK
04-14 20:27:16.506 D/RILJ    ( 3447): OEM ID check Passed
04-14 20:27:16.506 D/RILJ    ( 3447): Response ID in RIL_UNSOL_OEM_HOOK_RAW is 525306
04-14 20:27:16.506 D/RILJ    ( 3447): WWAN, IWLAN coexistence notified to registrants
04-14 20:27:16.507 D/RILJ    ( 3447): [UNSL]< RIL_UNSOL_LTE_REJECT_CAUSE {15} [SUB0]
04-14 20:27:16.507 I/RILC    (  370): RIL_SOCKET_1 UNSOLICITED: UNSOL_RESPONSE_VOICE_NETWORK_STATE_CHANGED length:8
04-14 20:27:16.507 E/RILC    (  370): Send Response to RIL_SOCKET_1
04-14 20:27:16.507 E/RILC    (  370): RIL Response bytes written:4
04-14 20:27:16.507 E/RILC    (  370): RIL Response bytes written:8
04-14 20:27:16.508 D/RILJ    ( 3447): [UNSL]< UNSOL_RESPONSE_VOICE_NETWORK_STATE_CHANGED [SUB0]
04-14 20:27:16.510 D/RILJ    ( 3447): [2218]> DATA_REGISTRATION_STATE [SUB0]
04-14 20:27:16.511 I/RILC    (  370): RIL_SOCKET_1 UNSOLICITED: UNSOL_DATA_CALL_LIST_CHANGED length:428
04-14 20:27:16.511 E/RILC    (  370): Send Response to RIL_SOCKET_1
04-14 20:27:16.511 E/RILC    (  370): RIL Response bytes written:4
04-14 20:27:16.511 E/RILC    (  370): RIL Response bytes written:428
04-14 20:27:16.511 D/RILC    (  370): SOCKET RIL_SOCKET_1 REQUEST: OPERATOR length:8
04-14 20:27:16.512 D/RILJ    ( 3447): responseDataCallList ver=11 num=1 [SUB0]
04-14 20:27:16.512 D/RILJ    ( 3447): getDataCallResponse before ver=11 [SUB0]
04-14 20:27:16.512 D/RILJ    ( 3447): [UNSL]< UNSOL_DATA_CALL_LIST_CHANGED [DataCallResponse: {version=11 status=0 retry=-1 cid=0 active=2 type=IPV6 ifname=rmnet_data0 mtu=1500 addresses=[2a00:0f41:30c7:6454:6f4f:ae41:e4e6:7df2/64] dnses=[2a01:1700:0003:ffff:0000:0000:0000:9822,2a01:1700:0002:ffff:0000:0000:0000:9f01] gateways=[fe80:0000:0000:0000:d947:4565:cf0d:b445] pcscf=[]}] [SUB0]
04-14 20:27:16.512 I/LG-FASTDORMANCY( 3447): [IDLE] Data call list changed.
04-14 20:27:16.513 I/LG-FASTDORMANCY( 3447): [IDLE] [DataCallResponse: {version=11 status=0 retry=-1 cid=0 active=2 type=IPV6 ifname=rmnet_data0 mtu=1500 addresses=[2a00:0f41:30c7:6454:6f4f:ae41:e4e6:7df2/64] dnses=[2a01:1700:0003:ffff:0000:0000:0000:9822,2a01:1700:0002:ffff:0000:0000:0000:9f01] gateways=[fe80:0000:0000:0000:d947:4565:cf0d:b445] pcscf=[]}]
04-14 20:27:16.513 I/LG-FASTDORMANCY( 3447): [IDLE] prev:[IDLE] , curr:false
04-14 20:27:16.513 D/RILC    (  370): SOCKET RIL_SOCKET_1 REQUEST: DATA_REGISTRATION_STATE length:8
04-14 20:27:16.513 D/QtiGsmDCT( 3447): [0]fetchDunApn: Ignore the dun apn in settings.db
04-14 20:27:16.514 D/RILJ    ( 3447): [2219]> VOICE_REGISTRATION_STATE [SUB0]
04-14 20:27:16.515 D/LG-FASTDORMANCY( 3447): [IDLE] isUMTS(): RadioTech(10)
04-14 20:27:16.515 D/LG-FASTDORMANCY( 3447): [IDLE] Exit from IDLE State
04-14 20:27:16.515 D/LG-FASTDORMANCY( 3447): [DCH/FACH] FDCount : 0 Enter to DCH or FACH State
04-14 20:27:16.516 D/RILC    (  370): SOCKET RIL_SOCKET_1 REQUEST: VOICE_REGISTRATION_STATE length:8
04-14 20:27:16.516 D/LG-FASTDORMANCY( 3447): [DCH/FACH] FDCount : 0 isUMTS(): RadioTech(10)
04-14 20:27:16.516 I/LG-FASTDORMANCY( 3447): [DCH/FACH] FDCount : 0 Scheduling checkNetStat for 1000msec, current state is [DCH/FACH] FDCount : 0 
04-14 20:27:16.518 D/RILJ    ( 3447): [2220]> QUERY_NETWORK_SELECTION_MODE [SUB0]
04-14 20:27:16.521 D/RILC    (  370): RequestComplete, RIL_SOCKET_1
04-14 20:27:16.521 E/RILC    (  370): Send Response to RIL_SOCKET_1
04-14 20:27:16.521 E/RILC    (  370): RIL Response bytes written:4
04-14 20:27:16.521 E/RILC    (  370): RIL Response bytes written:120
04-14 20:27:16.522 D/RILJ    ( 3447): [2218]< DATA_REGISTRATION_STATE {1, dfde, 02be2e3e, 15, null, 20, null, null, null, null, null, 0} [SUB0]
04-14 20:27:16.524 D/RILC    (  370): RequestComplete, RIL_SOCKET_1
04-14 20:27:16.524 E/RILC    (  370): Send Response to RIL_SOCKET_1
04-14 20:27:16.524 E/RILC    (  370): RIL Response bytes written:4
04-14 20:27:16.524 E/RILC    (  370): RIL Response bytes written:136
04-14 20:27:16.525 D/RILJ    ( 3447): [2221]> OPERATOR [SUB0]
04-14 20:27:16.526 D/RILC    (  370): SOCKET RIL_SOCKET_1 REQUEST: QUERY_NETWORK_SELECTION_MODE length:8
04-14 20:27:16.526 D/RILJ    ( 3447): [2222]> DATA_REGISTRATION_STATE [SUB0]
04-14 20:27:16.526 D/RILJ    ( 3447): [2219]< VOICE_REGISTRATION_STATE {1, dfde, 02be2e3e, 3, null, null, null, 0, null, null, 1, null, null, 0, 128} [SUB0]
04-14 20:27:16.527 D/RILJ    ( 3447): [2223]> VOICE_REGISTRATION_STATE [SUB0]
04-14 20:27:16.528 D/RILJ    ( 3447): [2224]> QUERY_NETWORK_SELECTION_MODE [SUB0]
04-14 20:27:16.530 D/QtiGsmDCT( 3447): [0]QtiDcTracker handleMessage msg={ when=-18ms what=270340 obj=android.os.AsyncResult@ceda4ac target=com.qti.internal.telephony.dataconnection.QtiDcTracker }
04-14 20:27:16.530 D/QtiGsmDCT( 3447): [0]handleMessage msg={ when=-18ms what=270340 obj=android.os.AsyncResult@ceda4ac target=com.qti.internal.telephony.dataconnection.QtiDcTracker }
04-14 20:27:16.530 D/RILC    (  370): SOCKET RIL_SOCKET_1 REQUEST: OPERATOR length:8
04-14 20:27:16.530 E/DATA    ( 3447): Unidentified event msg={ when=-18ms what=270340 obj=android.os.AsyncResult@ceda4ac target=com.qti.internal.telephony.dataconnection.QtiDcTracker }
04-14 20:27:16.531 D/RILC    (  370): SOCKET RIL_SOCKET_1 REQUEST: DATA_REGISTRATION_STATE length:8
04-14 20:27:16.532 D/RILC    (  370): SOCKET RIL_SOCKET_1 REQUEST: VOICE_REGISTRATION_STATE length:8
04-14 20:27:16.534 D/RILC    (  370): SOCKET RIL_SOCKET_1 REQUEST: QUERY_NETWORK_SELECTION_MODE length:8
04-14 20:27:16.540 D/RILC    (  370): RequestComplete, RIL_SOCKET_1
04-14 20:27:16.540 E/RILC    (  370): Send Response to RIL_SOCKET_1
04-14 20:27:16.540 E/RILC    (  370): RIL Response bytes written:4
04-14 20:27:16.540 E/RILC    (  370): RIL Response bytes written:72
04-14 20:27:16.541 D/RILC    (  370): RequestComplete, RIL_SOCKET_1
04-14 20:27:16.541 E/RILC    (  370): Send Response to RIL_SOCKET_1
04-14 20:27:16.541 E/RILC    (  370): RIL Response bytes written:4
04-14 20:27:16.541 E/RILC    (  370): RIL Response bytes written:72
04-14 20:27:16.541 D/RILJ    ( 3447): [2217]< OPERATOR {Orange, Orange, 26003} [SUB0]
04-14 20:27:16.541 D/RILJ    ( 3447): [2221]< OPERATOR {Orange, Orange, 26003} [SUB0]
04-14 20:27:16.543 D/RILC    (  370): RequestComplete, RIL_SOCKET_1
04-14 20:27:16.543 E/RILC    (  370): Send Response to RIL_SOCKET_1
04-14 20:27:16.543 E/RILC    (  370): RIL Response bytes written:4
04-14 20:27:16.543 E/RILC    (  370): RIL Response bytes written:20
04-14 20:27:16.543 D/RILC    (  370): RequestComplete, RIL_SOCKET_1
04-14 20:27:16.543 E/RILC    (  370): Send Response to RIL_SOCKET_1
04-14 20:27:16.543 E/RILC    (  370): RIL Response bytes written:4
04-14 20:27:16.543 E/RILC    (  370): RIL Response bytes written:20
04-14 20:27:16.544 D/RILJ    ( 3447): [2220]< QUERY_NETWORK_SELECTION_MODE {0} [SUB0]
04-14 20:27:16.544 D/RILC    (  370): RequestComplete, RIL_SOCKET_1
04-14 20:27:16.544 E/RILC    (  370): Send Response to RIL_SOCKET_1
04-14 20:27:16.544 D/RILJ    ( 3447): [2224]< QUERY_NETWORK_SELECTION_MODE {0} [SUB0]
04-14 20:27:16.544 E/RILC    (  370): RIL Response bytes written:4
04-14 20:27:16.544 E/RILC    (  370): RIL Response bytes written:120
04-14 20:27:16.544 D/RILJ    ( 3447): [2222]< DATA_REGISTRATION_STATE {1, dfde, 02be2e3e, 15, null, 20, null, null, null, null, null, 0} [SUB0]
04-14 20:27:16.544 D/GsmSST  ( 3447): isSFROperators result = false
04-14 20:27:16.544 D/PHONE   ( 3447): [ServiceState] setDataRegState=0
04-14 20:27:16.544 D/PHONE   ( 3447): [ServiceState] setDataRadioTechnology=15
04-14 20:27:16.544 D/GsmSST  ( 3447): [GsmSST] LOGRadioInfo : In Service
04-14 20:27:16.545 D/GsmSST  ( 3447): [GsmSST] handlPollStateResultMessage: GsmSST setDataRegState=0 regState=1 dataRadioTechnology=15
04-14 20:27:16.546 D/RILC    (  370): RequestComplete, RIL_SOCKET_1
04-14 20:27:16.546 E/RILC    (  370): Send Response to RIL_SOCKET_1
04-14 20:27:16.546 E/RILC    (  370): RIL Response bytes written:4
04-14 20:27:16.546 E/RILC    (  370): RIL Response bytes written:136
04-14 20:27:16.546 D/RILJ    ( 3447): [2223]< VOICE_REGISTRATION_STATE {1, dfde, 02be2e3e, 3, null, null, null, 0, null, null, 1, null, null, 0, 128} [SUB0]
04-14 20:27:16.547 D/PHONE   ( 3447): [ServiceState] setVoiceRegState=0
04-14 20:27:16.548 E/PHONE   ( 3447): [ServiceState] setState deprecated use setVoiceRegState()
04-14 20:27:16.548 D/GsmSST  ( 3447): [GsmSST] LOGRadioInfo : In Service
04-14 20:27:16.549 D/GsmSST  ( 3447): [GsmSST] Poll ServiceState done:  oldSS=[0 0 voice home data home Orange Orange 26003 Orange Orange 26003  UMTS HSPA CSS not supported -1 -1 RoamInd=-1 DefRoamInd=-1 EmergOnly=false IsDataRoamingFromRegistration=false mIsVoiceSearching=false mIsDataSearching=false mVoiceNetworkName=null mDataNetworkName=null Check64QAM0 Dual carrier0] newSS=[0 0 voice home data home Orange Orange 26003 Orange Orange 26003  UMTS HSPAP CSS not supported -1 -1 RoamInd=-1 DefRoamInd=-1 EmergOnly=false IsDataRoamingFromRegistration=false mIsVoiceSearching=false mIsDataSearching=false mVoiceNetworkName=null mDataNetworkName=null Check64QAM0 Dual carrier0] oldMaxDataCalls=20 mNewMaxDataCalls=20 oldReasonDataDenied=-1 mNewReasonDataDenied=-1
04-14 20:27:16.549 D/PHONE   ( 3447): [ServiceState] setNullState=1
04-14 20:27:16.549 D/TelephonyManager( 3447): setTelephonyProperty: success phoneId=0 property=gsm.network.type value: UMTS propVal=UMTS
04-14 20:27:16.550 D/SIMRecords( 3447): [SIMRecords] getServiceProviderName: no brandOverride
04-14 20:27:16.550 D/SIMRecords( 3447): [SIMRecords] getServiceProviderName: providerName=Orange
04-14 20:27:16.550 D/SIMRecords( 3447): [SIMRecords] getServiceProviderName: no brandOverride
04-14 20:27:16.550 D/SIMRecords( 3447): [SIMRecords] getServiceProviderName: providerName=Orange
04-14 20:27:16.550 D/GSMPhoneEx( 3447): grandblue SpnMvno = Orange operator = 26003 simMcc  = 260 simMnc  = 03
04-14 20:27:16.550 D/GSMPhoneEx( 3447): grandblue after SpnMvno = Orange operator = 26003 simMcc  = 260 simMnc  = 03
04-14 20:27:16.551 D/TelephonyManager( 3447): setTelephonyProperty: success phoneId=0 property=gsm.operator.alpha value: Orange propVal=Orange
04-14 20:27:16.552 D/TelephonyManager( 3447): setTelephonyProperty: success phoneId=0 property=gsm.operator.numeric value: 26003 propVal=26003
04-14 20:27:16.553 D/TelephonyManager( 3447): setTelephonyProperty: success phoneId=0 property=gsm.operator.iso-country value: pl propVal=pl
04-14 20:27:16.553 D/QtiGsmDCT( 3447): [0]fetchDunApn: config_tether_apndata dunSetting=null
04-14 20:27:16.553 D/DC-1    ( 3447): isInternetRequested = true
04-14 20:27:16.554 D/Dcc     ( 3447): onDataStateChanged: dcsList=[DataCallResponse: {version=11 status=0 retry=-1 cid=0 active=2 type=IPV6 ifname=rmnet_data0 mtu=1500 addresses=[2a00:0f41:30c7:6454:6f4f:ae41:e4e6:7df2/64] dnses=[2a01:1700:0003:ffff:0000:0000:0000:9822,2a01:1700:0002:ffff:0000:0000:0000:9f01] gateways=[fe80:0000:0000:0000:d947:4565:cf0d:b445] pcscf=[]}] mDcListActiveByCid={0={DC-1: State=DcActiveState mApnSetting=[ApnSettingV3] Orange Internet, 695, 26003, internetipv6, , , , , , 1, default | dun | hipri | supl, IPV6, IP, true, 0, 0, 1, false, 0, 0, 0, 0, , , 0, ,  RefCount=1 mCid=0 mCreateTime=-1 mLastastFailTime=-1 mLastFailCause=NONE mTag=8 mRetryManager=RetryManager: { forever=false maxRetry=10 curMaxRetry=0 retry=0 config={default_randomization=2000,5000,10000,20000,40000,80000:5000,160000:5000,320000:5000,640000:5000,1280000:5000,1800000:5000} retryArray={5000:2000 10000:2000 20000:2000 40000:2000 80000:5000 160000:5000 320000:5000 640000:5000 1280000:5000 1800000:5000 }} mLinkProperties={InterfaceName: rmnet_data0 LinkAddresses: [2a00:f41:30c7:6454:6f4f:ae41:e4e6:7df2/64,]  Routes: [::/0 -> fe80::d947:4565:cf0d:b445 rmnet_data0,] DnsAddresses: [2a01:1700:3:ffff::9822,2a01:1700:2:ffff::9f01,] Domains: null MTU: 1500 TcpBufferSizes: 40778,244668,3461120,16777,140625,3461120} linkCapabilities=[ Transports: CELLULAR Capabilities: SUPL&DUN&INTERNET&NOT_RESTRICTED&TRUSTED&NOT_VPN LinkUpBandwidth>=5898Kbps LinkDnBandwidth>=14336Kbps Specifier: <2>] mApnContexts=[{mApnType=default mState=CONNECTED mWaitingApns={[[ApnSettingV3] Orange Internet, 695, 26003, internetipv6, , , , , , 1, default | dun | hipri | supl, IPV6, IP, true, 0, 0, 1, false, 0, 0, 0, 0, , , 0, , ]} mWaitingApnsPermanentFailureCountDown=1 mApnSetting={[ApnSettingV3] Orange Internet, 695, 26003, internetipv6, , , , , , 1, default | dun | hipri | supl, IPV6, IP, true, 0, 0, 1, false, 0, 0, 0, 0, , , 0, , } mReason=connected mDataEnabled=true mDependencyMet=true}]}}
04-14 20:27:16.554 D/Dcc     ( 3447): onDataStateChanged: dcsToRetry=[]
04-14 20:27:16.554 D/Dcc     ( 3447): onDataStateChanged: Found ConnId=0 newState=DataCallResponse: {version=11 status=0 retry=-1 cid=0 active=2 type=IPV6 ifname=rmnet_data0 mtu=1500 addresses=[2a00:0f41:30c7:6454:6f4f:ae41:e4e6:7df2/64] dnses=[2a01:1700:0003:ffff:0000:0000:0000:9822,2a01:1700:0002:ffff:0000:0000:0000:9f01] gateways=[fe80:0000:0000:0000:d947:4565:cf0d:b445] pcscf=[]}
04-14 20:27:16.554 D/DataCallResponse( 3447): addr/pl=2a00:0f41:30c7:6454:6f4f:ae41:e4e6:7df2/64
04-14 20:27:16.554 D/DC-1    ( 3447): MTU set by call response to: 1500
04-14 20:27:16.555 D/Dcc     ( 3447): onDataStateChanged: no change
04-14 20:27:16.555 D/Dcc     ( 3447): onDataStateChanged: Data Activity updated to NONE. isAnyDataCallActive = true isAnyDataCallDormant = false
04-14 20:27:16.555 D/Dcc     ( 3447): onDataStateChanged: Skip startNetStatPoll
04-14 20:27:16.555 D/Dcc     ( 3447): onDataStateChanged: dcsToRetry=[] apnsToCleanup=[]
04-14 20:27:16.555 D/Dcc     ( 3447): onDataStateChanged: X
04-14 20:27:16.555 D/GsmSST  ( 3447): [GsmSST] shouldFixTimeZoneNow: retVal=false iccCardExist=true operatorNumeric=26003 mcc=260 prevOperatorNumeric=26003 prevMcc=260 needToFixTimeZone=false ltod=04-14 20:27:16.555
04-14 20:27:16.555 D/TelephonyManager( 3447): setTelephonyProperty: success phoneId=0 property=gsm.operator.isroaming value: false propVal=false
04-14 20:27:16.556 D/TelephonyManager( 3447): setTelephonyProperty: success phoneId=0 property=ril.cdma.voiceinservice value: true propVal=true
04-14 20:27:16.557 D/GsmSST  ( 3447): [GsmSST] Broadcasting ServiceState : 0 0 voice home data home Orange Orange 26003 Orange Orange 26003  UMTS HSPAP CSS not supported -1 -1 RoamInd=-1 DefRoamInd=-1 EmergOnly=false IsDataRoamingFromRegistration=false mIsVoiceSearching=false mIsDataSearching=false mVoiceNetworkName=null mDataNetworkName=null Check64QAM0 Dual carrier0
04-14 20:27:16.557 D/DefaultPhoneNotifier( 3447): nofityServiceState: mRegistry=com.android.internal.telephony.ITelephonyRegistry$Stub$Proxy@ced2ad0 ss=0 0 voice home data home Orange Orange 26003 Orange Orange 26003  UMTS HSPAP CSS not supported -1 -1 RoamInd=-1 DefRoamInd=-1 EmergOnly=false IsDataRoamingFromRegistration=false mIsVoiceSearching=false mIsDataSearching=false mVoiceNetworkName=null mDataNetworkName=null Check64QAM0 Dual carrier0 sender=Handler (com.qti.internal.telephony.gsm.QtiGSMPhone) {560d91e} phondId=0 subId=2
04-14 20:27:16.564 D/SubscriptionManager( 1891): getSimStateForSubscriber: simState=5 slotIdx=0
04-14 20:27:16.565 D/GsmSST  ( 3447): [GsmSST] notifyDataRegStateRilRadioTechnologyChanged: drs=0 rat=15
04-14 20:27:16.565 D/TelephonyManager( 3447): setTelephonyProperty: success phoneId=0 property=gsm.network.type value: HSPAP propVal=HSPAP
04-14 20:27:16.567 D/QtiGsmDCT( 3447): [0]get all active apn types
04-14 20:27:16.567 D/DC-1    ( 3447): DcActiveState not handled msg.what=EVENT_DATA_CONNECTION_DRS_OR_RAT_CHANGED
04-14 20:27:16.567 D/DC-1    ( 3447): DcDefault msg=EVENT_DATA_CONNECTION_DRS_OR_RAT_CHANGED RefCount=1
04-14 20:27:16.567 D/DC-1    ( 3447): DcDefaultState: EVENT_DATA_CONNECTION_DRS_OR_RAT_CHANGED drs=0 mRilRat=15
04-14 20:27:16.567 D/QtiGsmDCT( 3447): [0]fetchDunApn: Ignore the dun apn in settings.db
04-14 20:27:16.572 D/QtiGsmDCT( 3447): [0]return link properites for default
04-14 20:27:16.575 D/QtiGsmDCT( 3447): [0]getDataEnabled: getIntWithSubId retVal=true
04-14 20:27:16.594 D/QtiGsmDCT( 3447): [0]fetchDunApn: config_tether_apndata dunSetting=null
04-14 20:27:16.594 D/DC-1    ( 3447): isInternetRequested = true
04-14 20:27:16.595 D/DC-1    ( 3447): DcActiveState not handled msg.what=REQ_GET_LINK_PROPERTIES
04-14 20:27:16.595 D/DC-1    ( 3447): DcDefault msg=REQ_GET_LINK_PROPERTIES RefCount=1
04-14 20:27:16.595 D/DC-1    ( 3447): REQ_GET_LINK_PROPERTIES linkProperties{InterfaceName: rmnet_data0 LinkAddresses: [2a00:f41:30c7:6454:6f4f:ae41:e4e6:7df2/64,]  Routes: [::/0 -> fe80::d947:4565:cf0d:b445 rmnet_data0,] DnsAddresses: [2a01:1700:3:ffff::9822,2a01:1700:2:ffff::9f01,] Domains: null MTU: 1500 TcpBufferSizes: 122334,734003,3461120,32040,192239,3461120}
04-14 20:27:16.596 D/QtiGsmDCT( 3447): [0]get active pdp is not null, return NetworkCapabilities for default
04-14 20:27:16.597 D/DC-1    ( 3447): DcActiveState not handled msg.what=REQ_GET_NETWORK_CAPABILITIES
04-14 20:27:16.597 D/DC-1    ( 3447): DcDefault msg=REQ_GET_NETWORK_CAPABILITIES RefCount=1
04-14 20:27:16.597 D/QtiGsmDCT( 3447): [0]fetchDunApn: Ignore the dun apn in settings.db
04-14 20:27:16.623 D/QtiGsmDCT( 3447): [0]fetchDunApn: config_tether_apndata dunSetting=null
04-14 20:27:16.623 D/DC-1    ( 3447): isInternetRequested = true
04-14 20:27:16.623 D/DC-1    ( 3447): REQ_GET_NETWORK_CAPABILITIES networkCapabilities[ Transports: CELLULAR Capabilities: SUPL&DUN&INTERNET&NOT_RESTRICTED&TRUSTED&NOT_VPN LinkUpBandwidth>=11264Kbps LinkDnBandwidth>=43008Kbps Specifier: <2>]
04-14 20:27:16.625 D/QtiGsmDCT( 3447): [0]isDataPossible(default): possible=true isDataAllowed=true apnTypePossible=true apnContextisEnabled=true apnContextState()=CONNECTED
04-14 20:27:16.625 D/QtiGsmDCT( 3447): [0]get active apn string for type:default
04-14 20:27:16.625 D/DCT     ( 3447): [ApnContext:default] getApnSetting: apnSetting=[ApnSettingV3] Orange Internet, 695, 26003, internetipv6, , , , , , 1, default | dun | hipri | supl, IPV6, IP, true, 0, 0, 1, false, 0, 0, 0, 0, , , 0, , 
04-14 20:27:16.630 D/TelephonyRegistry( 1891): Notify data connection state changed on sub: 2
04-14 20:27:16.630 D/TelephonyRegistry( 1891): Notify data connection state changed on sub: 2
04-14 20:27:16.631 D/TelephonyRegistry( 1891): Notify data connection state changed on sub: 2
04-14 20:27:16.631 D/TelephonyRegistry( 1891): Notify data connection state changed on sub: 2
04-14 20:27:16.631 D/TelephonyRegistry( 1891): Notify data connection state changed on sub: 2
04-14 20:27:16.631 D/TelephonyRegistry( 1891): broadcastPreciseDataConnectionStateChanged():state=2, apnType=default, smCause=(0), reason=null
04-14 20:27:16.639 V/LG-FASTDORMANCY( 3447): [DCH/FACH] FDCount : 0 intent received :android.intent.action.SERVICE_STATE
04-14 20:27:16.640 E/PHONE   ( 3447): ServiceState.getRadioTechnology() DEPRECATED will be removed *******
04-14 20:27:16.640 I/LG-FASTDORMANCY( 3447): [DCH/FACH] FDCount : 0 Service State is changed : 0 0 voice home data home Orange Orange 26003 Orange Orange 26003  UMTS HSPAP CSS not supported -1 -1 RoamInd=-1 DefRoamInd=-1 EmergOnly=false IsDataRoamingFromRegistration=false mIsVoiceSearching=false mIsDataSearching=false mVoiceNetworkName=null mDataNetworkName=null Check64QAM0 Dual carrier0
04-14 20:27:16.640 I/LG-FASTDORMANCY( 3447): [DCH/FACH] FDCount : 0 radioTech changed!! currenRT = 15 isChange?? true
04-14 20:27:16.641 D/GsmSST  ( 3447): [GsmSST] getCellLocation(): X good mCellLoc=[57310,46018110,296]
04-14 20:27:16.642 D/QtiGsmDCT( 3447): [0]QtiDcTracker handleMessage msg={ when=-75ms what=270377 obj=android.os.AsyncResult@263b575 target=com.qti.internal.telephony.dataconnection.QtiDcTracker }
04-14 20:27:16.642 D/QtiGsmDCT( 3447): [0]handleMessage msg={ when=-75ms what=270377 obj=android.os.AsyncResult@263b575 target=com.qti.internal.telephony.dataconnection.QtiDcTracker }
04-14 20:27:16.642 I/LG-FASTDORMANCY( 3447): [DCH/FACH] FDCount : 0 Radio Tech changed.
04-14 20:27:16.642 D/QtiGsmDCT( 3447): [0]onUpdateIcc: newIccRecords com.android.internal.telephony.uicc.SIMRecords
04-14 20:27:16.644 D/LG-FASTDORMANCY( 3447): [DCH/FACH] FDCount : 0 isUMTS(): RadioTech(15)
04-14 20:27:16.651 D/QtiGsmDCT( 3447): [0]getDataOnRoamingEnabled: phoneSubId=2 isDataRoamingEnabled=false
04-14 20:27:16.652 D/QtiGsmDCT( 3447): [0]getDataEnabled: getIntWithSubId retVal=true
04-14 20:27:16.656 D/QtiGsmDCT( 3447): [0]getDataEnabled: getIntWithSubId retVal=true
04-14 20:27:16.663 D/RILJ    ( 3447): [2225]> REQUEST_GET_NEIGHBORING_CELL_IDS [SUB0]
04-14 20:27:16.665 D/RILC    (  370): SOCKET RIL_SOCKET_1 REQUEST: GET_NEIGHBORING_CELL_IDS length:8
04-14 20:27:16.665 I/RILQ    (  370): (0/370):RIL[0][main] qcril_qmi_nas_get_neighboring_cell_ids: completed with 0
04-14 20:27:16.668 I/RILQ    (  370): (0/370):RIL[0][qmi_cb] qcril_qmi_nas_get_neighboring_cells_cb: .. qmi error 0, resultqmi  0, qmi transp_err 0, ril res 0
04-14 20:27:16.669 D/RILC    (  370): RequestComplete, RIL_SOCKET_1
04-14 20:27:16.669 E/RILC    (  370): Send Response to RIL_SOCKET_1
04-14 20:27:16.669 E/RILC    (  370): RIL Response bytes written:4
04-14 20:27:16.670 E/RILC    (  370): RIL Response bytes written:156
04-14 20:27:16.670 I/RILQ    (  370): (0/370):RIL[0][qmi_cb] qcril_qmi_nas_get_neighboring_cells_cb: completed with 0 with 5 entries
04-14 20:27:16.674 D/RILJ    ( 3447): [2225]< REQUEST_GET_NEIGHBORING_CELL_IDS {[[]] [[]] [[]] [[]] [[]] } [SUB0]
04-14 20:27:16.680 D/GsmSST  ( 3447): [GsmSST] SST.getAllCellInfo(): return last, back to back calls
04-14 20:27:16.681 D/GsmSST  ( 3447): [GsmSST] SST.getAllCellInfo(): X size=6 list=[CellInfoWcdma:{mRegistered=YES mTimeStampType=oem_ril mTimeStamp=44066534905947ns CellIdentityWcdma:{ mMcc=260 mMnc=3 mLac=57310 mCid=46018110 mPsc=296} CellSignalStrengthWcdma: ss=1 ber=99}, CellInfoWcdma:{mRegistered=NO mTimeStampType=oem_ril mTimeStamp=44066534905947ns CellIdentityWcdma:{ mMcc=2147483647 mMnc=2147483647 mLac=2147483647 mCid=2147483647 mPsc=296} CellSignalStrengthWcdma: ss=10 ber=99}, CellInfoWcdma:{mRegistered=NO mTimeStampType=oem_ril mTimeStamp=44066534905947ns CellIdentityWcdma:{ mMcc=2147483647 mMnc=2147483647 mLac=2147483647 mCid=2147483647 mPsc=223} CellSignalStrengthWcdma: ss=7 ber=99}, CellInfoWcdma:{mRegistered=NO mTimeStampType=oem_ril mTimeStamp=44066534905947ns CellIdentityWcdma:{ mMcc=2147483647 mMnc=2147483647 mLac=2147483647 mCid=2147483647 mPsc=382} CellSignalStrengthWcdma: ss=7 ber=99}, CellInfoWcdma:{mRegistered=NO mTimeStampType=oem_ril mTimeStamp=44066534905947ns CellIdentityWcdma:{ mMcc=2147483647 mMnc=2147483647 mLac=2147483647 mCid=2147483647 mPsc=20} CellSignalStrengthWcdma: ss=10 ber=99}, CellInfoWcdma:{mRegistered=NO mTimeStampType=oem_ril mTimeStamp=44066534905947ns CellIdentityWcdma:{ mMcc=2147483647 mMnc=2147483647 mLac=2147483647 mCid=2147483647 mPsc=20} CellSignalStrengthWcdma: ss=9 ber=99}]
04-14 20:27:16.686 D/GsmSST  ( 3447): [GsmSST] getCellLocation(): X good mCellLoc=[57310,46018110,296]
04-14 20:27:16.782 D/QtiGsmDCT( 3447): [0]updateDataActivity: curTxRxSum={txSum=184354 rxSum=224329} preTxRxSum={txSum=184352 rxSum=224329}
04-14 20:27:16.782 D/QtiGsmDCT( 3447): [0]updateDataActivity: sent=2 received=0
04-14 20:27:17.519 V/LG-FASTDORMANCY( 3447): [DCH/FACH] FDCount : 0 intent received :com.android.internal.telephony.ACTION_CHECK_NETSTAT
04-14 20:27:17.524 V/LG-FASTDORMANCY( 3447): [DCH/FACH] FDCount : 0 prev: TxPkts(184346), RxPkts(224329)
04-14 20:27:17.524 V/LG-FASTDORMANCY( 3447): [DCH/FACH] FDCount : 0 curr: TxPkts(184356), RxPkts(224337)
04-14 20:27:17.526 I/LG-FASTDORMANCY( 3447): [DCH/FACH] FDCount : 0 Scheduling checkNetStat for 1000msec, current state is [DCH/FACH] FDCount : 0 
04-14 20:27:17.785 D/QtiGsmDCT( 3447): [0]updateDataActivity: curTxRxSum={txSum=184356 rxSum=224337} preTxRxSum={txSum=184354 rxSum=224329}
04-14 20:27:17.785 D/QtiGsmDCT( 3447): [0]updateDataActivity: sent=2 received=8
04-14 20:27:17.785 D/QtiGsmDCT( 3447): [0]updateDataActivity: newActivity=DATAINANDOUT
04-14 20:27:17.793 D/QtiGsmDCT( 3447): [0]getDataEnabled: getIntWithSubId retVal=true
04-14 20:27:18.529 V/LG-FASTDORMANCY( 3447): [DCH/FACH] FDCount : 0 intent received :com.android.internal.telephony.ACTION_CHECK_NETSTAT
04-14 20:27:18.532 V/LG-FASTDORMANCY( 3447): [DCH/FACH] FDCount : 0 prev: TxPkts(184356), RxPkts(224337)
04-14 20:27:18.532 V/LG-FASTDORMANCY( 3447): [DCH/FACH] FDCount : 0 curr: TxPkts(184356), RxPkts(224337)
04-14 20:27:18.533 I/LG-FASTDORMANCY( 3447): [DCH/FACH] FDCount : 1 Scheduling checkNetStat for 1000msec, current state is [DCH/FACH] FDCount : 1 
04-14 20:27:18.791 D/QtiGsmDCT( 3447): [0]updateDataActivity: curTxRxSum={txSum=184356 rxSum=224337} preTxRxSum={txSum=184356 rxSum=224337}
04-14 20:27:18.791 D/QtiGsmDCT( 3447): [0]updateDataActivity: sent=0 received=0
04-14 20:27:18.792 D/QtiGsmDCT( 3447): [0]updateDataActivity: newActivity=NONE
04-14 20:27:18.797 D/QtiGsmDCT( 3447): [0]getDataEnabled: getIntWithSubId retVal=true
04-14 20:27:19.536 V/LG-FASTDORMANCY( 3447): [DCH/FACH] FDCount : 1 intent received :com.android.internal.telephony.ACTION_CHECK_NETSTAT
04-14 20:27:19.541 V/LG-FASTDORMANCY( 3447): [DCH/FACH] FDCount : 1 prev: TxPkts(184356), RxPkts(224337)
04-14 20:27:19.541 V/LG-FASTDORMANCY( 3447): [DCH/FACH] FDCount : 1 curr: TxPkts(184356), RxPkts(224337)
04-14 20:27:19.542 I/LG-FASTDORMANCY( 3447): [DCH/FACH] FDCount : 2 Scheduling checkNetStat for 1000msec, current state is [DCH/FACH] FDCount : 2 
04-14 20:27:19.797 D/QtiGsmDCT( 3447): [0]updateDataActivity: curTxRxSum={txSum=184356 rxSum=224337} preTxRxSum={txSum=184356 rxSum=224337}
04-14 20:27:19.797 D/QtiGsmDCT( 3447): [0]updateDataActivity: sent=0 received=0
04-14 20:27:20.544 V/LG-FASTDORMANCY( 3447): [DCH/FACH] FDCount : 2 intent received :com.android.internal.telephony.ACTION_CHECK_NETSTAT
04-14 20:27:20.550 V/LG-FASTDORMANCY( 3447): [DCH/FACH] FDCount : 2 prev: TxPkts(184356), RxPkts(224337)
04-14 20:27:20.550 V/LG-FASTDORMANCY( 3447): [DCH/FACH] FDCount : 2 curr: TxPkts(184356), RxPkts(224337)
04-14 20:27:20.551 I/LG-FASTDORMANCY( 3447): [DCH/FACH] FDCount : 3 Scheduling checkNetStat for 1000msec, current state is [DCH/FACH] FDCount : 3 
04-14 20:27:20.802 D/QtiGsmDCT( 3447): [0]updateDataActivity: curTxRxSum={txSum=184356 rxSum=224337} preTxRxSum={txSum=184356 rxSum=224337}
04-14 20:27:20.802 D/QtiGsmDCT( 3447): [0]updateDataActivity: sent=0 received=0
04-14 20:27:21.559 V/LG-FASTDORMANCY( 3447): [DCH/FACH] FDCount : 3 intent received :com.android.internal.telephony.ACTION_CHECK_NETSTAT
04-14 20:27:21.563 V/LG-FASTDORMANCY( 3447): [DCH/FACH] FDCount : 3 prev: TxPkts(184356), RxPkts(224337)
04-14 20:27:21.563 V/LG-FASTDORMANCY( 3447): [DCH/FACH] FDCount : 3 curr: TxPkts(184356), RxPkts(224337)
04-14 20:27:21.564 I/LG-FASTDORMANCY( 3447): [DCH/FACH] FDCount : 4 Scheduling checkNetStat for 1000msec, current state is [DCH/FACH] FDCount : 4 
04-14 20:27:21.810 D/QtiGsmDCT( 3447): [0]updateDataActivity: curTxRxSum={txSum=184356 rxSum=224337} preTxRxSum={txSum=184356 rxSum=224337}
04-14 20:27:21.810 D/QtiGsmDCT( 3447): [0]updateDataActivity: sent=0 received=0
04-14 20:27:22.568 V/LG-FASTDORMANCY( 3447): [DCH/FACH] FDCount : 4 intent received :com.android.internal.telephony.ACTION_CHECK_NETSTAT
04-14 20:27:22.574 V/LG-FASTDORMANCY( 3447): [DCH/FACH] FDCount : 4 prev: TxPkts(184356), RxPkts(224337)
04-14 20:27:22.574 V/LG-FASTDORMANCY( 3447): [DCH/FACH] FDCount : 4 curr: TxPkts(184356), RxPkts(224337)
04-14 20:27:22.576 I/LG-FASTDORMANCY( 3447): [DCH/FACH] FDCount : 5 Scheduling checkNetStat for 1000msec, current state is [DCH/FACH] FDCount : 5 
04-14 20:27:22.814 D/QtiGsmDCT( 3447): [0]updateDataActivity: curTxRxSum={txSum=184356 rxSum=224337} preTxRxSum={txSum=184356 rxSum=224337}
04-14 20:27:22.814 D/QtiGsmDCT( 3447): [0]updateDataActivity: sent=0 received=0
04-14 20:27:23.581 V/LG-FASTDORMANCY( 3447): [DCH/FACH] FDCount : 5 intent received :com.android.internal.telephony.ACTION_CHECK_NETSTAT
04-14 20:27:23.586 V/LG-FASTDORMANCY( 3447): [DCH/FACH] FDCount : 5 prev: TxPkts(184356), RxPkts(224337)
04-14 20:27:23.586 V/LG-FASTDORMANCY( 3447): [DCH/FACH] FDCount : 5 curr: TxPkts(184356), RxPkts(224337)
04-14 20:27:23.588 I/LG-FASTDORMANCY( 3447): [DCH/FACH] FDCount : 6 Scheduling checkNetStat for 1000msec, current state is [DCH/FACH] FDCount : 6 
04-14 20:27:23.817 D/QtiGsmDCT( 3447): [0]updateDataActivity: curTxRxSum={txSum=184358 rxSum=224339} preTxRxSum={txSum=184356 rxSum=224337}
04-14 20:27:23.817 D/QtiGsmDCT( 3447): [0]updateDataActivity: sent=2 received=2
04-14 20:27:23.818 D/QtiGsmDCT( 3447): [0]updateDataActivity: newActivity=DATAINANDOUT
04-14 20:27:23.832 D/QtiGsmDCT( 3447): [0]getDataEnabled: getIntWithSubId retVal=true
04-14 20:27:24.592 V/LG-FASTDORMANCY( 3447): [DCH/FACH] FDCount : 6 intent received :com.android.internal.telephony.ACTION_CHECK_NETSTAT
04-14 20:27:24.598 V/LG-FASTDORMANCY( 3447): [DCH/FACH] FDCount : 6 prev: TxPkts(184356), RxPkts(224337)
04-14 20:27:24.599 V/LG-FASTDORMANCY( 3447): [DCH/FACH] FDCount : 6 curr: TxPkts(184360), RxPkts(224343)
04-14 20:27:24.599 I/LG-FASTDORMANCY( 3447): [DCH/FACH] FDCount : 0 Scheduling checkNetStat for 1000msec, current state is [DCH/FACH] FDCount : 0 
04-14 20:27:24.830 D/QtiGsmDCT( 3447): [0]updateDataActivity: curTxRxSum={txSum=184360 rxSum=224343} preTxRxSum={txSum=184358 rxSum=224339}
04-14 20:27:24.830 D/QtiGsmDCT( 3447): [0]updateDataActivity: sent=2 received=4
04-14 20:27:25.603 V/LG-FASTDORMANCY( 3447): [DCH/FACH] FDCount : 0 intent received :com.android.internal.telephony.ACTION_CHECK_NETSTAT
04-14 20:27:25.614 V/LG-FASTDORMANCY( 3447): [DCH/FACH] FDCount : 0 prev: TxPkts(184360), RxPkts(224343)
04-14 20:27:25.614 V/LG-FASTDORMANCY( 3447): [DCH/FACH] FDCount : 0 curr: TxPkts(184360), RxPkts(224343)
04-14 20:27:25.615 I/LG-FASTDORMANCY( 3447): [DCH/FACH] FDCount : 1 Scheduling checkNetStat for 1000msec, current state is [DCH/FACH] FDCount : 1 
04-14 20:27:25.834 D/QtiGsmDCT( 3447): [0]updateDataActivity: curTxRxSum={txSum=184360 rxSum=224343} preTxRxSum={txSum=184360 rxSum=224343}
04-14 20:27:25.834 D/QtiGsmDCT( 3447): [0]updateDataActivity: sent=0 received=0
04-14 20:27:25.834 D/QtiGsmDCT( 3447): [0]updateDataActivity: newActivity=NONE
04-14 20:27:25.842 D/QtiGsmDCT( 3447): [0]getDataEnabled: getIntWithSubId retVal=true
04-14 20:27:26.622 V/LG-FASTDORMANCY( 3447): [DCH/FACH] FDCount : 1 intent received :com.android.internal.telephony.ACTION_CHECK_NETSTAT
04-14 20:27:26.627 V/LG-FASTDORMANCY( 3447): [DCH/FACH] FDCount : 1 prev: TxPkts(184360), RxPkts(224343)
04-14 20:27:26.627 V/LG-FASTDORMANCY( 3447): [DCH/FACH] FDCount : 1 curr: TxPkts(184360), RxPkts(224343)
04-14 20:27:26.628 I/LG-FASTDORMANCY( 3447): [DCH/FACH] FDCount : 2 Scheduling checkNetStat for 1000msec, current state is [DCH/FACH] FDCount : 2 
04-14 20:27:26.844 D/QtiGsmDCT( 3447): [0]updateDataActivity: curTxRxSum={txSum=184360 rxSum=224343} preTxRxSum={txSum=184360 rxSum=224343}
04-14 20:27:26.844 D/QtiGsmDCT( 3447): [0]updateDataActivity: sent=0 received=0
04-14 20:27:27.632 V/LG-FASTDORMANCY( 3447): [DCH/FACH] FDCount : 2 intent received :com.android.internal.telephony.ACTION_CHECK_NETSTAT
04-14 20:27:27.636 V/LG-FASTDORMANCY( 3447): [DCH/FACH] FDCount : 2 prev: TxPkts(184360), RxPkts(224343)
04-14 20:27:27.636 V/LG-FASTDORMANCY( 3447): [DCH/FACH] FDCount : 2 curr: TxPkts(184360), RxPkts(224343)
04-14 20:27:27.639 I/LG-FASTDORMANCY( 3447): [DCH/FACH] FDCount : 3 Scheduling checkNetStat for 1000msec, current state is [DCH/FACH] FDCount : 3 
04-14 20:27:27.847 D/QtiGsmDCT( 3447): [0]updateDataActivity: curTxRxSum={txSum=184360 rxSum=224343} preTxRxSum={txSum=184360 rxSum=224343}
04-14 20:27:27.847 D/QtiGsmDCT( 3447): [0]updateDataActivity: sent=0 received=0
04-14 20:27:28.512 I/RILC    (  370): RIL_SOCKET_1 UNSOLICITED: RIL_UNSOL_LTE_REJECT_CAUSE length:16
04-14 20:27:28.512 E/RILC    (  370): Send Response to RIL_SOCKET_1
04-14 20:27:28.512 E/RILC    (  370): RIL Response bytes written:4
04-14 20:27:28.512 D/RILJ    ( 3447): [UNSL]< RIL_UNSOL_LTE_REJECT_CAUSE {15} [SUB0]
04-14 20:27:28.512 E/RILC    (  370): RIL Response bytes written:16
04-14 20:27:28.517 I/RILC    (  370): RIL_SOCKET_1 UNSOLICITED: UNSOL_OEM_HOOK_RAW length:32
04-14 20:27:28.517 E/RILC    (  370): Send Response to RIL_SOCKET_1
04-14 20:27:28.518 E/RILC    (  370): RIL Response bytes written:4
04-14 20:27:28.518 V/RILJ    ( 3447): [UNSL]< UNSOL_OEM_HOOK_RAW 514f454d484f4f4bef0308000100000002 [SUB0]
04-14 20:27:28.518 D/RILJ    ( 3447): Oem ID in RIL_UNSOL_OEM_HOOK_RAW is QOEMHOOK
04-14 20:27:28.518 D/RILJ    ( 3447): OEM ID check Passed
04-14 20:27:28.518 D/RILJ    ( 3447): Response ID in RIL_UNSOL_OEM_HOOK_RAW is 525295
04-14 20:27:28.518 D/RILJ    ( 3447): Response ID 525295 is not served in this process.
04-14 20:27:28.518 E/RILC    (  370): RIL Response bytes written:32
04-14 20:27:28.521 I/RILC    (  370): RIL_SOCKET_1 UNSOLICITED: UNSOL_RESPONSE_VOICE_NETWORK_STATE_CHANGED length:8
04-14 20:27:28.521 E/RILC    (  370): Send Response to RIL_SOCKET_1
04-14 20:27:28.521 E/RILC    (  370): RIL Response bytes written:4
04-14 20:27:28.521 D/RILJ    ( 3447): [UNSL]< UNSOL_RESPONSE_VOICE_NETWORK_STATE_CHANGED [SUB0]
04-14 20:27:28.521 E/RILC    (  370): RIL Response bytes written:8
04-14 20:27:28.522 D/RILJ    ( 3447): [2226]> OPERATOR [SUB0]
04-14 20:27:28.523 D/RILJ    ( 3447): [2227]> DATA_REGISTRATION_STATE [SUB0]
04-14 20:27:28.524 D/RILC    (  370): SOCKET RIL_SOCKET_1 REQUEST: OPERATOR length:8
04-14 20:27:28.525 D/RILJ    ( 3447): [2228]> VOICE_REGISTRATION_STATE [SUB0]
04-14 20:27:28.526 D/RILC    (  370): SOCKET RIL_SOCKET_1 REQUEST: DATA_REGISTRATION_STATE length:8
04-14 20:27:28.527 D/RILJ    ( 3447): [2229]> QUERY_NETWORK_SELECTION_MODE [SUB0]
04-14 20:27:28.528 D/RILC    (  370): SOCKET RIL_SOCKET_1 REQUEST: VOICE_REGISTRATION_STATE length:8
04-14 20:27:28.530 D/RILC    (  370): SOCKET RIL_SOCKET_1 REQUEST: QUERY_NETWORK_SELECTION_MODE length:8
04-14 20:27:28.534 D/RILC    (  370): RequestComplete, RIL_SOCKET_1
04-14 20:27:28.535 E/RILC    (  370): Send Response to RIL_SOCKET_1
04-14 20:27:28.535 E/RILC    (  370): RIL Response bytes written:4
04-14 20:27:28.535 E/RILC    (  370): RIL Response bytes written:120
04-14 20:27:28.535 D/RILJ    ( 3447): [2227]< DATA_REGISTRATION_STATE {1, dfde, 02bec826, 15, null, 20, null, null, null, null, null, 0} [SUB0]
