04-14 20:25:26.654 V/LG-FASTDORMANCY( 3447): [DCH/FACH] FDCount : 1 prev: TxPkts(184244), RxPkts(224202)
04-14 20:25:26.655 V/LG-FASTDORMANCY( 3447): [DCH/FACH] FDCount : 1 curr: TxPkts(184248), RxPkts(224208)
04-14 20:25:26.655 I/LG-FASTDORMANCY( 3447): [DCH/FACH] FDCount : 0 Scheduling checkNetStat for 1000msec, current state is [DCH/FACH] FDCount : 0 
04-14 20:25:26.732 D/QtiGsmDCT( 3447): [0]updateDataActivity: curTxRxSum={txSum=184248 rxSum=224208} preTxRxSum={txSum=184244 rxSum=224202}
04-14 20:25:26.732 D/QtiGsmDCT( 3447): [0]updateDataActivity: sent=4 received=6
04-14 20:25:26.733 D/QtiGsmDCT( 3447): [0]updateDataActivity: newActivity=DATAINANDOUT
04-14 20:25:26.739 D/QtiGsmDCT( 3447): [0]getDataEnabled: getIntWithSubId retVal=true
04-14 20:25:27.660 V/LG-FASTDORMANCY( 3447): [DCH/FACH] FDCount : 0 intent received :com.android.internal.telephony.ACTION_CHECK_NETSTAT
04-14 20:25:27.668 V/LG-FASTDORMANCY( 3447): [DCH/FACH] FDCount : 0 prev: TxPkts(184248), RxPkts(224208)
04-14 20:25:27.668 V/LG-FASTDORMANCY( 3447): [DCH/FACH] FDCount : 0 curr: TxPkts(184248), RxPkts(224208)
04-14 20:25:27.669 I/LG-FASTDORMANCY( 3447): [DCH/FACH] FDCount : 1 Scheduling checkNetStat for 1000msec, current state is [DCH/FACH] FDCount : 1 
04-14 20:25:27.743 D/QtiGsmDCT( 3447): [0]updateDataActivity: curTxRxSum={txSum=184248 rxSum=224208} preTxRxSum={txSum=184248 rxSum=224208}
04-14 20:25:27.743 D/QtiGsmDCT( 3447): [0]updateDataActivity: sent=0 received=0
04-14 20:25:27.743 D/QtiGsmDCT( 3447): [0]updateDataActivity: newActivity=NONE
04-14 20:25:27.754 D/QtiGsmDCT( 3447): [0]getDataEnabled: getIntWithSubId retVal=true
04-14 20:25:28.673 V/LG-FASTDORMANCY( 3447): [DCH/FACH] FDCount : 1 intent received :com.android.internal.telephony.ACTION_CHECK_NETSTAT
04-14 20:25:28.678 V/LG-FASTDORMANCY( 3447): [DCH/FACH] FDCount : 1 prev: TxPkts(184248), RxPkts(224208)
04-14 20:25:28.678 V/LG-FASTDORMANCY( 3447): [DCH/FACH] FDCount : 1 curr: TxPkts(184248), RxPkts(224208)
04-14 20:25:28.679 I/LG-FASTDORMANCY( 3447): [DCH/FACH] FDCount : 2 Scheduling checkNetStat for 1000msec, current state is [DCH/FACH] FDCount : 2 
04-14 20:25:28.754 D/QtiGsmDCT( 3447): [0]updateDataActivity: curTxRxSum={txSum=184248 rxSum=224208} preTxRxSum={txSum=184248 rxSum=224208}
04-14 20:25:28.754 D/QtiGsmDCT( 3447): [0]updateDataActivity: sent=0 received=0
04-14 20:25:29.683 V/LG-FASTDORMANCY( 3447): [DCH/FACH] FDCount : 2 intent received :com.android.internal.telephony.ACTION_CHECK_NETSTAT
04-14 20:25:29.687 V/LG-FASTDORMANCY( 3447): [DCH/FACH] FDCount : 2 prev: TxPkts(184248), RxPkts(224208)
04-14 20:25:29.687 V/LG-FASTDORMANCY( 3447): [DCH/FACH] FDCount : 2 curr: TxPkts(184248), RxPkts(224208)
04-14 20:25:29.689 I/LG-FASTDORMANCY( 3447): [DCH/FACH] FDCount : 3 Scheduling checkNetStat for 1000msec, current state is [DCH/FACH] FDCount : 3 
04-14 20:25:29.762 D/QtiGsmDCT( 3447): [0]updateDataActivity: curTxRxSum={txSum=184248 rxSum=224208} preTxRxSum={txSum=184248 rxSum=224208}
04-14 20:25:29.762 D/QtiGsmDCT( 3447): [0]updateDataActivity: sent=0 received=0
04-14 20:25:30.693 V/LG-FASTDORMANCY( 3447): [DCH/FACH] FDCount : 3 intent received :com.android.internal.telephony.ACTION_CHECK_NETSTAT
04-14 20:25:30.700 V/LG-FASTDORMANCY( 3447): [DCH/FACH] FDCount : 3 prev: TxPkts(184248), RxPkts(224208)
04-14 20:25:30.700 V/LG-FASTDORMANCY( 3447): [DCH/FACH] FDCount : 3 curr: TxPkts(184248), RxPkts(224208)
04-14 20:25:30.701 I/LG-FASTDORMANCY( 3447): [DCH/FACH] FDCount : 4 Scheduling checkNetStat for 1000msec, current state is [DCH/FACH] FDCount : 4 
04-14 20:25:30.766 D/QtiGsmDCT( 3447): [0]updateDataActivity: curTxRxSum={txSum=184248 rxSum=224208} preTxRxSum={txSum=184248 rxSum=224208}
04-14 20:25:30.766 D/QtiGsmDCT( 3447): [0]updateDataActivity: sent=0 received=0
04-14 20:25:31.704 V/LG-FASTDORMANCY( 3447): [DCH/FACH] FDCount : 4 intent received :com.android.internal.telephony.ACTION_CHECK_NETSTAT
04-14 20:25:31.712 V/LG-FASTDORMANCY( 3447): [DCH/FACH] FDCount : 4 prev: TxPkts(184248), RxPkts(224208)
04-14 20:25:31.712 V/LG-FASTDORMANCY( 3447): [DCH/FACH] FDCount : 4 curr: TxPkts(184252), RxPkts(224214)
04-14 20:25:31.713 I/LG-FASTDORMANCY( 3447): [DCH/FACH] FDCount : 0 Scheduling checkNetStat for 1000msec, current state is [DCH/FACH] FDCount : 0 
04-14 20:25:31.720 I/RILC    (  370): RIL_SOCKET_1 UNSOLICITED: RIL_UNSOL_LTE_REJECT_CAUSE length:16
04-14 20:25:31.720 E/RILC    (  370): Send Response to RIL_SOCKET_1
04-14 20:25:31.720 E/RILC    (  370): RIL Response bytes written:4
04-14 20:25:31.721 D/RILJ    ( 3447): [UNSL]< RIL_UNSOL_LTE_REJECT_CAUSE {15} [SUB0]
04-14 20:25:31.721 E/RILC    (  370): RIL Response bytes written:16
04-14 20:25:31.722 I/RILC    (  370): RIL_SOCKET_1 UNSOLICITED: UNSOL_OEM_HOOK_RAW length:32
04-14 20:25:31.722 E/RILC    (  370): Send Response to RIL_SOCKET_1
04-14 20:25:31.723 E/RILC    (  370): RIL Response bytes written:4
04-14 20:25:31.723 V/RILJ    ( 3447): [UNSL]< UNSOL_OEM_HOOK_RAW 514f454d484f4f4bef0308000100000002 [SUB0]
04-14 20:25:31.723 D/RILJ    ( 3447): Oem ID in RIL_UNSOL_OEM_HOOK_RAW is QOEMHOOK
04-14 20:25:31.723 D/RILJ    ( 3447): OEM ID check Passed
04-14 20:25:31.723 D/RILJ    ( 3447): Response ID in RIL_UNSOL_OEM_HOOK_RAW is 525295
04-14 20:25:31.723 D/RILJ    ( 3447): Response ID 525295 is not served in this process.
04-14 20:25:31.725 E/RILC    (  370): RIL Response bytes written:32
04-14 20:25:31.728 I/RILC    (  370): RIL_SOCKET_1 UNSOLICITED: UNSOL_RESPONSE_VOICE_NETWORK_STATE_CHANGED length:8
04-14 20:25:31.728 E/RILC    (  370): Send Response to RIL_SOCKET_1
04-14 20:25:31.728 E/RILC    (  370): RIL Response bytes written:4
04-14 20:25:31.728 D/RILJ    ( 3447): [UNSL]< UNSOL_RESPONSE_VOICE_NETWORK_STATE_CHANGED [SUB0]
04-14 20:25:31.728 D/RILJ    ( 3447): [2081]> OPERATOR [SUB0]
04-14 20:25:31.730 D/RILJ    ( 3447): [2082]> DATA_REGISTRATION_STATE [SUB0]
04-14 20:25:31.730 E/RILC    (  370): RIL Response bytes written:8
04-14 20:25:31.730 D/RILC    (  370): SOCKET RIL_SOCKET_1 REQUEST: OPERATOR length:8
04-14 20:25:31.731 D/RILJ    ( 3447): [2083]> VOICE_REGISTRATION_STATE [SUB0]
04-14 20:25:31.731 D/RILC    (  370): SOCKET RIL_SOCKET_1 REQUEST: DATA_REGISTRATION_STATE length:8
04-14 20:25:31.732 D/RILJ    ( 3447): [2084]> QUERY_NETWORK_SELECTION_MODE [SUB0]
04-14 20:25:31.733 D/RILC    (  370): SOCKET RIL_SOCKET_1 REQUEST: VOICE_REGISTRATION_STATE length:8
04-14 20:25:31.737 D/RILC    (  370): SOCKET RIL_SOCKET_1 REQUEST: QUERY_NETWORK_SELECTION_MODE length:8
04-14 20:25:31.739 I/RILQ    (  370): (0/370):RIL[0][event] qcril_arb_set_dsd_sys_status: old_pref_data 1 - new_data_pref 1
04-14 20:25:31.739 I/RILQ    (  370): (0/370):RIL[0][event] qcril_arb_set_dsd_sys_status: preferred dsd_sys_status nw=0x0, rat_value=0x1, so_mask=0x0000000000000007
04-14 20:25:31.740 I/RILQ    (  370): (0/370):RIL[0][event] qcril_arb_set_dsd_sys_status: preferred 1 - dsd_sys_status nw=0x0, rat_value=0x1, so_mask=0x0000000000000007
04-14 20:25:31.740 I/RILQ    (  370): (0/370):RIL[0][event] qcril_arb_set_dsd_sys_status: is_wwan_available 0
04-14 20:25:31.740 I/RILC    (  370): RIL_SOCKET_1 UNSOLICITED: UNSOL_OEM_HOOK_RAW length:32
04-14 20:25:31.740 E/RILC    (  370): Send Response to RIL_SOCKET_1
04-14 20:25:31.740 E/RILC    (  370): RIL Response bytes written:4
04-14 20:25:31.740 E/RILC    (  370): RIL Response bytes written:32
04-14 20:25:31.741 V/RILJ    ( 3447): [UNSL]< UNSOL_OEM_HOOK_RAW 514f454d484f4f4bfa0308000100000000 [SUB0]
04-14 20:25:31.742 D/RILJ    ( 3447): Oem ID in RIL_UNSOL_OEM_HOOK_RAW is QOEMHOOK
04-14 20:25:31.742 D/RILJ    ( 3447): OEM ID check Passed
04-14 20:25:31.742 D/RILJ    ( 3447): Response ID in RIL_UNSOL_OEM_HOOK_RAW is 525306
04-14 20:25:31.742 D/RILJ    ( 3447): WWAN, IWLAN coexistence notified to registrants
04-14 20:25:31.744 D/RILC    (  370): RequestComplete, RIL_SOCKET_1
04-14 20:25:31.744 E/RILC    (  370): Send Response to RIL_SOCKET_1
04-14 20:25:31.744 E/RILC    (  370): RIL Response bytes written:4
04-14 20:25:31.745 E/RILC    (  370): RIL Response bytes written:72
04-14 20:25:31.745 D/RILJ    ( 3447): [2081]< OPERATOR {Orange, Orange, 26003} [SUB0]
04-14 20:25:31.749 D/RILC    (  370): RequestComplete, RIL_SOCKET_1
04-14 20:25:31.749 E/RILC    (  370): Send Response to RIL_SOCKET_1
04-14 20:25:31.749 E/RILC    (  370): RIL Response bytes written:4
04-14 20:25:31.749 E/RILC    (  370): RIL Response bytes written:120
04-14 20:25:31.749 D/RILJ    ( 3447): [2082]< DATA_REGISTRATION_STATE {1, dfde, 02be2e33, 11, null, 20, null, null, null, null, null, 0} [SUB0]
04-14 20:25:31.750 D/GsmSST  ( 3447): isSFROperators result = false
04-14 20:25:31.750 D/PHONE   ( 3447): [ServiceState] setDataRegState=0
04-14 20:25:31.750 D/PHONE   ( 3447): [ServiceState] setDataRadioTechnology=11
04-14 20:25:31.750 D/GsmSST  ( 3447): [GsmSST] LOGRadioInfo : In Service
04-14 20:25:31.750 D/GsmSST  ( 3447): [GsmSST] handlPollStateResultMessage: GsmSST setDataRegState=0 regState=1 dataRadioTechnology=11
04-14 20:25:31.751 D/RILC    (  370): RequestComplete, RIL_SOCKET_1
04-14 20:25:31.751 E/RILC    (  370): Send Response to RIL_SOCKET_1
04-14 20:25:31.751 E/RILC    (  370): RIL Response bytes written:4
04-14 20:25:31.751 E/RILC    (  370): RIL Response bytes written:136
04-14 20:25:31.753 D/RILJ    ( 3447): [2083]< VOICE_REGISTRATION_STATE {1, dfde, 02be2e33, 3, null, null, null, 0, null, null, 1, null, null, 0, 14} [SUB0]
04-14 20:25:31.753 D/PHONE   ( 3447): [ServiceState] setVoiceRegState=0
04-14 20:25:31.753 E/PHONE   ( 3447): [ServiceState] setState deprecated use setVoiceRegState()
04-14 20:25:31.754 D/GsmSST  ( 3447): [GsmSST] LOGRadioInfo : In Service
04-14 20:25:31.754 D/RILC    (  370): RequestComplete, RIL_SOCKET_1
04-14 20:25:31.755 E/RILC    (  370): Send Response to RIL_SOCKET_1
04-14 20:25:31.755 E/RILC    (  370): RIL Response bytes written:4
04-14 20:25:31.755 E/RILC    (  370): RIL Response bytes written:20
04-14 20:25:31.758 D/RILJ    ( 3447): [2084]< QUERY_NETWORK_SELECTION_MODE {0} [SUB0]
04-14 20:25:31.761 I/RILC    (  370): RIL_SOCKET_1 UNSOLICITED: RIL_UNSOL_LTE_REJECT_CAUSE length:16
04-14 20:25:31.761 E/RILC    (  370): Send Response to RIL_SOCKET_1
04-14 20:25:31.761 E/RILC    (  370): RIL Response bytes written:4
04-14 20:25:31.761 E/RILC    (  370): RIL Response bytes written:16
04-14 20:25:31.761 D/GsmSST  ( 3447): [GsmSST] Poll ServiceState done:  oldSS=[0 0 voice home data home Orange Orange 26003 Orange Orange 26003  UMTS HSPAP CSS not supported -1 -1 RoamInd=-1 DefRoamInd=-1 EmergOnly=false IsDataRoamingFromRegistration=false mIsVoiceSearching=false mIsDataSearching=false mVoiceNetworkName=null mDataNetworkName=null Check64QAM0 Dual carrier0] newSS=[0 0 voice home data home Orange Orange 26003 Orange Orange 26003  UMTS HSPA CSS not supported -1 -1 RoamInd=-1 DefRoamInd=-1 EmergOnly=false IsDataRoamingFromRegistration=false mIsVoiceSearching=false mIsDataSearching=false mVoiceNetworkName=null mDataNetworkName=null Check64QAM0 Dual carrier0] oldMaxDataCalls=20 mNewMaxDataCalls=20 oldReasonDataDenied=-1 mNewReasonDataDenied=-1
04-14 20:25:31.762 D/PHONE   ( 3447): [ServiceState] setNullState=1
04-14 20:25:31.762 D/TelephonyManager( 3447): setTelephonyProperty: success phoneId=0 property=gsm.network.type value: UMTS propVal=UMTS
04-14 20:25:31.762 D/RILJ    ( 3447): [UNSL]< RIL_UNSOL_LTE_REJECT_CAUSE {15} [SUB0]
04-14 20:25:31.763 I/RILC    (  370): RIL_SOCKET_1 UNSOLICITED: UNSOL_RESPONSE_VOICE_NETWORK_STATE_CHANGED length:8
04-14 20:25:31.763 E/RILC    (  370): Send Response to RIL_SOCKET_1
04-14 20:25:31.763 E/RILC    (  370): RIL Response bytes written:4
04-14 20:25:31.763 E/RILC    (  370): RIL Response bytes written:8
04-14 20:25:31.763 D/SIMRecords( 3447): [SIMRecords] getServiceProviderName: no brandOverride
04-14 20:25:31.763 D/RILJ    ( 3447): [UNSL]< UNSOL_RESPONSE_VOICE_NETWORK_STATE_CHANGED [SUB0]
04-14 20:25:31.763 D/SIMRecords( 3447): [SIMRecords] getServiceProviderName: providerName=Orange
04-14 20:25:31.764 D/SIMRecords( 3447): [SIMRecords] getServiceProviderName: no brandOverride
04-14 20:25:31.764 D/SIMRecords( 3447): [SIMRecords] getServiceProviderName: providerName=Orange
04-14 20:25:31.764 D/GSMPhoneEx( 3447): grandblue SpnMvno = Orange operator = 26003 simMcc  = 260 simMnc  = 03
04-14 20:25:31.764 D/GSMPhoneEx( 3447): grandblue after SpnMvno = Orange operator = 26003 simMcc  = 260 simMnc  = 03
04-14 20:25:31.765 D/TelephonyManager( 3447): setTelephonyProperty: success phoneId=0 property=gsm.operator.alpha value: Orange propVal=Orange
04-14 20:25:31.766 D/TelephonyManager( 3447): setTelephonyProperty: success phoneId=0 property=gsm.operator.numeric value: 26003 propVal=26003
04-14 20:25:31.766 D/TelephonyManager( 3447): setTelephonyProperty: success phoneId=0 property=gsm.operator.iso-country value: pl propVal=pl
04-14 20:25:31.767 D/GsmSST  ( 3447): [GsmSST] shouldFixTimeZoneNow: retVal=false iccCardExist=true operatorNumeric=26003 mcc=260 prevOperatorNumeric=26003 prevMcc=260 needToFixTimeZone=false ltod=04-14 20:25:31.767
04-14 20:25:31.767 D/TelephonyManager( 3447): setTelephonyProperty: success phoneId=0 property=gsm.operator.isroaming value: false propVal=false
04-14 20:25:31.768 D/TelephonyManager( 3447): setTelephonyProperty: success phoneId=0 property=ril.cdma.voiceinservice value: true propVal=true
04-14 20:25:31.769 D/GsmSST  ( 3447): [GsmSST] Broadcasting ServiceState : 0 0 voice home data home Orange Orange 26003 Orange Orange 26003  UMTS HSPA CSS not supported -1 -1 RoamInd=-1 DefRoamInd=-1 EmergOnly=false IsDataRoamingFromRegistration=false mIsVoiceSearching=false mIsDataSearching=false mVoiceNetworkName=null mDataNetworkName=null Check64QAM0 Dual carrier0
04-14 20:25:31.769 D/DefaultPhoneNotifier( 3447): nofityServiceState: mRegistry=com.android.internal.telephony.ITelephonyRegistry$Stub$Proxy@ced2ad0 ss=0 0 voice home data home Orange Orange 26003 Orange Orange 26003  UMTS HSPA CSS not supported -1 -1 RoamInd=-1 DefRoamInd=-1 EmergOnly=false IsDataRoamingFromRegistration=false mIsVoiceSearching=false mIsDataSearching=false mVoiceNetworkName=null mDataNetworkName=null Check64QAM0 Dual carrier0 sender=Handler (com.qti.internal.telephony.gsm.QtiGSMPhone) {560d91e} phondId=0 subId=2
04-14 20:25:31.780 D/SubscriptionManager( 1891): getSimStateForSubscriber: simState=5 slotIdx=0
04-14 20:25:31.781 D/GsmSST  ( 3447): [GsmSST] notifyDataRegStateRilRadioTechnologyChanged: drs=0 rat=11
04-14 20:25:31.781 D/TelephonyManager( 3447): setTelephonyProperty: success phoneId=0 property=gsm.network.type value: HSPA propVal=HSPA
04-14 20:25:31.783 D/QtiGsmDCT( 3447): [0]get all active apn types
04-14 20:25:31.783 D/DC-1    ( 3447): DcActiveState not handled msg.what=EVENT_DATA_CONNECTION_DRS_OR_RAT_CHANGED
04-14 20:25:31.784 D/DC-1    ( 3447): DcDefault msg=EVENT_DATA_CONNECTION_DRS_OR_RAT_CHANGED RefCount=1
04-14 20:25:31.784 D/DC-1    ( 3447): DcDefaultState: EVENT_DATA_CONNECTION_DRS_OR_RAT_CHANGED drs=0 mRilRat=11
04-14 20:25:31.784 D/QtiGsmDCT( 3447): [0]fetchDunApn: Ignore the dun apn in settings.db
04-14 20:25:31.786 D/QtiGsmDCT( 3447): [0]return link properites for default
04-14 20:25:31.794 D/QtiGsmDCT( 3447): [0]getDataEnabled: getIntWithSubId retVal=true
04-14 20:25:31.821 D/QtiGsmDCT( 3447): [0]fetchDunApn: config_tether_apndata dunSetting=null
04-14 20:25:31.821 D/DC-1    ( 3447): isInternetRequested = true
04-14 20:25:31.824 D/DC-1    ( 3447): DcActiveState not handled msg.what=REQ_GET_LINK_PROPERTIES
04-14 20:25:31.824 D/DC-1    ( 3447): DcDefault msg=REQ_GET_LINK_PROPERTIES RefCount=1
04-14 20:25:31.825 D/DC-1    ( 3447): REQ_GET_LINK_PROPERTIES linkProperties{InterfaceName: rmnet_data0 LinkAddresses: [2a00:f41:30c7:6454:6f4f:ae41:e4e6:7df2/64,]  Routes: [::/0 -> fe80::d947:4565:cf0d:b445 rmnet_data0,] DnsAddresses: [2a01:1700:3:ffff::9822,2a01:1700:2:ffff::9f01,] Domains: null MTU: 1500 TcpBufferSizes: 40778,244668,3461120,16777,140625,3461120}
04-14 20:25:31.826 D/QtiGsmDCT( 3447): [0]get active pdp is not null, return NetworkCapabilities for default
04-14 20:25:31.826 D/DC-1    ( 3447): DcActiveState not handled msg.what=REQ_GET_NETWORK_CAPABILITIES
04-14 20:25:31.826 D/DC-1    ( 3447): DcDefault msg=REQ_GET_NETWORK_CAPABILITIES RefCount=1
04-14 20:25:31.826 D/QtiGsmDCT( 3447): [0]fetchDunApn: Ignore the dun apn in settings.db
04-14 20:25:31.852 D/QtiGsmDCT( 3447): [0]fetchDunApn: config_tether_apndata dunSetting=null
04-14 20:25:31.852 D/DC-1    ( 3447): isInternetRequested = true
04-14 20:25:31.852 D/DC-1    ( 3447): REQ_GET_NETWORK_CAPABILITIES networkCapabilities[ Transports: CELLULAR Capabilities: SUPL&DUN&INTERNET&NOT_RESTRICTED&TRUSTED&NOT_VPN LinkUpBandwidth>=5898Kbps LinkDnBandwidth>=14336Kbps Specifier: <2>]
04-14 20:25:31.854 D/QtiGsmDCT( 3447): [0]isDataPossible(default): possible=true isDataAllowed=true apnTypePossible=true apnContextisEnabled=true apnContextState()=CONNECTED
04-14 20:25:31.854 D/QtiGsmDCT( 3447): [0]get active apn string for type:default
04-14 20:25:31.854 D/DCT     ( 3447): [ApnContext:default] getApnSetting: apnSetting=[ApnSettingV3] Orange Internet, 695, 26003, internetipv6, , , , , , 1, default | dun | hipri | supl, IPV6, IP, true, 0, 0, 1, false, 0, 0, 0, 0, , , 0, , 
04-14 20:25:31.858 D/TelephonyRegistry( 1891): Notify data connection state changed on sub: 2
04-14 20:25:31.858 D/TelephonyRegistry( 1891): Notify data connection state changed on sub: 2
04-14 20:25:31.858 D/TelephonyRegistry( 1891): Notify data connection state changed on sub: 2
04-14 20:25:31.858 D/TelephonyRegistry( 1891): Notify data connection state changed on sub: 2
04-14 20:25:31.858 D/TelephonyRegistry( 1891): Notify data connection state changed on sub: 2
04-14 20:25:31.860 D/TelephonyRegistry( 1891): broadcastPreciseDataConnectionStateChanged():state=2, apnType=default, smCause=(0), reason=null
04-14 20:25:31.861 D/RILJ    ( 3447): [2085]> OPERATOR [SUB0]
04-14 20:25:31.863 D/RILC    (  370): SOCKET RIL_SOCKET_1 REQUEST: OPERATOR length:8
04-14 20:25:31.863 D/RILJ    ( 3447): [2086]> DATA_REGISTRATION_STATE [SUB0]
04-14 20:25:31.864 D/RILJ    ( 3447): [2087]> VOICE_REGISTRATION_STATE [SUB0]
04-14 20:25:31.865 D/RILC    (  370): SOCKET RIL_SOCKET_1 REQUEST: DATA_REGISTRATION_STATE length:8
04-14 20:25:31.865 D/RILJ    ( 3447): [2088]> QUERY_NETWORK_SELECTION_MODE [SUB0]
04-14 20:25:31.866 D/RILC    (  370): SOCKET RIL_SOCKET_1 REQUEST: VOICE_REGISTRATION_STATE length:8
04-14 20:25:31.868 D/GsmSST  ( 3447): [GsmSST] getCellLocation(): X good mCellLoc=[57310,46018099,20]
04-14 20:25:31.869 D/RILC    (  370): SOCKET RIL_SOCKET_1 REQUEST: QUERY_NETWORK_SELECTION_MODE length:8
04-14 20:25:31.872 D/RILC    (  370): RequestComplete, RIL_SOCKET_1
04-14 20:25:31.872 E/RILC    (  370): Send Response to RIL_SOCKET_1
04-14 20:25:31.872 E/RILC    (  370): RIL Response bytes written:4
04-14 20:25:31.872 E/RILC    (  370): RIL Response bytes written:72
04-14 20:25:31.872 D/RILJ    ( 3447): [2085]< OPERATOR {Orange, Orange, 26003} [SUB0]
04-14 20:25:31.874 D/QtiGsmDCT( 3447): [0]updateDataActivity: curTxRxSum={txSum=184252 rxSum=224214} preTxRxSum={txSum=184248 rxSum=224208}
04-14 20:25:31.874 D/QtiGsmDCT( 3447): [0]updateDataActivity: sent=4 received=6
04-14 20:25:31.874 D/QtiGsmDCT( 3447): [0]updateDataActivity: newActivity=DATAINANDOUT
04-14 20:25:31.875 D/RILC    (  370): RequestComplete, RIL_SOCKET_1
04-14 20:25:31.875 E/RILC    (  370): Send Response to RIL_SOCKET_1
04-14 20:25:31.875 E/RILC    (  370): RIL Response bytes written:4
04-14 20:25:31.875 D/RILJ    ( 3447): [2087]< VOICE_REGISTRATION_STATE {1, dfde, 02be2e33, 3, null, null, null, 0, null, null, 1, null, null, 0, 14} [SUB0]
04-14 20:25:31.876 E/RILC    (  370): RIL Response bytes written:136
04-14 20:25:31.876 D/QtiGsmDCT( 3447): [0]QtiDcTracker handleMessage msg={ when=-93ms what=270377 obj=android.os.AsyncResult@702bd26 target=com.qti.internal.telephony.dataconnection.QtiDcTracker }
04-14 20:25:31.876 D/QtiGsmDCT( 3447): [0]handleMessage msg={ when=-93ms what=270377 obj=android.os.AsyncResult@702bd26 target=com.qti.internal.telephony.dataconnection.QtiDcTracker }
04-14 20:25:31.877 D/QtiGsmDCT( 3447): [0]onUpdateIcc: newIccRecords com.android.internal.telephony.uicc.SIMRecords
04-14 20:25:31.877 D/QtiGsmDCT( 3447): [0]getDataEnabled: getIntWithSubId retVal=true
04-14 20:25:31.877 D/RILC    (  370): RequestComplete, RIL_SOCKET_1
04-14 20:25:31.877 E/RILC    (  370): Send Response to RIL_SOCKET_1
04-14 20:25:31.877 E/RILC    (  370): RIL Response bytes written:4
04-14 20:25:31.877 E/RILC    (  370): RIL Response bytes written:20
04-14 20:25:31.877 D/RILJ    ( 3447): [2088]< QUERY_NETWORK_SELECTION_MODE {0} [SUB0]
04-14 20:25:31.878 D/RILC    (  370): RequestComplete, RIL_SOCKET_1
04-14 20:25:31.878 E/RILC    (  370): Send Response to RIL_SOCKET_1
04-14 20:25:31.878 E/RILC    (  370): RIL Response bytes written:4
04-14 20:25:31.878 E/RILC    (  370): RIL Response bytes written:120
04-14 20:25:31.879 V/LG-FASTDORMANCY( 3447): [DCH/FACH] FDCount : 0 intent received :android.intent.action.SERVICE_STATE
04-14 20:25:31.880 E/PHONE   ( 3447): ServiceState.getRadioTechnology() DEPRECATED will be removed *******
04-14 20:25:31.880 I/LG-FASTDORMANCY( 3447): [DCH/FACH] FDCount : 0 Service State is changed : 0 0 voice home data home Orange Orange 26003 Orange Orange 26003  UMTS HSPA CSS not supported -1 -1 RoamInd=-1 DefRoamInd=-1 EmergOnly=false IsDataRoamingFromRegistration=false mIsVoiceSearching=false mIsDataSearching=false mVoiceNetworkName=null mDataNetworkName=null Check64QAM0 Dual carrier0
04-14 20:25:31.880 I/LG-FASTDORMANCY( 3447): [DCH/FACH] FDCount : 0 radioTech changed!! currenRT = 11 isChange?? true
04-14 20:25:31.880 D/RILJ    ( 3447): [2086]< DATA_REGISTRATION_STATE {1, dfde, 02be2e33, 11, null, 20, null, null, null, null, null, 0} [SUB0]
04-14 20:25:31.881 I/LG-FASTDORMANCY( 3447): [DCH/FACH] FDCount : 0 Radio Tech changed.
04-14 20:25:31.885 D/LG-FASTDORMANCY( 3447): [DCH/FACH] FDCount : 0 isUMTS(): RadioTech(10)
04-14 20:25:31.885 D/QtiGsmDCT( 3447): [0]getDataEnabled: getIntWithSubId retVal=true
04-14 20:25:31.889 D/QtiGsmDCT( 3447): [0]getDataOnRoamingEnabled: phoneSubId=2 isDataRoamingEnabled=false
04-14 20:25:31.889 D/QtiGsmDCT( 3447): [0]getDataEnabled: getIntWithSubId retVal=true
04-14 20:25:31.890 D/PHONE   ( 3447): [ServiceState] setVoiceRegState=0
04-14 20:25:31.890 E/PHONE   ( 3447): [ServiceState] setState deprecated use setVoiceRegState()
04-14 20:25:31.893 D/GsmSST  ( 3447): [GsmSST] LOGRadioInfo : In Service
04-14 20:25:31.893 D/GsmSST  ( 3447): isSFROperators result = false
04-14 20:25:31.893 D/PHONE   ( 3447): [ServiceState] setDataRegState=0
04-14 20:25:31.893 D/PHONE   ( 3447): [ServiceState] setDataRadioTechnology=11
04-14 20:25:31.893 D/GsmSST  ( 3447): [GsmSST] LOGRadioInfo : In Service
04-14 20:25:31.893 D/GsmSST  ( 3447): [GsmSST] handlPollStateResultMessage: GsmSST setDataRegState=0 regState=1 dataRadioTechnology=11
04-14 20:25:31.895 D/GsmSST  ( 3447): [GsmSST] Poll ServiceState done:  oldSS=[0 0 voice home data home Orange Orange 26003 Orange Orange 26003  UMTS HSPA CSS not supported -1 -1 RoamInd=-1 DefRoamInd=-1 EmergOnly=false IsDataRoamingFromRegistration=false mIsVoiceSearching=false mIsDataSearching=false mVoiceNetworkName=null mDataNetworkName=null Check64QAM0 Dual carrier0] newSS=[0 0 voice home data home Orange Orange 26003 Orange Orange 26003  UMTS HSPA CSS not supported -1 -1 RoamInd=-1 DefRoamInd=-1 EmergOnly=false IsDataRoamingFromRegistration=false mIsVoiceSearching=false mIsDataSearching=false mVoiceNetworkName=null mDataNetworkName=null Check64QAM0 Dual carrier0] oldMaxDataCalls=20 mNewMaxDataCalls=20 oldReasonDataDenied=-1 mNewReasonDataDenied=-1
04-14 20:25:31.896 D/PHONE   ( 3447): [ServiceState] setNullState=1
04-14 20:25:31.898 D/RILJ    ( 3447): [2089]> REQUEST_GET_NEIGHBORING_CELL_IDS [SUB0]
04-14 20:25:31.899 D/RILC    (  370): SOCKET RIL_SOCKET_1 REQUEST: GET_NEIGHBORING_CELL_IDS length:8
04-14 20:25:31.900 I/RILQ    (  370): (0/370):RIL[0][main] qcril_qmi_nas_get_neighboring_cell_ids: completed with 0
04-14 20:25:31.902 I/RILQ    (  370): (0/370):RIL[0][qmi_cb] qcril_qmi_nas_get_neighboring_cells_cb: .. qmi error 0, resultqmi  0, qmi transp_err 0, ril res 0
04-14 20:25:31.903 D/RILC    (  370): RequestComplete, RIL_SOCKET_1
04-14 20:25:31.903 E/RILC    (  370): Send Response to RIL_SOCKET_1
04-14 20:25:31.903 E/RILC    (  370): RIL Response bytes written:4
04-14 20:25:31.903 E/RILC    (  370): RIL Response bytes written:156
04-14 20:25:31.903 I/RILQ    (  370): (0/370):RIL[0][qmi_cb] qcril_qmi_nas_get_neighboring_cells_cb: completed with 0 with 5 entries
04-14 20:25:31.905 D/RILJ    ( 3447): [2089]< REQUEST_GET_NEIGHBORING_CELL_IDS {[[1d8@-92]] [[126@-94]] [[128@-97]] [[df@-97]] [[17e@-101]] } [SUB0]
04-14 20:25:31.912 D/RILJ    ( 3447): [2090]> RIL_REQUEST_GET_CELL_INFO_LIST [SUB0]
04-14 20:25:31.913 D/RILC    (  370): SOCKET RIL_SOCKET_1 REQUEST: GET_CELL_INFO_LIST length:8
04-14 20:25:31.927 D/RILC    (  370): RequestComplete, RIL_SOCKET_1
04-14 20:25:31.927 E/RILC    (  370): Send Response to RIL_SOCKET_1
04-14 20:25:31.927 E/RILC    (  370): RIL Response bytes written:4
04-14 20:25:31.928 D/RILJ    ( 3447): [2090]< RIL_REQUEST_GET_CELL_INFO_LIST [CellInfoWcdma:{mRegistered=YES mTimeStampType=oem_ril mTimeStamp=43963496334321ns CellIdentityWcdma:{ mMcc=260 mMnc=3 mLac=57310 mCid=46018099 mPsc=20} CellSignalStrengthWcdma: ss=13 ber=99}, CellInfoWcdma:{mRegistered=NO mTimeStampType=oem_ril mTimeStamp=43963496334321ns CellIdentityWcdma:{ mMcc=2147483647 mMnc=2147483647 mLac=2147483647 mCid=2147483647 mPsc=472} CellSignalStrengthWcdma: ss=11 ber=99}, CellInfoWcdma:{mRegistered=NO mTimeStampType=oem_ril mTimeStamp=43963496334321ns CellIdentityWcdma:{ mMcc=2147483647 mMnc=2147483647 mLac=2147483647 mCid=2147483647 mPsc=294} CellSignalStrengthWcdma: ss=10 ber=99}, CellInfoWcdma:{mRegistered=NO mTimeStampType=oem_ril mTimeStamp=43963496334321ns CellIdentityWcdma:{ mMcc=2147483647 mMnc=2147483647 mLac=2147483647 mCid=2147483647 mPsc=296} CellSignalStrengthWcdma: ss=8 ber=99}, CellInfoWcdma:{mRegistered=NO mTimeStampType=oem_ril mTimeStamp=43963496334321ns CellIdentityWcdma:{ mMcc=2147483647 mMnc=2147483647 mLac=2147483647 mCid=2147483647 mPsc=223} CellSignalStrengthWcdma: ss=8 ber=99}, CellInfoWcdma:{mRegistered=NO mTimeStampType=oem_ril mTimeStamp=43963496334321ns CellIdentityWcdma:{ mMcc=2147483647 mMnc=2147483647 mLac=2147483647 mCid=2147483647 mPsc=382} CellSignalStrengthWcdma: ss=6 ber=99}] [SUB0]
04-14 20:25:31.928 E/RILC    (  370): RIL Response bytes written:304
04-14 20:25:31.928 D/GsmSST  ( 3447): [GsmSST] SST.getAllCellInfo(): X size=6 list=[CellInfoWcdma:{mRegistered=YES mTimeStampType=oem_ril mTimeStamp=43963496334321ns CellIdentityWcdma:{ mMcc=260 mMnc=3 mLac=57310 mCid=46018099 mPsc=20} CellSignalStrengthWcdma: ss=13 ber=99}, CellInfoWcdma:{mRegistered=NO mTimeStampType=oem_ril mTimeStamp=43963496334321ns CellIdentityWcdma:{ mMcc=2147483647 mMnc=2147483647 mLac=2147483647 mCid=2147483647 mPsc=472} CellSignalStrengthWcdma: ss=11 ber=99}, CellInfoWcdma:{mRegistered=NO mTimeStampType=oem_ril mTimeStamp=43963496334321ns CellIdentityWcdma:{ mMcc=2147483647 mMnc=2147483647 mLac=2147483647 mCid=2147483647 mPsc=294} CellSignalStrengthWcdma: ss=10 ber=99}, CellInfoWcdma:{mRegistered=NO mTimeStampType=oem_ril mTimeStamp=43963496334321ns CellIdentityWcdma:{ mMcc=2147483647 mMnc=2147483647 mLac=2147483647 mCid=2147483647 mPsc=296} CellSignalStrengthWcdma: ss=8 ber=99}, CellInfoWcdma:{mRegistered=NO mTimeStampType=oem_ril mTimeStamp=43963496334321ns CellIdentityWcdma:{ mMcc=2147483647 mMnc=2147483647 mLac=2147483647 mCid=2147483647 mPsc=223} CellSignalStrengthWcdma: ss=8 ber=99}, CellInfoWcdma:{mRegistered=NO mTimeStampType=oem_ril mTimeStamp=43963496334321ns CellIdentityWcdma:{ mMcc=2147483647 mMnc=2147483647 mLac=2147483647 mCid=2147483647 mPsc=382} CellSignalStrengthWcdma: ss=6 ber=99}]
04-14 20:25:31.933 D/GsmSST  ( 3447): [GsmSST] getCellLocation(): X good mCellLoc=[57310,46018099,20]
04-14 20:25:32.717 V/LG-FASTDORMANCY( 3447): [DCH/FACH] FDCount : 0 intent received :com.android.internal.telephony.ACTION_CHECK_NETSTAT
04-14 20:25:32.723 V/LG-FASTDORMANCY( 3447): [DCH/FACH] FDCount : 0 prev: TxPkts(184252), RxPkts(224214)
04-14 20:25:32.723 V/LG-FASTDORMANCY( 3447): [DCH/FACH] FDCount : 0 curr: TxPkts(184252), RxPkts(224214)
04-14 20:25:32.727 I/LG-FASTDORMANCY( 3447): [DCH/FACH] FDCount : 1 Scheduling checkNetStat for 1000msec, current state is [DCH/FACH] FDCount : 1 
04-14 20:25:32.883 D/QtiGsmDCT( 3447): [0]updateDataActivity: curTxRxSum={txSum=184252 rxSum=224214} preTxRxSum={txSum=184252 rxSum=224214}
04-14 20:25:32.884 D/QtiGsmDCT( 3447): [0]updateDataActivity: sent=0 received=0
04-14 20:25:32.884 D/QtiGsmDCT( 3447): [0]updateDataActivity: newActivity=NONE
04-14 20:25:32.895 D/QtiGsmDCT( 3447): [0]getDataEnabled: getIntWithSubId retVal=true
04-14 20:25:33.730 V/LG-FASTDORMANCY( 3447): [DCH/FACH] FDCount : 1 intent received :com.android.internal.telephony.ACTION_CHECK_NETSTAT
04-14 20:25:33.733 V/LG-FASTDORMANCY( 3447): [DCH/FACH] FDCount : 1 prev: TxPkts(184252), RxPkts(224214)
04-14 20:25:33.733 V/LG-FASTDORMANCY( 3447): [DCH/FACH] FDCount : 1 curr: TxPkts(184252), RxPkts(224214)
04-14 20:25:33.734 I/LG-FASTDORMANCY( 3447): [DCH/FACH] FDCount : 2 Scheduling checkNetStat for 1000msec, current state is [DCH/FACH] FDCount : 2 
04-14 20:25:33.890 D/QtiGsmDCT( 3447): [0]updateDataActivity: curTxRxSum={txSum=184252 rxSum=224214} preTxRxSum={txSum=184252 rxSum=224214}
04-14 20:25:33.890 D/QtiGsmDCT( 3447): [0]updateDataActivity: sent=0 received=0
04-14 20:25:34.736 V/LG-FASTDORMANCY( 3447): [DCH/FACH] FDCount : 2 intent received :com.android.internal.telephony.ACTION_CHECK_NETSTAT
04-14 20:25:34.741 V/LG-FASTDORMANCY( 3447): [DCH/FACH] FDCount : 2 prev: TxPkts(184252), RxPkts(224214)
04-14 20:25:34.741 V/LG-FASTDORMANCY( 3447): [DCH/FACH] FDCount : 2 curr: TxPkts(184252), RxPkts(224214)
04-14 20:25:34.741 I/LG-FASTDORMANCY( 3447): [DCH/FACH] FDCount : 3 Scheduling checkNetStat for 1000msec, current state is [DCH/FACH] FDCount : 3 
04-14 20:25:34.898 D/QtiGsmDCT( 3447): [0]updateDataActivity: curTxRxSum={txSum=184252 rxSum=224214} preTxRxSum={txSum=184252 rxSum=224214}
04-14 20:25:34.898 D/QtiGsmDCT( 3447): [0]updateDataActivity: sent=0 received=0
04-14 20:25:35.745 V/LG-FASTDORMANCY( 3447): [DCH/FACH] FDCount : 3 intent received :com.android.internal.telephony.ACTION_CHECK_NETSTAT
04-14 20:25:35.751 V/LG-FASTDORMANCY( 3447): [DCH/FACH] FDCount : 3 prev: TxPkts(184252), RxPkts(224214)
04-14 20:25:35.751 V/LG-FASTDORMANCY( 3447): [DCH/FACH] FDCount : 3 curr: TxPkts(184252), RxPkts(224214)
04-14 20:25:35.752 I/LG-FASTDORMANCY( 3447): [DCH/FACH] FDCount : 4 Scheduling checkNetStat for 1000msec, current state is [DCH/FACH] FDCount : 4 
04-14 20:25:35.902 D/QtiGsmDCT( 3447): [0]updateDataActivity: curTxRxSum={txSum=184252 rxSum=224214} preTxRxSum={txSum=184252 rxSum=224214}
04-14 20:25:35.902 D/QtiGsmDCT( 3447): [0]updateDataActivity: sent=0 received=0
04-14 20:25:36.047 I/RILC    (  370): RIL_SOCKET_1 UNSOLICITED: RIL_UNSOL_LTE_REJECT_CAUSE length:16
04-14 20:25:36.047 E/RILC    (  370): Send Response to RIL_SOCKET_1
04-14 20:25:36.048 E/RILC    (  370): RIL Response bytes written:4
04-14 20:25:36.048 D/RILJ    ( 3447): [UNSL]< RIL_UNSOL_LTE_REJECT_CAUSE {15} [SUB0]
04-14 20:25:36.048 E/RILC    (  370): RIL Response bytes written:16
04-14 20:25:36.051 I/RILC    (  370): RIL_SOCKET_1 UNSOLICITED: UNSOL_OEM_HOOK_RAW length:32
04-14 20:25:36.051 E/RILC    (  370): Send Response to RIL_SOCKET_1
04-14 20:25:36.051 E/RILC    (  370): RIL Response bytes written:4
04-14 20:25:36.051 V/RILJ    ( 3447): [UNSL]< UNSOL_OEM_HOOK_RAW 514f454d484f4f4bef0308000100000002 [SUB0]
04-14 20:25:36.051 D/RILJ    ( 3447): Oem ID in RIL_UNSOL_OEM_HOOK_RAW is QOEMHOOK
04-14 20:25:36.051 D/RILJ    ( 3447): OEM ID check Passed
04-14 20:25:36.051 D/RILJ    ( 3447): Response ID in RIL_UNSOL_OEM_HOOK_RAW is 525295
04-14 20:25:36.051 D/RILJ    ( 3447): Response ID 525295 is not served in this process.
04-14 20:25:36.051 E/RILC    (  370): RIL Response bytes written:32
04-14 20:25:36.054 I/RILC    (  370): RIL_SOCKET_1 UNSOLICITED: UNSOL_RESPONSE_VOICE_NETWORK_STATE_CHANGED length:8
04-14 20:25:36.054 E/RILC    (  370): Send Response to RIL_SOCKET_1
04-14 20:25:36.054 E/RILC    (  370): RIL Response bytes written:4
04-14 20:25:36.055 D/RILJ    ( 3447): [UNSL]< UNSOL_RESPONSE_VOICE_NETWORK_STATE_CHANGED [SUB0]
04-14 20:25:36.055 E/RILC    (  370): RIL Response bytes written:8
04-14 20:25:36.055 D/RILJ    ( 3447): [2091]> OPERATOR [SUB0]
04-14 20:25:36.056 D/RILJ    ( 3447): [2092]> DATA_REGISTRATION_STATE [SUB0]
04-14 20:25:36.057 D/RILC    (  370): SOCKET RIL_SOCKET_1 REQUEST: OPERATOR length:8
04-14 20:25:36.058 D/RILJ    ( 3447): [2093]> VOICE_REGISTRATION_STATE [SUB0]
04-14 20:25:36.058 D/RILC    (  370): SOCKET RIL_SOCKET_1 REQUEST: DATA_REGISTRATION_STATE length:8
04-14 20:25:36.059 D/RILC    (  370): SOCKET RIL_SOCKET_1 REQUEST: VOICE_REGISTRATION_STATE length:8
04-14 20:25:36.060 D/RILJ    ( 3447): [2094]> QUERY_NETWORK_SELECTION_MODE [SUB0]
04-14 20:25:36.061 D/RILC    (  370): SOCKET RIL_SOCKET_1 REQUEST: QUERY_NETWORK_SELECTION_MODE length:8
04-14 20:25:36.066 D/RILC    (  370): RequestComplete, RIL_SOCKET_1
04-14 20:25:36.066 E/RILC    (  370): Send Response to RIL_SOCKET_1
04-14 20:25:36.066 E/RILC    (  370): RIL Response bytes written:4
04-14 20:25:36.066 E/RILC    (  370): RIL Response bytes written:136
04-14 20:25:36.066 D/RILJ    ( 3447): [2093]< VOICE_REGISTRATION_STATE {1, dfde, 02be2e3d, 3, null, null, null, 0, null, null, 1, null, null, 0, 14} [SUB0]
04-14 20:25:36.067 D/PHONE   ( 3447): [ServiceState] setVoiceRegState=0
04-14 20:25:36.067 E/PHONE   ( 3447): [ServiceState] setState deprecated use setVoiceRegState()
04-14 20:25:36.067 D/GsmSST  ( 3447): [GsmSST] LOGRadioInfo : In Service
04-14 20:25:36.070 D/RILC    (  370): RequestComplete, RIL_SOCKET_1
04-14 20:25:36.070 E/RILC    (  370): Send Response to RIL_SOCKET_1
04-14 20:25:36.071 E/RILC    (  370): RIL Response bytes written:4
04-14 20:25:36.071 E/RILC    (  370): RIL Response bytes written:120
04-14 20:25:36.072 D/RILJ    ( 3447): [2092]< DATA_REGISTRATION_STATE {1, dfde, 02be2e3d, 11, null, 20, null, null, null, null, null, 0} [SUB0]
04-14 20:25:36.072 D/GsmSST  ( 3447): isSFROperators result = false
04-14 20:25:36.072 D/PHONE   ( 3447): [ServiceState] setDataRegState=0
04-14 20:25:36.073 D/PHONE   ( 3447): [ServiceState] setDataRadioTechnology=11
04-14 20:25:36.073 D/GsmSST  ( 3447): [GsmSST] LOGRadioInfo : In Service
04-14 20:25:36.073 D/GsmSST  ( 3447): [GsmSST] handlPollStateResultMessage: GsmSST setDataRegState=0 regState=1 dataRadioTechnology=11
04-14 20:25:36.081 D/RILC    (  370): RequestComplete, RIL_SOCKET_1
04-14 20:25:36.081 E/RILC    (  370): Send Response to RIL_SOCKET_1
04-14 20:25:36.081 E/RILC    (  370): RIL Response bytes written:4
04-14 20:25:36.081 E/RILC    (  370): RIL Response bytes written:72
04-14 20:25:36.081 D/RILJ    ( 3447): [2091]< OPERATOR {Orange, Orange, 26003} [SUB0]
04-14 20:25:36.083 D/RILC    (  370): RequestComplete, RIL_SOCKET_1
04-14 20:25:36.083 E/RILC    (  370): Send Response to RIL_SOCKET_1
04-14 20:25:36.083 E/RILC    (  370): RIL Response bytes written:4
04-14 20:25:36.083 E/RILC    (  370): RIL Response bytes written:20
04-14 20:25:36.084 D/RILJ    ( 3447): [2094]< QUERY_NETWORK_SELECTION_MODE {0} [SUB0]
04-14 20:25:36.087 D/GsmSST  ( 3447): [GsmSST] Poll ServiceState done:  oldSS=[0 0 voice home data home Orange Orange 26003 Orange Orange 26003  UMTS HSPA CSS not supported -1 -1 RoamInd=-1 DefRoamInd=-1 EmergOnly=false IsDataRoamingFromRegistration=false mIsVoiceSearching=false mIsDataSearching=false mVoiceNetworkName=null mDataNetworkName=null Check64QAM0 Dual carrier0] newSS=[0 0 voice home data home Orange Orange 26003 Orange Orange 26003  UMTS HSPA CSS not supported -1 -1 RoamInd=-1 DefRoamInd=-1 EmergOnly=false IsDataRoamingFromRegistration=false mIsVoiceSearching=false mIsDataSearching=false mVoiceNetworkName=null mDataNetworkName=null Check64QAM0 Dual carrier0] oldMaxDataCalls=20 mNewMaxDataCalls=20 oldReasonDataDenied=-1 mNewReasonDataDenied=-1
04-14 20:25:36.088 D/PHONE   ( 3447): [ServiceState] setNullState=1
04-14 20:25:36.088 D/GsmSST  ( 3447): [GsmSST] getCellLocation(): X good mCellLoc=[57310,46018109,20]
04-14 20:25:36.088 D/TelephonyRegistry( 1891): notifyCellLocationForSubscriber: subId=2 cellLocation=Bundle[mParcelledData.dataSize=64]
04-14 20:25:36.105 D/GsmSST  ( 3447): [GsmSST] getCellLocation(): X good mCellLoc=[57310,46018109,20]
04-14 20:25:36.122 D/RILJ    ( 3447): [2095]> REQUEST_GET_NEIGHBORING_CELL_IDS [SUB0]
04-14 20:25:36.123 D/RILC    (  370): SOCKET RIL_SOCKET_1 REQUEST: GET_NEIGHBORING_CELL_IDS length:8
04-14 20:25:36.124 I/RILQ    (  370): (0/370):RIL[0][main] qcril_qmi_nas_get_neighboring_cell_ids: completed with 0
04-14 20:25:36.127 I/RILQ    (  370): (0/370):RIL[0][qmi_cb] qcril_qmi_nas_get_neighboring_cells_cb: .. qmi error 0, resultqmi  0, qmi transp_err 0, ril res 0
04-14 20:25:36.129 D/RILC    (  370): RequestComplete, RIL_SOCKET_1
04-14 20:25:36.129 E/RILC    (  370): Send Response to RIL_SOCKET_1
04-14 20:25:36.129 E/RILC    (  370): RIL Response bytes written:4
04-14 20:25:36.129 E/RILC    (  370): RIL Response bytes written:184
04-14 20:25:36.129 I/RILQ    (  370): (0/370):RIL[0][qmi_cb] qcril_qmi_nas_get_neighboring_cells_cb: completed with 0 with 6 entries
04-14 20:25:36.132 D/RILJ    ( 3447): [2095]< REQUEST_GET_NEIGHBORING_CELL_IDS {[[1d8@-94]] [[126@-94]] [[df@-97]] [[3e@-97]] [[128@-99]] [[14@-91]] } [SUB0]
04-14 20:25:36.136 D/RILJ    ( 3447): [2096]> RIL_REQUEST_GET_CELL_INFO_LIST [SUB0]
04-14 20:25:36.141 D/RILC    (  370): SOCKET RIL_SOCKET_1 REQUEST: GET_CELL_INFO_LIST length:8
04-14 20:25:36.145 D/RILC    (  370): RequestComplete, RIL_SOCKET_1
04-14 20:25:36.146 E/RILC    (  370): Send Response to RIL_SOCKET_1
04-14 20:25:36.146 E/RILC    (  370): RIL Response bytes written:4
04-14 20:25:36.146 E/RILC    (  370): RIL Response bytes written:704
04-14 20:25:36.151 D/RILJ    ( 3447): [2096]< RIL_REQUEST_GET_CELL_INFO_LIST [CellInfoWcdma:{mRegistered=YES mTimeStampType=oem_ril mTimeStamp=43967714278121ns CellIdentityWcdma:{ mMcc=260 mMnc=3 mLac=57310 mCid=46018109 mPsc=20} CellSignalStrengthWcdma: ss=0 ber=99}, CellInfoWcdma:{mRegistered=NO mTimeStampType=oem_ril mTimeStamp=43967714278121ns CellIdentityWcdma:{ mMcc=2147483647 mMnc=2147483647 mLac=2147483647 mCid=2147483647 mPsc=472} CellSignalStrengthWcdma: ss=10 ber=99}, CellInfoWcdma:{mRegistered=NO mTimeStampType=oem_ril mTimeStamp=43967714278121ns CellIdentityWcdma:{ mMcc=2147483647 mMnc=2147483647 mLac=2147483647 mCid=2147483647 mPsc=294} CellSignalStrengthWcdma: ss=10 ber=99}, CellInfoWcdma:{mRegistered=NO mTimeStampType=oem_ril mTimeStamp=43967714278121ns CellIdentityWcdma:{ mMcc=2147483647 mMnc=2147483647 mLac=2147483647 mCid=2147483647 mPsc=223} CellSignalStrengthWcdma: ss=8 ber=99}, CellInfoWcdma:{mRegistered=NO mTimeStampType=oem_ril mTimeStamp=43967714278121ns CellIdentityWcdma:{ mMcc=2147483647 mMnc=2147483647 mLac=2147483647 mCid=2147483647 mPsc=62} CellSignalStrengthWcdma: ss=8 ber=99}, CellInfoWcdma:{mRegistered=NO mTimeStampType=oem_ril mTimeStamp=43967714278121ns CellIdentityWcdma:{ mMcc=2147483647 mMnc=2147483647 mLac=2147483647 mCid=2147483647 mPsc=296} CellSignalStrengthWcdma: ss=7 ber=99}, CellInfoWcdma:{mRegistered=NO mTimeStampType=oem_ril mTimeStamp=43967714278121ns CellIdentityWcdma:{ mMcc=2147483647 mMnc=2147483647 mLac=2147483647 mCid=2147483647 mPsc=20} CellSignalStrengthWcdma: ss=11 ber=99}, CellInfoGsm:{mRegistered=NO mTimeStampType=oem_ril mTimeStamp=43967714278121ns CellIdentityGsm:{ mMcc=2147483647 mMnc=2147483647 mLac=2147483647 mCid=2147483647} CellSignalStrengthGsm: ss=20 ber=99}, CellInfoGsm:{mRegistered=NO mTimeStampType=oem_ril mTimeStamp=43967714278121ns CellIdentityGsm:{ mMcc=2147483647 mMnc=2147483647 mLac=2147483647 mCid=2147483647} CellSignalStrengthGsm: ss=17 ber=99}, CellInfoGsm:{mRegistered=NO mTimeStampType=oem_ril mTimeStamp=43967714278121ns CellIdentityGsm:{ mMcc=2147483647 mMnc=2147483647 mLac=2147483647 mCid=2147483647} CellSignalStrengthGsm: ss=13 ber=99}, CellInfoGsm:{mRegistered=NO mTimeStampType=oem_ril mTimeStamp=43967714278121ns CellIdentityGsm:{ mMcc=2147483647 mMnc=2147483647 mLac=2147483647 mCid=2147483647} CellSignalStrengthGsm: ss=13 ber=99}, CellInfoGsm:{mRegistered=NO mTimeStampType=oem_ril mTimeStamp=43967714278121ns CellIdentityGsm:{ mMcc=2147483647 mMnc=2147483647 mLac=2147483647 mCid=2147483647} CellSignalStrengthGsm: ss=11 ber=99}, CellInfoGsm:{mRegistered=NO mTimeStampType=oem_ril mTimeStamp=43967714278121ns CellIdentityGsm:{ mMcc=2147483647 mMnc=2147483647 mLac=2147483647 mCid=2147483647} CellSignalStrengthGsm: ss=9 ber=99}, CellInfoGsm:{mRegistered=NO mTimeStampType=oem_ril mTimeStamp=43967714278121ns CellIdentityGsm:{ mMcc=2147483647 mMnc=2147483647 mLac=2147483647 mCid=2147483647} CellSignalStrengthGsm: ss=9 ber=99}, CellInfoGsm:{mRegistered=NO mTimeStampType=oem_ril mTimeStamp=43967714278121ns CellIdentityGsm:{ mMcc=2147483647 mMnc=2147483647 mLac=2147483647 mCid=2147483647} CellSignalStrengthGsm: ss=8 ber=99}] [SUB0]
04-14 20:25:36.156 D/GsmSST  ( 3447): [GsmSST] SST.getAllCellInfo(): X size=15 list=[CellInfoWcdma:{mRegistered=YES mTimeStampType=oem_ril mTimeStamp=43967714278121ns CellIdentityWcdma:{ mMcc=260 mMnc=3 mLac=57310 mCid=46018109 mPsc=20} CellSignalStrengthWcdma: ss=0 ber=99}, CellInfoWcdma:{mRegistered=NO mTimeStampType=oem_ril mTimeStamp=43967714278121ns CellIdentityWcdma:{ mMcc=2147483647 mMnc=2147483647 mLac=2147483647 mCid=2147483647 mPsc=472} CellSignalStrengthWcdma: ss=10 ber=99}, CellInfoWcdma:{mRegistered=NO mTimeStampType=oem_ril mTimeStamp=43967714278121ns CellIdentityWcdma:{ mMcc=2147483647 mMnc=2147483647 mLac=2147483647 mCid=2147483647 mPsc=294} CellSignalStrengthWcdma: ss=10 ber=99}, CellInfoWcdma:{mRegistered=NO mTimeStampType=oem_ril mTimeStamp=43967714278121ns CellIdentityWcdma:{ mMcc=2147483647 mMnc=2147483647 mLac=2147483647 mCid=2147483647 mPsc=223} CellSignalStrengthWcdma: ss=8 ber=99}, CellInfoWcdma:{mRegistered=NO mTimeStampType=oem_ril mTimeStamp=43967714278121ns CellIdentityWcdma:{ mMcc=2147483647 mMnc=2147483647 mLac=2147483647 mCid=2147483647 mPsc=62} CellSignalStrengthWcdma: ss=8 ber=99}, CellInfoWcdma:{mRegistered=NO mTimeStampType=oem_ril mTimeStamp=43967714278121ns CellIdentityWcdma:{ mMcc=2147483647 mMnc=2147483647 mLac=2147483647 mCid=2147483647 mPsc=296} CellSignalStrengthWcdma: ss=7 ber=99}, CellInfoWcdma:{mRegistered=NO mTimeStampType=oem_ril mTimeStamp=43967714278121ns CellIdentityWcdma:{ mMcc=2147483647 mMnc=2147483647 mLac=2147483647 mCid=2147483647 mPsc=20} CellSignalStrengthWcdma: ss=11 ber=99}, CellInfoGsm:{mRegistered=NO mTimeStampType=oem_ril mTimeStamp=43967714278121ns CellIdentityGsm:{ mMcc=2147483647 mMnc=2147483647 mLac=2147483647 mCid=2147483647} CellSignalStrengthGsm: ss=20 ber=99}, CellInfoGsm:{mRegistered=NO mTimeStampType=oem_ril mTimeStamp=43967714278121ns CellIdentityGsm:{ mMcc=2147483647 mMnc=2147483647 mLac=2147483647 mCid=2147483647} CellSignalStrengthGsm: ss=17 ber=99}, CellInfoGsm:{mRegistered=NO mTimeStampType=oem_ril mTimeStamp=43967714278121ns CellIdentityGsm:{ mMcc=2147483647 mMnc=2147483647 mLac=2147483647 mCid=2147483647} CellSignalStrengthGsm: ss=13 ber=99}, CellInfoGsm:{mRegistered=NO mTimeStampType=oem_ril mTimeStamp=43967714278121ns CellIdentityGsm:{ mMcc=2147483647 mMnc=2147483647 mLac=2147483647 mCid=2147483647} CellSignalStrengthGsm: ss=13 ber=99}, CellInfoGsm:{mRegistered=NO mTimeStampType=oem_ril mTimeStamp=43967714278121ns CellIdentityGsm:{ mMcc=2147483647 mMnc=2147483647 mLac=2147483647 mCid=2147483647} CellSignalStrengthGsm: ss=11 ber=99}, CellInfoGsm:{mRegistered=NO mTimeStampType=oem_ril mTimeStamp=43967714278121ns CellIdentityGsm:{ mMcc=2147483647 mMnc=2147483647 mLac=2147483647 mCid=2147483647} CellSignalStrengthGsm: ss=9 ber=99}, CellInfoGsm:{mRegistered=NO mTimeStampType=oem_ril mTimeStamp=43967714278121ns CellIdentityGsm:{ mMcc=2147483647 mMnc=2147483647 mLac=2147483647 mCid=2147483647} CellSignalStrengthGsm: ss=9 ber=99}, CellInfoGsm:{mRegistered=NO mTimeStampType=oem_ril mTimeStamp=43967714278121ns CellIdentityGsm:{ mMcc=2147483647 mMnc=2147483647 mLac=2147483647 mCid=2147483647} CellSignalStrengthGsm: ss=8 ber=99}]
04-14 20:25:36.160 D/GsmSST  ( 3447): [GsmSST] getCellLocation(): X good mCellLoc=[57310,46018109,20]
04-14 20:25:36.755 V/LG-FASTDORMANCY( 3447): [DCH/FACH] FDCount : 4 intent received :com.android.internal.telephony.ACTION_CHECK_NETSTAT
04-14 20:25:36.759 V/LG-FASTDORMANCY( 3447): [DCH/FACH] FDCount : 4 prev: TxPkts(184252), RxPkts(224214)
04-14 20:25:36.759 V/LG-FASTDORMANCY( 3447): [DCH/FACH] FDCount : 4 curr: TxPkts(184252), RxPkts(224214)
04-14 20:25:36.760 I/LG-FASTDORMANCY( 3447): [DCH/FACH] FDCount : 5 Scheduling checkNetStat for 1000msec, current state is [DCH/FACH] FDCount : 5 
04-14 20:25:36.905 D/QtiGsmDCT( 3447): [0]updateDataActivity: curTxRxSum={txSum=184252 rxSum=224214} preTxRxSum={txSum=184252 rxSum=224214}
04-14 20:25:36.906 D/QtiGsmDCT( 3447): [0]updateDataActivity: sent=0 received=0
04-14 20:25:37.763 V/LG-FASTDORMANCY( 3447): [DCH/FACH] FDCount : 5 intent received :com.android.internal.telephony.ACTION_CHECK_NETSTAT
04-14 20:25:37.768 V/LG-FASTDORMANCY( 3447): [DCH/FACH] FDCount : 5 prev: TxPkts(184252), RxPkts(224214)
04-14 20:25:37.768 V/LG-FASTDORMANCY( 3447): [DCH/FACH] FDCount : 5 curr: TxPkts(184252), RxPkts(224214)
04-14 20:25:37.769 I/LG-FASTDORMANCY( 3447): [DCH/FACH] FDCount : 6 Scheduling checkNetStat for 1000msec, current state is [DCH/FACH] FDCount : 6 
04-14 20:25:37.910 D/QtiGsmDCT( 3447): [0]updateDataActivity: curTxRxSum={txSum=184252 rxSum=224214} preTxRxSum={txSum=184252 rxSum=224214}
04-14 20:25:37.911 D/QtiGsmDCT( 3447): [0]updateDataActivity: sent=0 received=0
04-14 20:25:38.771 V/LG-FASTDORMANCY( 3447): [DCH/FACH] FDCount : 6 intent received :com.android.internal.telephony.ACTION_CHECK_NETSTAT
04-14 20:25:38.776 V/LG-FASTDORMANCY( 3447): [DCH/FACH] FDCount : 6 prev: TxPkts(184252), RxPkts(224214)
04-14 20:25:38.776 V/LG-FASTDORMANCY( 3447): [DCH/FACH] FDCount : 6 curr: TxPkts(184252), RxPkts(224214)
04-14 20:25:38.777 I/LG-FASTDORMANCY( 3447): [DCH/FACH] FDCount : 7 Scheduling checkNetStat for 1000msec, current state is [DCH/FACH] FDCount : 7 
04-14 20:25:38.913 D/QtiGsmDCT( 3447): [0]updateDataActivity: curTxRxSum={txSum=184252 rxSum=224214} preTxRxSum={txSum=184252 rxSum=224214}
04-14 20:25:38.913 D/QtiGsmDCT( 3447): [0]updateDataActivity: sent=0 received=0
04-14 20:25:39.779 V/LG-FASTDORMANCY( 3447): [DCH/FACH] FDCount : 7 intent received :com.android.internal.telephony.ACTION_CHECK_NETSTAT
04-14 20:25:39.783 V/LG-FASTDORMANCY( 3447): [DCH/FACH] FDCount : 7 prev: TxPkts(184252), RxPkts(224214)
04-14 20:25:39.783 V/LG-FASTDORMANCY( 3447): [DCH/FACH] FDCount : 7 curr: TxPkts(184252), RxPkts(224214)
04-14 20:25:39.783 I/LG-FASTDORMANCY( 3447): [DCH/FACH] FDCount : 8 Scheduling checkNetStat for 1000msec, current state is [DCH/FACH] FDCount : 8 
04-14 20:25:39.921 D/QtiGsmDCT( 3447): [0]updateDataActivity: curTxRxSum={txSum=184254 rxSum=224214} preTxRxSum={txSum=184252 rxSum=224214}
04-14 20:25:39.921 D/QtiGsmDCT( 3447): [0]updateDataActivity: sent=2 received=0
04-14 20:25:39.921 D/QtiGsmDCT( 3447): [0]updateDataActivity: newActivity=DATAOUT
04-14 20:25:39.930 D/QtiGsmDCT( 3447): [0]getDataEnabled: getIntWithSubId retVal=true
04-14 20:25:40.276 I/RILC    (  370): RIL_SOCKET_1 UNSOLICITED: RIL_UNSOL_LTE_REJECT_CAUSE length:16
04-14 20:25:40.276 E/RILC    (  370): Send Response to RIL_SOCKET_1
04-14 20:25:40.277 E/RILC    (  370): RIL Response bytes written:4
04-14 20:25:40.277 D/RILJ    ( 3447): [UNSL]< RIL_UNSOL_LTE_REJECT_CAUSE {15} [SUB0]
04-14 20:25:40.277 E/RILC    (  370): RIL Response bytes written:16
04-14 20:25:40.279 I/RILC    (  370): RIL_SOCKET_1 UNSOLICITED: UNSOL_OEM_HOOK_RAW length:32
04-14 20:25:40.279 E/RILC    (  370): Send Response to RIL_SOCKET_1
04-14 20:25:40.279 E/RILC    (  370): RIL Response bytes written:4
04-14 20:25:40.280 V/RILJ    ( 3447): [UNSL]< UNSOL_OEM_HOOK_RAW 514f454d484f4f4bef0308000100000001 [SUB0]
04-14 20:25:40.280 D/RILJ    ( 3447): Oem ID in RIL_UNSOL_OEM_HOOK_RAW is QOEMHOOK
04-14 20:25:40.280 D/RILJ    ( 3447): OEM ID check Passed
04-14 20:25:40.280 D/RILJ    ( 3447): Response ID in RIL_UNSOL_OEM_HOOK_RAW is 525295
04-14 20:25:40.280 D/RILJ    ( 3447): Response ID 525295 is not served in this process.
04-14 20:25:40.281 E/RILC    (  370): RIL Response bytes written:32
04-14 20:25:40.284 I/RILC    (  370): RIL_SOCKET_1 UNSOLICITED: UNSOL_RESPONSE_VOICE_NETWORK_STATE_CHANGED length:8
04-14 20:25:40.284 E/RILC    (  370): Send Response to RIL_SOCKET_1
04-14 20:25:40.284 E/RILC    (  370): RIL Response bytes written:4
04-14 20:25:40.284 D/RILJ    ( 3447): [UNSL]< UNSOL_RESPONSE_VOICE_NETWORK_STATE_CHANGED [SUB0]
04-14 20:25:40.285 E/RILC    (  370): RIL Response bytes written:8
04-14 20:25:40.285 D/RILJ    ( 3447): [2097]> OPERATOR [SUB0]
04-14 20:25:40.286 I/RILQ    (  370): (0/370):RIL[0][event] qcril_arb_set_dsd_sys_status: old_pref_data 1 - new_data_pref 1
04-14 20:25:40.286 I/RILQ    (  370): (0/370):RIL[0][event] qcril_arb_set_dsd_sys_status: preferred dsd_sys_status nw=0x0, rat_value=0x1, so_mask=0x0000000000000015
04-14 20:25:40.286 I/RILQ    (  370): (0/370):RIL[0][event] qcril_arb_set_dsd_sys_status: preferred 1 - dsd_sys_status nw=0x0, rat_value=0x1, so_mask=0x0000000000000015
04-14 20:25:40.286 I/RILQ    (  370): (0/370):RIL[0][event] qcril_arb_set_dsd_sys_status: is_wwan_available 0
04-14 20:25:40.287 D/RILC    (  370): SOCKET RIL_SOCKET_1 REQUEST: OPERATOR length:8
04-14 20:25:40.287 D/RILJ    ( 3447): [2098]> DATA_REGISTRATION_STATE [SUB0]
04-14 20:25:40.289 D/RILJ    ( 3447): [2099]> VOICE_REGISTRATION_STATE [SUB0]
