04-14 20:42:50.928 D/QtiGsmDCT( 3447): [0]updateDataActivity: curTxRxSum={txSum=184573 rxSum=224569} preTxRxSum={txSum=184573 rxSum=224569}
04-14 20:42:50.928 D/QtiGsmDCT( 3447): [0]updateDataActivity: sent=0 received=0
04-14 20:42:50.960 V/LG-FASTDORMANCY( 3447): [DCH/FACH] FDCount : 2 intent received :com.android.internal.telephony.ACTION_CHECK_NETSTAT
04-14 20:42:50.963 V/LG-FASTDORMANCY( 3447): [DCH/FACH] FDCount : 2 prev: TxPkts(184573), RxPkts(224569)
04-14 20:42:50.963 V/LG-FASTDORMANCY( 3447): [DCH/FACH] FDCount : 2 curr: TxPkts(184573), RxPkts(224569)
04-14 20:42:50.964 I/LG-FASTDORMANCY( 3447): [DCH/FACH] FDCount : 3 Scheduling checkNetStat for 1000msec, current state is [DCH/FACH] FDCount : 3 
04-14 20:42:51.933 D/QtiGsmDCT( 3447): [0]updateDataActivity: curTxRxSum={txSum=184573 rxSum=224569} preTxRxSum={txSum=184573 rxSum=224569}
04-14 20:42:51.933 D/QtiGsmDCT( 3447): [0]updateDataActivity: sent=0 received=0
04-14 20:42:51.967 V/LG-FASTDORMANCY( 3447): [DCH/FACH] FDCount : 3 intent received :com.android.internal.telephony.ACTION_CHECK_NETSTAT
04-14 20:42:51.970 V/LG-FASTDORMANCY( 3447): [DCH/FACH] FDCount : 3 prev: TxPkts(184573), RxPkts(224569)
04-14 20:42:51.970 V/LG-FASTDORMANCY( 3447): [DCH/FACH] FDCount : 3 curr: TxPkts(184573), RxPkts(224569)
04-14 20:42:51.970 I/LG-FASTDORMANCY( 3447): [DCH/FACH] FDCount : 4 Scheduling checkNetStat for 1000msec, current state is [DCH/FACH] FDCount : 4 
04-14 20:42:52.937 D/QtiGsmDCT( 3447): [0]updateDataActivity: curTxRxSum={txSum=184573 rxSum=224569} preTxRxSum={txSum=184573 rxSum=224569}
04-14 20:42:52.937 D/QtiGsmDCT( 3447): [0]updateDataActivity: sent=0 received=0
04-14 20:42:52.974 V/LG-FASTDORMANCY( 3447): [DCH/FACH] FDCount : 4 intent received :com.android.internal.telephony.ACTION_CHECK_NETSTAT
04-14 20:42:52.977 V/LG-FASTDORMANCY( 3447): [DCH/FACH] FDCount : 4 prev: TxPkts(184573), RxPkts(224569)
04-14 20:42:52.977 V/LG-FASTDORMANCY( 3447): [DCH/FACH] FDCount : 4 curr: TxPkts(184573), RxPkts(224569)
04-14 20:42:52.978 I/LG-FASTDORMANCY( 3447): [DCH/FACH] FDCount : 5 Scheduling checkNetStat for 1000msec, current state is [DCH/FACH] FDCount : 5 
04-14 20:42:53.941 D/QtiGsmDCT( 3447): [0]updateDataActivity: curTxRxSum={txSum=184573 rxSum=224569} preTxRxSum={txSum=184573 rxSum=224569}
04-14 20:42:53.942 D/QtiGsmDCT( 3447): [0]updateDataActivity: sent=0 received=0
04-14 20:42:53.982 V/LG-FASTDORMANCY( 3447): [DCH/FACH] FDCount : 5 intent received :com.android.internal.telephony.ACTION_CHECK_NETSTAT
04-14 20:42:53.987 V/LG-FASTDORMANCY( 3447): [DCH/FACH] FDCount : 5 prev: TxPkts(184573), RxPkts(224569)
04-14 20:42:53.987 V/LG-FASTDORMANCY( 3447): [DCH/FACH] FDCount : 5 curr: TxPkts(184573), RxPkts(224569)
04-14 20:42:53.988 I/LG-FASTDORMANCY( 3447): [DCH/FACH] FDCount : 6 Scheduling checkNetStat for 1000msec, current state is [DCH/FACH] FDCount : 6 
04-14 20:42:54.946 D/QtiGsmDCT( 3447): [0]updateDataActivity: curTxRxSum={txSum=184573 rxSum=224569} preTxRxSum={txSum=184573 rxSum=224569}
04-14 20:42:54.946 D/QtiGsmDCT( 3447): [0]updateDataActivity: sent=0 received=0
04-14 20:42:54.997 V/LG-FASTDORMANCY( 3447): [DCH/FACH] FDCount : 6 intent received :com.android.internal.telephony.ACTION_CHECK_NETSTAT
04-14 20:42:55.001 V/LG-FASTDORMANCY( 3447): [DCH/FACH] FDCount : 6 prev: TxPkts(184573), RxPkts(224569)
04-14 20:42:55.001 V/LG-FASTDORMANCY( 3447): [DCH/FACH] FDCount : 6 curr: TxPkts(184573), RxPkts(224569)
04-14 20:42:55.002 I/LG-FASTDORMANCY( 3447): [DCH/FACH] FDCount : 7 Scheduling checkNetStat for 1000msec, current state is [DCH/FACH] FDCount : 7 
04-14 20:42:55.949 D/QtiGsmDCT( 3447): [0]updateDataActivity: curTxRxSum={txSum=184573 rxSum=224569} preTxRxSum={txSum=184573 rxSum=224569}
04-14 20:42:55.949 D/QtiGsmDCT( 3447): [0]updateDataActivity: sent=0 received=0
04-14 20:42:56.006 V/LG-FASTDORMANCY( 3447): [DCH/FACH] FDCount : 7 intent received :com.android.internal.telephony.ACTION_CHECK_NETSTAT
04-14 20:42:56.010 V/LG-FASTDORMANCY( 3447): [DCH/FACH] FDCount : 7 prev: TxPkts(184573), RxPkts(224569)
04-14 20:42:56.011 V/LG-FASTDORMANCY( 3447): [DCH/FACH] FDCount : 7 curr: TxPkts(184573), RxPkts(224569)
04-14 20:42:56.011 I/LG-FASTDORMANCY( 3447): [DCH/FACH] FDCount : 8 Scheduling checkNetStat for 1000msec, current state is [DCH/FACH] FDCount : 8 
04-14 20:42:56.954 D/QtiGsmDCT( 3447): [0]updateDataActivity: curTxRxSum={txSum=184573 rxSum=224569} preTxRxSum={txSum=184573 rxSum=224569}
04-14 20:42:56.954 D/QtiGsmDCT( 3447): [0]updateDataActivity: sent=0 received=0
04-14 20:42:57.014 V/LG-FASTDORMANCY( 3447): [DCH/FACH] FDCount : 8 intent received :com.android.internal.telephony.ACTION_CHECK_NETSTAT
04-14 20:42:57.018 V/LG-FASTDORMANCY( 3447): [DCH/FACH] FDCount : 8 prev: TxPkts(184573), RxPkts(224569)
04-14 20:42:57.018 V/LG-FASTDORMANCY( 3447): [DCH/FACH] FDCount : 8 curr: TxPkts(184573), RxPkts(224569)
04-14 20:42:57.019 I/LG-FASTDORMANCY( 3447): [DCH/FACH] FDCount : 9 Scheduling checkNetStat for 1000msec, current state is [DCH/FACH] FDCount : 9 
04-14 20:42:57.638 I/RILC    (  370): RIL_SOCKET_1 UNSOLICITED: RIL_UNSOL_LTE_REJECT_CAUSE length:16
04-14 20:42:57.638 E/RILC    (  370): Send Response to RIL_SOCKET_1
04-14 20:42:57.638 E/RILC    (  370): RIL Response bytes written:4
04-14 20:42:57.639 D/RILJ    ( 3447): [UNSL]< RIL_UNSOL_LTE_REJECT_CAUSE {15} [SUB0]
04-14 20:42:57.639 E/RILC    (  370): RIL Response bytes written:16
04-14 20:42:57.643 I/RILC    (  370): RIL_SOCKET_1 UNSOLICITED: UNSOL_OEM_HOOK_RAW length:32
04-14 20:42:57.643 E/RILC    (  370): Send Response to RIL_SOCKET_1
04-14 20:42:57.643 E/RILC    (  370): RIL Response bytes written:4
04-14 20:42:57.643 V/RILJ    ( 3447): [UNSL]< UNSOL_OEM_HOOK_RAW 514f454d484f4f4bef0308000100000002 [SUB0]
04-14 20:42:57.643 D/RILJ    ( 3447): Oem ID in RIL_UNSOL_OEM_HOOK_RAW is QOEMHOOK
04-14 20:42:57.643 D/RILJ    ( 3447): OEM ID check Passed
04-14 20:42:57.643 D/RILJ    ( 3447): Response ID in RIL_UNSOL_OEM_HOOK_RAW is 525295
04-14 20:42:57.643 D/RILJ    ( 3447): Response ID 525295 is not served in this process.
04-14 20:42:57.643 E/RILC    (  370): RIL Response bytes written:32
04-14 20:42:57.646 I/RILC    (  370): RIL_SOCKET_1 UNSOLICITED: UNSOL_RESPONSE_VOICE_NETWORK_STATE_CHANGED length:8
04-14 20:42:57.646 E/RILC    (  370): Send Response to RIL_SOCKET_1
04-14 20:42:57.646 E/RILC    (  370): RIL Response bytes written:4
04-14 20:42:57.646 D/RILJ    ( 3447): [UNSL]< UNSOL_RESPONSE_VOICE_NETWORK_STATE_CHANGED [SUB0]
04-14 20:42:57.646 E/RILC    (  370): RIL Response bytes written:8
04-14 20:42:57.646 D/RILJ    ( 3447): [2737]> OPERATOR [SUB0]
04-14 20:42:57.648 I/RILQ    (  370): (0/370):RIL[0][event] qcril_arb_set_dsd_sys_status: old_pref_data 1 - new_data_pref 1
04-14 20:42:57.648 I/RILQ    (  370): (0/370):RIL[0][event] qcril_arb_set_dsd_sys_status: preferred dsd_sys_status nw=0x0, rat_value=0x1, so_mask=0x0000000000000007
04-14 20:42:57.648 I/RILQ    (  370): (0/370):RIL[0][event] qcril_arb_set_dsd_sys_status: preferred 1 - dsd_sys_status nw=0x0, rat_value=0x1, so_mask=0x0000000000000007
04-14 20:42:57.648 I/RILQ    (  370): (0/370):RIL[0][event] qcril_arb_set_dsd_sys_status: is_wwan_available 0
04-14 20:42:57.648 D/RILC    (  370): SOCKET RIL_SOCKET_1 REQUEST: OPERATOR length:8
04-14 20:42:57.650 I/RILC    (  370): RIL_SOCKET_1 UNSOLICITED: UNSOL_OEM_HOOK_RAW length:32
04-14 20:42:57.650 E/RILC    (  370): Send Response to RIL_SOCKET_1
04-14 20:42:57.650 E/RILC    (  370): RIL Response bytes written:4
04-14 20:42:57.651 V/RILJ    ( 3447): [UNSL]< UNSOL_OEM_HOOK_RAW 514f454d484f4f4bfa0308000100000000 [SUB0]
04-14 20:42:57.651 D/RILJ    ( 3447): Oem ID in RIL_UNSOL_OEM_HOOK_RAW is QOEMHOOK
04-14 20:42:57.651 D/RILJ    ( 3447): OEM ID check Passed
04-14 20:42:57.651 D/RILJ    ( 3447): Response ID in RIL_UNSOL_OEM_HOOK_RAW is 525306
04-14 20:42:57.651 D/RILJ    ( 3447): WWAN, IWLAN coexistence notified to registrants
04-14 20:42:57.651 E/RILC    (  370): RIL Response bytes written:32
04-14 20:42:57.651 D/RILJ    ( 3447): [2738]> DATA_REGISTRATION_STATE [SUB0]
04-14 20:42:57.653 D/RILJ    ( 3447): [2739]> VOICE_REGISTRATION_STATE [SUB0]
04-14 20:42:57.654 D/RILC    (  370): SOCKET RIL_SOCKET_1 REQUEST: DATA_REGISTRATION_STATE length:8
04-14 20:42:57.656 D/RILC    (  370): SOCKET RIL_SOCKET_1 REQUEST: VOICE_REGISTRATION_STATE length:8
04-14 20:42:57.657 D/RILJ    ( 3447): [2740]> QUERY_NETWORK_SELECTION_MODE [SUB0]
04-14 20:42:57.658 D/RILC    (  370): SOCKET RIL_SOCKET_1 REQUEST: QUERY_NETWORK_SELECTION_MODE length:8
04-14 20:42:57.666 I/RILC    (  370): RIL_SOCKET_1 UNSOLICITED: RIL_UNSOL_LTE_REJECT_CAUSE length:16
04-14 20:42:57.666 E/RILC    (  370): Send Response to RIL_SOCKET_1
04-14 20:42:57.666 E/RILC    (  370): RIL Response bytes written:4
04-14 20:42:57.666 E/RILC    (  370): RIL Response bytes written:16
04-14 20:42:57.666 D/RILC    (  370): RequestComplete, RIL_SOCKET_1
04-14 20:42:57.667 E/RILC    (  370): Send Response to RIL_SOCKET_1
04-14 20:42:57.667 E/RILC    (  370): RIL Response bytes written:4
04-14 20:42:57.667 E/RILC    (  370): RIL Response bytes written:72
04-14 20:42:57.667 D/RILJ    ( 3447): [UNSL]< RIL_UNSOL_LTE_REJECT_CAUSE {15} [SUB0]
04-14 20:42:57.667 D/RILJ    ( 3447): [2737]< OPERATOR {Orange, Orange, 26003} [SUB0]
04-14 20:42:57.669 D/RILC    (  370): RequestComplete, RIL_SOCKET_1
04-14 20:42:57.669 E/RILC    (  370): Send Response to RIL_SOCKET_1
04-14 20:42:57.669 E/RILC    (  370): RIL Response bytes written:4
04-14 20:42:57.669 E/RILC    (  370): RIL Response bytes written:136
04-14 20:42:57.670 D/RILJ    ( 3447): [2739]< VOICE_REGISTRATION_STATE {1, dff2, 02bec826, 3, null, null, null, 0, null, null, 1, null, null, 0, 1d8} [SUB0]
04-14 20:42:57.671 D/PHONE   ( 3447): [ServiceState] setVoiceRegState=0
04-14 20:42:57.671 E/PHONE   ( 3447): [ServiceState] setState deprecated use setVoiceRegState()
04-14 20:42:57.671 D/GsmSST  ( 3447): [GsmSST] LOGRadioInfo : In Service
04-14 20:42:57.675 D/RILC    (  370): RequestComplete, RIL_SOCKET_1
04-14 20:42:57.675 E/RILC    (  370): Send Response to RIL_SOCKET_1
04-14 20:42:57.675 E/RILC    (  370): RIL Response bytes written:4
04-14 20:42:57.676 D/RILJ    ( 3447): [2738]< DATA_REGISTRATION_STATE {1, dff2, 02bec826, 11, null, 20, null, null, null, null, null, 0} [SUB0]
04-14 20:42:57.676 E/RILC    (  370): RIL Response bytes written:120
04-14 20:42:57.676 D/GsmSST  ( 3447): isSFROperators result = false
04-14 20:42:57.676 D/PHONE   ( 3447): [ServiceState] setDataRegState=0
04-14 20:42:57.676 D/PHONE   ( 3447): [ServiceState] setDataRadioTechnology=11
04-14 20:42:57.676 D/GsmSST  ( 3447): [GsmSST] LOGRadioInfo : In Service
04-14 20:42:57.676 D/GsmSST  ( 3447): [GsmSST] handlPollStateResultMessage: GsmSST setDataRegState=0 regState=1 dataRadioTechnology=11
04-14 20:42:57.676 I/RILC    (  370): RIL_SOCKET_1 UNSOLICITED: UNSOL_RESPONSE_VOICE_NETWORK_STATE_CHANGED length:8
04-14 20:42:57.676 E/RILC    (  370): Send Response to RIL_SOCKET_1
04-14 20:42:57.677 E/RILC    (  370): RIL Response bytes written:4
04-14 20:42:57.677 D/RILJ    ( 3447): [UNSL]< UNSOL_RESPONSE_VOICE_NETWORK_STATE_CHANGED [SUB0]
04-14 20:42:57.677 D/RILC    (  370): RequestComplete, RIL_SOCKET_1
04-14 20:42:57.677 E/RILC    (  370): RIL Response bytes written:8
04-14 20:42:57.677 E/RILC    (  370): Send Response to RIL_SOCKET_1
04-14 20:42:57.677 D/RILJ    ( 3447): [2741]> OPERATOR [SUB0]
04-14 20:42:57.677 E/RILC    (  370): RIL Response bytes written:4
04-14 20:42:57.677 E/RILC    (  370): RIL Response bytes written:20
04-14 20:42:57.677 D/RILJ    ( 3447): [2740]< QUERY_NETWORK_SELECTION_MODE {0} [SUB0]
04-14 20:42:57.679 D/RILJ    ( 3447): [2742]> DATA_REGISTRATION_STATE [SUB0]
04-14 20:42:57.679 D/RILC    (  370): SOCKET RIL_SOCKET_1 REQUEST: OPERATOR length:8
04-14 20:42:57.680 D/RILJ    ( 3447): [2743]> VOICE_REGISTRATION_STATE [SUB0]
04-14 20:42:57.680 D/RILJ    ( 3447): [2744]> QUERY_NETWORK_SELECTION_MODE [SUB0]
04-14 20:42:57.682 D/RILC    (  370): SOCKET RIL_SOCKET_1 REQUEST: DATA_REGISTRATION_STATE length:8
04-14 20:42:57.682 D/RILC    (  370): SOCKET RIL_SOCKET_1 REQUEST: VOICE_REGISTRATION_STATE length:8
04-14 20:42:57.683 D/RILC    (  370): SOCKET RIL_SOCKET_1 REQUEST: QUERY_NETWORK_SELECTION_MODE length:8
04-14 20:42:57.685 D/RILC    (  370): RequestComplete, RIL_SOCKET_1
04-14 20:42:57.685 E/RILC    (  370): Send Response to RIL_SOCKET_1
04-14 20:42:57.685 E/RILC    (  370): RIL Response bytes written:4
04-14 20:42:57.685 D/RILJ    ( 3447): [2744]< QUERY_NETWORK_SELECTION_MODE {0} [SUB0]
04-14 20:42:57.685 E/RILC    (  370): RIL Response bytes written:20
04-14 20:42:57.689 D/RILC    (  370): RequestComplete, RIL_SOCKET_1
04-14 20:42:57.689 E/RILC    (  370): Send Response to RIL_SOCKET_1
04-14 20:42:57.689 E/RILC    (  370): RIL Response bytes written:4
04-14 20:42:57.689 D/RILJ    ( 3447): [2742]< DATA_REGISTRATION_STATE {1, dff2, 02bec826, 11, null, 20, null, null, null, null, null, 0} [SUB0]
04-14 20:42:57.689 E/RILC    (  370): RIL Response bytes written:120
04-14 20:42:57.690 D/GsmSST  ( 3447): isSFROperators result = false
04-14 20:42:57.690 D/PHONE   ( 3447): [ServiceState] setDataRegState=0
04-14 20:42:57.690 D/PHONE   ( 3447): [ServiceState] setDataRadioTechnology=11
04-14 20:42:57.690 D/GsmSST  ( 3447): [GsmSST] LOGRadioInfo : In Service
04-14 20:42:57.690 D/GsmSST  ( 3447): [GsmSST] handlPollStateResultMessage: GsmSST setDataRegState=0 regState=1 dataRadioTechnology=11
04-14 20:42:57.696 D/RILC    (  370): RequestComplete, RIL_SOCKET_1
04-14 20:42:57.697 E/RILC    (  370): Send Response to RIL_SOCKET_1
04-14 20:42:57.697 E/RILC    (  370): RIL Response bytes written:4
04-14 20:42:57.697 E/RILC    (  370): RIL Response bytes written:136
04-14 20:42:57.697 D/RILJ    ( 3447): [2743]< VOICE_REGISTRATION_STATE {1, dff2, 02bec826, 3, null, null, null, 0, null, null, 1, null, null, 0, 1d8} [SUB0]
04-14 20:42:57.697 D/PHONE   ( 3447): [ServiceState] setVoiceRegState=0
04-14 20:42:57.697 E/PHONE   ( 3447): [ServiceState] setState deprecated use setVoiceRegState()
04-14 20:42:57.697 D/GsmSST  ( 3447): [GsmSST] LOGRadioInfo : In Service
04-14 20:42:57.698 D/RILC    (  370): RequestComplete, RIL_SOCKET_1
04-14 20:42:57.698 E/RILC    (  370): Send Response to RIL_SOCKET_1
04-14 20:42:57.699 E/RILC    (  370): RIL Response bytes written:4
04-14 20:42:57.699 D/RILJ    ( 3447): [2741]< OPERATOR {Orange, Orange, 26003} [SUB0]
04-14 20:42:57.700 E/RILC    (  370): RIL Response bytes written:72
04-14 20:42:57.703 D/GsmSST  ( 3447): [GsmSST] Poll ServiceState done:  oldSS=[0 0 voice home data home Orange Orange 26003 Orange Orange 26003  UMTS HSPAP CSS not supported -1 -1 RoamInd=-1 DefRoamInd=-1 EmergOnly=false IsDataRoamingFromRegistration=false mIsVoiceSearching=false mIsDataSearching=false mVoiceNetworkName=null mDataNetworkName=null Check64QAM0 Dual carrier0] newSS=[0 0 voice home data home Orange Orange 26003 Orange Orange 26003  UMTS HSPA CSS not supported -1 -1 RoamInd=-1 DefRoamInd=-1 EmergOnly=false IsDataRoamingFromRegistration=false mIsVoiceSearching=false mIsDataSearching=false mVoiceNetworkName=null mDataNetworkName=null Check64QAM0 Dual carrier0] oldMaxDataCalls=20 mNewMaxDataCalls=20 oldReasonDataDenied=-1 mNewReasonDataDenied=-1
04-14 20:42:57.703 D/PHONE   ( 3447): [ServiceState] setNullState=1
04-14 20:42:57.704 D/TelephonyManager( 3447): setTelephonyProperty: success phoneId=0 property=gsm.network.type value: UMTS propVal=UMTS
04-14 20:42:57.705 D/SIMRecords( 3447): [SIMRecords] getServiceProviderName: no brandOverride
04-14 20:42:57.705 D/SIMRecords( 3447): [SIMRecords] getServiceProviderName: providerName=Orange
04-14 20:42:57.705 D/SIMRecords( 3447): [SIMRecords] getServiceProviderName: no brandOverride
04-14 20:42:57.705 D/SIMRecords( 3447): [SIMRecords] getServiceProviderName: providerName=Orange
04-14 20:42:57.705 D/GSMPhoneEx( 3447): grandblue SpnMvno = Orange operator = 26003 simMcc  = 260 simMnc  = 03
04-14 20:42:57.705 D/GSMPhoneEx( 3447): grandblue after SpnMvno = Orange operator = 26003 simMcc  = 260 simMnc  = 03
04-14 20:42:57.706 D/TelephonyManager( 3447): setTelephonyProperty: success phoneId=0 property=gsm.operator.alpha value: Orange propVal=Orange
04-14 20:42:57.706 D/TelephonyManager( 3447): setTelephonyProperty: success phoneId=0 property=gsm.operator.numeric value: 26003 propVal=26003
04-14 20:42:57.707 D/TelephonyManager( 3447): setTelephonyProperty: success phoneId=0 property=gsm.operator.iso-country value: pl propVal=pl
04-14 20:42:57.708 D/GsmSST  ( 3447): [GsmSST] shouldFixTimeZoneNow: retVal=false iccCardExist=true operatorNumeric=26003 mcc=260 prevOperatorNumeric=26003 prevMcc=260 needToFixTimeZone=false ltod=04-14 20:42:57.708
04-14 20:42:57.708 D/TelephonyManager( 3447): setTelephonyProperty: success phoneId=0 property=gsm.operator.isroaming value: false propVal=false
04-14 20:42:57.708 D/TelephonyManager( 3447): setTelephonyProperty: success phoneId=0 property=ril.cdma.voiceinservice value: true propVal=true
04-14 20:42:57.709 D/GsmSST  ( 3447): [GsmSST] Broadcasting ServiceState : 0 0 voice home data home Orange Orange 26003 Orange Orange 26003  UMTS HSPA CSS not supported -1 -1 RoamInd=-1 DefRoamInd=-1 EmergOnly=false IsDataRoamingFromRegistration=false mIsVoiceSearching=false mIsDataSearching=false mVoiceNetworkName=null mDataNetworkName=null Check64QAM0 Dual carrier0
04-14 20:42:57.709 D/DefaultPhoneNotifier( 3447): nofityServiceState: mRegistry=com.android.internal.telephony.ITelephonyRegistry$Stub$Proxy@ced2ad0 ss=0 0 voice home data home Orange Orange 26003 Orange Orange 26003  UMTS HSPA CSS not supported -1 -1 RoamInd=-1 DefRoamInd=-1 EmergOnly=false IsDataRoamingFromRegistration=false mIsVoiceSearching=false mIsDataSearching=false mVoiceNetworkName=null mDataNetworkName=null Check64QAM0 Dual carrier0 sender=Handler (com.qti.internal.telephony.gsm.QtiGSMPhone) {560d91e} phondId=0 subId=2
04-14 20:42:57.720 D/SubscriptionManager( 1891): getSimStateForSubscriber: simState=5 slotIdx=0
04-14 20:42:57.721 D/GsmSST  ( 3447): [GsmSST] notifyDataRegStateRilRadioTechnologyChanged: drs=0 rat=11
04-14 20:42:57.721 D/TelephonyManager( 3447): setTelephonyProperty: success phoneId=0 property=gsm.network.type value: HSPA propVal=HSPA
04-14 20:42:57.723 D/QtiGsmDCT( 3447): [0]get all active apn types
04-14 20:42:57.723 D/DC-1    ( 3447): DcActiveState not handled msg.what=EVENT_DATA_CONNECTION_DRS_OR_RAT_CHANGED
04-14 20:42:57.723 D/DC-1    ( 3447): DcDefault msg=EVENT_DATA_CONNECTION_DRS_OR_RAT_CHANGED RefCount=1
04-14 20:42:57.723 D/DC-1    ( 3447): DcDefaultState: EVENT_DATA_CONNECTION_DRS_OR_RAT_CHANGED drs=0 mRilRat=11
04-14 20:42:57.723 D/QtiGsmDCT( 3447): [0]fetchDunApn: Ignore the dun apn in settings.db
04-14 20:42:57.728 D/QtiGsmDCT( 3447): [0]return link properites for default
04-14 20:42:57.731 D/QtiGsmDCT( 3447): [0]getDataEnabled: getIntWithSubId retVal=true
04-14 20:42:57.772 D/QtiGsmDCT( 3447): [0]fetchDunApn: config_tether_apndata dunSetting=null
04-14 20:42:57.772 D/DC-1    ( 3447): isInternetRequested = true
04-14 20:42:57.774 D/DC-1    ( 3447): DcActiveState not handled msg.what=REQ_GET_LINK_PROPERTIES
04-14 20:42:57.775 D/DC-1    ( 3447): DcDefault msg=REQ_GET_LINK_PROPERTIES RefCount=1
04-14 20:42:57.775 D/DC-1    ( 3447): REQ_GET_LINK_PROPERTIES linkProperties{InterfaceName: rmnet_data0 LinkAddresses: [2a00:f41:5022:fe22:fe48:4045:99d8:c4d/64,]  Routes: [::/0 -> fe80::a811:32b5:1d4d:1a72 rmnet_data0,] DnsAddresses: [2a01:1700:3:ffff::9822,2a01:1700:2:ffff::9f01,] Domains: null MTU: 1500 TcpBufferSizes: 40778,244668,3461120,16777,140625,3461120}
04-14 20:42:57.775 D/QtiGsmDCT( 3447): [0]get active pdp is not null, return NetworkCapabilities for default
04-14 20:42:57.775 D/DC-1    ( 3447): DcActiveState not handled msg.what=REQ_GET_NETWORK_CAPABILITIES
04-14 20:42:57.775 D/DC-1    ( 3447): DcDefault msg=REQ_GET_NETWORK_CAPABILITIES RefCount=1
04-14 20:42:57.776 D/QtiGsmDCT( 3447): [0]fetchDunApn: Ignore the dun apn in settings.db
04-14 20:42:57.809 D/QtiGsmDCT( 3447): [0]fetchDunApn: config_tether_apndata dunSetting=null
04-14 20:42:57.809 D/DC-1    ( 3447): isInternetRequested = true
04-14 20:42:57.809 D/DC-1    ( 3447): REQ_GET_NETWORK_CAPABILITIES networkCapabilities[ Transports: CELLULAR Capabilities: SUPL&DUN&INTERNET&NOT_RESTRICTED&TRUSTED&NOT_VPN LinkUpBandwidth>=5898Kbps LinkDnBandwidth>=14336Kbps Specifier: <2>]
04-14 20:42:57.810 D/QtiGsmDCT( 3447): [0]isDataPossible(default): possible=true isDataAllowed=true apnTypePossible=true apnContextisEnabled=true apnContextState()=CONNECTED
04-14 20:42:57.811 D/QtiGsmDCT( 3447): [0]get active apn string for type:default
04-14 20:42:57.811 D/DCT     ( 3447): [ApnContext:default] getApnSetting: apnSetting=[ApnSettingV3] Orange Internet, 695, 26003, internetipv6, , , , , , 1, default | dun | hipri | supl, IPV6, IP, true, 0, 0, 1, false, 0, 0, 0, 0, , , 0, , 
04-14 20:42:57.814 D/TelephonyRegistry( 1891): Notify data connection state changed on sub: 2
04-14 20:42:57.814 D/TelephonyRegistry( 1891): Notify data connection state changed on sub: 2
04-14 20:42:57.814 D/TelephonyRegistry( 1891): Notify data connection state changed on sub: 2
04-14 20:42:57.814 D/TelephonyRegistry( 1891): Notify data connection state changed on sub: 2
04-14 20:42:57.814 D/TelephonyRegistry( 1891): Notify data connection state changed on sub: 2
04-14 20:42:57.814 D/TelephonyRegistry( 1891): Notify data connection state changed on sub: 2
04-14 20:42:57.815 D/TelephonyRegistry( 1891): broadcastPreciseDataConnectionStateChanged():state=2, apnType=default, smCause=(0), reason=null
04-14 20:42:57.817 D/QtiGsmDCT( 3447): [0]QtiDcTracker handleMessage msg={ when=-94ms what=270377 obj=android.os.AsyncResult@543f479 target=com.qti.internal.telephony.dataconnection.QtiDcTracker }
04-14 20:42:57.817 D/QtiGsmDCT( 3447): [0]handleMessage msg={ when=-95ms what=270377 obj=android.os.AsyncResult@543f479 target=com.qti.internal.telephony.dataconnection.QtiDcTracker }
04-14 20:42:57.817 D/QtiGsmDCT( 3447): [0]onUpdateIcc: newIccRecords com.android.internal.telephony.uicc.SIMRecords
04-14 20:42:57.818 V/LG-FASTDORMANCY( 3447): [DCH/FACH] FDCount : 9 intent received :android.intent.action.SERVICE_STATE
04-14 20:42:57.818 E/PHONE   ( 3447): ServiceState.getRadioTechnology() DEPRECATED will be removed *******
04-14 20:42:57.818 I/LG-FASTDORMANCY( 3447): [DCH/FACH] FDCount : 9 Service State is changed : 0 0 voice home data home Orange Orange 26003 Orange Orange 26003  UMTS HSPA CSS not supported -1 -1 RoamInd=-1 DefRoamInd=-1 EmergOnly=false IsDataRoamingFromRegistration=false mIsVoiceSearching=false mIsDataSearching=false mVoiceNetworkName=null mDataNetworkName=null Check64QAM0 Dual carrier0
04-14 20:42:57.818 I/LG-FASTDORMANCY( 3447): [DCH/FACH] FDCount : 9 radioTech changed!! currenRT = 11 isChange?? true
04-14 20:42:57.819 I/LG-FASTDORMANCY( 3447): [DCH/FACH] FDCount : 9 Radio Tech changed.
04-14 20:42:57.820 D/LG-FASTDORMANCY( 3447): [DCH/FACH] FDCount : 9 isUMTS(): RadioTech(10)
04-14 20:42:57.820 D/GsmSST  ( 3447): [GsmSST] getCellLocation(): X good mCellLoc=[57330,46057510,472]
04-14 20:42:57.824 D/QtiGsmDCT( 3447): [0]getDataOnRoamingEnabled: phoneSubId=2 isDataRoamingEnabled=false
04-14 20:42:57.824 D/QtiGsmDCT( 3447): [0]getDataEnabled: getIntWithSubId retVal=true
04-14 20:42:57.828 D/QtiGsmDCT( 3447): [0]getDataEnabled: getIntWithSubId retVal=true
04-14 20:42:57.832 D/RILJ    ( 3447): [2745]> REQUEST_GET_NEIGHBORING_CELL_IDS [SUB0]
04-14 20:42:57.834 D/RILC    (  370): SOCKET RIL_SOCKET_1 REQUEST: GET_NEIGHBORING_CELL_IDS length:8
04-14 20:42:57.834 I/RILQ    (  370): (0/370):RIL[0][main] qcril_qmi_nas_get_neighboring_cell_ids: completed with 0
04-14 20:42:57.837 I/RILQ    (  370): (0/370):RIL[0][qmi_cb] qcril_qmi_nas_get_neighboring_cells_cb: .. qmi error 0, resultqmi  0, qmi transp_err 0, ril res 0
04-14 20:42:57.838 D/RILC    (  370): RequestComplete, RIL_SOCKET_1
04-14 20:42:57.838 E/RILC    (  370): Send Response to RIL_SOCKET_1
04-14 20:42:57.838 E/RILC    (  370): RIL Response bytes written:4
04-14 20:42:57.838 E/RILC    (  370): RIL Response bytes written:128
04-14 20:42:57.838 I/RILQ    (  370): (0/370):RIL[0][qmi_cb] qcril_qmi_nas_get_neighboring_cells_cb: completed with 0 with 4 entries
04-14 20:42:57.840 D/RILJ    ( 3447): [2745]< REQUEST_GET_NEIGHBORING_CELL_IDS {[[17e@-91]] [[14@-92]] [[126@-93]] [[3e@-121]] } [SUB0]
04-14 20:42:57.843 D/RILJ    ( 3447): [2746]> RIL_REQUEST_GET_CELL_INFO_LIST [SUB0]
04-14 20:42:57.844 D/RILC    (  370): SOCKET RIL_SOCKET_1 REQUEST: GET_CELL_INFO_LIST length:8
04-14 20:42:57.847 D/RILC    (  370): RequestComplete, RIL_SOCKET_1
04-14 20:42:57.847 E/RILC    (  370): Send Response to RIL_SOCKET_1
04-14 20:42:57.847 E/RILC    (  370): RIL Response bytes written:4
04-14 20:42:57.847 D/RILJ    ( 3447): [2746]< RIL_REQUEST_GET_CELL_INFO_LIST [CellInfoWcdma:{mRegistered=YES mTimeStampType=oem_ril mTimeStamp=45008949485429ns CellIdentityWcdma:{ mMcc=260 mMnc=3 mLac=57330 mCid=46057510 mPsc=472} CellSignalStrengthWcdma: ss=12 ber=99}, CellInfoWcdma:{mRegistered=NO mTimeStampType=oem_ril mTimeStamp=45008949485429ns CellIdentityWcdma:{ mMcc=2147483647 mMnc=2147483647 mLac=2147483647 mCid=2147483647 mPsc=382} CellSignalStrengthWcdma: ss=11 ber=99}, CellInfoWcdma:{mRegistered=NO mTimeStampType=oem_ril mTimeStamp=45008949485429ns CellIdentityWcdma:{ mMcc=2147483647 mMnc=2147483647 mLac=2147483647 mCid=2147483647 mPsc=20} CellSignalStrengthWcdma: ss=11 ber=99}, CellInfoWcdma:{mRegistered=NO mTimeStampType=oem_ril mTimeStamp=45008949485429ns CellIdentityWcdma:{ mMcc=2147483647 mMnc=2147483647 mLac=2147483647 mCid=2147483647 mPsc=294} CellSignalStrengthWcdma: ss=10 ber=99}, CellInfoWcdma:{mRegistered=NO mTimeStampType=oem_ril mTimeStamp=45008949485429ns CellIdentityWcdma:{ mMcc=2147483647 mMnc=2147483647 mLac=2147483647 mCid=2147483647 mPsc=62} CellSignalStrengthWcdma: ss=0 ber=99}] [SUB0]
04-14 20:42:57.847 E/RILC    (  370): RIL Response bytes written:256
04-14 20:42:57.849 D/GsmSST  ( 3447): [GsmSST] SST.getAllCellInfo(): X size=5 list=[CellInfoWcdma:{mRegistered=YES mTimeStampType=oem_ril mTimeStamp=45008949485429ns CellIdentityWcdma:{ mMcc=260 mMnc=3 mLac=57330 mCid=46057510 mPsc=472} CellSignalStrengthWcdma: ss=12 ber=99}, CellInfoWcdma:{mRegistered=NO mTimeStampType=oem_ril mTimeStamp=45008949485429ns CellIdentityWcdma:{ mMcc=2147483647 mMnc=2147483647 mLac=2147483647 mCid=2147483647 mPsc=382} CellSignalStrengthWcdma: ss=11 ber=99}, CellInfoWcdma:{mRegistered=NO mTimeStampType=oem_ril mTimeStamp=45008949485429ns CellIdentityWcdma:{ mMcc=2147483647 mMnc=2147483647 mLac=2147483647 mCid=2147483647 mPsc=20} CellSignalStrengthWcdma: ss=11 ber=99}, CellInfoWcdma:{mRegistered=NO mTimeStampType=oem_ril mTimeStamp=45008949485429ns CellIdentityWcdma:{ mMcc=2147483647 mMnc=2147483647 mLac=2147483647 mCid=2147483647 mPsc=294} CellSignalStrengthWcdma: ss=10 ber=99}, CellInfoWcdma:{mRegistered=NO mTimeStampType=oem_ril mTimeStamp=45008949485429ns CellIdentityWcdma:{ mMcc=2147483647 mMnc=2147483647 mLac=2147483647 mCid=2147483647 mPsc=62} CellSignalStrengthWcdma: ss=0 ber=99}]
04-14 20:42:57.855 D/GsmSST  ( 3447): [GsmSST] getCellLocation(): X good mCellLoc=[57330,46057510,472]
04-14 20:42:57.957 D/QtiGsmDCT( 3447): [0]updateDataActivity: curTxRxSum={txSum=184573 rxSum=224569} preTxRxSum={txSum=184573 rxSum=224569}
04-14 20:42:57.958 D/QtiGsmDCT( 3447): [0]updateDataActivity: sent=0 received=0
04-14 20:42:58.023 V/LG-FASTDORMANCY( 3447): [DCH/FACH] FDCount : 9 intent received :com.android.internal.telephony.ACTION_CHECK_NETSTAT
04-14 20:42:58.025 V/LG-FASTDORMANCY( 3447): [DCH/FACH] FDCount : 9 prev: TxPkts(184573), RxPkts(224569)
04-14 20:42:58.025 V/LG-FASTDORMANCY( 3447): [DCH/FACH] FDCount : 9 curr: TxPkts(184573), RxPkts(224569)
04-14 20:42:58.026 I/LG-FASTDORMANCY( 3447): [DCH/FACH] FDCount : 10 Scheduling checkNetStat for 1000msec, current state is [DCH/FACH] FDCount : 10 
04-14 20:42:58.961 D/QtiGsmDCT( 3447): [0]updateDataActivity: curTxRxSum={txSum=184573 rxSum=224569} preTxRxSum={txSum=184573 rxSum=224569}
04-14 20:42:58.962 D/QtiGsmDCT( 3447): [0]updateDataActivity: sent=0 received=0
04-14 20:42:59.030 V/LG-FASTDORMANCY( 3447): [DCH/FACH] FDCount : 10 intent received :com.android.internal.telephony.ACTION_CHECK_NETSTAT
04-14 20:42:59.035 V/LG-FASTDORMANCY( 3447): [DCH/FACH] FDCount : 10 prev: TxPkts(184573), RxPkts(224569)
04-14 20:42:59.035 V/LG-FASTDORMANCY( 3447): [DCH/FACH] FDCount : 10 curr: TxPkts(184573), RxPkts(224569)
04-14 20:42:59.036 V/LG-FASTDORMANCY( 3447): [DCH/FACH] FDCount : 11 isRetryNeeded(): mRetryCount: 0, MaxRetry: 1
04-14 20:42:59.040 D/LG-FASTDORMANCY( 3447): [DCH/FACH] FDCount : 11 isUMTS(): RadioTech(10)
04-14 20:42:59.040 D/LG-FASTDORMANCY( 3447): [DCH/FACH] FDCount : 11 triggerGoDormant() using qcRilGoDormant with GO_DORMANT_INTERFACE_ALL
04-14 20:42:59.043 E/RILQ    (  370): (0/370): RIL[0][oem_socket0] void qcril_qmi_generic_socket_agent::recv_thread_func(): read 4 bytes length message with length 28
04-14 20:42:59.044 E/RILQ    (  370): (0/370): RIL[0][oem_socket0] qcril_data_iface_go_dormant:  binding v6 handle to IPV6 family failed rc=-1, qmi_err=0
04-14 20:42:59.046 E/RILQ    (  370): (0/370): RIL[0][oem_socket0] qcril_data_process_qcrilhook_go_dormant: invalid dev_instance [-1] derived for index [1]
04-14 20:42:59.046 E/RILQ    (  370): (0/370): RIL[0][oem_socket0] qcril_data_process_qcrilhook_go_dormant: invalid dev_instance [-1] derived for index [2]
04-14 20:42:59.046 E/RILQ    (  370): (0/370): RIL[0][oem_socket0] qcril_data_process_qcrilhook_go_dormant: invalid dev_instance [-1] derived for index [3]
04-14 20:42:59.046 E/RILQ    (  370): (0/370): RIL[0][oem_socket0] qcril_data_process_qcrilhook_go_dormant: invalid dev_instance [-1] derived for index [4]
04-14 20:42:59.046 E/RILQ    (  370): (0/370): RIL[0][oem_socket0] qcril_data_process_qcrilhook_go_dormant: invalid dev_instance [-1] derived for index [5]
04-14 20:42:59.046 E/RILQ    (  370): (0/370): RIL[0][oem_socket0] qcril_data_process_qcrilhook_go_dormant: invalid dev_instance [-1] derived for index [6]
04-14 20:42:59.046 E/RILQ    (  370): (0/370): RIL[0][oem_socket0] qcril_data_process_qcrilhook_go_dormant: invalid dev_instance [-1] derived for index [7]
04-14 20:42:59.046 E/RILQ    (  370): (0/370): RIL[0][oem_socket0] qcril_data_process_qcrilhook_go_dormant: invalid dev_instance [-1] derived for index [8]
04-14 20:42:59.047 E/RILQ    (  370): (0/370): RIL[0][oem_socket0] qcril_data_process_qcrilhook_go_dormant: invalid dev_instance [-1] derived for index [9]
04-14 20:42:59.047 E/RILQ    (  370): (0/370): RIL[0][oem_socket0] qcril_data_process_qcrilhook_go_dormant: invalid dev_instance [-1] derived for index [10]
04-14 20:42:59.047 E/RILQ    (  370): (0/370): RIL[0][oem_socket0] qcril_data_process_qcrilhook_go_dormant: invalid dev_instance [-1] derived for index [11]
04-14 20:42:59.047 E/RILQ    (  370): (0/370): RIL[0][oem_socket0] qcril_data_process_qcrilhook_go_dormant: invalid dev_instance [-1] derived for index [12]
04-14 20:42:59.047 E/RILQ    (  370): (0/370): RIL[0][oem_socket0] qcril_data_process_qcrilhook_go_dormant: invalid dev_instance [-1] derived for index [13]
04-14 20:42:59.047 E/RILQ    (  370): (0/370): RIL[0][oem_socket0] qcril_data_process_qcrilhook_go_dormant: invalid dev_instance [-1] derived for index [14]
04-14 20:42:59.047 E/RILQ    (  370): (0/370): RIL[0][oem_socket0] qcril_data_process_qcrilhook_go_dormant: invalid dev_instance [-1] derived for index [15]
04-14 20:42:59.047 E/RILQ    (  370): (0/370): RIL[0][oem_socket0] qcril_data_process_qcrilhook_go_dormant: invalid dev_instance [-1] derived for index [16]
04-14 20:42:59.047 E/RILQ    (  370): (0/370): RIL[0][oem_socket0] qcril_data_process_qcrilhook_go_dormant: invalid dev_instance [-1] derived for index [17]
04-14 20:42:59.047 E/RILQ    (  370): (0/370): RIL[0][oem_socket0] qcril_data_process_qcrilhook_go_dormant: invalid dev_instance [-1] derived for index [18]
04-14 20:42:59.047 E/RILQ    (  370): (0/370): RIL[0][oem_socket0] qcril_data_process_qcrilhook_go_dormant: invalid dev_instance [-1] derived for index [19]
04-14 20:42:59.049 V/LG-FASTDORMANCY( 3447): [DCH/FACH] FDCount : 0 increaseCount(): mRetryCount: 1
04-14 20:42:59.049 I/LG-FASTDORMANCY( 3447): [DCH/FACH] FDCount : 0 Scheduling checkNetStat for 1000msec, current state is [DCH/FACH] FDCount : 0 
04-14 20:42:59.149 I/RILC    (  370): RIL_SOCKET_1 UNSOLICITED: RIL_UNSOL_LTE_REJECT_CAUSE length:16
04-14 20:42:59.150 E/RILC    (  370): Send Response to RIL_SOCKET_1
04-14 20:42:59.150 E/RILC    (  370): RIL Response bytes written:4
04-14 20:42:59.150 D/RILJ    ( 3447): [UNSL]< RIL_UNSOL_LTE_REJECT_CAUSE {15} [SUB0]
04-14 20:42:59.150 E/RILC    (  370): RIL Response bytes written:16
04-14 20:42:59.151 I/RILC    (  370): RIL_SOCKET_1 UNSOLICITED: UNSOL_OEM_HOOK_RAW length:32
04-14 20:42:59.151 E/RILC    (  370): Send Response to RIL_SOCKET_1
04-14 20:42:59.151 E/RILC    (  370): RIL Response bytes written:4
04-14 20:42:59.151 E/RILC    (  370): RIL Response bytes written:32
04-14 20:42:59.154 I/RILC    (  370): RIL_SOCKET_1 UNSOLICITED: UNSOL_RESPONSE_VOICE_NETWORK_STATE_CHANGED length:8
04-14 20:42:59.154 E/RILC    (  370): Send Response to RIL_SOCKET_1
04-14 20:42:59.154 E/RILC    (  370): RIL Response bytes written:4
04-14 20:42:59.154 E/RILC    (  370): RIL Response bytes written:8
04-14 20:42:59.154 V/RILJ    ( 3447): [UNSL]< UNSOL_OEM_HOOK_RAW 514f454d484f4f4bef0308000100000002 [SUB0]
04-14 20:42:59.154 D/RILJ    ( 3447): Oem ID in RIL_UNSOL_OEM_HOOK_RAW is QOEMHOOK
04-14 20:42:59.154 D/RILJ    ( 3447): OEM ID check Passed
04-14 20:42:59.154 D/RILJ    ( 3447): Response ID in RIL_UNSOL_OEM_HOOK_RAW is 525295
04-14 20:42:59.154 D/RILJ    ( 3447): Response ID 525295 is not served in this process.
04-14 20:42:59.154 D/RILJ    ( 3447): [UNSL]< UNSOL_RESPONSE_VOICE_NETWORK_STATE_CHANGED [SUB0]
04-14 20:42:59.154 D/RILJ    ( 3447): [2747]> OPERATOR [SUB0]
04-14 20:42:59.156 D/RILJ    ( 3447): [2748]> DATA_REGISTRATION_STATE [SUB0]
04-14 20:42:59.156 D/RILC    (  370): SOCKET RIL_SOCKET_1 REQUEST: OPERATOR length:8
04-14 20:42:59.157 D/RILJ    ( 3447): [2749]> VOICE_REGISTRATION_STATE [SUB0]
04-14 20:42:59.158 D/RILJ    ( 3447): [2750]> QUERY_NETWORK_SELECTION_MODE [SUB0]
04-14 20:42:59.158 D/RILC    (  370): SOCKET RIL_SOCKET_1 REQUEST: DATA_REGISTRATION_STATE length:8
04-14 20:42:59.159 D/RILC    (  370): SOCKET RIL_SOCKET_1 REQUEST: VOICE_REGISTRATION_STATE length:8
04-14 20:42:59.161 D/RILC    (  370): SOCKET RIL_SOCKET_1 REQUEST: QUERY_NETWORK_SELECTION_MODE length:8
04-14 20:42:59.162 I/RILC    (  370): RIL_SOCKET_1 UNSOLICITED: UNSOL_DATA_CALL_LIST_CHANGED length:428
04-14 20:42:59.162 E/RILC    (  370): Send Response to RIL_SOCKET_1
04-14 20:42:59.162 E/RILC    (  370): RIL Response bytes written:4
04-14 20:42:59.162 E/RILC    (  370): RIL Response bytes written:428
04-14 20:42:59.162 D/RILJ    ( 3447): responseDataCallList ver=11 num=1 [SUB0]
04-14 20:42:59.162 D/RILJ    ( 3447): getDataCallResponse before ver=11 [SUB0]
04-14 20:42:59.162 D/RILJ    ( 3447): [UNSL]< UNSOL_DATA_CALL_LIST_CHANGED [DataCallResponse: {version=11 status=0 retry=-1 cid=0 active=1 type=IPV6 ifname=rmnet_data0 mtu=1500 addresses=[2a00:0f41:5022:fe22:fe48:4045:99d8:0c4d/64] dnses=[2a01:1700:0003:ffff:0000:0000:0000:9822,2a01:1700:0002:ffff:0000:0000:0000:9f01] gateways=[fe80:0000:0000:0000:a811:32b5:1d4d:1a72] pcscf=[]}] [SUB0]
04-14 20:42:59.163 I/LG-FASTDORMANCY( 3447): [DCH/FACH] FDCount : 0 Data call list changed.
04-14 20:42:59.163 D/QtiGsmDCT( 3447): [0]QtiDcTracker handleMessage msg={ when=0 what=270340 obj=android.os.AsyncResult@10225be target=com.qti.internal.telephony.dataconnection.QtiDcTracker }
04-14 20:42:59.163 I/LG-FASTDORMANCY( 3447): [DCH/FACH] FDCount : 0 [DataCallResponse: {version=11 status=0 retry=-1 cid=0 active=1 type=IPV6 ifname=rmnet_data0 mtu=1500 addresses=[2a00:0f41:5022:fe22:fe48:4045:99d8:0c4d/64] dnses=[2a01:1700:0003:ffff:0000:0000:0000:9822,2a01:1700:0002:ffff:0000:0000:0000:9f01] gateways=[fe80:0000:0000:0000:a811:32b5:1d4d:1a72] pcscf=[]}]
04-14 20:42:59.163 D/QtiGsmDCT( 3447): [0]handleMessage msg={ when=0 what=270340 obj=android.os.AsyncResult@10225be target=com.qti.internal.telephony.dataconnection.QtiDcTracker }
04-14 20:42:59.163 I/LG-FASTDORMANCY( 3447): [DCH/FACH] FDCount : 0 prev:[DCH/FACH] FDCount : 0 , curr:true
04-14 20:42:59.163 E/DATA    ( 3447): Unidentified event msg={ when=0 what=270340 obj=android.os.AsyncResult@10225be target=com.qti.internal.telephony.dataconnection.QtiDcTracker }
04-14 20:42:59.164 D/QtiGsmDCT( 3447): [0]fetchDunApn: Ignore the dun apn in settings.db
04-14 20:42:59.165 D/LG-FASTDORMANCY( 3447): [DCH/FACH] FDCount : 0 isUMTS(): RadioTech(10)
04-14 20:42:59.165 D/LG-FASTDORMANCY( 3447): [DCH/FACH] FDCount : 0 Exit from DCH or FACH State
04-14 20:42:59.165 D/LG-FASTDORMANCY( 3447): [IDLE] Enter to IDLE State
04-14 20:42:59.166 D/LG-FASTDORMANCY( 3447): [IDLE] isUMTS(): RadioTech(10)
04-14 20:42:59.166 D/LG-FASTDORMANCY( 3447): [IDLE] resetAll()
04-14 20:42:59.168 D/RILC    (  370): RequestComplete, RIL_SOCKET_1
04-14 20:42:59.168 E/RILC    (  370): Send Response to RIL_SOCKET_1
04-14 20:42:59.169 E/RILC    (  370): RIL Response bytes written:4
04-14 20:42:59.169 D/RILJ    ( 3447): [2748]< DATA_REGISTRATION_STATE {1, dff2, 02bec826, 11, null, 20, null, null, null, null, null, 0} [SUB0]
04-14 20:42:59.170 D/GsmSST  ( 3447): isSFROperators result = false
04-14 20:42:59.170 D/PHONE   ( 3447): [ServiceState] setDataRegState=0
04-14 20:42:59.170 D/PHONE   ( 3447): [ServiceState] setDataRadioTechnology=11
04-14 20:42:59.170 D/GsmSST  ( 3447): [GsmSST] LOGRadioInfo : In Service
04-14 20:42:59.170 D/GsmSST  ( 3447): [GsmSST] handlPollStateResultMessage: GsmSST setDataRegState=0 regState=1 dataRadioTechnology=11
04-14 20:42:59.170 E/RILC    (  370): RIL Response bytes written:120
04-14 20:42:59.172 V/LG-FASTDORMANCY( 3447): [IDLE] prev: TxPkts(184573), RxPkts(224569)
04-14 20:42:59.172 V/LG-FASTDORMANCY( 3447): [IDLE] curr: TxPkts(184573), RxPkts(224569)
04-14 20:42:59.173 V/LG-FASTDORMANCY( 3447): [IDLE] resetCount(): mRetryCount: 0
04-14 20:42:59.179 D/RILC    (  370): RequestComplete, RIL_SOCKET_1
04-14 20:42:59.179 E/RILC    (  370): Send Response to RIL_SOCKET_1
04-14 20:42:59.179 E/RILC    (  370): RIL Response bytes written:4
04-14 20:42:59.179 E/RILC    (  370): RIL Response bytes written:72
04-14 20:42:59.181 D/RILC    (  370): RequestComplete, RIL_SOCKET_1
04-14 20:42:59.181 E/RILC    (  370): Send Response to RIL_SOCKET_1
04-14 20:42:59.181 E/RILC    (  370): RIL Response bytes written:4
04-14 20:42:59.181 E/RILC    (  370): RIL Response bytes written:136
04-14 20:42:59.183 D/RILJ    ( 3447): [2747]< OPERATOR {Orange, Orange, 26003} [SUB0]
04-14 20:42:59.183 D/RILC    (  370): RequestComplete, RIL_SOCKET_1
04-14 20:42:59.183 E/RILC    (  370): Send Response to RIL_SOCKET_1
04-14 20:42:59.183 E/RILC    (  370): RIL Response bytes written:4
04-14 20:42:59.183 E/RILC    (  370): RIL Response bytes written:20
04-14 20:42:59.183 D/RILJ    ( 3447): [2749]< VOICE_REGISTRATION_STATE {1, dff2, 02bec826, 3, null, null, null, 0, null, null, 1, null, null, 0, 1d8} [SUB0]
04-14 20:42:59.183 D/RILJ    ( 3447): [2750]< QUERY_NETWORK_SELECTION_MODE {0} [SUB0]
04-14 20:42:59.184 D/PHONE   ( 3447): [ServiceState] setVoiceRegState=0
04-14 20:42:59.184 E/PHONE   ( 3447): [ServiceState] setState deprecated use setVoiceRegState()
04-14 20:42:59.184 D/GsmSST  ( 3447): [GsmSST] LOGRadioInfo : In Service
04-14 20:42:59.188 D/GsmSST  ( 3447): [GsmSST] Poll ServiceState done:  oldSS=[0 0 voice home data home Orange Orange 26003 Orange Orange 26003  UMTS HSPA CSS not supported -1 -1 RoamInd=-1 DefRoamInd=-1 EmergOnly=false IsDataRoamingFromRegistration=false mIsVoiceSearching=false mIsDataSearching=false mVoiceNetworkName=null mDataNetworkName=null Check64QAM0 Dual carrier0] newSS=[0 0 voice home data home Orange Orange 26003 Orange Orange 26003  UMTS HSPA CSS not supported -1 -1 RoamInd=-1 DefRoamInd=-1 EmergOnly=false IsDataRoamingFromRegistration=false mIsVoiceSearching=false mIsDataSearching=false mVoiceNetworkName=null mDataNetworkName=null Check64QAM0 Dual carrier0] oldMaxDataCalls=20 mNewMaxDataCalls=20 oldReasonDataDenied=-1 mNewReasonDataDenied=-1
04-14 20:42:59.188 D/PHONE   ( 3447): [ServiceState] setNullState=1
04-14 20:42:59.212 D/QtiGsmDCT( 3447): [0]fetchDunApn: config_tether_apndata dunSetting=null
04-14 20:42:59.212 D/DC-1    ( 3447): isInternetRequested = true
04-14 20:42:59.213 D/Dcc     ( 3447): onDataStateChanged: dcsList=[DataCallResponse: {version=11 status=0 retry=-1 cid=0 active=1 type=IPV6 ifname=rmnet_data0 mtu=1500 addresses=[2a00:0f41:5022:fe22:fe48:4045:99d8:0c4d/64] dnses=[2a01:1700:0003:ffff:0000:0000:0000:9822,2a01:1700:0002:ffff:0000:0000:0000:9f01] gateways=[fe80:0000:0000:0000:a811:32b5:1d4d:1a72] pcscf=[]}] mDcListActiveByCid={0={DC-1: State=DcActiveState mApnSetting=[ApnSettingV3] Orange Internet, 695, 26003, internetipv6, , , , , , 1, default | dun | hipri | supl, IPV6, IP, true, 0, 0, 1, false, 0, 0, 0, 0, , , 0, ,  RefCount=1 mCid=0 mCreateTime=-1 mLastastFailTime=-1 mLastFailCause=NONE mTag=10 mRetryManager=RetryManager: { forever=false maxRetry=10 curMaxRetry=0 retry=0 config={default_randomization=2000,5000,10000,20000,40000,80000:5000,160000:5000,320000:5000,640000:5000,1280000:5000,1800000:5000} retryArray={5000:2000 10000:2000 20000:2000 40000:2000 80000:5000 160000:5000 320000:5000 640000:5000 1280000:5000 1800000:5000 }} mLinkProperties={InterfaceName: rmnet_data0 LinkAddresses: [2a00:f41:5022:fe22:fe48:4045:99d8:c4d/64,]  Routes: [::/0 -> fe80::a811:32b5:1d4d:1a72 rmnet_data0,] DnsAddresses: [2a01:1700:3:ffff::9822,2a01:1700:2:ffff::9f01,] Domains: null MTU: 1500 TcpBufferSizes: 40778,244668,3461120,16777,140625,3461120} linkCapabilities=[ Transports: CELLULAR Capabilities: SUPL&DUN&INTERNET&NOT_RESTRICTED&TRUSTED&NOT_VPN LinkUpBandwidth>=5898Kbps LinkDnBandwidth>=14336Kbps Specifier: <2>] mApnContexts=[{mApnType=default mState=CONNECTED mWaitingApns={[[ApnSettingV3] Orange Internet, 695, 26003, internetipv6, , , , , , 1, default | dun | hipri | supl, IPV6, IP, true, 0, 0, 1, false, 0, 0, 0, 0, , , 0, , ]} mWaitingApnsPermanentFailureCountDown=1 mApnSetting={[ApnSettingV3] Orange Internet, 695, 26003, internetipv6, , , , , , 1, default | dun | hipri | supl, IPV6, IP, true, 0, 0, 1, false, 0, 0, 0, 0, , , 0, , } mReason=connected mDataEnabled=true mDependencyMet=true}]}}
04-14 20:42:59.213 D/Dcc     ( 3447): onDataStateChanged: dcsToRetry=[]
04-14 20:42:59.213 D/Dcc     ( 3447): onDataStateChanged: Found ConnId=0 newState=DataCallResponse: {version=11 status=0 retry=-1 cid=0 active=1 type=IPV6 ifname=rmnet_data0 mtu=1500 addresses=[2a00:0f41:5022:fe22:fe48:4045:99d8:0c4d/64] dnses=[2a01:1700:0003:ffff:0000:0000:0000:9822,2a01:1700:0002:ffff:0000:0000:0000:9f01] gateways=[fe80:0000:0000:0000:a811:32b5:1d4d:1a72] pcscf=[]}
04-14 20:42:59.213 D/DataCallResponse( 3447): addr/pl=2a00:0f41:5022:fe22:fe48:4045:99d8:0c4d/64
04-14 20:42:59.213 D/DC-1    ( 3447): MTU set by call response to: 1500
04-14 20:42:59.213 D/Dcc     ( 3447): onDataStateChanged: no change
04-14 20:42:59.213 D/Dcc     ( 3447): onDataStateChanged: Data Activity updated to DORMANT. stopNetStatePoll
04-14 20:42:59.213 D/Dcc     ( 3447): onDataStateChanged: Skip stopNetStatPoll
04-14 20:42:59.213 D/Dcc     ( 3447): onDataStateChanged: dcsToRetry=[] apnsToCleanup=[]
04-14 20:42:59.213 D/Dcc     ( 3447): onDataStateChanged: X
04-14 20:42:59.966 D/QtiGsmDCT( 3447): [0]updateDataActivity: curTxRxSum={txSum=184573 rxSum=224569} preTxRxSum={txSum=184573 rxSum=224569}
04-14 20:42:59.966 D/QtiGsmDCT( 3447): [0]updateDataActivity: sent=0 received=0
04-14 20:43:00.971 D/QtiGsmDCT( 3447): [0]updateDataActivity: curTxRxSum={txSum=184573 rxSum=224569} preTxRxSum={txSum=184573 rxSum=224569}
04-14 20:43:00.971 D/QtiGsmDCT( 3447): [0]updateDataActivity: sent=0 received=0
04-14 20:43:01.975 D/QtiGsmDCT( 3447): [0]updateDataActivity: curTxRxSum={txSum=184573 rxSum=224569} preTxRxSum={txSum=184573 rxSum=224569}
04-14 20:43:01.975 D/QtiGsmDCT( 3447): [0]updateDataActivity: sent=0 received=0
04-14 20:43:02.152 I/RILC    (  370): RIL_SOCKET_1 UNSOLICITED: UNSOL_SIGNAL_STRENGTH length:68
04-14 20:43:02.152 E/RILC    (  370): Send Response to RIL_SOCKET_1
04-14 20:43:02.152 E/RILC    (  370): RIL Response bytes written:4
04-14 20:43:02.152 E/RILC    (  370): RIL Response bytes written:68
04-14 20:43:02.153 D/GsmSST  ( 3447): [GsmSST] ServiceStateTrackerEx:onSignalStrengthResult() isGsm=true DataRadioTech=11
04-14 20:43:02.153 W/LGSignalStrength( 3447): setDataRadioTechnology: dataRadioTechnology = 11
04-14 20:43:02.153 D/DefaultPhoneNotifier( 3447): notifySignalStrength: mRegistry=com.android.internal.telephony.ITelephonyRegistry$Stub$Proxy@ced2ad0 ss=SignalStrength: 10 0 -93 -120 -120 -1 -1 99 2147483647 2147483647 2147483647 2147483647 2147483647 gsm|lte 11 0 -93 -120 sender=Handler (com.qti.internal.telephony.gsm.QtiGSMPhone) {560d91e}
04-14 20:43:02.166 D/QtiGsmDCT( 3447): [0]getDataEnabled: getIntWithSubId retVal=true
04-14 20:43:02.979 D/QtiGsmDCT( 3447): [0]updateDataActivity: curTxRxSum={txSum=184573 rxSum=224569} preTxRxSum={txSum=184573 rxSum=224569}
04-14 20:43:02.979 D/QtiGsmDCT( 3447): [0]updateDataActivity: sent=0 received=0
04-14 20:43:03.984 D/QtiGsmDCT( 3447): [0]updateDataActivity: curTxRxSum={txSum=184573 rxSum=224569} preTxRxSum={txSum=184573 rxSum=224569}
04-14 20:43:03.984 D/QtiGsmDCT( 3447): [0]updateDataActivity: sent=0 received=0
04-14 20:43:04.988 D/QtiGsmDCT( 3447): [0]updateDataActivity: curTxRxSum={txSum=184573 rxSum=224569} preTxRxSum={txSum=184573 rxSum=224569}
04-14 20:43:04.988 D/QtiGsmDCT( 3447): [0]updateDataActivity: sent=0 received=0
04-14 20:43:05.993 D/QtiGsmDCT( 3447): [0]updateDataActivity: curTxRxSum={txSum=184573 rxSum=224569} preTxRxSum={txSum=184573 rxSum=224569}
04-14 20:43:05.993 D/QtiGsmDCT( 3447): [0]updateDataActivity: sent=0 received=0
04-14 20:43:06.997 D/QtiGsmDCT( 3447): [0]updateDataActivity: curTxRxSum={txSum=184573 rxSum=224569} preTxRxSum={txSum=184573 rxSum=224569}
04-14 20:43:06.997 D/QtiGsmDCT( 3447): [0]updateDataActivity: sent=0 received=0
04-14 20:43:08.001 D/QtiGsmDCT( 3447): [0]updateDataActivity: curTxRxSum={txSum=184573 rxSum=224569} preTxRxSum={txSum=184573 rxSum=224569}
04-14 20:43:08.001 D/QtiGsmDCT( 3447): [0]updateDataActivity: sent=0 received=0
04-14 20:43:09.005 D/QtiGsmDCT( 3447): [0]updateDataActivity: curTxRxSum={txSum=184573 rxSum=224569} preTxRxSum={txSum=184573 rxSum=224569}
04-14 20:43:09.005 D/QtiGsmDCT( 3447): [0]updateDataActivity: sent=0 received=0
04-14 20:43:10.009 D/QtiGsmDCT( 3447): [0]updateDataActivity: curTxRxSum={txSum=184573 rxSum=224569} preTxRxSum={txSum=184573 rxSum=224569}
04-14 20:43:10.009 D/QtiGsmDCT( 3447): [0]updateDataActivity: sent=0 received=0
04-14 20:43:11.016 D/QtiGsmDCT( 3447): [0]updateDataActivity: curTxRxSum={txSum=184577 rxSum=224569} preTxRxSum={txSum=184573 rxSum=224569}
04-14 20:43:11.016 D/QtiGsmDCT( 3447): [0]updateDataActivity: sent=4 received=0
04-14 20:43:11.016 D/QtiGsmDCT( 3447): [0]updateDataActivity: newActivity=DATAOUT
04-14 20:43:11.026 D/QtiGsmDCT( 3447): [0]getDataEnabled: getIntWithSubId retVal=true
04-14 20:43:11.542 I/RILC    (  370): RIL_SOCKET_1 UNSOLICITED: UNSOL_SIGNAL_STRENGTH length:68
04-14 20:43:11.542 E/RILC    (  370): Send Response to RIL_SOCKET_1
04-14 20:43:11.542 E/RILC    (  370): RIL Response bytes written:4
04-14 20:43:11.542 E/RILC    (  370): RIL Response bytes written:68
04-14 20:43:11.543 D/GsmSST  ( 3447): [GsmSST] ServiceStateTrackerEx:onSignalStrengthResult() isGsm=true DataRadioTech=11
04-14 20:43:11.543 W/LGSignalStrength( 3447): setDataRadioTechnology: dataRadioTechnology = 11
04-14 20:43:11.544 D/DefaultPhoneNotifier( 3447): notifySignalStrength: mRegistry=com.android.internal.telephony.ITelephonyRegistry$Stub$Proxy@ced2ad0 ss=SignalStrength: 13 0 -88 -95 -120 -1 -1 99 2147483647 2147483647 2147483647 2147483647 2147483647 gsm|lte 11 0 -88 -95 sender=Handler (com.qti.internal.telephony.gsm.QtiGSMPhone) {560d91e}
04-14 20:43:11.570 D/QtiGsmDCT( 3447): [0]getDataEnabled: getIntWithSubId retVal=true
04-14 20:43:11.993 I/RILC    (  370): RIL_SOCKET_1 UNSOLICITED: RIL_UNSOL_LTE_REJECT_CAUSE length:16
04-14 20:43:11.993 E/RILC    (  370): Send Response to RIL_SOCKET_1
04-14 20:43:11.994 E/RILC    (  370): RIL Response bytes written:4
04-14 20:43:11.994 D/RILJ    ( 3447): [UNSL]< RIL_UNSOL_LTE_REJECT_CAUSE {15} [SUB0]
04-14 20:43:11.994 E/RILC    (  370): RIL Response bytes written:16
04-14 20:43:11.995 I/RILC    (  370): RIL_SOCKET_1 UNSOLICITED: UNSOL_OEM_HOOK_RAW length:32
04-14 20:43:11.995 E/RILC    (  370): Send Response to RIL_SOCKET_1
04-14 20:43:11.996 E/RILC    (  370): RIL Response bytes written:4
04-14 20:43:11.996 V/RILJ    ( 3447): [UNSL]< UNSOL_OEM_HOOK_RAW 514f454d484f4f4bef0308000100000001 [SUB0]
04-14 20:43:11.996 D/RILJ    ( 3447): Oem ID in RIL_UNSOL_OEM_HOOK_RAW is QOEMHOOK
04-14 20:43:11.996 D/RILJ    ( 3447): OEM ID check Passed
04-14 20:43:11.996 D/RILJ    ( 3447): Response ID in RIL_UNSOL_OEM_HOOK_RAW is 525295
04-14 20:43:11.996 D/RILJ    ( 3447): Response ID 525295 is not served in this process.
04-14 20:43:11.996 E/RILC    (  370): RIL Response bytes written:32
04-14 20:43:11.998 I/RILC    (  370): RIL_SOCKET_1 UNSOLICITED: UNSOL_RESPONSE_VOICE_NETWORK_STATE_CHANGED length:8
04-14 20:43:11.998 E/RILC    (  370): Send Response to RIL_SOCKET_1
04-14 20:43:11.998 E/RILC    (  370): RIL Response bytes written:4
04-14 20:43:11.998 E/RILC    (  370): RIL Response bytes written:8
04-14 20:43:11.998 D/RILJ    ( 3447): [UNSL]< UNSOL_RESPONSE_VOICE_NETWORK_STATE_CHANGED [SUB0]
04-14 20:43:11.998 D/RILJ    ( 3447): [2751]> OPERATOR [SUB0]
04-14 20:43:12.000 D/RILJ    ( 3447): [2752]> DATA_REGISTRATION_STATE [SUB0]
04-14 20:43:12.000 D/RILC    (  370): SOCKET RIL_SOCKET_1 REQUEST: OPERATOR length:8
