04-14 20:44:10.580 D/RILJ    ( 3447): [2835]< REQUEST_GET_NEIGHBORING_CELL_IDS {[[]] [[]] [[]] [[]] [[]] [[]] [[]] [[]] [[]] } [SUB0]
04-14 20:44:10.583 D/RILJ    ( 3447): [2836]> RIL_REQUEST_GET_CELL_INFO_LIST [SUB0]
04-14 20:44:10.584 D/RILC    (  370): SOCKET RIL_SOCKET_1 REQUEST: GET_CELL_INFO_LIST length:8
04-14 20:44:10.589 D/RILC    (  370): RequestComplete, RIL_SOCKET_1
04-14 20:44:10.589 E/RILC    (  370): Send Response to RIL_SOCKET_1
04-14 20:44:10.589 E/RILC    (  370): RIL Response bytes written:4
04-14 20:44:10.589 E/RILC    (  370): RIL Response bytes written:848
04-14 20:44:10.591 D/RILJ    ( 3447): [2836]< RIL_REQUEST_GET_CELL_INFO_LIST [CellInfoWcdma:{mRegistered=YES mTimeStampType=oem_ril mTimeStamp=45081691882849ns CellIdentityWcdma:{ mMcc=260 mMnc=3 mLac=57330 mCid=46020609 mPsc=62} CellSignalStrengthWcdma: ss=0 ber=99}, CellInfoWcdma:{mRegistered=NO mTimeStampType=oem_ril mTimeStamp=45081691882849ns CellIdentityWcdma:{ mMcc=2147483647 mMnc=2147483647 mLac=2147483647 mCid=2147483647 mPsc=294} CellSignalStrengthWcdma: ss=9 ber=99}, CellInfoWcdma:{mRegistered=NO mTimeStampType=oem_ril mTimeStamp=45081691882849ns CellIdentityWcdma:{ mMcc=2147483647 mMnc=2147483647 mLac=2147483647 mCid=2147483647 mPsc=289} CellSignalStrengthWcdma: ss=8 ber=99}, CellInfoWcdma:{mRegistered=NO mTimeStampType=oem_ril mTimeStamp=45081691882849ns CellIdentityWcdma:{ mMcc=2147483647 mMnc=2147483647 mLac=2147483647 mCid=2147483647 mPsc=472} CellSignalStrengthWcdma: ss=7 ber=99}, CellInfoWcdma:{mRegistered=NO mTimeStampType=oem_ril mTimeStamp=45081691882849ns CellIdentityWcdma:{ mMcc=2147483647 mMnc=2147483647 mLac=2147483647 mCid=2147483647 mPsc=382} CellSignalStrengthWcdma: ss=7 ber=99}, CellInfoWcdma:{mRegistered=NO mTimeStampType=oem_ril mTimeStamp=45081691882849ns CellIdentityWcdma:{ mMcc=2147483647 mMnc=2147483647 mLac=2147483647 mCid=2147483647 mPsc=296} CellSignalStrengthWcdma: ss=6 ber=99}, CellInfoWcdma:{mRegistered=NO mTimeStampType=oem_ril mTimeStamp=45081691882849ns CellIdentityWcdma:{ mMcc=2147483647 mMnc=2147483647 mLac=2147483647 mCid=2147483647 mPsc=397} CellSignalStrengthWcdma: ss=4 ber=99}, CellInfoWcdma:{mRegistered=NO mTimeStampType=oem_ril mTimeStamp=45081691882849ns CellIdentityWcdma:{ mMcc=2147483647 mMnc=2147483647 mLac=2147483647 mCid=2147483647 mPsc=20} CellSignalStrengthWcdma: ss=4 ber=99}, CellInfoWcdma:{mRegistered=NO mTimeStampType=oem_ril mTimeStamp=45081691882849ns CellIdentityWcdma:{ mMcc=2147483647 mMnc=2147483647 mLac=2147483647 mCid=2147483647 mPsc=62} CellSignalStrengthWcdma: ss=11 ber=99}, CellInfoWcdma:{mRegistered=NO mTimeStampType=oem_ril mTimeStamp=45081691882849ns CellIdentityWcdma:{ mMcc=2147483647 mMnc=2147483647 mLac=2147483647 mCid=2147483647 mPsc=62} CellSignalStrengthWcdma: ss=12 ber=99}, CellInfoGsm:{mRegistered=NO mTimeStampType=oem_ril mTimeStamp=45081691882849ns CellIdentityGsm:{ mMcc=2147483647 mMnc=2147483647 mLac=2147483647 mCid=2147483647} CellSignalStrengthGsm: ss=22 ber=99}, CellInfoGsm:{mRegistered=NO mTimeStampType=oem_ril mTimeStamp=45081691882849ns CellIdentityGsm:{ mMcc=2147483647 mMnc=2147483647 mLac=2147483647 mCid=2147483647} CellSignalStrengthGsm: ss=19 ber=99}, CellInfoGsm:{mRegistered=NO mTimeStampType=oem_ril mTimeStamp=45081691882849ns CellIdentityGsm:{ mMcc=2147483647 mMnc=2147483647 mLac=2147483647 mCid=2147483647} CellSignalStrengthGsm: ss=18 ber=99}, CellInfoGsm:{mRegistered=NO mTimeStampType=oem_ril mTimeStamp=45081691882849ns CellIdentityGsm:{ mMcc=2147483647 mMnc=2147483647 mLac=2147483647 mCid=2147483647} CellSignalStrengthGsm: ss=14 ber=99}, CellInfoGsm:{mRegistered=NO mTimeStampType=oem_ril mTimeStamp=45081691882849ns CellIdentityGsm:{ mMcc=2147483647 mMnc=2147483647 mLac=2147483647 mCid=2147483647} CellSignalStrengthGsm: ss=13 ber=99}, CellInfoGsm:{mRegistered=NO mTimeStampType=oem_ril mTimeStamp=45081691882849ns CellIdentityGsm:{ mMcc=2147483647 mMnc=2147483647 mLac=2147483647 mCid=2147483647} CellSignalStrengthGsm: ss=13 ber=99}, CellInfoGsm:{mRegistered=NO mTimeStampType=oem_ril mTimeStamp=45081691882849ns CellIdentityGsm:{ mMcc=2147483647 mMnc=2147483647 mLac=2147483647 mCid=2147483647} CellSignalStrengthGsm: ss=10 ber=99}, CellInfoGsm:{mRegistered=NO mTimeStampType=oem_ril mTimeStamp=45081691882849ns CellIdentityGsm:{ mMcc=2147483647 mMnc=2147483647 mLac=2147483647 mCid=2147483647} CellSignalStrengthGsm: ss=10 ber=99}] [SUB0]
04-14 20:44:10.593 D/GsmSST  ( 3447): [GsmSST] SST.getAllCellInfo(): X size=18 list=[CellInfoWcdma:{mRegistered=YES mTimeStampType=oem_ril mTimeStamp=45081691882849ns CellIdentityWcdma:{ mMcc=260 mMnc=3 mLac=57330 mCid=46020609 mPsc=62} CellSignalStrengthWcdma: ss=0 ber=99}, CellInfoWcdma:{mRegistered=NO mTimeStampType=oem_ril mTimeStamp=45081691882849ns CellIdentityWcdma:{ mMcc=2147483647 mMnc=2147483647 mLac=2147483647 mCid=2147483647 mPsc=294} CellSignalStrengthWcdma: ss=9 ber=99}, CellInfoWcdma:{mRegistered=NO mTimeStampType=oem_ril mTimeStamp=45081691882849ns CellIdentityWcdma:{ mMcc=2147483647 mMnc=2147483647 mLac=2147483647 mCid=2147483647 mPsc=289} CellSignalStrengthWcdma: ss=8 ber=99}, CellInfoWcdma:{mRegistered=NO mTimeStampType=oem_ril mTimeStamp=45081691882849ns CellIdentityWcdma:{ mMcc=2147483647 mMnc=2147483647 mLac=2147483647 mCid=2147483647 mPsc=472} CellSignalStrengthWcdma: ss=7 ber=99}, CellInfoWcdma:{mRegistered=NO mTimeStampType=oem_ril mTimeStamp=45081691882849ns CellIdentityWcdma:{ mMcc=2147483647 mMnc=2147483647 mLac=2147483647 mCid=2147483647 mPsc=382} CellSignalStrengthWcdma: ss=7 ber=99}, CellInfoWcdma:{mRegistered=NO mTimeStampType=oem_ril mTimeStamp=45081691882849ns CellIdentityWcdma:{ mMcc=2147483647 mMnc=2147483647 mLac=2147483647 mCid=2147483647 mPsc=296} CellSignalStrengthWcdma: ss=6 ber=99}, CellInfoWcdma:{mRegistered=NO mTimeStampType=oem_ril mTimeStamp=45081691882849ns CellIdentityWcdma:{ mMcc=2147483647 mMnc=2147483647 mLac=2147483647 mCid=2147483647 mPsc=397} CellSignalStrengthWcdma: ss=4 ber=99}, CellInfoWcdma:{mRegistered=NO mTimeStampType=oem_ril mTimeStamp=45081691882849ns CellIdentityWcdma:{ mMcc=2147483647 mMnc=2147483647 mLac=2147483647 mCid=2147483647 mPsc=20} CellSignalStrengthWcdma: ss=4 ber=99}, CellInfoWcdma:{mRegistered=NO mTimeStampType=oem_ril mTimeStamp=45081691882849ns CellIdentityWcdma:{ mMcc=2147483647 mMnc=2147483647 mLac=2147483647 mCid=2147483647 mPsc=62} CellSignalStrengthWcdma: ss=11 ber=99}, CellInfoWcdma:{mRegistered=NO mTimeStampType=oem_ril mTimeStamp=45081691882849ns CellIdentityWcdma:{ mMcc=2147483647 mMnc=2147483647 mLac=2147483647 mCid=2147483647 mPsc=62} CellSignalStrengthWcdma: ss=12 ber=99}, CellInfoGsm:{mRegistered=NO mTimeStampType=oem_ril mTimeStamp=45081691882849ns CellIdentityGsm:{ mMcc=2147483647 mMnc=2147483647 mLac=2147483647 mCid=2147483647} CellSignalStrengthGsm: ss=22 ber=99}, CellInfoGsm:{mRegistered=NO mTimeStampType=oem_ril mTimeStamp=45081691882849ns CellIdentityGsm:{ mMcc=2147483647 mMnc=2147483647 mLac=2147483647 mCid=2147483647} CellSignalStrengthGsm: ss=19 ber=99}, CellInfoGsm:{mRegistered=NO mTimeStampType=oem_ril mTimeStamp=45081691882849ns CellIdentityGsm:{ mMcc=2147483647 mMnc=2147483647 mLac=2147483647 mCid=2147483647} CellSignalStrengthGsm: ss=18 ber=99}, CellInfoGsm:{mRegistered=NO mTimeStampType=oem_ril mTimeStamp=45081691882849ns CellIdentityGsm:{ mMcc=2147483647 mMnc=2147483647 mLac=2147483647 mCid=2147483647} CellSignalStrengthGsm: ss=14 ber=99}, CellInfoGsm:{mRegistered=NO mTimeStampType=oem_ril mTimeStamp=45081691882849ns CellIdentityGsm:{ mMcc=2147483647 mMnc=2147483647 mLac=2147483647 mCid=2147483647} CellSignalStrengthGsm: ss=13 ber=99}, CellInfoGsm:{mRegistered=NO mTimeStampType=oem_ril mTimeStamp=45081691882849ns CellIdentityGsm:{ mMcc=2147483647 mMnc=2147483647 mLac=2147483647 mCid=2147483647} CellSignalStrengthGsm: ss=13 ber=99}, CellInfoGsm:{mRegistered=NO mTimeStampType=oem_ril mTimeStamp=45081691882849ns CellIdentityGsm:{ mMcc=2147483647 mMnc=2147483647 mLac=2147483647 mCid=2147483647} CellSignalStrengthGsm: ss=10 ber=99}, CellInfoGsm:{mRegistered=NO mTimeStampType=oem_ril mTimeStamp=45081691882849ns CellIdentityGsm:{ mMcc=2147483647 mMnc=2147483647 mLac=2147483647 mCid=2147483647} CellSignalStrengthGsm: ss=10 ber=99}]
04-14 20:44:10.596 D/GsmSST  ( 3447): [GsmSST] getCellLocation(): X good mCellLoc=[57330,46020609,62]
04-14 20:44:11.351 D/QtiGsmDCT( 3447): [0]updateDataActivity: curTxRxSum={txSum=185065 rxSum=225140} preTxRxSum={txSum=185061 rxSum=225134}
04-14 20:44:11.351 D/QtiGsmDCT( 3447): [0]updateDataActivity: sent=4 received=6
04-14 20:44:11.351 D/QtiGsmDCT( 3447): [0]updateDataActivity: newActivity=DATAINANDOUT
04-14 20:44:11.359 D/QtiGsmDCT( 3447): [0]getDataEnabled: getIntWithSubId retVal=true
04-14 20:44:11.418 V/LG-FASTDORMANCY( 3447): [DCH/FACH] FDCount : 0 intent received :com.android.internal.telephony.ACTION_CHECK_NETSTAT
04-14 20:44:11.423 V/LG-FASTDORMANCY( 3447): [DCH/FACH] FDCount : 0 prev: TxPkts(185057), RxPkts(225134)
04-14 20:44:11.423 V/LG-FASTDORMANCY( 3447): [DCH/FACH] FDCount : 0 curr: TxPkts(185065), RxPkts(225140)
04-14 20:44:11.423 I/LG-FASTDORMANCY( 3447): [DCH/FACH] FDCount : 0 Scheduling checkNetStat for 1000msec, current state is [DCH/FACH] FDCount : 0 
04-14 20:44:11.556 I/RILC    (  370): RIL_SOCKET_1 UNSOLICITED: UNSOL_SIGNAL_STRENGTH length:68
04-14 20:44:11.557 E/RILC    (  370): Send Response to RIL_SOCKET_1
04-14 20:44:11.557 E/RILC    (  370): RIL Response bytes written:4
04-14 20:44:11.557 E/RILC    (  370): RIL Response bytes written:68
04-14 20:44:11.558 D/GsmSST  ( 3447): [GsmSST] ServiceStateTrackerEx:onSignalStrengthResult() isGsm=true DataRadioTech=15
04-14 20:44:11.558 W/LGSignalStrength( 3447): setDataRadioTechnology: dataRadioTechnology = 15
04-14 20:44:11.558 D/DefaultPhoneNotifier( 3447): notifySignalStrength: mRegistry=com.android.internal.telephony.ITelephonyRegistry$Stub$Proxy@ced2ad0 ss=SignalStrength: 10 0 -93 -105 -120 -1 -1 99 2147483647 2147483647 2147483647 2147483647 2147483647 gsm|lte 15 0 -93 -105 sender=Handler (com.qti.internal.telephony.gsm.QtiGSMPhone) {560d91e}
04-14 20:44:11.570 D/QtiGsmDCT( 3447): [0]getDataEnabled: getIntWithSubId retVal=true
04-14 20:44:12.359 D/QtiGsmDCT( 3447): [0]updateDataActivity: curTxRxSum={txSum=185065 rxSum=225140} preTxRxSum={txSum=185065 rxSum=225140}
04-14 20:44:12.359 D/QtiGsmDCT( 3447): [0]updateDataActivity: sent=0 received=0
04-14 20:44:12.359 D/QtiGsmDCT( 3447): [0]updateDataActivity: newActivity=NONE
04-14 20:44:12.367 D/QtiGsmDCT( 3447): [0]getDataEnabled: getIntWithSubId retVal=true
04-14 20:44:12.427 V/LG-FASTDORMANCY( 3447): [DCH/FACH] FDCount : 0 intent received :com.android.internal.telephony.ACTION_CHECK_NETSTAT
04-14 20:44:12.431 V/LG-FASTDORMANCY( 3447): [DCH/FACH] FDCount : 0 prev: TxPkts(185065), RxPkts(225140)
04-14 20:44:12.431 V/LG-FASTDORMANCY( 3447): [DCH/FACH] FDCount : 0 curr: TxPkts(185065), RxPkts(225140)
04-14 20:44:12.432 I/LG-FASTDORMANCY( 3447): [DCH/FACH] FDCount : 1 Scheduling checkNetStat for 1000msec, current state is [DCH/FACH] FDCount : 1 
04-14 20:44:13.366 D/QtiGsmDCT( 3447): [0]updateDataActivity: curTxRxSum={txSum=185065 rxSum=225140} preTxRxSum={txSum=185065 rxSum=225140}
04-14 20:44:13.366 D/QtiGsmDCT( 3447): [0]updateDataActivity: sent=0 received=0
04-14 20:44:13.435 V/LG-FASTDORMANCY( 3447): [DCH/FACH] FDCount : 1 intent received :com.android.internal.telephony.ACTION_CHECK_NETSTAT
04-14 20:44:13.441 V/LG-FASTDORMANCY( 3447): [DCH/FACH] FDCount : 1 prev: TxPkts(185065), RxPkts(225140)
04-14 20:44:13.441 V/LG-FASTDORMANCY( 3447): [DCH/FACH] FDCount : 1 curr: TxPkts(185065), RxPkts(225140)
04-14 20:44:13.442 I/LG-FASTDORMANCY( 3447): [DCH/FACH] FDCount : 2 Scheduling checkNetStat for 1000msec, current state is [DCH/FACH] FDCount : 2 
04-14 20:44:14.370 D/QtiGsmDCT( 3447): [0]updateDataActivity: curTxRxSum={txSum=185065 rxSum=225140} preTxRxSum={txSum=185065 rxSum=225140}
04-14 20:44:14.370 D/QtiGsmDCT( 3447): [0]updateDataActivity: sent=0 received=0
04-14 20:44:14.445 V/LG-FASTDORMANCY( 3447): [DCH/FACH] FDCount : 2 intent received :com.android.internal.telephony.ACTION_CHECK_NETSTAT
04-14 20:44:14.449 V/LG-FASTDORMANCY( 3447): [DCH/FACH] FDCount : 2 prev: TxPkts(185065), RxPkts(225140)
04-14 20:44:14.449 V/LG-FASTDORMANCY( 3447): [DCH/FACH] FDCount : 2 curr: TxPkts(185065), RxPkts(225140)
04-14 20:44:14.451 I/LG-FASTDORMANCY( 3447): [DCH/FACH] FDCount : 3 Scheduling checkNetStat for 1000msec, current state is [DCH/FACH] FDCount : 3 
04-14 20:44:14.555 I/RILC    (  370): RIL_SOCKET_1 UNSOLICITED: UNSOL_SIGNAL_STRENGTH length:68
04-14 20:44:14.555 E/RILC    (  370): Send Response to RIL_SOCKET_1
04-14 20:44:14.555 E/RILC    (  370): RIL Response bytes written:4
04-14 20:44:14.555 E/RILC    (  370): RIL Response bytes written:68
04-14 20:44:14.556 D/GsmSST  ( 3447): [GsmSST] ServiceStateTrackerEx:onSignalStrengthResult() isGsm=true DataRadioTech=15
04-14 20:44:14.556 W/LGSignalStrength( 3447): setDataRadioTechnology: dataRadioTechnology = 15
04-14 20:44:14.556 D/DefaultPhoneNotifier( 3447): notifySignalStrength: mRegistry=com.android.internal.telephony.ITelephonyRegistry$Stub$Proxy@ced2ad0 ss=SignalStrength: 13 0 -88 -40 -120 -1 -1 99 2147483647 2147483647 2147483647 2147483647 2147483647 gsm|lte 15 0 -88 -40 sender=Handler (com.qti.internal.telephony.gsm.QtiGSMPhone) {560d91e}
04-14 20:44:14.575 D/QtiGsmDCT( 3447): [0]getDataEnabled: getIntWithSubId retVal=true
04-14 20:44:15.374 D/QtiGsmDCT( 3447): [0]updateDataActivity: curTxRxSum={txSum=185065 rxSum=225140} preTxRxSum={txSum=185065 rxSum=225140}
04-14 20:44:15.374 D/QtiGsmDCT( 3447): [0]updateDataActivity: sent=0 received=0
04-14 20:44:15.455 V/LG-FASTDORMANCY( 3447): [DCH/FACH] FDCount : 3 intent received :com.android.internal.telephony.ACTION_CHECK_NETSTAT
04-14 20:44:15.459 V/LG-FASTDORMANCY( 3447): [DCH/FACH] FDCount : 3 prev: TxPkts(185065), RxPkts(225140)
04-14 20:44:15.459 V/LG-FASTDORMANCY( 3447): [DCH/FACH] FDCount : 3 curr: TxPkts(185065), RxPkts(225140)
04-14 20:44:15.460 I/LG-FASTDORMANCY( 3447): [DCH/FACH] FDCount : 4 Scheduling checkNetStat for 1000msec, current state is [DCH/FACH] FDCount : 4 
04-14 20:44:16.379 D/QtiGsmDCT( 3447): [0]updateDataActivity: curTxRxSum={txSum=185069 rxSum=225144} preTxRxSum={txSum=185065 rxSum=225140}
04-14 20:44:16.379 D/QtiGsmDCT( 3447): [0]updateDataActivity: sent=4 received=4
04-14 20:44:16.379 D/QtiGsmDCT( 3447): [0]updateDataActivity: newActivity=DATAINANDOUT
04-14 20:44:16.390 D/QtiGsmDCT( 3447): [0]getDataEnabled: getIntWithSubId retVal=true
04-14 20:44:16.465 V/LG-FASTDORMANCY( 3447): [DCH/FACH] FDCount : 4 intent received :com.android.internal.telephony.ACTION_CHECK_NETSTAT
04-14 20:44:16.469 V/LG-FASTDORMANCY( 3447): [DCH/FACH] FDCount : 4 prev: TxPkts(185065), RxPkts(225140)
04-14 20:44:16.469 V/LG-FASTDORMANCY( 3447): [DCH/FACH] FDCount : 4 curr: TxPkts(185077), RxPkts(225152)
04-14 20:44:16.470 I/LG-FASTDORMANCY( 3447): [DCH/FACH] FDCount : 0 Scheduling checkNetStat for 1000msec, current state is [DCH/FACH] FDCount : 0 
04-14 20:44:17.387 D/QtiGsmDCT( 3447): [0]updateDataActivity: curTxRxSum={txSum=185097 rxSum=225176} preTxRxSum={txSum=185069 rxSum=225144}
04-14 20:44:17.387 D/QtiGsmDCT( 3447): [0]updateDataActivity: sent=28 received=32
04-14 20:44:17.478 V/LG-FASTDORMANCY( 3447): [DCH/FACH] FDCount : 0 intent received :com.android.internal.telephony.ACTION_CHECK_NETSTAT
04-14 20:44:17.481 V/LG-FASTDORMANCY( 3447): [DCH/FACH] FDCount : 0 prev: TxPkts(185077), RxPkts(225152)
04-14 20:44:17.481 V/LG-FASTDORMANCY( 3447): [DCH/FACH] FDCount : 0 curr: TxPkts(185097), RxPkts(225176)
04-14 20:44:17.482 I/LG-FASTDORMANCY( 3447): [DCH/FACH] FDCount : 0 Scheduling checkNetStat for 1000msec, current state is [DCH/FACH] FDCount : 0 
04-14 20:44:18.391 D/QtiGsmDCT( 3447): [0]updateDataActivity: curTxRxSum={txSum=185097 rxSum=225176} preTxRxSum={txSum=185097 rxSum=225176}
04-14 20:44:18.391 D/QtiGsmDCT( 3447): [0]updateDataActivity: sent=0 received=0
04-14 20:44:18.391 D/QtiGsmDCT( 3447): [0]updateDataActivity: newActivity=NONE
04-14 20:44:18.403 D/QtiGsmDCT( 3447): [0]getDataEnabled: getIntWithSubId retVal=true
04-14 20:44:18.485 V/LG-FASTDORMANCY( 3447): [DCH/FACH] FDCount : 0 intent received :com.android.internal.telephony.ACTION_CHECK_NETSTAT
04-14 20:44:18.490 V/LG-FASTDORMANCY( 3447): [DCH/FACH] FDCount : 0 prev: TxPkts(185097), RxPkts(225176)
04-14 20:44:18.490 V/LG-FASTDORMANCY( 3447): [DCH/FACH] FDCount : 0 curr: TxPkts(185097), RxPkts(225176)
04-14 20:44:18.491 I/LG-FASTDORMANCY( 3447): [DCH/FACH] FDCount : 1 Scheduling checkNetStat for 1000msec, current state is [DCH/FACH] FDCount : 1 
04-14 20:44:19.400 D/QtiGsmDCT( 3447): [0]updateDataActivity: curTxRxSum={txSum=185097 rxSum=225176} preTxRxSum={txSum=185097 rxSum=225176}
04-14 20:44:19.400 D/QtiGsmDCT( 3447): [0]updateDataActivity: sent=0 received=0
04-14 20:44:19.494 V/LG-FASTDORMANCY( 3447): [DCH/FACH] FDCount : 1 intent received :com.android.internal.telephony.ACTION_CHECK_NETSTAT
04-14 20:44:19.500 V/LG-FASTDORMANCY( 3447): [DCH/FACH] FDCount : 1 prev: TxPkts(185097), RxPkts(225176)
04-14 20:44:19.500 V/LG-FASTDORMANCY( 3447): [DCH/FACH] FDCount : 1 curr: TxPkts(185097), RxPkts(225176)
04-14 20:44:19.501 I/LG-FASTDORMANCY( 3447): [DCH/FACH] FDCount : 2 Scheduling checkNetStat for 1000msec, current state is [DCH/FACH] FDCount : 2 
04-14 20:44:20.404 D/QtiGsmDCT( 3447): [0]updateDataActivity: curTxRxSum={txSum=185097 rxSum=225176} preTxRxSum={txSum=185097 rxSum=225176}
04-14 20:44:20.404 D/QtiGsmDCT( 3447): [0]updateDataActivity: sent=0 received=0
04-14 20:44:20.505 V/LG-FASTDORMANCY( 3447): [DCH/FACH] FDCount : 2 intent received :com.android.internal.telephony.ACTION_CHECK_NETSTAT
04-14 20:44:20.514 V/LG-FASTDORMANCY( 3447): [DCH/FACH] FDCount : 2 prev: TxPkts(185097), RxPkts(225176)
04-14 20:44:20.514 V/LG-FASTDORMANCY( 3447): [DCH/FACH] FDCount : 2 curr: TxPkts(185097), RxPkts(225176)
04-14 20:44:20.517 I/LG-FASTDORMANCY( 3447): [DCH/FACH] FDCount : 3 Scheduling checkNetStat for 1000msec, current state is [DCH/FACH] FDCount : 3 
04-14 20:44:21.409 D/QtiGsmDCT( 3447): [0]updateDataActivity: curTxRxSum={txSum=185106 rxSum=225185} preTxRxSum={txSum=185097 rxSum=225176}
04-14 20:44:21.409 D/QtiGsmDCT( 3447): [0]updateDataActivity: sent=9 received=9
04-14 20:44:21.409 D/QtiGsmDCT( 3447): [0]updateDataActivity: newActivity=DATAINANDOUT
04-14 20:44:21.419 D/QtiGsmDCT( 3447): [0]getDataEnabled: getIntWithSubId retVal=true
04-14 20:44:21.521 V/LG-FASTDORMANCY( 3447): [DCH/FACH] FDCount : 3 intent received :com.android.internal.telephony.ACTION_CHECK_NETSTAT
04-14 20:44:21.526 V/LG-FASTDORMANCY( 3447): [DCH/FACH] FDCount : 3 prev: TxPkts(185097), RxPkts(225176)
04-14 20:44:21.526 V/LG-FASTDORMANCY( 3447): [DCH/FACH] FDCount : 3 curr: TxPkts(185106), RxPkts(225185)
04-14 20:44:21.527 I/LG-FASTDORMANCY( 3447): [DCH/FACH] FDCount : 0 Scheduling checkNetStat for 1000msec, current state is [DCH/FACH] FDCount : 0 
04-14 20:44:22.417 D/QtiGsmDCT( 3447): [0]updateDataActivity: curTxRxSum={txSum=185138 rxSum=225221} preTxRxSum={txSum=185106 rxSum=225185}
04-14 20:44:22.417 D/QtiGsmDCT( 3447): [0]updateDataActivity: sent=32 received=36
04-14 20:44:22.537 V/LG-FASTDORMANCY( 3447): [DCH/FACH] FDCount : 0 intent received :com.android.internal.telephony.ACTION_CHECK_NETSTAT
04-14 20:44:22.540 V/LG-FASTDORMANCY( 3447): [DCH/FACH] FDCount : 0 prev: TxPkts(185106), RxPkts(225185)
04-14 20:44:22.541 V/LG-FASTDORMANCY( 3447): [DCH/FACH] FDCount : 0 curr: TxPkts(185138), RxPkts(225221)
04-14 20:44:22.541 I/LG-FASTDORMANCY( 3447): [DCH/FACH] FDCount : 0 Scheduling checkNetStat for 1000msec, current state is [DCH/FACH] FDCount : 0 
04-14 20:44:23.424 D/QtiGsmDCT( 3447): [0]updateDataActivity: curTxRxSum={txSum=185138 rxSum=225221} preTxRxSum={txSum=185138 rxSum=225221}
04-14 20:44:23.424 D/QtiGsmDCT( 3447): [0]updateDataActivity: sent=0 received=0
04-14 20:44:23.425 D/QtiGsmDCT( 3447): [0]updateDataActivity: newActivity=NONE
04-14 20:44:23.433 D/QtiGsmDCT( 3447): [0]getDataEnabled: getIntWithSubId retVal=true
04-14 20:44:23.544 V/LG-FASTDORMANCY( 3447): [DCH/FACH] FDCount : 0 intent received :com.android.internal.telephony.ACTION_CHECK_NETSTAT
04-14 20:44:23.550 V/LG-FASTDORMANCY( 3447): [DCH/FACH] FDCount : 0 prev: TxPkts(185138), RxPkts(225221)
04-14 20:44:23.550 V/LG-FASTDORMANCY( 3447): [DCH/FACH] FDCount : 0 curr: TxPkts(185138), RxPkts(225221)
04-14 20:44:23.551 I/LG-FASTDORMANCY( 3447): [DCH/FACH] FDCount : 1 Scheduling checkNetStat for 1000msec, current state is [DCH/FACH] FDCount : 1 
04-14 20:44:24.434 D/QtiGsmDCT( 3447): [0]updateDataActivity: curTxRxSum={txSum=185138 rxSum=225221} preTxRxSum={txSum=185138 rxSum=225221}
04-14 20:44:24.434 D/QtiGsmDCT( 3447): [0]updateDataActivity: sent=0 received=0
04-14 20:44:24.554 V/LG-FASTDORMANCY( 3447): [DCH/FACH] FDCount : 1 intent received :com.android.internal.telephony.ACTION_CHECK_NETSTAT
04-14 20:44:24.559 V/LG-FASTDORMANCY( 3447): [DCH/FACH] FDCount : 1 prev: TxPkts(185138), RxPkts(225221)
04-14 20:44:24.560 V/LG-FASTDORMANCY( 3447): [DCH/FACH] FDCount : 1 curr: TxPkts(185138), RxPkts(225221)
04-14 20:44:24.560 I/LG-FASTDORMANCY( 3447): [DCH/FACH] FDCount : 2 Scheduling checkNetStat for 1000msec, current state is [DCH/FACH] FDCount : 2 
04-14 20:44:25.442 D/QtiGsmDCT( 3447): [0]updateDataActivity: curTxRxSum={txSum=185169 rxSum=225262} preTxRxSum={txSum=185138 rxSum=225221}
04-14 20:44:25.442 D/QtiGsmDCT( 3447): [0]updateDataActivity: sent=31 received=41
04-14 20:44:25.442 D/QtiGsmDCT( 3447): [0]updateDataActivity: newActivity=DATAINANDOUT
04-14 20:44:25.448 D/QtiGsmDCT( 3447): [0]getDataEnabled: getIntWithSubId retVal=true
04-14 20:44:25.563 V/LG-FASTDORMANCY( 3447): [DCH/FACH] FDCount : 2 intent received :com.android.internal.telephony.ACTION_CHECK_NETSTAT
04-14 20:44:25.568 V/LG-FASTDORMANCY( 3447): [DCH/FACH] FDCount : 2 prev: TxPkts(185138), RxPkts(225221)
04-14 20:44:25.568 V/LG-FASTDORMANCY( 3447): [DCH/FACH] FDCount : 2 curr: TxPkts(185169), RxPkts(225262)
04-14 20:44:25.569 I/LG-FASTDORMANCY( 3447): [DCH/FACH] FDCount : 0 Scheduling checkNetStat for 1000msec, current state is [DCH/FACH] FDCount : 0 
04-14 20:44:26.449 D/QtiGsmDCT( 3447): [0]updateDataActivity: curTxRxSum={txSum=185177 rxSum=225270} preTxRxSum={txSum=185169 rxSum=225262}
04-14 20:44:26.449 D/QtiGsmDCT( 3447): [0]updateDataActivity: sent=8 received=8
04-14 20:44:26.573 V/LG-FASTDORMANCY( 3447): [DCH/FACH] FDCount : 0 intent received :com.android.internal.telephony.ACTION_CHECK_NETSTAT
04-14 20:44:26.578 V/LG-FASTDORMANCY( 3447): [DCH/FACH] FDCount : 0 prev: TxPkts(185169), RxPkts(225262)
04-14 20:44:26.578 V/LG-FASTDORMANCY( 3447): [DCH/FACH] FDCount : 0 curr: TxPkts(185177), RxPkts(225270)
04-14 20:44:26.579 I/LG-FASTDORMANCY( 3447): [DCH/FACH] FDCount : 0 Scheduling checkNetStat for 1000msec, current state is [DCH/FACH] FDCount : 0 
04-14 20:44:27.453 D/QtiGsmDCT( 3447): [0]updateDataActivity: curTxRxSum={txSum=185177 rxSum=225270} preTxRxSum={txSum=185177 rxSum=225270}
04-14 20:44:27.454 D/QtiGsmDCT( 3447): [0]updateDataActivity: sent=0 received=0
04-14 20:44:27.454 D/QtiGsmDCT( 3447): [0]updateDataActivity: newActivity=NONE
04-14 20:44:27.461 D/QtiGsmDCT( 3447): [0]getDataEnabled: getIntWithSubId retVal=true
04-14 20:44:27.587 V/LG-FASTDORMANCY( 3447): [DCH/FACH] FDCount : 0 intent received :com.android.internal.telephony.ACTION_CHECK_NETSTAT
04-14 20:44:27.592 V/LG-FASTDORMANCY( 3447): [DCH/FACH] FDCount : 0 prev: TxPkts(185177), RxPkts(225270)
04-14 20:44:27.592 V/LG-FASTDORMANCY( 3447): [DCH/FACH] FDCount : 0 curr: TxPkts(185177), RxPkts(225270)
04-14 20:44:27.592 I/LG-FASTDORMANCY( 3447): [DCH/FACH] FDCount : 1 Scheduling checkNetStat for 1000msec, current state is [DCH/FACH] FDCount : 1 
04-14 20:44:28.463 D/QtiGsmDCT( 3447): [0]updateDataActivity: curTxRxSum={txSum=185177 rxSum=225270} preTxRxSum={txSum=185177 rxSum=225270}
04-14 20:44:28.463 D/QtiGsmDCT( 3447): [0]updateDataActivity: sent=0 received=0
04-14 20:44:28.603 V/LG-FASTDORMANCY( 3447): [DCH/FACH] FDCount : 1 intent received :com.android.internal.telephony.ACTION_CHECK_NETSTAT
04-14 20:44:28.618 V/LG-FASTDORMANCY( 3447): [DCH/FACH] FDCount : 1 prev: TxPkts(185177), RxPkts(225270)
04-14 20:44:28.618 V/LG-FASTDORMANCY( 3447): [DCH/FACH] FDCount : 1 curr: TxPkts(185177), RxPkts(225270)
04-14 20:44:28.621 I/LG-FASTDORMANCY( 3447): [DCH/FACH] FDCount : 2 Scheduling checkNetStat for 1000msec, current state is [DCH/FACH] FDCount : 2 
04-14 20:44:29.467 D/QtiGsmDCT( 3447): [0]updateDataActivity: curTxRxSum={txSum=185177 rxSum=225270} preTxRxSum={txSum=185177 rxSum=225270}
04-14 20:44:29.468 D/QtiGsmDCT( 3447): [0]updateDataActivity: sent=0 received=0
04-14 20:44:29.626 V/LG-FASTDORMANCY( 3447): [DCH/FACH] FDCount : 2 intent received :com.android.internal.telephony.ACTION_CHECK_NETSTAT
04-14 20:44:29.631 V/LG-FASTDORMANCY( 3447): [DCH/FACH] FDCount : 2 prev: TxPkts(185177), RxPkts(225270)
04-14 20:44:29.631 V/LG-FASTDORMANCY( 3447): [DCH/FACH] FDCount : 2 curr: TxPkts(185177), RxPkts(225270)
04-14 20:44:29.632 I/LG-FASTDORMANCY( 3447): [DCH/FACH] FDCount : 3 Scheduling checkNetStat for 1000msec, current state is [DCH/FACH] FDCount : 3 
04-14 20:44:30.472 D/QtiGsmDCT( 3447): [0]updateDataActivity: curTxRxSum={txSum=185177 rxSum=225270} preTxRxSum={txSum=185177 rxSum=225270}
04-14 20:44:30.472 D/QtiGsmDCT( 3447): [0]updateDataActivity: sent=0 received=0
04-14 20:44:30.636 V/LG-FASTDORMANCY( 3447): [DCH/FACH] FDCount : 3 intent received :com.android.internal.telephony.ACTION_CHECK_NETSTAT
04-14 20:44:30.641 V/LG-FASTDORMANCY( 3447): [DCH/FACH] FDCount : 3 prev: TxPkts(185177), RxPkts(225270)
04-14 20:44:30.641 V/LG-FASTDORMANCY( 3447): [DCH/FACH] FDCount : 3 curr: TxPkts(185177), RxPkts(225270)
04-14 20:44:30.642 I/LG-FASTDORMANCY( 3447): [DCH/FACH] FDCount : 4 Scheduling checkNetStat for 1000msec, current state is [DCH/FACH] FDCount : 4 
04-14 20:44:31.476 D/QtiGsmDCT( 3447): [0]updateDataActivity: curTxRxSum={txSum=185177 rxSum=225270} preTxRxSum={txSum=185177 rxSum=225270}
04-14 20:44:31.476 D/QtiGsmDCT( 3447): [0]updateDataActivity: sent=0 received=0
04-14 20:44:31.646 V/LG-FASTDORMANCY( 3447): [DCH/FACH] FDCount : 4 intent received :com.android.internal.telephony.ACTION_CHECK_NETSTAT
04-14 20:44:31.650 V/LG-FASTDORMANCY( 3447): [DCH/FACH] FDCount : 4 prev: TxPkts(185177), RxPkts(225270)
04-14 20:44:31.651 V/LG-FASTDORMANCY( 3447): [DCH/FACH] FDCount : 4 curr: TxPkts(185177), RxPkts(225270)
04-14 20:44:31.653 I/LG-FASTDORMANCY( 3447): [DCH/FACH] FDCount : 5 Scheduling checkNetStat for 1000msec, current state is [DCH/FACH] FDCount : 5 
04-14 20:44:32.480 D/QtiGsmDCT( 3447): [0]updateDataActivity: curTxRxSum={txSum=185177 rxSum=225270} preTxRxSum={txSum=185177 rxSum=225270}
04-14 20:44:32.480 D/QtiGsmDCT( 3447): [0]updateDataActivity: sent=0 received=0
04-14 20:44:32.658 V/LG-FASTDORMANCY( 3447): [DCH/FACH] FDCount : 5 intent received :com.android.internal.telephony.ACTION_CHECK_NETSTAT
04-14 20:44:32.662 V/LG-FASTDORMANCY( 3447): [DCH/FACH] FDCount : 5 prev: TxPkts(185177), RxPkts(225270)
04-14 20:44:32.662 V/LG-FASTDORMANCY( 3447): [DCH/FACH] FDCount : 5 curr: TxPkts(185177), RxPkts(225270)
04-14 20:44:32.662 I/LG-FASTDORMANCY( 3447): [DCH/FACH] FDCount : 6 Scheduling checkNetStat for 1000msec, current state is [DCH/FACH] FDCount : 6 
04-14 20:44:33.484 D/QtiGsmDCT( 3447): [0]updateDataActivity: curTxRxSum={txSum=185185 rxSum=225282} preTxRxSum={txSum=185177 rxSum=225270}
04-14 20:44:33.484 D/QtiGsmDCT( 3447): [0]updateDataActivity: sent=8 received=12
04-14 20:44:33.484 D/QtiGsmDCT( 3447): [0]updateDataActivity: newActivity=DATAINANDOUT
04-14 20:44:33.491 D/QtiGsmDCT( 3447): [0]getDataEnabled: getIntWithSubId retVal=true
04-14 20:44:33.667 V/LG-FASTDORMANCY( 3447): [DCH/FACH] FDCount : 6 intent received :com.android.internal.telephony.ACTION_CHECK_NETSTAT
04-14 20:44:33.673 V/LG-FASTDORMANCY( 3447): [DCH/FACH] FDCount : 6 prev: TxPkts(185177), RxPkts(225270)
04-14 20:44:33.673 V/LG-FASTDORMANCY( 3447): [DCH/FACH] FDCount : 6 curr: TxPkts(185185), RxPkts(225282)
04-14 20:44:33.674 I/LG-FASTDORMANCY( 3447): [DCH/FACH] FDCount : 0 Scheduling checkNetStat for 1000msec, current state is [DCH/FACH] FDCount : 0 
04-14 20:44:34.490 D/QtiGsmDCT( 3447): [0]updateDataActivity: curTxRxSum={txSum=185185 rxSum=225282} preTxRxSum={txSum=185185 rxSum=225282}
04-14 20:44:34.490 D/QtiGsmDCT( 3447): [0]updateDataActivity: sent=0 received=0
04-14 20:44:34.490 D/QtiGsmDCT( 3447): [0]updateDataActivity: newActivity=NONE
04-14 20:44:34.498 D/QtiGsmDCT( 3447): [0]getDataEnabled: getIntWithSubId retVal=true
04-14 20:44:34.678 V/LG-FASTDORMANCY( 3447): [DCH/FACH] FDCount : 0 intent received :com.android.internal.telephony.ACTION_CHECK_NETSTAT
04-14 20:44:34.681 V/LG-FASTDORMANCY( 3447): [DCH/FACH] FDCount : 0 prev: TxPkts(185185), RxPkts(225282)
04-14 20:44:34.681 V/LG-FASTDORMANCY( 3447): [DCH/FACH] FDCount : 0 curr: TxPkts(185185), RxPkts(225282)
04-14 20:44:34.683 I/LG-FASTDORMANCY( 3447): [DCH/FACH] FDCount : 1 Scheduling checkNetStat for 1000msec, current state is [DCH/FACH] FDCount : 1 
04-14 20:44:35.500 D/QtiGsmDCT( 3447): [0]updateDataActivity: curTxRxSum={txSum=185186 rxSum=225283} preTxRxSum={txSum=185185 rxSum=225282}
04-14 20:44:35.500 D/QtiGsmDCT( 3447): [0]updateDataActivity: sent=1 received=1
04-14 20:44:35.500 D/QtiGsmDCT( 3447): [0]updateDataActivity: newActivity=DATAINANDOUT
04-14 20:44:35.510 D/QtiGsmDCT( 3447): [0]getDataEnabled: getIntWithSubId retVal=true
04-14 20:44:35.686 V/LG-FASTDORMANCY( 3447): [DCH/FACH] FDCount : 1 intent received :com.android.internal.telephony.ACTION_CHECK_NETSTAT
04-14 20:44:35.693 V/LG-FASTDORMANCY( 3447): [DCH/FACH] FDCount : 1 prev: TxPkts(185185), RxPkts(225282)
04-14 20:44:35.694 V/LG-FASTDORMANCY( 3447): [DCH/FACH] FDCount : 1 curr: TxPkts(185188), RxPkts(225287)
04-14 20:44:35.695 I/LG-FASTDORMANCY( 3447): [DCH/FACH] FDCount : 0 Scheduling checkNetStat for 1000msec, current state is [DCH/FACH] FDCount : 0 
04-14 20:44:36.484 I/RILC    (  370): RIL_SOCKET_1 UNSOLICITED: RIL_UNSOL_LTE_REJECT_CAUSE length:16
04-14 20:44:36.484 E/RILC    (  370): Send Response to RIL_SOCKET_1
04-14 20:44:36.484 E/RILC    (  370): RIL Response bytes written:4
04-14 20:44:36.485 D/RILJ    ( 3447): [UNSL]< RIL_UNSOL_LTE_REJECT_CAUSE {15} [SUB0]
04-14 20:44:36.485 E/RILC    (  370): RIL Response bytes written:16
04-14 20:44:36.486 I/RILC    (  370): RIL_SOCKET_1 UNSOLICITED: UNSOL_OEM_HOOK_RAW length:32
04-14 20:44:36.486 E/RILC    (  370): Send Response to RIL_SOCKET_1
04-14 20:44:36.487 E/RILC    (  370): RIL Response bytes written:4
04-14 20:44:36.488 E/RILC    (  370): RIL Response bytes written:32
04-14 20:44:36.490 V/RILJ    ( 3447): [UNSL]< UNSOL_OEM_HOOK_RAW 514f454d484f4f4bef0308000100000002 [SUB0]
04-14 20:44:36.490 D/RILJ    ( 3447): Oem ID in RIL_UNSOL_OEM_HOOK_RAW is QOEMHOOK
04-14 20:44:36.491 D/RILJ    ( 3447): OEM ID check Passed
04-14 20:44:36.491 D/RILJ    ( 3447): Response ID in RIL_UNSOL_OEM_HOOK_RAW is 525295
04-14 20:44:36.491 D/RILJ    ( 3447): Response ID 525295 is not served in this process.
04-14 20:44:36.491 I/RILC    (  370): RIL_SOCKET_1 UNSOLICITED: UNSOL_RESPONSE_VOICE_NETWORK_STATE_CHANGED length:8
04-14 20:44:36.491 E/RILC    (  370): Send Response to RIL_SOCKET_1
04-14 20:44:36.491 E/RILC    (  370): RIL Response bytes written:4
04-14 20:44:36.491 E/RILC    (  370): RIL Response bytes written:8
04-14 20:44:36.492 D/RILJ    ( 3447): [UNSL]< UNSOL_RESPONSE_VOICE_NETWORK_STATE_CHANGED [SUB0]
04-14 20:44:36.492 D/RILJ    ( 3447): [2837]> OPERATOR [SUB0]
04-14 20:44:36.495 I/RILQ    (  370): (0/370):RIL[0][event] qcril_arb_set_dsd_sys_status: old_pref_data 1 - new_data_pref 1
04-14 20:44:36.495 I/RILQ    (  370): (0/370):RIL[0][event] qcril_arb_set_dsd_sys_status: preferred dsd_sys_status nw=0x0, rat_value=0x1, so_mask=0x0000000000000007
04-14 20:44:36.495 I/RILQ    (  370): (0/370):RIL[0][event] qcril_arb_set_dsd_sys_status: preferred 1 - dsd_sys_status nw=0x0, rat_value=0x1, so_mask=0x0000000000000007
04-14 20:44:36.495 I/RILQ    (  370): (0/370):RIL[0][event] qcril_arb_set_dsd_sys_status: is_wwan_available 0
04-14 20:44:36.495 D/RILJ    ( 3447): [2838]> DATA_REGISTRATION_STATE [SUB0]
04-14 20:44:36.497 I/RILC    (  370): RIL_SOCKET_1 UNSOLICITED: UNSOL_OEM_HOOK_RAW length:32
04-14 20:44:36.497 E/RILC    (  370): Send Response to RIL_SOCKET_1
04-14 20:44:36.498 E/RILC    (  370): RIL Response bytes written:4
04-14 20:44:36.498 V/RILJ    ( 3447): [UNSL]< UNSOL_OEM_HOOK_RAW 514f454d484f4f4bfa0308000100000000 [SUB0]
04-14 20:44:36.499 D/RILJ    ( 3447): Oem ID in RIL_UNSOL_OEM_HOOK_RAW is QOEMHOOK
04-14 20:44:36.499 D/RILJ    ( 3447): OEM ID check Passed
04-14 20:44:36.499 D/RILJ    ( 3447): Response ID in RIL_UNSOL_OEM_HOOK_RAW is 525306
04-14 20:44:36.499 D/RILJ    ( 3447): WWAN, IWLAN coexistence notified to registrants
04-14 20:44:36.499 E/RILC    (  370): RIL Response bytes written:32
04-14 20:44:36.501 D/RILJ    ( 3447): [2839]> VOICE_REGISTRATION_STATE [SUB0]
04-14 20:44:36.504 D/RILC    (  370): SOCKET RIL_SOCKET_1 REQUEST: OPERATOR length:8
04-14 20:44:36.505 D/RILC    (  370): SOCKET RIL_SOCKET_1 REQUEST: DATA_REGISTRATION_STATE length:8
04-14 20:44:36.506 D/RILJ    ( 3447): [2840]> QUERY_NETWORK_SELECTION_MODE [SUB0]
04-14 20:44:36.506 D/RILC    (  370): SOCKET RIL_SOCKET_1 REQUEST: VOICE_REGISTRATION_STATE length:8
04-14 20:44:36.512 D/RILC    (  370): SOCKET RIL_SOCKET_1 REQUEST: QUERY_NETWORK_SELECTION_MODE length:8
04-14 20:44:36.515 D/QtiGsmDCT( 3447): [0]updateDataActivity: curTxRxSum={txSum=185189 rxSum=225287} preTxRxSum={txSum=185186 rxSum=225283}
04-14 20:44:36.515 D/QtiGsmDCT( 3447): [0]updateDataActivity: sent=3 received=4
04-14 20:44:36.521 I/RILC    (  370): RIL_SOCKET_1 UNSOLICITED: RIL_UNSOL_LTE_REJECT_CAUSE length:16
04-14 20:44:36.521 E/RILC    (  370): Send Response to RIL_SOCKET_1
04-14 20:44:36.521 E/RILC    (  370): RIL Response bytes written:4
04-14 20:44:36.521 E/RILC    (  370): RIL Response bytes written:16
04-14 20:44:36.522 D/RILJ    ( 3447): [UNSL]< RIL_UNSOL_LTE_REJECT_CAUSE {15} [SUB0]
04-14 20:44:36.526 D/RILC    (  370): RequestComplete, RIL_SOCKET_1
04-14 20:44:36.526 E/RILC    (  370): Send Response to RIL_SOCKET_1
04-14 20:44:36.526 E/RILC    (  370): RIL Response bytes written:4
04-14 20:44:36.526 E/RILC    (  370): RIL Response bytes written:120
04-14 20:44:36.527 D/RILJ    ( 3447): [2838]< DATA_REGISTRATION_STATE {1, dff2, 02be3801, 11, null, 20, null, null, null, null, null, 0} [SUB0]
04-14 20:44:36.527 D/GsmSST  ( 3447): isSFROperators result = false
04-14 20:44:36.528 D/PHONE   ( 3447): [ServiceState] setDataRegState=0
04-14 20:44:36.528 D/PHONE   ( 3447): [ServiceState] setDataRadioTechnology=11
04-14 20:44:36.528 D/GsmSST  ( 3447): [GsmSST] LOGRadioInfo : In Service
04-14 20:44:36.528 D/GsmSST  ( 3447): [GsmSST] handlPollStateResultMessage: GsmSST setDataRegState=0 regState=1 dataRadioTechnology=11
04-14 20:44:36.533 D/RILC    (  370): RequestComplete, RIL_SOCKET_1
04-14 20:44:36.533 E/RILC    (  370): Send Response to RIL_SOCKET_1
04-14 20:44:36.533 E/RILC    (  370): RIL Response bytes written:4
04-14 20:44:36.533 E/RILC    (  370): RIL Response bytes written:136
04-14 20:44:36.534 D/RILJ    ( 3447): [2839]< VOICE_REGISTRATION_STATE {1, dff2, 02be3801, 3, null, null, null, 0, null, null, 1, null, null, 0, 3e} [SUB0]
04-14 20:44:36.535 D/PHONE   ( 3447): [ServiceState] setVoiceRegState=0
04-14 20:44:36.535 E/PHONE   ( 3447): [ServiceState] setState deprecated use setVoiceRegState()
04-14 20:44:36.535 D/GsmSST  ( 3447): [GsmSST] LOGRadioInfo : In Service
04-14 20:44:36.539 D/RILC    (  370): RequestComplete, RIL_SOCKET_1
04-14 20:44:36.539 E/RILC    (  370): Send Response to RIL_SOCKET_1
04-14 20:44:36.541 E/RILC    (  370): RIL Response bytes written:4
04-14 20:44:36.542 E/RILC    (  370): RIL Response bytes written:72
04-14 20:44:36.542 D/RILJ    ( 3447): [2837]< OPERATOR {Orange, Orange, 26003} [SUB0]
04-14 20:44:36.542 D/RILC    (  370): RequestComplete, RIL_SOCKET_1
04-14 20:44:36.543 E/RILC    (  370): Send Response to RIL_SOCKET_1
04-14 20:44:36.543 E/RILC    (  370): RIL Response bytes written:4
04-14 20:44:36.543 E/RILC    (  370): RIL Response bytes written:20
04-14 20:44:36.544 D/RILJ    ( 3447): [2840]< QUERY_NETWORK_SELECTION_MODE {0} [SUB0]
04-14 20:44:36.547 D/GsmSST  ( 3447): [GsmSST] Poll ServiceState done:  oldSS=[0 0 voice home data home Orange Orange 26003 Orange Orange 26003  UMTS HSPAP CSS not supported -1 -1 RoamInd=-1 DefRoamInd=-1 EmergOnly=false IsDataRoamingFromRegistration=false mIsVoiceSearching=false mIsDataSearching=false mVoiceNetworkName=null mDataNetworkName=null Check64QAM0 Dual carrier0] newSS=[0 0 voice home data home Orange Orange 26003 Orange Orange 26003  UMTS HSPA CSS not supported -1 -1 RoamInd=-1 DefRoamInd=-1 EmergOnly=false IsDataRoamingFromRegistration=false mIsVoiceSearching=false mIsDataSearching=false mVoiceNetworkName=null mDataNetworkName=null Check64QAM0 Dual carrier0] oldMaxDataCalls=20 mNewMaxDataCalls=20 oldReasonDataDenied=-1 mNewReasonDataDenied=-1
04-14 20:44:36.548 D/PHONE   ( 3447): [ServiceState] setNullState=1
04-14 20:44:36.548 D/TelephonyManager( 3447): setTelephonyProperty: success phoneId=0 property=gsm.network.type value: UMTS propVal=UMTS
04-14 20:44:36.549 I/RILC    (  370): RIL_SOCKET_1 UNSOLICITED: UNSOL_RESPONSE_VOICE_NETWORK_STATE_CHANGED length:8
04-14 20:44:36.549 E/RILC    (  370): Send Response to RIL_SOCKET_1
04-14 20:44:36.549 E/RILC    (  370): RIL Response bytes written:4
04-14 20:44:36.549 D/RILJ    ( 3447): [UNSL]< UNSOL_RESPONSE_VOICE_NETWORK_STATE_CHANGED [SUB0]
04-14 20:44:36.549 E/RILC    (  370): RIL Response bytes written:8
04-14 20:44:36.549 D/SIMRecords( 3447): [SIMRecords] getServiceProviderName: no brandOverride
04-14 20:44:36.549 D/SIMRecords( 3447): [SIMRecords] getServiceProviderName: providerName=Orange
04-14 20:44:36.550 D/SIMRecords( 3447): [SIMRecords] getServiceProviderName: no brandOverride
04-14 20:44:36.550 D/SIMRecords( 3447): [SIMRecords] getServiceProviderName: providerName=Orange
04-14 20:44:36.550 D/GSMPhoneEx( 3447): grandblue SpnMvno = Orange operator = 26003 simMcc  = 260 simMnc  = 03
04-14 20:44:36.550 D/GSMPhoneEx( 3447): grandblue after SpnMvno = Orange operator = 26003 simMcc  = 260 simMnc  = 03
04-14 20:44:36.550 D/TelephonyManager( 3447): setTelephonyProperty: success phoneId=0 property=gsm.operator.alpha value: Orange propVal=Orange
04-14 20:44:36.551 D/TelephonyManager( 3447): setTelephonyProperty: success phoneId=0 property=gsm.operator.numeric value: 26003 propVal=26003
04-14 20:44:36.552 D/TelephonyManager( 3447): setTelephonyProperty: success phoneId=0 property=gsm.operator.iso-country value: pl propVal=pl
04-14 20:44:36.552 D/GsmSST  ( 3447): [GsmSST] shouldFixTimeZoneNow: retVal=false iccCardExist=true operatorNumeric=26003 mcc=260 prevOperatorNumeric=26003 prevMcc=260 needToFixTimeZone=false ltod=04-14 20:44:36.552
04-14 20:44:36.552 D/TelephonyManager( 3447): setTelephonyProperty: success phoneId=0 property=gsm.operator.isroaming value: false propVal=false
04-14 20:44:36.553 D/TelephonyManager( 3447): setTelephonyProperty: success phoneId=0 property=ril.cdma.voiceinservice value: true propVal=true
04-14 20:44:36.553 D/GsmSST  ( 3447): [GsmSST] Broadcasting ServiceState : 0 0 voice home data home Orange Orange 26003 Orange Orange 26003  UMTS HSPA CSS not supported -1 -1 RoamInd=-1 DefRoamInd=-1 EmergOnly=false IsDataRoamingFromRegistration=false mIsVoiceSearching=false mIsDataSearching=false mVoiceNetworkName=null mDataNetworkName=null Check64QAM0 Dual carrier0
04-14 20:44:36.554 D/DefaultPhoneNotifier( 3447): nofityServiceState: mRegistry=com.android.internal.telephony.ITelephonyRegistry$Stub$Proxy@ced2ad0 ss=0 0 voice home data home Orange Orange 26003 Orange Orange 26003  UMTS HSPA CSS not supported -1 -1 RoamInd=-1 DefRoamInd=-1 EmergOnly=false IsDataRoamingFromRegistration=false mIsVoiceSearching=false mIsDataSearching=false mVoiceNetworkName=null mDataNetworkName=null Check64QAM0 Dual carrier0 sender=Handler (com.qti.internal.telephony.gsm.QtiGSMPhone) {560d91e} phondId=0 subId=2
04-14 20:44:36.566 D/SubscriptionManager( 1891): getSimStateForSubscriber: simState=5 slotIdx=0
04-14 20:44:36.569 D/GsmSST  ( 3447): [GsmSST] notifyDataRegStateRilRadioTechnologyChanged: drs=0 rat=11
04-14 20:44:36.570 D/TelephonyManager( 3447): setTelephonyProperty: success phoneId=0 property=gsm.network.type value: HSPA propVal=HSPA
04-14 20:44:36.571 D/QtiGsmDCT( 3447): [0]get all active apn types
04-14 20:44:36.571 D/DC-1    ( 3447): DcActiveState not handled msg.what=EVENT_DATA_CONNECTION_DRS_OR_RAT_CHANGED
04-14 20:44:36.571 D/DC-1    ( 3447): DcDefault msg=EVENT_DATA_CONNECTION_DRS_OR_RAT_CHANGED RefCount=1
04-14 20:44:36.571 D/DC-1    ( 3447): DcDefaultState: EVENT_DATA_CONNECTION_DRS_OR_RAT_CHANGED drs=0 mRilRat=11
04-14 20:44:36.571 D/QtiGsmDCT( 3447): [0]fetchDunApn: Ignore the dun apn in settings.db
04-14 20:44:36.574 D/QtiGsmDCT( 3447): [0]return link properites for default
04-14 20:44:36.576 D/QtiGsmDCT( 3447): [0]getDataEnabled: getIntWithSubId retVal=true
04-14 20:44:36.602 D/QtiGsmDCT( 3447): [0]fetchDunApn: config_tether_apndata dunSetting=null
04-14 20:44:36.602 D/DC-1    ( 3447): isInternetRequested = true
04-14 20:44:36.603 D/DC-1    ( 3447): DcActiveState not handled msg.what=REQ_GET_LINK_PROPERTIES
04-14 20:44:36.603 D/DC-1    ( 3447): DcDefault msg=REQ_GET_LINK_PROPERTIES RefCount=1
04-14 20:44:36.603 D/DC-1    ( 3447): REQ_GET_LINK_PROPERTIES linkProperties{InterfaceName: rmnet_data0 LinkAddresses: [2a00:f41:5022:fe22:fe48:4045:99d8:c4d/64,]  Routes: [::/0 -> fe80::a811:32b5:1d4d:1a72 rmnet_data0,] DnsAddresses: [2a01:1700:3:ffff::9822,2a01:1700:2:ffff::9f01,] Domains: null MTU: 1500 TcpBufferSizes: 40778,244668,3461120,16777,140625,3461120}
04-14 20:44:36.605 D/QtiGsmDCT( 3447): [0]get active pdp is not null, return NetworkCapabilities for default
04-14 20:44:36.605 D/DC-1    ( 3447): DcActiveState not handled msg.what=REQ_GET_NETWORK_CAPABILITIES
04-14 20:44:36.605 D/DC-1    ( 3447): DcDefault msg=REQ_GET_NETWORK_CAPABILITIES RefCount=1
04-14 20:44:36.605 D/QtiGsmDCT( 3447): [0]fetchDunApn: Ignore the dun apn in settings.db
04-14 20:44:36.634 D/QtiGsmDCT( 3447): [0]fetchDunApn: config_tether_apndata dunSetting=null
04-14 20:44:36.634 D/DC-1    ( 3447): isInternetRequested = true
04-14 20:44:36.634 D/DC-1    ( 3447): REQ_GET_NETWORK_CAPABILITIES networkCapabilities[ Transports: CELLULAR Capabilities: SUPL&DUN&INTERNET&NOT_RESTRICTED&TRUSTED&NOT_VPN LinkUpBandwidth>=5898Kbps LinkDnBandwidth>=14336Kbps Specifier: <2>]
04-14 20:44:36.637 D/QtiGsmDCT( 3447): [0]isDataPossible(default): possible=true isDataAllowed=true apnTypePossible=true apnContextisEnabled=true apnContextState()=CONNECTED
04-14 20:44:36.638 D/QtiGsmDCT( 3447): [0]get active apn string for type:default
04-14 20:44:36.638 D/DCT     ( 3447): [ApnContext:default] getApnSetting: apnSetting=[ApnSettingV3] Orange Internet, 695, 26003, internetipv6, , , , , , 1, default | dun | hipri | supl, IPV6, IP, true, 0, 0, 1, false, 0, 0, 0, 0, , , 0, , 
04-14 20:44:36.646 D/TelephonyRegistry( 1891): Notify data connection state changed on sub: 2
04-14 20:44:36.646 D/TelephonyRegistry( 1891): Notify data connection state changed on sub: 2
04-14 20:44:36.646 D/TelephonyRegistry( 1891): Notify data connection state changed on sub: 2
04-14 20:44:36.646 D/TelephonyRegistry( 1891): Notify data connection state changed on sub: 2
04-14 20:44:36.646 D/TelephonyRegistry( 1891): Notify data connection state changed on sub: 2
04-14 20:44:36.646 D/TelephonyRegistry( 1891): Notify data connection state changed on sub: 2
04-14 20:44:36.648 D/TelephonyRegistry( 1891): broadcastPreciseDataConnectionStateChanged():state=2, apnType=default, smCause=(0), reason=null
04-14 20:44:36.649 D/RILJ    ( 3447): [2841]> OPERATOR [SUB0]
04-14 20:44:36.650 D/RILJ    ( 3447): [2842]> DATA_REGISTRATION_STATE [SUB0]
04-14 20:44:36.651 D/RILC    (  370): SOCKET RIL_SOCKET_1 REQUEST: OPERATOR length:8
04-14 20:44:36.651 D/RILJ    ( 3447): [2843]> VOICE_REGISTRATION_STATE [SUB0]
04-14 20:44:36.651 D/RILC    (  370): SOCKET RIL_SOCKET_1 REQUEST: DATA_REGISTRATION_STATE length:8
04-14 20:44:36.652 D/RILJ    ( 3447): [2844]> QUERY_NETWORK_SELECTION_MODE [SUB0]
04-14 20:44:36.653 D/RILC    (  370): SOCKET RIL_SOCKET_1 REQUEST: VOICE_REGISTRATION_STATE length:8
04-14 20:44:36.654 D/RILC    (  370): SOCKET RIL_SOCKET_1 REQUEST: QUERY_NETWORK_SELECTION_MODE length:8
04-14 20:44:36.655 V/LG-FASTDORMANCY( 3447): [DCH/FACH] FDCount : 0 intent received :android.intent.action.SERVICE_STATE
04-14 20:44:36.655 E/PHONE   ( 3447): ServiceState.getRadioTechnology() DEPRECATED will be removed *******
04-14 20:44:36.655 I/LG-FASTDORMANCY( 3447): [DCH/FACH] FDCount : 0 Service State is changed : 0 0 voice home data home Orange Orange 26003 Orange Orange 26003  UMTS HSPA CSS not supported -1 -1 RoamInd=-1 DefRoamInd=-1 EmergOnly=false IsDataRoamingFromRegistration=false mIsVoiceSearching=false mIsDataSearching=false mVoiceNetworkName=null mDataNetworkName=null Check64QAM0 Dual carrier0
04-14 20:44:36.655 I/LG-FASTDORMANCY( 3447): [DCH/FACH] FDCount : 0 radioTech changed!! currenRT = 11 isChange?? true
04-14 20:44:36.657 D/QtiGsmDCT( 3447): [0]QtiDcTracker handleMessage msg={ when=-86ms what=270377 obj=android.os.AsyncResult@5a03fed target=com.qti.internal.telephony.dataconnection.QtiDcTracker }
04-14 20:44:36.657 I/LG-FASTDORMANCY( 3447): [DCH/FACH] FDCount : 0 Radio Tech changed.
04-14 20:44:36.657 D/QtiGsmDCT( 3447): [0]handleMessage msg={ when=-86ms what=270377 obj=android.os.AsyncResult@5a03fed target=com.qti.internal.telephony.dataconnection.QtiDcTracker }
04-14 20:44:36.657 D/QtiGsmDCT( 3447): [0]onUpdateIcc: newIccRecords com.android.internal.telephony.uicc.SIMRecords
04-14 20:44:36.658 D/GsmSST  ( 3447): [GsmSST] getCellLocation(): X good mCellLoc=[57330,46020609,62]
04-14 20:44:36.661 D/RILC    (  370): RequestComplete, RIL_SOCKET_1
04-14 20:44:36.661 E/RILC    (  370): Send Response to RIL_SOCKET_1
04-14 20:44:36.661 E/RILC    (  370): RIL Response bytes written:4
04-14 20:44:36.661 E/RILC    (  370): RIL Response bytes written:72
04-14 20:44:36.662 D/RILJ    ( 3447): [2841]< OPERATOR {Orange, Orange, 26003} [SUB0]
04-14 20:44:36.663 D/LG-FASTDORMANCY( 3447): [DCH/FACH] FDCount : 0 isUMTS(): RadioTech(10)
04-14 20:44:36.666 D/RILC    (  370): RequestComplete, RIL_SOCKET_1
04-14 20:44:36.666 E/RILC    (  370): Send Response to RIL_SOCKET_1
04-14 20:44:36.666 E/RILC    (  370): RIL Response bytes written:4
04-14 20:44:36.666 E/RILC    (  370): RIL Response bytes written:136
04-14 20:44:36.667 D/RILJ    ( 3447): [2843]< VOICE_REGISTRATION_STATE {1, dff2, 02be3801, 3, null, null, null, 0, null, null, 1, null, null, 0, 3e} [SUB0]
04-14 20:44:36.667 D/QtiGsmDCT( 3447): [0]getDataEnabled: getIntWithSubId retVal=true
04-14 20:44:36.668 D/RILC    (  370): RequestComplete, RIL_SOCKET_1
04-14 20:44:36.668 E/RILC    (  370): Send Response to RIL_SOCKET_1
04-14 20:44:36.668 E/RILC    (  370): RIL Response bytes written:4
04-14 20:44:36.668 E/RILC    (  370): RIL Response bytes written:120
04-14 20:44:36.669 D/RILJ    ( 3447): [2842]< DATA_REGISTRATION_STATE {1, dff2, 02be3801, 11, null, 20, null, null, null, null, null, 0} [SUB0]
04-14 20:44:36.670 D/QtiGsmDCT( 3447): [0]getDataOnRoamingEnabled: phoneSubId=2 isDataRoamingEnabled=false
04-14 20:44:36.670 D/QtiGsmDCT( 3447): [0]getDataEnabled: getIntWithSubId retVal=true
04-14 20:44:36.671 D/RILC    (  370): RequestComplete, RIL_SOCKET_1
04-14 20:44:36.671 E/RILC    (  370): Send Response to RIL_SOCKET_1
04-14 20:44:36.671 D/PHONE   ( 3447): [ServiceState] setVoiceRegState=0
04-14 20:44:36.671 E/PHONE   ( 3447): [ServiceState] setState deprecated use setVoiceRegState()
04-14 20:44:36.671 E/RILC    (  370): RIL Response bytes written:4
04-14 20:44:36.671 D/GsmSST  ( 3447): [GsmSST] LOGRadioInfo : In Service
04-14 20:44:36.671 D/GsmSST  ( 3447): isSFROperators result = false
04-14 20:44:36.671 D/PHONE   ( 3447): [ServiceState] setDataRegState=0
04-14 20:44:36.671 D/RILJ    ( 3447): [2844]< QUERY_NETWORK_SELECTION_MODE {0} [SUB0]
04-14 20:44:36.671 D/PHONE   ( 3447): [ServiceState] setDataRadioTechnology=11
04-14 20:44:36.671 D/GsmSST  ( 3447): [GsmSST] LOGRadioInfo : In Service
04-14 20:44:36.671 D/GsmSST  ( 3447): [GsmSST] handlPollStateResultMessage: GsmSST setDataRegState=0 regState=1 dataRadioTechnology=11
04-14 20:44:36.671 E/RILC    (  370): RIL Response bytes written:20
04-14 20:44:36.680 D/GsmSST  ( 3447): [GsmSST] Poll ServiceState done:  oldSS=[0 0 voice home data home Orange Orange 26003 Orange Orange 26003  UMTS HSPA CSS not supported -1 -1 RoamInd=-1 DefRoamInd=-1 EmergOnly=false IsDataRoamingFromRegistration=false mIsVoiceSearching=false mIsDataSearching=false mVoiceNetworkName=null mDataNetworkName=null Check64QAM0 Dual carrier0] newSS=[0 0 voice home data home Orange Orange 26003 Orange Orange 26003  UMTS HSPA CSS not supported -1 -1 RoamInd=-1 DefRoamInd=-1 EmergOnly=false IsDataRoamingFromRegistration=false mIsVoiceSearching=false mIsDataSearching=false mVoiceNetworkName=null mDataNetworkName=null Check64QAM0 Dual carrier0] oldMaxDataCalls=20 mNewMaxDataCalls=20 oldReasonDataDenied=-1 mNewReasonDataDenied=-1
04-14 20:44:36.681 D/PHONE   ( 3447): [ServiceState] setNullState=1
04-14 20:44:36.686 D/RILJ    ( 3447): [2845]> REQUEST_GET_NEIGHBORING_CELL_IDS [SUB0]
04-14 20:44:36.687 D/RILC    (  370): SOCKET RIL_SOCKET_1 REQUEST: GET_NEIGHBORING_CELL_IDS length:8
04-14 20:44:36.688 I/RILQ    (  370): (0/370):RIL[0][main] qcril_qmi_nas_get_neighboring_cell_ids: completed with 0
04-14 20:44:36.699 I/RILQ    (  370): (0/370):RIL[0][qmi_cb] qcril_qmi_nas_get_neighboring_cells_cb: .. qmi error 0, resultqmi  0, qmi transp_err 0, ril res 0
04-14 20:44:36.700 V/LG-FASTDORMANCY( 3447): [DCH/FACH] FDCount : 0 intent received :com.android.internal.telephony.ACTION_CHECK_NETSTAT
04-14 20:44:36.701 D/RILC    (  370): RequestComplete, RIL_SOCKET_1
