04-14 20:44:36.701 E/RILC    (  370): Send Response to RIL_SOCKET_1
04-14 20:44:36.701 E/RILC    (  370): RIL Response bytes written:4
04-14 20:44:36.701 E/RILC    (  370): RIL Response bytes written:184
04-14 20:44:36.701 I/RILQ    (  370): (0/370):RIL[0][qmi_cb] qcril_qmi_nas_get_neighboring_cells_cb: completed with 0 with 6 entries
04-14 20:44:36.704 D/RILJ    ( 3447): [2845]< REQUEST_GET_NEIGHBORING_CELL_IDS {[[126@-92]] [[121@-93]] [[14@-94]] [[17e@-99]] [[128@-99]] [[116@-101]] } [SUB0]
04-14 20:44:36.704 V/LG-FASTDORMANCY( 3447): [DCH/FACH] FDCount : 0 prev: TxPkts(185188), RxPkts(225287)
04-14 20:44:36.704 V/LG-FASTDORMANCY( 3447): [DCH/FACH] FDCount : 0 curr: TxPkts(185190), RxPkts(225287)
04-14 20:44:36.706 I/LG-FASTDORMANCY( 3447): [DCH/FACH] FDCount : 0 Scheduling checkNetStat for 1000msec, current state is [DCH/FACH] FDCount : 0 
04-14 20:44:36.706 I/RILC    (  370): RIL_SOCKET_1 UNSOLICITED: RIL_UNSOL_LTE_REJECT_CAUSE length:16
04-14 20:44:36.706 E/RILC    (  370): Send Response to RIL_SOCKET_1
04-14 20:44:36.706 E/RILC    (  370): RIL Response bytes written:4
04-14 20:44:36.706 E/RILC    (  370): RIL Response bytes written:16
04-14 20:44:36.707 D/RILJ    ( 3447): [UNSL]< RIL_UNSOL_LTE_REJECT_CAUSE {15} [SUB0]
04-14 20:44:36.708 I/RILC    (  370): RIL_SOCKET_1 UNSOLICITED: UNSOL_OEM_HOOK_RAW length:32
04-14 20:44:36.708 E/RILC    (  370): Send Response to RIL_SOCKET_1
04-14 20:44:36.708 E/RILC    (  370): RIL Response bytes written:4
04-14 20:44:36.708 E/RILC    (  370): RIL Response bytes written:32
04-14 20:44:36.709 D/RILJ    ( 3447): [2846]> RIL_REQUEST_GET_CELL_INFO_LIST [SUB0]
04-14 20:44:36.710 I/RILC    (  370): RIL_SOCKET_1 UNSOLICITED: UNSOL_RESPONSE_VOICE_NETWORK_STATE_CHANGED length:8
04-14 20:44:36.710 E/RILC    (  370): Send Response to RIL_SOCKET_1
04-14 20:44:36.710 E/RILC    (  370): RIL Response bytes written:4
04-14 20:44:36.710 E/RILC    (  370): RIL Response bytes written:8
04-14 20:44:36.710 D/RILC    (  370): SOCKET RIL_SOCKET_1 REQUEST: GET_CELL_INFO_LIST length:8
04-14 20:44:36.710 V/RILJ    ( 3447): [UNSL]< UNSOL_OEM_HOOK_RAW 514f454d484f4f4bef0308000100000002 [SUB0]
04-14 20:44:36.710 D/RILJ    ( 3447): Oem ID in RIL_UNSOL_OEM_HOOK_RAW is QOEMHOOK
04-14 20:44:36.710 D/RILJ    ( 3447): OEM ID check Passed
04-14 20:44:36.710 D/RILJ    ( 3447): Response ID in RIL_UNSOL_OEM_HOOK_RAW is 525295
04-14 20:44:36.710 D/RILJ    ( 3447): Response ID 525295 is not served in this process.
04-14 20:44:36.712 D/RILJ    ( 3447): [UNSL]< UNSOL_RESPONSE_VOICE_NETWORK_STATE_CHANGED [SUB0]
04-14 20:44:36.712 D/RILJ    ( 3447): [2847]> OPERATOR [SUB0]
04-14 20:44:36.715 D/RILC    (  370): RequestComplete, RIL_SOCKET_1
04-14 20:44:36.715 E/RILC    (  370): Send Response to RIL_SOCKET_1
04-14 20:44:36.715 E/RILC    (  370): RIL Response bytes written:4
04-14 20:44:36.715 E/RILC    (  370): RIL Response bytes written:352
04-14 20:44:36.716 D/RILJ    ( 3447): [2846]< RIL_REQUEST_GET_CELL_INFO_LIST [CellInfoWcdma:{mRegistered=YES mTimeStampType=oem_ril mTimeStamp=45107817414089ns CellIdentityWcdma:{ mMcc=260 mMnc=3 mLac=57330 mCid=46057510 mPsc=472} CellSignalStrengthWcdma: ss=14 ber=99}, CellInfoWcdma:{mRegistered=NO mTimeStampType=oem_ril mTimeStamp=45107817414089ns CellIdentityWcdma:{ mMcc=2147483647 mMnc=2147483647 mLac=2147483647 mCid=2147483647 mPsc=294} CellSignalStrengthWcdma: ss=11 ber=99}, CellInfoWcdma:{mRegistered=NO mTimeStampType=oem_ril mTimeStamp=45107817414089ns CellIdentityWcdma:{ mMcc=2147483647 mMnc=2147483647 mLac=2147483647 mCid=2147483647 mPsc=289} CellSignalStrengthWcdma: ss=10 ber=99}, CellInfoWcdma:{mRegistered=NO mTimeStampType=oem_ril mTimeStamp=45107817414089ns CellIdentityWcdma:{ mMcc=2147483647 mMnc=2147483647 mLac=2147483647 mCid=2147483647 mPsc=20} CellSignalStrengthWcdma: ss=10 ber=99}, CellInfoWcdma:{mRegistered=NO mTimeStampType=oem_ril mTimeStamp=45107817414089ns CellIdentityWcdma:{ mMcc=2147483647 mMnc=2147483647 mLac=2147483647 mCid=2147483647 mPsc=382} CellSignalStrengthWcdma: ss=7 ber=99}, CellInfoWcdma:{mRegistered=NO mTimeStampType=oem_ril mTimeStamp=45107817414089ns CellIdentityWcdma:{ mMcc=2147483647 mMnc=2147483647 mLac=2147483647 mCid=2147483647 mPsc=296} CellSignalStrengthWcdma: ss=7 ber=99}, CellInfoWcdma:{mRegistered=NO mTimeStampType=oem_ril mTimeStamp=45107817414089ns CellIdentityWcdma:{ mMcc=2147483647 mMnc=2147483647 mLac=2147483647 mCid=2147483647 mPsc=278} CellSignalStrengthWcdma: ss=6 ber=99}] [SUB0]
04-14 20:44:36.716 D/RILJ    ( 3447): [2848]> DATA_REGISTRATION_STATE [SUB0]
04-14 20:44:36.717 D/RILC    (  370): SOCKET RIL_SOCKET_1 REQUEST: OPERATOR length:8
04-14 20:44:36.719 D/RILC    (  370): SOCKET RIL_SOCKET_1 REQUEST: DATA_REGISTRATION_STATE length:8
04-14 20:44:36.721 D/RILJ    ( 3447): [2849]> VOICE_REGISTRATION_STATE [SUB0]
04-14 20:44:36.722 D/RILJ    ( 3447): [2850]> QUERY_NETWORK_SELECTION_MODE [SUB0]
04-14 20:44:36.722 D/RILC    (  370): SOCKET RIL_SOCKET_1 REQUEST: VOICE_REGISTRATION_STATE length:8
04-14 20:44:36.723 D/RILC    (  370): SOCKET RIL_SOCKET_1 REQUEST: QUERY_NETWORK_SELECTION_MODE length:8
04-14 20:44:36.724 D/GsmSST  ( 3447): [GsmSST] SST.getAllCellInfo(): X size=7 list=[CellInfoWcdma:{mRegistered=YES mTimeStampType=oem_ril mTimeStamp=45107817414089ns CellIdentityWcdma:{ mMcc=260 mMnc=3 mLac=57330 mCid=46057510 mPsc=472} CellSignalStrengthWcdma: ss=14 ber=99}, CellInfoWcdma:{mRegistered=NO mTimeStampType=oem_ril mTimeStamp=45107817414089ns CellIdentityWcdma:{ mMcc=2147483647 mMnc=2147483647 mLac=2147483647 mCid=2147483647 mPsc=294} CellSignalStrengthWcdma: ss=11 ber=99}, CellInfoWcdma:{mRegistered=NO mTimeStampType=oem_ril mTimeStamp=45107817414089ns CellIdentityWcdma:{ mMcc=2147483647 mMnc=2147483647 mLac=2147483647 mCid=2147483647 mPsc=289} CellSignalStrengthWcdma: ss=10 ber=99}, CellInfoWcdma:{mRegistered=NO mTimeStampType=oem_ril mTimeStamp=45107817414089ns CellIdentityWcdma:{ mMcc=2147483647 mMnc=2147483647 mLac=2147483647 mCid=2147483647 mPsc=20} CellSignalStrengthWcdma: ss=10 ber=99}, CellInfoWcdma:{mRegistered=NO mTimeStampType=oem_ril mTimeStamp=45107817414089ns CellIdentityWcdma:{ mMcc=2147483647 mMnc=2147483647 mLac=2147483647 mCid=2147483647 mPsc=382} CellSignalStrengthWcdma: ss=7 ber=99}, CellInfoWcdma:{mRegistered=NO mTimeStampType=oem_ril mTimeStamp=45107817414089ns CellIdentityWcdma:{ mMcc=2147483647 mMnc=2147483647 mLac=2147483647 mCid=2147483647 mPsc=296} CellSignalStrengthWcdma: ss=7 ber=99}, CellInfoWcdma:{mRegistered=NO mTimeStampType=oem_ril mTimeStamp=45107817414089ns CellIdentityWcdma:{ mMcc=2147483647 mMnc=2147483647 mLac=2147483647 mCid=2147483647 mPsc=278} CellSignalStrengthWcdma: ss=6 ber=99}]
04-14 20:44:36.728 D/GsmSST  ( 3447): [GsmSST] getCellLocation(): X good mCellLoc=[57330,46020609,62]
04-14 20:44:36.732 D/RILC    (  370): RequestComplete, RIL_SOCKET_1
04-14 20:44:36.732 E/RILC    (  370): Send Response to RIL_SOCKET_1
04-14 20:44:36.733 E/RILC    (  370): RIL Response bytes written:4
04-14 20:44:36.733 E/RILC    (  370): RIL Response bytes written:72
04-14 20:44:36.733 D/RILJ    ( 3447): [2847]< OPERATOR {Orange, Orange, 26003} [SUB0]
04-14 20:44:36.736 D/RILC    (  370): RequestComplete, RIL_SOCKET_1
04-14 20:44:36.736 E/RILC    (  370): Send Response to RIL_SOCKET_1
04-14 20:44:36.736 E/RILC    (  370): RIL Response bytes written:4
04-14 20:44:36.736 E/RILC    (  370): RIL Response bytes written:120
04-14 20:44:36.737 D/RILJ    ( 3447): [2848]< DATA_REGISTRATION_STATE {1, dff2, 02bec826, 11, null, 20, null, null, null, null, null, 0} [SUB0]
04-14 20:44:36.737 D/GsmSST  ( 3447): isSFROperators result = false
04-14 20:44:36.737 D/PHONE   ( 3447): [ServiceState] setDataRegState=0
04-14 20:44:36.737 D/PHONE   ( 3447): [ServiceState] setDataRadioTechnology=11
04-14 20:44:36.737 D/GsmSST  ( 3447): [GsmSST] LOGRadioInfo : In Service
04-14 20:44:36.737 D/GsmSST  ( 3447): [GsmSST] handlPollStateResultMessage: GsmSST setDataRegState=0 regState=1 dataRadioTechnology=11
04-14 20:44:36.738 D/RILC    (  370): RequestComplete, RIL_SOCKET_1
04-14 20:44:36.738 E/RILC    (  370): Send Response to RIL_SOCKET_1
04-14 20:44:36.738 E/RILC    (  370): RIL Response bytes written:4
04-14 20:44:36.738 E/RILC    (  370): RIL Response bytes written:136
04-14 20:44:36.738 D/RILJ    ( 3447): [2849]< VOICE_REGISTRATION_STATE {1, dff2, 02bec826, 3, null, null, null, 0, null, null, 1, null, null, 0, 1d8} [SUB0]
04-14 20:44:36.739 D/RILC    (  370): RequestComplete, RIL_SOCKET_1
04-14 20:44:36.739 E/RILC    (  370): Send Response to RIL_SOCKET_1
04-14 20:44:36.739 D/PHONE   ( 3447): [ServiceState] setVoiceRegState=0
04-14 20:44:36.739 E/PHONE   ( 3447): [ServiceState] setState deprecated use setVoiceRegState()
04-14 20:44:36.739 E/RILC    (  370): RIL Response bytes written:4
04-14 20:44:36.739 D/GsmSST  ( 3447): [GsmSST] LOGRadioInfo : In Service
04-14 20:44:36.739 E/RILC    (  370): RIL Response bytes written:20
04-14 20:44:36.739 D/RILJ    ( 3447): [2850]< QUERY_NETWORK_SELECTION_MODE {0} [SUB0]
04-14 20:44:36.746 D/GsmSST  ( 3447): [GsmSST] Poll ServiceState done:  oldSS=[0 0 voice home data home Orange Orange 26003 Orange Orange 26003  UMTS HSPA CSS not supported -1 -1 RoamInd=-1 DefRoamInd=-1 EmergOnly=false IsDataRoamingFromRegistration=false mIsVoiceSearching=false mIsDataSearching=false mVoiceNetworkName=null mDataNetworkName=null Check64QAM0 Dual carrier0] newSS=[0 0 voice home data home Orange Orange 26003 Orange Orange 26003  UMTS HSPA CSS not supported -1 -1 RoamInd=-1 DefRoamInd=-1 EmergOnly=false IsDataRoamingFromRegistration=false mIsVoiceSearching=false mIsDataSearching=false mVoiceNetworkName=null mDataNetworkName=null Check64QAM0 Dual carrier0] oldMaxDataCalls=20 mNewMaxDataCalls=20 oldReasonDataDenied=-1 mNewReasonDataDenied=-1
04-14 20:44:36.746 D/PHONE   ( 3447): [ServiceState] setNullState=1
04-14 20:44:36.746 D/GsmSST  ( 3447): [GsmSST] getCellLocation(): X good mCellLoc=[57330,46057510,472]
04-14 20:44:36.747 D/TelephonyRegistry( 1891): notifyCellLocationForSubscriber: subId=2 cellLocation=Bundle[mParcelledData.dataSize=64]
04-14 20:44:36.767 D/GsmSST  ( 3447): [GsmSST] getCellLocation(): X good mCellLoc=[57330,46057510,472]
04-14 20:44:36.785 D/RILJ    ( 3447): [2851]> REQUEST_GET_NEIGHBORING_CELL_IDS [SUB0]
04-14 20:44:36.786 D/RILC    (  370): SOCKET RIL_SOCKET_1 REQUEST: GET_NEIGHBORING_CELL_IDS length:8
04-14 20:44:36.787 I/RILQ    (  370): (0/370):RIL[0][main] qcril_qmi_nas_get_neighboring_cell_ids: completed with 0
04-14 20:44:36.791 I/RILQ    (  370): (0/370):RIL[0][qmi_cb] qcril_qmi_nas_get_neighboring_cells_cb: .. qmi error 0, resultqmi  0, qmi transp_err 0, ril res 0
04-14 20:44:36.793 D/RILC    (  370): RequestComplete, RIL_SOCKET_1
04-14 20:44:36.793 E/RILC    (  370): Send Response to RIL_SOCKET_1
04-14 20:44:36.793 E/RILC    (  370): RIL Response bytes written:4
04-14 20:44:36.793 E/RILC    (  370): RIL Response bytes written:184
04-14 20:44:36.793 I/RILQ    (  370): (0/370):RIL[0][qmi_cb] qcril_qmi_nas_get_neighboring_cells_cb: completed with 0 with 6 entries
04-14 20:44:36.795 D/RILJ    ( 3447): [2851]< REQUEST_GET_NEIGHBORING_CELL_IDS {[[126@-92]] [[121@-93]] [[14@-94]] [[17e@-99]] [[128@-99]] [[116@-101]] } [SUB0]
04-14 20:44:36.798 D/GsmSST  ( 3447): [GsmSST] SST.getAllCellInfo(): return last, back to back calls
04-14 20:44:36.799 D/GsmSST  ( 3447): [GsmSST] SST.getAllCellInfo(): X size=7 list=[CellInfoWcdma:{mRegistered=YES mTimeStampType=oem_ril mTimeStamp=45107817414089ns CellIdentityWcdma:{ mMcc=260 mMnc=3 mLac=57330 mCid=46057510 mPsc=472} CellSignalStrengthWcdma: ss=14 ber=99}, CellInfoWcdma:{mRegistered=NO mTimeStampType=oem_ril mTimeStamp=45107817414089ns CellIdentityWcdma:{ mMcc=2147483647 mMnc=2147483647 mLac=2147483647 mCid=2147483647 mPsc=294} CellSignalStrengthWcdma: ss=11 ber=99}, CellInfoWcdma:{mRegistered=NO mTimeStampType=oem_ril mTimeStamp=45107817414089ns CellIdentityWcdma:{ mMcc=2147483647 mMnc=2147483647 mLac=2147483647 mCid=2147483647 mPsc=289} CellSignalStrengthWcdma: ss=10 ber=99}, CellInfoWcdma:{mRegistered=NO mTimeStampType=oem_ril mTimeStamp=45107817414089ns CellIdentityWcdma:{ mMcc=2147483647 mMnc=2147483647 mLac=2147483647 mCid=2147483647 mPsc=20} CellSignalStrengthWcdma: ss=10 ber=99}, CellInfoWcdma:{mRegistered=NO mTimeStampType=oem_ril mTimeStamp=45107817414089ns CellIdentityWcdma:{ mMcc=2147483647 mMnc=2147483647 mLac=2147483647 mCid=2147483647 mPsc=382} CellSignalStrengthWcdma: ss=7 ber=99}, CellInfoWcdma:{mRegistered=NO mTimeStampType=oem_ril mTimeStamp=45107817414089ns CellIdentityWcdma:{ mMcc=2147483647 mMnc=2147483647 mLac=2147483647 mCid=2147483647 mPsc=296} CellSignalStrengthWcdma: ss=7 ber=99}, CellInfoWcdma:{mRegistered=NO mTimeStampType=oem_ril mTimeStamp=45107817414089ns CellIdentityWcdma:{ mMcc=2147483647 mMnc=2147483647 mLac=2147483647 mCid=2147483647 mPsc=278} CellSignalStrengthWcdma: ss=6 ber=99}]
04-14 20:44:36.802 D/GsmSST  ( 3447): [GsmSST] getCellLocation(): X good mCellLoc=[57330,46057510,472]
04-14 20:44:37.135 I/RILC    (  370): RIL_SOCKET_1 UNSOLICITED: RIL_UNSOL_LTE_REJECT_CAUSE length:16
04-14 20:44:37.135 E/RILC    (  370): Send Response to RIL_SOCKET_1
04-14 20:44:37.135 E/RILC    (  370): RIL Response bytes written:4
04-14 20:44:37.135 D/RILJ    ( 3447): [UNSL]< RIL_UNSOL_LTE_REJECT_CAUSE {15} [SUB0]
04-14 20:44:37.135 E/RILC    (  370): RIL Response bytes written:16
04-14 20:44:37.137 I/RILC    (  370): RIL_SOCKET_1 UNSOLICITED: UNSOL_OEM_HOOK_RAW length:32
04-14 20:44:37.137 E/RILC    (  370): Send Response to RIL_SOCKET_1
04-14 20:44:37.138 E/RILC    (  370): RIL Response bytes written:4
04-14 20:44:37.138 V/RILJ    ( 3447): [UNSL]< UNSOL_OEM_HOOK_RAW 514f454d484f4f4bef0308000100000002 [SUB0]
04-14 20:44:37.138 D/RILJ    ( 3447): Oem ID in RIL_UNSOL_OEM_HOOK_RAW is QOEMHOOK
04-14 20:44:37.138 D/RILJ    ( 3447): OEM ID check Passed
04-14 20:44:37.138 D/RILJ    ( 3447): Response ID in RIL_UNSOL_OEM_HOOK_RAW is 525295
04-14 20:44:37.139 D/RILJ    ( 3447): Response ID 525295 is not served in this process.
04-14 20:44:37.139 E/RILC    (  370): RIL Response bytes written:32
04-14 20:44:37.142 I/RILC    (  370): RIL_SOCKET_1 UNSOLICITED: UNSOL_RESPONSE_VOICE_NETWORK_STATE_CHANGED length:8
04-14 20:44:37.142 E/RILC    (  370): Send Response to RIL_SOCKET_1
04-14 20:44:37.143 E/RILC    (  370): RIL Response bytes written:4
04-14 20:44:37.143 D/RILJ    ( 3447): [UNSL]< UNSOL_RESPONSE_VOICE_NETWORK_STATE_CHANGED [SUB0]
04-14 20:44:37.143 E/RILC    (  370): RIL Response bytes written:8
04-14 20:44:37.144 D/RILJ    ( 3447): [2852]> OPERATOR [SUB0]
04-14 20:44:37.146 D/RILJ    ( 3447): [2853]> DATA_REGISTRATION_STATE [SUB0]
04-14 20:44:37.146 I/RILQ    (  370): (0/370):RIL[0][event] qcril_arb_set_dsd_sys_status: old_pref_data 1 - new_data_pref 1
04-14 20:44:37.146 I/RILQ    (  370): (0/370):RIL[0][event] qcril_arb_set_dsd_sys_status: preferred dsd_sys_status nw=0x0, rat_value=0x1, so_mask=0x0000000000000015
04-14 20:44:37.146 I/RILQ    (  370): (0/370):RIL[0][event] qcril_arb_set_dsd_sys_status: preferred 1 - dsd_sys_status nw=0x0, rat_value=0x1, so_mask=0x0000000000000015
04-14 20:44:37.146 I/RILQ    (  370): (0/370):RIL[0][event] qcril_arb_set_dsd_sys_status: is_wwan_available 0
04-14 20:44:37.146 D/RILC    (  370): SOCKET RIL_SOCKET_1 REQUEST: OPERATOR length:8
04-14 20:44:37.147 D/RILJ    ( 3447): [2854]> VOICE_REGISTRATION_STATE [SUB0]
04-14 20:44:37.148 I/RILC    (  370): RIL_SOCKET_1 UNSOLICITED: UNSOL_OEM_HOOK_RAW length:32
04-14 20:44:37.148 E/RILC    (  370): Send Response to RIL_SOCKET_1
04-14 20:44:37.148 E/RILC    (  370): RIL Response bytes written:4
04-14 20:44:37.148 E/RILC    (  370): RIL Response bytes written:32
04-14 20:44:37.148 D/RILC    (  370): SOCKET RIL_SOCKET_1 REQUEST: DATA_REGISTRATION_STATE length:8
04-14 20:44:37.150 D/RILJ    ( 3447): [2855]> QUERY_NETWORK_SELECTION_MODE [SUB0]
04-14 20:44:37.153 V/RILJ    ( 3447): [UNSL]< UNSOL_OEM_HOOK_RAW 514f454d484f4f4bfa0308000100000000 [SUB0]
04-14 20:44:37.153 D/RILJ    ( 3447): Oem ID in RIL_UNSOL_OEM_HOOK_RAW is QOEMHOOK
04-14 20:44:37.153 D/RILJ    ( 3447): OEM ID check Passed
04-14 20:44:37.153 D/RILJ    ( 3447): Response ID in RIL_UNSOL_OEM_HOOK_RAW is 525306
04-14 20:44:37.153 D/RILJ    ( 3447): WWAN, IWLAN coexistence notified to registrants
04-14 20:44:37.154 I/RILC    (  370): RIL_SOCKET_1 UNSOLICITED: RIL_UNSOL_LTE_REJECT_CAUSE length:16
04-14 20:44:37.154 E/RILC    (  370): Send Response to RIL_SOCKET_1
04-14 20:44:37.154 E/RILC    (  370): RIL Response bytes written:4
04-14 20:44:37.154 E/RILC    (  370): RIL Response bytes written:16
04-14 20:44:37.155 D/RILJ    ( 3447): [UNSL]< RIL_UNSOL_LTE_REJECT_CAUSE {15} [SUB0]
04-14 20:44:37.155 D/RILC    (  370): SOCKET RIL_SOCKET_1 REQUEST: VOICE_REGISTRATION_STATE length:8
04-14 20:44:37.157 D/RILC    (  370): SOCKET RIL_SOCKET_1 REQUEST: QUERY_NETWORK_SELECTION_MODE length:8
04-14 20:44:37.163 D/RILC    (  370): RequestComplete, RIL_SOCKET_1
04-14 20:44:37.163 E/RILC    (  370): Send Response to RIL_SOCKET_1
04-14 20:44:37.164 E/RILC    (  370): RIL Response bytes written:4
04-14 20:44:37.164 E/RILC    (  370): RIL Response bytes written:136
04-14 20:44:37.164 D/RILJ    ( 3447): [2854]< VOICE_REGISTRATION_STATE {1, dff2, 02bec826, 3, null, null, null, 0, null, null, 1, null, null, 0, 1d8} [SUB0]
04-14 20:44:37.164 D/PHONE   ( 3447): [ServiceState] setVoiceRegState=0
04-14 20:44:37.164 E/PHONE   ( 3447): [ServiceState] setState deprecated use setVoiceRegState()
04-14 20:44:37.164 D/GsmSST  ( 3447): [GsmSST] LOGRadioInfo : In Service
04-14 20:44:37.167 D/RILC    (  370): RequestComplete, RIL_SOCKET_1
04-14 20:44:37.167 E/RILC    (  370): Send Response to RIL_SOCKET_1
04-14 20:44:37.167 E/RILC    (  370): RIL Response bytes written:4
04-14 20:44:37.167 E/RILC    (  370): RIL Response bytes written:20
04-14 20:44:37.168 D/RILJ    ( 3447): [2855]< QUERY_NETWORK_SELECTION_MODE {0} [SUB0]
04-14 20:44:37.177 D/RILC    (  370): RequestComplete, RIL_SOCKET_1
04-14 20:44:37.177 E/RILC    (  370): Send Response to RIL_SOCKET_1
04-14 20:44:37.177 E/RILC    (  370): RIL Response bytes written:4
04-14 20:44:37.177 E/RILC    (  370): RIL Response bytes written:72
04-14 20:44:37.178 D/RILJ    ( 3447): [2852]< OPERATOR {Orange, Orange, 26003} [SUB0]
04-14 20:44:37.181 D/RILC    (  370): RequestComplete, RIL_SOCKET_1
04-14 20:44:37.181 E/RILC    (  370): Send Response to RIL_SOCKET_1
04-14 20:44:37.181 E/RILC    (  370): RIL Response bytes written:4
04-14 20:44:37.181 E/RILC    (  370): RIL Response bytes written:120
04-14 20:44:37.182 I/RILC    (  370): RIL_SOCKET_1 UNSOLICITED: UNSOL_RESPONSE_VOICE_NETWORK_STATE_CHANGED length:8
04-14 20:44:37.182 E/RILC    (  370): Send Response to RIL_SOCKET_1
04-14 20:44:37.182 E/RILC    (  370): RIL Response bytes written:4
04-14 20:44:37.182 E/RILC    (  370): RIL Response bytes written:8
04-14 20:44:37.182 D/RILJ    ( 3447): [2853]< DATA_REGISTRATION_STATE {1, dff2, 02bec826, 15, null, 20, null, null, null, null, null, 0} [SUB0]
04-14 20:44:37.183 D/GsmSST  ( 3447): isSFROperators result = false
04-14 20:44:37.183 D/PHONE   ( 3447): [ServiceState] setDataRegState=0
04-14 20:44:37.183 D/PHONE   ( 3447): [ServiceState] setDataRadioTechnology=15
04-14 20:44:37.183 D/GsmSST  ( 3447): [GsmSST] LOGRadioInfo : In Service
04-14 20:44:37.183 D/GsmSST  ( 3447): [GsmSST] handlPollStateResultMessage: GsmSST setDataRegState=0 regState=1 dataRadioTechnology=15
04-14 20:44:37.184 D/RILJ    ( 3447): [UNSL]< UNSOL_RESPONSE_VOICE_NETWORK_STATE_CHANGED [SUB0]
04-14 20:44:37.184 D/GsmSST  ( 3447): [GsmSST] Poll ServiceState done:  oldSS=[0 0 voice home data home Orange Orange 26003 Orange Orange 26003  UMTS HSPA CSS not supported -1 -1 RoamInd=-1 DefRoamInd=-1 EmergOnly=false IsDataRoamingFromRegistration=false mIsVoiceSearching=false mIsDataSearching=false mVoiceNetworkName=null mDataNetworkName=null Check64QAM0 Dual carrier0] newSS=[0 0 voice home data home Orange Orange 26003 Orange Orange 26003  UMTS HSPAP CSS not supported -1 -1 RoamInd=-1 DefRoamInd=-1 EmergOnly=false IsDataRoamingFromRegistration=false mIsVoiceSearching=false mIsDataSearching=false mVoiceNetworkName=null mDataNetworkName=null Check64QAM0 Dual carrier0] oldMaxDataCalls=20 mNewMaxDataCalls=20 oldReasonDataDenied=-1 mNewReasonDataDenied=-1
04-14 20:44:37.184 D/PHONE   ( 3447): [ServiceState] setNullState=1
04-14 20:44:37.185 D/TelephonyManager( 3447): setTelephonyProperty: success phoneId=0 property=gsm.network.type value: UMTS propVal=UMTS
04-14 20:44:37.185 D/SIMRecords( 3447): [SIMRecords] getServiceProviderName: no brandOverride
04-14 20:44:37.185 D/SIMRecords( 3447): [SIMRecords] getServiceProviderName: providerName=Orange
04-14 20:44:37.185 D/SIMRecords( 3447): [SIMRecords] getServiceProviderName: no brandOverride
04-14 20:44:37.185 D/SIMRecords( 3447): [SIMRecords] getServiceProviderName: providerName=Orange
04-14 20:44:37.185 D/GSMPhoneEx( 3447): grandblue SpnMvno = Orange operator = 26003 simMcc  = 260 simMnc  = 03
04-14 20:44:37.185 D/GSMPhoneEx( 3447): grandblue after SpnMvno = Orange operator = 26003 simMcc  = 260 simMnc  = 03
04-14 20:44:37.186 D/TelephonyManager( 3447): setTelephonyProperty: success phoneId=0 property=gsm.operator.alpha value: Orange propVal=Orange
04-14 20:44:37.187 D/TelephonyManager( 3447): setTelephonyProperty: success phoneId=0 property=gsm.operator.numeric value: 26003 propVal=26003
04-14 20:44:37.189 D/TelephonyManager( 3447): setTelephonyProperty: success phoneId=0 property=gsm.operator.iso-country value: pl propVal=pl
04-14 20:44:37.193 D/GsmSST  ( 3447): [GsmSST] shouldFixTimeZoneNow: retVal=false iccCardExist=true operatorNumeric=26003 mcc=260 prevOperatorNumeric=26003 prevMcc=260 needToFixTimeZone=false ltod=04-14 20:44:37.192
04-14 20:44:37.193 D/TelephonyManager( 3447): setTelephonyProperty: success phoneId=0 property=gsm.operator.isroaming value: false propVal=false
04-14 20:44:37.195 D/TelephonyManager( 3447): setTelephonyProperty: success phoneId=0 property=ril.cdma.voiceinservice value: true propVal=true
04-14 20:44:37.196 D/GsmSST  ( 3447): [GsmSST] Broadcasting ServiceState : 0 0 voice home data home Orange Orange 26003 Orange Orange 26003  UMTS HSPAP CSS not supported -1 -1 RoamInd=-1 DefRoamInd=-1 EmergOnly=false IsDataRoamingFromRegistration=false mIsVoiceSearching=false mIsDataSearching=false mVoiceNetworkName=null mDataNetworkName=null Check64QAM0 Dual carrier0
04-14 20:44:37.196 D/DefaultPhoneNotifier( 3447): nofityServiceState: mRegistry=com.android.internal.telephony.ITelephonyRegistry$Stub$Proxy@ced2ad0 ss=0 0 voice home data home Orange Orange 26003 Orange Orange 26003  UMTS HSPAP CSS not supported -1 -1 RoamInd=-1 DefRoamInd=-1 EmergOnly=false IsDataRoamingFromRegistration=false mIsVoiceSearching=false mIsDataSearching=false mVoiceNetworkName=null mDataNetworkName=null Check64QAM0 Dual carrier0 sender=Handler (com.qti.internal.telephony.gsm.QtiGSMPhone) {560d91e} phondId=0 subId=2
04-14 20:44:37.206 D/SubscriptionManager( 1891): getSimStateForSubscriber: simState=5 slotIdx=0
04-14 20:44:37.211 D/GsmSST  ( 3447): [GsmSST] notifyDataRegStateRilRadioTechnologyChanged: drs=0 rat=15
04-14 20:44:37.211 D/TelephonyManager( 3447): setTelephonyProperty: success phoneId=0 property=gsm.network.type value: HSPAP propVal=HSPAP
04-14 20:44:37.214 D/QtiGsmDCT( 3447): [0]get all active apn types
04-14 20:44:37.214 D/DC-1    ( 3447): DcActiveState not handled msg.what=EVENT_DATA_CONNECTION_DRS_OR_RAT_CHANGED
04-14 20:44:37.214 D/DC-1    ( 3447): DcDefault msg=EVENT_DATA_CONNECTION_DRS_OR_RAT_CHANGED RefCount=1
04-14 20:44:37.214 D/DC-1    ( 3447): DcDefaultState: EVENT_DATA_CONNECTION_DRS_OR_RAT_CHANGED drs=0 mRilRat=15
04-14 20:44:37.214 D/QtiGsmDCT( 3447): [0]fetchDunApn: Ignore the dun apn in settings.db
04-14 20:44:37.215 D/QtiGsmDCT( 3447): [0]return link properites for default
04-14 20:44:37.216 D/QtiGsmDCT( 3447): [0]getDataEnabled: getIntWithSubId retVal=true
04-14 20:44:37.245 D/QtiGsmDCT( 3447): [0]fetchDunApn: config_tether_apndata dunSetting=null
04-14 20:44:37.245 D/DC-1    ( 3447): isInternetRequested = true
04-14 20:44:37.247 D/DC-1    ( 3447): DcActiveState not handled msg.what=REQ_GET_LINK_PROPERTIES
04-14 20:44:37.247 D/DC-1    ( 3447): DcDefault msg=REQ_GET_LINK_PROPERTIES RefCount=1
04-14 20:44:37.247 D/DC-1    ( 3447): REQ_GET_LINK_PROPERTIES linkProperties{InterfaceName: rmnet_data0 LinkAddresses: [2a00:f41:5022:fe22:fe48:4045:99d8:c4d/64,]  Routes: [::/0 -> fe80::a811:32b5:1d4d:1a72 rmnet_data0,] DnsAddresses: [2a01:1700:3:ffff::9822,2a01:1700:2:ffff::9f01,] Domains: null MTU: 1500 TcpBufferSizes: 122334,734003,3461120,32040,192239,3461120}
04-14 20:44:37.248 D/QtiGsmDCT( 3447): [0]get active pdp is not null, return NetworkCapabilities for default
04-14 20:44:37.248 D/DC-1    ( 3447): DcActiveState not handled msg.what=REQ_GET_NETWORK_CAPABILITIES
04-14 20:44:37.248 D/DC-1    ( 3447): DcDefault msg=REQ_GET_NETWORK_CAPABILITIES RefCount=1
04-14 20:44:37.249 D/QtiGsmDCT( 3447): [0]fetchDunApn: Ignore the dun apn in settings.db
04-14 20:44:37.275 D/QtiGsmDCT( 3447): [0]fetchDunApn: config_tether_apndata dunSetting=null
04-14 20:44:37.275 D/DC-1    ( 3447): isInternetRequested = true
04-14 20:44:37.276 D/DC-1    ( 3447): REQ_GET_NETWORK_CAPABILITIES networkCapabilities[ Transports: CELLULAR Capabilities: SUPL&DUN&INTERNET&NOT_RESTRICTED&TRUSTED&NOT_VPN LinkUpBandwidth>=11264Kbps LinkDnBandwidth>=43008Kbps Specifier: <2>]
04-14 20:44:37.278 D/QtiGsmDCT( 3447): [0]isDataPossible(default): possible=true isDataAllowed=true apnTypePossible=true apnContextisEnabled=true apnContextState()=CONNECTED
04-14 20:44:37.278 D/QtiGsmDCT( 3447): [0]get active apn string for type:default
04-14 20:44:37.278 D/DCT     ( 3447): [ApnContext:default] getApnSetting: apnSetting=[ApnSettingV3] Orange Internet, 695, 26003, internetipv6, , , , , , 1, default | dun | hipri | supl, IPV6, IP, true, 0, 0, 1, false, 0, 0, 0, 0, , , 0, , 
04-14 20:44:37.282 D/TelephonyRegistry( 1891): Notify data connection state changed on sub: 2
04-14 20:44:37.282 D/TelephonyRegistry( 1891): Notify data connection state changed on sub: 2
04-14 20:44:37.282 D/TelephonyRegistry( 1891): Notify data connection state changed on sub: 2
04-14 20:44:37.282 D/TelephonyRegistry( 1891): Notify data connection state changed on sub: 2
04-14 20:44:37.282 D/TelephonyRegistry( 1891): Notify data connection state changed on sub: 2
04-14 20:44:37.282 D/TelephonyRegistry( 1891): Notify data connection state changed on sub: 2
04-14 20:44:37.283 D/TelephonyRegistry( 1891): broadcastPreciseDataConnectionStateChanged():state=2, apnType=default, smCause=(0), reason=null
04-14 20:44:37.284 D/RILJ    ( 3447): [2856]> OPERATOR [SUB0]
04-14 20:44:37.286 D/RILJ    ( 3447): [2857]> DATA_REGISTRATION_STATE [SUB0]
04-14 20:44:37.286 D/RILC    (  370): SOCKET RIL_SOCKET_1 REQUEST: OPERATOR length:8
04-14 20:44:37.290 D/RILJ    ( 3447): [2858]> VOICE_REGISTRATION_STATE [SUB0]
04-14 20:44:37.290 D/RILC    (  370): SOCKET RIL_SOCKET_1 REQUEST: DATA_REGISTRATION_STATE length:8
04-14 20:44:37.291 D/RILJ    ( 3447): [2859]> QUERY_NETWORK_SELECTION_MODE [SUB0]
04-14 20:44:37.292 D/RILC    (  370): SOCKET RIL_SOCKET_1 REQUEST: VOICE_REGISTRATION_STATE length:8
04-14 20:44:37.293 D/RILC    (  370): SOCKET RIL_SOCKET_1 REQUEST: QUERY_NETWORK_SELECTION_MODE length:8
04-14 20:44:37.293 V/LG-FASTDORMANCY( 3447): [DCH/FACH] FDCount : 0 intent received :android.intent.action.SERVICE_STATE
04-14 20:44:37.293 E/PHONE   ( 3447): ServiceState.getRadioTechnology() DEPRECATED will be removed *******
04-14 20:44:37.294 I/LG-FASTDORMANCY( 3447): [DCH/FACH] FDCount : 0 Service State is changed : 0 0 voice home data home Orange Orange 26003 Orange Orange 26003  UMTS HSPAP CSS not supported -1 -1 RoamInd=-1 DefRoamInd=-1 EmergOnly=false IsDataRoamingFromRegistration=false mIsVoiceSearching=false mIsDataSearching=false mVoiceNetworkName=null mDataNetworkName=null Check64QAM0 Dual carrier0
04-14 20:44:37.294 I/LG-FASTDORMANCY( 3447): [DCH/FACH] FDCount : 0 radioTech changed!! currenRT = 15 isChange?? true
04-14 20:44:37.294 D/GsmSST  ( 3447): [GsmSST] getCellLocation(): X good mCellLoc=[57330,46057510,472]
04-14 20:44:37.296 D/RILC    (  370): RequestComplete, RIL_SOCKET_1
04-14 20:44:37.296 E/RILC    (  370): Send Response to RIL_SOCKET_1
04-14 20:44:37.296 E/RILC    (  370): RIL Response bytes written:4
04-14 20:44:37.296 E/RILC    (  370): RIL Response bytes written:72
04-14 20:44:37.296 D/RILJ    ( 3447): [2856]< OPERATOR {Orange, Orange, 26003} [SUB0]
04-14 20:44:37.296 D/QtiGsmDCT( 3447): [0]QtiDcTracker handleMessage msg={ when=-82ms what=270377 obj=android.os.AsyncResult@7039e22 target=com.qti.internal.telephony.dataconnection.QtiDcTracker }
04-14 20:44:37.297 D/QtiGsmDCT( 3447): [0]handleMessage msg={ when=-82ms what=270377 obj=android.os.AsyncResult@7039e22 target=com.qti.internal.telephony.dataconnection.QtiDcTracker }
04-14 20:44:37.297 D/QtiGsmDCT( 3447): [0]onUpdateIcc: newIccRecords com.android.internal.telephony.uicc.SIMRecords
04-14 20:44:37.297 I/LG-FASTDORMANCY( 3447): [DCH/FACH] FDCount : 0 Radio Tech changed.
04-14 20:44:37.299 D/LG-FASTDORMANCY( 3447): [DCH/FACH] FDCount : 0 isUMTS(): RadioTech(15)
04-14 20:44:37.299 D/RILC    (  370): RequestComplete, RIL_SOCKET_1
04-14 20:44:37.299 E/RILC    (  370): Send Response to RIL_SOCKET_1
04-14 20:44:37.301 E/RILC    (  370): RIL Response bytes written:4
04-14 20:44:37.301 E/RILC    (  370): RIL Response bytes written:120
04-14 20:44:37.301 D/RILJ    ( 3447): [2857]< DATA_REGISTRATION_STATE {1, dff2, 02bec826, 15, null, 20, null, null, null, null, null, 0} [SUB0]
04-14 20:44:37.302 D/QtiGsmDCT( 3447): [0]getDataEnabled: getIntWithSubId retVal=true
04-14 20:44:37.303 D/RILC    (  370): RequestComplete, RIL_SOCKET_1
04-14 20:44:37.303 E/RILC    (  370): Send Response to RIL_SOCKET_1
04-14 20:44:37.303 E/RILC    (  370): RIL Response bytes written:4
04-14 20:44:37.303 E/RILC    (  370): RIL Response bytes written:20
04-14 20:44:37.303 D/RILJ    ( 3447): [2859]< QUERY_NETWORK_SELECTION_MODE {0} [SUB0]
04-14 20:44:37.304 D/RILC    (  370): RequestComplete, RIL_SOCKET_1
04-14 20:44:37.304 E/RILC    (  370): Send Response to RIL_SOCKET_1
04-14 20:44:37.304 E/RILC    (  370): RIL Response bytes written:4
04-14 20:44:37.304 E/RILC    (  370): RIL Response bytes written:136
04-14 20:44:37.304 D/RILJ    ( 3447): [2858]< VOICE_REGISTRATION_STATE {1, dff2, 02bec826, 3, null, null, null, 0, null, null, 1, null, null, 0, 1d8} [SUB0]
04-14 20:44:37.310 D/QtiGsmDCT( 3447): [0]getDataOnRoamingEnabled: phoneSubId=2 isDataRoamingEnabled=false
04-14 20:44:37.310 D/QtiGsmDCT( 3447): [0]getDataEnabled: getIntWithSubId retVal=true
04-14 20:44:37.311 D/GsmSST  ( 3447): isSFROperators result = false
04-14 20:44:37.311 D/PHONE   ( 3447): [ServiceState] setDataRegState=0
04-14 20:44:37.311 D/PHONE   ( 3447): [ServiceState] setDataRadioTechnology=15
04-14 20:44:37.311 D/GsmSST  ( 3447): [GsmSST] LOGRadioInfo : In Service
04-14 20:44:37.311 D/GsmSST  ( 3447): [GsmSST] handlPollStateResultMessage: GsmSST setDataRegState=0 regState=1 dataRadioTechnology=15
04-14 20:44:37.311 D/PHONE   ( 3447): [ServiceState] setVoiceRegState=0
04-14 20:44:37.311 E/PHONE   ( 3447): [ServiceState] setState deprecated use setVoiceRegState()
04-14 20:44:37.311 D/GsmSST  ( 3447): [GsmSST] LOGRadioInfo : In Service
04-14 20:44:37.313 D/GsmSST  ( 3447): [GsmSST] Poll ServiceState done:  oldSS=[0 0 voice home data home Orange Orange 26003 Orange Orange 26003  UMTS HSPAP CSS not supported -1 -1 RoamInd=-1 DefRoamInd=-1 EmergOnly=false IsDataRoamingFromRegistration=false mIsVoiceSearching=false mIsDataSearching=false mVoiceNetworkName=null mDataNetworkName=null Check64QAM0 Dual carrier0] newSS=[0 0 voice home data home Orange Orange 26003 Orange Orange 26003  UMTS HSPAP CSS not supported -1 -1 RoamInd=-1 DefRoamInd=-1 EmergOnly=false IsDataRoamingFromRegistration=false mIsVoiceSearching=false mIsDataSearching=false mVoiceNetworkName=null mDataNetworkName=null Check64QAM0 Dual carrier0] oldMaxDataCalls=20 mNewMaxDataCalls=20 oldReasonDataDenied=-1 mNewReasonDataDenied=-1
04-14 20:44:37.313 D/PHONE   ( 3447): [ServiceState] setNullState=1
04-14 20:44:37.318 D/RILJ    ( 3447): [2860]> REQUEST_GET_NEIGHBORING_CELL_IDS [SUB0]
04-14 20:44:37.320 D/RILC    (  370): SOCKET RIL_SOCKET_1 REQUEST: GET_NEIGHBORING_CELL_IDS length:8
04-14 20:44:37.320 I/RILQ    (  370): (0/370):RIL[0][main] qcril_qmi_nas_get_neighboring_cell_ids: completed with 0
04-14 20:44:37.323 I/RILQ    (  370): (0/370):RIL[0][qmi_cb] qcril_qmi_nas_get_neighboring_cells_cb: .. qmi error 0, resultqmi  0, qmi transp_err 0, ril res 0
04-14 20:44:37.326 D/RILC    (  370): RequestComplete, RIL_SOCKET_1
04-14 20:44:37.326 E/RILC    (  370): Send Response to RIL_SOCKET_1
04-14 20:44:37.326 E/RILC    (  370): RIL Response bytes written:4
04-14 20:44:37.326 E/RILC    (  370): RIL Response bytes written:184
04-14 20:44:37.326 I/RILQ    (  370): (0/370):RIL[0][qmi_cb] qcril_qmi_nas_get_neighboring_cells_cb: completed with 0 with 6 entries
04-14 20:44:37.328 D/RILJ    ( 3447): [2860]< REQUEST_GET_NEIGHBORING_CELL_IDS {[[]] [[]] [[]] [[]] [[]] [[]] } [SUB0]
04-14 20:44:37.331 D/GsmSST  ( 3447): [GsmSST] SST.getAllCellInfo(): return last, back to back calls
04-14 20:44:37.331 D/GsmSST  ( 3447): [GsmSST] SST.getAllCellInfo(): X size=7 list=[CellInfoWcdma:{mRegistered=YES mTimeStampType=oem_ril mTimeStamp=45107817414089ns CellIdentityWcdma:{ mMcc=260 mMnc=3 mLac=57330 mCid=46057510 mPsc=472} CellSignalStrengthWcdma: ss=14 ber=99}, CellInfoWcdma:{mRegistered=NO mTimeStampType=oem_ril mTimeStamp=45107817414089ns CellIdentityWcdma:{ mMcc=2147483647 mMnc=2147483647 mLac=2147483647 mCid=2147483647 mPsc=294} CellSignalStrengthWcdma: ss=11 ber=99}, CellInfoWcdma:{mRegistered=NO mTimeStampType=oem_ril mTimeStamp=45107817414089ns CellIdentityWcdma:{ mMcc=2147483647 mMnc=2147483647 mLac=2147483647 mCid=2147483647 mPsc=289} CellSignalStrengthWcdma: ss=10 ber=99}, CellInfoWcdma:{mRegistered=NO mTimeStampType=oem_ril mTimeStamp=45107817414089ns CellIdentityWcdma:{ mMcc=2147483647 mMnc=2147483647 mLac=2147483647 mCid=2147483647 mPsc=20} CellSignalStrengthWcdma: ss=10 ber=99}, CellInfoWcdma:{mRegistered=NO mTimeStampType=oem_ril mTimeStamp=45107817414089ns CellIdentityWcdma:{ mMcc=2147483647 mMnc=2147483647 mLac=2147483647 mCid=2147483647 mPsc=382} CellSignalStrengthWcdma: ss=7 ber=99}, CellInfoWcdma:{mRegistered=NO mTimeStampType=oem_ril mTimeStamp=45107817414089ns CellIdentityWcdma:{ mMcc=2147483647 mMnc=2147483647 mLac=2147483647 mCid=2147483647 mPsc=296} CellSignalStrengthWcdma: ss=7 ber=99}, CellInfoWcdma:{mRegistered=NO mTimeStampType=oem_ril mTimeStamp=45107817414089ns CellIdentityWcdma:{ mMcc=2147483647 mMnc=2147483647 mLac=2147483647 mCid=2147483647 mPsc=278} CellSignalStrengthWcdma: ss=6 ber=99}]
04-14 20:44:37.336 D/GsmSST  ( 3447): [GsmSST] getCellLocation(): X good mCellLoc=[57330,46057510,472]
04-14 20:44:37.519 D/QtiGsmDCT( 3447): [0]updateDataActivity: curTxRxSum={txSum=185197 rxSum=225294} preTxRxSum={txSum=185189 rxSum=225287}
04-14 20:44:37.519 D/QtiGsmDCT( 3447): [0]updateDataActivity: sent=8 received=7
04-14 20:44:37.712 V/LG-FASTDORMANCY( 3447): [DCH/FACH] FDCount : 0 intent received :com.android.internal.telephony.ACTION_CHECK_NETSTAT
04-14 20:44:37.716 V/LG-FASTDORMANCY( 3447): [DCH/FACH] FDCount : 0 prev: TxPkts(185190), RxPkts(225287)
04-14 20:44:37.716 V/LG-FASTDORMANCY( 3447): [DCH/FACH] FDCount : 0 curr: TxPkts(185198), RxPkts(225298)
04-14 20:44:37.716 I/LG-FASTDORMANCY( 3447): [DCH/FACH] FDCount : 0 Scheduling checkNetStat for 1000msec, current state is [DCH/FACH] FDCount : 0 
04-14 20:44:38.523 D/QtiGsmDCT( 3447): [0]updateDataActivity: curTxRxSum={txSum=185198 rxSum=225298} preTxRxSum={txSum=185197 rxSum=225294}
04-14 20:44:38.523 D/QtiGsmDCT( 3447): [0]updateDataActivity: sent=1 received=4
04-14 20:44:38.725 V/LG-FASTDORMANCY( 3447): [DCH/FACH] FDCount : 0 intent received :com.android.internal.telephony.ACTION_CHECK_NETSTAT
04-14 20:44:38.730 V/LG-FASTDORMANCY( 3447): [DCH/FACH] FDCount : 0 prev: TxPkts(185198), RxPkts(225298)
04-14 20:44:38.730 V/LG-FASTDORMANCY( 3447): [DCH/FACH] FDCount : 0 curr: TxPkts(185198), RxPkts(225298)
04-14 20:44:38.731 I/LG-FASTDORMANCY( 3447): [DCH/FACH] FDCount : 1 Scheduling checkNetStat for 1000msec, current state is [DCH/FACH] FDCount : 1 
04-14 20:44:39.526 D/QtiGsmDCT( 3447): [0]updateDataActivity: curTxRxSum={txSum=185198 rxSum=225298} preTxRxSum={txSum=185198 rxSum=225298}
04-14 20:44:39.526 D/QtiGsmDCT( 3447): [0]updateDataActivity: sent=0 received=0
04-14 20:44:39.526 D/QtiGsmDCT( 3447): [0]updateDataActivity: newActivity=NONE
04-14 20:44:39.533 D/QtiGsmDCT( 3447): [0]getDataEnabled: getIntWithSubId retVal=true
04-14 20:44:39.733 V/LG-FASTDORMANCY( 3447): [DCH/FACH] FDCount : 1 intent received :com.android.internal.telephony.ACTION_CHECK_NETSTAT
04-14 20:44:39.739 V/LG-FASTDORMANCY( 3447): [DCH/FACH] FDCount : 1 prev: TxPkts(185198), RxPkts(225298)
04-14 20:44:39.740 V/LG-FASTDORMANCY( 3447): [DCH/FACH] FDCount : 1 curr: TxPkts(185198), RxPkts(225298)
04-14 20:44:39.740 I/LG-FASTDORMANCY( 3447): [DCH/FACH] FDCount : 2 Scheduling checkNetStat for 1000msec, current state is [DCH/FACH] FDCount : 2 
04-14 20:44:40.533 D/QtiGsmDCT( 3447): [0]updateDataActivity: curTxRxSum={txSum=185198 rxSum=225298} preTxRxSum={txSum=185198 rxSum=225298}
04-14 20:44:40.534 D/QtiGsmDCT( 3447): [0]updateDataActivity: sent=0 received=0
04-14 20:44:40.743 V/LG-FASTDORMANCY( 3447): [DCH/FACH] FDCount : 2 intent received :com.android.internal.telephony.ACTION_CHECK_NETSTAT
04-14 20:44:40.749 V/LG-FASTDORMANCY( 3447): [DCH/FACH] FDCount : 2 prev: TxPkts(185198), RxPkts(225298)
04-14 20:44:40.749 V/LG-FASTDORMANCY( 3447): [DCH/FACH] FDCount : 2 curr: TxPkts(185198), RxPkts(225298)
04-14 20:44:40.750 I/LG-FASTDORMANCY( 3447): [DCH/FACH] FDCount : 3 Scheduling checkNetStat for 1000msec, current state is [DCH/FACH] FDCount : 3 
04-14 20:44:41.538 D/QtiGsmDCT( 3447): [0]updateDataActivity: curTxRxSum={txSum=185198 rxSum=225298} preTxRxSum={txSum=185198 rxSum=225298}
04-14 20:44:41.538 D/QtiGsmDCT( 3447): [0]updateDataActivity: sent=0 received=0
04-14 20:44:41.754 V/LG-FASTDORMANCY( 3447): [DCH/FACH] FDCount : 3 intent received :com.android.internal.telephony.ACTION_CHECK_NETSTAT
04-14 20:44:41.760 V/LG-FASTDORMANCY( 3447): [DCH/FACH] FDCount : 3 prev: TxPkts(185198), RxPkts(225298)
04-14 20:44:41.760 V/LG-FASTDORMANCY( 3447): [DCH/FACH] FDCount : 3 curr: TxPkts(185198), RxPkts(225298)
04-14 20:44:41.761 I/LG-FASTDORMANCY( 3447): [DCH/FACH] FDCount : 4 Scheduling checkNetStat for 1000msec, current state is [DCH/FACH] FDCount : 4 
04-14 20:44:42.541 D/QtiGsmDCT( 3447): [0]updateDataActivity: curTxRxSum={txSum=185198 rxSum=225298} preTxRxSum={txSum=185198 rxSum=225298}
04-14 20:44:42.542 D/QtiGsmDCT( 3447): [0]updateDataActivity: sent=0 received=0
04-14 20:44:42.767 V/LG-FASTDORMANCY( 3447): [DCH/FACH] FDCount : 4 intent received :com.android.internal.telephony.ACTION_CHECK_NETSTAT
04-14 20:44:42.773 V/LG-FASTDORMANCY( 3447): [DCH/FACH] FDCount : 4 prev: TxPkts(185198), RxPkts(225298)
04-14 20:44:42.773 V/LG-FASTDORMANCY( 3447): [DCH/FACH] FDCount : 4 curr: TxPkts(185198), RxPkts(225298)
04-14 20:44:42.773 I/LG-FASTDORMANCY( 3447): [DCH/FACH] FDCount : 5 Scheduling checkNetStat for 1000msec, current state is [DCH/FACH] FDCount : 5 
04-14 20:44:42.923 D/QtiGsmDCT( 3447): [0]onReceive: action=com.android.internal.telephony.data-stall
04-14 20:44:42.926 D/QtiGsmDCT( 3447): [0]QtiDcTracker handleMessage msg={ when=-3ms what=270353 arg1=32351 obj=com.android.internal.telephony.data-stall target=com.qti.internal.telephony.dataconnection.QtiDcTracker }
04-14 20:44:42.926 D/QtiGsmDCT( 3447): [0]handleMessage msg={ when=-3ms what=270353 arg1=32351 obj=com.android.internal.telephony.data-stall target=com.qti.internal.telephony.dataconnection.QtiDcTracker }
04-14 20:44:42.935 D/QtiGsmDCT( 3447): [0]overall state is CONNECTED
04-14 20:44:43.545 D/QtiGsmDCT( 3447): [0]updateDataActivity: curTxRxSum={txSum=185198 rxSum=225298} preTxRxSum={txSum=185198 rxSum=225298}
04-14 20:44:43.546 D/QtiGsmDCT( 3447): [0]updateDataActivity: sent=0 received=0
04-14 20:44:43.777 V/LG-FASTDORMANCY( 3447): [DCH/FACH] FDCount : 5 intent received :com.android.internal.telephony.ACTION_CHECK_NETSTAT
04-14 20:44:43.781 V/LG-FASTDORMANCY( 3447): [DCH/FACH] FDCount : 5 prev: TxPkts(185198), RxPkts(225298)
04-14 20:44:43.781 V/LG-FASTDORMANCY( 3447): [DCH/FACH] FDCount : 5 curr: TxPkts(185198), RxPkts(225298)
04-14 20:44:43.782 I/LG-FASTDORMANCY( 3447): [DCH/FACH] FDCount : 6 Scheduling checkNetStat for 1000msec, current state is [DCH/FACH] FDCount : 6 
04-14 20:44:44.550 D/QtiGsmDCT( 3447): [0]updateDataActivity: curTxRxSum={txSum=185199 rxSum=225299} preTxRxSum={txSum=185198 rxSum=225298}
04-14 20:44:44.550 D/QtiGsmDCT( 3447): [0]updateDataActivity: sent=1 received=1
04-14 20:44:44.550 D/QtiGsmDCT( 3447): [0]updateDataActivity: newActivity=DATAINANDOUT
04-14 20:44:44.563 D/QtiGsmDCT( 3447): [0]getDataEnabled: getIntWithSubId retVal=true
04-14 20:44:44.786 V/LG-FASTDORMANCY( 3447): [DCH/FACH] FDCount : 6 intent received :com.android.internal.telephony.ACTION_CHECK_NETSTAT
04-14 20:44:44.790 V/LG-FASTDORMANCY( 3447): [DCH/FACH] FDCount : 6 prev: TxPkts(185198), RxPkts(225298)
04-14 20:44:44.790 V/LG-FASTDORMANCY( 3447): [DCH/FACH] FDCount : 6 curr: TxPkts(185200), RxPkts(225300)
04-14 20:44:44.791 I/LG-FASTDORMANCY( 3447): [DCH/FACH] FDCount : 0 Scheduling checkNetStat for 1000msec, current state is [DCH/FACH] FDCount : 0 
04-14 20:44:45.556 D/QtiGsmDCT( 3447): [0]updateDataActivity: curTxRxSum={txSum=185200 rxSum=225300} preTxRxSum={txSum=185199 rxSum=225299}
04-14 20:44:45.556 D/QtiGsmDCT( 3447): [0]updateDataActivity: sent=1 received=1
04-14 20:44:45.795 V/LG-FASTDORMANCY( 3447): [DCH/FACH] FDCount : 0 intent received :com.android.internal.telephony.ACTION_CHECK_NETSTAT
04-14 20:44:45.801 V/LG-FASTDORMANCY( 3447): [DCH/FACH] FDCount : 0 prev: TxPkts(185200), RxPkts(225300)
04-14 20:44:45.801 V/LG-FASTDORMANCY( 3447): [DCH/FACH] FDCount : 0 curr: TxPkts(185200), RxPkts(225300)
04-14 20:44:45.802 I/LG-FASTDORMANCY( 3447): [DCH/FACH] FDCount : 1 Scheduling checkNetStat for 1000msec, current state is [DCH/FACH] FDCount : 1 
04-14 20:44:46.567 D/QtiGsmDCT( 3447): [0]updateDataActivity: curTxRxSum={txSum=185205 rxSum=225303} preTxRxSum={txSum=185200 rxSum=225300}
04-14 20:44:46.567 D/QtiGsmDCT( 3447): [0]updateDataActivity: sent=5 received=3
04-14 20:44:46.805 V/LG-FASTDORMANCY( 3447): [DCH/FACH] FDCount : 1 intent received :com.android.internal.telephony.ACTION_CHECK_NETSTAT
04-14 20:44:46.810 V/LG-FASTDORMANCY( 3447): [DCH/FACH] FDCount : 1 prev: TxPkts(185200), RxPkts(225300)
04-14 20:44:46.810 V/LG-FASTDORMANCY( 3447): [DCH/FACH] FDCount : 1 curr: TxPkts(185205), RxPkts(225306)
04-14 20:44:46.811 I/LG-FASTDORMANCY( 3447): [DCH/FACH] FDCount : 0 Scheduling checkNetStat for 1000msec, current state is [DCH/FACH] FDCount : 0 
04-14 20:44:47.571 D/QtiGsmDCT( 3447): [0]updateDataActivity: curTxRxSum={txSum=185207 rxSum=225308} preTxRxSum={txSum=185205 rxSum=225303}
04-14 20:44:47.571 D/QtiGsmDCT( 3447): [0]updateDataActivity: sent=2 received=5
04-14 20:44:47.816 V/LG-FASTDORMANCY( 3447): [DCH/FACH] FDCount : 0 intent received :com.android.internal.telephony.ACTION_CHECK_NETSTAT
04-14 20:44:47.823 V/LG-FASTDORMANCY( 3447): [DCH/FACH] FDCount : 0 prev: TxPkts(185205), RxPkts(225306)
04-14 20:44:47.823 V/LG-FASTDORMANCY( 3447): [DCH/FACH] FDCount : 0 curr: TxPkts(185210), RxPkts(225311)
04-14 20:44:47.824 I/LG-FASTDORMANCY( 3447): [DCH/FACH] FDCount : 0 Scheduling checkNetStat for 1000msec, current state is [DCH/FACH] FDCount : 0 
04-14 20:44:48.261 I/RILC    (  370): RIL_SOCKET_1 UNSOLICITED: RIL_UNSOL_LTE_REJECT_CAUSE length:16
04-14 20:44:48.261 E/RILC    (  370): Send Response to RIL_SOCKET_1
04-14 20:44:48.262 E/RILC    (  370): RIL Response bytes written:4
04-14 20:44:48.262 D/RILJ    ( 3447): [UNSL]< RIL_UNSOL_LTE_REJECT_CAUSE {15} [SUB0]
04-14 20:44:48.262 E/RILC    (  370): RIL Response bytes written:16
04-14 20:44:48.267 I/RILC    (  370): RIL_SOCKET_1 UNSOLICITED: UNSOL_OEM_HOOK_RAW length:32
04-14 20:44:48.267 E/RILC    (  370): Send Response to RIL_SOCKET_1
04-14 20:44:48.267 E/RILC    (  370): RIL Response bytes written:4
04-14 20:44:48.267 V/RILJ    ( 3447): [UNSL]< UNSOL_OEM_HOOK_RAW 514f454d484f4f4bef0308000100000002 [SUB0]
04-14 20:44:48.267 D/RILJ    ( 3447): Oem ID in RIL_UNSOL_OEM_HOOK_RAW is QOEMHOOK
04-14 20:44:48.267 D/RILJ    ( 3447): OEM ID check Passed
04-14 20:44:48.267 D/RILJ    ( 3447): Response ID in RIL_UNSOL_OEM_HOOK_RAW is 525295
04-14 20:44:48.267 D/RILJ    ( 3447): Response ID 525295 is not served in this process.
04-14 20:44:48.268 E/RILC    (  370): RIL Response bytes written:32
04-14 20:44:48.270 I/RILC    (  370): RIL_SOCKET_1 UNSOLICITED: UNSOL_RESPONSE_VOICE_NETWORK_STATE_CHANGED length:8
04-14 20:44:48.270 E/RILC    (  370): Send Response to RIL_SOCKET_1
04-14 20:44:48.271 E/RILC    (  370): RIL Response bytes written:4
04-14 20:44:48.271 D/RILJ    ( 3447): [UNSL]< UNSOL_RESPONSE_VOICE_NETWORK_STATE_CHANGED [SUB0]
04-14 20:44:48.271 E/RILC    (  370): RIL Response bytes written:8
04-14 20:44:48.272 I/RILQ    (  370): (0/370):RIL[0][event] qcril_arb_set_dsd_sys_status: old_pref_data 1 - new_data_pref 1
04-14 20:44:48.272 I/RILQ    (  370): (0/370):RIL[0][event] qcril_arb_set_dsd_sys_status: preferred dsd_sys_status nw=0x0, rat_value=0x1, so_mask=0x0000000000000007
04-14 20:44:48.273 I/RILQ    (  370): (0/370):RIL[0][event] qcril_arb_set_dsd_sys_status: preferred 1 - dsd_sys_status nw=0x0, rat_value=0x1, so_mask=0x0000000000000007
04-14 20:44:48.273 I/RILQ    (  370): (0/370):RIL[0][event] qcril_arb_set_dsd_sys_status: is_wwan_available 0
04-14 20:44:48.274 I/RILC    (  370): RIL_SOCKET_1 UNSOLICITED: UNSOL_OEM_HOOK_RAW length:32
04-14 20:44:48.274 E/RILC    (  370): Send Response to RIL_SOCKET_1
04-14 20:44:48.274 E/RILC    (  370): RIL Response bytes written:4
04-14 20:44:48.274 V/RILJ    ( 3447): [UNSL]< UNSOL_OEM_HOOK_RAW 514f454d484f4f4bfa0308000100000000 [SUB0]
04-14 20:44:48.275 D/RILJ    ( 3447): Oem ID in RIL_UNSOL_OEM_HOOK_RAW is QOEMHOOK
04-14 20:44:48.275 D/RILJ    ( 3447): OEM ID check Passed
04-14 20:44:48.275 D/RILJ    ( 3447): Response ID in RIL_UNSOL_OEM_HOOK_RAW is 525306
04-14 20:44:48.275 D/RILJ    ( 3447): WWAN, IWLAN coexistence notified to registrants
04-14 20:44:48.275 E/RILC    (  370): RIL Response bytes written:32
04-14 20:44:48.276 D/RILJ    ( 3447): [2861]> OPERATOR [SUB0]
04-14 20:44:48.279 D/RILJ    ( 3447): [2862]> DATA_REGISTRATION_STATE [SUB0]
04-14 20:44:48.279 D/RILC    (  370): SOCKET RIL_SOCKET_1 REQUEST: OPERATOR length:8
04-14 20:44:48.279 I/RILC    (  370): RIL_SOCKET_1 UNSOLICITED: RIL_UNSOL_LTE_REJECT_CAUSE length:16
04-14 20:44:48.279 E/RILC    (  370): Send Response to RIL_SOCKET_1
04-14 20:44:48.280 E/RILC    (  370): RIL Response bytes written:4
04-14 20:44:48.280 D/RILJ    ( 3447): [UNSL]< RIL_UNSOL_LTE_REJECT_CAUSE {15} [SUB0]
04-14 20:44:48.280 E/RILC    (  370): RIL Response bytes written:16
04-14 20:44:48.281 D/RILJ    ( 3447): [2863]> VOICE_REGISTRATION_STATE [SUB0]
04-14 20:44:48.283 I/RILC    (  370): RIL_SOCKET_1 UNSOLICITED: UNSOL_RESPONSE_VOICE_NETWORK_STATE_CHANGED length:8
04-14 20:44:48.283 E/RILC    (  370): Send Response to RIL_SOCKET_1
04-14 20:44:48.283 E/RILC    (  370): RIL Response bytes written:4
04-14 20:44:48.283 E/RILC    (  370): RIL Response bytes written:8
04-14 20:44:48.283 D/RILC    (  370): SOCKET RIL_SOCKET_1 REQUEST: DATA_REGISTRATION_STATE length:8
04-14 20:44:48.283 D/RILJ    ( 3447): [UNSL]< UNSOL_RESPONSE_VOICE_NETWORK_STATE_CHANGED [SUB0]
04-14 20:44:48.285 D/RILJ    ( 3447): [2864]> QUERY_NETWORK_SELECTION_MODE [SUB0]
04-14 20:44:48.286 D/RILC    (  370): SOCKET RIL_SOCKET_1 REQUEST: VOICE_REGISTRATION_STATE length:8
04-14 20:44:48.288 D/RILJ    ( 3447): [2865]> OPERATOR [SUB0]
04-14 20:44:48.290 D/RILC    (  370): SOCKET RIL_SOCKET_1 REQUEST: QUERY_NETWORK_SELECTION_MODE length:8
04-14 20:44:48.291 D/RILJ    ( 3447): [2866]> DATA_REGISTRATION_STATE [SUB0]
04-14 20:44:48.292 D/RILJ    ( 3447): [2867]> VOICE_REGISTRATION_STATE [SUB0]
04-14 20:44:48.294 D/RILC    (  370): SOCKET RIL_SOCKET_1 REQUEST: OPERATOR length:8
04-14 20:44:48.295 D/RILC    (  370): SOCKET RIL_SOCKET_1 REQUEST: DATA_REGISTRATION_STATE length:8
04-14 20:44:48.295 D/RILJ    ( 3447): [2868]> QUERY_NETWORK_SELECTION_MODE [SUB0]
04-14 20:44:48.296 D/RILC    (  370): SOCKET RIL_SOCKET_1 REQUEST: VOICE_REGISTRATION_STATE length:8
04-14 20:44:48.296 D/RILC    (  370): SOCKET RIL_SOCKET_1 REQUEST: QUERY_NETWORK_SELECTION_MODE length:8
04-14 20:44:48.298 D/RILC    (  370): RequestComplete, RIL_SOCKET_1
04-14 20:44:48.298 E/RILC    (  370): Send Response to RIL_SOCKET_1
04-14 20:44:48.298 E/RILC    (  370): RIL Response bytes written:4
04-14 20:44:48.298 E/RILC    (  370): RIL Response bytes written:72
04-14 20:44:48.299 D/RILC    (  370): RequestComplete, RIL_SOCKET_1
04-14 20:44:48.299 E/RILC    (  370): Send Response to RIL_SOCKET_1
04-14 20:44:48.299 E/RILC    (  370): RIL Response bytes written:4
04-14 20:44:48.299 E/RILC    (  370): RIL Response bytes written:72
04-14 20:44:48.300 D/RILC    (  370): RequestComplete, RIL_SOCKET_1
04-14 20:44:48.300 D/RILJ    ( 3447): [2861]< OPERATOR {Orange, Orange, 26003} [SUB0]
04-14 20:44:48.301 E/RILC    (  370): Send Response to RIL_SOCKET_1
04-14 20:44:48.301 E/RILC    (  370): RIL Response bytes written:4
04-14 20:44:48.301 E/RILC    (  370): RIL Response bytes written:136
04-14 20:44:48.301 D/RILC    (  370): RequestComplete, RIL_SOCKET_1
04-14 20:44:48.301 E/RILC    (  370): Send Response to RIL_SOCKET_1
04-14 20:44:48.301 D/RILJ    ( 3447): [2865]< OPERATOR {Orange, Orange, 26003} [SUB0]
04-14 20:44:48.301 E/RILC    (  370): RIL Response bytes written:4
04-14 20:44:48.301 E/RILC    (  370): RIL Response bytes written:136
