04-14 20:43:50.186 V/LG-FASTDORMANCY( 3447): [DCH/FACH] FDCount : 0 curr: TxPkts(185041), RxPkts(225111)
04-14 20:43:50.187 I/LG-FASTDORMANCY( 3447): [DCH/FACH] FDCount : 0 Scheduling checkNetStat for 1000msec, current state is [DCH/FACH] FDCount : 0 
04-14 20:43:50.247 D/QtiGsmDCT( 3447): [0]updateDataActivity: curTxRxSum={txSum=185041 rxSum=225111} preTxRxSum={txSum=185013 rxSum=225087}
04-14 20:43:50.247 D/QtiGsmDCT( 3447): [0]updateDataActivity: sent=28 received=24
04-14 20:43:50.550 I/RILC    (  370): RIL_SOCKET_1 UNSOLICITED: UNSOL_SIGNAL_STRENGTH length:68
04-14 20:43:50.550 E/RILC    (  370): Send Response to RIL_SOCKET_1
04-14 20:43:50.550 E/RILC    (  370): RIL Response bytes written:4
04-14 20:43:50.550 E/RILC    (  370): RIL Response bytes written:68
04-14 20:43:50.551 D/GsmSST  ( 3447): [GsmSST] ServiceStateTrackerEx:onSignalStrengthResult() isGsm=true DataRadioTech=15
04-14 20:43:50.551 W/LGSignalStrength( 3447): setDataRadioTechnology: dataRadioTechnology = 15
04-14 20:43:50.552 D/DefaultPhoneNotifier( 3447): notifySignalStrength: mRegistry=com.android.internal.telephony.ITelephonyRegistry$Stub$Proxy@ced2ad0 ss=SignalStrength: 13 0 -87 -45 -120 -1 -1 99 2147483647 2147483647 2147483647 2147483647 2147483647 gsm|lte 15 0 -87 -45 sender=Handler (com.qti.internal.telephony.gsm.QtiGSMPhone) {560d91e}
04-14 20:43:50.566 D/QtiGsmDCT( 3447): [0]getDataEnabled: getIntWithSubId retVal=true
04-14 20:43:51.192 V/LG-FASTDORMANCY( 3447): [DCH/FACH] FDCount : 0 intent received :com.android.internal.telephony.ACTION_CHECK_NETSTAT
04-14 20:43:51.199 V/LG-FASTDORMANCY( 3447): [DCH/FACH] FDCount : 0 prev: TxPkts(185041), RxPkts(225111)
04-14 20:43:51.199 V/LG-FASTDORMANCY( 3447): [DCH/FACH] FDCount : 0 curr: TxPkts(185041), RxPkts(225111)
04-14 20:43:51.200 I/LG-FASTDORMANCY( 3447): [DCH/FACH] FDCount : 1 Scheduling checkNetStat for 1000msec, current state is [DCH/FACH] FDCount : 1 
04-14 20:43:51.250 D/QtiGsmDCT( 3447): [0]updateDataActivity: curTxRxSum={txSum=185041 rxSum=225111} preTxRxSum={txSum=185041 rxSum=225111}
04-14 20:43:51.250 D/QtiGsmDCT( 3447): [0]updateDataActivity: sent=0 received=0
04-14 20:43:51.250 D/QtiGsmDCT( 3447): [0]updateDataActivity: newActivity=NONE
04-14 20:43:51.255 D/QtiGsmDCT( 3447): [0]getDataEnabled: getIntWithSubId retVal=true
04-14 20:43:52.207 V/LG-FASTDORMANCY( 3447): [DCH/FACH] FDCount : 1 intent received :com.android.internal.telephony.ACTION_CHECK_NETSTAT
04-14 20:43:52.211 V/LG-FASTDORMANCY( 3447): [DCH/FACH] FDCount : 1 prev: TxPkts(185041), RxPkts(225111)
04-14 20:43:52.211 V/LG-FASTDORMANCY( 3447): [DCH/FACH] FDCount : 1 curr: TxPkts(185041), RxPkts(225111)
04-14 20:43:52.212 I/LG-FASTDORMANCY( 3447): [DCH/FACH] FDCount : 2 Scheduling checkNetStat for 1000msec, current state is [DCH/FACH] FDCount : 2 
04-14 20:43:52.256 D/QtiGsmDCT( 3447): [0]updateDataActivity: curTxRxSum={txSum=185041 rxSum=225111} preTxRxSum={txSum=185041 rxSum=225111}
04-14 20:43:52.256 D/QtiGsmDCT( 3447): [0]updateDataActivity: sent=0 received=0
04-14 20:43:53.218 V/LG-FASTDORMANCY( 3447): [DCH/FACH] FDCount : 2 intent received :com.android.internal.telephony.ACTION_CHECK_NETSTAT
04-14 20:43:53.223 V/LG-FASTDORMANCY( 3447): [DCH/FACH] FDCount : 2 prev: TxPkts(185041), RxPkts(225111)
04-14 20:43:53.223 V/LG-FASTDORMANCY( 3447): [DCH/FACH] FDCount : 2 curr: TxPkts(185041), RxPkts(225111)
04-14 20:43:53.224 I/LG-FASTDORMANCY( 3447): [DCH/FACH] FDCount : 3 Scheduling checkNetStat for 1000msec, current state is [DCH/FACH] FDCount : 3 
04-14 20:43:53.260 D/QtiGsmDCT( 3447): [0]updateDataActivity: curTxRxSum={txSum=185041 rxSum=225111} preTxRxSum={txSum=185041 rxSum=225111}
04-14 20:43:53.260 D/QtiGsmDCT( 3447): [0]updateDataActivity: sent=0 received=0
04-14 20:43:54.228 V/LG-FASTDORMANCY( 3447): [DCH/FACH] FDCount : 3 intent received :com.android.internal.telephony.ACTION_CHECK_NETSTAT
04-14 20:43:54.232 V/LG-FASTDORMANCY( 3447): [DCH/FACH] FDCount : 3 prev: TxPkts(185041), RxPkts(225111)
04-14 20:43:54.232 V/LG-FASTDORMANCY( 3447): [DCH/FACH] FDCount : 3 curr: TxPkts(185041), RxPkts(225111)
04-14 20:43:54.233 I/LG-FASTDORMANCY( 3447): [DCH/FACH] FDCount : 4 Scheduling checkNetStat for 1000msec, current state is [DCH/FACH] FDCount : 4 
04-14 20:43:54.263 D/QtiGsmDCT( 3447): [0]updateDataActivity: curTxRxSum={txSum=185041 rxSum=225111} preTxRxSum={txSum=185041 rxSum=225111}
04-14 20:43:54.263 D/QtiGsmDCT( 3447): [0]updateDataActivity: sent=0 received=0
04-14 20:43:55.237 V/LG-FASTDORMANCY( 3447): [DCH/FACH] FDCount : 4 intent received :com.android.internal.telephony.ACTION_CHECK_NETSTAT
04-14 20:43:55.241 V/LG-FASTDORMANCY( 3447): [DCH/FACH] FDCount : 4 prev: TxPkts(185041), RxPkts(225111)
04-14 20:43:55.241 V/LG-FASTDORMANCY( 3447): [DCH/FACH] FDCount : 4 curr: TxPkts(185041), RxPkts(225111)
04-14 20:43:55.242 I/LG-FASTDORMANCY( 3447): [DCH/FACH] FDCount : 5 Scheduling checkNetStat for 1000msec, current state is [DCH/FACH] FDCount : 5 
04-14 20:43:55.266 D/QtiGsmDCT( 3447): [0]updateDataActivity: curTxRxSum={txSum=185041 rxSum=225111} preTxRxSum={txSum=185041 rxSum=225111}
04-14 20:43:55.266 D/QtiGsmDCT( 3447): [0]updateDataActivity: sent=0 received=0
04-14 20:43:56.247 V/LG-FASTDORMANCY( 3447): [DCH/FACH] FDCount : 5 intent received :com.android.internal.telephony.ACTION_CHECK_NETSTAT
04-14 20:43:56.253 V/LG-FASTDORMANCY( 3447): [DCH/FACH] FDCount : 5 prev: TxPkts(185041), RxPkts(225111)
04-14 20:43:56.253 V/LG-FASTDORMANCY( 3447): [DCH/FACH] FDCount : 5 curr: TxPkts(185048), RxPkts(225117)
04-14 20:43:56.255 I/LG-FASTDORMANCY( 3447): [DCH/FACH] FDCount : 0 Scheduling checkNetStat for 1000msec, current state is [DCH/FACH] FDCount : 0 
04-14 20:43:56.273 D/QtiGsmDCT( 3447): [0]updateDataActivity: curTxRxSum={txSum=185048 rxSum=225117} preTxRxSum={txSum=185041 rxSum=225111}
04-14 20:43:56.273 D/QtiGsmDCT( 3447): [0]updateDataActivity: sent=7 received=6
04-14 20:43:56.273 D/QtiGsmDCT( 3447): [0]updateDataActivity: newActivity=DATAINANDOUT
04-14 20:43:56.280 D/QtiGsmDCT( 3447): [0]getDataEnabled: getIntWithSubId retVal=true
04-14 20:43:57.267 V/LG-FASTDORMANCY( 3447): [DCH/FACH] FDCount : 0 intent received :com.android.internal.telephony.ACTION_CHECK_NETSTAT
04-14 20:43:57.272 V/LG-FASTDORMANCY( 3447): [DCH/FACH] FDCount : 0 prev: TxPkts(185048), RxPkts(225117)
04-14 20:43:57.272 V/LG-FASTDORMANCY( 3447): [DCH/FACH] FDCount : 0 curr: TxPkts(185057), RxPkts(225134)
04-14 20:43:57.273 I/LG-FASTDORMANCY( 3447): [DCH/FACH] FDCount : 0 Scheduling checkNetStat for 1000msec, current state is [DCH/FACH] FDCount : 0 
04-14 20:43:57.280 D/QtiGsmDCT( 3447): [0]updateDataActivity: curTxRxSum={txSum=185057 rxSum=225134} preTxRxSum={txSum=185048 rxSum=225117}
04-14 20:43:57.280 D/QtiGsmDCT( 3447): [0]updateDataActivity: sent=9 received=17
04-14 20:43:58.277 V/LG-FASTDORMANCY( 3447): [DCH/FACH] FDCount : 0 intent received :com.android.internal.telephony.ACTION_CHECK_NETSTAT
04-14 20:43:58.280 V/LG-FASTDORMANCY( 3447): [DCH/FACH] FDCount : 0 prev: TxPkts(185057), RxPkts(225134)
04-14 20:43:58.280 V/LG-FASTDORMANCY( 3447): [DCH/FACH] FDCount : 0 curr: TxPkts(185057), RxPkts(225134)
04-14 20:43:58.281 I/LG-FASTDORMANCY( 3447): [DCH/FACH] FDCount : 1 Scheduling checkNetStat for 1000msec, current state is [DCH/FACH] FDCount : 1 
04-14 20:43:58.289 D/QtiGsmDCT( 3447): [0]updateDataActivity: curTxRxSum={txSum=185057 rxSum=225134} preTxRxSum={txSum=185057 rxSum=225134}
04-14 20:43:58.289 D/QtiGsmDCT( 3447): [0]updateDataActivity: sent=0 received=0
04-14 20:43:58.289 D/QtiGsmDCT( 3447): [0]updateDataActivity: newActivity=NONE
04-14 20:43:58.294 D/QtiGsmDCT( 3447): [0]getDataEnabled: getIntWithSubId retVal=true
04-14 20:43:59.285 V/LG-FASTDORMANCY( 3447): [DCH/FACH] FDCount : 1 intent received :com.android.internal.telephony.ACTION_CHECK_NETSTAT
04-14 20:43:59.295 V/LG-FASTDORMANCY( 3447): [DCH/FACH] FDCount : 1 prev: TxPkts(185057), RxPkts(225134)
04-14 20:43:59.295 V/LG-FASTDORMANCY( 3447): [DCH/FACH] FDCount : 1 curr: TxPkts(185057), RxPkts(225134)
04-14 20:43:59.298 D/QtiGsmDCT( 3447): [0]updateDataActivity: curTxRxSum={txSum=185057 rxSum=225134} preTxRxSum={txSum=185057 rxSum=225134}
04-14 20:43:59.299 D/QtiGsmDCT( 3447): [0]updateDataActivity: sent=0 received=0
04-14 20:43:59.297 I/LG-FASTDORMANCY( 3447): [DCH/FACH] FDCount : 2 Scheduling checkNetStat for 1000msec, current state is [DCH/FACH] FDCount : 2 
04-14 20:44:00.304 D/QtiGsmDCT( 3447): [0]updateDataActivity: curTxRxSum={txSum=185057 rxSum=225134} preTxRxSum={txSum=185057 rxSum=225134}
04-14 20:44:00.304 D/QtiGsmDCT( 3447): [0]updateDataActivity: sent=0 received=0
04-14 20:44:00.304 V/LG-FASTDORMANCY( 3447): [DCH/FACH] FDCount : 2 intent received :com.android.internal.telephony.ACTION_CHECK_NETSTAT
04-14 20:44:00.309 V/LG-FASTDORMANCY( 3447): [DCH/FACH] FDCount : 2 prev: TxPkts(185057), RxPkts(225134)
04-14 20:44:00.310 V/LG-FASTDORMANCY( 3447): [DCH/FACH] FDCount : 2 curr: TxPkts(185057), RxPkts(225134)
04-14 20:44:00.310 I/LG-FASTDORMANCY( 3447): [DCH/FACH] FDCount : 3 Scheduling checkNetStat for 1000msec, current state is [DCH/FACH] FDCount : 3 
04-14 20:44:00.643 I/RILC    (  370): RIL_SOCKET_1 UNSOLICITED: RIL_UNSOL_LTE_REJECT_CAUSE length:16
04-14 20:44:00.643 E/RILC    (  370): Send Response to RIL_SOCKET_1
04-14 20:44:00.643 E/RILC    (  370): RIL Response bytes written:4
04-14 20:44:00.643 D/RILJ    ( 3447): [UNSL]< RIL_UNSOL_LTE_REJECT_CAUSE {15} [SUB0]
04-14 20:44:00.644 E/RILC    (  370): RIL Response bytes written:16
04-14 20:44:00.649 I/RILC    (  370): RIL_SOCKET_1 UNSOLICITED: UNSOL_OEM_HOOK_RAW length:32
04-14 20:44:00.649 E/RILC    (  370): Send Response to RIL_SOCKET_1
04-14 20:44:00.649 E/RILC    (  370): RIL Response bytes written:4
04-14 20:44:00.649 V/RILJ    ( 3447): [UNSL]< UNSOL_OEM_HOOK_RAW 514f454d484f4f4bef0308000100000002 [SUB0]
04-14 20:44:00.649 D/RILJ    ( 3447): Oem ID in RIL_UNSOL_OEM_HOOK_RAW is QOEMHOOK
04-14 20:44:00.649 D/RILJ    ( 3447): OEM ID check Passed
04-14 20:44:00.649 D/RILJ    ( 3447): Response ID in RIL_UNSOL_OEM_HOOK_RAW is 525295
04-14 20:44:00.649 D/RILJ    ( 3447): Response ID 525295 is not served in this process.
04-14 20:44:00.649 E/RILC    (  370): RIL Response bytes written:32
04-14 20:44:00.651 I/RILC    (  370): RIL_SOCKET_1 UNSOLICITED: UNSOL_RESPONSE_VOICE_NETWORK_STATE_CHANGED length:8
04-14 20:44:00.651 E/RILC    (  370): Send Response to RIL_SOCKET_1
04-14 20:44:00.652 E/RILC    (  370): RIL Response bytes written:4
04-14 20:44:00.652 D/RILJ    ( 3447): [UNSL]< UNSOL_RESPONSE_VOICE_NETWORK_STATE_CHANGED [SUB0]
04-14 20:44:00.652 E/RILC    (  370): RIL Response bytes written:8
04-14 20:44:00.652 D/RILJ    ( 3447): [2803]> OPERATOR [SUB0]
04-14 20:44:00.653 I/RILQ    (  370): (0/370):RIL[0][event] qcril_arb_set_dsd_sys_status: old_pref_data 1 - new_data_pref 1
04-14 20:44:00.653 I/RILQ    (  370): (0/370):RIL[0][event] qcril_arb_set_dsd_sys_status: preferred dsd_sys_status nw=0x0, rat_value=0x1, so_mask=0x0000000000000007
04-14 20:44:00.653 I/RILQ    (  370): (0/370):RIL[0][event] qcril_arb_set_dsd_sys_status: preferred 1 - dsd_sys_status nw=0x0, rat_value=0x1, so_mask=0x0000000000000007
04-14 20:44:00.653 I/RILQ    (  370): (0/370):RIL[0][event] qcril_arb_set_dsd_sys_status: is_wwan_available 0
04-14 20:44:00.653 D/RILJ    ( 3447): [2804]> DATA_REGISTRATION_STATE [SUB0]
04-14 20:44:00.654 I/RILC    (  370): RIL_SOCKET_1 UNSOLICITED: UNSOL_OEM_HOOK_RAW length:32
04-14 20:44:00.654 E/RILC    (  370): Send Response to RIL_SOCKET_1
04-14 20:44:00.654 E/RILC    (  370): RIL Response bytes written:4
04-14 20:44:00.654 V/RILJ    ( 3447): [UNSL]< UNSOL_OEM_HOOK_RAW 514f454d484f4f4bfa0308000100000000 [SUB0]
04-14 20:44:00.654 D/RILJ    ( 3447): Oem ID in RIL_UNSOL_OEM_HOOK_RAW is QOEMHOOK
04-14 20:44:00.654 D/RILJ    ( 3447): OEM ID check Passed
04-14 20:44:00.654 D/RILJ    ( 3447): Response ID in RIL_UNSOL_OEM_HOOK_RAW is 525306
04-14 20:44:00.654 D/RILJ    ( 3447): WWAN, IWLAN coexistence notified to registrants
04-14 20:44:00.654 E/RILC    (  370): RIL Response bytes written:32
04-14 20:44:00.655 D/RILC    (  370): SOCKET RIL_SOCKET_1 REQUEST: OPERATOR length:8
04-14 20:44:00.655 D/RILJ    ( 3447): [2805]> VOICE_REGISTRATION_STATE [SUB0]
04-14 20:44:00.656 D/RILC    (  370): SOCKET RIL_SOCKET_1 REQUEST: DATA_REGISTRATION_STATE length:8
04-14 20:44:00.656 D/RILJ    ( 3447): [2806]> QUERY_NETWORK_SELECTION_MODE [SUB0]
04-14 20:44:00.656 D/RILC    (  370): SOCKET RIL_SOCKET_1 REQUEST: VOICE_REGISTRATION_STATE length:8
04-14 20:44:00.660 D/RILC    (  370): SOCKET RIL_SOCKET_1 REQUEST: QUERY_NETWORK_SELECTION_MODE length:8
04-14 20:44:00.662 I/RILC    (  370): RIL_SOCKET_1 UNSOLICITED: RIL_UNSOL_LTE_REJECT_CAUSE length:16
04-14 20:44:00.662 E/RILC    (  370): Send Response to RIL_SOCKET_1
04-14 20:44:00.662 E/RILC    (  370): RIL Response bytes written:4
04-14 20:44:00.662 D/RILJ    ( 3447): [UNSL]< RIL_UNSOL_LTE_REJECT_CAUSE {15} [SUB0]
04-14 20:44:00.662 E/RILC    (  370): RIL Response bytes written:16
04-14 20:44:00.674 D/RILC    (  370): RequestComplete, RIL_SOCKET_1
04-14 20:44:00.674 E/RILC    (  370): Send Response to RIL_SOCKET_1
04-14 20:44:00.674 E/RILC    (  370): RIL Response bytes written:4
04-14 20:44:00.674 E/RILC    (  370): RIL Response bytes written:72
04-14 20:44:00.674 D/RILJ    ( 3447): [2803]< OPERATOR {Orange, Orange, 26003} [SUB0]
04-14 20:44:00.677 D/RILC    (  370): RequestComplete, RIL_SOCKET_1
04-14 20:44:00.677 E/RILC    (  370): Send Response to RIL_SOCKET_1
04-14 20:44:00.678 E/RILC    (  370): RIL Response bytes written:4
04-14 20:44:00.678 E/RILC    (  370): RIL Response bytes written:20
04-14 20:44:00.678 D/RILJ    ( 3447): [2806]< QUERY_NETWORK_SELECTION_MODE {0} [SUB0]
04-14 20:44:00.679 D/RILC    (  370): RequestComplete, RIL_SOCKET_1
04-14 20:44:00.679 E/RILC    (  370): Send Response to RIL_SOCKET_1
04-14 20:44:00.679 E/RILC    (  370): RIL Response bytes written:4
04-14 20:44:00.679 E/RILC    (  370): RIL Response bytes written:120
04-14 20:44:00.680 D/RILJ    ( 3447): [2804]< DATA_REGISTRATION_STATE {1, dff2, 02bec826, 11, null, 20, null, null, null, null, null, 0} [SUB0]
04-14 20:44:00.680 D/GsmSST  ( 3447): isSFROperators result = false
04-14 20:44:00.680 D/PHONE   ( 3447): [ServiceState] setDataRegState=0
04-14 20:44:00.680 D/PHONE   ( 3447): [ServiceState] setDataRadioTechnology=11
04-14 20:44:00.680 D/GsmSST  ( 3447): [GsmSST] LOGRadioInfo : In Service
04-14 20:44:00.680 D/GsmSST  ( 3447): [GsmSST] handlPollStateResultMessage: GsmSST setDataRegState=0 regState=1 dataRadioTechnology=11
04-14 20:44:00.681 D/RILC    (  370): RequestComplete, RIL_SOCKET_1
04-14 20:44:00.681 E/RILC    (  370): Send Response to RIL_SOCKET_1
04-14 20:44:00.681 E/RILC    (  370): RIL Response bytes written:4
04-14 20:44:00.681 E/RILC    (  370): RIL Response bytes written:136
04-14 20:44:00.681 D/RILJ    ( 3447): [2805]< VOICE_REGISTRATION_STATE {1, dff2, 02bec826, 3, null, null, null, 0, null, null, 1, null, null, 0, 1d8} [SUB0]
04-14 20:44:00.682 D/PHONE   ( 3447): [ServiceState] setVoiceRegState=0
04-14 20:44:00.682 E/PHONE   ( 3447): [ServiceState] setState deprecated use setVoiceRegState()
04-14 20:44:00.682 D/GsmSST  ( 3447): [GsmSST] LOGRadioInfo : In Service
04-14 20:44:00.683 D/GsmSST  ( 3447): [GsmSST] Poll ServiceState done:  oldSS=[0 0 voice home data home Orange Orange 26003 Orange Orange 26003  UMTS HSPAP CSS not supported -1 -1 RoamInd=-1 DefRoamInd=-1 EmergOnly=false IsDataRoamingFromRegistration=false mIsVoiceSearching=false mIsDataSearching=false mVoiceNetworkName=null mDataNetworkName=null Check64QAM0 Dual carrier0] newSS=[0 0 voice home data home Orange Orange 26003 Orange Orange 26003  UMTS HSPA CSS not supported -1 -1 RoamInd=-1 DefRoamInd=-1 EmergOnly=false IsDataRoamingFromRegistration=false mIsVoiceSearching=false mIsDataSearching=false mVoiceNetworkName=null mDataNetworkName=null Check64QAM0 Dual carrier0] oldMaxDataCalls=20 mNewMaxDataCalls=20 oldReasonDataDenied=-1 mNewReasonDataDenied=-1
04-14 20:44:00.683 I/RILC    (  370): RIL_SOCKET_1 UNSOLICITED: UNSOL_RESPONSE_VOICE_NETWORK_STATE_CHANGED length:8
04-14 20:44:00.683 E/RILC    (  370): Send Response to RIL_SOCKET_1
04-14 20:44:00.683 E/RILC    (  370): RIL Response bytes written:4
04-14 20:44:00.684 E/RILC    (  370): RIL Response bytes written:8
04-14 20:44:00.684 D/PHONE   ( 3447): [ServiceState] setNullState=1
04-14 20:44:00.684 D/TelephonyManager( 3447): setTelephonyProperty: success phoneId=0 property=gsm.network.type value: UMTS propVal=UMTS
04-14 20:44:00.684 D/RILJ    ( 3447): [UNSL]< UNSOL_RESPONSE_VOICE_NETWORK_STATE_CHANGED [SUB0]
04-14 20:44:00.685 D/SIMRecords( 3447): [SIMRecords] getServiceProviderName: no brandOverride
04-14 20:44:00.685 D/SIMRecords( 3447): [SIMRecords] getServiceProviderName: providerName=Orange
04-14 20:44:00.685 D/SIMRecords( 3447): [SIMRecords] getServiceProviderName: no brandOverride
04-14 20:44:00.685 D/SIMRecords( 3447): [SIMRecords] getServiceProviderName: providerName=Orange
04-14 20:44:00.685 D/GSMPhoneEx( 3447): grandblue SpnMvno = Orange operator = 26003 simMcc  = 260 simMnc  = 03
04-14 20:44:00.685 D/GSMPhoneEx( 3447): grandblue after SpnMvno = Orange operator = 26003 simMcc  = 260 simMnc  = 03
04-14 20:44:00.685 D/TelephonyManager( 3447): setTelephonyProperty: success phoneId=0 property=gsm.operator.alpha value: Orange propVal=Orange
04-14 20:44:00.686 D/TelephonyManager( 3447): setTelephonyProperty: success phoneId=0 property=gsm.operator.numeric value: 26003 propVal=26003
04-14 20:44:00.687 D/TelephonyManager( 3447): setTelephonyProperty: success phoneId=0 property=gsm.operator.iso-country value: pl propVal=pl
04-14 20:44:00.687 D/GsmSST  ( 3447): [GsmSST] shouldFixTimeZoneNow: retVal=false iccCardExist=true operatorNumeric=26003 mcc=260 prevOperatorNumeric=26003 prevMcc=260 needToFixTimeZone=false ltod=04-14 20:44:00.687
04-14 20:44:00.688 D/TelephonyManager( 3447): setTelephonyProperty: success phoneId=0 property=gsm.operator.isroaming value: false propVal=false
04-14 20:44:00.688 D/TelephonyManager( 3447): setTelephonyProperty: success phoneId=0 property=ril.cdma.voiceinservice value: true propVal=true
04-14 20:44:00.689 D/GsmSST  ( 3447): [GsmSST] Broadcasting ServiceState : 0 0 voice home data home Orange Orange 26003 Orange Orange 26003  UMTS HSPA CSS not supported -1 -1 RoamInd=-1 DefRoamInd=-1 EmergOnly=false IsDataRoamingFromRegistration=false mIsVoiceSearching=false mIsDataSearching=false mVoiceNetworkName=null mDataNetworkName=null Check64QAM0 Dual carrier0
04-14 20:44:00.689 D/DefaultPhoneNotifier( 3447): nofityServiceState: mRegistry=com.android.internal.telephony.ITelephonyRegistry$Stub$Proxy@ced2ad0 ss=0 0 voice home data home Orange Orange 26003 Orange Orange 26003  UMTS HSPA CSS not supported -1 -1 RoamInd=-1 DefRoamInd=-1 EmergOnly=false IsDataRoamingFromRegistration=false mIsVoiceSearching=false mIsDataSearching=false mVoiceNetworkName=null mDataNetworkName=null Check64QAM0 Dual carrier0 sender=Handler (com.qti.internal.telephony.gsm.QtiGSMPhone) {560d91e} phondId=0 subId=2
04-14 20:44:00.700 D/SubscriptionManager( 1891): getSimStateForSubscriber: simState=5 slotIdx=0
04-14 20:44:00.701 D/GsmSST  ( 3447): [GsmSST] notifyDataRegStateRilRadioTechnologyChanged: drs=0 rat=11
04-14 20:44:00.701 D/TelephonyManager( 3447): setTelephonyProperty: success phoneId=0 property=gsm.network.type value: HSPA propVal=HSPA
04-14 20:44:00.701 D/QtiGsmDCT( 3447): [0]get all active apn types
04-14 20:44:00.702 D/DC-1    ( 3447): DcActiveState not handled msg.what=EVENT_DATA_CONNECTION_DRS_OR_RAT_CHANGED
04-14 20:44:00.702 D/DC-1    ( 3447): DcDefault msg=EVENT_DATA_CONNECTION_DRS_OR_RAT_CHANGED RefCount=1
04-14 20:44:00.702 D/DC-1    ( 3447): DcDefaultState: EVENT_DATA_CONNECTION_DRS_OR_RAT_CHANGED drs=0 mRilRat=11
04-14 20:44:00.702 D/QtiGsmDCT( 3447): [0]fetchDunApn: Ignore the dun apn in settings.db
04-14 20:44:00.704 D/QtiGsmDCT( 3447): [0]return link properites for default
04-14 20:44:00.710 D/QtiGsmDCT( 3447): [0]getDataEnabled: getIntWithSubId retVal=true
04-14 20:44:00.744 D/QtiGsmDCT( 3447): [0]fetchDunApn: config_tether_apndata dunSetting=null
04-14 20:44:00.744 D/DC-1    ( 3447): isInternetRequested = true
04-14 20:44:00.747 D/DC-1    ( 3447): DcActiveState not handled msg.what=REQ_GET_LINK_PROPERTIES
04-14 20:44:00.747 D/DC-1    ( 3447): DcDefault msg=REQ_GET_LINK_PROPERTIES RefCount=1
04-14 20:44:00.747 D/DC-1    ( 3447): REQ_GET_LINK_PROPERTIES linkProperties{InterfaceName: rmnet_data0 LinkAddresses: [2a00:f41:5022:fe22:fe48:4045:99d8:c4d/64,]  Routes: [::/0 -> fe80::a811:32b5:1d4d:1a72 rmnet_data0,] DnsAddresses: [2a01:1700:3:ffff::9822,2a01:1700:2:ffff::9f01,] Domains: null MTU: 1500 TcpBufferSizes: 40778,244668,3461120,16777,140625,3461120}
04-14 20:44:00.748 D/QtiGsmDCT( 3447): [0]get active pdp is not null, return NetworkCapabilities for default
04-14 20:44:00.748 D/DC-1    ( 3447): DcActiveState not handled msg.what=REQ_GET_NETWORK_CAPABILITIES
04-14 20:44:00.748 D/DC-1    ( 3447): DcDefault msg=REQ_GET_NETWORK_CAPABILITIES RefCount=1
04-14 20:44:00.748 D/QtiGsmDCT( 3447): [0]fetchDunApn: Ignore the dun apn in settings.db
04-14 20:44:00.781 D/QtiGsmDCT( 3447): [0]fetchDunApn: config_tether_apndata dunSetting=null
04-14 20:44:00.782 D/DC-1    ( 3447): isInternetRequested = true
04-14 20:44:00.782 D/DC-1    ( 3447): REQ_GET_NETWORK_CAPABILITIES networkCapabilities[ Transports: CELLULAR Capabilities: SUPL&DUN&INTERNET&NOT_RESTRICTED&TRUSTED&NOT_VPN LinkUpBandwidth>=5898Kbps LinkDnBandwidth>=14336Kbps Specifier: <2>]
04-14 20:44:00.783 D/QtiGsmDCT( 3447): [0]isDataPossible(default): possible=true isDataAllowed=true apnTypePossible=true apnContextisEnabled=true apnContextState()=CONNECTED
04-14 20:44:00.783 D/QtiGsmDCT( 3447): [0]get active apn string for type:default
04-14 20:44:00.784 D/DCT     ( 3447): [ApnContext:default] getApnSetting: apnSetting=[ApnSettingV3] Orange Internet, 695, 26003, internetipv6, , , , , , 1, default | dun | hipri | supl, IPV6, IP, true, 0, 0, 1, false, 0, 0, 0, 0, , , 0, , 
04-14 20:44:00.790 D/TelephonyRegistry( 1891): Notify data connection state changed on sub: 2
04-14 20:44:00.790 D/TelephonyRegistry( 1891): Notify data connection state changed on sub: 2
04-14 20:44:00.790 D/TelephonyRegistry( 1891): Notify data connection state changed on sub: 2
04-14 20:44:00.790 D/TelephonyRegistry( 1891): Notify data connection state changed on sub: 2
04-14 20:44:00.790 D/TelephonyRegistry( 1891): Notify data connection state changed on sub: 2
04-14 20:44:00.790 D/TelephonyRegistry( 1891): Notify data connection state changed on sub: 2
04-14 20:44:00.791 D/TelephonyRegistry( 1891): broadcastPreciseDataConnectionStateChanged():state=2, apnType=default, smCause=(0), reason=null
04-14 20:44:00.793 D/RILJ    ( 3447): [2807]> OPERATOR [SUB0]
04-14 20:44:00.794 D/RILJ    ( 3447): [2808]> DATA_REGISTRATION_STATE [SUB0]
04-14 20:44:00.795 D/RILC    (  370): SOCKET RIL_SOCKET_1 REQUEST: OPERATOR length:8
04-14 20:44:00.795 D/RILJ    ( 3447): [2809]> VOICE_REGISTRATION_STATE [SUB0]
04-14 20:44:00.796 D/RILC    (  370): SOCKET RIL_SOCKET_1 REQUEST: DATA_REGISTRATION_STATE length:8
04-14 20:44:00.796 D/RILJ    ( 3447): [2810]> QUERY_NETWORK_SELECTION_MODE [SUB0]
04-14 20:44:00.797 D/QtiGsmDCT( 3447): [0]QtiDcTracker handleMessage msg={ when=-96ms what=270377 obj=android.os.AsyncResult@4ab9b1 target=com.qti.internal.telephony.dataconnection.QtiDcTracker }
04-14 20:44:00.797 D/QtiGsmDCT( 3447): [0]handleMessage msg={ when=-96ms what=270377 obj=android.os.AsyncResult@4ab9b1 target=com.qti.internal.telephony.dataconnection.QtiDcTracker }
04-14 20:44:00.797 D/QtiGsmDCT( 3447): [0]onUpdateIcc: newIccRecords com.android.internal.telephony.uicc.SIMRecords
04-14 20:44:00.797 D/RILC    (  370): SOCKET RIL_SOCKET_1 REQUEST: VOICE_REGISTRATION_STATE length:8
04-14 20:44:00.798 D/RILC    (  370): SOCKET RIL_SOCKET_1 REQUEST: QUERY_NETWORK_SELECTION_MODE length:8
04-14 20:44:00.800 V/LG-FASTDORMANCY( 3447): [DCH/FACH] FDCount : 3 intent received :android.intent.action.SERVICE_STATE
04-14 20:44:00.800 E/PHONE   ( 3447): ServiceState.getRadioTechnology() DEPRECATED will be removed *******
04-14 20:44:00.800 D/GsmSST  ( 3447): [GsmSST] getCellLocation(): X good mCellLoc=[57330,46057510,472]
04-14 20:44:00.800 I/LG-FASTDORMANCY( 3447): [DCH/FACH] FDCount : 3 Service State is changed : 0 0 voice home data home Orange Orange 26003 Orange Orange 26003  UMTS HSPA CSS not supported -1 -1 RoamInd=-1 DefRoamInd=-1 EmergOnly=false IsDataRoamingFromRegistration=false mIsVoiceSearching=false mIsDataSearching=false mVoiceNetworkName=null mDataNetworkName=null Check64QAM0 Dual carrier0
04-14 20:44:00.800 I/LG-FASTDORMANCY( 3447): [DCH/FACH] FDCount : 3 radioTech changed!! currenRT = 11 isChange?? true
04-14 20:44:00.801 I/LG-FASTDORMANCY( 3447): [DCH/FACH] FDCount : 3 Radio Tech changed.
04-14 20:44:00.804 D/LG-FASTDORMANCY( 3447): [DCH/FACH] FDCount : 3 isUMTS(): RadioTech(10)
04-14 20:44:00.805 D/RILC    (  370): RequestComplete, RIL_SOCKET_1
04-14 20:44:00.805 E/RILC    (  370): Send Response to RIL_SOCKET_1
04-14 20:44:00.805 E/RILC    (  370): RIL Response bytes written:4
04-14 20:44:00.805 E/RILC    (  370): RIL Response bytes written:72
04-14 20:44:00.805 D/RILJ    ( 3447): [2807]< OPERATOR {Orange, Orange, 26003} [SUB0]
04-14 20:44:00.809 D/RILC    (  370): RequestComplete, RIL_SOCKET_1
04-14 20:44:00.809 E/RILC    (  370): Send Response to RIL_SOCKET_1
04-14 20:44:00.810 E/RILC    (  370): RIL Response bytes written:4
04-14 20:44:00.810 D/RILJ    ( 3447): [2809]< VOICE_REGISTRATION_STATE {1, dff2, 02bec826, 3, null, null, null, 0, null, null, 1, null, null, 0, 1d8} [SUB0]
04-14 20:44:00.810 E/RILC    (  370): RIL Response bytes written:136
04-14 20:44:00.811 D/RILC    (  370): RequestComplete, RIL_SOCKET_1
04-14 20:44:00.811 E/RILC    (  370): Send Response to RIL_SOCKET_1
04-14 20:44:00.811 D/QtiGsmDCT( 3447): [0]getDataOnRoamingEnabled: phoneSubId=2 isDataRoamingEnabled=false
04-14 20:44:00.811 E/RILC    (  370): RIL Response bytes written:4
04-14 20:44:00.811 D/QtiGsmDCT( 3447): [0]getDataEnabled: getIntWithSubId retVal=true
04-14 20:44:00.812 D/RILJ    ( 3447): [2808]< DATA_REGISTRATION_STATE {1, dff2, 02bec826, 11, null, 20, null, null, null, null, null, 0} [SUB0]
04-14 20:44:00.812 E/RILC    (  370): RIL Response bytes written:120
04-14 20:44:00.812 D/PHONE   ( 3447): [ServiceState] setVoiceRegState=0
04-14 20:44:00.812 E/PHONE   ( 3447): [ServiceState] setState deprecated use setVoiceRegState()
04-14 20:44:00.812 D/GsmSST  ( 3447): [GsmSST] LOGRadioInfo : In Service
04-14 20:44:00.812 D/GsmSST  ( 3447): isSFROperators result = false
04-14 20:44:00.812 D/PHONE   ( 3447): [ServiceState] setDataRegState=0
04-14 20:44:00.812 D/PHONE   ( 3447): [ServiceState] setDataRadioTechnology=11
04-14 20:44:00.812 D/GsmSST  ( 3447): [GsmSST] LOGRadioInfo : In Service
04-14 20:44:00.812 D/GsmSST  ( 3447): [GsmSST] handlPollStateResultMessage: GsmSST setDataRegState=0 regState=1 dataRadioTechnology=11
04-14 20:44:00.812 D/QtiGsmDCT( 3447): [0]getDataEnabled: getIntWithSubId retVal=true
04-14 20:44:00.813 D/RILC    (  370): RequestComplete, RIL_SOCKET_1
04-14 20:44:00.813 E/RILC    (  370): Send Response to RIL_SOCKET_1
04-14 20:44:00.813 E/RILC    (  370): RIL Response bytes written:4
04-14 20:44:00.813 E/RILC    (  370): RIL Response bytes written:20
04-14 20:44:00.813 D/RILJ    ( 3447): [2810]< QUERY_NETWORK_SELECTION_MODE {0} [SUB0]
04-14 20:44:00.823 D/GsmSST  ( 3447): [GsmSST] Poll ServiceState done:  oldSS=[0 0 voice home data home Orange Orange 26003 Orange Orange 26003  UMTS HSPA CSS not supported -1 -1 RoamInd=-1 DefRoamInd=-1 EmergOnly=false IsDataRoamingFromRegistration=false mIsVoiceSearching=false mIsDataSearching=false mVoiceNetworkName=null mDataNetworkName=null Check64QAM0 Dual carrier0] newSS=[0 0 voice home data home Orange Orange 26003 Orange Orange 26003  UMTS HSPA CSS not supported -1 -1 RoamInd=-1 DefRoamInd=-1 EmergOnly=false IsDataRoamingFromRegistration=false mIsVoiceSearching=false mIsDataSearching=false mVoiceNetworkName=null mDataNetworkName=null Check64QAM0 Dual carrier0] oldMaxDataCalls=20 mNewMaxDataCalls=20 oldReasonDataDenied=-1 mNewReasonDataDenied=-1
04-14 20:44:00.823 D/PHONE   ( 3447): [ServiceState] setNullState=1
04-14 20:44:00.835 D/RILJ    ( 3447): [2811]> REQUEST_GET_NEIGHBORING_CELL_IDS [SUB0]
04-14 20:44:00.837 D/RILC    (  370): SOCKET RIL_SOCKET_1 REQUEST: GET_NEIGHBORING_CELL_IDS length:8
04-14 20:44:00.838 I/RILQ    (  370): (0/370):RIL[0][main] qcril_qmi_nas_get_neighboring_cell_ids: completed with 0
04-14 20:44:00.851 I/RILQ    (  370): (0/370):RIL[0][qmi_cb] qcril_qmi_nas_get_neighboring_cells_cb: .. qmi error 0, resultqmi  0, qmi transp_err 0, ril res 0
04-14 20:44:00.852 D/RILC    (  370): RequestComplete, RIL_SOCKET_1
04-14 20:44:00.852 E/RILC    (  370): Send Response to RIL_SOCKET_1
04-14 20:44:00.852 E/RILC    (  370): RIL Response bytes written:4
04-14 20:44:00.852 E/RILC    (  370): RIL Response bytes written:184
04-14 20:44:00.852 I/RILQ    (  370): (0/370):RIL[0][qmi_cb] qcril_qmi_nas_get_neighboring_cells_cb: completed with 0 with 6 entries
04-14 20:44:00.855 D/RILJ    ( 3447): [2811]< REQUEST_GET_NEIGHBORING_CELL_IDS {[[126@-89]] [[14@-92]] [[121@-93]] [[17e@-94]] [[128@-94]] [[12e@-103]] } [SUB0]
04-14 20:44:00.862 D/RILJ    ( 3447): [2812]> RIL_REQUEST_GET_CELL_INFO_LIST [SUB0]
04-14 20:44:00.863 D/RILC    (  370): SOCKET RIL_SOCKET_1 REQUEST: GET_CELL_INFO_LIST length:8
04-14 20:44:00.866 D/RILC    (  370): RequestComplete, RIL_SOCKET_1
04-14 20:44:00.866 E/RILC    (  370): Send Response to RIL_SOCKET_1
04-14 20:44:00.866 E/RILC    (  370): RIL Response bytes written:4
04-14 20:44:00.866 E/RILC    (  370): RIL Response bytes written:352
04-14 20:44:00.867 D/RILJ    ( 3447): [2812]< RIL_REQUEST_GET_CELL_INFO_LIST [CellInfoWcdma:{mRegistered=YES mTimeStampType=oem_ril mTimeStamp=45071968938061ns CellIdentityWcdma:{ mMcc=260 mMnc=3 mLac=57330 mCid=46057510 mPsc=472} CellSignalStrengthWcdma: ss=14 ber=99}, CellInfoWcdma:{mRegistered=NO mTimeStampType=oem_ril mTimeStamp=45071968938061ns CellIdentityWcdma:{ mMcc=2147483647 mMnc=2147483647 mLac=2147483647 mCid=2147483647 mPsc=294} CellSignalStrengthWcdma: ss=12 ber=99}, CellInfoWcdma:{mRegistered=NO mTimeStampType=oem_ril mTimeStamp=45071968938061ns CellIdentityWcdma:{ mMcc=2147483647 mMnc=2147483647 mLac=2147483647 mCid=2147483647 mPsc=20} CellSignalStrengthWcdma: ss=11 ber=99}, CellInfoWcdma:{mRegistered=NO mTimeStampType=oem_ril mTimeStamp=45071968938061ns CellIdentityWcdma:{ mMcc=2147483647 mMnc=2147483647 mLac=2147483647 mCid=2147483647 mPsc=289} CellSignalStrengthWcdma: ss=10 ber=99}, CellInfoWcdma:{mRegistered=NO mTimeStampType=oem_ril mTimeStamp=45071968938061ns CellIdentityWcdma:{ mMcc=2147483647 mMnc=2147483647 mLac=2147483647 mCid=2147483647 mPsc=382} CellSignalStrengthWcdma: ss=10 ber=99}, CellInfoWcdma:{mRegistered=NO mTimeStampType=oem_ril mTimeStamp=45071968938061ns CellIdentityWcdma:{ mMcc=2147483647 mMnc=2147483647 mLac=2147483647 mCid=2147483647 mPsc=296} CellSignalStrengthWcdma: ss=10 ber=99}, CellInfoWcdma:{mRegistered=NO mTimeStampType=oem_ril mTimeStamp=45071968938061ns CellIdentityWcdma:{ mMcc=2147483647 mMnc=2147483647 mLac=2147483647 mCid=2147483647 mPsc=302} CellSignalStrengthWcdma: ss=5 ber=99}] [SUB0]
04-14 20:44:00.869 D/GsmSST  ( 3447): [GsmSST] SST.getAllCellInfo(): X size=7 list=[CellInfoWcdma:{mRegistered=YES mTimeStampType=oem_ril mTimeStamp=45071968938061ns CellIdentityWcdma:{ mMcc=260 mMnc=3 mLac=57330 mCid=46057510 mPsc=472} CellSignalStrengthWcdma: ss=14 ber=99}, CellInfoWcdma:{mRegistered=NO mTimeStampType=oem_ril mTimeStamp=45071968938061ns CellIdentityWcdma:{ mMcc=2147483647 mMnc=2147483647 mLac=2147483647 mCid=2147483647 mPsc=294} CellSignalStrengthWcdma: ss=12 ber=99}, CellInfoWcdma:{mRegistered=NO mTimeStampType=oem_ril mTimeStamp=45071968938061ns CellIdentityWcdma:{ mMcc=2147483647 mMnc=2147483647 mLac=2147483647 mCid=2147483647 mPsc=20} CellSignalStrengthWcdma: ss=11 ber=99}, CellInfoWcdma:{mRegistered=NO mTimeStampType=oem_ril mTimeStamp=45071968938061ns CellIdentityWcdma:{ mMcc=2147483647 mMnc=2147483647 mLac=2147483647 mCid=2147483647 mPsc=289} CellSignalStrengthWcdma: ss=10 ber=99}, CellInfoWcdma:{mRegistered=NO mTimeStampType=oem_ril mTimeStamp=45071968938061ns CellIdentityWcdma:{ mMcc=2147483647 mMnc=2147483647 mLac=2147483647 mCid=2147483647 mPsc=382} CellSignalStrengthWcdma: ss=10 ber=99}, CellInfoWcdma:{mRegistered=NO mTimeStampType=oem_ril mTimeStamp=45071968938061ns CellIdentityWcdma:{ mMcc=2147483647 mMnc=2147483647 mLac=2147483647 mCid=2147483647 mPsc=296} CellSignalStrengthWcdma: ss=10 ber=99}, CellInfoWcdma:{mRegistered=NO mTimeStampType=oem_ril mTimeStamp=45071968938061ns CellIdentityWcdma:{ mMcc=2147483647 mMnc=2147483647 mLac=2147483647 mCid=2147483647 mPsc=302} CellSignalStrengthWcdma: ss=5 ber=99}]
04-14 20:44:00.872 D/GsmSST  ( 3447): [GsmSST] getCellLocation(): X good mCellLoc=[57330,46057510,472]
04-14 20:44:01.309 D/QtiGsmDCT( 3447): [0]updateDataActivity: curTxRxSum={txSum=185057 rxSum=225134} preTxRxSum={txSum=185057 rxSum=225134}
04-14 20:44:01.309 D/QtiGsmDCT( 3447): [0]updateDataActivity: sent=0 received=0
04-14 20:44:01.314 V/LG-FASTDORMANCY( 3447): [DCH/FACH] FDCount : 3 intent received :com.android.internal.telephony.ACTION_CHECK_NETSTAT
04-14 20:44:01.317 V/LG-FASTDORMANCY( 3447): [DCH/FACH] FDCount : 3 prev: TxPkts(185057), RxPkts(225134)
04-14 20:44:01.318 V/LG-FASTDORMANCY( 3447): [DCH/FACH] FDCount : 3 curr: TxPkts(185057), RxPkts(225134)
04-14 20:44:01.318 I/LG-FASTDORMANCY( 3447): [DCH/FACH] FDCount : 4 Scheduling checkNetStat for 1000msec, current state is [DCH/FACH] FDCount : 4 
04-14 20:44:02.313 D/QtiGsmDCT( 3447): [0]updateDataActivity: curTxRxSum={txSum=185057 rxSum=225134} preTxRxSum={txSum=185057 rxSum=225134}
04-14 20:44:02.313 D/QtiGsmDCT( 3447): [0]updateDataActivity: sent=0 received=0
04-14 20:44:02.325 V/LG-FASTDORMANCY( 3447): [DCH/FACH] FDCount : 4 intent received :com.android.internal.telephony.ACTION_CHECK_NETSTAT
04-14 20:44:02.329 V/LG-FASTDORMANCY( 3447): [DCH/FACH] FDCount : 4 prev: TxPkts(185057), RxPkts(225134)
04-14 20:44:02.329 V/LG-FASTDORMANCY( 3447): [DCH/FACH] FDCount : 4 curr: TxPkts(185057), RxPkts(225134)
04-14 20:44:02.330 I/LG-FASTDORMANCY( 3447): [DCH/FACH] FDCount : 5 Scheduling checkNetStat for 1000msec, current state is [DCH/FACH] FDCount : 5 
04-14 20:44:03.318 D/QtiGsmDCT( 3447): [0]updateDataActivity: curTxRxSum={txSum=185057 rxSum=225134} preTxRxSum={txSum=185057 rxSum=225134}
04-14 20:44:03.318 D/QtiGsmDCT( 3447): [0]updateDataActivity: sent=0 received=0
04-14 20:44:03.332 V/LG-FASTDORMANCY( 3447): [DCH/FACH] FDCount : 5 intent received :com.android.internal.telephony.ACTION_CHECK_NETSTAT
04-14 20:44:03.336 V/LG-FASTDORMANCY( 3447): [DCH/FACH] FDCount : 5 prev: TxPkts(185057), RxPkts(225134)
04-14 20:44:03.336 V/LG-FASTDORMANCY( 3447): [DCH/FACH] FDCount : 5 curr: TxPkts(185057), RxPkts(225134)
04-14 20:44:03.336 I/LG-FASTDORMANCY( 3447): [DCH/FACH] FDCount : 6 Scheduling checkNetStat for 1000msec, current state is [DCH/FACH] FDCount : 6 
04-14 20:44:03.950 I/RILC    (  370): RIL_SOCKET_1 UNSOLICITED: RIL_UNSOL_LTE_REJECT_CAUSE length:16
04-14 20:44:03.950 E/RILC    (  370): Send Response to RIL_SOCKET_1
04-14 20:44:03.950 E/RILC    (  370): RIL Response bytes written:4
04-14 20:44:03.950 D/RILJ    ( 3447): [UNSL]< RIL_UNSOL_LTE_REJECT_CAUSE {15} [SUB0]
04-14 20:44:03.950 E/RILC    (  370): RIL Response bytes written:16
04-14 20:44:03.955 I/RILC    (  370): RIL_SOCKET_1 UNSOLICITED: UNSOL_OEM_HOOK_RAW length:32
04-14 20:44:03.955 E/RILC    (  370): Send Response to RIL_SOCKET_1
04-14 20:44:03.955 E/RILC    (  370): RIL Response bytes written:4
04-14 20:44:03.955 E/RILC    (  370): RIL Response bytes written:32
04-14 20:44:03.955 V/RILJ    ( 3447): [UNSL]< UNSOL_OEM_HOOK_RAW 514f454d484f4f4bef0308000100000002 [SUB0]
04-14 20:44:03.955 D/RILJ    ( 3447): Oem ID in RIL_UNSOL_OEM_HOOK_RAW is QOEMHOOK
04-14 20:44:03.955 D/RILJ    ( 3447): OEM ID check Passed
04-14 20:44:03.955 D/RILJ    ( 3447): Response ID in RIL_UNSOL_OEM_HOOK_RAW is 525295
04-14 20:44:03.955 D/RILJ    ( 3447): Response ID 525295 is not served in this process.
04-14 20:44:03.958 I/RILC    (  370): RIL_SOCKET_1 UNSOLICITED: UNSOL_RESPONSE_VOICE_NETWORK_STATE_CHANGED length:8
04-14 20:44:03.958 E/RILC    (  370): Send Response to RIL_SOCKET_1
04-14 20:44:03.958 E/RILC    (  370): RIL Response bytes written:4
04-14 20:44:03.958 E/RILC    (  370): RIL Response bytes written:8
04-14 20:44:03.958 D/RILJ    ( 3447): [UNSL]< UNSOL_RESPONSE_VOICE_NETWORK_STATE_CHANGED [SUB0]
04-14 20:44:03.958 D/RILJ    ( 3447): [2813]> OPERATOR [SUB0]
04-14 20:44:03.960 D/RILC    (  370): SOCKET RIL_SOCKET_1 REQUEST: OPERATOR length:8
04-14 20:44:03.961 D/RILJ    ( 3447): [2814]> DATA_REGISTRATION_STATE [SUB0]
04-14 20:44:03.963 D/RILC    (  370): SOCKET RIL_SOCKET_1 REQUEST: DATA_REGISTRATION_STATE length:8
04-14 20:44:03.963 D/RILJ    ( 3447): [2815]> VOICE_REGISTRATION_STATE [SUB0]
04-14 20:44:03.967 D/RILC    (  370): SOCKET RIL_SOCKET_1 REQUEST: VOICE_REGISTRATION_STATE length:8
04-14 20:44:03.967 D/RILJ    ( 3447): [2816]> QUERY_NETWORK_SELECTION_MODE [SUB0]
04-14 20:44:03.969 D/RILC    (  370): SOCKET RIL_SOCKET_1 REQUEST: QUERY_NETWORK_SELECTION_MODE length:8
04-14 20:44:03.981 D/RILC    (  370): RequestComplete, RIL_SOCKET_1
04-14 20:44:03.981 E/RILC    (  370): Send Response to RIL_SOCKET_1
04-14 20:44:03.982 E/RILC    (  370): RIL Response bytes written:4
04-14 20:44:03.982 D/RILJ    ( 3447): [2814]< DATA_REGISTRATION_STATE {1, dff2, 02be3801, 11, null, 20, null, null, null, null, null, 0} [SUB0]
04-14 20:44:03.982 E/RILC    (  370): RIL Response bytes written:120
04-14 20:44:03.982 D/GsmSST  ( 3447): isSFROperators result = false
04-14 20:44:03.982 D/PHONE   ( 3447): [ServiceState] setDataRegState=0
04-14 20:44:03.982 D/PHONE   ( 3447): [ServiceState] setDataRadioTechnology=11
04-14 20:44:03.982 D/GsmSST  ( 3447): [GsmSST] LOGRadioInfo : In Service
04-14 20:44:03.982 D/GsmSST  ( 3447): [GsmSST] handlPollStateResultMessage: GsmSST setDataRegState=0 regState=1 dataRadioTechnology=11
04-14 20:44:03.984 D/RILC    (  370): RequestComplete, RIL_SOCKET_1
04-14 20:44:03.984 E/RILC    (  370): Send Response to RIL_SOCKET_1
04-14 20:44:03.984 E/RILC    (  370): RIL Response bytes written:4
04-14 20:44:03.984 E/RILC    (  370): RIL Response bytes written:136
04-14 20:44:03.985 D/RILJ    ( 3447): [2815]< VOICE_REGISTRATION_STATE {1, dff2, 02be3801, 3, null, null, null, 0, null, null, 1, null, null, 0, 3e} [SUB0]
04-14 20:44:03.985 D/PHONE   ( 3447): [ServiceState] setVoiceRegState=0
04-14 20:44:03.985 E/PHONE   ( 3447): [ServiceState] setState deprecated use setVoiceRegState()
04-14 20:44:03.985 D/GsmSST  ( 3447): [GsmSST] LOGRadioInfo : In Service
04-14 20:44:03.986 D/RILC    (  370): RequestComplete, RIL_SOCKET_1
04-14 20:44:03.986 E/RILC    (  370): Send Response to RIL_SOCKET_1
04-14 20:44:03.986 E/RILC    (  370): RIL Response bytes written:4
04-14 20:44:03.986 E/RILC    (  370): RIL Response bytes written:72
04-14 20:44:03.986 D/RILJ    ( 3447): [2813]< OPERATOR {Orange, Orange, 26003} [SUB0]
04-14 20:44:03.987 D/RILC    (  370): RequestComplete, RIL_SOCKET_1
04-14 20:44:03.987 E/RILC    (  370): Send Response to RIL_SOCKET_1
04-14 20:44:03.987 E/RILC    (  370): RIL Response bytes written:4
04-14 20:44:03.987 E/RILC    (  370): RIL Response bytes written:20
04-14 20:44:03.987 D/RILJ    ( 3447): [2816]< QUERY_NETWORK_SELECTION_MODE {0} [SUB0]
04-14 20:44:03.990 D/GsmSST  ( 3447): [GsmSST] Poll ServiceState done:  oldSS=[0 0 voice home data home Orange Orange 26003 Orange Orange 26003  UMTS HSPA CSS not supported -1 -1 RoamInd=-1 DefRoamInd=-1 EmergOnly=false IsDataRoamingFromRegistration=false mIsVoiceSearching=false mIsDataSearching=false mVoiceNetworkName=null mDataNetworkName=null Check64QAM0 Dual carrier0] newSS=[0 0 voice home data home Orange Orange 26003 Orange Orange 26003  UMTS HSPA CSS not supported -1 -1 RoamInd=-1 DefRoamInd=-1 EmergOnly=false IsDataRoamingFromRegistration=false mIsVoiceSearching=false mIsDataSearching=false mVoiceNetworkName=null mDataNetworkName=null Check64QAM0 Dual carrier0] oldMaxDataCalls=20 mNewMaxDataCalls=20 oldReasonDataDenied=-1 mNewReasonDataDenied=-1
04-14 20:44:03.990 D/PHONE   ( 3447): [ServiceState] setNullState=1
04-14 20:44:03.991 D/GsmSST  ( 3447): [GsmSST] getCellLocation(): X good mCellLoc=[57330,46020609,62]
04-14 20:44:03.991 D/TelephonyRegistry( 1891): notifyCellLocationForSubscriber: subId=2 cellLocation=Bundle[mParcelledData.dataSize=64]
04-14 20:44:04.014 D/GsmSST  ( 3447): [GsmSST] getCellLocation(): X good mCellLoc=[57330,46020609,62]
04-14 20:44:04.034 D/RILJ    ( 3447): [2817]> REQUEST_GET_NEIGHBORING_CELL_IDS [SUB0]
04-14 20:44:04.035 D/RILC    (  370): SOCKET RIL_SOCKET_1 REQUEST: GET_NEIGHBORING_CELL_IDS length:8
04-14 20:44:04.036 I/RILQ    (  370): (0/370):RIL[0][main] qcril_qmi_nas_get_neighboring_cell_ids: completed with 0
04-14 20:44:04.039 I/RILQ    (  370): (0/370):RIL[0][qmi_cb] qcril_qmi_nas_get_neighboring_cells_cb: .. qmi error 0, resultqmi  0, qmi transp_err 0, ril res 0
04-14 20:44:04.040 D/RILC    (  370): RequestComplete, RIL_SOCKET_1
04-14 20:44:04.040 E/RILC    (  370): Send Response to RIL_SOCKET_1
04-14 20:44:04.040 E/RILC    (  370): RIL Response bytes written:4
04-14 20:44:04.040 E/RILC    (  370): RIL Response bytes written:184
04-14 20:44:04.040 I/RILQ    (  370): (0/370):RIL[0][qmi_cb] qcril_qmi_nas_get_neighboring_cells_cb: completed with 0 with 6 entries
04-14 20:44:04.042 D/RILJ    ( 3447): [2817]< REQUEST_GET_NEIGHBORING_CELL_IDS {[[3e@-91]] [[126@-93]] [[121@-97]] [[128@-98]] [[14@-100]] [[17e@-102]] } [SUB0]
04-14 20:44:04.047 D/RILJ    ( 3447): [2818]> RIL_REQUEST_GET_CELL_INFO_LIST [SUB0]
04-14 20:44:04.048 D/RILC    (  370): SOCKET RIL_SOCKET_1 REQUEST: GET_CELL_INFO_LIST length:8
04-14 20:44:04.051 D/RILC    (  370): RequestComplete, RIL_SOCKET_1
04-14 20:44:04.051 E/RILC    (  370): Send Response to RIL_SOCKET_1
04-14 20:44:04.052 E/RILC    (  370): RIL Response bytes written:4
04-14 20:44:04.052 E/RILC    (  370): RIL Response bytes written:704
04-14 20:44:04.056 D/RILJ    ( 3447): [2818]< RIL_REQUEST_GET_CELL_INFO_LIST [CellInfoWcdma:{mRegistered=YES mTimeStampType=oem_ril mTimeStamp=45075153908841ns CellIdentityWcdma:{ mMcc=260 mMnc=3 mLac=57330 mCid=46020609 mPsc=62} CellSignalStrengthWcdma: ss=1 ber=99}, CellInfoWcdma:{mRegistered=NO mTimeStampType=oem_ril mTimeStamp=45075153908841ns CellIdentityWcdma:{ mMcc=2147483647 mMnc=2147483647 mLac=2147483647 mCid=2147483647 mPsc=62} CellSignalStrengthWcdma: ss=11 ber=99}, CellInfoWcdma:{mRegistered=NO mTimeStampType=oem_ril mTimeStamp=45075153908841ns CellIdentityWcdma:{ mMcc=2147483647 mMnc=2147483647 mLac=2147483647 mCid=2147483647 mPsc=294} CellSignalStrengthWcdma: ss=10 ber=99}, CellInfoWcdma:{mRegistered=NO mTimeStampType=oem_ril mTimeStamp=45075153908841ns CellIdentityWcdma:{ mMcc=2147483647 mMnc=2147483647 mLac=2147483647 mCid=2147483647 mPsc=289} CellSignalStrengthWcdma: ss=8 ber=99}, CellInfoWcdma:{mRegistered=NO mTimeStampType=oem_ril mTimeStamp=45075153908841ns CellIdentityWcdma:{ mMcc=2147483647 mMnc=2147483647 mLac=2147483647 mCid=2147483647 mPsc=296} CellSignalStrengthWcdma: ss=8 ber=99}, CellInfoWcdma:{mRegistered=NO mTimeStampType=oem_ril mTimeStamp=45075153908841ns CellIdentityWcdma:{ mMcc=2147483647 mMnc=2147483647 mLac=2147483647 mCid=2147483647 mPsc=20} CellSignalStrengthWcdma: ss=7 ber=99}, CellInfoWcdma:{mRegistered=NO mTimeStampType=oem_ril mTimeStamp=45075153908841ns CellIdentityWcdma:{ mMcc=2147483647 mMnc=2147483647 mLac=2147483647 mCid=2147483647 mPsc=382} CellSignalStrengthWcdma: ss=6 ber=99}, CellInfoGsm:{mRegistered=NO mTimeStampType=oem_ril mTimeStamp=45075153908841ns CellIdentityGsm:{ mMcc=2147483647 mMnc=2147483647 mLac=2147483647 mCid=2147483647} CellSignalStrengthGsm: ss=22 ber=99}, CellInfoGsm:{mRegistered=NO mTimeStampType=oem_ril mTimeStamp=45075153908841ns CellIdentityGsm:{ mMcc=2147483647 mMnc=2147483647 mLac=2147483647 mCid=2147483647} CellSignalStrengthGsm: ss=19 ber=99}, CellInfoGsm:{mRegistered=NO mTimeStampType=oem_ril mTimeStamp=45075153908841ns CellIdentityGsm:{ mMcc=2147483647 mMnc=2147483647 mLac=2147483647 mCid=2147483647} CellSignalStrengthGsm: ss=18 ber=99}, CellInfoGsm:{mRegistered=NO mTimeStampType=oem_ril mTimeStamp=45075153908841ns CellIdentityGsm:{ mMcc=2147483647 mMnc=2147483647 mLac=2147483647 mCid=2147483647} CellSignalStrengthGsm: ss=13 ber=99}, CellInfoGsm:{mRegistered=NO mTimeStampType=oem_ril mTimeStamp=45075153908841ns CellIdentityGsm:{ mMcc=2147483647 mMnc=2147483647 mLac=2147483647 mCid=2147483647} CellSignalStrengthGsm: ss=12 ber=99}, CellInfoGsm:{mRegistered=NO mTimeStampType=oem_ril mTimeStamp=45075153908841ns CellIdentityGsm:{ mMcc=2147483647 mMnc=2147483647 mLac=2147483647 mCid=2147483647} CellSignalStrengthGsm: ss=12 ber=99}, CellInfoGsm:{mRegistered=NO mTimeStampType=oem_ril mTimeStamp=45075153908841ns CellIdentityGsm:{ mMcc=2147483647 mMnc=2147483647 mLac=2147483647 mCid=2147483647} CellSignalStrengthGsm: ss=10 ber=99}, CellInfoGsm:{mRegistered=NO mTimeStampType=oem_ril mTimeStamp=45075153908841ns CellIdentityGsm:{ mMcc=2147483647 mMnc=2147483647 mLac=2147483647 mCid=2147483647} CellSignalStrengthGsm: ss=10 ber=99}] [SUB0]
04-14 20:44:04.059 D/GsmSST  ( 3447): [GsmSST] SST.getAllCellInfo(): X size=15 list=[CellInfoWcdma:{mRegistered=YES mTimeStampType=oem_ril mTimeStamp=45075153908841ns CellIdentityWcdma:{ mMcc=260 mMnc=3 mLac=57330 mCid=46020609 mPsc=62} CellSignalStrengthWcdma: ss=1 ber=99}, CellInfoWcdma:{mRegistered=NO mTimeStampType=oem_ril mTimeStamp=45075153908841ns CellIdentityWcdma:{ mMcc=2147483647 mMnc=2147483647 mLac=2147483647 mCid=2147483647 mPsc=62} CellSignalStrengthWcdma: ss=11 ber=99}, CellInfoWcdma:{mRegistered=NO mTimeStampType=oem_ril mTimeStamp=45075153908841ns CellIdentityWcdma:{ mMcc=2147483647 mMnc=2147483647 mLac=2147483647 mCid=2147483647 mPsc=294} CellSignalStrengthWcdma: ss=10 ber=99}, CellInfoWcdma:{mRegistered=NO mTimeStampType=oem_ril mTimeStamp=45075153908841ns CellIdentityWcdma:{ mMcc=2147483647 mMnc=2147483647 mLac=2147483647 mCid=2147483647 mPsc=289} CellSignalStrengthWcdma: ss=8 ber=99}, CellInfoWcdma:{mRegistered=NO mTimeStampType=oem_ril mTimeStamp=45075153908841ns CellIdentityWcdma:{ mMcc=2147483647 mMnc=2147483647 mLac=2147483647 mCid=2147483647 mPsc=296} CellSignalStrengthWcdma: ss=8 ber=99}, CellInfoWcdma:{mRegistered=NO mTimeStampType=oem_ril mTimeStamp=45075153908841ns CellIdentityWcdma:{ mMcc=2147483647 mMnc=2147483647 mLac=2147483647 mCid=2147483647 mPsc=20} CellSignalStrengthWcdma: ss=7 ber=99}, CellInfoWcdma:{mRegistered=NO mTimeStampType=oem_ril mTimeStamp=45075153908841ns CellIdentityWcdma:{ mMcc=2147483647 mMnc=2147483647 mLac=2147483647 mCid=2147483647 mPsc=382} CellSignalStrengthWcdma: ss=6 ber=99}, CellInfoGsm:{mRegistered=NO mTimeStampType=oem_ril mTimeStamp=45075153908841ns CellIdentityGsm:{ mMcc=2147483647 mMnc=2147483647 mLac=2147483647 mCid=2147483647} CellSignalStrengthGsm: ss=22 ber=99}, CellInfoGsm:{mRegistered=NO mTimeStampType=oem_ril mTimeStamp=45075153908841ns CellIdentityGsm:{ mMcc=2147483647 mMnc=2147483647 mLac=2147483647 mCid=2147483647} CellSignalStrengthGsm: ss=19 ber=99}, CellInfoGsm:{mRegistered=NO mTimeStampType=oem_ril mTimeStamp=45075153908841ns CellIdentityGsm:{ mMcc=2147483647 mMnc=2147483647 mLac=2147483647 mCid=2147483647} CellSignalStrengthGsm: ss=18 ber=99}, CellInfoGsm:{mRegistered=NO mTimeStampType=oem_ril mTimeStamp=45075153908841ns CellIdentityGsm:{ mMcc=2147483647 mMnc=2147483647 mLac=2147483647 mCid=2147483647} CellSignalStrengthGsm: ss=13 ber=99}, CellInfoGsm:{mRegistered=NO mTimeStampType=oem_ril mTimeStamp=45075153908841ns CellIdentityGsm:{ mMcc=2147483647 mMnc=2147483647 mLac=2147483647 mCid=2147483647} CellSignalStrengthGsm: ss=12 ber=99}, CellInfoGsm:{mRegistered=NO mTimeStampType=oem_ril mTimeStamp=45075153908841ns CellIdentityGsm:{ mMcc=2147483647 mMnc=2147483647 mLac=2147483647 mCid=2147483647} CellSignalStrengthGsm: ss=12 ber=99}, CellInfoGsm:{mRegistered=NO mTimeStampType=oem_ril mTimeStamp=45075153908841ns CellIdentityGsm:{ mMcc=2147483647 mMnc=2147483647 mLac=2147483647 mCid=2147483647} CellSignalStrengthGsm: ss=10 ber=99}, CellInfoGsm:{mRegistered=NO mTimeStampType=oem_ril mTimeStamp=45075153908841ns CellIdentityGsm:{ mMcc=2147483647 mMnc=2147483647 mLac=2147483647 mCid=2147483647} CellSignalStrengthGsm: ss=10 ber=99}]
04-14 20:44:04.062 D/GsmSST  ( 3447): [GsmSST] getCellLocation(): X good mCellLoc=[57330,46020609,62]
04-14 20:44:04.321 D/QtiGsmDCT( 3447): [0]updateDataActivity: curTxRxSum={txSum=185057 rxSum=225134} preTxRxSum={txSum=185057 rxSum=225134}
04-14 20:44:04.321 D/QtiGsmDCT( 3447): [0]updateDataActivity: sent=0 received=0
04-14 20:44:04.339 V/LG-FASTDORMANCY( 3447): [DCH/FACH] FDCount : 6 intent received :com.android.internal.telephony.ACTION_CHECK_NETSTAT
04-14 20:44:04.344 V/LG-FASTDORMANCY( 3447): [DCH/FACH] FDCount : 6 prev: TxPkts(185057), RxPkts(225134)
04-14 20:44:04.344 V/LG-FASTDORMANCY( 3447): [DCH/FACH] FDCount : 6 curr: TxPkts(185057), RxPkts(225134)
04-14 20:44:04.345 I/LG-FASTDORMANCY( 3447): [DCH/FACH] FDCount : 7 Scheduling checkNetStat for 1000msec, current state is [DCH/FACH] FDCount : 7 
04-14 20:44:05.324 D/QtiGsmDCT( 3447): [0]updateDataActivity: curTxRxSum={txSum=185057 rxSum=225134} preTxRxSum={txSum=185057 rxSum=225134}
04-14 20:44:05.324 D/QtiGsmDCT( 3447): [0]updateDataActivity: sent=0 received=0
04-14 20:44:05.348 V/LG-FASTDORMANCY( 3447): [DCH/FACH] FDCount : 7 intent received :com.android.internal.telephony.ACTION_CHECK_NETSTAT
04-14 20:44:05.352 V/LG-FASTDORMANCY( 3447): [DCH/FACH] FDCount : 7 prev: TxPkts(185057), RxPkts(225134)
04-14 20:44:05.352 V/LG-FASTDORMANCY( 3447): [DCH/FACH] FDCount : 7 curr: TxPkts(185057), RxPkts(225134)
