04-11 20:08:12.284 I/TetherStatsReporting( 1891):   [24] iface=wlan0 uid=10004 set=DEFAULT tag=0x0 rxBytes=91507 rxPackets=193 txBytes=41986 txPackets=248 operations=0
04-11 20:08:12.284 I/TetherStatsReporting( 1891):   [25] iface=wlan0 uid=10004 set=FOREGROUND tag=0x0 rxBytes=0 rxPackets=0 txBytes=0 txPackets=0 operations=0
04-11 20:08:12.284 I/TetherStatsReporting( 1891):   [26] iface=wlan0 uid=10010 set=DEFAULT tag=0x0 rxBytes=24223 rxPackets=48 txBytes=12687 txPackets=89 operations=0
04-11 20:08:12.284 I/TetherStatsReporting( 1891):   [27] iface=wlan0 uid=10010 set=FOREGROUND tag=0x0 rxBytes=0 rxPackets=0 txBytes=0 txPackets=0 operations=0
04-11 20:08:12.284 I/TetherStatsReporting( 1891):   [28] iface=wlan0 uid=10037 set=DEFAULT tag=0x0 rxBytes=38996 rxPackets=79 txBytes=12437 txPackets=65 operations=0
04-11 20:08:12.284 I/TetherStatsReporting( 1891):   [29] iface=wlan0 uid=10037 set=FOREGROUND tag=0x0 rxBytes=0 rxPackets=0 txBytes=0 txPackets=0 operations=0
04-11 20:08:12.284 I/TetherStatsReporting( 1891):   [30] iface=wlan0 uid=10042 set=DEFAULT tag=0x0 rxBytes=16587 rxPackets=32 txBytes=10067 txPackets=35 operations=0
04-11 20:08:12.284 I/TetherStatsReporting( 1891):   [31] iface=wlan0 uid=10042 set=FOREGROUND tag=0x0 rxBytes=0 rxPackets=0 txBytes=0 txPackets=0 operations=0
04-11 20:08:12.284 I/TetherStatsReporting( 1891):   [32] iface=wlan0 uid=10081 set=DEFAULT tag=0x0 rxBytes=6172 rxPackets=11 txBytes=2189 txPackets=12 operations=0
04-11 20:08:12.284 I/TetherStatsReporting( 1891):   [33] iface=wlan0 uid=10081 set=FOREGROUND tag=0x0 rxBytes=0 rxPackets=0 txBytes=0 txPackets=0 operations=0
04-11 20:08:12.284 I/TetherStatsReporting( 1891):   [34] iface=wlan0 uid=10092 set=DEFAULT tag=0x0 rxB
04-11 20:08:12.285 I/TetherStatsReporting( 1891): combining tether stats
04-11 20:08:39.018 I/TetherStatsReporting( 1891): getTetherStats() called NetworkStats: elapsedRealtime=1040354
04-11 20:08:39.018 I/TetherStatsReporting( 1891):   [0] iface=v4-rmnet_data0 uid=0 set=DEFAULT tag=0x0 rxBytes=16498 rxPackets=317 txBytes=3415 txPackets=65 operations=0
04-11 20:08:39.018 I/TetherStatsReporting( 1891):   [1] iface=v4-rmnet_data0 uid=0 set=FOREGROUND tag=0x0 rxBytes=0 rxPackets=0 txBytes=0 txPackets=0 operations=0
04-11 20:08:39.018 I/TetherStatsReporting( 1891):   [2] iface=v4-rmnet_data0 uid=10004 set=DEFAULT tag=0x0 rxBytes=52 rxPackets=1 txBytes=52 txPackets=1 operations=0
04-11 20:08:39.018 I/TetherStatsReporting( 1891):   [3] iface=v4-rmnet_data0 uid=10004 set=FOREGROUND tag=0x0 rxBytes=5336 rxPackets=11 txBytes=1627 txPackets=12 operations=0
04-11 20:08:39.018 I/TetherStatsReporting( 1891):   [4] iface=v4-rmnet_data0 uid=10100 set=DEFAULT tag=0x0 rxBytes=7589 rxPackets=25 txBytes=3645 txPackets=29 operations=0
04-11 20:08:39.018 I/TetherStatsReporting( 1891):   [5] iface=v4-rmnet_data0 uid=10100 set=FOREGROUND tag=0x0 rxBytes=368276 rxPackets=582 txBytes=94848 txPackets=606 operations=0
04-11 20:08:39.018 I/TetherStatsReporting( 1891):   [6] iface=v4-rmnet_data0 uid=10101 set=DEFAULT tag=0x0 rxBytes=14058 rxPackets=31 txBytes=4840 txPackets=45 operations=0
04-11 20:08:39.018 I/TetherStatsReporting( 1891):   [7] iface=v4-rmnet_data0 uid=10101 set=FOREGROUND tag=0x0 rxBytes=10392251 rxPackets=10196 txBytes=569314 txPackets=8615 operations=0
04-11 20:08:39.018 I/TetherStatsReporting( 1891):   [8] iface=rmnet_data0 uid=0 set=DEFAULT tag=0x0 rxBytes=244835 rxPackets=148 txBytes=199804 txPackets=143 operations=0
04-11 20:08:39.018 I/TetherStatsReporting( 1891):   [9] iface=rmnet_data0 uid=0 set=FOREGROUND tag=0x0 rxBytes=0 rxPackets=0 txBytes=0 txPackets=0 operations=0
04-11 20:08:39.018 I/TetherStatsReporting( 1891):   [10] iface=rmnet_data0 uid=1000 set=DEFAULT tag=0x0 rxBytes=383 rxPackets=4 txBytes=627 txPackets=6 operations=0
04-11 20:08:39.018 I/TetherStatsReporting( 1891):   [11] iface=rmnet_data0 uid=1000 set=FOREGROUND tag=0x0 rxBytes=0 rxPackets=0 txBytes=0 txPackets=0 operations=0
04-11 20:08:39.018 I/TetherStatsReporting( 1891):   [12] iface=rmnet_data0 uid=10004 set=DEFAULT tag=0x0 rxBytes=4067 rxPackets=24 txBytes=8236 txPackets=25 operations=0
04-11 20:08:39.018 I/TetherStatsReporting( 1891):   [13] iface=rmnet_data0 uid=10004 set=FOREGROUND tag=0x0 rxBytes=5774 rxPackets=12 txBytes=2852 txPackets=13 operations=0
04-11 20:08:39.018 I/TetherStatsReporting( 1891):   [14] iface=rmnet_data0 uid=10039 set=DEFAULT tag=0x0 rxBytes=311 rxPackets=3 txBytes=545 txPackets=5 operations=0
04-11 20:08:39.018 I/TetherStatsReporting( 1891):   [15] iface=rmnet_data0 uid=10039 set=FOREGROUND tag=0x0 rxBytes=0 rxPackets=0 txBytes=0 txPackets=0 operations=0
04-11 20:08:39.018 I/TetherStatsReporting( 1891):   [16] iface=rmnet_data0 uid=10101 set=DEFAULT tag=0x0 rxBytes=278 rxPackets=3 txBytes=403 txPackets=5 operations=0
04-11 20:08:39.018 I/TetherStatsReporting( 1891):   [17] iface=rmnet_data0 uid=10101 set=FOREGROUND tag=0x0 rxBytes=18274 rxPackets=49 txBytes=12581 txPackets=63 operations=0
04-11 20:08:39.018 I/TetherStatsReporting( 1891):   [18] iface=wlan0 uid=0 set=DEFAULT tag=0x0 rxBytes=69084 rxPackets=132 txBytes=6104 txPackets=123 operations=0
04-11 20:08:39.018 I/TetherStatsReporting( 1891):   [19] iface=wlan0 uid=0 set=FOREGROUND tag=0x0 rxBytes=0 rxPackets=0 txBytes=0 txPackets=0 operations=0
04-11 20:08:39.018 I/TetherStatsReporting( 1891):   [20] iface=wlan0 uid=1000 set=DEFAULT tag=0x0 rxBytes=1117 rxPackets=14 txBytes=1545 txPackets=17 operations=0
04-11 20:08:39.018 I/TetherStatsReporting( 1891):   [21] iface=wlan0 uid=1000 set=FOREGROUND tag=0x0 rxBytes=0 rxPackets=0 txBytes=0 txPackets=0 operations=0
04-11 20:08:39.018 I/TetherStatsReporting( 1891):   [22] iface=wlan0 uid=4001 set=DEFAULT tag=0x0 rxBytes=76 rxPackets=1 txBytes=76 txPackets=1 operations=0
04-11 20:08:39.018 I/TetherStatsReporting( 1891):   [23] iface=wlan0 uid=4001 set=FOREGROUND tag=0x0 rxBytes=0 rxPackets=0 txBytes=0 txPackets=0 operations=0
04-11 20:08:39.018 I/TetherStatsReporting( 1891):   [24] iface=wlan0 uid=10004 set=DEFAULT tag=0x0 rxBytes=91507 rxPackets=193 txBytes=41986 txPackets=248 operations=0
04-11 20:08:39.018 I/TetherStatsReporting( 1891):   [25] iface=wlan0 uid=10004 set=FOREGROUND tag=0x0 rxBytes=0 rxPackets=0 txBytes=0 txPackets=0 operations=0
04-11 20:08:39.018 I/TetherStatsReporting( 1891):   [26] iface=wlan0 uid=10010 set=DEFAULT tag=0x0 rxBytes=24223 rxPackets=48 txBytes=12687 txPackets=89 operations=0
04-11 20:08:39.018 I/TetherStatsReporting( 1891):   [27] iface=wlan0 uid=10010 set=FOREGROUND tag=0x0 rxBytes=0 rxPackets=0 txBytes=0 txPackets=0 operations=0
04-11 20:08:39.018 I/TetherStatsReporting( 1891):   [28] iface=wlan0 uid=10037 set=DEFAULT tag=0x0 rxBytes=38996 rxPackets=79 txBytes=12437 txPackets=65 operations=0
04-11 20:08:39.018 I/TetherStatsReporting( 1891):   [29] iface=wlan0 uid=10037 set=FOREGROUND tag=0x0 rxBytes=0 rxPackets=0 txBytes=0 txPackets=0 operations=0
04-11 20:08:39.018 I/TetherStatsReporting( 1891):   [30] iface=wlan0 uid=10042 set=DEFAULT tag=0x0 rxBytes=16587 rxPackets=32 txBytes=10067 txPackets=35 operations=0
04-11 20:08:39.018 I/TetherStatsReporting( 1891):   [31] iface=wlan0 uid=10042 set=FOREGROUND tag=0x0 rxBytes=0 rxPackets=0 txBytes=0 txPackets=0 operations=0
04-11 20:08:39.018 I/TetherStatsReporting( 1891):   [32] iface=wlan0 uid=10081 set=DEFAULT tag=0x0 rxBytes=6172 rxPackets=11 txBytes=2189 txPackets=12 operations=0
04-11 20:08:39.018 I/TetherStatsReporting( 1891):   [33] iface=wlan0 uid=10081 set=FOREGROUND tag=0x0 rxBytes=0 rxPackets=0 txBytes=0 txPackets=0 operations=0
04-11 20:08:39.018 I/TetherStatsReporting( 1891):   [34] iface=wlan0 uid=10092 set=DEFAULT tag=0x0 rxB
04-11 20:08:39.018 I/TetherStatsReporting( 1891): combining tether stats
04-11 20:08:50.098 I/TetherStatsReporting( 1891): getTetherStats() called NetworkStats: elapsedRealtime=1051434
04-11 20:08:50.098 I/TetherStatsReporting( 1891):   [0] iface=v4-rmnet_data0 uid=0 set=DEFAULT tag=0x0 rxBytes=16602 rxPackets=319 txBytes=3415 txPackets=65 operations=0
04-11 20:08:50.098 I/TetherStatsReporting( 1891):   [1] iface=v4-rmnet_data0 uid=0 set=FOREGROUND tag=0x0 rxBytes=0 rxPackets=0 txBytes=0 txPackets=0 operations=0
04-11 20:08:50.098 I/TetherStatsReporting( 1891):   [2] iface=v4-rmnet_data0 uid=10004 set=DEFAULT tag=0x0 rxBytes=52 rxPackets=1 txBytes=52 txPackets=1 operations=0
04-11 20:08:50.098 I/TetherStatsReporting( 1891):   [3] iface=v4-rmnet_data0 uid=10004 set=FOREGROUND tag=0x0 rxBytes=5336 rxPackets=11 txBytes=1627 txPackets=12 operations=0
04-11 20:08:50.098 I/TetherStatsReporting( 1891):   [4] iface=v4-rmnet_data0 uid=10100 set=DEFAULT tag=0x0 rxBytes=7589 rxPackets=25 txBytes=3645 txPackets=29 operations=0
04-11 20:08:50.098 I/TetherStatsReporting( 1891):   [5] iface=v4-rmnet_data0 uid=10100 set=FOREGROUND tag=0x0 rxBytes=368276 rxPackets=582 txBytes=94848 txPackets=606 operations=0
04-11 20:08:50.098 I/TetherStatsReporting( 1891):   [6] iface=v4-rmnet_data0 uid=10101 set=DEFAULT tag=0x0 rxBytes=14110 rxPackets=32 txBytes=5027 txPackets=48 operations=0
04-11 20:08:50.098 I/TetherStatsReporting( 1891):   [7] iface=v4-rmnet_data0 uid=10101 set=FOREGROUND tag=0x0 rxBytes=10392251 rxPackets=10196 txBytes=569314 txPackets=8615 operations=0
04-11 20:08:50.098 I/TetherStatsReporting( 1891):   [8] iface=rmnet_data0 uid=0 set=DEFAULT tag=0x0 rxBytes=245039 rxPackets=150 txBytes=199864 txPackets=143 operations=0
04-11 20:08:50.098 I/TetherStatsReporting( 1891):   [9] iface=rmnet_data0 uid=0 set=FOREGROUND tag=0x0 rxBytes=0 rxPackets=0 txBytes=0 txPackets=0 operations=0
04-11 20:08:50.098 I/TetherStatsReporting( 1891):   [10] iface=rmnet_data0 uid=1000 set=DEFAULT tag=0x0 rxBytes=383 rxPackets=4 txBytes=627 txPackets=6 operations=0
04-11 20:08:50.098 I/TetherStatsReporting( 1891):   [11] iface=rmnet_data0 uid=1000 set=FOREGROUND tag=0x0 rxBytes=0 rxPackets=0 txBytes=0 txPackets=0 operations=0
04-11 20:08:50.098 I/TetherStatsReporting( 1891):   [12] iface=rmnet_data0 uid=10004 set=DEFAULT tag=0x0 rxBytes=4067 rxPackets=24 txBytes=8236 txPackets=25 operations=0
04-11 20:08:50.098 I/TetherStatsReporting( 1891):   [13] iface=rmnet_data0 uid=10004 set=FOREGROUND tag=0x0 rxBytes=5774 rxPackets=12 txBytes=2852 txPackets=13 operations=0
04-11 20:08:50.098 I/TetherStatsReporting( 1891):   [14] iface=rmnet_data0 uid=10039 set=DEFAULT tag=0x0 rxBytes=311 rxPackets=3 txBytes=545 txPackets=5 operations=0
04-11 20:08:50.098 I/TetherStatsReporting( 1891):   [15] iface=rmnet_data0 uid=10039 set=FOREGROUND tag=0x0 rxBytes=0 rxPackets=0 txBytes=0 txPackets=0 operations=0
04-11 20:08:50.098 I/TetherStatsReporting( 1891):   [16] iface=rmnet_data0 uid=10101 set=DEFAULT tag=0x0 rxBytes=278 rxPackets=3 txBytes=403 txPackets=5 operations=0
04-11 20:08:50.098 I/TetherStatsReporting( 1891):   [17] iface=rmnet_data0 uid=10101 set=FOREGROUND tag=0x0 rxBytes=18274 rxPackets=49 txBytes=12581 txPackets=63 operations=0
04-11 20:08:50.098 I/TetherStatsReporting( 1891):   [18] iface=wlan0 uid=0 set=DEFAULT tag=0x0 rxBytes=69084 rxPackets=132 txBytes=6104 txPackets=123 operations=0
04-11 20:08:50.098 I/TetherStatsReporting( 1891):   [19] iface=wlan0 uid=0 set=FOREGROUND tag=0x0 rxBytes=0 rxPackets=0 txBytes=0 txPackets=0 operations=0
04-11 20:08:50.098 I/TetherStatsReporting( 1891):   [20] iface=wlan0 uid=1000 set=DEFAULT tag=0x0 rxBytes=1117 rxPackets=14 txBytes=1545 txPackets=17 operations=0
04-11 20:08:50.098 I/TetherStatsReporting( 1891):   [21] iface=wlan0 uid=1000 set=FOREGROUND tag=0x0 rxBytes=0 rxPackets=0 txBytes=0 txPackets=0 operations=0
04-11 20:08:50.098 I/TetherStatsReporting( 1891):   [22] iface=wlan0 uid=4001 set=DEFAULT tag=0x0 rxBytes=76 rxPackets=1 txBytes=76 txPackets=1 operations=0
04-11 20:08:50.098 I/TetherStatsReporting( 1891):   [23] iface=wlan0 uid=4001 set=FOREGROUND tag=0x0 rxBytes=0 rxPackets=0 txBytes=0 txPackets=0 operations=0
04-11 20:08:50.098 I/TetherStatsReporting( 1891):   [24] iface=wlan0 uid=10004 set=DEFAULT tag=0x0 rxBytes=91507 rxPackets=193 txBytes=41986 txPackets=248 operations=0
04-11 20:08:50.098 I/TetherStatsReporting( 1891):   [25] iface=wlan0 uid=10004 set=FOREGROUND tag=0x0 rxBytes=0 rxPackets=0 txBytes=0 txPackets=0 operations=0
04-11 20:08:50.098 I/TetherStatsReporting( 1891):   [26] iface=wlan0 uid=10010 set=DEFAULT tag=0x0 rxBytes=24223 rxPackets=48 txBytes=12687 txPackets=89 operations=0
04-11 20:08:50.098 I/TetherStatsReporting( 1891):   [27] iface=wlan0 uid=10010 set=FOREGROUND tag=0x0 rxBytes=0 rxPackets=0 txBytes=0 txPackets=0 operations=0
04-11 20:08:50.098 I/TetherStatsReporting( 1891):   [28] iface=wlan0 uid=10037 set=DEFAULT tag=0x0 rxBytes=38996 rxPackets=79 txBytes=12437 txPackets=65 operations=0
04-11 20:08:50.098 I/TetherStatsReporting( 1891):   [29] iface=wlan0 uid=10037 set=FOREGROUND tag=0x0 rxBytes=0 rxPackets=0 txBytes=0 txPackets=0 operations=0
04-11 20:08:50.098 I/TetherStatsReporting( 1891):   [30] iface=wlan0 uid=10042 set=DEFAULT tag=0x0 rxBytes=16587 rxPackets=32 txBytes=10067 txPackets=35 operations=0
04-11 20:08:50.098 I/TetherStatsReporting( 1891):   [31] iface=wlan0 uid=10042 set=FOREGROUND tag=0x0 rxBytes=0 rxPackets=0 txBytes=0 txPackets=0 operations=0
04-11 20:08:50.098 I/TetherStatsReporting( 1891):   [32] iface=wlan0 uid=10081 set=DEFAULT tag=0x0 rxBytes=6172 rxPackets=11 txBytes=2189 txPackets=12 operations=0
04-11 20:08:50.098 I/TetherStatsReporting( 1891):   [33] iface=wlan0 uid=10081 set=FOREGROUND tag=0x0 rxBytes=0 rxPackets=0 txBytes=0 txPackets=0 operations=0
04-11 20:08:50.098 I/TetherStatsReporting( 1891):   [34] iface=wlan0 uid=10092 set=DEFAULT tag=0x0 rxB
04-11 20:08:50.098 I/TetherStatsReporting( 1891): combining tether stats
04-11 20:09:01.020 D/VM_BMS  (  530): wake_lock acquired
04-11 20:09:01.020 D/VM_BMS  (  530): New BMS data - Size=56
04-11 20:09:01.020 D/VM_BMS  (  530): Start process_bms_data
04-11 20:09:01.023 D/VM_BMS  (  530): For batt_temp=293 fcc_mah=2418
04-11 20:09:01.023 D/VM_BMS  (  530): For ocv=3720932 batt_temp=293 soc=28
04-11 20:09:01.023 D/VM_BMS  (  530): fifo_count=8 acc_count=0
04-11 20:09:01.023 D/VM_BMS  (  530): INIT: ocv=3720932 last_ocv=3720932 batt_temp=293 soc=28
04-11 20:09:01.023 D/VM_BMS  (  530): For soc=28 batt_temp=293 slope=7400
04-11 20:09:01.023 D/VM_BMS  (  530): For soc=28 batt_temp=293 rbatt_sf=104
04-11 20:09:01.023 D/VM_BMS  (  530): rbatt_mohm_default=139, rbatt_mohm=144, sf=104 batt_temp=293
04-11 20:09:01.023 D/VM_BMS  (  530): For ocv=3720975 batt_temp=293 soc=28
04-11 20:09:01.024 D/VM_BMS  (  530): FIFO=0 fifo_avg=3.731930 rbatt=0.194000 slope=0.740000 ibatt=-0.056580 ocv=3.720975 soc=28 fcc_ah=2.418000 sample_count=128 sample_interval=70 seq_num=17
04-11 20:09:01.024 D/VM_BMS  (  530): For soc=28 batt_temp=293 slope=7400
04-11 20:09:01.024 D/VM_BMS  (  530): For soc=28 batt_temp=293 rbatt_sf=104
04-11 20:09:01.024 D/VM_BMS  (  530): rbatt_mohm_default=139, rbatt_mohm=144, sf=104 batt_temp=293
04-11 20:09:01.024 D/VM_BMS  (  530): For ocv=3721011 batt_temp=293 soc=28
04-11 20:09:01.024 D/VM_BMS  (  530): FIFO=1 fifo_avg=3.730173 rbatt=0.194000 slope=0.740000 ibatt=-0.047320 ocv=3.721011 soc=28 fcc_ah=2.418000 sample_count=128 sample_interval=70 seq_num=17
04-11 20:09:01.024 D/VM_BMS  (  530): For soc=28 batt_temp=293 slope=7400
04-11 20:09:01.024 D/VM_BMS  (  530): For soc=28 batt_temp=293 rbatt_sf=104
04-11 20:09:01.024 D/VM_BMS  (  530): rbatt_mohm_default=139, rbatt_mohm=144, sf=104 batt_temp=293
04-11 20:09:01.024 D/VM_BMS  (  530): For ocv=3721043 batt_temp=293 soc=28
04-11 20:09:01.024 D/VM_BMS  (  530): FIFO=2 fifo_avg=3.729276 rbatt=0.194000 slope=0.740000 ibatt=-0.042520 ocv=3.721043 soc=28 fcc_ah=2.418000 sample_count=128 sample_interval=70 seq_num=17
04-11 20:09:01.024 D/VM_BMS  (  530): For soc=28 batt_temp=293 slope=7400
04-11 20:09:01.024 D/VM_BMS  (  530): For soc=28 batt_temp=293 rbatt_sf=104
04-11 20:09:01.024 D/VM_BMS  (  530): rbatt_mohm_default=139, rbatt_mohm=144, sf=104 batt_temp=293
04-11 20:09:01.024 D/VM_BMS  (  530): For ocv=3721173 batt_temp=293 soc=28
04-11 20:09:01.024 D/VM_BMS  (  530): FIFO=3 fifo_avg=3.754262 rbatt=0.194000 slope=0.740000 ibatt=-0.170896 ocv=3.721173 soc=28 fcc_ah=2.418000 sample_count=128 sample_interval=70 seq_num=17
04-11 20:09:01.024 D/VM_BMS  (  530): For soc=28 batt_temp=293 slope=7400
04-11 20:09:01.024 D/VM_BMS  (  530): For soc=28 batt_temp=293 rbatt_sf=104
04-11 20:09:01.024 D/VM_BMS  (  530): rbatt_mohm_default=139, rbatt_mohm=144, sf=104 batt_temp=293
04-11 20:09:01.024 D/VM_BMS  (  530): For ocv=3721308 batt_temp=293 soc=28
04-11 20:09:01.024 D/VM_BMS  (  530): FIFO=4 fifo_avg=3.755732 rbatt=0.194000 slope=0.740000 ibatt=-0.177790 ocv=3.721308 soc=28 fcc_ah=2.418000 sample_count=128 sample_interval=70 seq_num=17
04-11 20:09:01.024 D/VM_BMS  (  530): For soc=28 batt_temp=293 slope=7400
04-11 20:09:01.024 D/VM_BMS  (  530): For soc=28 batt_temp=293 rbatt_sf=104
04-11 20:09:01.024 D/VM_BMS  (  530): rbatt_mohm_default=139, rbatt_mohm=144, sf=104 batt_temp=293
04-11 20:09:01.024 D/VM_BMS  (  530): For ocv=3721404 batt_temp=293 soc=28
04-11 20:09:01.024 D/VM_BMS  (  530): FIFO=5 fifo_avg=3.746029 rbatt=0.194000 slope=0.740000 ibatt=-0.127178 ocv=3.721405 soc=28 fcc_ah=2.418000 sample_count=128 sample_interval=70 seq_num=17
04-11 20:09:01.024 D/VM_BMS  (  530): For soc=28 batt_temp=293 slope=7400
04-11 20:09:01.024 D/VM_BMS  (  530): For soc=28 batt_temp=293 rbatt_sf=104
04-11 20:09:01.024 D/VM_BMS  (  530): rbatt_mohm_default=139, rbatt_mohm=144, sf=104 batt_temp=293
04-11 20:09:01.025 D/VM_BMS  (  530): For ocv=3721451 batt_temp=293 soc=28
04-11 20:09:01.025 D/VM_BMS  (  530): FIFO=6 fifo_avg=3.733402 rbatt=0.194000 slope=0.740000 ibatt=-0.061724 ocv=3.721451 soc=28 fcc_ah=2.418000 sample_count=128 sample_interval=70 seq_num=17
04-11 20:09:01.025 D/VM_BMS  (  530): For soc=28 batt_temp=293 slope=7400
04-11 20:09:01.025 D/VM_BMS  (  530): For soc=28 batt_temp=293 rbatt_sf=104
04-11 20:09:01.025 D/VM_BMS  (  530): rbatt_mohm_default=139, rbatt_mohm=144, sf=104 batt_temp=293
04-11 20:09:01.025 D/VM_BMS  (  530): For ocv=3721576 batt_temp=293 soc=28
04-11 20:09:01.025 D/VM_BMS  (  530): FIFO=7 fifo_avg=3.753380 rbatt=0.194000 slope=0.740000 ibatt=-0.164260 ocv=3.721576 soc=28 fcc_ah=2.418000 sample_count=128 sample_interval=70 seq_num=17
04-11 20:09:01.025 I/VM_BMS  (  530): power_supply_update: ocv_uv=3721576 ibatt=-164260 soc=28 seq_num=17
04-11 20:09:01.025 D/VM_BMS  (  530): End process_bms_data
04-11 20:09:01.025 D/VM_BMS  (  530): wake_lock released
04-11 20:10:18.144 D/VM_BMS  (  530): wake_lock acquired
04-11 20:10:18.144 D/VM_BMS  (  530): New BMS data - Size=56
04-11 20:10:18.144 D/VM_BMS  (  530): Start process_bms_data
04-11 20:10:18.147 D/VM_BMS  (  530): For batt_temp=290 fcc_mah=2418
04-11 20:10:18.147 D/VM_BMS  (  530): For ocv=3721576 batt_temp=290 soc=28
04-11 20:10:18.147 D/VM_BMS  (  530): fifo_count=8 acc_count=0
04-11 20:10:18.147 D/VM_BMS  (  530): INIT: ocv=3721576 last_ocv=3721576 batt_temp=290 soc=28
04-11 20:10:18.147 D/VM_BMS  (  530): For soc=28 batt_temp=290 slope=7400
04-11 20:10:18.147 D/VM_BMS  (  530): For soc=28 batt_temp=290 rbatt_sf=105
04-11 20:10:18.147 D/VM_BMS  (  530): rbatt_mohm_default=139, rbatt_mohm=145, sf=105 batt_temp=290
04-11 20:10:18.147 D/VM_BMS  (  530): For ocv=3721713 batt_temp=290 soc=28
04-11 20:10:18.147 D/VM_BMS  (  530): FIFO=0 fifo_avg=3.756865 rbatt=0.195000 slope=0.740000 ibatt=-0.180617 ocv=3.721714 soc=28 fcc_ah=2.418000 sample_count=128 sample_interval=70 seq_num=18
04-11 20:10:18.147 D/VM_BMS  (  530): For soc=28 batt_temp=290 slope=7400
04-11 20:10:18.147 D/VM_BMS  (  530): For soc=28 batt_temp=290 rbatt_sf=105
04-11 20:10:18.147 D/VM_BMS  (  530): rbatt_mohm_default=139, rbatt_mohm=145, sf=105 batt_temp=290
04-11 20:10:18.147 D/VM_BMS  (  530): For ocv=3721851 batt_temp=290 soc=28
04-11 20:10:18.147 D/VM_BMS  (  530): FIFO=1 fifo_avg=3.757154 rbatt=0.195000 slope=0.740000 ibatt=-0.181394 ocv=3.721851 soc=28 fcc_ah=2.418000 sample_count=128 sample_interval=70 seq_num=18
04-11 20:10:18.147 D/VM_BMS  (  530): For soc=28 batt_temp=290 slope=7400
04-11 20:10:18.147 D/VM_BMS  (  530): For soc=28 batt_temp=290 rbatt_sf=105
04-11 20:10:18.147 D/VM_BMS  (  530): rbatt_mohm_default=139, rbatt_mohm=145, sf=105 batt_temp=290
04-11 20:10:18.147 D/VM_BMS  (  530): For ocv=3721995 batt_temp=290 soc=28
04-11 20:10:18.147 D/VM_BMS  (  530): FIFO=2 fifo_avg=3.758915 rbatt=0.195000 slope=0.740000 ibatt=-0.189700 ocv=3.721996 soc=28 fcc_ah=2.418000 sample_count=128 sample_interval=70 seq_num=18
04-11 20:10:18.147 D/VM_BMS  (  530): For soc=28 batt_temp=290 slope=7400
04-11 20:10:18.148 D/VM_BMS  (  530): For soc=28 batt_temp=290 rbatt_sf=105
04-11 20:10:18.148 D/VM_BMS  (  530): rbatt_mohm_default=139, rbatt_mohm=145, sf=105 batt_temp=290
04-11 20:10:18.148 D/VM_BMS  (  530): For ocv=3722140 batt_temp=290 soc=28
04-11 20:10:18.148 D/VM_BMS  (  530): FIFO=3 fifo_avg=3.759209 rbatt=0.195000 slope=0.740000 ibatt=-0.190468 ocv=3.722140 soc=28 fcc_ah=2.418000 sample_count=128 sample_interval=70 seq_num=18
04-11 20:10:18.148 D/VM_BMS  (  530): For soc=28 batt_temp=290 slope=7400
04-11 20:10:18.148 D/VM_BMS  (  530): For soc=28 batt_temp=290 rbatt_sf=105
04-11 20:10:18.148 D/VM_BMS  (  530): rbatt_mohm_default=139, rbatt_mohm=145, sf=105 batt_temp=290
04-11 20:10:18.148 D/VM_BMS  (  530): For ocv=3722288 batt_temp=290 soc=28
04-11 20:10:18.148 D/VM_BMS  (  530): FIFO=4 fifo_avg=3.760083 rbatt=0.195000 slope=0.740000 ibatt=-0.194200 ocv=3.722288 soc=28 fcc_ah=2.418000 sample_count=128 sample_interval=70 seq_num=18
04-11 20:10:18.148 D/VM_BMS  (  530): For soc=28 batt_temp=290 slope=7400
04-11 20:10:18.148 D/VM_BMS  (  530): For soc=28 batt_temp=290 rbatt_sf=105
04-11 20:10:18.148 D/VM_BMS  (  530): rbatt_mohm_default=139, rbatt_mohm=145, sf=105 batt_temp=290
04-11 20:10:18.148 D/VM_BMS  (  530): For ocv=3722438 batt_temp=290 soc=28
04-11 20:10:18.148 D/VM_BMS  (  530): FIFO=5 fifo_avg=3.760980 rbatt=0.195000 slope=0.740000 ibatt=-0.198034 ocv=3.722439 soc=28 fcc_ah=2.418000 sample_count=128 sample_interval=70 seq_num=18
04-11 20:10:18.148 D/VM_BMS  (  530): For soc=28 batt_temp=290 slope=7400
04-11 20:10:18.148 D/VM_BMS  (  530): For soc=28 batt_temp=290 rbatt_sf=105
04-11 20:10:18.148 D/VM_BMS  (  530): rbatt_mohm_default=139, rbatt_mohm=145, sf=105 batt_temp=290
04-11 20:10:18.148 D/VM_BMS  (  530): For ocv=3722589 batt_temp=290 soc=28
04-11 20:10:18.148 D/VM_BMS  (  530): FIFO=6 fifo_avg=3.761259 rbatt=0.195000 slope=0.740000 ibatt=-0.198694 ocv=3.722589 soc=28 fcc_ah=2.418000 sample_count=128 sample_interval=70 seq_num=18
04-11 20:10:18.148 D/VM_BMS  (  530): For soc=28 batt_temp=290 slope=7400
04-11 20:10:18.148 D/VM_BMS  (  530): For soc=28 batt_temp=290 rbatt_sf=105
04-11 20:10:18.148 D/VM_BMS  (  530): rbatt_mohm_default=139, rbatt_mohm=145, sf=105 batt_temp=290
04-11 20:10:18.148 D/VM_BMS  (  530): For ocv=3722743 batt_temp=290 soc=28
04-11 20:10:18.148 D/VM_BMS  (  530): FIFO=7 fifo_avg=3.762149 rbatt=0.195000 slope=0.740000 ibatt=-0.202477 ocv=3.722743 soc=28 fcc_ah=2.418000 sample_count=128 sample_interval=70 seq_num=18
04-11 20:10:18.149 I/VM_BMS  (  530): power_supply_update: ocv_uv=3722743 ibatt=-202476 soc=28 seq_num=18
04-11 20:10:18.149 D/VM_BMS  (  530): End process_bms_data
04-11 20:10:18.149 D/VM_BMS  (  530): wake_lock released
04-11 20:10:49.331 I/TetherStatsReporting( 1891): getTetherStats() called NetworkStats: elapsedRealtime=1170667
04-11 20:10:49.331 I/TetherStatsReporting( 1891):   [0] iface=v4-rmnet_data0 uid=0 set=DEFAULT tag=0x0 rxBytes=16602 rxPackets=319 txBytes=3415 txPackets=65 operations=0
04-11 20:10:49.331 I/TetherStatsReporting( 1891):   [1] iface=v4-rmnet_data0 uid=0 set=FOREGROUND tag=0x0 rxBytes=0 rxPackets=0 txBytes=0 txPackets=0 operations=0
04-11 20:10:49.331 I/TetherStatsReporting( 1891):   [2] iface=v4-rmnet_data0 uid=10004 set=DEFAULT tag=0x0 rxBytes=52 rxPackets=1 txBytes=52 txPackets=1 operations=0
04-11 20:10:49.331 I/TetherStatsReporting( 1891):   [3] iface=v4-rmnet_data0 uid=10004 set=FOREGROUND tag=0x0 rxBytes=5336 rxPackets=11 txBytes=1627 txPackets=12 operations=0
04-11 20:10:49.331 I/TetherStatsReporting( 1891):   [4] iface=v4-rmnet_data0 uid=10100 set=DEFAULT tag=0x0 rxBytes=7589 rxPackets=25 txBytes=3645 txPackets=29 operations=0
04-11 20:10:49.331 I/TetherStatsReporting( 1891):   [5] iface=v4-rmnet_data0 uid=10100 set=FOREGROUND tag=0x0 rxBytes=368276 rxPackets=582 txBytes=94848 txPackets=606 operations=0
04-11 20:10:49.331 I/TetherStatsReporting( 1891):   [6] iface=v4-rmnet_data0 uid=10101 set=DEFAULT tag=0x0 rxBytes=14110 rxPackets=32 txBytes=5297 txPackets=52 operations=0
04-11 20:10:49.331 I/TetherStatsReporting( 1891):   [7] iface=v4-rmnet_data0 uid=10101 set=FOREGROUND tag=0x0 rxBytes=10392251 rxPackets=10196 txBytes=569314 txPackets=8615 operations=0
04-11 20:10:49.331 I/TetherStatsReporting( 1891):   [8] iface=rmnet_data0 uid=0 set=DEFAULT tag=0x0 rxBytes=245039 rxPackets=150 txBytes=199944 txPackets=143 operations=0
04-11 20:10:49.331 I/TetherStatsReporting( 1891):   [9] iface=rmnet_data0 uid=0 set=FOREGROUND tag=0x0 rxBytes=0 rxPackets=0 txBytes=0 txPackets=0 operations=0
04-11 20:10:49.331 I/TetherStatsReporting( 1891):   [10] iface=rmnet_data0 uid=1000 set=DEFAULT tag=0x0 rxBytes=383 rxPackets=4 txBytes=627 txPackets=6 operations=0
04-11 20:10:49.331 I/TetherStatsReporting( 1891):   [11] iface=rmnet_data0 uid=1000 set=FOREGROUND tag=0x0 rxBytes=0 rxPackets=0 txBytes=0 txPackets=0 operations=0
04-11 20:10:49.331 I/TetherStatsReporting( 1891):   [12] iface=rmnet_data0 uid=10004 set=DEFAULT tag=0x0 rxBytes=4067 rxPackets=24 txBytes=8236 txPackets=25 operations=0
04-11 20:10:49.331 I/TetherStatsReporting( 1891):   [13] iface=rmnet_data0 uid=10004 set=FOREGROUND tag=0x0 rxBytes=5774 rxPackets=12 txBytes=2852 txPackets=13 operations=0
04-11 20:10:49.331 I/TetherStatsReporting( 1891):   [14] iface=rmnet_data0 uid=10039 set=DEFAULT tag=0x0 rxBytes=311 rxPackets=3 txBytes=545 txPackets=5 operations=0
04-11 20:10:49.331 I/TetherStatsReporting( 1891):   [15] iface=rmnet_data0 uid=10039 set=FOREGROUND tag=0x0 rxBytes=0 rxPackets=0 txBytes=0 txPackets=0 operations=0
04-11 20:10:49.331 I/TetherStatsReporting( 1891):   [16] iface=rmnet_data0 uid=10101 set=DEFAULT tag=0x0 rxBytes=278 rxPackets=3 txBytes=403 txPackets=5 operations=0
04-11 20:10:49.331 I/TetherStatsReporting( 1891):   [17] iface=rmnet_data0 uid=10101 set=FOREGROUND tag=0x0 rxBytes=18274 rxPackets=49 txBytes=12581 txPackets=63 operations=0
04-11 20:10:49.331 I/TetherStatsReporting( 1891):   [18] iface=wlan0 uid=0 set=DEFAULT tag=0x0 rxBytes=69084 rxPackets=132 txBytes=6104 txPackets=123 operations=0
04-11 20:10:49.331 I/TetherStatsReporting( 1891):   [19] iface=wlan0 uid=0 set=FOREGROUND tag=0x0 rxBytes=0 rxPackets=0 txBytes=0 txPackets=0 operations=0
04-11 20:10:49.331 I/TetherStatsReporting( 1891):   [20] iface=wlan0 uid=1000 set=DEFAULT tag=0x0 rxBytes=1117 rxPackets=14 txBytes=1545 txPackets=17 operations=0
04-11 20:10:49.331 I/TetherStatsReporting( 1891):   [21] iface=wlan0 uid=1000 set=FOREGROUND tag=0x0 rxBytes=0 rxPackets=0 txBytes=0 txPackets=0 operations=0
04-11 20:10:49.331 I/TetherStatsReporting( 1891):   [22] iface=wlan0 uid=4001 set=DEFAULT tag=0x0 rxBytes=76 rxPackets=1 txBytes=76 txPackets=1 operations=0
04-11 20:10:49.331 I/TetherStatsReporting( 1891):   [23] iface=wlan0 uid=4001 set=FOREGROUND tag=0x0 rxBytes=0 rxPackets=0 txBytes=0 txPackets=0 operations=0
04-11 20:10:49.331 I/TetherStatsReporting( 1891):   [24] iface=wlan0 uid=10004 set=DEFAULT tag=0x0 rxBytes=91507 rxPackets=193 txBytes=41986 txPackets=248 operations=0
04-11 20:10:49.331 I/TetherStatsReporting( 1891):   [25] iface=wlan0 uid=10004 set=FOREGROUND tag=0x0 rxBytes=0 rxPackets=0 txBytes=0 txPackets=0 operations=0
04-11 20:10:49.331 I/TetherStatsReporting( 1891):   [26] iface=wlan0 uid=10010 set=DEFAULT tag=0x0 rxBytes=24223 rxPackets=48 txBytes=12687 txPackets=89 operations=0
04-11 20:10:49.331 I/TetherStatsReporting( 1891):   [27] iface=wlan0 uid=10010 set=FOREGROUND tag=0x0 rxBytes=0 rxPackets=0 txBytes=0 txPackets=0 operations=0
04-11 20:10:49.331 I/TetherStatsReporting( 1891):   [28] iface=wlan0 uid=10037 set=DEFAULT tag=0x0 rxBytes=38996 rxPackets=79 txBytes=12437 txPackets=65 operations=0
04-11 20:10:49.331 I/TetherStatsReporting( 1891):   [29] iface=wlan0 uid=10037 set=FOREGROUND tag=0x0 rxBytes=0 rxPackets=0 txBytes=0 txPackets=0 operations=0
04-11 20:10:49.331 I/TetherStatsReporting( 1891):   [30] iface=wlan0 uid=10042 set=DEFAULT tag=0x0 rxBytes=16587 rxPackets=32 txBytes=10067 txPackets=35 operations=0
04-11 20:10:49.331 I/TetherStatsReporting( 1891):   [31] iface=wlan0 uid=10042 set=FOREGROUND tag=0x0 rxBytes=0 rxPackets=0 txBytes=0 txPackets=0 operations=0
04-11 20:10:49.331 I/TetherStatsReporting( 1891):   [32] iface=wlan0 uid=10081 set=DEFAULT tag=0x0 rxBytes=6172 rxPackets=11 txBytes=2189 txPackets=12 operations=0
04-11 20:10:49.331 I/TetherStatsReporting( 1891):   [33] iface=wlan0 uid=10081 set=FOREGROUND tag=0x0 rxBytes=0 rxPackets=0 txBytes=0 txPackets=0 operations=0
04-11 20:10:49.331 I/TetherStatsReporting( 1891):   [34] iface=wlan0 uid=10092 set=DEFAULT tag=0x0 rxB
04-11 20:10:49.331 I/TetherStatsReporting( 1891): combining tether stats
04-11 20:10:50.278 V/LGSettingsProvider( 1891): call_put(system:radio.data.stall.recovery.action=0)  calling package = com.android.phone  callingUserId : 0
04-11 20:10:51.550 D/bsthal  ( 1891): activate, handle: 1, enabled: 0, index 2
04-11 20:10:51.555 V/KeyguardServiceDelegate( 1891): onStartedWakingUp()
04-11 20:10:51.556 V/SmartCoverServiceDelegate( 1891): onScreenTurnedOn()
04-11 20:10:51.561 D/LgWifiTrafficPoller( 1891): ENABLE_TRAFFIC_STATS_POLL, mTriggeringTput = 100Mbits
04-11 20:10:51.566 E/qdlights( 3377): set_light_notifications : flashMode=3, pattern_id=0, onMS=0, offMS=0
04-11 20:10:51.566 E/qdlights( 3377): debug_core before pattern_id: 0 type
04-11 20:10:51.566 E/qdlights( 3377): set_light_notifications : flashMode=0, pattern_id=0, onMS=0, offMS=0
04-11 20:10:51.578 E/qdlights( 3377): set_light_notifications : flashMode=2, pattern_id=-16711681, onMS=500, offMS=0
04-11 20:10:51.608 V/KeyguardServiceDelegate( 1891): onScreenTurnedOn(showListener = com.android.server.policy.PhoneWindowManager$2@cc5c491)
04-11 20:10:51.609 V/KeyguardServiceDelegate( 1891): **** SHOWN CALLED ****
04-11 20:10:51.609 I/PhoneWindowManagerEx( 1891): [PWM] sIsDimming=false, isDimChanging = false
04-11 20:10:51.609 I/PhoneWindowManagerEx( 1891): [PWM][updateSystemUiVisibilityLw] tmpColorNavigationBar=0x0
04-11 20:10:51.609 I/PhoneWindowManagerEx( 1891): [PWM][updateSystemUiVisibilityLw] mLastColorNavigationBar=0xff000000
04-11 20:10:51.610 I/QTI PowerHAL( 1891): Got set_interactive hint
04-11 20:10:51.614 D/SurfaceFlinger(  291): Set power mode=2, type=0 flinger=0xb79b7e80
04-11 20:10:51.614 D/qdhwcomposer(  291): hwc_setPowerMode: Setting mode 2 on display: 0
04-11 20:10:51.614 E/qdutils (  291): int qdutils::getHDMINode(): Failed to open fb node 2
04-11 20:10:51.614 E/qdutils (  291): int qdutils::getHDMINode(): Failed to open fb node 3
04-11 20:10:51.614 E/qdutils (  291): int qdutils::getHDMINode(): Failed to find HDMI node
04-11 20:10:51.620 I/PhoneWindowManagerEx( 1891): [PWM] sIsDimming=false, isDimChanging = false
04-11 20:10:51.620 I/PhoneWindowManagerEx( 1891): [PWM][updateSystemUiVisibilityLw] tmpColorNavigationBar=0x0
04-11 20:10:51.620 I/PhoneWindowManagerEx( 1891): [PWM][updateSystemUiVisibilityLw] mLastColorNavigationBar=0xff000000
04-11 20:10:51.671 I/PhoneWindowManagerEx( 1891): [PWM] sIsDimming=false, isDimChanging = false
04-11 20:10:51.671 I/PhoneWindowManagerEx( 1891): [PWM][updateSystemUiVisibilityLw] tmpColorNavigationBar=0x0
04-11 20:10:51.671 I/PhoneWindowManagerEx( 1891): [PWM][updateSystemUiVisibilityLw] mLastColorNavigationBar=0xff000000
04-11 20:10:51.673 I/PhoneWindowManagerEx( 1891): [PWM] sIsDimming=false, isDimChanging = false
04-11 20:10:51.674 I/PhoneWindowManagerEx( 1891): [PWM][updateSystemUiVisibilityLw] tmpColorNavigationBar=0x0
04-11 20:10:51.674 I/PhoneWindowManagerEx( 1891): [PWM][updateSystemUiVisibilityLw] mLastColorNavigationBar=0xff000000
04-11 20:10:51.691 I/PhoneWindowManagerEx( 1891): [PWM] sIsDimming=false, isDimChanging = false
04-11 20:10:51.691 I/PhoneWindowManagerEx( 1891): [PWM][updateSystemUiVisibilityLw] tmpColorNavigationBar=0x0
04-11 20:10:51.691 I/PhoneWindowManagerEx( 1891): [PWM][updateSystemUiVisibilityLw] mLastColorNavigationBar=0xff000000
04-11 20:10:51.937 I/qdhwcomposer(  291): handle_blank_event: dpy:0 panel power state: 1
04-11 20:10:51.937 D/qdhwcomposer(  291): hwc_setPowerMode: Done setting mode 2 on display 0
04-11 20:10:51.938 D/SurfaceControl( 1891): Excessive delay in setPowerMode(): 326ms
04-11 20:10:51.938 E/qdutils (  291): int qdutils::getHDMINode(): Failed to open fb node 2
04-11 20:10:51.938 I/PhoneWindowManagerEx( 1891): [PWM] sIsDimming=false, isDimChanging = false
04-11 20:10:51.938 E/qdutils (  291): int qdutils::getHDMINode(): Failed to open fb node 3
04-11 20:10:51.938 I/PhoneWindowManagerEx( 1891): [PWM][updateSystemUiVisibilityLw] tmpColorNavigationBar=0x0
04-11 20:10:51.938 E/qdutils (  291): int qdutils::getHDMINode(): Failed to find HDMI node
04-11 20:10:51.939 I/PhoneWindowManagerEx( 1891): [PWM][updateSystemUiVisibilityLw] mLastColorNavigationBar=0xff000000
04-11 20:10:51.945 D/bsthal  ( 1891): batch, handle: 1598182229, flags: 0, period_ns: 66667000, timeout: 0, index: 1
04-11 20:10:51.945 D/bsthal  ( 1891): batch id 1598182229, flags 0, period_ns 66667000, timeout 0
04-11 20:10:51.945 E/bsthal  ( 1891): <BST> set delay: 66667000ns
04-11 20:10:51.945 I/bsthal  ( 1891): <BST> set delay of <LGE Accelerometer Sensor> to 66ms
04-11 20:10:51.945 D/bsthal  ( 1891): activate, handle: 1598182229, enabled: 1, index 1
04-11 20:10:51.945 E/bsthal  ( 1891): <BST> enable accel, orig state: 0
04-11 20:10:51.945 I/bsthal  ( 1891): <BST> enable sensor <LGE Accelerometer Sensor>
04-11 20:10:51.945 D/bsthal  ( 1891): polldata:0, sensor:1, type:8, x:5.000000 y:0.000000 z:0.000000
04-11 20:10:51.952 V/KeyguardServiceDelegate( 1891): onScreenTurnedOn()
04-11 20:10:51.955 I/PhoneWindowManagerEx( 1891): [PWM] sIsDimming=false, isDimChanging = false
04-11 20:10:51.955 I/PhoneWindowManagerEx( 1891): [PWM][updateSystemUiVisibilityLw] tmpColorNavigationBar=0x0
04-11 20:10:51.955 I/PhoneWindowManagerEx( 1891): [PWM][updateSystemUiVisibilityLw] mLastColorNavigationBar=0xff000000
04-11 20:10:51.964 D/GpsLocationProvider( 1891): receive broadcast intent, action: android.intent.action.SCREEN_ON
04-11 20:10:52.017 I/Cliptray Service( 3377): cliptrayEventReceiver :onReceiveandroid.intent.action.SCREEN_ON
04-11 20:10:52.017 D/Cliptray Service( 3377): lockStatus = 1
04-11 20:10:52.079 E/qdlights( 3377): set_light_notifications : flashMode=2, pattern_id=-150931465, onMS=10, offMS=0
04-11 20:10:52.090 E/qdlights( 3377): set_light_notifications : flashMode=2, pattern_id=-285151249, onMS=10, offMS=0
04-11 20:10:52.100 E/qdlights( 3377): set_light_notifications : flashMode=2, pattern_id=-419371033, onMS=10, offMS=0
04-11 20:10:52.111 E/qdlights( 3377): set_light_notifications : flashMode=2, pattern_id=-553590817, onMS=10, offMS=0
04-11 20:10:52.121 E/qdlights( 3377): set_light_notifications : flashMode=2, pattern_id=-687810601, onMS=10, offMS=0
04-11 20:10:52.128 D/bsthal  ( 1891): polldata:1, sensor:1598182229, type:1, x:0.076614 y:0.038307 z:1.742979
04-11 20:10:52.132 E/qdlights( 3377): set_light_notifications : flashMode=2, pattern_id=-822030385, onMS=10, offMS=0
04-11 20:10:52.142 E/qdlights( 3377): set_light_notifications : flashMode=2, pattern_id=-956250169, onMS=10, offMS=0
04-11 20:10:52.152 E/qdlights( 3377): set_light_notifications : flashMode=2, pattern_id=-1090469953, onMS=10, offMS=0
04-11 20:10:52.163 E/qdlights( 3377): set_light_notifications : flashMode=2, pattern_id=-1224689737, onMS=10, offMS=0
04-11 20:10:52.173 E/qdlights( 3377): set_light_notifications : flashMode=2, pattern_id=-1358909521, onMS=10, offMS=0
04-11 20:10:52.178 D/bsthal  ( 1891): polldata:1, sensor:1598182229, type:1, x:0.517148 y:0.268151 z:10.228029
04-11 20:10:52.184 E/qdlights( 3377): set_light_notifications : flashMode=2, pattern_id=-1577016670, onMS=10, offMS=0
04-11 20:10:52.194 E/qdlights( 3377): set_light_notifications : flashMode=2, pattern_id=-1761568873, onMS=10, offMS=0
04-11 20:10:52.204 E/qdlights( 3377): set_light_notifications : flashMode=2, pattern_id=-1946121076, onMS=10, offMS=0
04-11 20:10:52.215 E/qdlights( 3377): set_light_notifications : flashMode=2, pattern_id=-2130673279, onMS=10, offMS=0
04-11 20:10:52.226 E/qdlights( 3377): set_light_notifications : flashMode=2, pattern_id=1979741814, onMS=10, offMS=0
04-11 20:10:52.228 D/bsthal  ( 1891): polldata:1, sensor:1598182229, type:1, x:0.497994 y:0.268151 z:10.151415
04-11 20:10:52.236 E/qdlights( 3377): set_light_notifications : flashMode=2, pattern_id=1795189611, onMS=10, offMS=0
04-11 20:10:52.247 E/qdlights( 3377): set_light_notifications : flashMode=2, pattern_id=1610637408, onMS=10, offMS=0
04-11 20:10:52.257 E/qdlights( 3377): set_light_notifications : flashMode=2, pattern_id=1426085205, onMS=10, offMS=0
04-11 20:10:52.261 D/GraphicsStats( 1891): Buffer count: 5
04-11 20:10:52.268 E/qdlights( 3377): set_light_notifications : flashMode=2, pattern_id=1241533002, onMS=10, offMS=0
04-11 20:10:52.278 E/qdlights( 3377): set_light_notifications : flashMode=2, pattern_id=1056980799, onMS=10, offMS=0
04-11 20:10:52.278 D/bsthal  ( 1891): polldata:1, sensor:1598182229, type:1, x:0.497994 y:0.268151 z:10.151415
04-11 20:10:52.288 E/qdlights( 3377): set_light_notifications : flashMode=2, pattern_id=889206326, onMS=10, offMS=0
04-11 20:10:52.299 E/qdlights( 3377): set_light_notifications : flashMode=2, pattern_id=805318961, onMS=10, offMS=0
04-11 20:10:52.310 E/qdlights( 3377): set_light_notifications : flashMode=2, pattern_id=721431596, onMS=10, offMS=0
04-11 20:10:52.320 E/qdlights( 3377): set_light_notifications : flashMode=2, pattern_id=637544231, onMS=10, offMS=0
04-11 20:10:52.329 D/bsthal  ( 1891): polldata:1, sensor:1598182229, type:1, x:0.517148 y:0.268151 z:10.170568
04-11 20:10:52.331 E/qdlights( 3377): set_light_notifications : flashMode=2, pattern_id=553656866, onMS=10, offMS=0
04-11 20:10:52.342 E/qdlights( 3377): set_light_notifications : flashMode=2, pattern_id=469769501, onMS=10, offMS=0
04-11 20:10:52.354 E/qdlights( 3377): set_light_notifications : flashMode=2, pattern_id=385882136, onMS=10, offMS=0
04-11 20:10:52.365 E/qdlights( 3377): set_light_notifications : flashMode=2, pattern_id=301994771, onMS=10, offMS=0
04-11 20:10:52.377 E/qdlights( 3377): set_light_notifications : flashMode=2, pattern_id=218107406, onMS=10, offMS=0
04-11 20:10:52.380 D/bsthal  ( 1891): polldata:1, sensor:1598182229, type:1, x:0.517148 y:0.268151 z:10.170568
04-11 20:10:52.388 E/qdlights( 3377): set_light_notifications : flashMode=2, pattern_id=134220041, onMS=10, offMS=0
04-11 20:10:52.400 E/qdlights( 3377): set_light_notifications : flashMode=0, pattern_id=0, onMS=0, offMS=0
04-11 20:10:52.429 D/bsthal  ( 1891): polldata:1, sensor:1598182229, type:1, x:0.497994 y:0.287304 z:10.170568
04-11 20:10:52.487 E/qdlights( 3377): set_light_notifications : flashMode=0, pattern_id=0, onMS=0, offMS=0
04-11 20:10:52.487 E/qdlights( 3377): set_light_notifications : flashMode=0, pattern_id=0, onMS=0, offMS=0
04-11 20:11:01.538 D/bsthal  ( 1891): batch, handle: 1, flags: 0, period_ns: 200000000, timeout: 0, index: 2
04-11 20:11:01.538 D/bsthal  ( 1891): activate, handle: 1, enabled: 1, index 2
04-11 20:11:01.544 D/bsthal  ( 1891): polldata:1, sensor:1, type:8, x:5.000000 y:0.000000 z:0.000000
04-11 20:11:01.578 D/bsthal  ( 1891): polldata:1, sensor:1598182229, type:1, x:0.536301 y:0.287304 z:10.189722
04-11 20:11:01.629 D/bsthal  ( 1891): polldata:1, sensor:1598182229, type:1, x:0.785298 y:0.383072 z:10.228029
04-11 20:11:01.640 I/bsthal  ( 1891): proximity state changed - FAR
04-11 20:11:01.640 D/bsthal  ( 1891): polldata:1, sensor:1, type:8, x:5.000000 y:0.000000 z:0.000000
04-11 20:11:01.678 D/bsthal  ( 1891): polldata:1, sensor:1598182229, type:1, x:0.000000 y:0.000000 z:10.074800
04-11 20:11:01.730 D/bsthal  ( 1891): polldata:1, sensor:1598182229, type:1, x:0.632069 y:0.287304 z:10.189722
04-11 20:11:01.778 D/bsthal  ( 1891): polldata:1, sensor:1598182229, type:1, x:0.440533 y:0.268151 z:10.208876
04-11 20:11:01.828 D/bsthal  ( 1891): polldata:1, sensor:1598182229, type:1, x:0.555455 y:0.287304 z:10.132261
04-11 20:11:01.879 D/bsthal  ( 1891): polldata:1, sensor:1598182229, type:1, x:0.536301 y:0.268151 z:10.151415
04-11 20:11:01.928 D/bsthal  ( 1891): polldata:1, sensor:1598182229, type:1, x:0.497994 y:0.268151 z:10.151415
04-11 20:11:01.980 D/bsthal  ( 1891): polldata:1, sensor:1598182229, type:1, x:0.517148 y:0.287304 z:10.170568
04-11 20:11:02.028 D/bsthal  ( 1891): polldata:1, sensor:1598182229, type:1, x:0.536301 y:0.287304 z:10.151415
04-11 20:11:02.510 D/bsthal  ( 1891): activate, handle: 1598182229, enabled: 0, index 1
04-11 20:11:02.510 E/bsthal  ( 1891): <BST> disable accel, orig state: 1
04-11 20:11:02.510 I/bsthal  ( 1891): <BST> disable sensor <LGE Accelerometer Sensor>
04-11 20:11:02.511 V/KeyguardServiceDelegate( 1891): onScreenTurnedOff()
04-11 20:11:02.524 I/PhoneWindowManagerEx( 1891): [PWM] sIsDimming=false, isDimChanging = false
04-11 20:11:02.524 I/PhoneWindowManagerEx( 1891): [PWM][updateSystemUiVisibilityLw] tmpColorNavigationBar=0x0
04-11 20:11:02.524 I/PhoneWindowManagerEx( 1891): [PWM][updateSystemUiVisibilityLw] mLastColorNavigationBar=0xff000000
04-11 20:11:02.527 D/SurfaceFlinger(  291): Set power mode=0, type=0 flinger=0xb79b7e80
04-11 20:11:02.528 D/qdhwcomposer(  291): hwc_setPowerMode: Setting mode 0 on display: 0
04-11 20:11:02.528 E/qdutils (  291): int qdutils::getHDMINode(): Failed to open fb node 2
04-11 20:11:02.528 E/qdutils (  291): int qdutils::getHDMINode(): Failed to open fb node 3
04-11 20:11:02.528 E/qdutils (  291): int qdutils::getHDMINode(): Failed to find HDMI node
04-11 20:11:02.719 I/qdhwcomposer(  291): handle_blank_event: dpy:0 panel power state: 0
04-11 20:11:02.719 E/qdutils (  291): int qdutils::getHDMINode(): Failed to open fb node 2
04-11 20:11:02.719 E/qdutils (  291): int qdutils::getHDMINode(): Failed to open fb node 3
04-11 20:11:02.719 E/qdutils (  291): int qdutils::getHDMINode(): Failed to find HDMI node
04-11 20:11:02.802 D/qdhwcomposer(  291): hwc_setPowerMode: Done setting mode 0 on display 0
04-11 20:11:02.803 D/SurfaceControl( 1891): Excessive delay in setPowerMode(): 277ms
04-11 20:11:02.803 I/QTI PowerHAL( 1891): Got set_interactive hint
04-11 20:11:02.814 I/art     ( 1891): Thread[2,tid=1894,WaitingInMainSignalCatcherLoop,Thread*=0xb81b3200,peer=0x12c010a0,"Signal Catcher"]: reacting to signal 3
04-11 20:11:02.816 D/LgWifiTrafficPoller( 1891): ENABLE_TRAFFIC_STATS_POLL, mTriggeringTput = 100Mbits
04-11 20:11:06.529 D/GpsLocationProvider( 1891): receive broadcast intent, action: android.intent.action.SCREEN_OFF
04-11 20:11:06.545 E/qdlights( 3377): set_light_notifications : flashMode=0, pattern_id=0, onMS=0, offMS=0
04-11 20:11:06.546 E/qdlights( 3377): set_light_notifications : flashMode=0, pattern_id=0, onMS=0, offMS=0
04-11 20:11:06.546 E/qdlights( 3377): set_light_notifications : flashMode=3, pattern_id=3, onMS=0, offMS=0
04-11 20:11:06.546 E/qdlights( 3377): debug_core before pattern_id: 3 type
04-11 20:11:06.546 I/TetherStatsReporting( 1891): getTetherStats() called NetworkStats: elapsedRealtime=1187879
04-11 20:11:06.546 I/TetherStatsReporting( 1891):   [0] iface=v4-rmnet_data0 uid=0 set=DEFAULT tag=0x0 rxBytes=16786 rxPackets=323 txBytes=3415 txPackets=65 operations=0
04-11 20:11:06.546 I/TetherStatsReporting( 1891):   [1] iface=v4-rmnet_data0 uid=0 set=FOREGROUND tag=0x0 rxBytes=0 rxPackets=0 txBytes=0 txPackets=0 operations=0
04-11 20:11:06.546 I/TetherStatsReporting( 1891):   [2] iface=v4-rmnet_data0 uid=10004 set=DEFAULT tag=0x0 rxBytes=52 rxPackets=1 txBytes=52 txPackets=1 operations=0
04-11 20:11:06.546 I/TetherStatsReporting( 1891):   [3] iface=v4-rmnet_data0 uid=10004 set=FOREGROUND tag=0x0 rxBytes=5336 rxPackets=11 txBytes=1627 txPackets=12 operations=0
04-11 20:11:06.546 I/TetherStatsReporting( 1891):   [4] iface=v4-rmnet_data0 uid=10100 set=DEFAULT tag=0x0 rxBytes=7589 rxPackets=25 txBytes=3697 txPackets=30 operations=0
04-11 20:11:06.546 I/TetherStatsReporting( 1891):   [5] iface=v4-rmnet_data0 uid=10100 set=FOREGROUND tag=0x0 rxBytes=368276 rxPackets=582 txBytes=94848 txPackets=606 operations=0
04-11 20:11:06.546 I/TetherStatsReporting( 1891):   [6] iface=v4-rmnet_data0 uid=10101 set=DEFAULT tag=0x0 rxBytes=14110 rxPackets=32 txBytes=5297 txPackets=52 operations=0
04-11 20:11:06.546 I/TetherStatsReporting( 1891):   [7] iface=v4-rmnet_data0 uid=10101 set=FOREGROUND tag=0x0 rxBytes=10392251 rxPackets=10196 txBytes=569314 txPackets=8615 operations=0
04-11 20:11:06.546 I/TetherStatsReporting( 1891):   [8] iface=rmnet_data0 uid=0 set=DEFAULT tag=0x0 rxBytes=245119 rxPackets=150 txBytes=199964 txPackets=143 operations=0
04-11 20:11:06.546 I/TetherStatsReporting( 1891):   [9] iface=rmnet_data0 uid=0 set=FOREGROUND tag=0x0 rxBytes=0 rxPackets=0 txBytes=0 txPackets=0 operations=0
04-11 20:11:06.546 I/TetherStatsReporting( 1891):   [10] iface=rmnet_data0 uid=1000 set=DEFAULT tag=0x0 rxBytes=383 rxPackets=4 txBytes=627 txPackets=6 operations=0
04-11 20:11:06.546 I/TetherStatsReporting( 1891):   [11] iface=rmnet_data0 uid=1000 set=FOREGROUND tag=0x0 rxBytes=0 rxPackets=0 txBytes=0 txPackets=0 operations=0
04-11 20:11:06.546 I/TetherStatsReporting( 1891):   [12] iface=rmnet_data0 uid=10004 set=DEFAULT tag=0x0 rxBytes=4067 rxPackets=24 txBytes=8236 txPackets=25 operations=0
04-11 20:11:06.546 I/TetherStatsReporting( 1891):   [13] iface=rmnet_data0 uid=10004 set=FOREGROUND tag=0x0 rxBytes=5774 rxPackets=12 txBytes=2852 txPackets=13 operations=0
04-11 20:11:06.546 I/TetherStatsReporting( 1891):   [14] iface=rmnet_data0 uid=10039 set=DEFAULT tag=0x0 rxBytes=311 rxPackets=3 txBytes=545 txPackets=5 operations=0
04-11 20:11:06.546 I/TetherStatsReporting( 1891):   [15] iface=rmnet_data0 uid=10039 set=FOREGROUND tag=0x0 rxBytes=0 rxPackets=0 txBytes=0 txPackets=0 operations=0
04-11 20:11:06.546 I/TetherStatsReporting( 1891):   [16] iface=rmnet_data0 uid=10101 set=DEFAULT tag=0x0 rxBytes=278 rxPackets=3 txBytes=403 txPackets=5 operations=0
04-11 20:11:06.546 I/TetherStatsReporting( 1891):   [17] iface=rmnet_data0 uid=10101 set=FOREGROUND tag=0x0 rxBytes=18274 rxPackets=49 txBytes=12581 txPackets=63 operations=0
04-11 20:11:06.546 I/TetherStatsReporting( 1891):   [18] iface=wlan0 uid=0 set=DEFAULT tag=0x0 rxBytes=69084 rxPackets=132 txBytes=6104 txPackets=123 operations=0
04-11 20:11:06.546 I/TetherStatsReporting( 1891):   [19] iface=wlan0 uid=0 set=FOREGROUND tag=0x0 rxBytes=0 rxPackets=0 txBytes=0 txPackets=0 operations=0
04-11 20:11:06.546 I/TetherStatsReporting( 1891):   [20] iface=wlan0 uid=1000 set=DEFAULT tag=0x0 rxBytes=1117 rxPackets=14 txBytes=1545 txPackets=17 operations=0
04-11 20:11:06.546 I/TetherStatsReporting( 1891):   [21] iface=wlan0 uid=1000 set=FOREGROUND tag=0x0 rxBytes=0 rxPackets=0 txBytes=0 txPackets=0 operations=0
04-11 20:11:06.546 I/TetherStatsReporting( 1891):   [22] iface=wlan0 uid=4001 set=DEFAULT tag=0x0 rxBytes=76 rxPackets=1 txBytes=76 txPackets=1 operations=0
04-11 20:11:06.546 I/TetherStatsReporting( 1891):   [23] iface=wlan0 uid=4001 set=FOREGROUND tag=0x0 rxBytes=0 rxPackets=0 txBytes=0 txPackets=0 operations=0
04-11 20:11:06.546 I/TetherStatsReporting( 1891):   [24] iface=wlan0 uid=10004 set=DEFAULT tag=0x0 rxBytes=91507 rxPackets=193 txBytes=41986 txPackets=248 operations=0
04-11 20:11:06.546 I/TetherStatsReporting( 1891):   [25] iface=wlan0 uid=10004 set=FOREGROUND tag=0x0 rxBytes=0 rxPackets=0 txBytes=0 txPackets=0 operations=0
04-11 20:11:06.546 I/TetherStatsReporting( 1891):   [26] iface=wlan0 uid=10010 set=DEFAULT tag=0x0 rxBytes=24223 rxPackets=48 txBytes=12687 txPackets=89 operations=0
04-11 20:11:06.546 I/TetherStatsReporting( 1891):   [27] iface=wlan0 uid=10010 set=FOREGROUND tag=0x0 rxBytes=0 rxPackets=0 txBytes=0 txPackets=0 operations=0
04-11 20:11:06.546 I/TetherStatsReporting( 1891):   [28] iface=wlan0 uid=10037 set=DEFAULT tag=0x0 rxBytes=38996 rxPackets=79 txBytes=12437 txPackets=65 operations=0
04-11 20:11:06.546 I/TetherStatsReporting( 1891):   [29] iface=wlan0 uid=10037 set=FOREGROUND tag=0x0 rxBytes=0 rxPackets=0 txBytes=0 txPackets=0 operations=0
04-11 20:11:06.546 I/TetherStatsReporting( 1891):   [30] iface=wlan0 uid=10042 set=DEFAULT tag=0x0 rxBytes=16587 rxPackets=32 txBytes=10067 txPackets=35 operations=0
04-11 20:11:06.546 I/TetherStatsReporting( 1891):   [31] iface=wlan0 uid=10042 set=FOREGROUND tag=0x0 rxBytes=0 rxPackets=0 txBytes=0 txPackets=0 operations=0
04-11 20:11:06.546 I/TetherStatsReporting( 1891):   [32] iface=wlan0 uid=10081 set=DEFAULT tag=0x0 rxBytes=6172 rxPackets=11 txBytes=2189 txPackets=12 operations=0
04-11 20:11:06.546 I/TetherStatsReporting( 1891):   [33] iface=wlan0 uid=10081 set=FOREGROUND tag=0x0 rxBytes=0 rxPackets=0 txBytes=0 txPackets=0 operations=0
04-11 20:11:06.546 I/TetherStatsReporting( 1891):   [34] iface=wlan0 uid=10092 set=DEFAULT tag=0x0 rxB
04-11 20:11:06.546 I/TetherStatsReporting( 1891): combining tether stats
04-11 20:11:06.735 I/art     ( 1891): Wrote stack traces to '/data/anr/traces.txt'
04-11 20:11:08.575 I/art     ( 3377): Thread[2,tid=3383,WaitingInMainSignalCatcherLoop,Thread*=0xb81b3200,peer=0x12c4f0a0,"Signal Catcher"]: reacting to signal 3
04-11 20:11:08.972 I/art     ( 3377): Wrote stack traces to '/data/anr/traces.txt'
04-11 20:11:08.972 I/art     ( 3384): Thread[2,tid=3403,WaitingInMainSignalCatcherLoop,Thread*=0xb81b3200,peer=0x12c500a0,"Signal Catcher"]: reacting to signal 3
04-11 20:11:09.106 I/art     ( 3384): Wrote stack traces to '/data/anr/traces.txt'
