04-11 20:03:22.245 V/NotificationVibrator( 1891): vibrate() uid = 1000, opPkg = android, repeat = -1, attributes.mUsage = 5
04-11 20:03:22.245 I/VolumeVibratorManager( 1891): getVibrateVolume vibrateType 1
04-11 20:03:22.245 I/VolumeVibratorManager( 1891): vibratePattern() packageName android volumeIndex 5
04-11 20:03:22.246 I/LGNativeVibrator( 1891): vibrator_off
04-11 20:03:22.252 I/LGNativeVibrator( 1891): vibrator_on ... timeout_ms = 810
04-11 20:03:22.263 D/PhoneWindowEx( 1891): [PWEx][generateLayout] setLGNavigationBarColor : colors=0xff000000
04-11 20:03:22.263 I/PhoneWindow( 1891): [setLGNavigationBarColor] color=0x ff000000
04-11 20:03:22.287 I/PhoneWindowManagerEx( 1891): [PWM] sIsDimming=true, isDimChanging = true
04-11 20:03:22.287 I/PhoneWindowManagerEx( 1891): [PWM][updateSystemUiVisibilityLw] tmpColorNavigationBar=0x0
04-11 20:03:22.287 I/PhoneWindowManagerEx( 1891): [PWM][updateSystemUiVisibilityLw] mLastColorNavigationBar=0xff000000
04-11 20:03:22.288 D/PhoneWindowManagerEx( 1891): [PWM]2.notifyNavigationBarColor => Color.TRANSPARENT 
04-11 20:03:22.288 I/SystemUI[Framework]( 1891): PhoneWindowManager.updateSystemUiVisibilityLw() :visibility=0x8000, pkg=android
04-11 20:03:22.288 D/InputDispatcher( 1891): Focus left window: Window{aa9d1b2 u0 pl.tablica/pl.olx.activities.OlxMainActivity}
04-11 20:03:22.288 D/InputDispatcher( 1891): Focus entered window: Window{4fe2fa1 u0 android}
04-11 20:03:22.288 D/PhoneWindow( 1891): notifyNavigationBarColor, color=0x: ff000000, token: android.view.ViewRootImplAO$WEx@3d23c08
04-11 20:03:22.288 D/WindowManager( 1891): notifyNavigationBarColor(), token: android.view.ViewRootImplAO$WEx@3d23c08, color: ff000000
04-11 20:03:22.289 I/SystemUI[Framework]( 1891): ==>disabledNaviBtn() what=0x0, token=android.os.Binder@a51467a,  pkg=Window{4fe2fa1 u0 android}
04-11 20:03:22.289 I/SystemUI[Framework]( 1891): disableNaviBtn: mDisabledNaviBtn=0x0,  mDisableRecords.size=0
04-11 20:03:22.298 E/ExtMediaPlayer-JNI( 1891): QCMediaPlayer could not be located....
04-11 20:03:22.298 D/MediaPlayer-JNI( 1891): JNIMediaPlayerFactory: bIsQCMediaPlayerPresent 0
04-11 20:03:22.298 E/ExtMediaPlayer-JNI( 1891): QCMediaPlayer could not be located....
04-11 20:03:22.298 D/MediaPlayer-JNI( 1891): JNIMediaPlayerFactory: bIsQCMediaPlayerPresent 0
04-11 20:03:22.298 V/MediaPlayer[Native]( 1891): constructor
04-11 20:03:22.299 V/MediaPlayer[Native]( 1891): setListener
04-11 20:03:22.299 V/MediaPlayer[Native]( 1891): setDataSource(225, 0, 576460752303423487)
04-11 20:03:22.304 D/UsbSettingsReceiver( 3574): [AUTORUN] onReceive() : action = android.hardware.usb.action.USB_STATE
04-11 20:03:22.304 D/UsbSettingsReceiver( 3574): [AUTORUN] sys.usb.config = mtp,adb
04-11 20:03:22.304 D/UsbSettingsReceiver( 3574): [AUTORUN] sys.usb.state = mtp,adb
04-11 20:03:22.304 D/UsbSettingsReceiver( 3574): [AUTORUN] persist.sys.usb.config = mtp,adb
04-11 20:03:22.304 D/UsbSettingsReceiver( 3574): [AUTORUN] onReceive() : app userid = 0, current userid = 0
04-11 20:03:22.306 D/UsbSettingsReceiver( 3574): [AUTORUN] onReceive() : getDefaultFunction = mtp
04-11 20:03:22.306 D/UsbSettingsReceiver( 3574): [AUTORUN] onReceive() : USB_FUNCTION_CDROM_STORAGE = false
04-11 20:03:22.306 D/UsbSettingsReceiver( 3574): [AUTORUN] onReceive() : mDirectAutorun = false
04-11 20:03:22.306 D/UsbSettingsReceiver( 3574): [AUTORUN] onReceive() : mActivityUsbModeChange = false
04-11 20:03:22.306 D/UsbSettingsReceiver( 3574): [AUTORUN] onReceive() : mActivityFinish = false
04-11 20:03:22.306 D/UsbSettingsReceiver( 3574): [AUTORUN] onReceive() : ===== USB Configured =====
04-11 20:03:22.306 D/UsbSettingsControl( 3574): [AUTORUN] setUsbConnected() : connected=true
04-11 20:03:22.307 I/PhoneWindowManagerEx( 1891): [PWM] sIsDimming=true, isDimChanging = false
04-11 20:03:22.307 V/MediaPlayer[Native]( 1891): MediaPlayer::setAudioStreamType
04-11 20:03:22.307 I/PhoneWindowManagerEx( 1891): [PWM][updateSystemUiVisibilityLw] tmpColorNavigationBar=0xff000000
04-11 20:03:22.307 V/MediaPlayer[Native]( 1891): setVideoSurfaceTexture
04-11 20:03:22.307 I/PhoneWindowManagerEx( 1891): [PWM][updateSystemUiVisibilityLw] mLastColorNavigationBar=0xff000000
04-11 20:03:22.307 V/MediaPlayer[Native]( 1891): prepare
04-11 20:03:22.310 I/PCSuite (11217): [StartReceiver]USB CONNECTED ver UsbManger : mtp - true, ptp - false
04-11 20:03:22.311 I/PCSuite (11217): [StartReceiver]isUsbPCSuiteMode : true
04-11 20:03:22.311 I/PCSuite (11217): [StartReceiver] USB CONNECTED ver UsbManger
04-11 20:03:22.311 D/PCSuite (11217): [StartReceiver][LGSW]true, [OBEXSERVICE]true
04-11 20:03:22.318 I/PhoneWindowManagerEx( 1891): [PWM] sIsDimming=true, isDimChanging = false
04-11 20:03:22.318 I/PhoneWindowManagerEx( 1891): [PWM][updateSystemUiVisibilityLw] tmpColorNavigationBar=0xff000000
04-11 20:03:22.318 I/PhoneWindowManagerEx( 1891): [PWM][updateSystemUiVisibilityLw] mLastColorNavigationBar=0xff000000
04-11 20:03:22.320 I/Adreno-EGL( 1891): <qeglDrvAPI_eglInitialize:379>: EGL 1.4 QUALCOMM build: Nondeterministic_AU_msm8916_32_LA.BR.1.2.6_RB1__release_AU (I5d4b06969f)
04-11 20:03:22.320 I/Adreno-EGL( 1891): OpenGL ES Shader Compiler Version: XE031.06.00.02
04-11 20:03:22.320 I/Adreno-EGL( 1891): Build Date: 11/12/15 Thu
04-11 20:03:22.320 I/Adreno-EGL( 1891): Local Branch: 
04-11 20:03:22.320 I/Adreno-EGL( 1891): Remote Branch: quic/LA.BR.1.2.6_rb1.3
04-11 20:03:22.320 I/Adreno-EGL( 1891): Local Patches: NONE
04-11 20:03:22.320 I/Adreno-EGL( 1891): Reconstruct Branch: NOTHING
04-11 20:03:22.320 I/OpenGLRenderer( 1891): Initialized EGL, version 1.4
04-11 20:03:22.323 V/MediaPlayer[Native]( 1891): message received msg=200, ext1=1, ext2=9120
04-11 20:03:22.323 W/MediaPlayer[Native]( 1891): info/warning (1, 9120)
04-11 20:03:22.323 V/MediaPlayer[Native]( 1891): callback application
04-11 20:03:22.324 V/MediaPlayer[Native]( 1891): back from callback
04-11 20:03:22.324 V/MediaPlayer[Native]( 1891): message received msg=1, ext1=0, ext2=0
04-11 20:03:22.324 V/MediaPlayer[Native]( 1891): prepared
04-11 20:03:22.324 V/MediaPlayer[Native]( 1891): signal application thread
04-11 20:03:22.324 V/MediaPlayer[Native]( 1891): callback application
04-11 20:03:22.324 V/MediaPlayer[Native]( 1891): back from callback
04-11 20:03:22.324 D/MediaPlayer( 1891): setSubtitleAnchor in MediaPlayer
04-11 20:03:22.324 V/MediaPlayer[Native]( 1891): prepare complete - status=0
04-11 20:03:22.324 D/MediaPlayer( 1891): setSubtitleAnchor in MediaPlayer
04-11 20:03:22.332 V/MediaPlayer[Native]( 1891): invoke 68
04-11 20:03:22.333 V/MediaPlayer[Native]( 1891): invoke 68
04-11 20:03:22.334 V/MediaPlayer[Native]( 1891): start
04-11 20:03:22.341 V/MediaPlayer[Native]( 1891): isPlaying: 1
04-11 20:03:22.347 I/PhoneWindowManagerEx( 1891): [PWM] sIsDimming=true, isDimChanging = false
04-11 20:03:22.347 I/PhoneWindowManagerEx( 1891): [PWM][updateSystemUiVisibilityLw] tmpColorNavigationBar=0xff000000
04-11 20:03:22.347 I/PhoneWindowManagerEx( 1891): [PWM][updateSystemUiVisibilityLw] mLastColorNavigationBar=0xff000000
04-11 20:03:22.353 I/PhoneWindowManagerEx( 1891): [PWM] sIsDimming=true, isDimChanging = false
04-11 20:03:22.353 I/PhoneWindowManagerEx( 1891): [PWM][updateSystemUiVisibilityLw] tmpColorNavigationBar=0xff000000
04-11 20:03:22.353 I/PhoneWindowManagerEx( 1891): [PWM][updateSystemUiVisibilityLw] mLastColorNavigationBar=0xff000000
04-11 20:03:22.364 V/ViewRootImpl( 1891): Contents drawing finished : 
04-11 20:03:22.377 V/MediaPlayer[Native]( 1891): message received msg=6, ext1=0, ext2=0
04-11 20:03:22.378 V/MediaPlayer[Native]( 1891): unrecognized message: (6, 0, 0)
04-11 20:03:22.378 V/MediaPlayer[Native]( 1891): callback application
04-11 20:03:22.378 V/MediaPlayer[Native]( 1891): back from callback
04-11 20:03:22.379 V/MediaPlayer[Native]( 1891): isPlaying: 1
04-11 20:03:22.600 I/PhoneWindowManagerEx( 1891): [PWM] sIsDimming=true, isDimChanging = false
04-11 20:03:22.600 I/PhoneWindowManagerEx( 1891): [PWM][updateSystemUiVisibilityLw] tmpColorNavigationBar=0xff000000
04-11 20:03:22.600 I/PhoneWindowManagerEx( 1891): [PWM][updateSystemUiVisibilityLw] mLastColorNavigationBar=0xff000000
04-11 20:03:22.790 V/MediaPlayer[Native]( 1891): message received msg=2, ext1=0, ext2=0
04-11 20:03:22.790 V/MediaPlayer[Native]( 1891): playback complete
04-11 20:03:22.790 V/MediaPlayer[Native]( 1891): callback application
04-11 20:03:22.790 V/MediaPlayer[Native]( 1891): back from callback
04-11 20:03:23.340 V/MediaPlayer[Native]( 1891): stop
04-11 20:03:23.340 V/MediaPlayer[Native]( 1891): setListener
04-11 20:03:23.340 V/MediaPlayer[Native]( 1891): message received msg=8, ext1=0, ext2=0
04-11 20:03:23.340 V/MediaPlayer[Native]( 1891): unrecognized message: (8, 0, 0)
04-11 20:03:23.341 V/MediaPlayer[Native]( 1891): callback application
04-11 20:03:23.341 V/MediaPlayer[Native]( 1891): disconnect
04-11 20:03:23.341 V/MediaPlayer[Native]( 1891): back from callback
04-11 20:03:23.341 W/MediaPlayer( 1891): mediaplayer went away with unhandled events
04-11 20:03:23.347 V/MediaPlayer[Native]( 1891): destructor
04-11 20:03:23.348 V/MediaPlayer[Native]( 1891): disconnect
04-11 20:03:23.439 D/InputDispatcher( 1891): notifyMotion - action=ACTION_DOWN(0), id=0, tooltype=1, deviceId=6, source=0x1002, policyFlags=0x0, flags=0x0, metaState=0x0, buttonState=0x0, edgeFlags=0x0, eventTime=702152468000, downTime=702152468000, 
04-11 20:03:23.440 D/InputTransport( 1891): channel '4fe2fa1  (server)' : action=ACTION_DOWN(0), id=0, tooltype=1, deviceId=6, source=0x1002, flags=0x0, edgeFlags=0x0, metaState=0x0, buttonState=0x0, downTime=702152468000, eventTime=702152468000, pointerCount=1
04-11 20:03:23.556 D/InputDispatcher( 1891): notifyMotion - action=ACTION_UP(0), id=0, tooltype=1, deviceId=6, source=0x1002, policyFlags=0x0, flags=0x0, metaState=0x0, buttonState=0x0, edgeFlags=0x0, eventTime=702269744000, downTime=702152468000, 
04-11 20:03:23.559 D/InputTransport( 1891): channel '4fe2fa1  (server)' : action=ACTION_UP(0), id=0, tooltype=1, deviceId=6, source=0x1002, flags=0x0, edgeFlags=0x0, metaState=0x0, buttonState=0x0, downTime=702152468000, eventTime=702269744000, pointerCount=1
04-11 20:03:23.562 V/SoundPool( 1891): play sampleID=1, leftVolume=1.000000, rightVolume=1.000000, priority=0, loop=0, rate=1.000000
04-11 20:03:23.562 V/SoundPool( 1891): Allocated recycled channel for same sampleID
04-11 20:03:23.562 V/SoundPool( 1891): play channel 0xb8f49578 state = 0
04-11 20:03:23.562 V/SoundPool( 1891): SoundChannel::play 0xb8f49578: sampleID=1, channelID=60, leftVolume=1.000000, rightVolume=1.000000, priority=0, loop=0, rate=1.000000
04-11 20:03:23.562 D/AudioSystem( 1891): getIoDescriptor: ioHandle = 2, index = 0, mIoDescriptors = 0xb81b5ac0
04-11 20:03:23.562 V/AudioSystem( 1891): getFrameCount() output 2, frameCount 960
04-11 20:03:23.564 D/AudioSystem( 1891): getIoDescriptor: ioHandle = 2, index = 0, mIoDescriptors = 0xb81b5ac0
04-11 20:03:23.564 V/AudioSystem( 1891): getSamplingRate() output 2, sampling rate 48000
04-11 20:03:23.564 V/SoundPool( 1891): reusing track 0xb922e968 for sample 1
04-11 20:03:23.564 V/AudioTrack( 1891): setLoop_l 0 0 0
04-11 20:03:23.564 D/AudioTrack( 1891): start(): 0xb922e968
04-11 20:03:23.569 V/SoundPool( 1891): delete oldTrack 0x0
04-11 20:03:23.621 E/Surface ( 1891): getSlotFromBufferLocked: unknown buffer: 0xb9479df8
04-11 20:03:23.631 I/PhoneWindowManagerEx( 1891): [PWM] sIsDimming=false, isDimChanging = true
04-11 20:03:23.631 I/PhoneWindowManagerEx( 1891): [PWM][updateSystemUiVisibilityLw] tmpColorNavigationBar=0xff000000
04-11 20:03:23.631 I/PhoneWindowManagerEx( 1891): [PWM][updateSystemUiVisibilityLw] mLastColorNavigationBar=0xff000000
04-11 20:03:23.631 D/PhoneWindowManagerEx( 1891): [PWM]1.notifyNavigationBarColor => mLastColorNavigationB ar=0xff000000
04-11 20:03:23.632 I/PhoneWindowManagerEx( 1891): [PWM] sIsDimming=false, isDimChanging = true
04-11 20:03:23.632 I/PhoneWindowManagerEx( 1891): [PWM][updateSystemUiVisibilityLw] tmpColorNavigationBar=0xff000000
04-11 20:03:23.632 I/PhoneWindowManagerEx( 1891): [PWM][updateSystemUiVisibilityLw] mLastColorNavigationBar=0xff000000
04-11 20:03:23.633 I/SystemUI[Framework]( 1891): PhoneWindowManager.updateSystemUiVisibilityLw() :visibility=0x8600, pkg=pl.tablica
04-11 20:03:23.634 D/InputDispatcher( 1891): Focus left window: Window{4fe2fa1 u0 android}
04-11 20:03:23.634 D/InputDispatcher( 1891): Focus entered window: Window{aa9d1b2 u0 pl.tablica/pl.olx.activities.OlxMainActivity}
04-11 20:03:23.634 D/InputDispatcher( 1891): Window went away: Window{4fe2fa1 u0 android}
04-11 20:03:23.635 I/SystemUI[Framework]( 1891): ==>disabledNaviBtn() what=0x0, token=android.os.Binder@a51467a,  pkg=Window{aa9d1b2 u0 pl.tablica/pl.olx.activities.OlxMainActivity}
04-11 20:03:23.635 I/SystemUI[Framework]( 1891): disableNaviBtn: mDisabledNaviBtn=0x0,  mDisableRecords.size=0
04-11 20:03:23.635 D/PhoneWindowManagerEx( 1891): [PWM]1.notifyNavigationBarColor => mLastColorNavigationB ar=0xff000000
04-11 20:03:23.674 V/SoundPool( 1891): process 0xb8f49578 channel 60 event BUFFER_END
04-11 20:03:23.675 V/SoundPool( 1891): awake
04-11 20:03:23.675 V/SoundPool( 1891): Getting channel from stop list
04-11 20:03:23.675 V/SoundPool( 1891): stop
04-11 20:03:23.675 D/AudioTrack( 1891): stop(): 0xb922e968
04-11 20:03:23.675 V/SoundPool( 1891): done_l(60)
04-11 20:03:23.675 V/SoundPool( 1891): move to front
04-11 20:03:23.680 E/qdlights( 3377): set_light_notifications : flashMode=0, pattern_id=0, onMS=0, offMS=0
04-11 20:03:23.681 E/qdlights( 3377): set_light_notifications : flashMode=0, pattern_id=0, onMS=0, offMS=0
04-11 20:03:23.827 E/qdlights( 3377): set_light_notifications : flashMode=0, pattern_id=0, onMS=0, offMS=0
04-11 20:03:23.828 E/qdlights( 3377): set_light_notifications : flashMode=0, pattern_id=0, onMS=0, offMS=0
04-11 20:03:23.901 I/PhoneWindowManagerEx( 1891): [PWM] sIsDimming=false, isDimChanging = false
04-11 20:03:23.901 I/PhoneWindowManagerEx( 1891): [PWM][updateSystemUiVisibilityLw] tmpColorNavigationBar=0xff000000
04-11 20:03:23.901 I/PhoneWindowManagerEx( 1891): [PWM][updateSystemUiVisibilityLw] mLastColorNavigationBar=0xff000000
04-11 20:03:23.904 I/PhoneWindowManagerEx( 1891): [PWM] sIsDimming=false, isDimChanging = false
04-11 20:03:23.904 I/PhoneWindowManagerEx( 1891): [PWM][updateSystemUiVisibilityLw] tmpColorNavigationBar=0xff000000
04-11 20:03:23.904 I/PhoneWindowManagerEx( 1891): [PWM][updateSystemUiVisibilityLw] mLastColorNavigationBar=0xff000000
04-11 20:03:24.046 D/UsbSettingsReceiver( 3574): [AUTORUN] onReceive() : action = android.hardware.usb.action.USB_STATE
04-11 20:03:24.046 D/UsbSettingsReceiver( 3574): [AUTORUN] sys.usb.config = mtp,adb
04-11 20:03:24.046 D/UsbSettingsReceiver( 3574): [AUTORUN] sys.usb.state = mtp,adb
04-11 20:03:24.046 D/UsbSettingsReceiver( 3574): [AUTORUN] persist.sys.usb.config = mtp,adb
04-11 20:03:24.047 D/UsbSettingsReceiver( 3574): [AUTORUN] onReceive() : app userid = 0, current userid = 0
04-11 20:03:24.048 D/UsbSettingsReceiver( 3574): [AUTORUN] onReceive() : getDefaultFunction = mtp
04-11 20:03:24.048 D/UsbSettingsReceiver( 3574): [AUTORUN] onReceive() : USB_FUNCTION_CDROM_STORAGE = false
04-11 20:03:24.048 D/UsbSettingsReceiver( 3574): [AUTORUN] onReceive() : mDirectAutorun = false
04-11 20:03:24.048 D/UsbSettingsReceiver( 3574): [AUTORUN] onReceive() : mActivityUsbModeChange = false
04-11 20:03:24.048 D/UsbSettingsReceiver( 3574): [AUTORUN] onReceive() : mActivityFinish = false
04-11 20:03:24.049 D/UsbSettingsReceiver( 3574): [AUTORUN] onReceive() : ===== USB Connected =====
04-11 20:03:24.049 D/UsbSettingsControl( 3574): [AUTORUN] setUsbConnected() : connected=true
04-11 20:03:24.054 I/PCSuite (11217): [StartReceiver]USB CONNECTED ver UsbManger : mtp - true, ptp - false
04-11 20:03:24.054 I/PCSuite (11217): [StartReceiver]isUsbPCSuiteMode : true
04-11 20:03:24.054 I/PCSuite (11217): [StartReceiver] USB CONNECTED ver UsbManger
04-11 20:03:24.054 D/PCSuite (11217): [StartReceiver][LGSW]true, [OBEXSERVICE]true
04-11 20:03:24.099 D/UsbSettingsReceiver( 3574): [AUTORUN] onReceive() : action = android.hardware.usb.action.USB_STATE
04-11 20:03:24.099 D/UsbSettingsReceiver( 3574): [AUTORUN] sys.usb.config = mtp,adb
04-11 20:03:24.099 D/UsbSettingsReceiver( 3574): [AUTORUN] sys.usb.state = mtp,adb
04-11 20:03:24.099 D/UsbSettingsReceiver( 3574): [AUTORUN] persist.sys.usb.config = mtp,adb
04-11 20:03:24.100 D/UsbSettingsReceiver( 3574): [AUTORUN] onReceive() : app userid = 0, current userid = 0
04-11 20:03:24.101 D/UsbSettingsReceiver( 3574): [AUTORUN] onReceive() : getDefaultFunction = mtp
04-11 20:03:24.101 D/UsbSettingsReceiver( 3574): [AUTORUN] onReceive() : USB_FUNCTION_CDROM_STORAGE = false
04-11 20:03:24.101 D/UsbSettingsReceiver( 3574): [AUTORUN] onReceive() : mDirectAutorun = false
04-11 20:03:24.101 D/UsbSettingsReceiver( 3574): [AUTORUN] onReceive() : mActivityUsbModeChange = false
04-11 20:03:24.101 D/UsbSettingsReceiver( 3574): [AUTORUN] onReceive() : mActivityFinish = false
04-11 20:03:24.101 D/UsbSettingsReceiver( 3574): [AUTORUN] onReceive() : ===== USB Configured =====
04-11 20:03:24.102 D/UsbSettingsControl( 3574): [AUTORUN] setUsbConnected() : connected=true
04-11 20:03:24.105 I/PCSuite (11217): [StartReceiver]USB CONNECTED ver UsbManger : mtp - true, ptp - false
04-11 20:03:24.106 I/PCSuite (11217): [StartReceiver]isUsbPCSuiteMode : true
04-11 20:03:24.106 I/PCSuite (11217): [StartReceiver] USB CONNECTED ver UsbManger
04-11 20:03:24.106 D/PCSuite (11217): [StartReceiver][LGSW]true, [OBEXSERVICE]true
04-11 20:03:27.382 V/LGSettingsProvider( 1891): call_put(system:radio.data.stall.recovery.action=0)  calling package = com.android.phone  callingUserId : 0
04-11 20:03:32.680 I/TetherStatsReporting( 1891): getTetherStats() called NetworkStats: elapsedRealtime=734016
04-11 20:03:32.680 I/TetherStatsReporting( 1891):   [0] iface=v4-rmnet_data0 uid=0 set=DEFAULT tag=0x0 rxBytes=15302 rxPackets=294 txBytes=2696 txPackets=53 operations=0
04-11 20:03:32.680 I/TetherStatsReporting( 1891):   [1] iface=v4-rmnet_data0 uid=0 set=FOREGROUND tag=0x0 rxBytes=0 rxPackets=0 txBytes=0 txPackets=0 operations=0
04-11 20:03:32.680 I/TetherStatsReporting( 1891):   [2] iface=v4-rmnet_data0 uid=10004 set=DEFAULT tag=0x0 rxBytes=52 rxPackets=1 txBytes=52 txPackets=1 operations=0
04-11 20:03:32.680 I/TetherStatsReporting( 1891):   [3] iface=v4-rmnet_data0 uid=10004 set=FOREGROUND tag=0x0 rxBytes=5336 rxPackets=11 txBytes=1627 txPackets=12 operations=0
04-11 20:03:32.680 I/TetherStatsReporting( 1891):   [4] iface=v4-rmnet_data0 uid=10100 set=DEFAULT tag=0x0 rxBytes=7589 rxPackets=25 txBytes=3510 txPackets=27 operations=0
04-11 20:03:32.680 I/TetherStatsReporting( 1891):   [5] iface=v4-rmnet_data0 uid=10100 set=FOREGROUND tag=0x0 rxBytes=368276 rxPackets=582 txBytes=94848 txPackets=606 operations=0
04-11 20:03:32.680 I/TetherStatsReporting( 1891):   [6] iface=v4-rmnet_data0 uid=10101 set=DEFAULT tag=0x0 rxBytes=0 rxPackets=0 txBytes=0 txPackets=0 operations=0
04-11 20:03:32.680 I/TetherStatsReporting( 1891):   [7] iface=v4-rmnet_data0 uid=10101 set=FOREGROUND tag=0x0 rxBytes=10378503 rxPackets=10170 txBytes=565203 txPackets=8587 operations=0
04-11 20:03:32.680 I/TetherStatsReporting( 1891):   [8] iface=rmnet_data0 uid=0 set=DEFAULT tag=0x0 rxBytes=241578 rxPackets=139 txBytes=197479 txPackets=136 operations=0
04-11 20:03:32.680 I/TetherStatsReporting( 1891):   [9] iface=rmnet_data0 uid=0 set=FOREGROUND tag=0x0 rxBytes=0 rxPackets=0 txBytes=0 txPackets=0 operations=0
04-11 20:03:32.680 I/TetherStatsReporting( 1891):   [10] iface=rmnet_data0 uid=1000 set=DEFAULT tag=0x0 rxBytes=383 rxPackets=4 txBytes=627 txPackets=6 operations=0
04-11 20:03:32.680 I/TetherStatsReporting( 1891):   [11] iface=rmnet_data0 uid=1000 set=FOREGROUND tag=0x0 rxBytes=0 rxPackets=0 txBytes=0 txPackets=0 operations=0
04-11 20:03:32.680 I/TetherStatsReporting( 1891):   [12] iface=rmnet_data0 uid=10004 set=DEFAULT tag=0x0 rxBytes=2824 rxPackets=14 txBytes=4496 txPackets=14 operations=0
04-11 20:03:32.680 I/TetherStatsReporting( 1891):   [13] iface=rmnet_data0 uid=10004 set=FOREGROUND tag=0x0 rxBytes=5774 rxPackets=12 txBytes=2852 txPackets=13 operations=0
04-11 20:03:32.680 I/TetherStatsReporting( 1891):   [14] iface=rmnet_data0 uid=10039 set=DEFAULT tag=0x0 rxBytes=311 rxPackets=3 txBytes=545 txPackets=5 operations=0
04-11 20:03:32.680 I/TetherStatsReporting( 1891):   [15] iface=rmnet_data0 uid=10039 set=FOREGROUND tag=0x0 rxBytes=0 rxPackets=0 txBytes=0 txPackets=0 operations=0
04-11 20:03:32.680 I/TetherStatsReporting( 1891):   [16] iface=rmnet_data0 uid=10101 set=DEFAULT tag=0x0 rxBytes=0 rxPackets=0 txBytes=0 txPackets=0 operations=0
04-11 20:03:32.680 I/TetherStatsReporting( 1891):   [17] iface=rmnet_data0 uid=10101 set=FOREGROUND tag=0x0 rxBytes=18274 rxPackets=49 txBytes=12581 txPackets=63 operations=0
04-11 20:03:32.680 I/TetherStatsReporting( 1891):   [18] iface=wlan0 uid=0 set=DEFAULT tag=0x0 rxBytes=69084 rxPackets=132 txBytes=6104 txPackets=123 operations=0
04-11 20:03:32.680 I/TetherStatsReporting( 1891):   [19] iface=wlan0 uid=0 set=FOREGROUND tag=0x0 rxBytes=0 rxPackets=0 txBytes=0 txPackets=0 operations=0
04-11 20:03:32.680 I/TetherStatsReporting( 1891):   [20] iface=wlan0 uid=1000 set=DEFAULT tag=0x0 rxBytes=1117 rxPackets=14 txBytes=1545 txPackets=17 operations=0
04-11 20:03:32.680 I/TetherStatsReporting( 1891):   [21] iface=wlan0 uid=1000 set=FOREGROUND tag=0x0 rxBytes=0 rxPackets=0 txBytes=0 txPackets=0 operations=0
04-11 20:03:32.680 I/TetherStatsReporting( 1891):   [22] iface=wlan0 uid=4001 set=DEFAULT tag=0x0 rxBytes=76 rxPackets=1 txBytes=76 txPackets=1 operations=0
04-11 20:03:32.680 I/TetherStatsReporting( 1891):   [23] iface=wlan0 uid=4001 set=FOREGROUND tag=0x0 rxBytes=0 rxPackets=0 txBytes=0 txPackets=0 operations=0
04-11 20:03:32.680 I/TetherStatsReporting( 1891):   [24] iface=wlan0 uid=10004 set=DEFAULT tag=0x0 rxBytes=91507 rxPackets=193 txBytes=41986 txPackets=248 operations=0
04-11 20:03:32.680 I/TetherStatsReporting( 1891):   [25] iface=wlan0 uid=10004 set=FOREGROUND tag=0x0 rxBytes=0 rxPackets=0 txBytes=0 txPackets=0 operations=0
04-11 20:03:32.680 I/TetherStatsReporting( 1891):   [26] iface=wlan0 uid=10010 set=DEFAULT tag=0x0 rxBytes=24223 rxPackets=48 txBytes=12687 txPackets=89 operations=0
04-11 20:03:32.680 I/TetherStatsReporting( 1891):   [27] iface=wlan0 uid=10010 set=FOREGROUND tag=0x0 rxBytes=0 rxPackets=0 txBytes=0 txPackets=0 operations=0
04-11 20:03:32.680 I/TetherStatsReporting( 1891):   [28] iface=wlan0 uid=10037 set=DEFAULT tag=0x0 rxBytes=38996 rxPackets=79 txBytes=12437 txPackets=65 operations=0
04-11 20:03:32.680 I/TetherStatsReporting( 1891):   [29] iface=wlan0 uid=10037 set=FOREGROUND tag=0x0 rxBytes=0 rxPackets=0 txBytes=0 txPackets=0 operations=0
04-11 20:03:32.680 I/TetherStatsReporting( 1891):   [30] iface=wlan0 uid=10042 set=DEFAULT tag=0x0 rxBytes=16587 rxPackets=32 txBytes=10067 txPackets=35 operations=0
04-11 20:03:32.680 I/TetherStatsReporting( 1891):   [31] iface=wlan0 uid=10042 set=FOREGROUND tag=0x0 rxBytes=0 rxPackets=0 txBytes=0 txPackets=0 operations=0
04-11 20:03:32.680 I/TetherStatsReporting( 1891):   [32] iface=wlan0 uid=10081 set=DEFAULT tag=0x0 rxBytes=6172 rxPackets=11 txBytes=2189 txPackets=12 operations=0
04-11 20:03:32.680 I/TetherStatsReporting( 1891):   [33] iface=wlan0 uid=10081 set=FOREGROUND tag=0x0 rxBytes=0 rxPackets=0 txBytes=0 txPackets=0 operations=0
04-11 20:03:32.680 I/TetherStatsReporting( 1891):   [34] iface=wlan0 uid=10092 set=DEFAULT tag=0x0 rxBytes=16199 rxP
04-11 20:03:32.680 I/TetherStatsReporting( 1891): combining tether stats
04-11 20:03:33.748 D/bsthal  ( 1891): polldata:1, sensor:1598182229, type:1, x:0.612916 y:0.306458 z:10.132261
04-11 20:03:33.797 D/bsthal  ( 1891): polldata:1, sensor:1598182229, type:1, x:0.612916 y:0.306458 z:10.093954
04-11 20:03:33.847 D/bsthal  ( 1891): polldata:1, sensor:1598182229, type:1, x:0.612916 y:0.306458 z:10.113108
04-11 20:03:37.217 I/TetherStatsReporting( 1891): getTetherStats() called NetworkStats: elapsedRealtime=738553
04-11 20:03:37.217 I/TetherStatsReporting( 1891):   [0] iface=v4-rmnet_data0 uid=0 set=DEFAULT tag=0x0 rxBytes=15302 rxPackets=294 txBytes=2696 txPackets=53 operations=0
04-11 20:03:37.217 I/TetherStatsReporting( 1891):   [1] iface=v4-rmnet_data0 uid=0 set=FOREGROUND tag=0x0 rxBytes=0 rxPackets=0 txBytes=0 txPackets=0 operations=0
04-11 20:03:37.217 I/TetherStatsReporting( 1891):   [2] iface=v4-rmnet_data0 uid=10004 set=DEFAULT tag=0x0 rxBytes=52 rxPackets=1 txBytes=52 txPackets=1 operations=0
04-11 20:03:37.217 I/TetherStatsReporting( 1891):   [3] iface=v4-rmnet_data0 uid=10004 set=FOREGROUND tag=0x0 rxBytes=5336 rxPackets=11 txBytes=1627 txPackets=12 operations=0
04-11 20:03:37.217 I/TetherStatsReporting( 1891):   [4] iface=v4-rmnet_data0 uid=10100 set=DEFAULT tag=0x0 rxBytes=7589 rxPackets=25 txBytes=3510 txPackets=27 operations=0
04-11 20:03:37.217 I/TetherStatsReporting( 1891):   [5] iface=v4-rmnet_data0 uid=10100 set=FOREGROUND tag=0x0 rxBytes=368276 rxPackets=582 txBytes=94848 txPackets=606 operations=0
04-11 20:03:37.217 I/TetherStatsReporting( 1891):   [6] iface=v4-rmnet_data0 uid=10101 set=DEFAULT tag=0x0 rxBytes=0 rxPackets=0 txBytes=0 txPackets=0 operations=0
04-11 20:03:37.217 I/TetherStatsReporting( 1891):   [7] iface=v4-rmnet_data0 uid=10101 set=FOREGROUND tag=0x0 rxBytes=10378503 rxPackets=10170 txBytes=565203 txPackets=8587 operations=0
04-11 20:03:37.217 I/TetherStatsReporting( 1891):   [8] iface=rmnet_data0 uid=0 set=DEFAULT tag=0x0 rxBytes=241578 rxPackets=139 txBytes=197479 txPackets=136 operations=0
04-11 20:03:37.217 I/TetherStatsReporting( 1891):   [9] iface=rmnet_data0 uid=0 set=FOREGROUND tag=0x0 rxBytes=0 rxPackets=0 txBytes=0 txPackets=0 operations=0
04-11 20:03:37.217 I/TetherStatsReporting( 1891):   [10] iface=rmnet_data0 uid=1000 set=DEFAULT tag=0x0 rxBytes=383 rxPackets=4 txBytes=627 txPackets=6 operations=0
04-11 20:03:37.217 I/TetherStatsReporting( 1891):   [11] iface=rmnet_data0 uid=1000 set=FOREGROUND tag=0x0 rxBytes=0 rxPackets=0 txBytes=0 txPackets=0 operations=0
04-11 20:03:37.217 I/TetherStatsReporting( 1891):   [12] iface=rmnet_data0 uid=10004 set=DEFAULT tag=0x0 rxBytes=2824 rxPackets=14 txBytes=7392 txPackets=18 operations=0
04-11 20:03:37.217 I/TetherStatsReporting( 1891):   [13] iface=rmnet_data0 uid=10004 set=FOREGROUND tag=0x0 rxBytes=5774 rxPackets=12 txBytes=2852 txPackets=13 operations=0
04-11 20:03:37.217 I/TetherStatsReporting( 1891):   [14] iface=rmnet_data0 uid=10039 set=DEFAULT tag=0x0 rxBytes=311 rxPackets=3 txBytes=545 txPackets=5 operations=0
04-11 20:03:37.217 I/TetherStatsReporting( 1891):   [15] iface=rmnet_data0 uid=10039 set=FOREGROUND tag=0x0 rxBytes=0 rxPackets=0 txBytes=0 txPackets=0 operations=0
04-11 20:03:37.217 I/TetherStatsReporting( 1891):   [16] iface=rmnet_data0 uid=10101 set=DEFAULT tag=0x0 rxBytes=0 rxPackets=0 txBytes=0 txPackets=0 operations=0
04-11 20:03:37.217 I/TetherStatsReporting( 1891):   [17] iface=rmnet_data0 uid=10101 set=FOREGROUND tag=0x0 rxBytes=18274 rxPackets=49 txBytes=12581 txPackets=63 operations=0
04-11 20:03:37.217 I/TetherStatsReporting( 1891):   [18] iface=wlan0 uid=0 set=DEFAULT tag=0x0 rxBytes=69084 rxPackets=132 txBytes=6104 txPackets=123 operations=0
04-11 20:03:37.217 I/TetherStatsReporting( 1891):   [19] iface=wlan0 uid=0 set=FOREGROUND tag=0x0 rxBytes=0 rxPackets=0 txBytes=0 txPackets=0 operations=0
04-11 20:03:37.217 I/TetherStatsReporting( 1891):   [20] iface=wlan0 uid=1000 set=DEFAULT tag=0x0 rxBytes=1117 rxPackets=14 txBytes=1545 txPackets=17 operations=0
04-11 20:03:37.217 I/TetherStatsReporting( 1891):   [21] iface=wlan0 uid=1000 set=FOREGROUND tag=0x0 rxBytes=0 rxPackets=0 txBytes=0 txPackets=0 operations=0
04-11 20:03:37.217 I/TetherStatsReporting( 1891):   [22] iface=wlan0 uid=4001 set=DEFAULT tag=0x0 rxBytes=76 rxPackets=1 txBytes=76 txPackets=1 operations=0
04-11 20:03:37.217 I/TetherStatsReporting( 1891):   [23] iface=wlan0 uid=4001 set=FOREGROUND tag=0x0 rxBytes=0 rxPackets=0 txBytes=0 txPackets=0 operations=0
04-11 20:03:37.217 I/TetherStatsReporting( 1891):   [24] iface=wlan0 uid=10004 set=DEFAULT tag=0x0 rxBytes=91507 rxPackets=193 txBytes=41986 txPackets=248 operations=0
04-11 20:03:37.217 I/TetherStatsReporting( 1891):   [25] iface=wlan0 uid=10004 set=FOREGROUND tag=0x0 rxBytes=0 rxPackets=0 txBytes=0 txPackets=0 operations=0
04-11 20:03:37.217 I/TetherStatsReporting( 1891):   [26] iface=wlan0 uid=10010 set=DEFAULT tag=0x0 rxBytes=24223 rxPackets=48 txBytes=12687 txPackets=89 operations=0
04-11 20:03:37.217 I/TetherStatsReporting( 1891):   [27] iface=wlan0 uid=10010 set=FOREGROUND tag=0x0 rxBytes=0 rxPackets=0 txBytes=0 txPackets=0 operations=0
04-11 20:03:37.217 I/TetherStatsReporting( 1891):   [28] iface=wlan0 uid=10037 set=DEFAULT tag=0x0 rxBytes=38996 rxPackets=79 txBytes=12437 txPackets=65 operations=0
04-11 20:03:37.217 I/TetherStatsReporting( 1891):   [29] iface=wlan0 uid=10037 set=FOREGROUND tag=0x0 rxBytes=0 rxPackets=0 txBytes=0 txPackets=0 operations=0
04-11 20:03:37.217 I/TetherStatsReporting( 1891):   [30] iface=wlan0 uid=10042 set=DEFAULT tag=0x0 rxBytes=16587 rxPackets=32 txBytes=10067 txPackets=35 operations=0
04-11 20:03:37.217 I/TetherStatsReporting( 1891):   [31] iface=wlan0 uid=10042 set=FOREGROUND tag=0x0 rxBytes=0 rxPackets=0 txBytes=0 txPackets=0 operations=0
04-11 20:03:37.217 I/TetherStatsReporting( 1891):   [32] iface=wlan0 uid=10081 set=DEFAULT tag=0x0 rxBytes=6172 rxPackets=11 txBytes=2189 txPackets=12 operations=0
04-11 20:03:37.217 I/TetherStatsReporting( 1891):   [33] iface=wlan0 uid=10081 set=FOREGROUND tag=0x0 rxBytes=0 rxPackets=0 txBytes=0 txPackets=0 operations=0
04-11 20:03:37.217 I/TetherStatsReporting( 1891):   [34] iface=wlan0 uid=10092 set=DEFAULT tag=0x0 rxBytes=16199 rxP
04-11 20:03:37.217 I/TetherStatsReporting( 1891): combining tether stats
04-11 20:03:46.748 D/bsthal  ( 1891): polldata:1, sensor:1598182229, type:1, x:0.593762 y:0.287304 z:10.132261
04-11 20:03:46.798 D/bsthal  ( 1891): polldata:1, sensor:1598182229, type:1, x:0.612916 y:0.287304 z:10.151415
04-11 20:03:46.848 D/bsthal  ( 1891): polldata:1, sensor:1598182229, type:1, x:0.593762 y:0.287304 z:10.132261
04-11 20:03:52.543 D/VM_BMS  (  530): wake_lock acquired
04-11 20:03:52.543 D/VM_BMS  (  530): New BMS data - Size=56
04-11 20:03:52.543 D/VM_BMS  (  530): Start process_bms_data
04-11 20:03:52.546 D/VM_BMS  (  530): For batt_temp=315 fcc_mah=2416
04-11 20:03:52.546 D/VM_BMS  (  530): For ocv=3721366 batt_temp=315 soc=28
04-11 20:03:52.546 D/VM_BMS  (  530): fifo_count=8 acc_count=0
04-11 20:03:52.547 D/VM_BMS  (  530): INIT: ocv=3721366 last_ocv=3721366 batt_temp=315 soc=28
04-11 20:03:52.547 D/VM_BMS  (  530): For soc=28 batt_temp=315 slope=7600
04-11 20:03:52.547 D/VM_BMS  (  530): For soc=28 batt_temp=315 rbatt_sf=101
04-11 20:03:52.547 D/VM_BMS  (  530): rbatt_mohm_default=139, rbatt_mohm=140, sf=101 batt_temp=315
04-11 20:03:52.547 D/VM_BMS  (  530): For ocv=3721010 batt_temp=315 soc=28
04-11 20:03:52.547 D/VM_BMS  (  530): FIFO=0 fifo_avg=3.634937 rbatt=0.190000 slope=0.760000 ibatt=0.453954 ocv=3.721010 soc=28 fcc_ah=2.416000 sample_count=128 sample_interval=70 seq_num=13
04-11 20:03:52.547 D/VM_BMS  (  530): For soc=28 batt_temp=315 slope=7600
04-11 20:03:52.547 D/VM_BMS  (  530): For soc=28 batt_temp=315 rbatt_sf=101
04-11 20:03:52.547 D/VM_BMS  (  530): rbatt_mohm_default=139, rbatt_mohm=140, sf=101 batt_temp=315
04-11 20:03:52.547 D/VM_BMS  (  530): For ocv=3720655 batt_temp=315 soc=28
04-11 20:03:52.547 D/VM_BMS  (  530): FIFO=1 fifo_avg=3.634653 rbatt=0.190000 slope=0.760000 ibatt=0.453575 ocv=3.720655 soc=28 fcc_ah=2.416000 sample_count=128 sample_interval=70 seq_num=13
04-11 20:03:52.547 D/VM_BMS  (  530): For soc=28 batt_temp=315 slope=7600
04-11 20:03:52.547 D/VM_BMS  (  530): For soc=28 batt_temp=315 rbatt_sf=101
04-11 20:03:52.547 D/VM_BMS  (  530): rbatt_mohm_default=139, rbatt_mohm=140, sf=101 batt_temp=315
04-11 20:03:52.547 D/VM_BMS  (  530): For ocv=3720292 batt_temp=315 soc=28
04-11 20:03:52.547 D/VM_BMS  (  530): FIFO=2 fifo_avg=3.632576 rbatt=0.190000 slope=0.760000 ibatt=0.462620 ocv=3.720293 soc=28 fcc_ah=2.416000 sample_count=128 sample_interval=70 seq_num=13
04-11 20:03:52.547 D/VM_BMS  (  530): For soc=28 batt_temp=315 slope=7600
04-11 20:03:52.547 D/VM_BMS  (  530): For soc=28 batt_temp=315 rbatt_sf=101
04-11 20:03:52.547 D/VM_BMS  (  530): rbatt_mohm_default=139, rbatt_mohm=140, sf=101 batt_temp=315
04-11 20:03:52.547 D/VM_BMS  (  530): For ocv=3719952 batt_temp=315 soc=28
04-11 20:03:52.548 D/VM_BMS  (  530): FIFO=3 fifo_avg=3.637594 rbatt=0.190000 slope=0.760000 ibatt=0.434358 ocv=3.719952 soc=28 fcc_ah=2.416000 sample_count=128 sample_interval=70 seq_num=13
04-11 20:03:52.548 D/VM_BMS  (  530): For soc=28 batt_temp=315 slope=7600
04-11 20:03:52.548 D/VM_BMS  (  530): For soc=28 batt_temp=315 rbatt_sf=101
04-11 20:03:52.548 D/VM_BMS  (  530): rbatt_mohm_default=139, rbatt_mohm=140, sf=101 batt_temp=315
04-11 20:03:52.548 D/VM_BMS  (  530): For ocv=3719656 batt_temp=315 soc=28
04-11 20:03:52.548 D/VM_BMS  (  530): FIFO=4 fifo_avg=3.647920 rbatt=0.190000 slope=0.760000 ibatt=0.378337 ocv=3.719656 soc=28 fcc_ah=2.416000 sample_count=128 sample_interval=70 seq_num=13
04-11 20:03:52.548 D/VM_BMS  (  530): For soc=28 batt_temp=315 slope=7600
04-11 20:03:52.548 D/VM_BMS  (  530): For soc=28 batt_temp=315 rbatt_sf=101
04-11 20:03:52.548 D/VM_BMS  (  530): rbatt_mohm_default=139, rbatt_mohm=140, sf=101 batt_temp=315
04-11 20:03:52.548 D/VM_BMS  (  530): For ocv=3719482 batt_temp=315 soc=28
04-11 20:03:52.549 D/VM_BMS  (  530): FIFO=5 fifo_avg=3.677449 rbatt=0.190000 slope=0.760000 ibatt=0.221685 ocv=3.719482 soc=28 fcc_ah=2.416000 sample_count=128 sample_interval=70 seq_num=13
04-11 20:03:52.549 D/VM_BMS  (  530): For soc=28 batt_temp=315 slope=7600
04-11 20:03:52.549 D/VM_BMS  (  530): For soc=28 batt_temp=315 rbatt_sf=101
04-11 20:03:52.549 D/VM_BMS  (  530): rbatt_mohm_default=139, rbatt_mohm=140, sf=101 batt_temp=315
04-11 20:03:52.549 D/VM_BMS  (  530): For ocv=3719366 batt_temp=315 soc=28
04-11 20:03:52.549 D/VM_BMS  (  530): FIFO=6 fifo_avg=3.691324 rbatt=0.190000 slope=0.760000 ibatt=0.147895 ocv=3.719366 soc=28 fcc_ah=2.416000 sample_count=128 sample_interval=70 seq_num=13
04-11 20:03:52.549 D/VM_BMS  (  530): For soc=28 batt_temp=315 slope=7600
04-11 20:03:52.549 D/VM_BMS  (  530): For soc=28 batt_temp=315 rbatt_sf=101
04-11 20:03:52.549 D/VM_BMS  (  530): rbatt_mohm_default=139, rbatt_mohm=140, sf=101 batt_temp=315
04-11 20:03:52.549 D/VM_BMS  (  530): For ocv=3719241 batt_temp=315 soc=28
04-11 20:03:52.549 D/VM_BMS  (  530): FIFO=7 fifo_avg=3.688969 rbatt=0.190000 slope=0.760000 ibatt=0.159656 ocv=3.719241 soc=28 fcc_ah=2.416000 sample_count=128 sample_interval=70 seq_num=13
04-11 20:03:52.549 I/VM_BMS  (  530): power_supply_update: ocv_uv=3719241 ibatt=159656 soc=28 seq_num=13
04-11 20:03:52.549 D/VM_BMS  (  530): End process_bms_data
04-11 20:03:52.549 D/VM_BMS  (  530): wake_lock released
04-11 20:03:53.838 D/bsthal  ( 1891): batch, handle: 1, flags: 0, period_ns: 200000000, timeout: 0, index: 2
04-11 20:03:53.838 D/bsthal  ( 1891): activate, handle: 1, enabled: 1, index 2
04-11 20:03:53.847 D/bsthal  ( 1891): polldata:1, sensor:1, type:8, x:5.000000 y:0.000000 z:0.000000
04-11 20:03:53.848 D/bsthal  ( 1891): polldata:1, sensor:1598182229, type:1, x:0.593762 y:0.306458 z:10.132261
04-11 20:03:53.898 D/bsthal  ( 1891): polldata:1, sensor:1598182229, type:1, x:0.593762 y:0.306458 z:10.151415
04-11 20:03:53.942 I/bsthal  ( 1891): proximity state changed - FAR
04-11 20:03:53.942 D/bsthal  ( 1891): polldata:1, sensor:1, type:8, x:5.000000 y:0.000000 z:0.000000
04-11 20:03:53.948 D/bsthal  ( 1891): polldata:1, sensor:1598182229, type:1, x:0.593762 y:0.287304 z:10.151415
04-11 20:03:53.998 D/bsthal  ( 1891): polldata:1, sensor:1598182229, type:1, x:0.593762 y:0.287304 z:10.151415
04-11 20:03:54.048 D/bsthal  ( 1891): polldata:1, sensor:1598182229, type:1, x:0.612916 y:0.306458 z:10.151415
04-11 20:03:54.098 D/bsthal  ( 1891): polldata:1, sensor:1598182229, type:1, x:0.593762 y:0.306458 z:10.151415
04-11 20:03:54.148 D/bsthal  ( 1891): polldata:1, sensor:1598182229, type:1, x:0.593762 y:0.268151 z:10.132261
04-11 20:03:54.198 D/bsthal  ( 1891): polldata:1, sensor:1598182229, type:1, x:0.612916 y:0.306458 z:10.132261
04-11 20:03:54.248 D/bsthal  ( 1891): polldata:1, sensor:1598182229, type:1, x:0.593762 y:0.287304 z:10.151415
04-11 20:03:54.298 D/bsthal  ( 1891): polldata:1, sensor:1598182229, type:1, x:0.593762 y:0.287304 z:10.151415
04-11 20:03:54.300 D/bsthal  ( 1891): activate, handle: 1598182229, enabled: 0, index 1
04-11 20:03:54.300 E/bsthal  ( 1891): <BST> disable accel, orig state: 1
04-11 20:03:54.300 I/bsthal  ( 1891): <BST> disable sensor <LGE Accelerometer Sensor>
04-11 20:03:54.301 V/KeyguardServiceDelegate( 1891): onScreenTurnedOff()
04-11 20:03:54.304 D/SurfaceFlinger(  291): Set power mode=0, type=0 flinger=0xb79b7e80
04-11 20:03:54.304 D/qdhwcomposer(  291): hwc_setPowerMode: Setting mode 0 on display: 0
04-11 20:03:54.304 E/qdutils (  291): int qdutils::getHDMINode(): Failed to open fb node 2
04-11 20:03:54.304 E/qdutils (  291): int qdutils::getHDMINode(): Failed to open fb node 3
04-11 20:03:54.304 E/qdutils (  291): int qdutils::getHDMINode(): Failed to find HDMI node
04-11 20:03:54.308 I/PhoneWindowManagerEx( 1891): [PWM] sIsDimming=false, isDimChanging = false
04-11 20:03:54.308 I/PhoneWindowManagerEx( 1891): [PWM][updateSystemUiVisibilityLw] tmpColorNavigationBar=0xff000000
04-11 20:03:54.308 I/PhoneWindowManagerEx( 1891): [PWM][updateSystemUiVisibilityLw] mLastColorNavigationBar=0xff000000
04-11 20:03:54.499 I/qdhwcomposer(  291): handle_blank_event: dpy:0 panel power state: 0
04-11 20:03:54.499 E/qdutils (  291): int qdutils::getHDMINode(): Failed to open fb node 2
04-11 20:03:54.499 E/qdutils (  291): int qdutils::getHDMINode(): Failed to open fb node 3
04-11 20:03:54.499 E/qdutils (  291): int qdutils::getHDMINode(): Failed to find HDMI node
04-11 20:03:54.587 D/qdhwcomposer(  291): hwc_setPowerMode: Done setting mode 0 on display 0
04-11 20:03:54.587 D/SurfaceControl( 1891): Excessive delay in setPowerMode(): 283ms
04-11 20:03:54.587 I/QTI PowerHAL( 1891): Got set_interactive hint
04-11 20:03:54.594 D/LgWifiTrafficPoller( 1891): ENABLE_TRAFFIC_STATS_POLL, mTriggeringTput = 100Mbits
04-11 20:03:54.643 D/GlanceViewManagerService( 3377): updateStatusBar(com.lge.systemui.GlanceViewStatusBar@2d917f8
04-11 20:03:54.643 D/GlanceViewManagerService( 3377):     operatorIcon: [android.graphics.Bitmap@d8cf4d1
04-11 20:03:54.643 D/GlanceViewManagerService( 3377):     notificationIcons: [android.graphics.Bitmap@2421b36
04-11 20:03:54.643 D/GlanceViewManagerService( 3377):     statusIcons: [android.graphics.Bitmap@c343a37
04-11 20:03:54.643 D/GlanceViewManagerService( 3377):     systemIcons: [android.graphics.Bitmap@983bba4])
04-11 20:03:54.644 D/GlanceViewManagerService( 3377): setUpdateStatusBarInternal(2870, com.lge.systemui.GlanceViewStatusBar@2d917f8
04-11 20:03:54.644 D/GlanceViewManagerService( 3377):     operatorIcon: [android.graphics.Bitmap@d8cf4d1
04-11 20:03:54.644 D/GlanceViewManagerService( 3377):     notificationIcons: [android.graphics.Bitmap@2421b36
04-11 20:03:54.644 D/GlanceViewManagerService( 3377):     statusIcons: [android.graphics.Bitmap@c343a37
04-11 20:03:54.644 D/GlanceViewManagerService( 3377):     systemIcons: [android.graphics.Bitmap@983bba4])
04-11 20:03:54.644 D/GlanceViewManagerService( 3377): mCallbacks.get(1/1): com.lge.systemservice.service.GlanceViewManagerService$CallbackRecord@226e74f
04-11 20:03:54.644 D/GlanceViewManagerService( 3377): notifyUpdateStatusBarEventAsync(com.lge.systemui.GlanceViewStatusBar@2d917f8
04-11 20:03:54.644 D/GlanceViewManagerService( 3377):     operatorIcon: [android.graphics.Bitmap@d8cf4d1
04-11 20:03:54.644 D/GlanceViewManagerService( 3377):     notificationIcons: [android.graphics.Bitmap@2421b36
04-11 20:03:54.644 D/GlanceViewManagerService( 3377):     statusIcons: [android.graphics.Bitmap@c343a37
04-11 20:03:54.644 D/GlanceViewManagerService( 3377):     systemIcons: [android.graphics.Bitmap@983bba4])
04-11 20:03:54.674 I/PhoneWindowManagerEx( 1891): [PWM] sIsDimming=false, isDimChanging = false
04-11 20:03:54.674 I/PhoneWindowManagerEx( 1891): [PWM][updateSystemUiVisibilityLw] tmpColorNavigationBar=0xff000000
04-11 20:03:54.674 I/PhoneWindowManagerEx( 1891): [PWM][updateSystemUiVisibilityLw] mLastColorNavigationBar=0xff000000
04-11 20:03:55.158 D/GpsLocationProvider( 1891): receive broadcast intent, action: android.intent.action.SCREEN_OFF
04-11 20:03:55.160 E/qdlights( 3377): set_light_notifications : flashMode=0, pattern_id=0, onMS=0, offMS=0
04-11 20:03:55.160 E/qdlights( 3377): set_light_notifications : flashMode=0, pattern_id=0, onMS=0, offMS=0
04-11 20:03:55.161 E/qdlights( 3377): set_light_notifications : flashMode=3, pattern_id=3, onMS=0, offMS=0
04-11 20:03:55.161 E/qdlights( 3377): debug_core before pattern_id: 3 type
04-11 20:03:55.736 I/TetherStatsReporting( 1891): getTetherStats() called NetworkStats: elapsedRealtime=757072
04-11 20:03:55.736 I/TetherStatsReporting( 1891):   [0] iface=v4-rmnet_data0 uid=0 set=DEFAULT tag=0x0 rxBytes=15406 rxPackets=296 txBytes=2696 txPackets=53 operations=0
04-11 20:03:55.736 I/TetherStatsReporting( 1891):   [1] iface=v4-rmnet_data0 uid=0 set=FOREGROUND tag=0x0 rxBytes=0 rxPackets=0 txBytes=0 txPackets=0 operations=0
04-11 20:03:55.736 I/TetherStatsReporting( 1891):   [2] iface=v4-rmnet_data0 uid=10004 set=DEFAULT tag=0x0 rxBytes=52 rxPackets=1 txBytes=52 txPackets=1 operations=0
04-11 20:03:55.736 I/TetherStatsReporting( 1891):   [3] iface=v4-rmnet_data0 uid=10004 set=FOREGROUND tag=0x0 rxBytes=5336 rxPackets=11 txBytes=1627 txPackets=12 operations=0
04-11 20:03:55.736 I/TetherStatsReporting( 1891):   [4] iface=v4-rmnet_data0 uid=10100 set=DEFAULT tag=0x0 rxBytes=7589 rxPackets=25 txBytes=3510 txPackets=27 operations=0
04-11 20:03:55.736 I/TetherStatsReporting( 1891):   [5] iface=v4-rmnet_data0 uid=10100 set=FOREGROUND tag=0x0 rxBytes=368276 rxPackets=582 txBytes=94848 txPackets=606 operations=0
04-11 20:03:55.736 I/TetherStatsReporting( 1891):   [6] iface=v4-rmnet_data0 uid=10101 set=DEFAULT tag=0x0 rxBytes=0 rxPackets=0 txBytes=0 txPackets=0 operations=0
04-11 20:03:55.736 I/TetherStatsReporting( 1891):   [7] iface=v4-rmnet_data0 uid=10101 set=FOREGROUND tag=0x0 rxBytes=10392251 rxPackets=10196 txBytes=569314 txPackets=8615 operations=0
04-11 20:03:55.736 I/TetherStatsReporting( 1891):   [8] iface=rmnet_data0 uid=0 set=DEFAULT tag=0x0 rxBytes=243016 rxPackets=143 txBytes=198373 txPackets=140 operations=0
04-11 20:03:55.736 I/TetherStatsReporting( 1891):   [9] iface=rmnet_data0 uid=0 set=FOREGROUND tag=0x0 rxBytes=0 rxPackets=0 txBytes=0 txPackets=0 operations=0
04-11 20:03:55.736 I/TetherStatsReporting( 1891):   [10] iface=rmnet_data0 uid=1000 set=DEFAULT tag=0x0 rxBytes=383 rxPackets=4 txBytes=627 txPackets=6 operations=0
04-11 20:03:55.736 I/TetherStatsReporting( 1891):   [11] iface=rmnet_data0 uid=1000 set=FOREGROUND tag=0x0 rxBytes=0 rxPackets=0 txBytes=0 txPackets=0 operations=0
04-11 20:03:55.736 I/TetherStatsReporting( 1891):   [12] iface=rmnet_data0 uid=10004 set=DEFAULT tag=0x0 rxBytes=3683 rxPackets=19 txBytes=7464 txPackets=19 operations=0
04-11 20:03:55.736 I/TetherStatsReporting( 1891):   [13] iface=rmnet_data0 uid=10004 set=FOREGROUND tag=0x0 rxBytes=5774 rxPackets=12 txBytes=2852 txPackets=13 operations=0
04-11 20:03:55.736 I/TetherStatsReporting( 1891):   [14] iface=rmnet_data0 uid=10039 set=DEFAULT tag=0x0 rxBytes=311 rxPackets=3 txBytes=545 txPackets=5 operations=0
04-11 20:03:55.736 I/TetherStatsReporting( 1891):   [15] iface=rmnet_data0 uid=10039 set=FOREGROUND tag=0x0 rxBytes=0 rxPackets=0 txBytes=0 txPackets=0 operations=0
04-11 20:03:55.736 I/TetherStatsReporting( 1891):   [16] iface=rmnet_data0 uid=10101 set=DEFAULT tag=0x0 rxBytes=0 rxPackets=0 txBytes=0 txPackets=0 operations=0
04-11 20:03:55.736 I/TetherStatsReporting( 1891):   [17] iface=rmnet_data0 uid=10101 set=FOREGROUND tag=0x0 rxBytes=18274 rxPackets=49 txBytes=12581 txPackets=63 operations=0
04-11 20:03:55.736 I/TetherStatsReporting( 1891):   [18] iface=wlan0 uid=0 set=DEFAULT tag=0x0 rxBytes=69084 rxPackets=132 txBytes=6104 txPackets=123 operations=0
04-11 20:03:55.736 I/TetherStatsReporting( 1891):   [19] iface=wlan0 uid=0 set=FOREGROUND tag=0x0 rxBytes=0 rxPackets=0 txBytes=0 txPackets=0 operations=0
04-11 20:03:55.736 I/TetherStatsReporting( 1891):   [20] iface=wlan0 uid=1000 set=DEFAULT tag=0x0 rxBytes=1117 rxPackets=14 txBytes=1545 txPackets=17 operations=0
04-11 20:03:55.736 I/TetherStatsReporting( 1891):   [21] iface=wlan0 uid=1000 set=FOREGROUND tag=0x0 rxBytes=0 rxPackets=0 txBytes=0 txPackets=0 operations=0
04-11 20:03:55.736 I/TetherStatsReporting( 1891):   [22] iface=wlan0 uid=4001 set=DEFAULT tag=0x0 rxBytes=76 rxPackets=1 txBytes=76 txPackets=1 operations=0
04-11 20:03:55.736 I/TetherStatsReporting( 1891):   [23] iface=wlan0 uid=4001 set=FOREGROUND tag=0x0 rxBytes=0 rxPackets=0 txBytes=0 txPackets=0 operations=0
04-11 20:03:55.736 I/TetherStatsReporting( 1891):   [24] iface=wlan0 uid=10004 set=DEFAULT tag=0x0 rxBytes=91507 rxPackets=193 txBytes=41986 txPackets=248 operations=0
04-11 20:03:55.736 I/TetherStatsReporting( 1891):   [25] iface=wlan0 uid=10004 set=FOREGROUND tag=0x0 rxBytes=0 rxPackets=0 txBytes=0 txPackets=0 operations=0
04-11 20:03:55.736 I/TetherStatsReporting( 1891):   [26] iface=wlan0 uid=10010 set=DEFAULT tag=0x0 rxBytes=24223 rxPackets=48 txBytes=12687 txPackets=89 operations=0
04-11 20:03:55.736 I/TetherStatsReporting( 1891):   [27] iface=wlan0 uid=10010 set=FOREGROUND tag=0x0 rxBytes=0 rxPackets=0 txBytes=0 txPackets=0 operations=0
04-11 20:03:55.736 I/TetherStatsReporting( 1891):   [28] iface=wlan0 uid=10037 set=DEFAULT tag=0x0 rxBytes=38996 rxPackets=79 txBytes=12437 txPackets=65 operations=0
04-11 20:03:55.736 I/TetherStatsReporting( 1891):   [29] iface=wlan0 uid=10037 set=FOREGROUND tag=0x0 rxBytes=0 rxPackets=0 txBytes=0 txPackets=0 operations=0
04-11 20:03:55.736 I/TetherStatsReporting( 1891):   [30] iface=wlan0 uid=10042 set=DEFAULT tag=0x0 rxBytes=16587 rxPackets=32 txBytes=10067 txPackets=35 operations=0
04-11 20:03:55.736 I/TetherStatsReporting( 1891):   [31] iface=wlan0 uid=10042 set=FOREGROUND tag=0x0 rxBytes=0 rxPackets=0 txBytes=0 txPackets=0 operations=0
04-11 20:03:55.736 I/TetherStatsReporting( 1891):   [32] iface=wlan0 uid=10081 set=DEFAULT tag=0x0 rxBytes=6172 rxPackets=11 txBytes=2189 txPackets=12 operations=0
04-11 20:03:55.736 I/TetherStatsReporting( 1891):   [33] iface=wlan0 uid=10081 set=FOREGROUND tag=0x0 rxBytes=0 rxPackets=0 txBytes=0 txPackets=0 operations=0
04-11 20:03:55.736 I/TetherStatsReporting( 1891):   [34] iface=wlan0 uid=10092 set=DEFAULT tag=0x0 rxBytes=16199 rxP
04-11 20:03:55.736 I/TetherStatsReporting( 1891): combining tether stats
04-11 20:03:58.865 I/AccountManagerService( 1891): getTypesVisibleToCaller: isPermitted? true
04-11 20:03:59.233 V/AudioService( 1891): getActiveStreamType: Forcing STREAM_RING b/c default
04-11 20:03:59.260 I/SystemUI[Framework]( 1891): ==>disabled() what=0x3200000, token=android.os.BinderProxy@3ba5b88,  pkg=com.android.systemui
04-11 20:03:59.260 I/SystemUI[Framework]( 1891): StatusBar disabled: mDisabled1=0x3200000mDisabled2=0x0
04-11 20:03:59.260 I/SystemUI[Framework]( 1891): mDisableRecords.size=1
04-11 20:03:59.260 I/SystemUI[Framework]( 1891): StatusBar disabled: [0] userId=0 what1=0x3200000 what2=0x0, pkg=com.android.systemui, token=android.os.BinderProxy@3ba5b88
04-11 20:03:59.261 I/SystemUI[Framework]( 1891): ==>disabledNaviBtn() what=0x70006, token=android.os.BinderProxy@3ba5b88,  pkg=com.android.systemui
04-11 20:03:59.261 I/SystemUI[Framework]( 1891): disableNaviBtn: mDisabledNaviBtn=0x70006,  mDisableRecords.size=1
04-11 20:03:59.261 I/SystemUI[Framework]( 1891):   [0] userId=0, what=0x70006, pkg=com.android.systemui, token=android.os.BinderProxy@3ba5b88
04-11 20:03:59.271 I/PhoneWindowManagerEx( 1891): [PWM] sIsDimming=false, isDimChanging = false
04-11 20:03:59.271 I/PhoneWindowManagerEx( 1891): [PWM][updateSystemUiVisibilityLw] tmpColorNavigationBar=0x0
04-11 20:03:59.271 I/PhoneWindowManagerEx( 1891): [PWM][updateSystemUiVisibilityLw] mLastColorNavigationBar=0xff000000
04-11 20:03:59.271 I/SystemUI[Framework]( 1891): PhoneWindowManager.updateSystemUiVisibilityLw() :visibility=0x608600, pkg=com.android.systemui
04-11 20:03:59.271 I/PhoneWindowManagerEx( 1891): [PWM] sIsDimming=false, isDimChanging = false
04-11 20:03:59.272 I/PhoneWindowManagerEx( 1891): [PWM][updateSystemUiVisibilityLw] tmpColorNavigationBar=0x0
04-11 20:03:59.272 I/PhoneWindowManagerEx( 1891): [PWM][updateSystemUiVisibilityLw] mLastColorNavigationBar=0xff000000
04-11 20:03:59.274 I/SystemUI[Framework]( 1891): ==>disabledNaviBtn() what=0x0, token=android.os.Binder@a51467a,  pkg=Window{9dfd4f5 u0 StatusBar}
04-11 20:03:59.274 I/SystemUI[Framework]( 1891): disableNaviBtn: mDisabledNaviBtn=0x70006,  mDisableRecords.size=1
04-11 20:03:59.274 I/SystemUI[Framework]( 1891):   [0] userId=0, what=0x70006, pkg=com.android.systemui, token=android.os.BinderProxy@3ba5b88
04-11 20:03:59.290 D/InputDispatcher( 1891): Focus left window: Window{aa9d1b2 u0 pl.tablica/pl.olx.activities.OlxMainActivity}
04-11 20:03:59.290 D/InputDispatcher( 1891): Focus entered window: Window{9dfd4f5 u0 StatusBar}
04-11 20:03:59.292 I/PhoneWindowManagerEx( 1891): [PWM] sIsDimming=false, isDimChanging = false
04-11 20:03:59.292 I/PhoneWindowManagerEx( 1891): [PWM][updateSystemUiVisibilityLw] tmpColorNavigationBar=0x0
04-11 20:03:59.292 I/PhoneWindowManagerEx( 1891): [PWM][updateSystemUiVisibilityLw] mLastColorNavigationBar=0xff000000
04-11 20:03:59.320 I/PhoneWindowManagerEx( 1891): [PWM] sIsDimming=false, isDimChanging = false
