04-11 20:11:40.584 D/GsmSST  ( 3447): [GsmSST] Poll ServiceState done:  oldSS=[0 0 voice home data home Orange Orange 26003 Orange Orange 26003  UMTS HSPA CSS not supported -1 -1 RoamInd=-1 DefRoamInd=-1 EmergOnly=false IsDataRoamingFromRegistration=false mIsVoiceSearching=false mIsDataSearching=false mVoiceNetworkName=null mDataNetworkName=null Check64QAM0 Dual carrier0] newSS=[0 0 voice home data home Orange Orange 26003 Orange Orange 26003  UMTS HSPA CSS not supported -1 -1 RoamInd=-1 DefRoamInd=-1 EmergOnly=false IsDataRoamingFromRegistration=false mIsVoiceSearching=false mIsDataSearching=false mVoiceNetworkName=null mDataNetworkName=null Check64QAM0 Dual carrier0] oldMaxDataCalls=20 mNewMaxDataCalls=20 oldReasonDataDenied=-1 mNewReasonDataDenied=-1
04-11 20:11:40.584 D/PHONE   ( 3447): [ServiceState] setNullState=1
04-11 20:11:40.592 D/RILJ    ( 3447): [4890]> REQUEST_GET_NEIGHBORING_CELL_IDS [SUB0]
04-11 20:11:40.593 D/RILC    (  370): SOCKET RIL_SOCKET_1 REQUEST: GET_NEIGHBORING_CELL_IDS length:8
04-11 20:11:40.594 I/RILQ    (  370): (0/370):RIL[0][main] qcril_qmi_nas_get_neighboring_cell_ids: completed with 0
04-11 20:11:40.597 I/RILQ    (  370): (0/370):RIL[0][qmi_cb] qcril_qmi_nas_get_neighboring_cells_cb: .. qmi error 0, resultqmi  0, qmi transp_err 0, ril res 0
04-11 20:11:40.598 D/RILC    (  370): RequestComplete, RIL_SOCKET_1
04-11 20:11:40.598 E/RILC    (  370): Send Response to RIL_SOCKET_1
04-11 20:11:40.598 E/RILC    (  370): RIL Response bytes written:4
04-11 20:11:40.598 E/RILC    (  370): RIL Response bytes written:184
04-11 20:11:40.598 I/RILQ    (  370): (0/370):RIL[0][qmi_cb] qcril_qmi_nas_get_neighboring_cells_cb: completed with 0 with 6 entries
04-11 20:11:40.600 D/RILJ    ( 3447): [4890]< REQUEST_GET_NEIGHBORING_CELL_IDS {[[17e@-91]] [[126@-92]] [[3e@-92]] [[128@-95]] [[14@-95]] [[121@-100]] } [SUB0]
04-11 20:11:40.604 D/RILJ    ( 3447): [4891]> RIL_REQUEST_GET_CELL_INFO_LIST [SUB0]
04-11 20:11:40.605 D/RILC    (  370): SOCKET RIL_SOCKET_1 REQUEST: GET_CELL_INFO_LIST length:8
04-11 20:11:40.608 D/RILC    (  370): RequestComplete, RIL_SOCKET_1
04-11 20:11:40.608 E/RILC    (  370): Send Response to RIL_SOCKET_1
04-11 20:11:40.608 E/RILC    (  370): RIL Response bytes written:4
04-11 20:11:40.609 D/RILJ    ( 3447): [4891]< RIL_REQUEST_GET_CELL_INFO_LIST [CellInfoWcdma:{mRegistered=YES mTimeStampType=oem_ril mTimeStamp=1199320815474ns CellIdentityWcdma:{ mMcc=260 mMnc=3 mLac=57330 mCid=46057510 mPsc=472} CellSignalStrengthWcdma: ss=16 ber=99}, CellInfoWcdma:{mRegistered=NO mTimeStampType=oem_ril mTimeStamp=1199320815474ns CellIdentityWcdma:{ mMcc=2147483647 mMnc=2147483647 mLac=2147483647 mCid=2147483647 mPsc=382} CellSignalStrengthWcdma: ss=11 ber=99}, CellInfoWcdma:{mRegistered=NO mTimeStampType=oem_ril mTimeStamp=1199320815474ns CellIdentityWcdma:{ mMcc=2147483647 mMnc=2147483647 mLac=2147483647 mCid=2147483647 mPsc=294} CellSignalStrengthWcdma: ss=11 ber=99}, CellInfoWcdma:{mRegistered=NO mTimeStampType=oem_ril mTimeStamp=1199320815474ns CellIdentityWcdma:{ mMcc=2147483647 mMnc=2147483647 mLac=2147483647 mCid=2147483647 mPsc=62} CellSignalStrengthWcdma: ss=11 ber=99}, CellInfoWcdma:{mRegistered=NO mTimeStampType=oem_ril mTimeStamp=1199320815474ns CellIdentityWcdma:{ mMcc=2147483647 mMnc=2147483647 mLac=2147483647 mCid=2147483647 mPsc=296} CellSignalStrengthWcdma: ss=9 ber=99}, CellInfoWcdma:{mRegistered=NO mTimeStampType=oem_ril mTimeStamp=1199320815474ns CellIdentityWcdma:{ mMcc=2147483647 mMnc=2147483647 mLac=2147483647 mCid=2147483647 mPsc=20} CellSignalStrengthWcdma: ss=9 ber=99}, CellInfoWcdma:{mRegistered=NO mTimeStampType=oem_ril mTimeStamp=1199320815474ns CellIdentityWcdma:{ mMcc=2147483647 mMnc=2147483647 mLac=2147483647 mCid=2147483647 mPsc=289} CellSignalStrengthWcdma: ss=7 ber=99}] [SUB0]
04-11 20:11:40.609 E/RILC    (  370): RIL Response bytes written:352
04-11 20:11:40.611 D/GsmSST  ( 3447): [GsmSST] SST.getAllCellInfo(): X size=7 list=[CellInfoWcdma:{mRegistered=YES mTimeStampType=oem_ril mTimeStamp=1199320815474ns CellIdentityWcdma:{ mMcc=260 mMnc=3 mLac=57330 mCid=46057510 mPsc=472} CellSignalStrengthWcdma: ss=16 ber=99}, CellInfoWcdma:{mRegistered=NO mTimeStampType=oem_ril mTimeStamp=1199320815474ns CellIdentityWcdma:{ mMcc=2147483647 mMnc=2147483647 mLac=2147483647 mCid=2147483647 mPsc=382} CellSignalStrengthWcdma: ss=11 ber=99}, CellInfoWcdma:{mRegistered=NO mTimeStampType=oem_ril mTimeStamp=1199320815474ns CellIdentityWcdma:{ mMcc=2147483647 mMnc=2147483647 mLac=2147483647 mCid=2147483647 mPsc=294} CellSignalStrengthWcdma: ss=11 ber=99}, CellInfoWcdma:{mRegistered=NO mTimeStampType=oem_ril mTimeStamp=1199320815474ns CellIdentityWcdma:{ mMcc=2147483647 mMnc=2147483647 mLac=2147483647 mCid=2147483647 mPsc=62} CellSignalStrengthWcdma: ss=11 ber=99}, CellInfoWcdma:{mRegistered=NO mTimeStampType=oem_ril mTimeStamp=1199320815474ns CellIdentityWcdma:{ mMcc=2147483647 mMnc=2147483647 mLac=2147483647 mCid=2147483647 mPsc=296} CellSignalStrengthWcdma: ss=9 ber=99}, CellInfoWcdma:{mRegistered=NO mTimeStampType=oem_ril mTimeStamp=1199320815474ns CellIdentityWcdma:{ mMcc=2147483647 mMnc=2147483647 mLac=2147483647 mCid=2147483647 mPsc=20} CellSignalStrengthWcdma: ss=9 ber=99}, CellInfoWcdma:{mRegistered=NO mTimeStampType=oem_ril mTimeStamp=1199320815474ns CellIdentityWcdma:{ mMcc=2147483647 mMnc=2147483647 mLac=2147483647 mCid=2147483647 mPsc=289} CellSignalStrengthWcdma: ss=7 ber=99}]
04-11 20:11:40.614 D/GsmSST  ( 3447): [GsmSST] getCellLocation(): X good mCellLoc=[57330,46057510,472]
04-11 20:11:42.389 I/RILC    (  370): RIL_SOCKET_1 UNSOLICITED: RIL_UNSOL_LTE_REJECT_CAUSE length:16
04-11 20:11:42.389 E/RILC    (  370): Send Response to RIL_SOCKET_1
04-11 20:11:42.389 E/RILC    (  370): RIL Response bytes written:4
04-11 20:11:42.390 D/RILJ    ( 3447): [UNSL]< RIL_UNSOL_LTE_REJECT_CAUSE {15} [SUB0]
04-11 20:11:42.390 E/RILC    (  370): RIL Response bytes written:16
04-11 20:11:42.394 I/RILC    (  370): RIL_SOCKET_1 UNSOLICITED: UNSOL_OEM_HOOK_RAW length:32
04-11 20:11:42.394 E/RILC    (  370): Send Response to RIL_SOCKET_1
04-11 20:11:42.394 E/RILC    (  370): RIL Response bytes written:4
04-11 20:11:42.394 V/RILJ    ( 3447): [UNSL]< UNSOL_OEM_HOOK_RAW 514f454d484f4f4bef0308000100000002 [SUB0]
04-11 20:11:42.394 D/RILJ    ( 3447): Oem ID in RIL_UNSOL_OEM_HOOK_RAW is QOEMHOOK
04-11 20:11:42.394 D/RILJ    ( 3447): OEM ID check Passed
04-11 20:11:42.394 D/RILJ    ( 3447): Response ID in RIL_UNSOL_OEM_HOOK_RAW is 525295
04-11 20:11:42.394 D/RILJ    ( 3447): Response ID 525295 is not served in this process.
04-11 20:11:42.394 E/RILC    (  370): RIL Response bytes written:32
04-11 20:11:42.397 I/RILC    (  370): RIL_SOCKET_1 UNSOLICITED: UNSOL_RESPONSE_VOICE_NETWORK_STATE_CHANGED length:8
04-11 20:11:42.397 E/RILC    (  370): Send Response to RIL_SOCKET_1
04-11 20:11:42.397 E/RILC    (  370): RIL Response bytes written:4
04-11 20:11:42.397 D/RILJ    ( 3447): [UNSL]< UNSOL_RESPONSE_VOICE_NETWORK_STATE_CHANGED [SUB0]
04-11 20:11:42.397 D/RILJ    ( 3447): [4892]> OPERATOR [SUB0]
04-11 20:11:42.397 E/RILC    (  370): RIL Response bytes written:8
04-11 20:11:42.398 D/RILJ    ( 3447): [4893]> DATA_REGISTRATION_STATE [SUB0]
04-11 20:11:42.399 D/RILC    (  370): SOCKET RIL_SOCKET_1 REQUEST: OPERATOR length:8
04-11 20:11:42.401 D/RILJ    ( 3447): [4894]> VOICE_REGISTRATION_STATE [SUB0]
04-11 20:11:42.401 D/RILC    (  370): SOCKET RIL_SOCKET_1 REQUEST: DATA_REGISTRATION_STATE length:8
04-11 20:11:42.402 D/RILJ    ( 3447): [4895]> QUERY_NETWORK_SELECTION_MODE [SUB0]
04-11 20:11:42.403 D/RILC    (  370): SOCKET RIL_SOCKET_1 REQUEST: VOICE_REGISTRATION_STATE length:8
04-11 20:11:42.405 D/RILC    (  370): SOCKET RIL_SOCKET_1 REQUEST: QUERY_NETWORK_SELECTION_MODE length:8
04-11 20:11:42.413 D/RILC    (  370): RequestComplete, RIL_SOCKET_1
04-11 20:11:42.414 E/RILC    (  370): Send Response to RIL_SOCKET_1
04-11 20:11:42.414 E/RILC    (  370): RIL Response bytes written:4
04-11 20:11:42.414 E/RILC    (  370): RIL Response bytes written:72
04-11 20:11:42.417 D/RILC    (  370): RequestComplete, RIL_SOCKET_1
04-11 20:11:42.417 E/RILC    (  370): Send Response to RIL_SOCKET_1
04-11 20:11:42.417 E/RILC    (  370): RIL Response bytes written:4
04-11 20:11:42.417 E/RILC    (  370): RIL Response bytes written:120
04-11 20:11:42.418 D/RILJ    ( 3447): [4892]< OPERATOR {Orange, Orange, 26003} [SUB0]
04-11 20:11:42.418 D/RILJ    ( 3447): [4893]< DATA_REGISTRATION_STATE {1, dff2, 02bec826, 11, null, 20, null, null, null, null, null, 0} [SUB0]
04-11 20:11:42.419 D/GsmSST  ( 3447): isSFROperators result = false
04-11 20:11:42.419 D/PHONE   ( 3447): [ServiceState] setDataRegState=0
04-11 20:11:42.419 D/PHONE   ( 3447): [ServiceState] setDataRadioTechnology=11
04-11 20:11:42.419 D/GsmSST  ( 3447): [GsmSST] LOGRadioInfo : In Service
04-11 20:11:42.419 D/GsmSST  ( 3447): [GsmSST] handlPollStateResultMessage: GsmSST setDataRegState=0 regState=1 dataRadioTechnology=11
04-11 20:11:42.419 D/RILC    (  370): RequestComplete, RIL_SOCKET_1
04-11 20:11:42.420 E/RILC    (  370): Send Response to RIL_SOCKET_1
04-11 20:11:42.420 E/RILC    (  370): RIL Response bytes written:4
04-11 20:11:42.420 E/RILC    (  370): RIL Response bytes written:136
04-11 20:11:42.421 D/RILJ    ( 3447): [4894]< VOICE_REGISTRATION_STATE {1, dff2, 02bec826, 3, null, null, null, 0, null, null, 1, null, null, 0, 1d8} [SUB0]
04-11 20:11:42.421 D/PHONE   ( 3447): [ServiceState] setVoiceRegState=0
04-11 20:11:42.421 E/PHONE   ( 3447): [ServiceState] setState deprecated use setVoiceRegState()
04-11 20:11:42.421 D/GsmSST  ( 3447): [GsmSST] LOGRadioInfo : In Service
04-11 20:11:42.421 D/RILC    (  370): RequestComplete, RIL_SOCKET_1
04-11 20:11:42.421 E/RILC    (  370): Send Response to RIL_SOCKET_1
04-11 20:11:42.422 E/RILC    (  370): RIL Response bytes written:4
04-11 20:11:42.422 D/RILJ    ( 3447): [4895]< QUERY_NETWORK_SELECTION_MODE {0} [SUB0]
04-11 20:11:42.425 D/GsmSST  ( 3447): [GsmSST] Poll ServiceState done:  oldSS=[0 0 voice home data home Orange Orange 26003 Orange Orange 26003  UMTS HSPA CSS not supported -1 -1 RoamInd=-1 DefRoamInd=-1 EmergOnly=false IsDataRoamingFromRegistration=false mIsVoiceSearching=false mIsDataSearching=false mVoiceNetworkName=null mDataNetworkName=null Check64QAM0 Dual carrier0] newSS=[0 0 voice home data home Orange Orange 26003 Orange Orange 26003  UMTS HSPA CSS not supported -1 -1 RoamInd=-1 DefRoamInd=-1 EmergOnly=false IsDataRoamingFromRegistration=false mIsVoiceSearching=false mIsDataSearching=false mVoiceNetworkName=null mDataNetworkName=null Check64QAM0 Dual carrier0] oldMaxDataCalls=20 mNewMaxDataCalls=20 oldReasonDataDenied=-1 mNewReasonDataDenied=-1
04-11 20:11:42.425 D/PHONE   ( 3447): [ServiceState] setNullState=1
04-11 20:11:42.425 E/RILC    (  370): RIL Response bytes written:20
04-11 20:11:43.043 I/RILC    (  370): RIL_SOCKET_1 UNSOLICITED: RIL_UNSOL_LTE_REJECT_CAUSE length:16
04-11 20:11:43.043 E/RILC    (  370): Send Response to RIL_SOCKET_1
04-11 20:11:43.043 E/RILC    (  370): RIL Response bytes written:4
04-11 20:11:43.043 E/RILC    (  370): RIL Response bytes written:16
04-11 20:11:43.044 D/RILJ    ( 3447): [UNSL]< RIL_UNSOL_LTE_REJECT_CAUSE {15} [SUB0]
04-11 20:11:43.045 I/RILC    (  370): RIL_SOCKET_1 UNSOLICITED: UNSOL_OEM_HOOK_RAW length:32
04-11 20:11:43.045 E/RILC    (  370): Send Response to RIL_SOCKET_1
04-11 20:11:43.045 E/RILC    (  370): RIL Response bytes written:4
04-11 20:11:43.045 E/RILC    (  370): RIL Response bytes written:32
04-11 20:11:43.047 V/RILJ    ( 3447): [UNSL]< UNSOL_OEM_HOOK_RAW 514f454d484f4f4bef0308000100000002 [SUB0]
04-11 20:11:43.047 D/RILJ    ( 3447): Oem ID in RIL_UNSOL_OEM_HOOK_RAW is QOEMHOOK
04-11 20:11:43.047 D/RILJ    ( 3447): OEM ID check Passed
04-11 20:11:43.047 D/RILJ    ( 3447): Response ID in RIL_UNSOL_OEM_HOOK_RAW is 525295
04-11 20:11:43.047 D/RILJ    ( 3447): Response ID 525295 is not served in this process.
04-11 20:11:43.048 I/RILC    (  370): RIL_SOCKET_1 UNSOLICITED: UNSOL_RESPONSE_VOICE_NETWORK_STATE_CHANGED length:8
04-11 20:11:43.048 E/RILC    (  370): Send Response to RIL_SOCKET_1
04-11 20:11:43.048 E/RILC    (  370): RIL Response bytes written:4
04-11 20:11:43.048 D/RILJ    ( 3447): [UNSL]< UNSOL_RESPONSE_VOICE_NETWORK_STATE_CHANGED [SUB0]
04-11 20:11:43.048 E/RILC    (  370): RIL Response bytes written:8
04-11 20:11:43.049 D/RILJ    ( 3447): [4896]> OPERATOR [SUB0]
04-11 20:11:43.050 D/RILJ    ( 3447): [4897]> DATA_REGISTRATION_STATE [SUB0]
04-11 20:11:43.050 D/RILC    (  370): SOCKET RIL_SOCKET_1 REQUEST: OPERATOR length:8
04-11 20:11:43.050 I/RILQ    (  370): (0/370):RIL[0][event] qcril_arb_set_dsd_sys_status: old_pref_data 1 - new_data_pref 1
04-11 20:11:43.050 I/RILQ    (  370): (0/370):RIL[0][event] qcril_arb_set_dsd_sys_status: preferred dsd_sys_status nw=0x0, rat_value=0x1, so_mask=0x0000000000000015
04-11 20:11:43.050 I/RILQ    (  370): (0/370):RIL[0][event] qcril_arb_set_dsd_sys_status: preferred 1 - dsd_sys_status nw=0x0, rat_value=0x1, so_mask=0x0000000000000015
04-11 20:11:43.050 I/RILQ    (  370): (0/370):RIL[0][event] qcril_arb_set_dsd_sys_status: is_wwan_available 0
04-11 20:11:43.052 D/RILJ    ( 3447): [4898]> VOICE_REGISTRATION_STATE [SUB0]
04-11 20:11:43.052 I/RILC    (  370): RIL_SOCKET_1 UNSOLICITED: UNSOL_OEM_HOOK_RAW length:32
04-11 20:11:43.052 E/RILC    (  370): Send Response to RIL_SOCKET_1
04-11 20:11:43.052 E/RILC    (  370): RIL Response bytes written:4
04-11 20:11:43.053 V/RILJ    ( 3447): [UNSL]< UNSOL_OEM_HOOK_RAW 514f454d484f4f4bfa0308000100000000 [SUB0]
04-11 20:11:43.053 D/RILJ    ( 3447): Oem ID in RIL_UNSOL_OEM_HOOK_RAW is QOEMHOOK
04-11 20:11:43.053 D/RILJ    ( 3447): OEM ID check Passed
04-11 20:11:43.053 D/RILJ    ( 3447): Response ID in RIL_UNSOL_OEM_HOOK_RAW is 525306
04-11 20:11:43.053 D/RILJ    ( 3447): WWAN, IWLAN coexistence notified to registrants
04-11 20:11:43.053 E/RILC    (  370): RIL Response bytes written:32
04-11 20:11:43.054 D/RILC    (  370): SOCKET RIL_SOCKET_1 REQUEST: DATA_REGISTRATION_STATE length:8
04-11 20:11:43.054 D/RILJ    ( 3447): [4899]> QUERY_NETWORK_SELECTION_MODE [SUB0]
04-11 20:11:43.057 D/RILC    (  370): SOCKET RIL_SOCKET_1 REQUEST: VOICE_REGISTRATION_STATE length:8
04-11 20:11:43.058 D/RILC    (  370): SOCKET RIL_SOCKET_1 REQUEST: QUERY_NETWORK_SELECTION_MODE length:8
04-11 20:11:43.061 I/RILC    (  370): RIL_SOCKET_1 UNSOLICITED: RIL_UNSOL_LTE_REJECT_CAUSE length:16
04-11 20:11:43.061 E/RILC    (  370): Send Response to RIL_SOCKET_1
04-11 20:11:43.061 E/RILC    (  370): RIL Response bytes written:4
04-11 20:11:43.061 E/RILC    (  370): RIL Response bytes written:16
04-11 20:11:43.061 D/RILJ    ( 3447): [UNSL]< RIL_UNSOL_LTE_REJECT_CAUSE {15} [SUB0]
04-11 20:11:43.063 I/RILC    (  370): RIL_SOCKET_1 UNSOLICITED: UNSOL_RESPONSE_VOICE_NETWORK_STATE_CHANGED length:8
04-11 20:11:43.063 E/RILC    (  370): Send Response to RIL_SOCKET_1
04-11 20:11:43.066 E/RILC    (  370): RIL Response bytes written:4
04-11 20:11:43.067 E/RILC    (  370): RIL Response bytes written:8
04-11 20:11:43.067 D/RILJ    ( 3447): [UNSL]< UNSOL_RESPONSE_VOICE_NETWORK_STATE_CHANGED [SUB0]
04-11 20:11:43.067 D/RILJ    ( 3447): [4900]> OPERATOR [SUB0]
04-11 20:11:43.068 I/RILC    (  370): RIL_SOCKET_1 UNSOLICITED: UNSOL_DATA_CALL_LIST_CHANGED length:428
04-11 20:11:43.069 E/RILC    (  370): Send Response to RIL_SOCKET_1
04-11 20:11:43.069 E/RILC    (  370): RIL Response bytes written:4
04-11 20:11:43.069 D/RILJ    ( 3447): responseDataCallList ver=11 num=1 [SUB0]
04-11 20:11:43.069 D/RILJ    ( 3447): getDataCallResponse before ver=11 [SUB0]
04-11 20:11:43.069 D/RILC    (  370): SOCKET RIL_SOCKET_1 REQUEST: OPERATOR length:8
04-11 20:11:43.069 D/RILJ    ( 3447): [UNSL]< UNSOL_DATA_CALL_LIST_CHANGED [DataCallResponse: {version=11 status=0 retry=-1 cid=0 active=2 type=IPV6 ifname=rmnet_data0 mtu=1500 addresses=[2a00:0f41:509d:3c49:86de:75f7:213a:3588/64] dnses=[2a01:1700:0003:ffff:0000:0000:0000:9822,2a01:1700:0002:ffff:0000:0000:0000:9f01] gateways=[fe80:0000:0000:0000:88b0:3588:9bd1:5a35] pcscf=[]}] [SUB0]
04-11 20:11:43.070 E/RILC    (  370): RIL Response bytes written:428
04-11 20:11:43.070 I/LG-FASTDORMANCY( 3447): [IDLE] Data call list changed.
04-11 20:11:43.070 I/LG-FASTDORMANCY( 3447): [IDLE] [DataCallResponse: {version=11 status=0 retry=-1 cid=0 active=2 type=IPV6 ifname=rmnet_data0 mtu=1500 addresses=[2a00:0f41:509d:3c49:86de:75f7:213a:3588/64] dnses=[2a01:1700:0003:ffff:0000:0000:0000:9822,2a01:1700:0002:ffff:0000:0000:0000:9f01] gateways=[fe80:0000:0000:0000:88b0:3588:9bd1:5a35] pcscf=[]}]
04-11 20:11:43.070 D/RILJ    ( 3447): [4901]> DATA_REGISTRATION_STATE [SUB0]
04-11 20:11:43.070 I/LG-FASTDORMANCY( 3447): [IDLE] prev:[IDLE] , curr:false
04-11 20:11:43.072 D/QtiGsmDCT( 3447): [0]fetchDunApn: Ignore the dun apn in settings.db
04-11 20:11:43.073 D/RILJ    ( 3447): [4902]> VOICE_REGISTRATION_STATE [SUB0]
04-11 20:11:43.073 D/LG-FASTDORMANCY( 3447): [IDLE] isUMTS(): RadioTech(10)
04-11 20:11:43.074 D/RILC    (  370): SOCKET RIL_SOCKET_1 REQUEST: DATA_REGISTRATION_STATE length:8
04-11 20:11:43.074 D/LG-FASTDORMANCY( 3447): [IDLE] Exit from IDLE State
04-11 20:11:43.074 D/LG-FASTDORMANCY( 3447): [DCH/FACH] FDCount : 0 Enter to DCH or FACH State
04-11 20:11:43.075 D/RILJ    ( 3447): [4903]> QUERY_NETWORK_SELECTION_MODE [SUB0]
04-11 20:11:43.076 D/RILC    (  370): RequestComplete, RIL_SOCKET_1
04-11 20:11:43.076 E/RILC    (  370): Send Response to RIL_SOCKET_1
04-11 20:11:43.076 D/RILC    (  370): SOCKET RIL_SOCKET_1 REQUEST: VOICE_REGISTRATION_STATE length:8
04-11 20:11:43.076 E/RILC    (  370): RIL Response bytes written:4
04-11 20:11:43.076 E/RILC    (  370): RIL Response bytes written:136
04-11 20:11:43.077 D/QtiGsmDCT( 3447): [0]QtiDcTracker handleMessage msg={ when=-7ms what=270340 obj=android.os.AsyncResult@f4df6c1 target=com.qti.internal.telephony.dataconnection.QtiDcTracker }
04-11 20:11:43.077 D/QtiGsmDCT( 3447): [0]handleMessage msg={ when=-7ms what=270340 obj=android.os.AsyncResult@f4df6c1 target=com.qti.internal.telephony.dataconnection.QtiDcTracker }
04-11 20:11:43.077 E/DATA    ( 3447): Unidentified event msg={ when=-7ms what=270340 obj=android.os.AsyncResult@f4df6c1 target=com.qti.internal.telephony.dataconnection.QtiDcTracker }
04-11 20:11:43.078 D/LG-FASTDORMANCY( 3447): [DCH/FACH] FDCount : 0 isUMTS(): RadioTech(10)
04-11 20:11:43.078 I/LG-FASTDORMANCY( 3447): [DCH/FACH] FDCount : 0 Scheduling checkNetStat for 1000msec, current state is [DCH/FACH] FDCount : 0 
04-11 20:11:43.079 D/RILJ    ( 3447): [4898]< VOICE_REGISTRATION_STATE {1, dff2, 02bec826, 3, null, null, null, 0, null, null, 1, null, null, 0, 1d8} [SUB0]
04-11 20:11:43.082 D/RILC    (  370): RequestComplete, RIL_SOCKET_1
04-11 20:11:43.082 E/RILC    (  370): Send Response to RIL_SOCKET_1
04-11 20:11:43.083 E/RILC    (  370): RIL Response bytes written:4
04-11 20:11:43.083 D/RILJ    ( 3447): [4896]< OPERATOR {Orange, Orange, 26003} [SUB0]
04-11 20:11:43.083 E/RILC    (  370): RIL Response bytes written:72
04-11 20:11:43.083 D/RILC    (  370): RequestComplete, RIL_SOCKET_1
04-11 20:11:43.083 E/RILC    (  370): Send Response to RIL_SOCKET_1
04-11 20:11:43.083 E/RILC    (  370): RIL Response bytes written:4
04-11 20:11:43.083 E/RILC    (  370): RIL Response bytes written:72
04-11 20:11:43.084 D/RILJ    ( 3447): [4900]< OPERATOR {Orange, Orange, 26003} [SUB0]
04-11 20:11:43.085 D/RILC    (  370): RequestComplete, RIL_SOCKET_1
04-11 20:11:43.085 E/RILC    (  370): Send Response to RIL_SOCKET_1
04-11 20:11:43.085 E/RILC    (  370): RIL Response bytes written:4
04-11 20:11:43.085 D/RILC    (  370): SOCKET RIL_SOCKET_1 REQUEST: QUERY_NETWORK_SELECTION_MODE length:8
04-11 20:11:43.085 E/RILC    (  370): RIL Response bytes written:120
04-11 20:11:43.085 D/RILC    (  370): RequestComplete, RIL_SOCKET_1
04-11 20:11:43.085 E/RILC    (  370): Send Response to RIL_SOCKET_1
04-11 20:11:43.085 E/RILC    (  370): RIL Response bytes written:4
04-11 20:11:43.085 E/RILC    (  370): RIL Response bytes written:120
04-11 20:11:43.085 D/RILJ    ( 3447): [4897]< DATA_REGISTRATION_STATE {1, dff2, 02bec826, 15, null, 20, null, null, null, null, null, 0} [SUB0]
04-11 20:11:43.086 D/RILJ    ( 3447): [4901]< DATA_REGISTRATION_STATE {1, dff2, 02bec826, 15, null, 20, null, null, null, null, null, 0} [SUB0]
04-11 20:11:43.086 D/GsmSST  ( 3447): isSFROperators result = false
04-11 20:11:43.086 D/PHONE   ( 3447): [ServiceState] setDataRegState=0
04-11 20:11:43.086 D/PHONE   ( 3447): [ServiceState] setDataRadioTechnology=15
04-11 20:11:43.086 D/GsmSST  ( 3447): [GsmSST] LOGRadioInfo : In Service
04-11 20:11:43.086 D/GsmSST  ( 3447): [GsmSST] handlPollStateResultMessage: GsmSST setDataRegState=0 regState=1 dataRadioTechnology=15
04-11 20:11:43.087 D/RILC    (  370): RequestComplete, RIL_SOCKET_1
04-11 20:11:43.087 E/RILC    (  370): Send Response to RIL_SOCKET_1
04-11 20:11:43.087 E/RILC    (  370): RIL Response bytes written:4
04-11 20:11:43.087 E/RILC    (  370): RIL Response bytes written:20
04-11 20:11:43.087 D/RILJ    ( 3447): [4899]< QUERY_NETWORK_SELECTION_MODE {0} [SUB0]
04-11 20:11:43.090 D/RILC    (  370): RequestComplete, RIL_SOCKET_1
04-11 20:11:43.090 E/RILC    (  370): Send Response to RIL_SOCKET_1
04-11 20:11:43.090 E/RILC    (  370): RIL Response bytes written:4
04-11 20:11:43.090 E/RILC    (  370): RIL Response bytes written:136
04-11 20:11:43.090 D/RILJ    ( 3447): [4902]< VOICE_REGISTRATION_STATE {1, dff2, 02bec826, 3, null, null, null, 0, null, null, 1, null, null, 0, 1d8} [SUB0]
04-11 20:11:43.090 D/PHONE   ( 3447): [ServiceState] setVoiceRegState=0
04-11 20:11:43.090 E/PHONE   ( 3447): [ServiceState] setState deprecated use setVoiceRegState()
04-11 20:11:43.090 D/GsmSST  ( 3447): [GsmSST] LOGRadioInfo : In Service
04-11 20:11:43.091 D/RILC    (  370): RequestComplete, RIL_SOCKET_1
04-11 20:11:43.091 E/RILC    (  370): Send Response to RIL_SOCKET_1
04-11 20:11:43.091 E/RILC    (  370): RIL Response bytes written:4
04-11 20:11:43.091 E/RILC    (  370): RIL Response bytes written:20
04-11 20:11:43.092 D/RILJ    ( 3447): [4903]< QUERY_NETWORK_SELECTION_MODE {0} [SUB0]
04-11 20:11:43.095 D/GsmSST  ( 3447): [GsmSST] Poll ServiceState done:  oldSS=[0 0 voice home data home Orange Orange 26003 Orange Orange 26003  UMTS HSPA CSS not supported -1 -1 RoamInd=-1 DefRoamInd=-1 EmergOnly=false IsDataRoamingFromRegistration=false mIsVoiceSearching=false mIsDataSearching=false mVoiceNetworkName=null mDataNetworkName=null Check64QAM0 Dual carrier0] newSS=[0 0 voice home data home Orange Orange 26003 Orange Orange 26003  UMTS HSPAP CSS not supported -1 -1 RoamInd=-1 DefRoamInd=-1 EmergOnly=false IsDataRoamingFromRegistration=false mIsVoiceSearching=false mIsDataSearching=false mVoiceNetworkName=null mDataNetworkName=null Check64QAM0 Dual carrier0] oldMaxDataCalls=20 mNewMaxDataCalls=20 oldReasonDataDenied=-1 mNewReasonDataDenied=-1
04-11 20:11:43.095 D/PHONE   ( 3447): [ServiceState] setNullState=1
04-11 20:11:43.095 D/TelephonyManager( 3447): setTelephonyProperty: success phoneId=0 property=gsm.network.type value: UMTS propVal=UMTS
04-11 20:11:43.096 D/SIMRecords( 3447): [SIMRecords] getServiceProviderName: no brandOverride
04-11 20:11:43.096 D/SIMRecords( 3447): [SIMRecords] getServiceProviderName: providerName=Orange
04-11 20:11:43.096 D/SIMRecords( 3447): [SIMRecords] getServiceProviderName: no brandOverride
04-11 20:11:43.096 D/SIMRecords( 3447): [SIMRecords] getServiceProviderName: providerName=Orange
04-11 20:11:43.096 D/GSMPhoneEx( 3447): grandblue SpnMvno = Orange operator = 26003 simMcc  = 260 simMnc  = 03
04-11 20:11:43.096 D/GSMPhoneEx( 3447): grandblue after SpnMvno = Orange operator = 26003 simMcc  = 260 simMnc  = 03
04-11 20:11:43.097 D/TelephonyManager( 3447): setTelephonyProperty: success phoneId=0 property=gsm.operator.alpha value: Orange propVal=Orange
04-11 20:11:43.098 D/TelephonyManager( 3447): setTelephonyProperty: success phoneId=0 property=gsm.operator.numeric value: 26003 propVal=26003
04-11 20:11:43.099 D/TelephonyManager( 3447): setTelephonyProperty: success phoneId=0 property=gsm.operator.iso-country value: pl propVal=pl
04-11 20:11:43.100 D/GsmSST  ( 3447): [GsmSST] shouldFixTimeZoneNow: retVal=false iccCardExist=true operatorNumeric=26003 mcc=260 prevOperatorNumeric=26003 prevMcc=260 needToFixTimeZone=false ltod=04-11 20:11:43.100
04-11 20:11:43.100 D/TelephonyManager( 3447): setTelephonyProperty: success phoneId=0 property=gsm.operator.isroaming value: false propVal=false
04-11 20:11:43.101 D/TelephonyManager( 3447): setTelephonyProperty: success phoneId=0 property=ril.cdma.voiceinservice value: true propVal=true
04-11 20:11:43.102 D/GsmSST  ( 3447): [GsmSST] Broadcasting ServiceState : 0 0 voice home data home Orange Orange 26003 Orange Orange 26003  UMTS HSPAP CSS not supported -1 -1 RoamInd=-1 DefRoamInd=-1 EmergOnly=false IsDataRoamingFromRegistration=false mIsVoiceSearching=false mIsDataSearching=false mVoiceNetworkName=null mDataNetworkName=null Check64QAM0 Dual carrier0
04-11 20:11:43.102 D/DefaultPhoneNotifier( 3447): nofityServiceState: mRegistry=com.android.internal.telephony.ITelephonyRegistry$Stub$Proxy@ced2ad0 ss=0 0 voice home data home Orange Orange 26003 Orange Orange 26003  UMTS HSPAP CSS not supported -1 -1 RoamInd=-1 DefRoamInd=-1 EmergOnly=false IsDataRoamingFromRegistration=false mIsVoiceSearching=false mIsDataSearching=false mVoiceNetworkName=null mDataNetworkName=null Check64QAM0 Dual carrier0 sender=Handler (com.qti.internal.telephony.gsm.QtiGSMPhone) {560d91e} phondId=0 subId=2
04-11 20:11:43.112 D/SubscriptionManager( 1891): getSimStateForSubscriber: simState=5 slotIdx=0
04-11 20:11:43.113 D/GsmSST  ( 3447): [GsmSST] notifyDataRegStateRilRadioTechnologyChanged: drs=0 rat=15
04-11 20:11:43.114 D/TelephonyManager( 3447): setTelephonyProperty: success phoneId=0 property=gsm.network.type value: HSPAP propVal=HSPAP
04-11 20:11:43.117 D/QtiGsmDCT( 3447): [0]get all active apn types
04-11 20:11:43.119 D/QtiGsmDCT( 3447): [0]return link properites for default
04-11 20:11:43.120 D/QtiGsmDCT( 3447): [0]getDataEnabled: getIntWithSubId retVal=true
04-11 20:11:43.131 D/QtiGsmDCT( 3447): [0]fetchDunApn: config_tether_apndata dunSetting=null
04-11 20:11:43.131 D/DC-1    ( 3447): isInternetRequested = true
04-11 20:11:43.132 D/Dcc     ( 3447): onDataStateChanged: dcsList=[DataCallResponse: {version=11 status=0 retry=-1 cid=0 active=2 type=IPV6 ifname=rmnet_data0 mtu=1500 addresses=[2a00:0f41:509d:3c49:86de:75f7:213a:3588/64] dnses=[2a01:1700:0003:ffff:0000:0000:0000:9822,2a01:1700:0002:ffff:0000:0000:0000:9f01] gateways=[fe80:0000:0000:0000:88b0:3588:9bd1:5a35] pcscf=[]}] mDcListActiveByCid={0={DC-1: State=DcActiveState mApnSetting=[ApnSettingV3] Orange Internet, 695, 26003, internetipv6, , , , , , 1, default | dun | hipri | supl, IPV6, IP, true, 0, 0, 1, false, 0, 0, 0, 0, , , 0, ,  RefCount=1 mCid=0 mCreateTime=-1 mLastastFailTime=-1 mLastFailCause=NONE mTag=2 mRetryManager=RetryManager: { forever=false maxRetry=10 curMaxRetry=0 retry=0 config={default_randomization=2000,5000,10000,20000,40000,80000:5000,160000:5000,320000:5000,640000:5000,1280000:5000,1800000:5000} retryArray={5000:2000 10000:2000 20000:2000 40000:2000 80000:5000 160000:5000 320000:5000 640000:5000 1280000:5000 1800000:5000 }} mLinkProperties={InterfaceName: rmnet_data0 LinkAddresses: [2a00:f41:509d:3c49:86de:75f7:213a:3588/64,]  Routes: [::/0 -> fe80::88b0:3588:9bd1:5a35 rmnet_data0,] DnsAddresses: [2a01:1700:3:ffff::9822,2a01:1700:2:ffff::9f01,] Domains: null MTU: 1500 TcpBufferSizes: 40778,244668,3461120,16777,140625,3461120} linkCapabilities=[ Transports: CELLULAR Capabilities: SUPL&DUN&INTERNET&NOT_RESTRICTED&TRUSTED&NOT_VPN LinkUpBandwidth>=5898Kbps LinkDnBandwidth>=14336Kbps Specifier: <2>] mApnContexts=[{mApnType=default mState=CONNECTED mWaitingApns={[[ApnSettingV3] Orange Internet, 695, 26003, internetipv6, , , , , , 1, default | dun | hipri | supl, IPV6, IP, true, 0, 0, 1, false, 0, 0, 0, 0, , , 0, , ]} mWaitingApnsPermanentFailureCountDown=1 mApnSetting={[ApnSettingV3] Orange Internet, 695, 26003, internetipv6, , , , , , 1, default | dun | hipri | supl, IPV6, IP, true, 0, 0, 1, false, 0, 0, 0, 0, , , 0, , } mReason=connected mDataEnabled=true mDependencyMet=true}]}}
04-11 20:11:43.132 D/Dcc     ( 3447): onDataStateChanged: dcsToRetry=[]
04-11 20:11:43.132 D/Dcc     ( 3447): onDataStateChanged: Found ConnId=0 newState=DataCallResponse: {version=11 status=0 retry=-1 cid=0 active=2 type=IPV6 ifname=rmnet_data0 mtu=1500 addresses=[2a00:0f41:509d:3c49:86de:75f7:213a:3588/64] dnses=[2a01:1700:0003:ffff:0000:0000:0000:9822,2a01:1700:0002:ffff:0000:0000:0000:9f01] gateways=[fe80:0000:0000:0000:88b0:3588:9bd1:5a35] pcscf=[]}
04-11 20:11:43.132 D/DataCallResponse( 3447): addr/pl=2a00:0f41:509d:3c49:86de:75f7:213a:3588/64
04-11 20:11:43.132 D/DC-1    ( 3447): MTU set by call response to: 1500
04-11 20:11:43.133 D/Dcc     ( 3447): onDataStateChanged: no change
04-11 20:11:43.133 D/Dcc     ( 3447): onDataStateChanged: Data Activity updated to NONE. isAnyDataCallActive = true isAnyDataCallDormant = false
04-11 20:11:43.133 D/Dcc     ( 3447): onDataStateChanged: Skip startNetStatPoll
04-11 20:11:43.133 D/Dcc     ( 3447): onDataStateChanged: dcsToRetry=[] apnsToCleanup=[]
04-11 20:11:43.133 D/Dcc     ( 3447): onDataStateChanged: X
04-11 20:11:43.133 D/DC-1    ( 3447): DcActiveState not handled msg.what=EVENT_DATA_CONNECTION_DRS_OR_RAT_CHANGED
04-11 20:11:43.133 D/DC-1    ( 3447): DcDefault msg=EVENT_DATA_CONNECTION_DRS_OR_RAT_CHANGED RefCount=1
04-11 20:11:43.133 D/DC-1    ( 3447): DcDefaultState: EVENT_DATA_CONNECTION_DRS_OR_RAT_CHANGED drs=0 mRilRat=15
04-11 20:11:43.133 D/QtiGsmDCT( 3447): [0]fetchDunApn: Ignore the dun apn in settings.db
04-11 20:11:43.162 D/QtiGsmDCT( 3447): [0]fetchDunApn: config_tether_apndata dunSetting=null
04-11 20:11:43.162 D/DC-1    ( 3447): isInternetRequested = true
04-11 20:11:43.163 D/DC-1    ( 3447): DcActiveState not handled msg.what=REQ_GET_LINK_PROPERTIES
04-11 20:11:43.163 D/DC-1    ( 3447): DcDefault msg=REQ_GET_LINK_PROPERTIES RefCount=1
04-11 20:11:43.163 D/DC-1    ( 3447): REQ_GET_LINK_PROPERTIES linkProperties{InterfaceName: rmnet_data0 LinkAddresses: [2a00:f41:509d:3c49:86de:75f7:213a:3588/64,]  Routes: [::/0 -> fe80::88b0:3588:9bd1:5a35 rmnet_data0,] DnsAddresses: [2a01:1700:3:ffff::9822,2a01:1700:2:ffff::9f01,] Domains: null MTU: 1500 TcpBufferSizes: 122334,734003,3461120,32040,192239,3461120}
04-11 20:11:43.164 D/QtiGsmDCT( 3447): [0]get active pdp is not null, return NetworkCapabilities for default
04-11 20:11:43.164 D/DC-1    ( 3447): DcActiveState not handled msg.what=REQ_GET_NETWORK_CAPABILITIES
04-11 20:11:43.164 D/DC-1    ( 3447): DcDefault msg=REQ_GET_NETWORK_CAPABILITIES RefCount=1
04-11 20:11:43.164 D/QtiGsmDCT( 3447): [0]fetchDunApn: Ignore the dun apn in settings.db
04-11 20:11:43.191 D/QtiGsmDCT( 3447): [0]fetchDunApn: config_tether_apndata dunSetting=null
04-11 20:11:43.192 D/DC-1    ( 3447): isInternetRequested = true
04-11 20:11:43.192 D/DC-1    ( 3447): REQ_GET_NETWORK_CAPABILITIES networkCapabilities[ Transports: CELLULAR Capabilities: SUPL&DUN&INTERNET&NOT_RESTRICTED&TRUSTED&NOT_VPN LinkUpBandwidth>=11264Kbps LinkDnBandwidth>=43008Kbps Specifier: <2>]
04-11 20:11:43.193 D/QtiGsmDCT( 3447): [0]isDataPossible(default): possible=true isDataAllowed=true apnTypePossible=true apnContextisEnabled=true apnContextState()=CONNECTED
04-11 20:11:43.193 D/QtiGsmDCT( 3447): [0]get active apn string for type:default
04-11 20:11:43.193 D/DCT     ( 3447): [ApnContext:default] getApnSetting: apnSetting=[ApnSettingV3] Orange Internet, 695, 26003, internetipv6, , , , , , 1, default | dun | hipri | supl, IPV6, IP, true, 0, 0, 1, false, 0, 0, 0, 0, , , 0, , 
04-11 20:11:43.195 D/TelephonyRegistry( 1891): Notify data connection state changed on sub: 2
04-11 20:11:43.195 D/TelephonyRegistry( 1891): Notify data connection state changed on sub: 2
04-11 20:11:43.195 D/TelephonyRegistry( 1891): Notify data connection state changed on sub: 2
04-11 20:11:43.195 D/TelephonyRegistry( 1891): Notify data connection state changed on sub: 2
04-11 20:11:43.196 D/TelephonyRegistry( 1891): Notify data connection state changed on sub: 2
04-11 20:11:43.196 D/TelephonyRegistry( 1891): broadcastPreciseDataConnectionStateChanged():state=2, apnType=default, smCause=(0), reason=null
04-11 20:11:43.199 D/GsmSST  ( 3447): [GsmSST] getCellLocation(): X good mCellLoc=[57330,46057510,472]
04-11 20:11:43.200 V/LG-FASTDORMANCY( 3447): [DCH/FACH] FDCount : 0 intent received :android.intent.action.SERVICE_STATE
04-11 20:11:43.200 E/PHONE   ( 3447): ServiceState.getRadioTechnology() DEPRECATED will be removed *******
04-11 20:11:43.200 I/LG-FASTDORMANCY( 3447): [DCH/FACH] FDCount : 0 Service State is changed : 0 0 voice home data home Orange Orange 26003 Orange Orange 26003  UMTS HSPAP CSS not supported -1 -1 RoamInd=-1 DefRoamInd=-1 EmergOnly=false IsDataRoamingFromRegistration=false mIsVoiceSearching=false mIsDataSearching=false mVoiceNetworkName=null mDataNetworkName=null Check64QAM0 Dual carrier0
04-11 20:11:43.200 I/LG-FASTDORMANCY( 3447): [DCH/FACH] FDCount : 0 radioTech changed!! currenRT = 15 isChange?? true
04-11 20:11:43.201 I/LG-FASTDORMANCY( 3447): [DCH/FACH] FDCount : 0 Radio Tech changed.
04-11 20:11:43.201 D/QtiGsmDCT( 3447): [0]QtiDcTracker handleMessage msg={ when=-84ms what=270377 obj=android.os.AsyncResult@fa70e66 target=com.qti.internal.telephony.dataconnection.QtiDcTracker }
04-11 20:11:43.201 D/QtiGsmDCT( 3447): [0]handleMessage msg={ when=-84ms what=270377 obj=android.os.AsyncResult@fa70e66 target=com.qti.internal.telephony.dataconnection.QtiDcTracker }
04-11 20:11:43.201 D/QtiGsmDCT( 3447): [0]onUpdateIcc: newIccRecords com.android.internal.telephony.uicc.SIMRecords
04-11 20:11:43.203 D/LG-FASTDORMANCY( 3447): [DCH/FACH] FDCount : 0 isUMTS(): RadioTech(15)
04-11 20:11:43.205 D/QtiGsmDCT( 3447): [0]getDataEnabled: getIntWithSubId retVal=true
04-11 20:11:43.206 D/QtiGsmDCT( 3447): [0]getDataOnRoamingEnabled: phoneSubId=2 isDataRoamingEnabled=false
04-11 20:11:43.206 D/QtiGsmDCT( 3447): [0]getDataEnabled: getIntWithSubId retVal=true
04-11 20:11:43.213 D/RILJ    ( 3447): [4904]> REQUEST_GET_NEIGHBORING_CELL_IDS [SUB0]
04-11 20:11:43.214 D/RILC    (  370): SOCKET RIL_SOCKET_1 REQUEST: GET_NEIGHBORING_CELL_IDS length:8
04-11 20:11:43.215 I/RILQ    (  370): (0/370):RIL[0][main] qcril_qmi_nas_get_neighboring_cell_ids: completed with 0
04-11 20:11:43.219 I/RILQ    (  370): (0/370):RIL[0][qmi_cb] qcril_qmi_nas_get_neighboring_cells_cb: .. qmi error 0, resultqmi  0, qmi transp_err 0, ril res 0
04-11 20:11:43.220 D/RILC    (  370): RequestComplete, RIL_SOCKET_1
04-11 20:11:43.220 E/RILC    (  370): Send Response to RIL_SOCKET_1
04-11 20:11:43.220 E/RILC    (  370): RIL Response bytes written:4
04-11 20:11:43.220 E/RILC    (  370): RIL Response bytes written:156
04-11 20:11:43.220 I/RILQ    (  370): (0/370):RIL[0][qmi_cb] qcril_qmi_nas_get_neighboring_cells_cb: completed with 0 with 5 entries
04-11 20:11:43.222 D/RILJ    ( 3447): [4904]< REQUEST_GET_NEIGHBORING_CELL_IDS {[[]] [[]] [[]] [[]] [[]] } [SUB0]
04-11 20:11:43.225 D/RILJ    ( 3447): [4905]> RIL_REQUEST_GET_CELL_INFO_LIST [SUB0]
04-11 20:11:43.227 D/RILC    (  370): SOCKET RIL_SOCKET_1 REQUEST: GET_CELL_INFO_LIST length:8
04-11 20:11:43.231 D/RILC    (  370): RequestComplete, RIL_SOCKET_1
04-11 20:11:43.232 E/RILC    (  370): Send Response to RIL_SOCKET_1
04-11 20:11:43.232 E/RILC    (  370): RIL Response bytes written:4
04-11 20:11:43.232 E/RILC    (  370): RIL Response bytes written:304
04-11 20:11:43.233 D/RILJ    ( 3447): [4905]< RIL_REQUEST_GET_CELL_INFO_LIST [CellInfoWcdma:{mRegistered=YES mTimeStampType=oem_ril mTimeStamp=1201944245473ns CellIdentityWcdma:{ mMcc=260 mMnc=3 mLac=57330 mCid=46057510 mPsc=472} CellSignalStrengthWcdma: ss=14 ber=99}, CellInfoWcdma:{mRegistered=NO mTimeStampType=oem_ril mTimeStamp=1201944245473ns CellIdentityWcdma:{ mMcc=2147483647 mMnc=2147483647 mLac=2147483647 mCid=2147483647 mPsc=382} CellSignalStrengthWcdma: ss=11 ber=99}, CellInfoWcdma:{mRegistered=NO mTimeStampType=oem_ril mTimeStamp=1201944245473ns CellIdentityWcdma:{ mMcc=2147483647 mMnc=2147483647 mLac=2147483647 mCid=2147483647 mPsc=294} CellSignalStrengthWcdma: ss=11 ber=99}, CellInfoWcdma:{mRegistered=NO mTimeStampType=oem_ril mTimeStamp=1201944245473ns CellIdentityWcdma:{ mMcc=2147483647 mMnc=2147483647 mLac=2147483647 mCid=2147483647 mPsc=62} CellSignalStrengthWcdma: ss=11 ber=99}, CellInfoWcdma:{mRegistered=NO mTimeStampType=oem_ril mTimeStamp=1201944245473ns CellIdentityWcdma:{ mMcc=2147483647 mMnc=2147483647 mLac=2147483647 mCid=2147483647 mPsc=20} CellSignalStrengthWcdma: ss=9 ber=99}, CellInfoWcdma:{mRegistered=NO mTimeStampType=oem_ril mTimeStamp=1201944245473ns CellIdentityWcdma:{ mMcc=2147483647 mMnc=2147483647 mLac=2147483647 mCid=2147483647 mPsc=289} CellSignalStrengthWcdma: ss=7 ber=99}] [SUB0]
04-11 20:11:43.235 D/GsmSST  ( 3447): [GsmSST] SST.getAllCellInfo(): X size=6 list=[CellInfoWcdma:{mRegistered=YES mTimeStampType=oem_ril mTimeStamp=1201944245473ns CellIdentityWcdma:{ mMcc=260 mMnc=3 mLac=57330 mCid=46057510 mPsc=472} CellSignalStrengthWcdma: ss=14 ber=99}, CellInfoWcdma:{mRegistered=NO mTimeStampType=oem_ril mTimeStamp=1201944245473ns CellIdentityWcdma:{ mMcc=2147483647 mMnc=2147483647 mLac=2147483647 mCid=2147483647 mPsc=382} CellSignalStrengthWcdma: ss=11 ber=99}, CellInfoWcdma:{mRegistered=NO mTimeStampType=oem_ril mTimeStamp=1201944245473ns CellIdentityWcdma:{ mMcc=2147483647 mMnc=2147483647 mLac=2147483647 mCid=2147483647 mPsc=294} CellSignalStrengthWcdma: ss=11 ber=99}, CellInfoWcdma:{mRegistered=NO mTimeStampType=oem_ril mTimeStamp=1201944245473ns CellIdentityWcdma:{ mMcc=2147483647 mMnc=2147483647 mLac=2147483647 mCid=2147483647 mPsc=62} CellSignalStrengthWcdma: ss=11 ber=99}, CellInfoWcdma:{mRegistered=NO mTimeStampType=oem_ril mTimeStamp=1201944245473ns CellIdentityWcdma:{ mMcc=2147483647 mMnc=2147483647 mLac=2147483647 mCid=2147483647 mPsc=20} CellSignalStrengthWcdma: ss=9 ber=99}, CellInfoWcdma:{mRegistered=NO mTimeStampType=oem_ril mTimeStamp=1201944245473ns CellIdentityWcdma:{ mMcc=2147483647 mMnc=2147483647 mLac=2147483647 mCid=2147483647 mPsc=289} CellSignalStrengthWcdma: ss=7 ber=99}]
04-11 20:11:43.239 D/GsmSST  ( 3447): [GsmSST] getCellLocation(): X good mCellLoc=[57330,46057510,472]
04-11 20:11:44.082 V/LG-FASTDORMANCY( 3447): [DCH/FACH] FDCount : 0 intent received :com.android.internal.telephony.ACTION_CHECK_NETSTAT
04-11 20:11:44.084 V/LG-FASTDORMANCY( 3447): [DCH/FACH] FDCount : 0 prev: TxPkts(19115), RxPkts(22647)
04-11 20:11:44.085 V/LG-FASTDORMANCY( 3447): [DCH/FACH] FDCount : 0 curr: TxPkts(19121), RxPkts(22647)
04-11 20:11:44.085 I/LG-FASTDORMANCY( 3447): [DCH/FACH] FDCount : 0 Scheduling checkNetStat for 1000msec, current state is [DCH/FACH] FDCount : 0 
04-11 20:11:45.089 V/LG-FASTDORMANCY( 3447): [DCH/FACH] FDCount : 0 intent received :com.android.internal.telephony.ACTION_CHECK_NETSTAT
04-11 20:11:45.092 V/LG-FASTDORMANCY( 3447): [DCH/FACH] FDCount : 0 prev: TxPkts(19121), RxPkts(22647)
04-11 20:11:45.092 V/LG-FASTDORMANCY( 3447): [DCH/FACH] FDCount : 0 curr: TxPkts(19121), RxPkts(22647)
04-11 20:11:45.092 I/LG-FASTDORMANCY( 3447): [DCH/FACH] FDCount : 1 Scheduling checkNetStat for 1000msec, current state is [DCH/FACH] FDCount : 1 
04-11 20:11:46.096 V/LG-FASTDORMANCY( 3447): [DCH/FACH] FDCount : 1 intent received :com.android.internal.telephony.ACTION_CHECK_NETSTAT
04-11 20:11:46.100 V/LG-FASTDORMANCY( 3447): [DCH/FACH] FDCount : 1 prev: TxPkts(19121), RxPkts(22647)
04-11 20:11:46.100 V/LG-FASTDORMANCY( 3447): [DCH/FACH] FDCount : 1 curr: TxPkts(19121), RxPkts(22647)
04-11 20:11:46.101 I/LG-FASTDORMANCY( 3447): [DCH/FACH] FDCount : 2 Scheduling checkNetStat for 1000msec, current state is [DCH/FACH] FDCount : 2 
04-11 20:11:47.104 V/LG-FASTDORMANCY( 3447): [DCH/FACH] FDCount : 2 intent received :com.android.internal.telephony.ACTION_CHECK_NETSTAT
04-11 20:11:47.108 V/LG-FASTDORMANCY( 3447): [DCH/FACH] FDCount : 2 prev: TxPkts(19121), RxPkts(22647)
04-11 20:11:47.108 V/LG-FASTDORMANCY( 3447): [DCH/FACH] FDCount : 2 curr: TxPkts(19121), RxPkts(22647)
04-11 20:11:47.109 I/LG-FASTDORMANCY( 3447): [DCH/FACH] FDCount : 3 Scheduling checkNetStat for 1000msec, current state is [DCH/FACH] FDCount : 3 
04-11 20:11:48.111 V/LG-FASTDORMANCY( 3447): [DCH/FACH] FDCount : 3 intent received :com.android.internal.telephony.ACTION_CHECK_NETSTAT
04-11 20:11:48.116 V/LG-FASTDORMANCY( 3447): [DCH/FACH] FDCount : 3 prev: TxPkts(19121), RxPkts(22647)
04-11 20:11:48.116 V/LG-FASTDORMANCY( 3447): [DCH/FACH] FDCount : 3 curr: TxPkts(19121), RxPkts(22647)
04-11 20:11:48.117 I/LG-FASTDORMANCY( 3447): [DCH/FACH] FDCount : 4 Scheduling checkNetStat for 1000msec, current state is [DCH/FACH] FDCount : 4 
04-11 20:11:49.120 V/LG-FASTDORMANCY( 3447): [DCH/FACH] FDCount : 4 intent received :com.android.internal.telephony.ACTION_CHECK_NETSTAT
04-11 20:11:49.125 V/LG-FASTDORMANCY( 3447): [DCH/FACH] FDCount : 4 prev: TxPkts(19121), RxPkts(22647)
04-11 20:11:49.125 V/LG-FASTDORMANCY( 3447): [DCH/FACH] FDCount : 4 curr: TxPkts(19121), RxPkts(22647)
04-11 20:11:49.126 I/LG-FASTDORMANCY( 3447): [DCH/FACH] FDCount : 5 Scheduling checkNetStat for 1000msec, current state is [DCH/FACH] FDCount : 5 
04-11 20:11:50.128 V/LG-FASTDORMANCY( 3447): [DCH/FACH] FDCount : 5 intent received :com.android.internal.telephony.ACTION_CHECK_NETSTAT
04-11 20:11:50.132 V/LG-FASTDORMANCY( 3447): [DCH/FACH] FDCount : 5 prev: TxPkts(19121), RxPkts(22647)
04-11 20:11:50.132 V/LG-FASTDORMANCY( 3447): [DCH/FACH] FDCount : 5 curr: TxPkts(19121), RxPkts(22647)
04-11 20:11:50.133 V/LG-FASTDORMANCY( 3447): [DCH/FACH] FDCount : 6 isRetryNeeded(): mRetryCount: 0, MaxRetry: 1
04-11 20:11:50.135 D/LG-FASTDORMANCY( 3447): [DCH/FACH] FDCount : 6 isUMTS(): RadioTech(15)
04-11 20:11:50.135 D/LG-FASTDORMANCY( 3447): [DCH/FACH] FDCount : 6 triggerGoDormant() using qcRilGoDormant with GO_DORMANT_INTERFACE_ALL
04-11 20:11:50.137 E/RILQ    (  370): (0/370): RIL[0][oem_socket0] void qcril_qmi_generic_socket_agent::recv_thread_func(): read 4 bytes length message with length 28
04-11 20:11:50.137 E/RILQ    (  370): (0/370): RIL[0][oem_socket0] qcril_data_iface_go_dormant:  binding v6 handle to IPV6 family failed rc=-1, qmi_err=0
04-11 20:11:50.143 E/RILQ    (  370): (0/370): RIL[0][oem_socket0] qcril_data_process_qcrilhook_go_dormant: invalid dev_instance [-1] derived for index [1]
04-11 20:11:50.143 E/RILQ    (  370): (0/370): RIL[0][oem_socket0] qcril_data_process_qcrilhook_go_dormant: invalid dev_instance [-1] derived for index [2]
04-11 20:11:50.143 E/RILQ    (  370): (0/370): RIL[0][oem_socket0] qcril_data_process_qcrilhook_go_dormant: invalid dev_instance [-1] derived for index [3]
04-11 20:11:50.143 E/RILQ    (  370): (0/370): RIL[0][oem_socket0] qcril_data_process_qcrilhook_go_dormant: invalid dev_instance [-1] derived for index [4]
04-11 20:11:50.143 E/RILQ    (  370): (0/370): RIL[0][oem_socket0] qcril_data_process_qcrilhook_go_dormant: invalid dev_instance [-1] derived for index [5]
04-11 20:11:50.143 E/RILQ    (  370): (0/370): RIL[0][oem_socket0] qcril_data_process_qcrilhook_go_dormant: invalid dev_instance [-1] derived for index [6]
04-11 20:11:50.143 E/RILQ    (  370): (0/370): RIL[0][oem_socket0] qcril_data_process_qcrilhook_go_dormant: invalid dev_instance [-1] derived for index [7]
04-11 20:11:50.143 E/RILQ    (  370): (0/370): RIL[0][oem_socket0] qcril_data_process_qcrilhook_go_dormant: invalid dev_instance [-1] derived for index [8]
04-11 20:11:50.143 E/RILQ    (  370): (0/370): RIL[0][oem_socket0] qcril_data_process_qcrilhook_go_dormant: invalid dev_instance [-1] derived for index [9]
04-11 20:11:50.143 E/RILQ    (  370): (0/370): RIL[0][oem_socket0] qcril_data_process_qcrilhook_go_dormant: invalid dev_instance [-1] derived for index [10]
04-11 20:11:50.143 E/RILQ    (  370): (0/370): RIL[0][oem_socket0] qcril_data_process_qcrilhook_go_dormant: invalid dev_instance [-1] derived for index [11]
04-11 20:11:50.143 E/RILQ    (  370): (0/370): RIL[0][oem_socket0] qcril_data_process_qcrilhook_go_dormant: invalid dev_instance [-1] derived for index [12]
04-11 20:11:50.143 E/RILQ    (  370): (0/370): RIL[0][oem_socket0] qcril_data_process_qcrilhook_go_dormant: invalid dev_instance [-1] derived for index [13]
04-11 20:11:50.143 E/RILQ    (  370): (0/370): RIL[0][oem_socket0] qcril_data_process_qcrilhook_go_dormant: invalid dev_instance [-1] derived for index [14]
04-11 20:11:50.144 E/RILQ    (  370): (0/370): RIL[0][oem_socket0] qcril_data_process_qcrilhook_go_dormant: invalid dev_instance [-1] derived for index [15]
04-11 20:11:50.144 E/RILQ    (  370): (0/370): RIL[0][oem_socket0] qcril_data_process_qcrilhook_go_dormant: invalid dev_instance [-1] derived for index [16]
04-11 20:11:50.144 E/RILQ    (  370): (0/370): RIL[0][oem_socket0] qcril_data_process_qcrilhook_go_dormant: invalid dev_instance [-1] derived for index [17]
04-11 20:11:50.144 E/RILQ    (  370): (0/370): RIL[0][oem_socket0] qcril_data_process_qcrilhook_go_dormant: invalid dev_instance [-1] derived for index [18]
04-11 20:11:50.144 E/RILQ    (  370): (0/370): RIL[0][oem_socket0] qcril_data_process_qcrilhook_go_dormant: invalid dev_instance [-1] derived for index [19]
04-11 20:11:50.147 V/LG-FASTDORMANCY( 3447): [DCH/FACH] FDCount : 0 increaseCount(): mRetryCount: 1
04-11 20:11:50.147 I/LG-FASTDORMANCY( 3447): [DCH/FACH] FDCount : 0 Scheduling checkNetStat for 1000msec, current state is [DCH/FACH] FDCount : 0 
04-11 20:11:50.266 I/RILC    (  370): RIL_SOCKET_1 UNSOLICITED: RIL_UNSOL_LTE_REJECT_CAUSE length:16
04-11 20:11:50.266 E/RILC    (  370): Send Response to RIL_SOCKET_1
04-11 20:11:50.266 E/RILC    (  370): RIL Response bytes written:4
04-11 20:11:50.266 D/RILJ    ( 3447): [UNSL]< RIL_UNSOL_LTE_REJECT_CAUSE {15} [SUB0]
04-11 20:11:50.266 E/RILC    (  370): RIL Response bytes written:16
04-11 20:11:50.268 I/RILC    (  370): RIL_SOCKET_1 UNSOLICITED: UNSOL_OEM_HOOK_RAW length:32
04-11 20:11:50.268 E/RILC    (  370): Send Response to RIL_SOCKET_1
04-11 20:11:50.268 E/RILC    (  370): RIL Response bytes written:4
04-11 20:11:50.268 V/RILJ    ( 3447): [UNSL]< UNSOL_OEM_HOOK_RAW 514f454d484f4f4bef0308000100000002 [SUB0]
04-11 20:11:50.268 D/RILJ    ( 3447): Oem ID in RIL_UNSOL_OEM_HOOK_RAW is QOEMHOOK
04-11 20:11:50.268 D/RILJ    ( 3447): OEM ID check Passed
04-11 20:11:50.268 D/RILJ    ( 3447): Response ID in RIL_UNSOL_OEM_HOOK_RAW is 525295
04-11 20:11:50.268 D/RILJ    ( 3447): Response ID 525295 is not served in this process.
04-11 20:11:50.268 E/RILC    (  370): RIL Response bytes written:32
04-11 20:11:50.271 I/RILC    (  370): RIL_SOCKET_1 UNSOLICITED: UNSOL_RESPONSE_VOICE_NETWORK_STATE_CHANGED length:8
04-11 20:11:50.271 E/RILC    (  370): Send Response to RIL_SOCKET_1
04-11 20:11:50.271 E/RILC    (  370): RIL Response bytes written:4
04-11 20:11:50.271 D/RILJ    ( 3447): [UNSL]< UNSOL_RESPONSE_VOICE_NETWORK_STATE_CHANGED [SUB0]
04-11 20:11:50.271 E/RILC    (  370): RIL Response bytes written:8
04-11 20:11:50.272 D/RILJ    ( 3447): [4906]> OPERATOR [SUB0]
04-11 20:11:50.274 D/RILJ    ( 3447): [4907]> DATA_REGISTRATION_STATE [SUB0]
04-11 20:11:50.274 D/RILC    (  370): SOCKET RIL_SOCKET_1 REQUEST: OPERATOR length:8
04-11 20:11:50.275 D/RILJ    ( 3447): [4908]> VOICE_REGISTRATION_STATE [SUB0]
04-11 20:11:50.275 D/RILJ    ( 3447): [4909]> QUERY_NETWORK_SELECTION_MODE [SUB0]
04-11 20:11:50.276 D/RILC    (  370): SOCKET RIL_SOCKET_1 REQUEST: DATA_REGISTRATION_STATE length:8
04-11 20:11:50.277 I/RILC    (  370): RIL_SOCKET_1 UNSOLICITED: UNSOL_DATA_CALL_LIST_CHANGED length:428
04-11 20:11:50.277 E/RILC    (  370): Send Response to RIL_SOCKET_1
04-11 20:11:50.278 E/RILC    (  370): RIL Response bytes written:4
04-11 20:11:50.278 D/RILJ    ( 3447): responseDataCallList ver=11 num=1 [SUB0]
04-11 20:11:50.278 D/RILJ    ( 3447): getDataCallResponse before ver=11 [SUB0]
04-11 20:11:50.278 D/RILJ    ( 3447): [UNSL]< UNSOL_DATA_CALL_LIST_CHANGED [DataCallResponse: {version=11 status=0 retry=-1 cid=0 active=1 type=IPV6 ifname=rmnet_data0 mtu=1500 addresses=[2a00:0f41:509d:3c49:86de:75f7:213a:3588/64] dnses=[2a01:1700:0003:ffff:0000:0000:0000:9822,2a01:1700:0002:ffff:0000:0000:0000:9f01] gateways=[fe80:0000:0000:0000:88b0:3588:9bd1:5a35] pcscf=[]}] [SUB0]
04-11 20:11:50.278 D/RILC    (  370): SOCKET RIL_SOCKET_1 REQUEST: VOICE_REGISTRATION_STATE length:8
04-11 20:11:50.278 E/RILC    (  370): RIL Response bytes written:428
04-11 20:11:50.279 D/QtiGsmDCT( 3447): [0]QtiDcTracker handleMessage msg={ when=-1ms what=270340 obj=android.os.AsyncResult@96865a7 target=com.qti.internal.telephony.dataconnection.QtiDcTracker }
04-11 20:11:50.279 D/QtiGsmDCT( 3447): [0]handleMessage msg={ when=-1ms what=270340 obj=android.os.AsyncResult@96865a7 target=com.qti.internal.telephony.dataconnection.QtiDcTracker }
04-11 20:11:50.279 E/DATA    ( 3447): Unidentified event msg={ when=-1ms what=270340 obj=android.os.AsyncResult@96865a7 target=com.qti.internal.telephony.dataconnection.QtiDcTracker }
04-11 20:11:50.279 I/LG-FASTDORMANCY( 3447): [DCH/FACH] FDCount : 0 Data call list changed.
04-11 20:11:50.279 I/LG-FASTDORMANCY( 3447): [DCH/FACH] FDCount : 0 [DataCallResponse: {version=11 status=0 retry=-1 cid=0 active=1 type=IPV6 ifname=rmnet_data0 mtu=1500 addresses=[2a00:0f41:509d:3c49:86de:75f7:213a:3588/64] dnses=[2a01:1700:0003:ffff:0000:0000:0000:9822,2a01:1700:0002:ffff:0000:0000:0000:9f01] gateways=[fe80:0000:0000:0000:88b0:3588:9bd1:5a35] pcscf=[]}]
04-11 20:11:50.279 I/LG-FASTDORMANCY( 3447): [DCH/FACH] FDCount : 0 prev:[DCH/FACH] FDCount : 0 , curr:true
04-11 20:11:50.280 D/QtiGsmDCT( 3447): [0]fetchDunApn: Ignore the dun apn in settings.db
04-11 20:11:50.281 D/LG-FASTDORMANCY( 3447): [DCH/FACH] FDCount : 0 isUMTS(): RadioTech(15)
04-11 20:11:50.281 D/LG-FASTDORMANCY( 3447): [DCH/FACH] FDCount : 0 Exit from DCH or FACH State
04-11 20:11:50.281 D/LG-FASTDORMANCY( 3447): [IDLE] Enter to IDLE State
