04-11 20:23:08.990 E/RILC    (  370): RIL Response bytes written:4
04-11 20:23:08.990 D/RILJ    ( 3447): [UNSL]< UNSOL_RESPONSE_VOICE_NETWORK_STATE_CHANGED [SUB0]
04-11 20:23:08.990 E/RILC    (  370): RIL Response bytes written:8
04-11 20:23:08.990 D/GsmSST  ( 3447): [GsmSST] Poll ServiceState done:  oldSS=[0 0 voice home data home Orange Orange 26003 Orange Orange 26003  UMTS HSPAP CSS not supported -1 -1 RoamInd=-1 DefRoamInd=-1 EmergOnly=false IsDataRoamingFromRegistration=false mIsVoiceSearching=false mIsDataSearching=false mVoiceNetworkName=null mDataNetworkName=null Check64QAM0 Dual carrier0] newSS=[0 0 voice home data home Orange Orange 26003 Orange Orange 26003  UMTS HSPA CSS not supported -1 -1 RoamInd=-1 DefRoamInd=-1 EmergOnly=false IsDataRoamingFromRegistration=false mIsVoiceSearching=false mIsDataSearching=false mVoiceNetworkName=null mDataNetworkName=null Check64QAM0 Dual carrier0] oldMaxDataCalls=20 mNewMaxDataCalls=20 oldReasonDataDenied=-1 mNewReasonDataDenied=-1
04-11 20:23:08.990 D/PHONE   ( 3447): [ServiceState] setNullState=1
04-11 20:23:08.990 D/TelephonyManager( 3447): setTelephonyProperty: success phoneId=0 property=gsm.network.type value: UMTS propVal=UMTS
04-11 20:23:08.991 D/SIMRecords( 3447): [SIMRecords] getServiceProviderName: no brandOverride
04-11 20:23:08.991 D/SIMRecords( 3447): [SIMRecords] getServiceProviderName: providerName=Orange
04-11 20:23:08.991 D/SIMRecords( 3447): [SIMRecords] getServiceProviderName: no brandOverride
04-11 20:23:08.991 D/SIMRecords( 3447): [SIMRecords] getServiceProviderName: providerName=Orange
04-11 20:23:08.991 D/GSMPhoneEx( 3447): grandblue SpnMvno = Orange operator = 26003 simMcc  = 260 simMnc  = 03
04-11 20:23:08.991 D/GSMPhoneEx( 3447): grandblue after SpnMvno = Orange operator = 26003 simMcc  = 260 simMnc  = 03
04-11 20:23:08.992 D/TelephonyManager( 3447): setTelephonyProperty: success phoneId=0 property=gsm.operator.alpha value: Orange propVal=Orange
04-11 20:23:08.992 D/TelephonyManager( 3447): setTelephonyProperty: success phoneId=0 property=gsm.operator.numeric value: 26003 propVal=26003
04-11 20:23:08.993 D/TelephonyManager( 3447): setTelephonyProperty: success phoneId=0 property=gsm.operator.iso-country value: pl propVal=pl
04-11 20:23:08.994 D/GsmSST  ( 3447): [GsmSST] shouldFixTimeZoneNow: retVal=false iccCardExist=true operatorNumeric=26003 mcc=260 prevOperatorNumeric=26003 prevMcc=260 needToFixTimeZone=false ltod=04-11 20:23:08.993
04-11 20:23:08.994 D/TelephonyManager( 3447): setTelephonyProperty: success phoneId=0 property=gsm.operator.isroaming value: false propVal=false
04-11 20:23:08.994 D/TelephonyManager( 3447): setTelephonyProperty: success phoneId=0 property=ril.cdma.voiceinservice value: true propVal=true
04-11 20:23:08.995 D/GsmSST  ( 3447): [GsmSST] Broadcasting ServiceState : 0 0 voice home data home Orange Orange 26003 Orange Orange 26003  UMTS HSPA CSS not supported -1 -1 RoamInd=-1 DefRoamInd=-1 EmergOnly=false IsDataRoamingFromRegistration=false mIsVoiceSearching=false mIsDataSearching=false mVoiceNetworkName=null mDataNetworkName=null Check64QAM0 Dual carrier0
04-11 20:23:08.995 D/DefaultPhoneNotifier( 3447): nofityServiceState: mRegistry=com.android.internal.telephony.ITelephonyRegistry$Stub$Proxy@ced2ad0 ss=0 0 voice home data home Orange Orange 26003 Orange Orange 26003  UMTS HSPA CSS not supported -1 -1 RoamInd=-1 DefRoamInd=-1 EmergOnly=false IsDataRoamingFromRegistration=false mIsVoiceSearching=false mIsDataSearching=false mVoiceNetworkName=null mDataNetworkName=null Check64QAM0 Dual carrier0 sender=Handler (com.qti.internal.telephony.gsm.QtiGSMPhone) {560d91e} phondId=0 subId=2
04-11 20:23:09.003 D/SubscriptionManager( 1891): getSimStateForSubscriber: simState=5 slotIdx=0
04-11 20:23:09.004 D/GsmSST  ( 3447): [GsmSST] notifyDataRegStateRilRadioTechnologyChanged: drs=0 rat=11
04-11 20:23:09.004 D/TelephonyManager( 3447): setTelephonyProperty: success phoneId=0 property=gsm.network.type value: HSPA propVal=HSPA
04-11 20:23:09.005 D/QtiGsmDCT( 3447): [0]get all active apn types
04-11 20:23:09.006 D/QtiGsmDCT( 3447): [0]return link properites for default
04-11 20:23:09.006 D/DC-1    ( 3447): DcActiveState not handled msg.what=EVENT_DATA_CONNECTION_DRS_OR_RAT_CHANGED
04-11 20:23:09.006 D/DC-1    ( 3447): DcDefault msg=EVENT_DATA_CONNECTION_DRS_OR_RAT_CHANGED RefCount=1
04-11 20:23:09.006 D/DC-1    ( 3447): DcDefaultState: EVENT_DATA_CONNECTION_DRS_OR_RAT_CHANGED drs=0 mRilRat=11
04-11 20:23:09.006 D/QtiGsmDCT( 3447): [0]fetchDunApn: Ignore the dun apn in settings.db
04-11 20:23:09.018 D/QtiGsmDCT( 3447): [0]getDataEnabled: getIntWithSubId retVal=true
04-11 20:23:09.039 D/QtiGsmDCT( 3447): [0]fetchDunApn: config_tether_apndata dunSetting=null
04-11 20:23:09.039 D/DC-1    ( 3447): isInternetRequested = true
04-11 20:23:09.040 D/DC-1    ( 3447): DcActiveState not handled msg.what=REQ_GET_LINK_PROPERTIES
04-11 20:23:09.040 D/DC-1    ( 3447): DcDefault msg=REQ_GET_LINK_PROPERTIES RefCount=1
04-11 20:23:09.040 D/DC-1    ( 3447): REQ_GET_LINK_PROPERTIES linkProperties{InterfaceName: rmnet_data0 LinkAddresses: [2a00:f41:509d:3c49:86de:75f7:213a:3588/64,]  Routes: [::/0 -> fe80::88b0:3588:9bd1:5a35 rmnet_data0,] DnsAddresses: [2a01:1700:3:ffff::9822,2a01:1700:2:ffff::9f01,] Domains: null MTU: 1500 TcpBufferSizes: 40778,244668,3461120,16777,140625,3461120}
04-11 20:23:09.044 D/QtiGsmDCT( 3447): [0]get active pdp is not null, return NetworkCapabilities for default
04-11 20:23:09.044 D/DC-1    ( 3447): DcActiveState not handled msg.what=REQ_GET_NETWORK_CAPABILITIES
04-11 20:23:09.044 D/DC-1    ( 3447): DcDefault msg=REQ_GET_NETWORK_CAPABILITIES RefCount=1
04-11 20:23:09.045 D/QtiGsmDCT( 3447): [0]fetchDunApn: Ignore the dun apn in settings.db
04-11 20:23:09.076 D/QtiGsmDCT( 3447): [0]fetchDunApn: config_tether_apndata dunSetting=null
04-11 20:23:09.076 D/DC-1    ( 3447): isInternetRequested = true
04-11 20:23:09.076 D/DC-1    ( 3447): REQ_GET_NETWORK_CAPABILITIES networkCapabilities[ Transports: CELLULAR Capabilities: SUPL&DUN&INTERNET&NOT_RESTRICTED&TRUSTED&NOT_VPN LinkUpBandwidth>=5898Kbps LinkDnBandwidth>=14336Kbps Specifier: <2>]
04-11 20:23:09.077 D/QtiGsmDCT( 3447): [0]isDataPossible(default): possible=true isDataAllowed=true apnTypePossible=true apnContextisEnabled=true apnContextState()=CONNECTED
04-11 20:23:09.077 D/QtiGsmDCT( 3447): [0]get active apn string for type:default
04-11 20:23:09.078 D/DCT     ( 3447): [ApnContext:default] getApnSetting: apnSetting=[ApnSettingV3] Orange Internet, 695, 26003, internetipv6, , , , , , 1, default | dun | hipri | supl, IPV6, IP, true, 0, 0, 1, false, 0, 0, 0, 0, , , 0, , 
04-11 20:23:09.080 D/TelephonyRegistry( 1891): Notify data connection state changed on sub: 2
04-11 20:23:09.080 D/TelephonyRegistry( 1891): Notify data connection state changed on sub: 2
04-11 20:23:09.080 D/TelephonyRegistry( 1891): Notify data connection state changed on sub: 2
04-11 20:23:09.080 D/TelephonyRegistry( 1891): Notify data connection state changed on sub: 2
04-11 20:23:09.080 D/TelephonyRegistry( 1891): Notify data connection state changed on sub: 2
04-11 20:23:09.081 D/TelephonyRegistry( 1891): broadcastPreciseDataConnectionStateChanged():state=2, apnType=default, smCause=(0), reason=null
04-11 20:23:09.082 D/RILJ    ( 3447): [4946]> OPERATOR [SUB0]
04-11 20:23:09.085 D/RILJ    ( 3447): [4947]> DATA_REGISTRATION_STATE [SUB0]
04-11 20:23:09.085 D/RILC    (  370): SOCKET RIL_SOCKET_1 REQUEST: OPERATOR length:8
04-11 20:23:09.087 D/RILJ    ( 3447): [4948]> VOICE_REGISTRATION_STATE [SUB0]
04-11 20:23:09.087 D/RILC    (  370): SOCKET RIL_SOCKET_1 REQUEST: DATA_REGISTRATION_STATE length:8
04-11 20:23:09.090 D/RILC    (  370): SOCKET RIL_SOCKET_1 REQUEST: VOICE_REGISTRATION_STATE length:8
04-11 20:23:09.091 D/RILJ    ( 3447): [4949]> QUERY_NETWORK_SELECTION_MODE [SUB0]
04-11 20:23:09.092 D/QtiGsmDCT( 3447): [0]QtiDcTracker handleMessage msg={ when=-87ms what=270377 obj=android.os.AsyncResult@78f7d11 target=com.qti.internal.telephony.dataconnection.QtiDcTracker }
04-11 20:23:09.092 D/QtiGsmDCT( 3447): [0]handleMessage msg={ when=-87ms what=270377 obj=android.os.AsyncResult@78f7d11 target=com.qti.internal.telephony.dataconnection.QtiDcTracker }
04-11 20:23:09.092 D/QtiGsmDCT( 3447): [0]onUpdateIcc: newIccRecords com.android.internal.telephony.uicc.SIMRecords
04-11 20:23:09.093 D/RILC    (  370): SOCKET RIL_SOCKET_1 REQUEST: QUERY_NETWORK_SELECTION_MODE length:8
04-11 20:23:09.095 V/LG-FASTDORMANCY( 3447): [IDLE] intent received :android.intent.action.SERVICE_STATE
04-11 20:23:09.095 E/PHONE   ( 3447): ServiceState.getRadioTechnology() DEPRECATED will be removed *******
04-11 20:23:09.095 I/LG-FASTDORMANCY( 3447): [IDLE] Service State is changed : 0 0 voice home data home Orange Orange 26003 Orange Orange 26003  UMTS HSPA CSS not supported -1 -1 RoamInd=-1 DefRoamInd=-1 EmergOnly=false IsDataRoamingFromRegistration=false mIsVoiceSearching=false mIsDataSearching=false mVoiceNetworkName=null mDataNetworkName=null Check64QAM0 Dual carrier0
04-11 20:23:09.095 I/LG-FASTDORMANCY( 3447): [IDLE] radioTech changed!! currenRT = 11 isChange?? true
04-11 20:23:09.096 D/RILC    (  370): RequestComplete, RIL_SOCKET_1
04-11 20:23:09.097 E/RILC    (  370): Send Response to RIL_SOCKET_1
04-11 20:23:09.097 E/RILC    (  370): RIL Response bytes written:4
04-11 20:23:09.097 E/RILC    (  370): RIL Response bytes written:72
04-11 20:23:09.097 D/RILJ    ( 3447): [4946]< OPERATOR {Orange, Orange, 26003} [SUB0]
04-11 20:23:09.098 D/GsmSST  ( 3447): [GsmSST] getCellLocation(): X good mCellLoc=[57330,46057510,472]
04-11 20:23:09.099 I/LG-FASTDORMANCY( 3447): [IDLE] Radio Tech changed.
04-11 20:23:09.100 D/RILC    (  370): RequestComplete, RIL_SOCKET_1
04-11 20:23:09.100 E/RILC    (  370): Send Response to RIL_SOCKET_1
04-11 20:23:09.100 E/RILC    (  370): RIL Response bytes written:4
04-11 20:23:09.100 E/RILC    (  370): RIL Response bytes written:136
04-11 20:23:09.101 D/RILJ    ( 3447): [4948]< VOICE_REGISTRATION_STATE {1, dff2, 02bec826, 3, null, null, null, 0, null, null, 1, null, null, 0, 1d8} [SUB0]
04-11 20:23:09.102 D/LG-FASTDORMANCY( 3447): [IDLE] isUMTS(): RadioTech(10)
04-11 20:23:09.105 D/RILC    (  370): RequestComplete, RIL_SOCKET_1
04-11 20:23:09.105 E/RILC    (  370): Send Response to RIL_SOCKET_1
04-11 20:23:09.105 E/RILC    (  370): RIL Response bytes written:4
04-11 20:23:09.105 E/RILC    (  370): RIL Response bytes written:120
04-11 20:23:09.106 D/RILJ    ( 3447): [4947]< DATA_REGISTRATION_STATE {1, dff2, 02bec826, 11, null, 20, null, null, null, null, null, 0} [SUB0]
04-11 20:23:09.107 D/QtiGsmDCT( 3447): [0]getDataEnabled: getIntWithSubId retVal=true
04-11 20:23:09.109 D/RILC    (  370): RequestComplete, RIL_SOCKET_1
04-11 20:23:09.109 E/RILC    (  370): Send Response to RIL_SOCKET_1
04-11 20:23:09.109 E/RILC    (  370): RIL Response bytes written:4
04-11 20:23:09.109 D/RILJ    ( 3447): [4949]< QUERY_NETWORK_SELECTION_MODE {0} [SUB0]
04-11 20:23:09.109 E/RILC    (  370): RIL Response bytes written:20
04-11 20:23:09.113 D/QtiGsmDCT( 3447): [0]getDataOnRoamingEnabled: phoneSubId=2 isDataRoamingEnabled=false
04-11 20:23:09.114 D/QtiGsmDCT( 3447): [0]getDataEnabled: getIntWithSubId retVal=true
04-11 20:23:09.114 D/PHONE   ( 3447): [ServiceState] setVoiceRegState=0
04-11 20:23:09.114 E/PHONE   ( 3447): [ServiceState] setState deprecated use setVoiceRegState()
04-11 20:23:09.115 D/GsmSST  ( 3447): [GsmSST] LOGRadioInfo : In Service
04-11 20:23:09.115 D/GsmSST  ( 3447): isSFROperators result = false
04-11 20:23:09.115 D/PHONE   ( 3447): [ServiceState] setDataRegState=0
04-11 20:23:09.115 D/PHONE   ( 3447): [ServiceState] setDataRadioTechnology=11
04-11 20:23:09.115 D/GsmSST  ( 3447): [GsmSST] LOGRadioInfo : In Service
04-11 20:23:09.115 D/GsmSST  ( 3447): [GsmSST] handlPollStateResultMessage: GsmSST setDataRegState=0 regState=1 dataRadioTechnology=11
04-11 20:23:09.118 D/GsmSST  ( 3447): [GsmSST] Poll ServiceState done:  oldSS=[0 0 voice home data home Orange Orange 26003 Orange Orange 26003  UMTS HSPA CSS not supported -1 -1 RoamInd=-1 DefRoamInd=-1 EmergOnly=false IsDataRoamingFromRegistration=false mIsVoiceSearching=false mIsDataSearching=false mVoiceNetworkName=null mDataNetworkName=null Check64QAM0 Dual carrier0] newSS=[0 0 voice home data home Orange Orange 26003 Orange Orange 26003  UMTS HSPA CSS not supported -1 -1 RoamInd=-1 DefRoamInd=-1 EmergOnly=false IsDataRoamingFromRegistration=false mIsVoiceSearching=false mIsDataSearching=false mVoiceNetworkName=null mDataNetworkName=null Check64QAM0 Dual carrier0] oldMaxDataCalls=20 mNewMaxDataCalls=20 oldReasonDataDenied=-1 mNewReasonDataDenied=-1
04-11 20:23:09.118 D/PHONE   ( 3447): [ServiceState] setNullState=1
04-11 20:23:09.123 D/RILJ    ( 3447): [4950]> REQUEST_GET_NEIGHBORING_CELL_IDS [SUB0]
04-11 20:23:09.125 D/RILC    (  370): SOCKET RIL_SOCKET_1 REQUEST: GET_NEIGHBORING_CELL_IDS length:8
04-11 20:23:09.126 I/RILQ    (  370): (0/370):RIL[0][main] qcril_qmi_nas_get_neighboring_cell_ids: completed with 0
04-11 20:23:09.128 I/RILQ    (  370): (0/370):RIL[0][qmi_cb] qcril_qmi_nas_get_neighboring_cells_cb: .. qmi error 0, resultqmi  0, qmi transp_err 0, ril res 0
04-11 20:23:09.130 D/RILC    (  370): RequestComplete, RIL_SOCKET_1
04-11 20:23:09.130 E/RILC    (  370): Send Response to RIL_SOCKET_1
04-11 20:23:09.130 E/RILC    (  370): RIL Response bytes written:4
04-11 20:23:09.130 E/RILC    (  370): RIL Response bytes written:184
04-11 20:23:09.130 I/RILQ    (  370): (0/370):RIL[0][qmi_cb] qcril_qmi_nas_get_neighboring_cells_cb: completed with 0 with 6 entries
04-11 20:23:09.133 D/RILJ    ( 3447): [4950]< REQUEST_GET_NEIGHBORING_CELL_IDS {[[14@-87]] [[3e@-90]] [[126@-90]] [[17e@-93]] [[128@-95]] [[121@-101]] } [SUB0]
04-11 20:23:09.137 D/RILJ    ( 3447): [4951]> RIL_REQUEST_GET_CELL_INFO_LIST [SUB0]
04-11 20:23:09.139 D/RILC    (  370): SOCKET RIL_SOCKET_1 REQUEST: GET_CELL_INFO_LIST length:8
04-11 20:23:09.142 D/RILC    (  370): RequestComplete, RIL_SOCKET_1
04-11 20:23:09.142 E/RILC    (  370): Send Response to RIL_SOCKET_1
04-11 20:23:09.143 E/RILC    (  370): RIL Response bytes written:4
04-11 20:23:09.143 D/RILJ    ( 3447): [4951]< RIL_REQUEST_GET_CELL_INFO_LIST [CellInfoWcdma:{mRegistered=YES mTimeStampType=oem_ril mTimeStamp=1887855040680ns CellIdentityWcdma:{ mMcc=260 mMnc=3 mLac=57330 mCid=46057510 mPsc=472} CellSignalStrengthWcdma: ss=15 ber=99}, CellInfoWcdma:{mRegistered=NO mTimeStampType=oem_ril mTimeStamp=1887855040680ns CellIdentityWcdma:{ mMcc=2147483647 mMnc=2147483647 mLac=2147483647 mCid=2147483647 mPsc=20} CellSignalStrengthWcdma: ss=13 ber=99}, CellInfoWcdma:{mRegistered=NO mTimeStampType=oem_ril mTimeStamp=1887855040680ns CellIdentityWcdma:{ mMcc=2147483647 mMnc=2147483647 mLac=2147483647 mCid=2147483647 mPsc=62} CellSignalStrengthWcdma: ss=12 ber=99}, CellInfoWcdma:{mRegistered=NO mTimeStampType=oem_ril mTimeStamp=1887855040680ns CellIdentityWcdma:{ mMcc=2147483647 mMnc=2147483647 mLac=2147483647 mCid=2147483647 mPsc=294} CellSignalStrengthWcdma: ss=12 ber=99}, CellInfoWcdma:{mRegistered=NO mTimeStampType=oem_ril mTimeStamp=1887855040680ns CellIdentityWcdma:{ mMcc=2147483647 mMnc=2147483647 mLac=2147483647 mCid=2147483647 mPsc=382} CellSignalStrengthWcdma: ss=10 ber=99}, CellInfoWcdma:{mRegistered=NO mTimeStampType=oem_ril mTimeStamp=1887855040680ns CellIdentityWcdma:{ mMcc=2147483647 mMnc=2147483647 mLac=2147483647 mCid=2147483647 mPsc=296} CellSignalStrengthWcdma: ss=9 ber=99}, CellInfoWcdma:{mRegistered=NO mTimeStampType=oem_ril mTimeStamp=1887855040680ns CellIdentityWcdma:{ mMcc=2147483647 mMnc=2147483647 mLac=2147483647 mCid=2147483647 mPsc=289} CellSignalStrengthWcdma: ss=6 ber=99}] [SUB0]
04-11 20:23:09.144 E/RILC    (  370): RIL Response bytes written:352
04-11 20:23:09.148 D/GsmSST  ( 3447): [GsmSST] SST.getAllCellInfo(): X size=7 list=[CellInfoWcdma:{mRegistered=YES mTimeStampType=oem_ril mTimeStamp=1887855040680ns CellIdentityWcdma:{ mMcc=260 mMnc=3 mLac=57330 mCid=46057510 mPsc=472} CellSignalStrengthWcdma: ss=15 ber=99}, CellInfoWcdma:{mRegistered=NO mTimeStampType=oem_ril mTimeStamp=1887855040680ns CellIdentityWcdma:{ mMcc=2147483647 mMnc=2147483647 mLac=2147483647 mCid=2147483647 mPsc=20} CellSignalStrengthWcdma: ss=13 ber=99}, CellInfoWcdma:{mRegistered=NO mTimeStampType=oem_ril mTimeStamp=1887855040680ns CellIdentityWcdma:{ mMcc=2147483647 mMnc=2147483647 mLac=2147483647 mCid=2147483647 mPsc=62} CellSignalStrengthWcdma: ss=12 ber=99}, CellInfoWcdma:{mRegistered=NO mTimeStampType=oem_ril mTimeStamp=1887855040680ns CellIdentityWcdma:{ mMcc=2147483647 mMnc=2147483647 mLac=2147483647 mCid=2147483647 mPsc=294} CellSignalStrengthWcdma: ss=12 ber=99}, CellInfoWcdma:{mRegistered=NO mTimeStampType=oem_ril mTimeStamp=1887855040680ns CellIdentityWcdma:{ mMcc=2147483647 mMnc=2147483647 mLac=2147483647 mCid=2147483647 mPsc=382} CellSignalStrengthWcdma: ss=10 ber=99}, CellInfoWcdma:{mRegistered=NO mTimeStampType=oem_ril mTimeStamp=1887855040680ns CellIdentityWcdma:{ mMcc=2147483647 mMnc=2147483647 mLac=2147483647 mCid=2147483647 mPsc=296} CellSignalStrengthWcdma: ss=9 ber=99}, CellInfoWcdma:{mRegistered=NO mTimeStampType=oem_ril mTimeStamp=1887855040680ns CellIdentityWcdma:{ mMcc=2147483647 mMnc=2147483647 mLac=2147483647 mCid=2147483647 mPsc=289} CellSignalStrengthWcdma: ss=6 ber=99}]
04-11 20:23:09.151 D/GsmSST  ( 3447): [GsmSST] getCellLocation(): X good mCellLoc=[57330,46057510,472]
04-11 20:24:36.498 I/RILC    (  370): RIL_SOCKET_1 UNSOLICITED: RIL_UNSOL_LTE_REJECT_CAUSE length:16
04-11 20:24:36.498 E/RILC    (  370): Send Response to RIL_SOCKET_1
04-11 20:24:36.498 E/RILC    (  370): RIL Response bytes written:4
04-11 20:24:36.499 D/RILJ    ( 3447): [UNSL]< RIL_UNSOL_LTE_REJECT_CAUSE {15} [SUB0]
04-11 20:24:36.499 E/RILC    (  370): RIL Response bytes written:16
04-11 20:24:36.501 I/RILC    (  370): RIL_SOCKET_1 UNSOLICITED: UNSOL_OEM_HOOK_RAW length:32
04-11 20:24:36.501 E/RILC    (  370): Send Response to RIL_SOCKET_1
04-11 20:24:36.501 E/RILC    (  370): RIL Response bytes written:4
04-11 20:24:36.502 V/RILJ    ( 3447): [UNSL]< UNSOL_OEM_HOOK_RAW 514f454d484f4f4bef0308000100000000 [SUB0]
04-11 20:24:36.502 D/RILJ    ( 3447): Oem ID in RIL_UNSOL_OEM_HOOK_RAW is QOEMHOOK
04-11 20:24:36.502 D/RILJ    ( 3447): OEM ID check Passed
04-11 20:24:36.502 D/RILJ    ( 3447): Response ID in RIL_UNSOL_OEM_HOOK_RAW is 525295
04-11 20:24:36.502 D/RILJ    ( 3447): Response ID 525295 is not served in this process.
04-11 20:24:36.502 E/RILC    (  370): RIL Response bytes written:32
04-11 20:24:36.504 I/RILC    (  370): RIL_SOCKET_1 UNSOLICITED: UNSOL_RESPONSE_VOICE_NETWORK_STATE_CHANGED length:8
04-11 20:24:36.504 E/RILC    (  370): Send Response to RIL_SOCKET_1
04-11 20:24:36.505 E/RILC    (  370): RIL Response bytes written:4
04-11 20:24:36.505 D/RILJ    ( 3447): [UNSL]< UNSOL_RESPONSE_VOICE_NETWORK_STATE_CHANGED [SUB0]
04-11 20:24:36.505 D/RILJ    ( 3447): [4952]> OPERATOR [SUB0]
04-11 20:24:36.506 D/RILJ    ( 3447): [4953]> DATA_REGISTRATION_STATE [SUB0]
04-11 20:24:36.507 D/RILC    (  370): SOCKET RIL_SOCKET_1 REQUEST: OPERATOR length:8
04-11 20:24:36.508 E/RILC    (  370): RIL Response bytes written:8
04-11 20:24:36.509 D/RILJ    ( 3447): [4954]> VOICE_REGISTRATION_STATE [SUB0]
04-11 20:24:36.510 D/RILC    (  370): SOCKET RIL_SOCKET_1 REQUEST: DATA_REGISTRATION_STATE length:8
04-11 20:24:36.511 D/RILJ    ( 3447): [4955]> QUERY_NETWORK_SELECTION_MODE [SUB0]
04-11 20:24:36.514 D/RILC    (  370): SOCKET RIL_SOCKET_1 REQUEST: VOICE_REGISTRATION_STATE length:8
04-11 20:24:36.514 D/RILC    (  370): SOCKET RIL_SOCKET_1 REQUEST: QUERY_NETWORK_SELECTION_MODE length:8
04-11 20:24:36.524 D/RILC    (  370): RequestComplete, RIL_SOCKET_1
04-11 20:24:36.524 E/RILC    (  370): Send Response to RIL_SOCKET_1
04-11 20:24:36.524 E/RILC    (  370): RIL Response bytes written:4
04-11 20:24:36.524 D/RILJ    ( 3447): [4952]< OPERATOR {Orange, Orange, 26003} [SUB0]
04-11 20:24:36.524 E/RILC    (  370): RIL Response bytes written:72
04-11 20:24:36.529 D/RILC    (  370): RequestComplete, RIL_SOCKET_1
04-11 20:24:36.529 E/RILC    (  370): Send Response to RIL_SOCKET_1
04-11 20:24:36.529 E/RILC    (  370): RIL Response bytes written:4
04-11 20:24:36.530 D/RILJ    ( 3447): [4955]< QUERY_NETWORK_SELECTION_MODE {0} [SUB0]
04-11 20:24:36.530 E/RILC    (  370): RIL Response bytes written:20
04-11 20:24:36.531 D/RILC    (  370): RequestComplete, RIL_SOCKET_1
04-11 20:24:36.532 E/RILC    (  370): Send Response to RIL_SOCKET_1
04-11 20:24:36.532 E/RILC    (  370): RIL Response bytes written:4
04-11 20:24:36.532 E/RILC    (  370): RIL Response bytes written:136
04-11 20:24:36.532 D/RILJ    ( 3447): [4954]< VOICE_REGISTRATION_STATE {1, dff2, 02bec826, 3, null, null, null, 0, null, null, 1, null, null, 0, 1d8} [SUB0]
04-11 20:24:36.532 D/PHONE   ( 3447): [ServiceState] setVoiceRegState=0
04-11 20:24:36.532 E/PHONE   ( 3447): [ServiceState] setState deprecated use setVoiceRegState()
04-11 20:24:36.532 D/GsmSST  ( 3447): [GsmSST] LOGRadioInfo : In Service
04-11 20:24:36.533 D/RILC    (  370): RequestComplete, RIL_SOCKET_1
04-11 20:24:36.533 E/RILC    (  370): Send Response to RIL_SOCKET_1
04-11 20:24:36.533 E/RILC    (  370): RIL Response bytes written:4
04-11 20:24:36.533 E/RILC    (  370): RIL Response bytes written:120
04-11 20:24:36.533 D/RILJ    ( 3447): [4953]< DATA_REGISTRATION_STATE {1, dff2, 02bec826, 11, null, 20, null, null, null, null, null, 0} [SUB0]
04-11 20:24:36.534 D/GsmSST  ( 3447): isSFROperators result = false
04-11 20:24:36.534 D/PHONE   ( 3447): [ServiceState] setDataRegState=0
04-11 20:24:36.534 D/PHONE   ( 3447): [ServiceState] setDataRadioTechnology=11
04-11 20:24:36.534 D/GsmSST  ( 3447): [GsmSST] LOGRadioInfo : In Service
04-11 20:24:36.534 D/GsmSST  ( 3447): [GsmSST] handlPollStateResultMessage: GsmSST setDataRegState=0 regState=1 dataRadioTechnology=11
04-11 20:24:36.537 D/GsmSST  ( 3447): [GsmSST] Poll ServiceState done:  oldSS=[0 0 voice home data home Orange Orange 26003 Orange Orange 26003  UMTS HSPA CSS not supported -1 -1 RoamInd=-1 DefRoamInd=-1 EmergOnly=false IsDataRoamingFromRegistration=false mIsVoiceSearching=false mIsDataSearching=false mVoiceNetworkName=null mDataNetworkName=null Check64QAM0 Dual carrier0] newSS=[0 0 voice home data home Orange Orange 26003 Orange Orange 26003  UMTS HSPA CSS not supported -1 -1 RoamInd=-1 DefRoamInd=-1 EmergOnly=false IsDataRoamingFromRegistration=false mIsVoiceSearching=false mIsDataSearching=false mVoiceNetworkName=null mDataNetworkName=null Check64QAM0 Dual carrier0] oldMaxDataCalls=20 mNewMaxDataCalls=20 oldReasonDataDenied=-1 mNewReasonDataDenied=-1
04-11 20:24:36.537 D/PHONE   ( 3447): [ServiceState] setNullState=1
