04-11 20:23:01.392 D/RILC    (  370): SOCKET RIL_SOCKET_1 REQUEST: VOICE_REGISTRATION_STATE length:8
04-11 20:23:01.393 D/RILC    (  370): SOCKET RIL_SOCKET_1 REQUEST: QUERY_NETWORK_SELECTION_MODE length:8
04-11 20:23:01.393 I/RILC    (  370): RIL_SOCKET_1 UNSOLICITED: RIL_UNSOL_LTE_REJECT_CAUSE length:16
04-11 20:23:01.393 E/RILC    (  370): Send Response to RIL_SOCKET_1
04-11 20:23:01.394 E/RILC    (  370): RIL Response bytes written:4
04-11 20:23:01.394 E/RILC    (  370): RIL Response bytes written:16
04-11 20:23:01.394 D/RILJ    ( 3447): [UNSL]< RIL_UNSOL_LTE_REJECT_CAUSE {15} [SUB0]
04-11 20:23:01.400 D/RILC    (  370): RequestComplete, RIL_SOCKET_1
04-11 20:23:01.400 E/RILC    (  370): Send Response to RIL_SOCKET_1
04-11 20:23:01.400 E/RILC    (  370): RIL Response bytes written:4
04-11 20:23:01.400 E/RILC    (  370): RIL Response bytes written:120
04-11 20:23:01.401 D/RILJ    ( 3447): [4929]< DATA_REGISTRATION_STATE {1, dff2, 02bec826, 15, null, 20, null, null, null, null, null, 0} [SUB0]
04-11 20:23:01.401 D/GsmSST  ( 3447): isSFROperators result = false
04-11 20:23:01.401 D/PHONE   ( 3447): [ServiceState] setDataRegState=0
04-11 20:23:01.401 D/PHONE   ( 3447): [ServiceState] setDataRadioTechnology=15
04-11 20:23:01.401 D/GsmSST  ( 3447): [GsmSST] LOGRadioInfo : In Service
04-11 20:23:01.401 D/GsmSST  ( 3447): [GsmSST] handlPollStateResultMessage: GsmSST setDataRegState=0 regState=1 dataRadioTechnology=15
04-11 20:23:01.402 D/RILC    (  370): RequestComplete, RIL_SOCKET_1
04-11 20:23:01.402 E/RILC    (  370): Send Response to RIL_SOCKET_1
04-11 20:23:01.403 E/RILC    (  370): RIL Response bytes written:4
04-11 20:23:01.403 D/RILJ    ( 3447): [4928]< OPERATOR {Orange, Orange, 26003} [SUB0]
04-11 20:23:01.403 E/RILC    (  370): RIL Response bytes written:72
04-11 20:23:01.405 D/RILC    (  370): RequestComplete, RIL_SOCKET_1
04-11 20:23:01.405 E/RILC    (  370): Send Response to RIL_SOCKET_1
04-11 20:23:01.405 E/RILC    (  370): RIL Response bytes written:4
04-11 20:23:01.405 E/RILC    (  370): RIL Response bytes written:136
04-11 20:23:01.406 D/RILJ    ( 3447): [4930]< VOICE_REGISTRATION_STATE {1, dff2, 02bec826, 3, null, null, null, 0, null, null, 1, null, null, 0, 1d8} [SUB0]
04-11 20:23:01.406 D/PHONE   ( 3447): [ServiceState] setVoiceRegState=0
04-11 20:23:01.406 E/PHONE   ( 3447): [ServiceState] setState deprecated use setVoiceRegState()
04-11 20:23:01.406 D/GsmSST  ( 3447): [GsmSST] LOGRadioInfo : In Service
04-11 20:23:01.407 D/RILC    (  370): RequestComplete, RIL_SOCKET_1
04-11 20:23:01.407 E/RILC    (  370): Send Response to RIL_SOCKET_1
04-11 20:23:01.408 E/RILC    (  370): RIL Response bytes written:4
04-11 20:23:01.408 E/RILC    (  370): RIL Response bytes written:20
04-11 20:23:01.408 D/RILJ    ( 3447): [4931]< QUERY_NETWORK_SELECTION_MODE {0} [SUB0]
04-11 20:23:01.409 I/RILC    (  370): RIL_SOCKET_1 UNSOLICITED: UNSOL_RESPONSE_VOICE_NETWORK_STATE_CHANGED length:8
04-11 20:23:01.409 E/RILC    (  370): Send Response to RIL_SOCKET_1
04-11 20:23:01.409 E/RILC    (  370): RIL Response bytes written:4
04-11 20:23:01.409 E/RILC    (  370): RIL Response bytes written:8
04-11 20:23:01.409 D/RILJ    ( 3447): [UNSL]< UNSOL_RESPONSE_VOICE_NETWORK_STATE_CHANGED [SUB0]
04-11 20:23:01.410 I/RILC    (  370): RIL_SOCKET_1 UNSOLICITED: UNSOL_DATA_CALL_LIST_CHANGED length:428
04-11 20:23:01.410 E/RILC    (  370): Send Response to RIL_SOCKET_1
04-11 20:23:01.410 E/RILC    (  370): RIL Response bytes written:4
04-11 20:23:01.410 E/RILC    (  370): RIL Response bytes written:428
04-11 20:23:01.411 D/RILJ    ( 3447): responseDataCallList ver=11 num=1 [SUB0]
04-11 20:23:01.411 D/RILJ    ( 3447): getDataCallResponse before ver=11 [SUB0]
04-11 20:23:01.411 D/GsmSST  ( 3447): [GsmSST] Poll ServiceState done:  oldSS=[0 0 voice home data home Orange Orange 26003 Orange Orange 26003  UMTS HSPA CSS not supported -1 -1 RoamInd=-1 DefRoamInd=-1 EmergOnly=false IsDataRoamingFromRegistration=false mIsVoiceSearching=false mIsDataSearching=false mVoiceNetworkName=null mDataNetworkName=null Check64QAM0 Dual carrier0] newSS=[0 0 voice home data home Orange Orange 26003 Orange Orange 26003  UMTS HSPAP CSS not supported -1 -1 RoamInd=-1 DefRoamInd=-1 EmergOnly=false IsDataRoamingFromRegistration=false mIsVoiceSearching=false mIsDataSearching=false mVoiceNetworkName=null mDataNetworkName=null Check64QAM0 Dual carrier0] oldMaxDataCalls=20 mNewMaxDataCalls=20 oldReasonDataDenied=-1 mNewReasonDataDenied=-1
04-11 20:23:01.411 D/RILJ    ( 3447): [UNSL]< UNSOL_DATA_CALL_LIST_CHANGED [DataCallResponse: {version=11 status=0 retry=-1 cid=0 active=2 type=IPV6 ifname=rmnet_data0 mtu=1500 addresses=[2a00:0f41:509d:3c49:86de:75f7:213a:3588/64] dnses=[2a01:1700:0003:ffff:0000:0000:0000:9822,2a01:1700:0002:ffff:0000:0000:0000:9f01] gateways=[fe80:0000:0000:0000:88b0:3588:9bd1:5a35] pcscf=[]}] [SUB0]
04-11 20:23:01.411 D/PHONE   ( 3447): [ServiceState] setNullState=1
04-11 20:23:01.411 D/TelephonyManager( 3447): setTelephonyProperty: success phoneId=0 property=gsm.network.type value: UMTS propVal=UMTS
04-11 20:23:01.411 I/LG-FASTDORMANCY( 3447): [IDLE] Data call list changed.
04-11 20:23:01.412 I/LG-FASTDORMANCY( 3447): [IDLE] [DataCallResponse: {version=11 status=0 retry=-1 cid=0 active=2 type=IPV6 ifname=rmnet_data0 mtu=1500 addresses=[2a00:0f41:509d:3c49:86de:75f7:213a:3588/64] dnses=[2a01:1700:0003:ffff:0000:0000:0000:9822,2a01:1700:0002:ffff:0000:0000:0000:9f01] gateways=[fe80:0000:0000:0000:88b0:3588:9bd1:5a35] pcscf=[]}]
04-11 20:23:01.412 I/LG-FASTDORMANCY( 3447): [IDLE] prev:[IDLE] , curr:false
04-11 20:23:01.412 D/QtiGsmDCT( 3447): [0]fetchDunApn: Ignore the dun apn in settings.db
04-11 20:23:01.413 D/LG-FASTDORMANCY( 3447): [IDLE] isUMTS(): RadioTech(15)
04-11 20:23:01.413 D/LG-FASTDORMANCY( 3447): [IDLE] Exit from IDLE State
04-11 20:23:01.413 D/LG-FASTDORMANCY( 3447): [DCH/FACH] FDCount : 0 Enter to DCH or FACH State
04-11 20:23:01.414 D/LG-FASTDORMANCY( 3447): [DCH/FACH] FDCount : 0 isUMTS(): RadioTech(15)
04-11 20:23:01.414 I/LG-FASTDORMANCY( 3447): [DCH/FACH] FDCount : 0 Scheduling checkNetStat for 1000msec, current state is [DCH/FACH] FDCount : 0 
04-11 20:23:01.414 D/SIMRecords( 3447): [SIMRecords] getServiceProviderName: no brandOverride
04-11 20:23:01.414 D/SIMRecords( 3447): [SIMRecords] getServiceProviderName: providerName=Orange
04-11 20:23:01.414 D/SIMRecords( 3447): [SIMRecords] getServiceProviderName: no brandOverride
04-11 20:23:01.414 D/SIMRecords( 3447): [SIMRecords] getServiceProviderName: providerName=Orange
04-11 20:23:01.414 D/GSMPhoneEx( 3447): grandblue SpnMvno = Orange operator = 26003 simMcc  = 260 simMnc  = 03
04-11 20:23:01.414 D/GSMPhoneEx( 3447): grandblue after SpnMvno = Orange operator = 26003 simMcc  = 260 simMnc  = 03
04-11 20:23:01.415 D/TelephonyManager( 3447): setTelephonyProperty: success phoneId=0 property=gsm.operator.alpha value: Orange propVal=Orange
04-11 20:23:01.416 D/TelephonyManager( 3447): setTelephonyProperty: success phoneId=0 property=gsm.operator.numeric value: 26003 propVal=26003
04-11 20:23:01.417 D/TelephonyManager( 3447): setTelephonyProperty: success phoneId=0 property=gsm.operator.iso-country value: pl propVal=pl
04-11 20:23:01.418 D/GsmSST  ( 3447): [GsmSST] shouldFixTimeZoneNow: retVal=false iccCardExist=true operatorNumeric=26003 mcc=260 prevOperatorNumeric=26003 prevMcc=260 needToFixTimeZone=false ltod=04-11 20:23:01.418
04-11 20:23:01.418 D/TelephonyManager( 3447): setTelephonyProperty: success phoneId=0 property=gsm.operator.isroaming value: false propVal=false
04-11 20:23:01.419 D/TelephonyManager( 3447): setTelephonyProperty: success phoneId=0 property=ril.cdma.voiceinservice value: true propVal=true
04-11 20:23:01.419 D/GsmSST  ( 3447): [GsmSST] Broadcasting ServiceState : 0 0 voice home data home Orange Orange 26003 Orange Orange 26003  UMTS HSPAP CSS not supported -1 -1 RoamInd=-1 DefRoamInd=-1 EmergOnly=false IsDataRoamingFromRegistration=false mIsVoiceSearching=false mIsDataSearching=false mVoiceNetworkName=null mDataNetworkName=null Check64QAM0 Dual carrier0
04-11 20:23:01.420 D/DefaultPhoneNotifier( 3447): nofityServiceState: mRegistry=com.android.internal.telephony.ITelephonyRegistry$Stub$Proxy@ced2ad0 ss=0 0 voice home data home Orange Orange 26003 Orange Orange 26003  UMTS HSPAP CSS not supported -1 -1 RoamInd=-1 DefRoamInd=-1 EmergOnly=false IsDataRoamingFromRegistration=false mIsVoiceSearching=false mIsDataSearching=false mVoiceNetworkName=null mDataNetworkName=null Check64QAM0 Dual carrier0 sender=Handler (com.qti.internal.telephony.gsm.QtiGSMPhone) {560d91e} phondId=0 subId=2
04-11 20:23:01.429 D/SubscriptionManager( 1891): getSimStateForSubscriber: simState=5 slotIdx=0
04-11 20:23:01.431 D/GsmSST  ( 3447): [GsmSST] notifyDataRegStateRilRadioTechnologyChanged: drs=0 rat=15
04-11 20:23:01.431 D/TelephonyManager( 3447): setTelephonyProperty: success phoneId=0 property=gsm.network.type value: HSPAP propVal=HSPAP
04-11 20:23:01.432 D/QtiGsmDCT( 3447): [0]get all active apn types
04-11 20:23:01.434 D/QtiGsmDCT( 3447): [0]return link properites for default
04-11 20:23:01.435 D/QtiGsmDCT( 3447): [0]getDataEnabled: getIntWithSubId retVal=true
04-11 20:23:01.452 D/QtiGsmDCT( 3447): [0]fetchDunApn: config_tether_apndata dunSetting=null
04-11 20:23:01.452 D/DC-1    ( 3447): isInternetRequested = true
04-11 20:23:01.452 D/Dcc     ( 3447): onDataStateChanged: dcsList=[DataCallResponse: {version=11 status=0 retry=-1 cid=0 active=2 type=IPV6 ifname=rmnet_data0 mtu=1500 addresses=[2a00:0f41:509d:3c49:86de:75f7:213a:3588/64] dnses=[2a01:1700:0003:ffff:0000:0000:0000:9822,2a01:1700:0002:ffff:0000:0000:0000:9f01] gateways=[fe80:0000:0000:0000:88b0:3588:9bd1:5a35] pcscf=[]}] mDcListActiveByCid={0={DC-1: State=DcActiveState mApnSetting=[ApnSettingV3] Orange Internet, 695, 26003, internetipv6, , , , , , 1, default | dun | hipri | supl, IPV6, IP, true, 0, 0, 1, false, 0, 0, 0, 0, , , 0, ,  RefCount=1 mCid=0 mCreateTime=-1 mLastastFailTime=-1 mLastFailCause=NONE mTag=2 mRetryManager=RetryManager: { forever=false maxRetry=10 curMaxRetry=0 retry=0 config={default_randomization=2000,5000,10000,20000,40000,80000:5000,160000:5000,320000:5000,640000:5000,1280000:5000,1800000:5000} retryArray={5000:2000 10000:2000 20000:2000 40000:2000 80000:5000 160000:5000 320000:5000 640000:5000 1280000:5000 1800000:5000 }} mLinkProperties={InterfaceName: rmnet_data0 LinkAddresses: [2a00:f41:509d:3c49:86de:75f7:213a:3588/64,]  Routes: [::/0 -> fe80::88b0:3588:9bd1:5a35 rmnet_data0,] DnsAddresses: [2a01:1700:3:ffff::9822,2a01:1700:2:ffff::9f01,] Domains: null MTU: 1500 TcpBufferSizes: 40778,244668,3461120,16777,140625,3461120} linkCapabilities=[ Transports: CELLULAR Capabilities: SUPL&DUN&INTERNET&NOT_RESTRICTED&TRUSTED&NOT_VPN LinkUpBandwidth>=5898Kbps LinkDnBandwidth>=14336Kbps Specifier: <2>] mApnContexts=[{mApnType=default mState=CONNECTED mWaitingApns={[[ApnSettingV3] Orange Internet, 695, 26003, internetipv6, , , , , , 1, default | dun | hipri | supl, IPV6, IP, true, 0, 0, 1, false, 0, 0, 0, 0, , , 0, , ]} mWaitingApnsPermanentFailureCountDown=1 mApnSetting={[ApnSettingV3] Orange Internet, 695, 26003, internetipv6, , , , , , 1, default | dun | hipri | supl, IPV6, IP, true, 0, 0, 1, false, 0, 0, 0, 0, , , 0, , } mReason=connected mDataEnabled=true mDependencyMet=true}]}}
04-11 20:23:01.452 D/Dcc     ( 3447): onDataStateChanged: dcsToRetry=[]
04-11 20:23:01.453 D/Dcc     ( 3447): onDataStateChanged: Found ConnId=0 newState=DataCallResponse: {version=11 status=0 retry=-1 cid=0 active=2 type=IPV6 ifname=rmnet_data0 mtu=1500 addresses=[2a00:0f41:509d:3c49:86de:75f7:213a:3588/64] dnses=[2a01:1700:0003:ffff:0000:0000:0000:9822,2a01:1700:0002:ffff:0000:0000:0000:9f01] gateways=[fe80:0000:0000:0000:88b0:3588:9bd1:5a35] pcscf=[]}
04-11 20:23:01.453 D/DataCallResponse( 3447): addr/pl=2a00:0f41:509d:3c49:86de:75f7:213a:3588/64
04-11 20:23:01.453 D/DC-1    ( 3447): MTU set by call response to: 1500
04-11 20:23:01.453 D/Dcc     ( 3447): onDataStateChanged: no change
04-11 20:23:01.453 D/Dcc     ( 3447): onDataStateChanged: Data Activity updated to NONE. isAnyDataCallActive = true isAnyDataCallDormant = false
04-11 20:23:01.453 D/Dcc     ( 3447): onDataStateChanged: Skip startNetStatPoll
04-11 20:23:01.453 D/Dcc     ( 3447): onDataStateChanged: dcsToRetry=[] apnsToCleanup=[]
04-11 20:23:01.453 D/Dcc     ( 3447): onDataStateChanged: X
04-11 20:23:01.453 D/DC-1    ( 3447): DcActiveState not handled msg.what=EVENT_DATA_CONNECTION_DRS_OR_RAT_CHANGED
04-11 20:23:01.453 D/DC-1    ( 3447): DcDefault msg=EVENT_DATA_CONNECTION_DRS_OR_RAT_CHANGED RefCount=1
04-11 20:23:01.453 D/DC-1    ( 3447): DcDefaultState: EVENT_DATA_CONNECTION_DRS_OR_RAT_CHANGED drs=0 mRilRat=15
04-11 20:23:01.454 D/QtiGsmDCT( 3447): [0]fetchDunApn: Ignore the dun apn in settings.db
04-11 20:23:01.484 D/QtiGsmDCT( 3447): [0]fetchDunApn: config_tether_apndata dunSetting=null
04-11 20:23:01.484 D/DC-1    ( 3447): isInternetRequested = true
04-11 20:23:01.484 D/DC-1    ( 3447): DcActiveState not handled msg.what=REQ_GET_LINK_PROPERTIES
04-11 20:23:01.484 D/DC-1    ( 3447): DcDefault msg=REQ_GET_LINK_PROPERTIES RefCount=1
04-11 20:23:01.485 D/DC-1    ( 3447): REQ_GET_LINK_PROPERTIES linkProperties{InterfaceName: rmnet_data0 LinkAddresses: [2a00:f41:509d:3c49:86de:75f7:213a:3588/64,]  Routes: [::/0 -> fe80::88b0:3588:9bd1:5a35 rmnet_data0,] DnsAddresses: [2a01:1700:3:ffff::9822,2a01:1700:2:ffff::9f01,] Domains: null MTU: 1500 TcpBufferSizes: 122334,734003,3461120,32040,192239,3461120}
04-11 20:23:01.485 D/QtiGsmDCT( 3447): [0]get active pdp is not null, return NetworkCapabilities for default
04-11 20:23:01.485 D/DC-1    ( 3447): DcActiveState not handled msg.what=REQ_GET_NETWORK_CAPABILITIES
04-11 20:23:01.485 D/DC-1    ( 3447): DcDefault msg=REQ_GET_NETWORK_CAPABILITIES RefCount=1
04-11 20:23:01.485 D/QtiGsmDCT( 3447): [0]fetchDunApn: Ignore the dun apn in settings.db
04-11 20:23:01.510 D/QtiGsmDCT( 3447): [0]fetchDunApn: config_tether_apndata dunSetting=null
04-11 20:23:01.510 D/DC-1    ( 3447): isInternetRequested = true
04-11 20:23:01.510 D/DC-1    ( 3447): REQ_GET_NETWORK_CAPABILITIES networkCapabilities[ Transports: CELLULAR Capabilities: SUPL&DUN&INTERNET&NOT_RESTRICTED&TRUSTED&NOT_VPN LinkUpBandwidth>=11264Kbps LinkDnBandwidth>=43008Kbps Specifier: <2>]
04-11 20:23:01.511 D/QtiGsmDCT( 3447): [0]isDataPossible(default): possible=true isDataAllowed=true apnTypePossible=true apnContextisEnabled=true apnContextState()=CONNECTED
04-11 20:23:01.511 D/QtiGsmDCT( 3447): [0]get active apn string for type:default
04-11 20:23:01.511 D/DCT     ( 3447): [ApnContext:default] getApnSetting: apnSetting=[ApnSettingV3] Orange Internet, 695, 26003, internetipv6, , , , , , 1, default | dun | hipri | supl, IPV6, IP, true, 0, 0, 1, false, 0, 0, 0, 0, , , 0, , 
04-11 20:23:01.513 D/TelephonyRegistry( 1891): Notify data connection state changed on sub: 2
04-11 20:23:01.513 D/TelephonyRegistry( 1891): Notify data connection state changed on sub: 2
04-11 20:23:01.514 D/TelephonyRegistry( 1891): Notify data connection state changed on sub: 2
04-11 20:23:01.514 D/TelephonyRegistry( 1891): Notify data connection state changed on sub: 2
04-11 20:23:01.514 D/TelephonyRegistry( 1891): Notify data connection state changed on sub: 2
04-11 20:23:01.514 D/TelephonyRegistry( 1891): broadcastPreciseDataConnectionStateChanged():state=2, apnType=default, smCause=(0), reason=null
04-11 20:23:01.516 D/RILJ    ( 3447): [4932]> OPERATOR [SUB0]
04-11 20:23:01.517 D/RILJ    ( 3447): [4933]> DATA_REGISTRATION_STATE [SUB0]
04-11 20:23:01.518 D/RILC    (  370): SOCKET RIL_SOCKET_1 REQUEST: OPERATOR length:8
04-11 20:23:01.518 D/RILJ    ( 3447): [4934]> VOICE_REGISTRATION_STATE [SUB0]
04-11 20:23:01.519 D/RILC    (  370): SOCKET RIL_SOCKET_1 REQUEST: DATA_REGISTRATION_STATE length:8
04-11 20:23:01.520 D/RILJ    ( 3447): [4935]> QUERY_NETWORK_SELECTION_MODE [SUB0]
04-11 20:23:01.520 D/RILC    (  370): SOCKET RIL_SOCKET_1 REQUEST: VOICE_REGISTRATION_STATE length:8
04-11 20:23:01.522 D/QtiGsmDCT( 3447): [0]QtiDcTracker handleMessage msg={ when=-111ms what=270340 obj=android.os.AsyncResult@bf411aa target=com.qti.internal.telephony.dataconnection.QtiDcTracker }
04-11 20:23:01.522 D/QtiGsmDCT( 3447): [0]handleMessage msg={ when=-112ms what=270340 obj=android.os.AsyncResult@bf411aa target=com.qti.internal.telephony.dataconnection.QtiDcTracker }
04-11 20:23:01.523 E/DATA    ( 3447): Unidentified event msg={ when=-112ms what=270340 obj=android.os.AsyncResult@bf411aa target=com.qti.internal.telephony.dataconnection.QtiDcTracker }
04-11 20:23:01.523 D/RILC    (  370): RequestComplete, RIL_SOCKET_1
04-11 20:23:01.523 D/QtiGsmDCT( 3447): [0]QtiDcTracker handleMessage msg={ when=-91ms what=270377 obj=android.os.AsyncResult@7c9819b target=com.qti.internal.telephony.dataconnection.QtiDcTracker }
04-11 20:23:01.523 E/RILC    (  370): Send Response to RIL_SOCKET_1
04-11 20:23:01.523 D/QtiGsmDCT( 3447): [0]handleMessage msg={ when=-91ms what=270377 obj=android.os.AsyncResult@7c9819b target=com.qti.internal.telephony.dataconnection.QtiDcTracker }
04-11 20:23:01.523 E/RILC    (  370): RIL Response bytes written:4
04-11 20:23:01.523 E/RILC    (  370): RIL Response bytes written:72
04-11 20:23:01.523 D/QtiGsmDCT( 3447): [0]onUpdateIcc: newIccRecords com.android.internal.telephony.uicc.SIMRecords
04-11 20:23:01.523 D/RILJ    ( 3447): [4932]< OPERATOR {Orange, Orange, 26003} [SUB0]
04-11 20:23:01.524 D/RILC    (  370): SOCKET RIL_SOCKET_1 REQUEST: QUERY_NETWORK_SELECTION_MODE length:8
04-11 20:23:01.524 V/LG-FASTDORMANCY( 3447): [DCH/FACH] FDCount : 0 intent received :android.intent.action.SERVICE_STATE
04-11 20:23:01.524 E/PHONE   ( 3447): ServiceState.getRadioTechnology() DEPRECATED will be removed *******
04-11 20:23:01.524 I/LG-FASTDORMANCY( 3447): [DCH/FACH] FDCount : 0 Service State is changed : 0 0 voice home data home Orange Orange 26003 Orange Orange 26003  UMTS HSPAP CSS not supported -1 -1 RoamInd=-1 DefRoamInd=-1 EmergOnly=false IsDataRoamingFromRegistration=false mIsVoiceSearching=false mIsDataSearching=false mVoiceNetworkName=null mDataNetworkName=null Check64QAM0 Dual carrier0
04-11 20:23:01.524 I/LG-FASTDORMANCY( 3447): [DCH/FACH] FDCount : 0 radioTech changed!! currenRT = 15 isChange?? true
04-11 20:23:01.525 I/LG-FASTDORMANCY( 3447): [DCH/FACH] FDCount : 0 Radio Tech changed.
04-11 20:23:01.527 D/LG-FASTDORMANCY( 3447): [DCH/FACH] FDCount : 0 isUMTS(): RadioTech(15)
04-11 20:23:01.527 D/GsmSST  ( 3447): [GsmSST] getCellLocation(): X good mCellLoc=[57330,46057510,472]
04-11 20:23:01.527 D/RILC    (  370): RequestComplete, RIL_SOCKET_1
04-11 20:23:01.527 E/RILC    (  370): Send Response to RIL_SOCKET_1
04-11 20:23:01.527 E/RILC    (  370): RIL Response bytes written:4
04-11 20:23:01.527 E/RILC    (  370): RIL Response bytes written:120
04-11 20:23:01.528 D/RILJ    ( 3447): [4933]< DATA_REGISTRATION_STATE {1, dff2, 02bec826, 15, null, 20, null, null, null, null, null, 0} [SUB0]
04-11 20:23:01.529 D/RILC    (  370): RequestComplete, RIL_SOCKET_1
04-11 20:23:01.529 E/RILC    (  370): Send Response to RIL_SOCKET_1
04-11 20:23:01.529 E/RILC    (  370): RIL Response bytes written:4
04-11 20:23:01.529 E/RILC    (  370): RIL Response bytes written:136
04-11 20:23:01.529 D/RILJ    ( 3447): [4934]< VOICE_REGISTRATION_STATE {1, dff2, 02bec826, 3, null, null, null, 0, null, null, 1, null, null, 0, 1d8} [SUB0]
04-11 20:23:01.530 D/RILC    (  370): RequestComplete, RIL_SOCKET_1
04-11 20:23:01.530 E/RILC    (  370): Send Response to RIL_SOCKET_1
04-11 20:23:01.530 D/QtiGsmDCT( 3447): [0]getDataEnabled: getIntWithSubId retVal=true
04-11 20:23:01.530 E/RILC    (  370): RIL Response bytes written:4
04-11 20:23:01.531 D/RILJ    ( 3447): [4935]< QUERY_NETWORK_SELECTION_MODE {0} [SUB0]
04-11 20:23:01.531 D/QtiGsmDCT( 3447): [0]getDataOnRoamingEnabled: phoneSubId=2 isDataRoamingEnabled=false
04-11 20:23:01.531 D/QtiGsmDCT( 3447): [0]getDataEnabled: getIntWithSubId retVal=true
04-11 20:23:01.532 D/GsmSST  ( 3447): isSFROperators result = false
04-11 20:23:01.532 D/PHONE   ( 3447): [ServiceState] setDataRegState=0
04-11 20:23:01.532 D/PHONE   ( 3447): [ServiceState] setDataRadioTechnology=15
04-11 20:23:01.532 D/GsmSST  ( 3447): [GsmSST] LOGRadioInfo : In Service
04-11 20:23:01.532 D/GsmSST  ( 3447): [GsmSST] handlPollStateResultMessage: GsmSST setDataRegState=0 regState=1 dataRadioTechnology=15
04-11 20:23:01.532 D/PHONE   ( 3447): [ServiceState] setVoiceRegState=0
04-11 20:23:01.532 E/PHONE   ( 3447): [ServiceState] setState deprecated use setVoiceRegState()
04-11 20:23:01.532 D/GsmSST  ( 3447): [GsmSST] LOGRadioInfo : In Service
04-11 20:23:01.532 E/RILC    (  370): RIL Response bytes written:20
04-11 20:23:01.535 D/GsmSST  ( 3447): [GsmSST] Poll ServiceState done:  oldSS=[0 0 voice home data home Orange Orange 26003 Orange Orange 26003  UMTS HSPAP CSS not supported -1 -1 RoamInd=-1 DefRoamInd=-1 EmergOnly=false IsDataRoamingFromRegistration=false mIsVoiceSearching=false mIsDataSearching=false mVoiceNetworkName=null mDataNetworkName=null Check64QAM0 Dual carrier0] newSS=[0 0 voice home data home Orange Orange 26003 Orange Orange 26003  UMTS HSPAP CSS not supported -1 -1 RoamInd=-1 DefRoamInd=-1 EmergOnly=false IsDataRoamingFromRegistration=false mIsVoiceSearching=false mIsDataSearching=false mVoiceNetworkName=null mDataNetworkName=null Check64QAM0 Dual carrier0] oldMaxDataCalls=20 mNewMaxDataCalls=20 oldReasonDataDenied=-1 mNewReasonDataDenied=-1
04-11 20:23:01.535 D/PHONE   ( 3447): [ServiceState] setNullState=1
04-11 20:23:01.540 D/RILJ    ( 3447): [4936]> REQUEST_GET_NEIGHBORING_CELL_IDS [SUB0]
04-11 20:23:01.542 D/RILC    (  370): SOCKET RIL_SOCKET_1 REQUEST: GET_NEIGHBORING_CELL_IDS length:8
04-11 20:23:01.542 I/RILQ    (  370): (0/370):RIL[0][main] qcril_qmi_nas_get_neighboring_cell_ids: completed with 0
04-11 20:23:01.544 I/RILQ    (  370): (0/370):RIL[0][qmi_cb] qcril_qmi_nas_get_neighboring_cells_cb: .. qmi error 0, resultqmi  0, qmi transp_err 0, ril res 0
04-11 20:23:01.545 D/RILC    (  370): RequestComplete, RIL_SOCKET_1
04-11 20:23:01.545 E/RILC    (  370): Send Response to RIL_SOCKET_1
04-11 20:23:01.545 E/RILC    (  370): RIL Response bytes written:4
04-11 20:23:01.545 E/RILC    (  370): RIL Response bytes written:128
04-11 20:23:01.546 I/RILQ    (  370): (0/370):RIL[0][qmi_cb] qcril_qmi_nas_get_neighboring_cells_cb: completed with 0 with 4 entries
04-11 20:23:01.548 D/RILJ    ( 3447): [4936]< REQUEST_GET_NEIGHBORING_CELL_IDS {[[]] [[]] [[]] [[]] } [SUB0]
04-11 20:23:01.550 D/RILJ    ( 3447): [4937]> RIL_REQUEST_GET_CELL_INFO_LIST [SUB0]
04-11 20:23:01.551 D/RILC    (  370): SOCKET RIL_SOCKET_1 REQUEST: GET_CELL_INFO_LIST length:8
04-11 20:23:01.554 D/RILC    (  370): RequestComplete, RIL_SOCKET_1
04-11 20:23:01.554 E/RILC    (  370): Send Response to RIL_SOCKET_1
04-11 20:23:01.555 E/RILC    (  370): RIL Response bytes written:4
04-11 20:23:01.555 E/RILC    (  370): RIL Response bytes written:256
04-11 20:23:01.556 D/RILJ    ( 3447): [4937]< RIL_REQUEST_GET_CELL_INFO_LIST [CellInfoWcdma:{mRegistered=YES mTimeStampType=oem_ril mTimeStamp=1880267521204ns CellIdentityWcdma:{ mMcc=260 mMnc=3 mLac=57330 mCid=46057510 mPsc=472} CellSignalStrengthWcdma: ss=14 ber=99}, CellInfoWcdma:{mRegistered=NO mTimeStampType=oem_ril mTimeStamp=1880267521204ns CellIdentityWcdma:{ mMcc=2147483647 mMnc=2147483647 mLac=2147483647 mCid=2147483647 mPsc=294} CellSignalStrengthWcdma: ss=14 ber=99}, CellInfoWcdma:{mRegistered=NO mTimeStampType=oem_ril mTimeStamp=1880267521204ns CellIdentityWcdma:{ mMcc=2147483647 mMnc=2147483647 mLac=2147483647 mCid=2147483647 mPsc=20} CellSignalStrengthWcdma: ss=12 ber=99}, CellInfoWcdma:{mRegistered=NO mTimeStampType=oem_ril mTimeStamp=1880267521204ns CellIdentityWcdma:{ mMcc=2147483647 mMnc=2147483647 mLac=2147483647 mCid=2147483647 mPsc=62} CellSignalStrengthWcdma: ss=12 ber=99}, CellInfoWcdma:{mRegistered=NO mTimeStampType=oem_ril mTimeStamp=1880267521204ns CellIdentityWcdma:{ mMcc=2147483647 mMnc=2147483647 mLac=2147483647 mCid=2147483647 mPsc=382} CellSignalStrengthWcdma: ss=10 ber=99}] [SUB0]
04-11 20:23:01.557 D/GsmSST  ( 3447): [GsmSST] SST.getAllCellInfo(): X size=5 list=[CellInfoWcdma:{mRegistered=YES mTimeStampType=oem_ril mTimeStamp=1880267521204ns CellIdentityWcdma:{ mMcc=260 mMnc=3 mLac=57330 mCid=46057510 mPsc=472} CellSignalStrengthWcdma: ss=14 ber=99}, CellInfoWcdma:{mRegistered=NO mTimeStampType=oem_ril mTimeStamp=1880267521204ns CellIdentityWcdma:{ mMcc=2147483647 mMnc=2147483647 mLac=2147483647 mCid=2147483647 mPsc=294} CellSignalStrengthWcdma: ss=14 ber=99}, CellInfoWcdma:{mRegistered=NO mTimeStampType=oem_ril mTimeStamp=1880267521204ns CellIdentityWcdma:{ mMcc=2147483647 mMnc=2147483647 mLac=2147483647 mCid=2147483647 mPsc=20} CellSignalStrengthWcdma: ss=12 ber=99}, CellInfoWcdma:{mRegistered=NO mTimeStampType=oem_ril mTimeStamp=1880267521204ns CellIdentityWcdma:{ mMcc=2147483647 mMnc=2147483647 mLac=2147483647 mCid=2147483647 mPsc=62} CellSignalStrengthWcdma: ss=12 ber=99}, CellInfoWcdma:{mRegistered=NO mTimeStampType=oem_ril mTimeStamp=1880267521204ns CellIdentityWcdma:{ mMcc=2147483647 mMnc=2147483647 mLac=2147483647 mCid=2147483647 mPsc=382} CellSignalStrengthWcdma: ss=10 ber=99}]
04-11 20:23:01.560 D/GsmSST  ( 3447): [GsmSST] getCellLocation(): X good mCellLoc=[57330,46057510,472]
04-11 20:23:02.423 V/LG-FASTDORMANCY( 3447): [DCH/FACH] FDCount : 0 intent received :com.android.internal.telephony.ACTION_CHECK_NETSTAT
04-11 20:23:02.426 V/LG-FASTDORMANCY( 3447): [DCH/FACH] FDCount : 0 prev: TxPkts(19121), RxPkts(22647)
04-11 20:23:02.426 V/LG-FASTDORMANCY( 3447): [DCH/FACH] FDCount : 0 curr: TxPkts(19124), RxPkts(22650)
04-11 20:23:02.427 I/LG-FASTDORMANCY( 3447): [DCH/FACH] FDCount : 0 Scheduling checkNetStat for 1000msec, current state is [DCH/FACH] FDCount : 0 
04-11 20:23:03.432 V/LG-FASTDORMANCY( 3447): [DCH/FACH] FDCount : 0 intent received :com.android.internal.telephony.ACTION_CHECK_NETSTAT
04-11 20:23:03.436 V/LG-FASTDORMANCY( 3447): [DCH/FACH] FDCount : 0 prev: TxPkts(19124), RxPkts(22650)
04-11 20:23:03.436 V/LG-FASTDORMANCY( 3447): [DCH/FACH] FDCount : 0 curr: TxPkts(19124), RxPkts(22650)
04-11 20:23:03.437 I/LG-FASTDORMANCY( 3447): [DCH/FACH] FDCount : 1 Scheduling checkNetStat for 1000msec, current state is [DCH/FACH] FDCount : 1 
04-11 20:23:04.442 V/LG-FASTDORMANCY( 3447): [DCH/FACH] FDCount : 1 intent received :com.android.internal.telephony.ACTION_CHECK_NETSTAT
04-11 20:23:04.444 V/LG-FASTDORMANCY( 3447): [DCH/FACH] FDCount : 1 prev: TxPkts(19124), RxPkts(22650)
04-11 20:23:04.445 V/LG-FASTDORMANCY( 3447): [DCH/FACH] FDCount : 1 curr: TxPkts(19124), RxPkts(22650)
04-11 20:23:04.445 I/LG-FASTDORMANCY( 3447): [DCH/FACH] FDCount : 2 Scheduling checkNetStat for 1000msec, current state is [DCH/FACH] FDCount : 2 
04-11 20:23:05.450 V/LG-FASTDORMANCY( 3447): [DCH/FACH] FDCount : 2 intent received :com.android.internal.telephony.ACTION_CHECK_NETSTAT
04-11 20:23:05.455 V/LG-FASTDORMANCY( 3447): [DCH/FACH] FDCount : 2 prev: TxPkts(19124), RxPkts(22650)
04-11 20:23:05.455 V/LG-FASTDORMANCY( 3447): [DCH/FACH] FDCount : 2 curr: TxPkts(19124), RxPkts(22650)
04-11 20:23:05.456 I/LG-FASTDORMANCY( 3447): [DCH/FACH] FDCount : 3 Scheduling checkNetStat for 1000msec, current state is [DCH/FACH] FDCount : 3 
04-11 20:23:06.460 V/LG-FASTDORMANCY( 3447): [DCH/FACH] FDCount : 3 intent received :com.android.internal.telephony.ACTION_CHECK_NETSTAT
04-11 20:23:06.464 V/LG-FASTDORMANCY( 3447): [DCH/FACH] FDCount : 3 prev: TxPkts(19124), RxPkts(22650)
04-11 20:23:06.464 V/LG-FASTDORMANCY( 3447): [DCH/FACH] FDCount : 3 curr: TxPkts(19124), RxPkts(22650)
04-11 20:23:06.464 I/LG-FASTDORMANCY( 3447): [DCH/FACH] FDCount : 4 Scheduling checkNetStat for 1000msec, current state is [DCH/FACH] FDCount : 4 
04-11 20:23:07.470 V/LG-FASTDORMANCY( 3447): [DCH/FACH] FDCount : 4 intent received :com.android.internal.telephony.ACTION_CHECK_NETSTAT
04-11 20:23:07.474 V/LG-FASTDORMANCY( 3447): [DCH/FACH] FDCount : 4 prev: TxPkts(19124), RxPkts(22650)
04-11 20:23:07.474 V/LG-FASTDORMANCY( 3447): [DCH/FACH] FDCount : 4 curr: TxPkts(19124), RxPkts(22650)
04-11 20:23:07.475 I/LG-FASTDORMANCY( 3447): [DCH/FACH] FDCount : 5 Scheduling checkNetStat for 1000msec, current state is [DCH/FACH] FDCount : 5 
04-11 20:23:08.479 V/LG-FASTDORMANCY( 3447): [DCH/FACH] FDCount : 5 intent received :com.android.internal.telephony.ACTION_CHECK_NETSTAT
04-11 20:23:08.484 V/LG-FASTDORMANCY( 3447): [DCH/FACH] FDCount : 5 prev: TxPkts(19124), RxPkts(22650)
04-11 20:23:08.484 V/LG-FASTDORMANCY( 3447): [DCH/FACH] FDCount : 5 curr: TxPkts(19124), RxPkts(22650)
04-11 20:23:08.484 V/LG-FASTDORMANCY( 3447): [DCH/FACH] FDCount : 6 isRetryNeeded(): mRetryCount: 0, MaxRetry: 1
04-11 20:23:08.485 D/LG-FASTDORMANCY( 3447): [DCH/FACH] FDCount : 6 isUMTS(): RadioTech(15)
04-11 20:23:08.485 D/LG-FASTDORMANCY( 3447): [DCH/FACH] FDCount : 6 triggerGoDormant() using qcRilGoDormant with GO_DORMANT_INTERFACE_ALL
04-11 20:23:08.488 E/RILQ    (  370): (0/370): RIL[0][oem_socket0] void qcril_qmi_generic_socket_agent::recv_thread_func(): read 4 bytes length message with length 28
04-11 20:23:08.489 E/RILQ    (  370): (0/370): RIL[0][oem_socket0] qcril_data_iface_go_dormant:  binding v6 handle to IPV6 family failed rc=-1, qmi_err=0
04-11 20:23:08.496 E/RILQ    (  370): (0/370): RIL[0][oem_socket0] qcril_data_process_qcrilhook_go_dormant: invalid dev_instance [-1] derived for index [1]
04-11 20:23:08.496 E/RILQ    (  370): (0/370): RIL[0][oem_socket0] qcril_data_process_qcrilhook_go_dormant: invalid dev_instance [-1] derived for index [2]
04-11 20:23:08.496 E/RILQ    (  370): (0/370): RIL[0][oem_socket0] qcril_data_process_qcrilhook_go_dormant: invalid dev_instance [-1] derived for index [3]
04-11 20:23:08.496 E/RILQ    (  370): (0/370): RIL[0][oem_socket0] qcril_data_process_qcrilhook_go_dormant: invalid dev_instance [-1] derived for index [4]
04-11 20:23:08.496 E/RILQ    (  370): (0/370): RIL[0][oem_socket0] qcril_data_process_qcrilhook_go_dormant: invalid dev_instance [-1] derived for index [5]
04-11 20:23:08.496 E/RILQ    (  370): (0/370): RIL[0][oem_socket0] qcril_data_process_qcrilhook_go_dormant: invalid dev_instance [-1] derived for index [6]
04-11 20:23:08.496 E/RILQ    (  370): (0/370): RIL[0][oem_socket0] qcril_data_process_qcrilhook_go_dormant: invalid dev_instance [-1] derived for index [7]
04-11 20:23:08.496 E/RILQ    (  370): (0/370): RIL[0][oem_socket0] qcril_data_process_qcrilhook_go_dormant: invalid dev_instance [-1] derived for index [8]
04-11 20:23:08.496 E/RILQ    (  370): (0/370): RIL[0][oem_socket0] qcril_data_process_qcrilhook_go_dormant: invalid dev_instance [-1] derived for index [9]
04-11 20:23:08.496 E/RILQ    (  370): (0/370): RIL[0][oem_socket0] qcril_data_process_qcrilhook_go_dormant: invalid dev_instance [-1] derived for index [10]
04-11 20:23:08.496 E/RILQ    (  370): (0/370): RIL[0][oem_socket0] qcril_data_process_qcrilhook_go_dormant: invalid dev_instance [-1] derived for index [11]
04-11 20:23:08.496 E/RILQ    (  370): (0/370): RIL[0][oem_socket0] qcril_data_process_qcrilhook_go_dormant: invalid dev_instance [-1] derived for index [12]
04-11 20:23:08.496 E/RILQ    (  370): (0/370): RIL[0][oem_socket0] qcril_data_process_qcrilhook_go_dormant: invalid dev_instance [-1] derived for index [13]
04-11 20:23:08.496 E/RILQ    (  370): (0/370): RIL[0][oem_socket0] qcril_data_process_qcrilhook_go_dormant: invalid dev_instance [-1] derived for index [14]
04-11 20:23:08.496 E/RILQ    (  370): (0/370): RIL[0][oem_socket0] qcril_data_process_qcrilhook_go_dormant: invalid dev_instance [-1] derived for index [15]
04-11 20:23:08.496 E/RILQ    (  370): (0/370): RIL[0][oem_socket0] qcril_data_process_qcrilhook_go_dormant: invalid dev_instance [-1] derived for index [16]
04-11 20:23:08.496 E/RILQ    (  370): (0/370): RIL[0][oem_socket0] qcril_data_process_qcrilhook_go_dormant: invalid dev_instance [-1] derived for index [17]
04-11 20:23:08.496 E/RILQ    (  370): (0/370): RIL[0][oem_socket0] qcril_data_process_qcrilhook_go_dormant: invalid dev_instance [-1] derived for index [18]
04-11 20:23:08.496 E/RILQ    (  370): (0/370): RIL[0][oem_socket0] qcril_data_process_qcrilhook_go_dormant: invalid dev_instance [-1] derived for index [19]
04-11 20:23:08.499 V/LG-FASTDORMANCY( 3447): [DCH/FACH] FDCount : 0 increaseCount(): mRetryCount: 1
04-11 20:23:08.499 I/LG-FASTDORMANCY( 3447): [DCH/FACH] FDCount : 0 Scheduling checkNetStat for 1000msec, current state is [DCH/FACH] FDCount : 0 
04-11 20:23:08.681 I/RILC    (  370): RIL_SOCKET_1 UNSOLICITED: RIL_UNSOL_LTE_REJECT_CAUSE length:16
04-11 20:23:08.681 E/RILC    (  370): Send Response to RIL_SOCKET_1
04-11 20:23:08.681 E/RILC    (  370): RIL Response bytes written:4
04-11 20:23:08.681 D/RILJ    ( 3447): [UNSL]< RIL_UNSOL_LTE_REJECT_CAUSE {15} [SUB0]
04-11 20:23:08.681 E/RILC    (  370): RIL Response bytes written:16
04-11 20:23:08.686 I/RILC    (  370): RIL_SOCKET_1 UNSOLICITED: UNSOL_OEM_HOOK_RAW length:32
04-11 20:23:08.686 E/RILC    (  370): Send Response to RIL_SOCKET_1
04-11 20:23:08.686 E/RILC    (  370): RIL Response bytes written:4
04-11 20:23:08.686 V/RILJ    ( 3447): [UNSL]< UNSOL_OEM_HOOK_RAW 514f454d484f4f4bef0308000100000002 [SUB0]
04-11 20:23:08.686 D/RILJ    ( 3447): Oem ID in RIL_UNSOL_OEM_HOOK_RAW is QOEMHOOK
04-11 20:23:08.686 D/RILJ    ( 3447): OEM ID check Passed
04-11 20:23:08.686 D/RILJ    ( 3447): Response ID in RIL_UNSOL_OEM_HOOK_RAW is 525295
04-11 20:23:08.686 D/RILJ    ( 3447): Response ID 525295 is not served in this process.
04-11 20:23:08.686 E/RILC    (  370): RIL Response bytes written:32
04-11 20:23:08.689 I/RILC    (  370): RIL_SOCKET_1 UNSOLICITED: UNSOL_RESPONSE_VOICE_NETWORK_STATE_CHANGED length:8
04-11 20:23:08.689 E/RILC    (  370): Send Response to RIL_SOCKET_1
04-11 20:23:08.689 E/RILC    (  370): RIL Response bytes written:4
04-11 20:23:08.689 D/RILJ    ( 3447): [UNSL]< UNSOL_RESPONSE_VOICE_NETWORK_STATE_CHANGED [SUB0]
04-11 20:23:08.689 D/RILJ    ( 3447): [4938]> OPERATOR [SUB0]
04-11 20:23:08.691 D/RILJ    ( 3447): [4939]> DATA_REGISTRATION_STATE [SUB0]
04-11 20:23:08.691 E/RILC    (  370): RIL Response bytes written:8
04-11 20:23:08.691 D/RILC    (  370): SOCKET RIL_SOCKET_1 REQUEST: OPERATOR length:8
04-11 20:23:08.693 D/RILJ    ( 3447): [4940]> VOICE_REGISTRATION_STATE [SUB0]
04-11 20:23:08.693 I/RILC    (  370): RIL_SOCKET_1 UNSOLICITED: UNSOL_DATA_CALL_LIST_CHANGED length:428
04-11 20:23:08.693 E/RILC    (  370): Send Response to RIL_SOCKET_1
04-11 20:23:08.693 E/RILC    (  370): RIL Response bytes written:4
04-11 20:23:08.693 D/RILC    (  370): SOCKET RIL_SOCKET_1 REQUEST: DATA_REGISTRATION_STATE length:8
04-11 20:23:08.693 E/RILC    (  370): RIL Response bytes written:428
04-11 20:23:08.693 D/RILJ    ( 3447): responseDataCallList ver=11 num=1 [SUB0]
04-11 20:23:08.693 D/RILJ    ( 3447): getDataCallResponse before ver=11 [SUB0]
04-11 20:23:08.694 D/RILJ    ( 3447): [UNSL]< UNSOL_DATA_CALL_LIST_CHANGED [DataCallResponse: {version=11 status=0 retry=-1 cid=0 active=1 type=IPV6 ifname=rmnet_data0 mtu=1500 addresses=[2a00:0f41:509d:3c49:86de:75f7:213a:3588/64] dnses=[2a01:1700:0003:ffff:0000:0000:0000:9822,2a01:1700:0002:ffff:0000:0000:0000:9f01] gateways=[fe80:0000:0000:0000:88b0:3588:9bd1:5a35] pcscf=[]}] [SUB0]
04-11 20:23:08.694 I/LG-FASTDORMANCY( 3447): [DCH/FACH] FDCount : 0 Data call list changed.
04-11 20:23:08.694 I/LG-FASTDORMANCY( 3447): [DCH/FACH] FDCount : 0 [DataCallResponse: {version=11 status=0 retry=-1 cid=0 active=1 type=IPV6 ifname=rmnet_data0 mtu=1500 addresses=[2a00:0f41:509d:3c49:86de:75f7:213a:3588/64] dnses=[2a01:1700:0003:ffff:0000:0000:0000:9822,2a01:1700:0002:ffff:0000:0000:0000:9f01] gateways=[fe80:0000:0000:0000:88b0:3588:9bd1:5a35] pcscf=[]}]
04-11 20:23:08.694 I/LG-FASTDORMANCY( 3447): [DCH/FACH] FDCount : 0 prev:[DCH/FACH] FDCount : 0 , curr:true
04-11 20:23:08.695 D/QtiGsmDCT( 3447): [0]fetchDunApn: Ignore the dun apn in settings.db
04-11 20:23:08.696 D/RILJ    ( 3447): [4941]> QUERY_NETWORK_SELECTION_MODE [SUB0]
04-11 20:23:08.697 D/QtiGsmDCT( 3447): [0]QtiDcTracker handleMessage msg={ when=-3ms what=270340 obj=android.os.AsyncResult@f2b9938 target=com.qti.internal.telephony.dataconnection.QtiDcTracker }
04-11 20:23:08.697 D/QtiGsmDCT( 3447): [0]handleMessage msg={ when=-3ms what=270340 obj=android.os.AsyncResult@f2b9938 target=com.qti.internal.telephony.dataconnection.QtiDcTracker }
04-11 20:23:08.698 E/DATA    ( 3447): Unidentified event msg={ when=-4ms what=270340 obj=android.os.AsyncResult@f2b9938 target=com.qti.internal.telephony.dataconnection.QtiDcTracker }
04-11 20:23:08.699 D/RILC    (  370): SOCKET RIL_SOCKET_1 REQUEST: VOICE_REGISTRATION_STATE length:8
04-11 20:23:08.699 D/LG-FASTDORMANCY( 3447): [DCH/FACH] FDCount : 0 isUMTS(): RadioTech(15)
04-11 20:23:08.699 D/LG-FASTDORMANCY( 3447): [DCH/FACH] FDCount : 0 Exit from DCH or FACH State
04-11 20:23:08.699 D/LG-FASTDORMANCY( 3447): [IDLE] Enter to IDLE State
04-11 20:23:08.700 D/RILC    (  370): SOCKET RIL_SOCKET_1 REQUEST: QUERY_NETWORK_SELECTION_MODE length:8
04-11 20:23:08.702 D/LG-FASTDORMANCY( 3447): [IDLE] isUMTS(): RadioTech(15)
04-11 20:23:08.702 D/LG-FASTDORMANCY( 3447): [IDLE] resetAll()
04-11 20:23:08.706 D/RILC    (  370): RequestComplete, RIL_SOCKET_1
04-11 20:23:08.706 E/RILC    (  370): Send Response to RIL_SOCKET_1
04-11 20:23:08.706 E/RILC    (  370): RIL Response bytes written:4
04-11 20:23:08.706 E/RILC    (  370): RIL Response bytes written:72
04-11 20:23:08.706 D/RILJ    ( 3447): [4938]< OPERATOR {Orange, Orange, 26003} [SUB0]
04-11 20:23:08.709 V/LG-FASTDORMANCY( 3447): [IDLE] prev: TxPkts(19124), RxPkts(22650)
04-11 20:23:08.709 V/LG-FASTDORMANCY( 3447): [IDLE] curr: TxPkts(19124), RxPkts(22650)
04-11 20:23:08.709 V/LG-FASTDORMANCY( 3447): [IDLE] resetCount(): mRetryCount: 0
04-11 20:23:08.710 D/RILC    (  370): RequestComplete, RIL_SOCKET_1
04-11 20:23:08.710 E/RILC    (  370): Send Response to RIL_SOCKET_1
04-11 20:23:08.710 E/RILC    (  370): RIL Response bytes written:4
04-11 20:23:08.710 E/RILC    (  370): RIL Response bytes written:20
04-11 20:23:08.710 D/RILJ    ( 3447): [4941]< QUERY_NETWORK_SELECTION_MODE {0} [SUB0]
04-11 20:23:08.712 D/RILC    (  370): RequestComplete, RIL_SOCKET_1
04-11 20:23:08.712 E/RILC    (  370): Send Response to RIL_SOCKET_1
04-11 20:23:08.713 E/RILC    (  370): RIL Response bytes written:4
04-11 20:23:08.713 E/RILC    (  370): RIL Response bytes written:136
04-11 20:23:08.713 D/RILJ    ( 3447): [4940]< VOICE_REGISTRATION_STATE {1, dff2, 02bec826, 3, null, null, null, 0, null, null, 1, null, null, 0, 1d8} [SUB0]
04-11 20:23:08.713 D/PHONE   ( 3447): [ServiceState] setVoiceRegState=0
04-11 20:23:08.713 E/PHONE   ( 3447): [ServiceState] setState deprecated use setVoiceRegState()
04-11 20:23:08.713 D/GsmSST  ( 3447): [GsmSST] LOGRadioInfo : In Service
04-11 20:23:08.714 D/RILC    (  370): RequestComplete, RIL_SOCKET_1
04-11 20:23:08.715 E/RILC    (  370): Send Response to RIL_SOCKET_1
04-11 20:23:08.715 E/RILC    (  370): RIL Response bytes written:4
04-11 20:23:08.715 D/RILJ    ( 3447): [4939]< DATA_REGISTRATION_STATE {1, dff2, 02bec826, 15, null, 20, null, null, null, null, null, 0} [SUB0]
04-11 20:23:08.715 D/GsmSST  ( 3447): isSFROperators result = false
04-11 20:23:08.715 D/PHONE   ( 3447): [ServiceState] setDataRegState=0
04-11 20:23:08.715 D/PHONE   ( 3447): [ServiceState] setDataRadioTechnology=15
04-11 20:23:08.715 D/GsmSST  ( 3447): [GsmSST] LOGRadioInfo : In Service
04-11 20:23:08.715 D/GsmSST  ( 3447): [GsmSST] handlPollStateResultMessage: GsmSST setDataRegState=0 regState=1 dataRadioTechnology=15
04-11 20:23:08.717 E/RILC    (  370): RIL Response bytes written:120
04-11 20:23:08.718 D/GsmSST  ( 3447): [GsmSST] Poll ServiceState done:  oldSS=[0 0 voice home data home Orange Orange 26003 Orange Orange 26003  UMTS HSPAP CSS not supported -1 -1 RoamInd=-1 DefRoamInd=-1 EmergOnly=false IsDataRoamingFromRegistration=false mIsVoiceSearching=false mIsDataSearching=false mVoiceNetworkName=null mDataNetworkName=null Check64QAM0 Dual carrier0] newSS=[0 0 voice home data home Orange Orange 26003 Orange Orange 26003  UMTS HSPAP CSS not supported -1 -1 RoamInd=-1 DefRoamInd=-1 EmergOnly=false IsDataRoamingFromRegistration=false mIsVoiceSearching=false mIsDataSearching=false mVoiceNetworkName=null mDataNetworkName=null Check64QAM0 Dual carrier0] oldMaxDataCalls=20 mNewMaxDataCalls=20 oldReasonDataDenied=-1 mNewReasonDataDenied=-1
04-11 20:23:08.718 D/PHONE   ( 3447): [ServiceState] setNullState=1
04-11 20:23:08.736 D/QtiGsmDCT( 3447): [0]fetchDunApn: config_tether_apndata dunSetting=null
04-11 20:23:08.736 D/DC-1    ( 3447): isInternetRequested = true
04-11 20:23:08.737 D/Dcc     ( 3447): onDataStateChanged: dcsList=[DataCallResponse: {version=11 status=0 retry=-1 cid=0 active=1 type=IPV6 ifname=rmnet_data0 mtu=1500 addresses=[2a00:0f41:509d:3c49:86de:75f7:213a:3588/64] dnses=[2a01:1700:0003:ffff:0000:0000:0000:9822,2a01:1700:0002:ffff:0000:0000:0000:9f01] gateways=[fe80:0000:0000:0000:88b0:3588:9bd1:5a35] pcscf=[]}] mDcListActiveByCid={0={DC-1: State=DcActiveState mApnSetting=[ApnSettingV3] Orange Internet, 695, 26003, internetipv6, , , , , , 1, default | dun | hipri | supl, IPV6, IP, true, 0, 0, 1, false, 0, 0, 0, 0, , , 0, ,  RefCount=1 mCid=0 mCreateTime=-1 mLastastFailTime=-1 mLastFailCause=NONE mTag=2 mRetryManager=RetryManager: { forever=false maxRetry=10 curMaxRetry=0 retry=0 config={default_randomization=2000,5000,10000,20000,40000,80000:5000,160000:5000,320000:5000,640000:5000,1280000:5000,1800000:5000} retryArray={5000:2000 10000:2000 20000:2000 40000:2000 80000:5000 160000:5000 320000:5000 640000:5000 1280000:5000 1800000:5000 }} mLinkProperties={InterfaceName: rmnet_data0 LinkAddresses: [2a00:f41:509d:3c49:86de:75f7:213a:3588/64,]  Routes: [::/0 -> fe80::88b0:3588:9bd1:5a35 rmnet_data0,] DnsAddresses: [2a01:1700:3:ffff::9822,2a01:1700:2:ffff::9f01,] Domains: null MTU: 1500 TcpBufferSizes: 122334,734003,3461120,32040,192239,3461120} linkCapabilities=[ Transports: CELLULAR Capabilities: SUPL&DUN&INTERNET&NOT_RESTRICTED&TRUSTED&NOT_VPN LinkUpBandwidth>=11264Kbps LinkDnBandwidth>=43008Kbps Specifier: <2>] mApnContexts=[{mApnType=default mState=CONNECTED mWaitingApns={[[ApnSettingV3] Orange Internet, 695, 26003, internetipv6, , , , , , 1, default | dun | hipri | supl, IPV6, IP, true, 0, 0, 1, false, 0, 0, 0, 0, , , 0, , ]} mWaitingApnsPermanentFailureCountDown=1 mApnSetting={[ApnSettingV3] Orange Internet, 695, 26003, internetipv6, , , , , , 1, default | dun | hipri | supl, IPV6, IP, true, 0, 0, 1, false, 0, 0, 0, 0, , , 0, , } mReason=connected mDataEnabled=true mDependencyMet=true}]}}
04-11 20:23:08.737 D/Dcc     ( 3447): onDataStateChanged: dcsToRetry=[]
04-11 20:23:08.737 D/Dcc     ( 3447): onDataStateChanged: Found ConnId=0 newState=DataCallResponse: {version=11 status=0 retry=-1 cid=0 active=1 type=IPV6 ifname=rmnet_data0 mtu=1500 addresses=[2a00:0f41:509d:3c49:86de:75f7:213a:3588/64] dnses=[2a01:1700:0003:ffff:0000:0000:0000:9822,2a01:1700:0002:ffff:0000:0000:0000:9f01] gateways=[fe80:0000:0000:0000:88b0:3588:9bd1:5a35] pcscf=[]}
04-11 20:23:08.737 D/DataCallResponse( 3447): addr/pl=2a00:0f41:509d:3c49:86de:75f7:213a:3588/64
04-11 20:23:08.737 D/DC-1    ( 3447): MTU set by call response to: 1500
04-11 20:23:08.738 D/Dcc     ( 3447): onDataStateChanged: no change
04-11 20:23:08.738 D/Dcc     ( 3447): onDataStateChanged: Data Activity updated to DORMANT. stopNetStatePoll
04-11 20:23:08.738 D/Dcc     ( 3447): onDataStateChanged: Skip stopNetStatPoll
04-11 20:23:08.738 D/Dcc     ( 3447): onDataStateChanged: dcsToRetry=[] apnsToCleanup=[]
04-11 20:23:08.738 D/Dcc     ( 3447): onDataStateChanged: X
04-11 20:23:08.952 I/RILC    (  370): RIL_SOCKET_1 UNSOLICITED: RIL_UNSOL_LTE_REJECT_CAUSE length:16
04-11 20:23:08.952 E/RILC    (  370): Send Response to RIL_SOCKET_1
04-11 20:23:08.952 E/RILC    (  370): RIL Response bytes written:4
04-11 20:23:08.952 D/RILJ    ( 3447): [UNSL]< RIL_UNSOL_LTE_REJECT_CAUSE {15} [SUB0]
04-11 20:23:08.953 E/RILC    (  370): RIL Response bytes written:16
04-11 20:23:08.957 I/RILC    (  370): RIL_SOCKET_1 UNSOLICITED: UNSOL_OEM_HOOK_RAW length:32
04-11 20:23:08.957 E/RILC    (  370): Send Response to RIL_SOCKET_1
04-11 20:23:08.957 E/RILC    (  370): RIL Response bytes written:4
04-11 20:23:08.957 V/RILJ    ( 3447): [UNSL]< UNSOL_OEM_HOOK_RAW 514f454d484f4f4bef0308000100000002 [SUB0]
04-11 20:23:08.957 D/RILJ    ( 3447): Oem ID in RIL_UNSOL_OEM_HOOK_RAW is QOEMHOOK
04-11 20:23:08.957 D/RILJ    ( 3447): OEM ID check Passed
04-11 20:23:08.957 D/RILJ    ( 3447): Response ID in RIL_UNSOL_OEM_HOOK_RAW is 525295
04-11 20:23:08.957 D/RILJ    ( 3447): Response ID 525295 is not served in this process.
04-11 20:23:08.957 E/RILC    (  370): RIL Response bytes written:32
04-11 20:23:08.960 I/RILC    (  370): RIL_SOCKET_1 UNSOLICITED: UNSOL_RESPONSE_VOICE_NETWORK_STATE_CHANGED length:8
04-11 20:23:08.960 E/RILC    (  370): Send Response to RIL_SOCKET_1
04-11 20:23:08.960 E/RILC    (  370): RIL Response bytes written:4
04-11 20:23:08.960 D/RILJ    ( 3447): [UNSL]< UNSOL_RESPONSE_VOICE_NETWORK_STATE_CHANGED [SUB0]
04-11 20:23:08.960 D/RILJ    ( 3447): [4942]> OPERATOR [SUB0]
04-11 20:23:08.962 D/RILJ    ( 3447): [4943]> DATA_REGISTRATION_STATE [SUB0]
04-11 20:23:08.962 D/RILC    (  370): SOCKET RIL_SOCKET_1 REQUEST: OPERATOR length:8
04-11 20:23:08.963 E/RILC    (  370): RIL Response bytes written:8
04-11 20:23:08.964 D/RILJ    ( 3447): [4944]> VOICE_REGISTRATION_STATE [SUB0]
04-11 20:23:08.964 D/RILC    (  370): SOCKET RIL_SOCKET_1 REQUEST: DATA_REGISTRATION_STATE length:8
04-11 20:23:08.965 D/RILJ    ( 3447): [4945]> QUERY_NETWORK_SELECTION_MODE [SUB0]
04-11 20:23:08.966 D/RILC    (  370): SOCKET RIL_SOCKET_1 REQUEST: VOICE_REGISTRATION_STATE length:8
04-11 20:23:08.970 D/RILC    (  370): SOCKET RIL_SOCKET_1 REQUEST: QUERY_NETWORK_SELECTION_MODE length:8
04-11 20:23:08.971 I/RILQ    (  370): (0/370):RIL[0][event] qcril_arb_set_dsd_sys_status: old_pref_data 1 - new_data_pref 1
04-11 20:23:08.971 I/RILQ    (  370): (0/370):RIL[0][event] qcril_arb_set_dsd_sys_status: preferred dsd_sys_status nw=0x0, rat_value=0x1, so_mask=0x0000000000000007
04-11 20:23:08.971 I/RILQ    (  370): (0/370):RIL[0][event] qcril_arb_set_dsd_sys_status: preferred 1 - dsd_sys_status nw=0x0, rat_value=0x1, so_mask=0x0000000000000007
04-11 20:23:08.971 I/RILQ    (  370): (0/370):RIL[0][event] qcril_arb_set_dsd_sys_status: is_wwan_available 0
04-11 20:23:08.971 I/RILC    (  370): RIL_SOCKET_1 UNSOLICITED: UNSOL_OEM_HOOK_RAW length:32
04-11 20:23:08.972 E/RILC    (  370): Send Response to RIL_SOCKET_1
04-11 20:23:08.972 E/RILC    (  370): RIL Response bytes written:4
04-11 20:23:08.972 E/RILC    (  370): RIL Response bytes written:32
04-11 20:23:08.973 V/RILJ    ( 3447): [UNSL]< UNSOL_OEM_HOOK_RAW 514f454d484f4f4bfa0308000100000000 [SUB0]
04-11 20:23:08.973 D/RILJ    ( 3447): Oem ID in RIL_UNSOL_OEM_HOOK_RAW is QOEMHOOK
04-11 20:23:08.973 D/RILJ    ( 3447): OEM ID check Passed
04-11 20:23:08.973 D/RILJ    ( 3447): Response ID in RIL_UNSOL_OEM_HOOK_RAW is 525306
04-11 20:23:08.973 D/RILJ    ( 3447): WWAN, IWLAN coexistence notified to registrants
04-11 20:23:08.978 D/RILC    (  370): RequestComplete, RIL_SOCKET_1
04-11 20:23:08.978 E/RILC    (  370): Send Response to RIL_SOCKET_1
04-11 20:23:08.978 E/RILC    (  370): RIL Response bytes written:4
04-11 20:23:08.979 E/RILC    (  370): RIL Response bytes written:120
04-11 20:23:08.979 D/RILJ    ( 3447): [4943]< DATA_REGISTRATION_STATE {1, dff2, 02bec826, 11, null, 20, null, null, null, null, null, 0} [SUB0]
04-11 20:23:08.979 D/GsmSST  ( 3447): isSFROperators result = false
04-11 20:23:08.979 D/PHONE   ( 3447): [ServiceState] setDataRegState=0
04-11 20:23:08.979 D/PHONE   ( 3447): [ServiceState] setDataRadioTechnology=11
04-11 20:23:08.979 D/GsmSST  ( 3447): [GsmSST] LOGRadioInfo : In Service
04-11 20:23:08.979 D/GsmSST  ( 3447): [GsmSST] handlPollStateResultMessage: GsmSST setDataRegState=0 regState=1 dataRadioTechnology=11
04-11 20:23:08.981 D/RILC    (  370): RequestComplete, RIL_SOCKET_1
04-11 20:23:08.981 E/RILC    (  370): Send Response to RIL_SOCKET_1
04-11 20:23:08.981 E/RILC    (  370): RIL Response bytes written:4
04-11 20:23:08.981 D/RILJ    ( 3447): [4942]< OPERATOR {Orange, Orange, 26003} [SUB0]
04-11 20:23:08.981 E/RILC    (  370): RIL Response bytes written:72
04-11 20:23:08.985 I/RILC    (  370): RIL_SOCKET_1 UNSOLICITED: RIL_UNSOL_LTE_REJECT_CAUSE length:16
04-11 20:23:08.985 E/RILC    (  370): Send Response to RIL_SOCKET_1
04-11 20:23:08.985 D/RILC    (  370): RequestComplete, RIL_SOCKET_1
04-11 20:23:08.985 E/RILC    (  370): Send Response to RIL_SOCKET_1
04-11 20:23:08.985 E/RILC    (  370): RIL Response bytes written:4
04-11 20:23:08.986 D/RILJ    ( 3447): [UNSL]< RIL_UNSOL_LTE_REJECT_CAUSE {15} [SUB0]
04-11 20:23:08.986 E/RILC    (  370): RIL Response bytes written:16
04-11 20:23:08.986 E/RILC    (  370): RIL Response bytes written:4
04-11 20:23:08.986 D/RILJ    ( 3447): [4944]< VOICE_REGISTRATION_STATE {1, dff2, 02bec826, 3, null, null, null, 0, null, null, 1, null, null, 0, 1d8} [SUB0]
04-11 20:23:08.986 E/RILC    (  370): RIL Response bytes written:136
04-11 20:23:08.986 D/PHONE   ( 3447): [ServiceState] setVoiceRegState=0
04-11 20:23:08.986 E/PHONE   ( 3447): [ServiceState] setState deprecated use setVoiceRegState()
04-11 20:23:08.986 D/GsmSST  ( 3447): [GsmSST] LOGRadioInfo : In Service
04-11 20:23:08.987 D/RILC    (  370): RequestComplete, RIL_SOCKET_1
04-11 20:23:08.987 E/RILC    (  370): Send Response to RIL_SOCKET_1
04-11 20:23:08.988 E/RILC    (  370): RIL Response bytes written:4
04-11 20:23:08.988 D/RILJ    ( 3447): [4945]< QUERY_NETWORK_SELECTION_MODE {0} [SUB0]
04-11 20:23:08.989 I/RILC    (  370): RIL_SOCKET_1 UNSOLICITED: UNSOL_RESPONSE_VOICE_NETWORK_STATE_CHANGED length:8
04-11 20:23:08.989 E/RILC    (  370): Send Response to RIL_SOCKET_1
04-11 20:23:08.989 E/RILC    (  370): RIL Response bytes written:20
