04-11 20:08:50.043 D/SubscriptionManager( 1891): getSimStateForSubscriber: simState=5 slotIdx=0
04-11 20:08:50.123 D/TelephonyRegistry( 1891): Notify data connection state changed on sub: 2
04-11 20:08:50.124 D/TelephonyRegistry( 1891): Notify data connection state changed on sub: 2
04-11 20:08:50.124 D/TelephonyRegistry( 1891): Notify data connection state changed on sub: 2
04-11 20:08:50.124 D/TelephonyRegistry( 1891): Notify data connection state changed on sub: 2
04-11 20:08:50.124 D/TelephonyRegistry( 1891): Notify data connection state changed on sub: 2
04-11 20:08:50.125 D/TelephonyRegistry( 1891): broadcastPreciseDataConnectionStateChanged():state=2, apnType=default, smCause=(0), reason=null
04-11 20:10:49.280 D/SubscriptionManager( 1891): getSimStateForSubscriber: simState=5 slotIdx=0
04-11 20:10:49.362 D/TelephonyRegistry( 1891): Notify data connection state changed on sub: 2
04-11 20:10:49.362 D/TelephonyRegistry( 1891): Notify data connection state changed on sub: 2
04-11 20:10:49.362 D/TelephonyRegistry( 1891): Notify data connection state changed on sub: 2
04-11 20:10:49.362 D/TelephonyRegistry( 1891): Notify data connection state changed on sub: 2
04-11 20:10:49.362 D/TelephonyRegistry( 1891): Notify data connection state changed on sub: 2
04-11 20:10:49.363 D/TelephonyRegistry( 1891): broadcastPreciseDataConnectionStateChanged():state=2, apnType=default, smCause=(0), reason=null
04-11 20:11:06.502 D/SubscriptionManager( 1891): getSimStateForSubscriber: simState=5 slotIdx=0
04-11 20:11:06.562 D/TelephonyRegistry( 1891): Notify data connection state changed on sub: 2
04-11 20:11:06.562 D/TelephonyRegistry( 1891): Notify data connection state changed on sub: 2
04-11 20:11:06.562 D/TelephonyRegistry( 1891): Notify data connection state changed on sub: 2
04-11 20:11:06.562 D/TelephonyRegistry( 1891): Notify data connection state changed on sub: 2
04-11 20:11:06.563 D/TelephonyRegistry( 1891): Notify data connection state changed on sub: 2
04-11 20:11:06.563 D/TelephonyRegistry( 1891): broadcastPreciseDataConnectionStateChanged():state=2, apnType=default, smCause=(0), reason=null
04-11 20:11:21.202 D/SubscriptionManager( 1891): getSimStateForSubscriber: simState=5 slotIdx=0
04-11 20:11:21.264 D/TelephonyRegistry( 1891): Notify data connection state changed on sub: 2
04-11 20:11:21.264 D/TelephonyRegistry( 1891): Notify data connection state changed on sub: 2
04-11 20:11:21.264 D/TelephonyRegistry( 1891): Notify data connection state changed on sub: 2
04-11 20:11:21.264 D/TelephonyRegistry( 1891): Notify data connection state changed on sub: 2
04-11 20:11:21.264 D/TelephonyRegistry( 1891): Notify data connection state changed on sub: 2
04-11 20:11:21.265 D/TelephonyRegistry( 1891): broadcastPreciseDataConnectionStateChanged():state=2, apnType=default, smCause=(0), reason=null
04-11 20:11:29.372 V/LG-FASTDORMANCY( 3447): [IDLE] curr: TxPkts(19109), RxPkts(22647)
04-11 20:11:29.372 V/LG-FASTDORMANCY( 3447): [IDLE] resetCount(): mRetryCount: 0
04-11 20:11:29.373 D/RILC    (  370): RequestComplete, RIL_SOCKET_1
04-11 20:11:29.373 E/RILC    (  370): Send Response to RIL_SOCKET_1
04-11 20:11:29.373 E/RILC    (  370): RIL Response bytes written:4
04-11 20:11:29.374 E/RILC    (  370): RIL Response bytes written:72
04-11 20:11:29.374 D/RILJ    ( 3447): [4850]< OPERATOR {Orange, Orange, 26003} [SUB0]
04-11 20:11:29.375 D/RILC    (  370): RequestComplete, RIL_SOCKET_1
04-11 20:11:29.375 E/RILC    (  370): Send Response to RIL_SOCKET_1
04-11 20:11:29.377 E/RILC    (  370): RIL Response bytes written:4
04-11 20:11:29.377 E/RILC    (  370): RIL Response bytes written:20
04-11 20:11:29.377 D/RILJ    ( 3447): [4853]< QUERY_NETWORK_SELECTION_MODE {0} [SUB0]
04-11 20:11:29.380 D/RILC    (  370): RequestComplete, RIL_SOCKET_1
04-11 20:11:29.380 E/RILC    (  370): Send Response to RIL_SOCKET_1
04-11 20:11:29.380 E/RILC    (  370): RIL Response bytes written:4
04-11 20:11:29.380 D/RILJ    ( 3447): [4851]< DATA_REGISTRATION_STATE {1, dff2, 02bec826, 15, null, 20, null, null, null, null, null, 0} [SUB0]
04-11 20:11:29.380 E/RILC    (  370): RIL Response bytes written:120
04-11 20:11:29.381 D/GsmSST  ( 3447): isSFROperators result = false
04-11 20:11:29.381 D/PHONE   ( 3447): [ServiceState] setDataRegState=0
04-11 20:11:29.381 D/PHONE   ( 3447): [ServiceState] setDataRadioTechnology=15
04-11 20:11:29.381 D/GsmSST  ( 3447): [GsmSST] LOGRadioInfo : In Service
04-11 20:11:29.381 D/GsmSST  ( 3447): [GsmSST] handlPollStateResultMessage: GsmSST setDataRegState=0 regState=1 dataRadioTechnology=15
04-11 20:11:29.381 D/RILC    (  370): RequestComplete, RIL_SOCKET_1
04-11 20:11:29.381 E/RILC    (  370): Send Response to RIL_SOCKET_1
04-11 20:11:29.382 E/RILC    (  370): RIL Response bytes written:4
04-11 20:11:29.382 D/RILJ    ( 3447): [4852]< VOICE_REGISTRATION_STATE {1, dff2, 02bec826, 3, null, null, null, 0, null, null, 1, null, null, 0, 1d8} [SUB0]
04-11 20:11:29.382 E/RILC    (  370): RIL Response bytes written:136
04-11 20:11:29.382 D/PHONE   ( 3447): [ServiceState] setVoiceRegState=0
04-11 20:11:29.382 E/PHONE   ( 3447): [ServiceState] setState deprecated use setVoiceRegState()
04-11 20:11:29.382 D/GsmSST  ( 3447): [GsmSST] LOGRadioInfo : In Service
04-11 20:11:29.384 D/GsmSST  ( 3447): [GsmSST] Poll ServiceState done:  oldSS=[0 0 voice home data home Orange Orange 26003 Orange Orange 26003  UMTS HSPAP CSS not supported -1 -1 RoamInd=-1 DefRoamInd=-1 EmergOnly=false IsDataRoamingFromRegistration=false mIsVoiceSearching=false mIsDataSearching=false mVoiceNetworkName=null mDataNetworkName=null Check64QAM0 Dual carrier0] newSS=[0 0 voice home data home Orange Orange 26003 Orange Orange 26003  UMTS HSPAP CSS not supported -1 -1 RoamInd=-1 DefRoamInd=-1 EmergOnly=false IsDataRoamingFromRegistration=false mIsVoiceSearching=false mIsDataSearching=false mVoiceNetworkName=null mDataNetworkName=null Check64QAM0 Dual carrier0] oldMaxDataCalls=20 mNewMaxDataCalls=20 oldReasonDataDenied=-1 mNewReasonDataDenied=-1
04-11 20:11:29.384 D/PHONE   ( 3447): [ServiceState] setNullState=1
04-11 20:11:29.399 D/QtiGsmDCT( 3447): [0]fetchDunApn: config_tether_apndata dunSetting=null
04-11 20:11:29.399 D/DC-1    ( 3447): isInternetRequested = true
04-11 20:11:29.399 D/Dcc     ( 3447): onDataStateChanged: dcsList=[DataCallResponse: {version=11 status=0 retry=-1 cid=0 active=1 type=IPV6 ifname=rmnet_data0 mtu=1500 addresses=[2a00:0f41:509d:3c49:86de:75f7:213a:3588/64] dnses=[2a01:1700:0003:ffff:0000:0000:0000:9822,2a01:1700:0002:ffff:0000:0000:0000:9f01] gateways=[fe80:0000:0000:0000:88b0:3588:9bd1:5a35] pcscf=[]}] mDcListActiveByCid={0={DC-1: State=DcActiveState mApnSetting=[ApnSettingV3] Orange Internet, 695, 26003, internetipv6, , , , , , 1, default | dun | hipri | supl, IPV6, IP, true, 0, 0, 1, false, 0, 0, 0, 0, , , 0, ,  RefCount=1 mCid=0 mCreateTime=-1 mLastastFailTime=-1 mLastFailCause=NONE mTag=2 mRetryManager=RetryManager: { forever=false maxRetry=10 curMaxRetry=0 retry=0 config={default_randomization=2000,5000,10000,20000,40000,80000:5000,160000:5000,320000:5000,640000:5000,1280000:5000,1800000:5000} retryArray={5000:2000 10000:2000 20000:2000 40000:2000 80000:5000 160000:5000 320000:5000 640000:5000 1280000:5000 1800000:5000 }} mLinkProperties={InterfaceName: rmnet_data0 LinkAddresses: [2a00:f41:509d:3c49:86de:75f7:213a:3588/64,]  Routes: [::/0 -> fe80::88b0:3588:9bd1:5a35 rmnet_data0,] DnsAddresses: [2a01:1700:3:ffff::9822,2a01:1700:2:ffff::9f01,] Domains: null MTU: 1500 TcpBufferSizes: 122334,734003,3461120,32040,192239,3461120} linkCapabilities=[ Transports: CELLULAR Capabilities: SUPL&DUN&INTERNET&NOT_RESTRICTED&TRUSTED&NOT_VPN LinkUpBandwidth>=11264Kbps LinkDnBandwidth>=43008Kbps Specifier: <2>] mApnContexts=[{mApnType=default mState=CONNECTED mWaitingApns={[[ApnSettingV3] Orange Internet, 695, 26003, internetipv6, , , , , , 1, default | dun | hipri | supl, IPV6, IP, true, 0, 0, 1, false, 0, 0, 0, 0, , , 0, , ]} mWaitingApnsPermanentFailureCountDown=1 mApnSetting={[ApnSettingV3] Orange Internet, 695, 26003, internetipv6, , , , , , 1, default | dun | hipri | supl, IPV6, IP, true, 0, 0, 1, false, 0, 0, 0, 0, , , 0, , } mReason=connected mDataEnabled=true mDependencyMet=true}]}}
04-11 20:11:29.399 D/Dcc     ( 3447): onDataStateChanged: dcsToRetry=[]
04-11 20:11:29.399 D/Dcc     ( 3447): onDataStateChanged: Found ConnId=0 newState=DataCallResponse: {version=11 status=0 retry=-1 cid=0 active=1 type=IPV6 ifname=rmnet_data0 mtu=1500 addresses=[2a00:0f41:509d:3c49:86de:75f7:213a:3588/64] dnses=[2a01:1700:0003:ffff:0000:0000:0000:9822,2a01:1700:0002:ffff:0000:0000:0000:9f01] gateways=[fe80:0000:0000:0000:88b0:3588:9bd1:5a35] pcscf=[]}
04-11 20:11:29.400 D/DataCallResponse( 3447): addr/pl=2a00:0f41:509d:3c49:86de:75f7:213a:3588/64
04-11 20:11:29.400 D/DC-1    ( 3447): MTU set by call response to: 1500
04-11 20:11:29.400 D/Dcc     ( 3447): onDataStateChanged: no change
04-11 20:11:29.400 D/Dcc     ( 3447): onDataStateChanged: Data Activity updated to DORMANT. stopNetStatePoll
04-11 20:11:29.400 D/Dcc     ( 3447): onDataStateChanged: Skip stopNetStatPoll
04-11 20:11:29.400 D/Dcc     ( 3447): onDataStateChanged: dcsToRetry=[] apnsToCleanup=[]
04-11 20:11:29.400 D/Dcc     ( 3447): onDataStateChanged: X
04-11 20:11:29.660 I/RILC    (  370): RIL_SOCKET_1 UNSOLICITED: RIL_UNSOL_LTE_REJECT_CAUSE length:16
04-11 20:11:29.660 E/RILC    (  370): Send Response to RIL_SOCKET_1
04-11 20:11:29.660 E/RILC    (  370): RIL Response bytes written:4
04-11 20:11:29.660 D/RILJ    ( 3447): [UNSL]< RIL_UNSOL_LTE_REJECT_CAUSE {15} [SUB0]
04-11 20:11:29.660 E/RILC    (  370): RIL Response bytes written:16
04-11 20:11:29.664 I/RILC    (  370): RIL_SOCKET_1 UNSOLICITED: UNSOL_OEM_HOOK_RAW length:32
04-11 20:11:29.664 E/RILC    (  370): Send Response to RIL_SOCKET_1
04-11 20:11:29.664 E/RILC    (  370): RIL Response bytes written:4
04-11 20:11:29.664 V/RILJ    ( 3447): [UNSL]< UNSOL_OEM_HOOK_RAW 514f454d484f4f4bef0308000100000002 [SUB0]
04-11 20:11:29.664 D/RILJ    ( 3447): Oem ID in RIL_UNSOL_OEM_HOOK_RAW is QOEMHOOK
04-11 20:11:29.664 D/RILJ    ( 3447): OEM ID check Passed
04-11 20:11:29.664 D/RILJ    ( 3447): Response ID in RIL_UNSOL_OEM_HOOK_RAW is 525295
04-11 20:11:29.664 D/RILJ    ( 3447): Response ID 525295 is not served in this process.
04-11 20:11:29.664 E/RILC    (  370): RIL Response bytes written:32
04-11 20:11:29.667 I/RILC    (  370): RIL_SOCKET_1 UNSOLICITED: UNSOL_RESPONSE_VOICE_NETWORK_STATE_CHANGED length:8
04-11 20:11:29.667 E/RILC    (  370): Send Response to RIL_SOCKET_1
04-11 20:11:29.667 E/RILC    (  370): RIL Response bytes written:4
04-11 20:11:29.667 D/RILJ    ( 3447): [UNSL]< UNSOL_RESPONSE_VOICE_NETWORK_STATE_CHANGED [SUB0]
04-11 20:11:29.667 D/RILJ    ( 3447): [4854]> OPERATOR [SUB0]
04-11 20:11:29.669 D/RILC    (  370): SOCKET RIL_SOCKET_1 REQUEST: OPERATOR length:8
04-11 20:11:29.670 E/RILC    (  370): RIL Response bytes written:8
04-11 20:11:29.670 D/RILJ    ( 3447): [4855]> DATA_REGISTRATION_STATE [SUB0]
04-11 20:11:29.672 D/RILC    (  370): SOCKET RIL_SOCKET_1 REQUEST: DATA_REGISTRATION_STATE length:8
04-11 20:11:29.672 D/RILJ    ( 3447): [4856]> VOICE_REGISTRATION_STATE [SUB0]
04-11 20:11:29.672 I/RILQ    (  370): (0/370):RIL[0][event] qcril_arb_set_dsd_sys_status: old_pref_data 1 - new_data_pref 1
04-11 20:11:29.672 I/RILQ    (  370): (0/370):RIL[0][event] qcril_arb_set_dsd_sys_status: preferred dsd_sys_status nw=0x0, rat_value=0x1, so_mask=0x0000000000000007
04-11 20:11:29.672 I/RILQ    (  370): (0/370):RIL[0][event] qcril_arb_set_dsd_sys_status: preferred 1 - dsd_sys_status nw=0x0, rat_value=0x1, so_mask=0x0000000000000007
04-11 20:11:29.672 I/RILQ    (  370): (0/370):RIL[0][event] qcril_arb_set_dsd_sys_status: is_wwan_available 0
04-11 20:11:29.673 I/RILC    (  370): RIL_SOCKET_1 UNSOLICITED: UNSOL_OEM_HOOK_RAW length:32
04-11 20:11:29.673 E/RILC    (  370): Send Response to RIL_SOCKET_1
04-11 20:11:29.674 E/RILC    (  370): RIL Response bytes written:4
04-11 20:11:29.674 V/RILJ    ( 3447): [UNSL]< UNSOL_OEM_HOOK_RAW 514f454d484f4f4bfa0308000100000000 [SUB0]
04-11 20:11:29.675 D/RILJ    ( 3447): Oem ID in RIL_UNSOL_OEM_HOOK_RAW is QOEMHOOK
04-11 20:11:29.675 D/RILJ    ( 3447): OEM ID check Passed
04-11 20:11:29.675 D/RILJ    ( 3447): Response ID in RIL_UNSOL_OEM_HOOK_RAW is 525306
04-11 20:11:29.675 D/RILJ    ( 3447): WWAN, IWLAN coexistence notified to registrants
04-11 20:11:29.675 E/RILC    (  370): RIL Response bytes written:32
04-11 20:11:29.675 D/RILJ    ( 3447): [4857]> QUERY_NETWORK_SELECTION_MODE [SUB0]
04-11 20:11:29.677 D/RILC    (  370): SOCKET RIL_SOCKET_1 REQUEST: VOICE_REGISTRATION_STATE length:8
04-11 20:11:29.679 D/RILC    (  370): SOCKET RIL_SOCKET_1 REQUEST: QUERY_NETWORK_SELECTION_MODE length:8
04-11 20:11:29.682 I/RILC    (  370): RIL_SOCKET_1 UNSOLICITED: RIL_UNSOL_LTE_REJECT_CAUSE length:16
04-11 20:11:29.682 E/RILC    (  370): Send Response to RIL_SOCKET_1
04-11 20:11:29.682 E/RILC    (  370): RIL Response bytes written:4
04-11 20:11:29.682 D/RILJ    ( 3447): [UNSL]< RIL_UNSOL_LTE_REJECT_CAUSE {15} [SUB0]
04-11 20:11:29.682 E/RILC    (  370): RIL Response bytes written:16
04-11 20:11:29.685 D/RILC    (  370): RequestComplete, RIL_SOCKET_1
04-11 20:11:29.685 E/RILC    (  370): Send Response to RIL_SOCKET_1
04-11 20:11:29.686 E/RILC    (  370): RIL Response bytes written:4
04-11 20:11:29.686 D/RILJ    ( 3447): [4855]< DATA_REGISTRATION_STATE {1, dff2, 02bec826, 11, null, 20, null, null, null, null, null, 0} [SUB0]
04-11 20:11:29.686 E/RILC    (  370): RIL Response bytes written:120
04-11 20:11:29.687 D/GsmSST  ( 3447): isSFROperators result = false
04-11 20:11:29.687 D/PHONE   ( 3447): [ServiceState] setDataRegState=0
04-11 20:11:29.687 D/PHONE   ( 3447): [ServiceState] setDataRadioTechnology=11
04-11 20:11:29.687 D/GsmSST  ( 3447): [GsmSST] LOGRadioInfo : In Service
04-11 20:11:29.687 D/GsmSST  ( 3447): [GsmSST] handlPollStateResultMessage: GsmSST setDataRegState=0 regState=1 dataRadioTechnology=11
04-11 20:11:29.687 D/RILC    (  370): RequestComplete, RIL_SOCKET_1
04-11 20:11:29.687 E/RILC    (  370): Send Response to RIL_SOCKET_1
04-11 20:11:29.687 E/RILC    (  370): RIL Response bytes written:4
04-11 20:11:29.687 D/RILJ    ( 3447): [4856]< VOICE_REGISTRATION_STATE {1, dff2, 02bec826, 3, null, null, null, 0, null, null, 1, null, null, 0, 1d8} [SUB0]
04-11 20:11:29.688 E/RILC    (  370): RIL Response bytes written:136
04-11 20:11:29.688 D/PHONE   ( 3447): [ServiceState] setVoiceRegState=0
04-11 20:11:29.688 E/PHONE   ( 3447): [ServiceState] setState deprecated use setVoiceRegState()
04-11 20:11:29.688 D/GsmSST  ( 3447): [GsmSST] LOGRadioInfo : In Service
04-11 20:11:29.690 I/RILC    (  370): RIL_SOCKET_1 UNSOLICITED: UNSOL_RESPONSE_VOICE_NETWORK_STATE_CHANGED length:8
04-11 20:11:29.690 E/RILC    (  370): Send Response to RIL_SOCKET_1
04-11 20:11:29.690 E/RILC    (  370): RIL Response bytes written:4
04-11 20:11:29.690 E/RILC    (  370): RIL Response bytes written:8
04-11 20:11:29.690 D/RILJ    ( 3447): [UNSL]< UNSOL_RESPONSE_VOICE_NETWORK_STATE_CHANGED [SUB0]
04-11 20:11:29.690 D/RILJ    ( 3447): [4858]> OPERATOR [SUB0]
04-11 20:11:29.691 D/RILJ    ( 3447): [4859]> DATA_REGISTRATION_STATE [SUB0]
04-11 20:11:29.692 D/RILC    (  370): SOCKET RIL_SOCKET_1 REQUEST: OPERATOR length:8
04-11 20:11:29.692 D/RILJ    ( 3447): [4860]> VOICE_REGISTRATION_STATE [SUB0]
04-11 20:11:29.693 D/RILJ    ( 3447): [4861]> QUERY_NETWORK_SELECTION_MODE [SUB0]
04-11 20:11:29.693 D/RILC    (  370): SOCKET RIL_SOCKET_1 REQUEST: DATA_REGISTRATION_STATE length:8
04-11 20:11:29.694 D/RILC    (  370): RequestComplete, RIL_SOCKET_1
04-11 20:11:29.694 E/RILC    (  370): Send Response to RIL_SOCKET_1
04-11 20:11:29.694 E/RILC    (  370): RIL Response bytes written:4
04-11 20:11:29.695 E/RILC    (  370): RIL Response bytes written:20
04-11 20:11:29.695 D/RILJ    ( 3447): [4857]< QUERY_NETWORK_SELECTION_MODE {0} [SUB0]
04-11 20:11:29.695 D/RILC    (  370): SOCKET RIL_SOCKET_1 REQUEST: VOICE_REGISTRATION_STATE length:8
04-11 20:11:29.698 D/RILC    (  370): SOCKET RIL_SOCKET_1 REQUEST: QUERY_NETWORK_SELECTION_MODE length:8
04-11 20:11:29.702 D/RILC    (  370): RequestComplete, RIL_SOCKET_1
04-11 20:11:29.702 E/RILC    (  370): Send Response to RIL_SOCKET_1
04-11 20:11:29.702 E/RILC    (  370): RIL Response bytes written:4
04-11 20:11:29.702 E/RILC    (  370): RIL Response bytes written:72
04-11 20:11:29.702 D/RILC    (  370): RequestComplete, RIL_SOCKET_1
04-11 20:11:29.702 E/RILC    (  370): Send Response to RIL_SOCKET_1
04-11 20:11:29.702 E/RILC    (  370): RIL Response bytes written:4
04-11 20:11:29.702 E/RILC    (  370): RIL Response bytes written:72
04-11 20:11:29.705 D/RILC    (  370): RequestComplete, RIL_SOCKET_1
04-11 20:11:29.705 E/RILC    (  370): Send Response to RIL_SOCKET_1
04-11 20:11:29.705 E/RILC    (  370): RIL Response bytes written:4
04-11 20:11:29.705 E/RILC    (  370): RIL Response bytes written:120
04-11 20:11:29.706 D/RILJ    ( 3447): [4854]< OPERATOR {Orange, Orange, 26003} [SUB0]
04-11 20:11:29.706 D/RILJ    ( 3447): [4858]< OPERATOR {Orange, Orange, 26003} [SUB0]
04-11 20:11:29.706 D/RILJ    ( 3447): [4859]< DATA_REGISTRATION_STATE {1, dff2, 02bec826, 11, null, 20, null, null, null, null, null, 0} [SUB0]
04-11 20:11:29.706 D/RILC    (  370): RequestComplete, RIL_SOCKET_1
04-11 20:11:29.706 E/RILC    (  370): Send Response to RIL_SOCKET_1
04-11 20:11:29.706 E/RILC    (  370): RIL Response bytes written:4
04-11 20:11:29.706 E/RILC    (  370): RIL Response bytes written:20
04-11 20:11:29.706 D/GsmSST  ( 3447): isSFROperators result = false
04-11 20:11:29.706 D/RILJ    ( 3447): [4861]< QUERY_NETWORK_SELECTION_MODE {0} [SUB0]
04-11 20:11:29.707 D/PHONE   ( 3447): [ServiceState] setDataRegState=0
04-11 20:11:29.707 D/PHONE   ( 3447): [ServiceState] setDataRadioTechnology=11
04-11 20:11:29.707 D/GsmSST  ( 3447): [GsmSST] LOGRadioInfo : In Service
04-11 20:11:29.707 D/GsmSST  ( 3447): [GsmSST] handlPollStateResultMessage: GsmSST setDataRegState=0 regState=1 dataRadioTechnology=11
04-11 20:11:29.708 D/RILC    (  370): RequestComplete, RIL_SOCKET_1
04-11 20:11:29.709 E/RILC    (  370): Send Response to RIL_SOCKET_1
04-11 20:11:29.709 E/RILC    (  370): RIL Response bytes written:4
04-11 20:11:29.709 E/RILC    (  370): RIL Response bytes written:136
04-11 20:11:29.709 D/RILJ    ( 3447): [4860]< VOICE_REGISTRATION_STATE {1, dff2, 02bec826, 3, null, null, null, 0, null, null, 1, null, null, 0, 1d8} [SUB0]
04-11 20:11:29.709 D/PHONE   ( 3447): [ServiceState] setVoiceRegState=0
04-11 20:11:29.709 E/PHONE   ( 3447): [ServiceState] setState deprecated use setVoiceRegState()
04-11 20:11:29.709 D/GsmSST  ( 3447): [GsmSST] LOGRadioInfo : In Service
04-11 20:11:29.711 D/GsmSST  ( 3447): [GsmSST] Poll ServiceState done:  oldSS=[0 0 voice home data home Orange Orange 26003 Orange Orange 26003  UMTS HSPAP CSS not supported -1 -1 RoamInd=-1 DefRoamInd=-1 EmergOnly=false IsDataRoamingFromRegistration=false mIsVoiceSearching=false mIsDataSearching=false mVoiceNetworkName=null mDataNetworkName=null Check64QAM0 Dual carrier0] newSS=[0 0 voice home data home Orange Orange 26003 Orange Orange 26003  UMTS HSPA CSS not supported -1 -1 RoamInd=-1 DefRoamInd=-1 EmergOnly=false IsDataRoamingFromRegistration=false mIsVoiceSearching=false mIsDataSearching=false mVoiceNetworkName=null mDataNetworkName=null Check64QAM0 Dual carrier0] oldMaxDataCalls=20 mNewMaxDataCalls=20 oldReasonDataDenied=-1 mNewReasonDataDenied=-1
04-11 20:11:29.712 D/PHONE   ( 3447): [ServiceState] setNullState=1
04-11 20:11:29.712 D/TelephonyManager( 3447): setTelephonyProperty: success phoneId=0 property=gsm.network.type value: UMTS propVal=UMTS
04-11 20:11:29.712 D/SIMRecords( 3447): [SIMRecords] getServiceProviderName: no brandOverride
04-11 20:11:29.712 D/SIMRecords( 3447): [SIMRecords] getServiceProviderName: providerName=Orange
04-11 20:11:29.712 D/SIMRecords( 3447): [SIMRecords] getServiceProviderName: no brandOverride
04-11 20:11:29.712 D/SIMRecords( 3447): [SIMRecords] getServiceProviderName: providerName=Orange
04-11 20:11:29.712 D/GSMPhoneEx( 3447): grandblue SpnMvno = Orange operator = 26003 simMcc  = 260 simMnc  = 03
04-11 20:11:29.713 D/GSMPhoneEx( 3447): grandblue after SpnMvno = Orange operator = 26003 simMcc  = 260 simMnc  = 03
04-11 20:11:29.713 D/TelephonyManager( 3447): setTelephonyProperty: success phoneId=0 property=gsm.operator.alpha value: Orange propVal=Orange
04-11 20:11:29.714 D/TelephonyManager( 3447): setTelephonyProperty: success phoneId=0 property=gsm.operator.numeric value: 26003 propVal=26003
04-11 20:11:29.714 D/TelephonyManager( 3447): setTelephonyProperty: success phoneId=0 property=gsm.operator.iso-country value: pl propVal=pl
04-11 20:11:29.715 D/GsmSST  ( 3447): [GsmSST] shouldFixTimeZoneNow: retVal=false iccCardExist=true operatorNumeric=26003 mcc=260 prevOperatorNumeric=26003 prevMcc=260 needToFixTimeZone=false ltod=04-11 20:11:29.715
04-11 20:11:29.715 D/TelephonyManager( 3447): setTelephonyProperty: success phoneId=0 property=gsm.operator.isroaming value: false propVal=false
04-11 20:11:29.715 D/TelephonyManager( 3447): setTelephonyProperty: success phoneId=0 property=ril.cdma.voiceinservice value: true propVal=true
04-11 20:11:29.716 D/GsmSST  ( 3447): [GsmSST] Broadcasting ServiceState : 0 0 voice home data home Orange Orange 26003 Orange Orange 26003  UMTS HSPA CSS not supported -1 -1 RoamInd=-1 DefRoamInd=-1 EmergOnly=false IsDataRoamingFromRegistration=false mIsVoiceSearching=false mIsDataSearching=false mVoiceNetworkName=null mDataNetworkName=null Check64QAM0 Dual carrier0
04-11 20:11:29.716 D/DefaultPhoneNotifier( 3447): nofityServiceState: mRegistry=com.android.internal.telephony.ITelephonyRegistry$Stub$Proxy@ced2ad0 ss=0 0 voice home data home Orange Orange 26003 Orange Orange 26003  UMTS HSPA CSS not supported -1 -1 RoamInd=-1 DefRoamInd=-1 EmergOnly=false IsDataRoamingFromRegistration=false mIsVoiceSearching=false mIsDataSearching=false mVoiceNetworkName=null mDataNetworkName=null Check64QAM0 Dual carrier0 sender=Handler (com.qti.internal.telephony.gsm.QtiGSMPhone) {560d91e} phondId=0 subId=2
04-11 20:11:29.722 D/SubscriptionManager( 1891): getSimStateForSubscriber: simState=5 slotIdx=0
04-11 20:11:29.724 D/GsmSST  ( 3447): [GsmSST] notifyDataRegStateRilRadioTechnologyChanged: drs=0 rat=11
04-11 20:11:29.724 D/TelephonyManager( 3447): setTelephonyProperty: success phoneId=0 property=gsm.network.type value: HSPA propVal=HSPA
04-11 20:11:29.725 D/QtiGsmDCT( 3447): [0]get all active apn types
04-11 20:11:29.725 D/DC-1    ( 3447): DcActiveState not handled msg.what=EVENT_DATA_CONNECTION_DRS_OR_RAT_CHANGED
04-11 20:11:29.725 D/DC-1    ( 3447): DcDefault msg=EVENT_DATA_CONNECTION_DRS_OR_RAT_CHANGED RefCount=1
04-11 20:11:29.725 D/DC-1    ( 3447): DcDefaultState: EVENT_DATA_CONNECTION_DRS_OR_RAT_CHANGED drs=0 mRilRat=11
04-11 20:11:29.725 D/QtiGsmDCT( 3447): [0]fetchDunApn: Ignore the dun apn in settings.db
04-11 20:11:29.726 D/QtiGsmDCT( 3447): [0]return link properites for default
04-11 20:11:29.727 D/QtiGsmDCT( 3447): [0]getDataEnabled: getIntWithSubId retVal=true
04-11 20:11:29.766 D/QtiGsmDCT( 3447): [0]fetchDunApn: config_tether_apndata dunSetting=null
04-11 20:11:29.766 D/DC-1    ( 3447): isInternetRequested = true
04-11 20:11:29.767 D/DC-1    ( 3447): DcActiveState not handled msg.what=REQ_GET_LINK_PROPERTIES
04-11 20:11:29.767 D/DC-1    ( 3447): DcDefault msg=REQ_GET_LINK_PROPERTIES RefCount=1
04-11 20:11:29.768 D/DC-1    ( 3447): REQ_GET_LINK_PROPERTIES linkProperties{InterfaceName: rmnet_data0 LinkAddresses: [2a00:f41:509d:3c49:86de:75f7:213a:3588/64,]  Routes: [::/0 -> fe80::88b0:3588:9bd1:5a35 rmnet_data0,] DnsAddresses: [2a01:1700:3:ffff::9822,2a01:1700:2:ffff::9f01,] Domains: null MTU: 1500 TcpBufferSizes: 40778,244668,3461120,16777,140625,3461120}
04-11 20:11:29.768 D/QtiGsmDCT( 3447): [0]get active pdp is not null, return NetworkCapabilities for default
04-11 20:11:29.769 D/DC-1    ( 3447): DcActiveState not handled msg.what=REQ_GET_NETWORK_CAPABILITIES
04-11 20:11:29.769 D/DC-1    ( 3447): DcDefault msg=REQ_GET_NETWORK_CAPABILITIES RefCount=1
04-11 20:11:29.770 D/QtiGsmDCT( 3447): [0]fetchDunApn: Ignore the dun apn in settings.db
04-11 20:11:29.803 D/QtiGsmDCT( 3447): [0]fetchDunApn: config_tether_apndata dunSetting=null
04-11 20:11:29.803 D/DC-1    ( 3447): isInternetRequested = true
04-11 20:11:29.803 D/DC-1    ( 3447): REQ_GET_NETWORK_CAPABILITIES networkCapabilities[ Transports: CELLULAR Capabilities: SUPL&DUN&INTERNET&NOT_RESTRICTED&TRUSTED&NOT_VPN LinkUpBandwidth>=5898Kbps LinkDnBandwidth>=14336Kbps Specifier: <2>]
04-11 20:11:29.805 D/QtiGsmDCT( 3447): [0]isDataPossible(default): possible=true isDataAllowed=true apnTypePossible=true apnContextisEnabled=true apnContextState()=CONNECTED
04-11 20:11:29.805 D/QtiGsmDCT( 3447): [0]get active apn string for type:default
04-11 20:11:29.805 D/DCT     ( 3447): [ApnContext:default] getApnSetting: apnSetting=[ApnSettingV3] Orange Internet, 695, 26003, internetipv6, , , , , , 1, default | dun | hipri | supl, IPV6, IP, true, 0, 0, 1, false, 0, 0, 0, 0, , , 0, , 
04-11 20:11:29.808 D/TelephonyRegistry( 1891): Notify data connection state changed on sub: 2
04-11 20:11:29.808 D/TelephonyRegistry( 1891): Notify data connection state changed on sub: 2
04-11 20:11:29.808 D/TelephonyRegistry( 1891): Notify data connection state changed on sub: 2
04-11 20:11:29.808 D/TelephonyRegistry( 1891): Notify data connection state changed on sub: 2
04-11 20:11:29.808 D/TelephonyRegistry( 1891): Notify data connection state changed on sub: 2
04-11 20:11:29.809 D/TelephonyRegistry( 1891): broadcastPreciseDataConnectionStateChanged():state=2, apnType=default, smCause=(0), reason=null
04-11 20:11:29.811 V/LG-FASTDORMANCY( 3447): [IDLE] intent received :android.intent.action.SERVICE_STATE
04-11 20:11:29.811 E/PHONE   ( 3447): ServiceState.getRadioTechnology() DEPRECATED will be removed *******
04-11 20:11:29.811 I/LG-FASTDORMANCY( 3447): [IDLE] Service State is changed : 0 0 voice home data home Orange Orange 26003 Orange Orange 26003  UMTS HSPA CSS not supported -1 -1 RoamInd=-1 DefRoamInd=-1 EmergOnly=false IsDataRoamingFromRegistration=false mIsVoiceSearching=false mIsDataSearching=false mVoiceNetworkName=null mDataNetworkName=null Check64QAM0 Dual carrier0
04-11 20:11:29.811 I/LG-FASTDORMANCY( 3447): [IDLE] radioTech changed!! currenRT = 11 isChange?? true
04-11 20:11:29.812 I/LG-FASTDORMANCY( 3447): [IDLE] Radio Tech changed.
04-11 20:11:29.812 D/QtiGsmDCT( 3447): [0]QtiDcTracker handleMessage msg={ when=-87ms what=270377 obj=android.os.AsyncResult@87dcfbc target=com.qti.internal.telephony.dataconnection.QtiDcTracker }
04-11 20:11:29.812 D/QtiGsmDCT( 3447): [0]handleMessage msg={ when=-88ms what=270377 obj=android.os.AsyncResult@87dcfbc target=com.qti.internal.telephony.dataconnection.QtiDcTracker }
04-11 20:11:29.813 D/QtiGsmDCT( 3447): [0]onUpdateIcc: newIccRecords com.android.internal.telephony.uicc.SIMRecords
04-11 20:11:29.814 D/LG-FASTDORMANCY( 3447): [IDLE] isUMTS(): RadioTech(10)
04-11 20:11:29.815 D/GsmSST  ( 3447): [GsmSST] getCellLocation(): X good mCellLoc=[57330,46057510,472]
04-11 20:11:29.820 D/QtiGsmDCT( 3447): [0]getDataOnRoamingEnabled: phoneSubId=2 isDataRoamingEnabled=false
04-11 20:11:29.820 D/QtiGsmDCT( 3447): [0]getDataEnabled: getIntWithSubId retVal=true
04-11 20:11:29.822 D/QtiGsmDCT( 3447): [0]getDataEnabled: getIntWithSubId retVal=true
04-11 20:11:29.831 D/RILJ    ( 3447): [4862]> REQUEST_GET_NEIGHBORING_CELL_IDS [SUB0]
04-11 20:11:29.832 D/RILC    (  370): SOCKET RIL_SOCKET_1 REQUEST: GET_NEIGHBORING_CELL_IDS length:8
04-11 20:11:29.833 I/RILQ    (  370): (0/370):RIL[0][main] qcril_qmi_nas_get_neighboring_cell_ids: completed with 0
04-11 20:11:29.835 I/RILQ    (  370): (0/370):RIL[0][qmi_cb] qcril_qmi_nas_get_neighboring_cells_cb: .. qmi error 0, resultqmi  0, qmi transp_err 0, ril res 0
04-11 20:11:29.837 D/RILC    (  370): RequestComplete, RIL_SOCKET_1
04-11 20:11:29.837 E/RILC    (  370): Send Response to RIL_SOCKET_1
04-11 20:11:29.837 E/RILC    (  370): RIL Response bytes written:4
04-11 20:11:29.837 E/RILC    (  370): RIL Response bytes written:156
04-11 20:11:29.837 I/RILQ    (  370): (0/370):RIL[0][qmi_cb] qcril_qmi_nas_get_neighboring_cells_cb: completed with 0 with 5 entries
04-11 20:11:29.840 D/RILJ    ( 3447): [4862]< REQUEST_GET_NEIGHBORING_CELL_IDS {[[126@-90]] [[14@-91]] [[17e@-93]] [[3e@-94]] [[128@-95]] } [SUB0]
04-11 20:11:29.859 D/RILJ    ( 3447): [4863]> RIL_REQUEST_GET_CELL_INFO_LIST [SUB0]
04-11 20:11:29.861 D/RILC    (  370): SOCKET RIL_SOCKET_1 REQUEST: GET_CELL_INFO_LIST length:8
04-11 20:11:29.867 D/RILC    (  370): RequestComplete, RIL_SOCKET_1
04-11 20:11:29.867 E/RILC    (  370): Send Response to RIL_SOCKET_1
04-11 20:11:29.867 E/RILC    (  370): RIL Response bytes written:4
04-11 20:11:29.868 D/RILJ    ( 3447): [4863]< RIL_REQUEST_GET_CELL_INFO_LIST [CellInfoWcdma:{mRegistered=YES mTimeStampType=oem_ril mTimeStamp=1188579273968ns CellIdentityWcdma:{ mMcc=260 mMnc=3 mLac=57330 mCid=46057510 mPsc=472} CellSignalStrengthWcdma: ss=15 ber=99}, CellInfoWcdma:{mRegistered=NO mTimeStampType=oem_ril mTimeStamp=1188579273968ns CellIdentityWcdma:{ mMcc=2147483647 mMnc=2147483647 mLac=2147483647 mCid=2147483647 mPsc=294} CellSignalStrengthWcdma: ss=12 ber=99}, CellInfoWcdma:{mRegistered=NO mTimeStampType=oem_ril mTimeStamp=1188579273968ns CellIdentityWcdma:{ mMcc=2147483647 mMnc=2147483647 mLac=2147483647 mCid=2147483647 mPsc=20} CellSignalStrengthWcdma: ss=11 ber=99}, CellInfoWcdma:{mRegistered=NO mTimeStampType=oem_ril mTimeStamp=1188579273968ns CellIdentityWcdma:{ mMcc=2147483647 mMnc=2147483647 mLac=2147483647 mCid=2147483647 mPsc=382} CellSignalStrengthWcdma: ss=10 ber=99}, CellInfoWcdma:{mRegistered=NO mTimeStampType=oem_ril mTimeStamp=1188579273968ns CellIdentityWcdma:{ mMcc=2147483647 mMnc=2147483647 mLac=2147483647 mCid=2147483647 mPsc=62} CellSignalStrengthWcdma: ss=10 ber=99}, CellInfoWcdma:{mRegistered=NO mTimeStampType=oem_ril mTimeStamp=1188579273968ns CellIdentityWcdma:{ mMcc=2147483647 mMnc=2147483647 mLac=2147483647 mCid=2147483647 mPsc=296} CellSignalStrengthWcdma: ss=9 ber=99}] [SUB0]
04-11 20:11:29.870 E/RILC    (  370): RIL Response bytes written:304
04-11 20:11:29.871 D/GsmSST  ( 3447): [GsmSST] SST.getAllCellInfo(): X size=6 list=[CellInfoWcdma:{mRegistered=YES mTimeStampType=oem_ril mTimeStamp=1188579273968ns CellIdentityWcdma:{ mMcc=260 mMnc=3 mLac=57330 mCid=46057510 mPsc=472} CellSignalStrengthWcdma: ss=15 ber=99}, CellInfoWcdma:{mRegistered=NO mTimeStampType=oem_ril mTimeStamp=1188579273968ns CellIdentityWcdma:{ mMcc=2147483647 mMnc=2147483647 mLac=2147483647 mCid=2147483647 mPsc=294} CellSignalStrengthWcdma: ss=12 ber=99}, CellInfoWcdma:{mRegistered=NO mTimeStampType=oem_ril mTimeStamp=1188579273968ns CellIdentityWcdma:{ mMcc=2147483647 mMnc=2147483647 mLac=2147483647 mCid=2147483647 mPsc=20} CellSignalStrengthWcdma: ss=11 ber=99}, CellInfoWcdma:{mRegistered=NO mTimeStampType=oem_ril mTimeStamp=1188579273968ns CellIdentityWcdma:{ mMcc=2147483647 mMnc=2147483647 mLac=2147483647 mCid=2147483647 mPsc=382} CellSignalStrengthWcdma: ss=10 ber=99}, CellInfoWcdma:{mRegistered=NO mTimeStampType=oem_ril mTimeStamp=1188579273968ns CellIdentityWcdma:{ mMcc=2147483647 mMnc=2147483647 mLac=2147483647 mCid=2147483647 mPsc=62} CellSignalStrengthWcdma: ss=10 ber=99}, CellInfoWcdma:{mRegistered=NO mTimeStampType=oem_ril mTimeStamp=1188579273968ns CellIdentityWcdma:{ mMcc=2147483647 mMnc=2147483647 mLac=2147483647 mCid=2147483647 mPsc=296} CellSignalStrengthWcdma: ss=9 ber=99}]
04-11 20:11:29.875 D/GsmSST  ( 3447): [GsmSST] getCellLocation(): X good mCellLoc=[57330,46057510,472]
04-11 20:11:32.437 I/RILC    (  370): RIL_SOCKET_1 UNSOLICITED: RIL_UNSOL_LTE_REJECT_CAUSE length:16
04-11 20:11:32.437 E/RILC    (  370): Send Response to RIL_SOCKET_1
04-11 20:11:32.437 E/RILC    (  370): RIL Response bytes written:4
04-11 20:11:32.438 D/RILJ    ( 3447): [UNSL]< RIL_UNSOL_LTE_REJECT_CAUSE {15} [SUB0]
04-11 20:11:32.438 E/RILC    (  370): RIL Response bytes written:16
04-11 20:11:32.442 I/RILC    (  370): RIL_SOCKET_1 UNSOLICITED: UNSOL_OEM_HOOK_RAW length:32
04-11 20:11:32.442 E/RILC    (  370): Send Response to RIL_SOCKET_1
04-11 20:11:32.442 E/RILC    (  370): RIL Response bytes written:4
04-11 20:11:32.442 V/RILJ    ( 3447): [UNSL]< UNSOL_OEM_HOOK_RAW 514f454d484f4f4bef0308000100000002 [SUB0]
04-11 20:11:32.442 D/RILJ    ( 3447): Oem ID in RIL_UNSOL_OEM_HOOK_RAW is QOEMHOOK
04-11 20:11:32.442 D/RILJ    ( 3447): OEM ID check Passed
04-11 20:11:32.442 D/RILJ    ( 3447): Response ID in RIL_UNSOL_OEM_HOOK_RAW is 525295
04-11 20:11:32.443 D/RILJ    ( 3447): Response ID 525295 is not served in this process.
04-11 20:11:32.443 E/RILC    (  370): RIL Response bytes written:32
04-11 20:11:32.445 I/RILC    (  370): RIL_SOCKET_1 UNSOLICITED: UNSOL_RESPONSE_VOICE_NETWORK_STATE_CHANGED length:8
04-11 20:11:32.445 E/RILC    (  370): Send Response to RIL_SOCKET_1
04-11 20:11:32.445 E/RILC    (  370): RIL Response bytes written:4
04-11 20:11:32.445 D/RILJ    ( 3447): [UNSL]< UNSOL_RESPONSE_VOICE_NETWORK_STATE_CHANGED [SUB0]
04-11 20:11:32.446 D/RILJ    ( 3447): [4864]> OPERATOR [SUB0]
04-11 20:11:32.448 E/RILC    (  370): RIL Response bytes written:8
04-11 20:11:32.448 D/RILJ    ( 3447): [4865]> DATA_REGISTRATION_STATE [SUB0]
04-11 20:11:32.448 D/RILC    (  370): SOCKET RIL_SOCKET_1 REQUEST: OPERATOR length:8
04-11 20:11:32.449 D/RILC    (  370): SOCKET RIL_SOCKET_1 REQUEST: DATA_REGISTRATION_STATE length:8
04-11 20:11:32.449 D/RILJ    ( 3447): [4866]> VOICE_REGISTRATION_STATE [SUB0]
04-11 20:11:32.454 D/RILC    (  370): SOCKET RIL_SOCKET_1 REQUEST: VOICE_REGISTRATION_STATE length:8
04-11 20:11:32.455 D/RILJ    ( 3447): [4867]> QUERY_NETWORK_SELECTION_MODE [SUB0]
04-11 20:11:32.456 D/RILC    (  370): SOCKET RIL_SOCKET_1 REQUEST: QUERY_NETWORK_SELECTION_MODE length:8
04-11 20:11:32.458 D/RILC    (  370): RequestComplete, RIL_SOCKET_1
04-11 20:11:32.458 E/RILC    (  370): Send Response to RIL_SOCKET_1
04-11 20:11:32.458 E/RILC    (  370): RIL Response bytes written:4
04-11 20:11:32.458 E/RILC    (  370): RIL Response bytes written:72
04-11 20:11:32.459 D/RILJ    ( 3447): [4864]< OPERATOR {Orange, Orange, 26003} [SUB0]
04-11 20:11:32.464 D/RILC    (  370): RequestComplete, RIL_SOCKET_1
04-11 20:11:32.464 E/RILC    (  370): Send Response to RIL_SOCKET_1
04-11 20:11:32.464 E/RILC    (  370): RIL Response bytes written:4
04-11 20:11:32.464 E/RILC    (  370): RIL Response bytes written:120
04-11 20:11:32.465 D/RILJ    ( 3447): [4865]< DATA_REGISTRATION_STATE {1, dff2, 02bec826, 11, null, 20, null, null, null, null, null, 0} [SUB0]
04-11 20:11:32.465 D/GsmSST  ( 3447): isSFROperators result = false
04-11 20:11:32.465 D/PHONE   ( 3447): [ServiceState] setDataRegState=0
04-11 20:11:32.465 D/PHONE   ( 3447): [ServiceState] setDataRadioTechnology=11
04-11 20:11:32.465 D/GsmSST  ( 3447): [GsmSST] LOGRadioInfo : In Service
04-11 20:11:32.465 D/GsmSST  ( 3447): [GsmSST] handlPollStateResultMessage: GsmSST setDataRegState=0 regState=1 dataRadioTechnology=11
04-11 20:11:32.467 D/RILC    (  370): RequestComplete, RIL_SOCKET_1
04-11 20:11:32.467 E/RILC    (  370): Send Response to RIL_SOCKET_1
04-11 20:11:32.467 E/RILC    (  370): RIL Response bytes written:4
04-11 20:11:32.467 D/RILJ    ( 3447): [4866]< VOICE_REGISTRATION_STATE {1, dff2, 02bec826, 3, null, null, null, 0, null, null, 1, null, null, 0, 1d8} [SUB0]
04-11 20:11:32.467 D/PHONE   ( 3447): [ServiceState] setVoiceRegState=0
04-11 20:11:32.467 E/PHONE   ( 3447): [ServiceState] setState deprecated use setVoiceRegState()
04-11 20:11:32.467 D/GsmSST  ( 3447): [GsmSST] LOGRadioInfo : In Service
04-11 20:11:32.468 E/RILC    (  370): RIL Response bytes written:136
04-11 20:11:32.469 D/RILC    (  370): RequestComplete, RIL_SOCKET_1
04-11 20:11:32.469 E/RILC    (  370): Send Response to RIL_SOCKET_1
04-11 20:11:32.469 E/RILC    (  370): RIL Response bytes written:4
04-11 20:11:32.469 D/RILJ    ( 3447): [4867]< QUERY_NETWORK_SELECTION_MODE {0} [SUB0]
04-11 20:11:32.472 D/GsmSST  ( 3447): [GsmSST] Poll ServiceState done:  oldSS=[0 0 voice home data home Orange Orange 26003 Orange Orange 26003  UMTS HSPA CSS not supported -1 -1 RoamInd=-1 DefRoamInd=-1 EmergOnly=false IsDataRoamingFromRegistration=false mIsVoiceSearching=false mIsDataSearching=false mVoiceNetworkName=null mDataNetworkName=null Check64QAM0 Dual carrier0] newSS=[0 0 voice home data home Orange Orange 26003 Orange Orange 26003  UMTS HSPA CSS not supported -1 -1 RoamInd=-1 DefRoamInd=-1 EmergOnly=false IsDataRoamingFromRegistration=false mIsVoiceSearching=false mIsDataSearching=false mVoiceNetworkName=null mDataNetworkName=null Check64QAM0 Dual carrier0] oldMaxDataCalls=20 mNewMaxDataCalls=20 oldReasonDataDenied=-1 mNewReasonDataDenied=-1
04-11 20:11:32.472 D/PHONE   ( 3447): [ServiceState] setNullState=1
04-11 20:11:32.472 E/RILC    (  370): RIL Response bytes written:20
04-11 20:11:33.004 I/RILC    (  370): RIL_SOCKET_1 UNSOLICITED: RIL_UNSOL_LTE_REJECT_CAUSE length:16
04-11 20:11:33.004 E/RILC    (  370): Send Response to RIL_SOCKET_1
04-11 20:11:33.004 E/RILC    (  370): RIL Response bytes written:4
04-11 20:11:33.004 D/RILJ    ( 3447): [UNSL]< RIL_UNSOL_LTE_REJECT_CAUSE {15} [SUB0]
04-11 20:11:33.004 E/RILC    (  370): RIL Response bytes written:16
04-11 20:11:33.005 I/RILC    (  370): RIL_SOCKET_1 UNSOLICITED: UNSOL_OEM_HOOK_RAW length:32
04-11 20:11:33.006 E/RILC    (  370): Send Response to RIL_SOCKET_1
04-11 20:11:33.006 E/RILC    (  370): RIL Response bytes written:4
04-11 20:11:33.006 E/RILC    (  370): RIL Response bytes written:32
04-11 20:11:33.006 V/RILJ    ( 3447): [UNSL]< UNSOL_OEM_HOOK_RAW 514f454d484f4f4bef0308000100000002 [SUB0]
04-11 20:11:33.006 D/RILJ    ( 3447): Oem ID in RIL_UNSOL_OEM_HOOK_RAW is QOEMHOOK
04-11 20:11:33.006 D/RILJ    ( 3447): OEM ID check Passed
04-11 20:11:33.006 D/RILJ    ( 3447): Response ID in RIL_UNSOL_OEM_HOOK_RAW is 525295
04-11 20:11:33.006 D/RILJ    ( 3447): Response ID 525295 is not served in this process.
04-11 20:11:33.009 I/RILC    (  370): RIL_SOCKET_1 UNSOLICITED: UNSOL_RESPONSE_VOICE_NETWORK_STATE_CHANGED length:8
04-11 20:11:33.009 E/RILC    (  370): Send Response to RIL_SOCKET_1
04-11 20:11:33.010 E/RILC    (  370): RIL Response bytes written:4
04-11 20:11:33.010 D/RILJ    ( 3447): [UNSL]< UNSOL_RESPONSE_VOICE_NETWORK_STATE_CHANGED [SUB0]
04-11 20:11:33.010 D/RILJ    ( 3447): [4868]> OPERATOR [SUB0]
04-11 20:11:33.011 D/RILJ    ( 3447): [4869]> DATA_REGISTRATION_STATE [SUB0]
04-11 20:11:33.012 D/RILC    (  370): SOCKET RIL_SOCKET_1 REQUEST: OPERATOR length:8
04-11 20:11:33.012 E/RILC    (  370): RIL Response bytes written:8
04-11 20:11:33.014 D/RILJ    ( 3447): [4870]> VOICE_REGISTRATION_STATE [SUB0]
04-11 20:11:33.014 D/RILC    (  370): SOCKET RIL_SOCKET_1 REQUEST: DATA_REGISTRATION_STATE length:8
04-11 20:11:33.014 I/RILQ    (  370): (0/370):RIL[0][event] qcril_arb_set_dsd_sys_status: old_pref_data 1 - new_data_pref 1
04-11 20:11:33.014 I/RILQ    (  370): (0/370):RIL[0][event] qcril_arb_set_dsd_sys_status: preferred dsd_sys_status nw=0x0, rat_value=0x1, so_mask=0x0000000000000015
04-11 20:11:33.014 I/RILQ    (  370): (0/370):RIL[0][event] qcril_arb_set_dsd_sys_status: preferred 1 - dsd_sys_status nw=0x0, rat_value=0x1, so_mask=0x0000000000000015
04-11 20:11:33.014 I/RILQ    (  370): (0/370):RIL[0][event] qcril_arb_set_dsd_sys_status: is_wwan_available 0
04-11 20:11:33.015 D/RILJ    ( 3447): [4871]> QUERY_NETWORK_SELECTION_MODE [SUB0]
04-11 20:11:33.015 I/RILC    (  370): RIL_SOCKET_1 UNSOLICITED: UNSOL_OEM_HOOK_RAW length:32
04-11 20:11:33.015 E/RILC    (  370): Send Response to RIL_SOCKET_1
04-11 20:11:33.015 E/RILC    (  370): RIL Response bytes written:4
04-11 20:11:33.016 V/RILJ    ( 3447): [UNSL]< UNSOL_OEM_HOOK_RAW 514f454d484f4f4bfa0308000100000000 [SUB0]
04-11 20:11:33.016 D/RILJ    ( 3447): Oem ID in RIL_UNSOL_OEM_HOOK_RAW is QOEMHOOK
04-11 20:11:33.016 D/RILJ    ( 3447): OEM ID check Passed
04-11 20:11:33.016 D/RILJ    ( 3447): Response ID in RIL_UNSOL_OEM_HOOK_RAW is 525306
04-11 20:11:33.016 D/RILJ    ( 3447): WWAN, IWLAN coexistence notified to registrants
04-11 20:11:33.016 E/RILC    (  370): RIL Response bytes written:32
04-11 20:11:33.019 D/RILC    (  370): SOCKET RIL_SOCKET_1 REQUEST: VOICE_REGISTRATION_STATE length:8
04-11 20:11:33.020 D/RILC    (  370): SOCKET RIL_SOCKET_1 REQUEST: QUERY_NETWORK_SELECTION_MODE length:8
04-11 20:11:33.030 I/RILC    (  370): RIL_SOCKET_1 UNSOLICITED: RIL_UNSOL_LTE_REJECT_CAUSE length:16
04-11 20:11:33.030 E/RILC    (  370): Send Response to RIL_SOCKET_1
04-11 20:11:33.030 E/RILC    (  370): RIL Response bytes written:4
04-11 20:11:33.030 D/RILJ    ( 3447): [UNSL]< RIL_UNSOL_LTE_REJECT_CAUSE {15} [SUB0]
04-11 20:11:33.031 E/RILC    (  370): RIL Response bytes written:16
04-11 20:11:33.031 D/RILC    (  370): RequestComplete, RIL_SOCKET_1
04-11 20:11:33.031 E/RILC    (  370): Send Response to RIL_SOCKET_1
04-11 20:11:33.031 E/RILC    (  370): RIL Response bytes written:4
04-11 20:11:33.032 D/RILJ    ( 3447): [4868]< OPERATOR {Orange, Orange, 26003} [SUB0]
04-11 20:11:33.032 E/RILC    (  370): RIL Response bytes written:72
04-11 20:11:33.036 D/RILC    (  370): RequestComplete, RIL_SOCKET_1
04-11 20:11:33.036 E/RILC    (  370): Send Response to RIL_SOCKET_1
04-11 20:11:33.036 E/RILC    (  370): RIL Response bytes written:4
04-11 20:11:33.036 E/RILC    (  370): RIL Response bytes written:120
04-11 20:11:33.037 D/RILJ    ( 3447): [4869]< DATA_REGISTRATION_STATE {1, dff2, 02bec826, 15, null, 20, null, null, null, null, null, 0} [SUB0]
04-11 20:11:33.037 D/GsmSST  ( 3447): isSFROperators result = false
04-11 20:11:33.037 D/PHONE   ( 3447): [ServiceState] setDataRegState=0
04-11 20:11:33.037 D/PHONE   ( 3447): [ServiceState] setDataRadioTechnology=15
04-11 20:11:33.037 D/GsmSST  ( 3447): [GsmSST] LOGRadioInfo : In Service
04-11 20:11:33.037 D/GsmSST  ( 3447): [GsmSST] handlPollStateResultMessage: GsmSST setDataRegState=0 regState=1 dataRadioTechnology=15
04-11 20:11:33.039 D/RILC    (  370): RequestComplete, RIL_SOCKET_1
04-11 20:11:33.039 E/RILC    (  370): Send Response to RIL_SOCKET_1
04-11 20:11:33.039 E/RILC    (  370): RIL Response bytes written:4
04-11 20:11:33.039 E/RILC    (  370): RIL Response bytes written:136
04-11 20:11:33.039 D/RILJ    ( 3447): [4870]< VOICE_REGISTRATION_STATE {1, dff2, 02bec826, 3, null, null, null, 0, null, null, 1, null, null, 0, 1d8} [SUB0]
04-11 20:11:33.039 D/PHONE   ( 3447): [ServiceState] setVoiceRegState=0
04-11 20:11:33.039 E/PHONE   ( 3447): [ServiceState] setState deprecated use setVoiceRegState()
04-11 20:11:33.039 D/GsmSST  ( 3447): [GsmSST] LOGRadioInfo : In Service
04-11 20:11:33.042 I/RILC    (  370): RIL_SOCKET_1 UNSOLICITED: UNSOL_RESPONSE_VOICE_NETWORK_STATE_CHANGED length:8
04-11 20:11:33.042 E/RILC    (  370): Send Response to RIL_SOCKET_1
04-11 20:11:33.042 E/RILC    (  370): RIL Response bytes written:4
04-11 20:11:33.043 E/RILC    (  370): RIL Response bytes written:8
04-11 20:11:33.043 D/RILJ    ( 3447): [UNSL]< UNSOL_RESPONSE_VOICE_NETWORK_STATE_CHANGED [SUB0]
04-11 20:11:33.043 D/RILJ    ( 3447): [4872]> OPERATOR [SUB0]
04-11 20:11:33.043 D/RILC    (  370): RequestComplete, RIL_SOCKET_1
04-11 20:11:33.043 E/RILC    (  370): Send Response to RIL_SOCKET_1
04-11 20:11:33.044 E/RILC    (  370): RIL Response bytes written:4
04-11 20:11:33.044 D/RILJ    ( 3447): [4871]< QUERY_NETWORK_SELECTION_MODE {0} [SUB0]
04-11 20:11:33.044 D/RILJ    ( 3447): [4873]> DATA_REGISTRATION_STATE [SUB0]
04-11 20:11:33.044 D/RILC    (  370): SOCKET RIL_SOCKET_1 REQUEST: OPERATOR length:8
04-11 20:11:33.045 I/RILC    (  370): RIL_SOCKET_1 UNSOLICITED: UNSOL_DATA_CALL_LIST_CHANGED length:428
04-11 20:11:33.045 E/RILC    (  370): Send Response to RIL_SOCKET_1
04-11 20:11:33.045 E/RILC    (  370): RIL Response bytes written:20
04-11 20:11:33.046 E/RILC    (  370): RIL Response bytes written:4
04-11 20:11:33.046 E/RILC    (  370): RIL Response bytes written:428
04-11 20:11:33.046 D/RILJ    ( 3447): [4874]> VOICE_REGISTRATION_STATE [SUB0]
04-11 20:11:33.048 D/RILC    (  370): SOCKET RIL_SOCKET_1 REQUEST: DATA_REGISTRATION_STATE length:8
04-11 20:11:33.049 D/RILJ    ( 3447): [4875]> QUERY_NETWORK_SELECTION_MODE [SUB0]
04-11 20:11:33.050 D/RILC    (  370): SOCKET RIL_SOCKET_1 REQUEST: VOICE_REGISTRATION_STATE length:8
04-11 20:11:33.050 D/RILJ    ( 3447): responseDataCallList ver=11 num=1 [SUB0]
04-11 20:11:33.050 D/RILJ    ( 3447): getDataCallResponse before ver=11 [SUB0]
04-11 20:11:33.050 D/RILJ    ( 3447): [UNSL]< UNSOL_DATA_CALL_LIST_CHANGED [DataCallResponse: {version=11 status=0 retry=-1 cid=0 active=2 type=IPV6 ifname=rmnet_data0 mtu=1500 addresses=[2a00:0f41:509d:3c49:86de:75f7:213a:3588/64] dnses=[2a01:1700:0003:ffff:0000:0000:0000:9822,2a01:1700:0002:ffff:0000:0000:0000:9f01] gateways=[fe80:0000:0000:0000:88b0:3588:9bd1:5a35] pcscf=[]}] [SUB0]
04-11 20:11:33.051 I/LG-FASTDORMANCY( 3447): [IDLE] Data call list changed.
04-11 20:11:33.051 I/LG-FASTDORMANCY( 3447): [IDLE] [DataCallResponse: {version=11 status=0 retry=-1 cid=0 active=2 type=IPV6 ifname=rmnet_data0 mtu=1500 addresses=[2a00:0f41:509d:3c49:86de:75f7:213a:3588/64] dnses=[2a01:1700:0003:ffff:0000:0000:0000:9822,2a01:1700:0002:ffff:0000:0000:0000:9f01] gateways=[fe80:0000:0000:0000:88b0:3588:9bd1:5a35] pcscf=[]}]
04-11 20:11:33.051 I/LG-FASTDORMANCY( 3447): [IDLE] prev:[IDLE] , curr:false
04-11 20:11:33.051 D/RILC    (  370): SOCKET RIL_SOCKET_1 REQUEST: QUERY_NETWORK_SELECTION_MODE length:8
04-11 20:11:33.051 D/QtiGsmDCT( 3447): [0]fetchDunApn: Ignore the dun apn in settings.db
04-11 20:11:33.052 D/QtiGsmDCT( 3447): [0]QtiDcTracker handleMessage msg={ when=-2ms what=270340 obj=android.os.AsyncResult@a44eb45 target=com.qti.internal.telephony.dataconnection.QtiDcTracker }
04-11 20:11:33.052 D/QtiGsmDCT( 3447): [0]handleMessage msg={ when=-2ms what=270340 obj=android.os.AsyncResult@a44eb45 target=com.qti.internal.telephony.dataconnection.QtiDcTracker }
04-11 20:11:33.052 D/LG-FASTDORMANCY( 3447): [IDLE] isUMTS(): RadioTech(10)
04-11 20:11:33.052 E/DATA    ( 3447): Unidentified event msg={ when=-2ms what=270340 obj=android.os.AsyncResult@a44eb45 target=com.qti.internal.telephony.dataconnection.QtiDcTracker }
04-11 20:11:33.052 D/LG-FASTDORMANCY( 3447): [IDLE] Exit from IDLE State
04-11 20:11:33.052 D/LG-FASTDORMANCY( 3447): [DCH/FACH] FDCount : 0 Enter to DCH or FACH State
04-11 20:11:33.053 D/LG-FASTDORMANCY( 3447): [DCH/FACH] FDCount : 0 isUMTS(): RadioTech(10)
04-11 20:11:33.053 I/LG-FASTDORMANCY( 3447): [DCH/FACH] FDCount : 0 Scheduling checkNetStat for 1000msec, current state is [DCH/FACH] FDCount : 0 
04-11 20:11:33.055 D/RILC    (  370): RequestComplete, RIL_SOCKET_1
04-11 20:11:33.056 E/RILC    (  370): Send Response to RIL_SOCKET_1
04-11 20:11:33.057 E/RILC    (  370): RIL Response bytes written:4
04-11 20:11:33.057 D/RILJ    ( 3447): [4873]< DATA_REGISTRATION_STATE {1, dff2, 02bec826, 15, null, 20, null, null, null, null, null, 0} [SUB0]
04-11 20:11:33.057 E/RILC    (  370): RIL Response bytes written:120
04-11 20:11:33.058 D/GsmSST  ( 3447): isSFROperators result = false
04-11 20:11:33.058 D/PHONE   ( 3447): [ServiceState] setDataRegState=0
04-11 20:11:33.058 D/PHONE   ( 3447): [ServiceState] setDataRadioTechnology=15
04-11 20:11:33.058 D/GsmSST  ( 3447): [GsmSST] LOGRadioInfo : In Service
04-11 20:11:33.058 D/GsmSST  ( 3447): [GsmSST] handlPollStateResultMessage: GsmSST setDataRegState=0 regState=1 dataRadioTechnology=15
04-11 20:11:33.064 D/RILC    (  370): RequestComplete, RIL_SOCKET_1
04-11 20:11:33.064 E/RILC    (  370): Send Response to RIL_SOCKET_1
04-11 20:11:33.064 E/RILC    (  370): RIL Response bytes written:4
04-11 20:11:33.064 D/RILJ    ( 3447): [4872]< OPERATOR {Orange, Orange, 26003} [SUB0]
04-11 20:11:33.064 E/RILC    (  370): RIL Response bytes written:72
04-11 20:11:33.065 D/RILC    (  370): RequestComplete, RIL_SOCKET_1
04-11 20:11:33.065 E/RILC    (  370): Send Response to RIL_SOCKET_1
04-11 20:11:33.065 E/RILC    (  370): RIL Response bytes written:4
04-11 20:11:33.065 E/RILC    (  370): RIL Response bytes written:136
04-11 20:11:33.066 D/RILC    (  370): RequestComplete, RIL_SOCKET_1
04-11 20:11:33.066 E/RILC    (  370): Send Response to RIL_SOCKET_1
04-11 20:11:33.066 E/RILC    (  370): RIL Response bytes written:4
04-11 20:11:33.066 E/RILC    (  370): RIL Response bytes written:20
04-11 20:11:33.067 D/RILJ    ( 3447): [4874]< VOICE_REGISTRATION_STATE {1, dff2, 02bec826, 3, null, null, null, 0, null, null, 1, null, null, 0, 1d8} [SUB0]
04-11 20:11:33.067 D/PHONE   ( 3447): [ServiceState] setVoiceRegState=0
04-11 20:11:33.067 E/PHONE   ( 3447): [ServiceState] setState deprecated use setVoiceRegState()
04-11 20:11:33.067 D/RILJ    ( 3447): [4875]< QUERY_NETWORK_SELECTION_MODE {0} [SUB0]
04-11 20:11:33.067 D/GsmSST  ( 3447): [GsmSST] LOGRadioInfo : In Service
04-11 20:11:33.070 D/GsmSST  ( 3447): [GsmSST] Poll ServiceState done:  oldSS=[0 0 voice home data home Orange Orange 26003 Orange Orange 26003  UMTS HSPA CSS not supported -1 -1 RoamInd=-1 DefRoamInd=-1 EmergOnly=false IsDataRoamingFromRegistration=false mIsVoiceSearching=false mIsDataSearching=false mVoiceNetworkName=null mDataNetworkName=null Check64QAM0 Dual carrier0] newSS=[0 0 voice home data home Orange Orange 26003 Orange Orange 26003  UMTS HSPAP CSS not supported -1 -1 RoamInd=-1 DefRoamInd=-1 EmergOnly=false IsDataRoamingFromRegistration=false mIsVoiceSearching=false mIsDataSearching=false mVoiceNetworkName=null mDataNetworkName=null Check64QAM0 Dual carrier0] oldMaxDataCalls=20 mNewMaxDataCalls=20 oldReasonDataDenied=-1 mNewReasonDataDenied=-1
04-11 20:11:33.070 D/PHONE   ( 3447): [ServiceState] setNullState=1
04-11 20:11:33.070 D/TelephonyManager( 3447): setTelephonyProperty: success phoneId=0 property=gsm.network.type value: UMTS propVal=UMTS
04-11 20:11:33.071 D/SIMRecords( 3447): [SIMRecords] getServiceProviderName: no brandOverride
