04-11 20:03:07.116 D/InputDispatcher( 1891): notifyMotion - action=ACTION_DOWN(0), id=0, tooltype=1, deviceId=6, source=0x1002, policyFlags=0x0, flags=0x0, metaState=0x0, buttonState=0x0, edgeFlags=0x0, eventTime=685828466000, downTime=685828466000, 
04-11 20:03:07.116 D/InputTransport( 1891): channel 'aa9d1b2 pl.tablica/pl.olx.activities.OlxMainActivity (server)' : action=ACTION_DOWN(0), id=0, tooltype=1, deviceId=6, source=0x1002, flags=0x0, edgeFlags=0x0, metaState=0x0, buttonState=0x0, downTime=685828466000, eventTime=685828466000, pointerCount=1
04-11 20:03:07.681 D/InputDispatcher( 1891): notifyMotion - action=ACTION_UP(0), id=0, tooltype=1, deviceId=6, source=0x1002, policyFlags=0x0, flags=0x0, metaState=0x0, buttonState=0x0, edgeFlags=0x0, eventTime=686394129000, downTime=685828466000, 
04-11 20:03:07.681 D/InputTransport( 1891): channel 'aa9d1b2 pl.tablica/pl.olx.activities.OlxMainActivity (server)' : action=ACTION_UP(0), id=0, tooltype=1, deviceId=6, source=0x1002, flags=0x0, edgeFlags=0x0, metaState=0x0, buttonState=0x0, downTime=685828466000, eventTime=686394129000, pointerCount=1
04-11 20:03:07.738 D/bsthal  ( 1891): polldata:1, sensor:1598182229, type:1, x:0.670376 y:9.653421 z:1.244985
04-11 20:03:07.788 D/bsthal  ( 1891): polldata:1, sensor:1598182229, type:1, x:0.325611 y:9.576807 z:1.857901
04-11 20:03:07.841 D/bsthal  ( 1891): polldata:1, sensor:1598182229, type:1, x:0.555455 y:9.615114 z:1.474828
04-11 20:03:10.242 I/PhoneWindowManagerEx( 1891): [PWM] sIsDimming=false, isDimChanging = false
04-11 20:03:10.242 I/PhoneWindowManagerEx( 1891): [PWM][updateSystemUiVisibilityLw] tmpColorNavigationBar=0xff000000
04-11 20:03:10.242 I/PhoneWindowManagerEx( 1891): [PWM][updateSystemUiVisibilityLw] mLastColorNavigationBar=0xff000000
04-11 20:03:20.741 D/bsthal  ( 1891): polldata:1, sensor:1598182229, type:1, x:1.513135 y:0.134075 z:10.266336
04-11 20:03:20.788 D/bsthal  ( 1891): polldata:1, sensor:1598182229, type:1, x:1.570596 y:-0.019154 z:10.113108
04-11 20:03:20.838 D/bsthal  ( 1891): polldata:1, sensor:1598182229, type:1, x:1.800440 y:-0.191536 z:10.477027
04-11 20:03:21.828 E/qdlights( 3377): set_light_notifications : flashMode=0, pattern_id=0, onMS=0, offMS=0
04-11 20:03:21.829 E/qdlights( 3377): set_light_notifications : flashMode=0, pattern_id=0, onMS=0, offMS=0
04-11 20:03:21.830 E/qdlights( 3377): set_light_notifications : flashMode=0, pattern_id=0, onMS=0, offMS=0
04-11 20:03:21.831 E/qdlights( 3377): set_light_notifications : flashMode=0, pattern_id=0, onMS=0, offMS=0
04-11 20:03:22.078 D/UsbSettingsReceiver( 3574): [AUTORUN] onReceive() : action = android.hardware.usb.action.USB_STATE
04-11 20:03:22.078 D/UsbSettingsReceiver( 3574): [AUTORUN] sys.usb.config = mtp,adb
04-11 20:03:22.078 D/UsbSettingsReceiver( 3574): [AUTORUN] sys.usb.state = mtp,adb
04-11 20:03:22.078 D/UsbSettingsReceiver( 3574): [AUTORUN] persist.sys.usb.config = mtp,adb
04-11 20:03:22.079 D/UsbSettingsReceiver( 3574): [AUTORUN] onReceive() : app userid = 0, current userid = 0
04-11 20:03:22.080 D/UsbSettingsReceiver( 3574): [AUTORUN] onReceive() : getDefaultFunction = mtp
04-11 20:03:22.080 D/UsbSettingsReceiver( 3574): [AUTORUN] onReceive() : USB_FUNCTION_CDROM_STORAGE = false
04-11 20:03:22.080 D/UsbSettingsReceiver( 3574): [AUTORUN] onReceive() : mDirectAutorun = false
04-11 20:03:22.080 D/UsbSettingsReceiver( 3574): [AUTORUN] onReceive() : mActivityUsbModeChange = false
04-11 20:03:22.080 D/UsbSettingsReceiver( 3574): [AUTORUN] onReceive() : mActivityFinish = false
04-11 20:03:22.080 D/UsbSettingsReceiver( 3574): [AUTORUN] onReceive() : ===== USB Connected =====
04-11 20:03:22.097 D/UsbSettingsControl( 3574): [AUTORUN] setUsbConnected() : connected=true
04-11 20:03:22.143 I/HyLog   (11217): I : openReadStream, /data/font/config/sfconfig.dat, case (2)
04-11 20:03:22.143 D/HyLog   (11217): D: Wrong tag (927 : loadPreData() : frameworks/base/core/jni/android/graphics/TypefaceHyFontManager.cpp)
04-11 20:03:22.143 I/HyLog   (11217): I : openReadStream, /data/font/config/sfconfig.dat, case (2)
04-11 20:03:22.166 W/System  (11217): ClassLoader referenced unknown path: /system/priv-app/LGPCSuite/lib/arm
04-11 20:03:22.184 I/PCSuite (11217): [StartReceiver]USB CONNECTED ver UsbManger : mtp - true, ptp - false
04-11 20:03:22.184 I/PCSuite (11217): [StartReceiver]isUsbPCSuiteMode : true
04-11 20:03:22.184 I/PCSuite (11217): [StartReceiver] USB CONNECTED ver UsbManger
04-11 20:03:22.201 D/PCSuite (11217): [StartReceiver][LGSW]true, [OBEXSERVICE]true
04-11 20:03:22.203 I/PCSuite (11217): [ObexService]onCreate()
04-11 20:03:22.210 D/UsbSettingsReceiver( 3574): [AUTORUN] onReceive() : action = android.hardware.usb.action.USB_STATE
04-11 20:03:22.210 D/UsbSettingsReceiver( 3574): [AUTORUN] sys.usb.config = mtp,adb
04-11 20:03:22.210 D/UsbSettingsReceiver( 3574): [AUTORUN] sys.usb.state = mtp,adb
04-11 20:03:22.210 D/UsbSettingsReceiver( 3574): [AUTORUN] persist.sys.usb.config = mtp,adb
04-11 20:03:22.211 D/UsbSettingsReceiver( 3574): [AUTORUN] onReceive() : app userid = 0, current userid = 0
04-11 20:03:22.211 D/UsbSettingsReceiver( 3574): [AUTORUN] onReceive() : getDefaultFunction = mtp
04-11 20:03:22.212 D/UsbSettingsReceiver( 3574): [AUTORUN] onReceive() : USB_FUNCTION_CDROM_STORAGE = false
04-11 20:03:22.212 D/UsbSettingsReceiver( 3574): [AUTORUN] onReceive() : mDirectAutorun = false
04-11 20:03:22.212 D/UsbSettingsReceiver( 3574): [AUTORUN] onReceive() : mActivityUsbModeChange = false
04-11 20:03:22.212 D/UsbSettingsReceiver( 3574): [AUTORUN] onReceive() : mActivityFinish = false
04-11 20:03:22.212 D/UsbSettingsReceiver( 3574): [AUTORUN] onReceive() : ===== USB Connected =====
04-11 20:03:22.212 D/UsbSettingsControl( 3574): [AUTORUN] setUsbConnected() : connected=true
04-11 20:03:22.212 I/PCSuite (11217): [UsbConnection]registerReceiver
04-11 20:03:22.215 V/jni/jni_main.c(11217): [PCSuite_JNI] : create FIFO
04-11 20:03:22.215 V/jni/jni_main.c(11217): 
04-11 20:03:22.215 V/jni/jni_main.c(11217): [PCSuite_JNI] : recv FIFO.. chmod 0666 
04-11 20:03:22.215 V/jni/jni_main.c(11217): 
04-11 20:03:22.215 V/jni/jni_main.c(11217): [PCSuite_JNI] : recv FIFO.. chmod 0666 
04-11 20:03:22.215 V/jni/jni_main.c(11217): 
04-11 20:03:22.218 I/PCSuite (11217): [UsbConnection]registerReceiver
04-11 20:03:22.219 D/PCSuite (11217): [ObexManager][changeConnectionMode]type = CONN_USB
04-11 20:03:22.219 I/PCSuite (11217): [ObexManager][stopService]
04-11 20:03:22.221 I/PCSuite (11217): [UsbConnection]registerReceiver
04-11 20:03:22.222 V/jni/jni_main.c(11217): [PCSuite_JNI] : create FIFO
04-11 20:03:22.222 V/jni/jni_main.c(11217): 
04-11 20:03:22.222 V/jni/jni_main.c(11217): [PCSuite_JNI] : recv FIFO.. Already EXIST 
04-11 20:03:22.222 V/jni/jni_main.c(11217): 
04-11 20:03:22.222 V/jni/jni_main.c(11217): [PCSuite_JNI] : recv FIFO.. chmod 0666 
04-11 20:03:22.222 V/jni/jni_main.c(11217): 
04-11 20:03:22.223 V/jni/jni_main.c(11217): [PCSuite_JNI] : recv FIFO.. chmod 0666 
04-11 20:03:22.223 V/jni/jni_main.c(11217): 
04-11 20:03:22.223 D/PCSuite (11217): [ObexManager][changeConnectionMode]nameCONN_USB
04-11 20:03:22.223 V/jni/jni_main.c(11217): [PCSuite_JNI] : initialize ....
04-11 20:03:22.223 V/jni/jni_main.c(11217): 
04-11 20:03:22.225 I/PCSuite (11217): [ObexManager][ReadThread]run()
04-11 20:03:22.225 D/PCSuite (11217): [UsbConnection][readStream]index(0), len(65535)
04-11 20:03:22.226 V/jni/jni_main.c(11217): [PCSuite_JNI] : waiting to read from port bridge..
04-11 20:03:22.226 V/jni/jni_main.c(11217): 
04-11 20:03:22.226 I/PCSuite (11217): [StartReceiver]USB CONNECTED ver UsbManger : mtp - true, ptp - false
04-11 20:03:22.226 I/PCSuite (11217): [StartReceiver]isUsbPCSuiteMode : true
04-11 20:03:22.226 I/PCSuite (11217): [StartReceiver] USB CONNECTED ver UsbManger
04-11 20:03:22.227 D/PCSuite (11217): [StartReceiver][LGSW]true, [OBEXSERVICE]true
04-11 20:03:22.245 V/NotificationVibrator( 1891): vibrate() uid = 1000, opPkg = android, repeat = -1, attributes.mUsage = 5
04-11 20:03:22.245 I/VolumeVibratorManager( 1891): getVibrateVolume vibrateType 1
04-11 20:03:22.245 I/VolumeVibratorManager( 1891): vibratePattern() packageName android volumeIndex 5
04-11 20:03:22.246 I/LGNativeVibrator( 1891): vibrator_off
04-11 20:03:22.252 I/LGNativeVibrator( 1891): vibrator_on ... timeout_ms = 810
04-11 20:03:22.263 D/PhoneWindowEx( 1891): [PWEx][generateLayout] setLGNavigationBarColor : colors=0xff000000
04-11 20:03:22.263 I/PhoneWindow( 1891): [setLGNavigationBarColor] color=0x ff000000
04-11 20:03:22.287 I/PhoneWindowManagerEx( 1891): [PWM] sIsDimming=true, isDimChanging = true
04-11 20:03:22.287 I/PhoneWindowManagerEx( 1891): [PWM][updateSystemUiVisibilityLw] tmpColorNavigationBar=0x0
04-11 20:03:22.287 I/PhoneWindowManagerEx( 1891): [PWM][updateSystemUiVisibilityLw] mLastColorNavigationBar=0xff000000
04-11 20:03:22.288 D/PhoneWindowManagerEx( 1891): [PWM]2.notifyNavigationBarColor => Color.TRANSPARENT 
04-11 20:03:22.288 I/SystemUI[Framework]( 1891): PhoneWindowManager.updateSystemUiVisibilityLw() :visibility=0x8000, pkg=android
04-11 20:03:22.288 D/InputDispatcher( 1891): Focus left window: Window{aa9d1b2 u0 pl.tablica/pl.olx.activities.OlxMainActivity}
04-11 20:03:22.288 D/InputDispatcher( 1891): Focus entered window: Window{4fe2fa1 u0 android}
04-11 20:03:22.288 D/PhoneWindow( 1891): notifyNavigationBarColor, color=0x: ff000000, token: android.view.ViewRootImplAO$WEx@3d23c08
04-11 20:03:22.288 D/WindowManager( 1891): notifyNavigationBarColor(), token: android.view.ViewRootImplAO$WEx@3d23c08, color: ff000000
04-11 20:03:22.289 I/SystemUI[Framework]( 1891): ==>disabledNaviBtn() what=0x0, token=android.os.Binder@a51467a,  pkg=Window{4fe2fa1 u0 android}
04-11 20:03:22.289 I/SystemUI[Framework]( 1891): disableNaviBtn: mDisabledNaviBtn=0x0,  mDisableRecords.size=0
04-11 20:03:22.298 E/ExtMediaPlayer-JNI( 1891): QCMediaPlayer could not be located....
04-11 20:03:22.298 D/MediaPlayer-JNI( 1891): JNIMediaPlayerFactory: bIsQCMediaPlayerPresent 0
04-11 20:03:22.298 E/ExtMediaPlayer-JNI( 1891): QCMediaPlayer could not be located....
04-11 20:03:22.298 D/MediaPlayer-JNI( 1891): JNIMediaPlayerFactory: bIsQCMediaPlayerPresent 0
04-11 20:03:22.298 V/MediaPlayer[Native]( 1891): constructor
04-11 20:03:22.299 V/MediaPlayer[Native]( 1891): setListener
04-11 20:03:22.299 V/MediaPlayer[Native]( 1891): setDataSource(225, 0, 576460752303423487)
04-11 20:03:22.304 D/UsbSettingsReceiver( 3574): [AUTORUN] onReceive() : action = android.hardware.usb.action.USB_STATE
04-11 20:03:22.304 D/UsbSettingsReceiver( 3574): [AUTORUN] sys.usb.config = mtp,adb
04-11 20:03:22.304 D/UsbSettingsReceiver( 3574): [AUTORUN] sys.usb.state = mtp,adb
04-11 20:03:22.304 D/UsbSettingsReceiver( 3574): [AUTORUN] persist.sys.usb.config = mtp,adb
04-11 20:03:22.304 D/UsbSettingsReceiver( 3574): [AUTORUN] onReceive() : app userid = 0, current userid = 0
04-11 20:03:22.306 D/UsbSettingsReceiver( 3574): [AUTORUN] onReceive() : getDefaultFunction = mtp
04-11 20:03:22.306 D/UsbSettingsReceiver( 3574): [AUTORUN] onReceive() : USB_FUNCTION_CDROM_STORAGE = false
04-11 20:03:22.306 D/UsbSettingsReceiver( 3574): [AUTORUN] onReceive() : mDirectAutorun = false
04-11 20:03:22.306 D/UsbSettingsReceiver( 3574): [AUTORUN] onReceive() : mActivityUsbModeChange = false
04-11 20:03:22.306 D/UsbSettingsReceiver( 3574): [AUTORUN] onReceive() : mActivityFinish = false
04-11 20:03:22.306 D/UsbSettingsReceiver( 3574): [AUTORUN] onReceive() : ===== USB Configured =====
04-11 20:03:22.306 D/UsbSettingsControl( 3574): [AUTORUN] setUsbConnected() : connected=true
04-11 20:03:22.307 I/PhoneWindowManagerEx( 1891): [PWM] sIsDimming=true, isDimChanging = false
04-11 20:03:22.307 V/MediaPlayer[Native]( 1891): MediaPlayer::setAudioStreamType
04-11 20:03:22.307 I/PhoneWindowManagerEx( 1891): [PWM][updateSystemUiVisibilityLw] tmpColorNavigationBar=0xff000000
04-11 20:03:22.307 V/MediaPlayer[Native]( 1891): setVideoSurfaceTexture
04-11 20:03:22.307 I/PhoneWindowManagerEx( 1891): [PWM][updateSystemUiVisibilityLw] mLastColorNavigationBar=0xff000000
04-11 20:03:22.307 V/MediaPlayer[Native]( 1891): prepare
04-11 20:03:22.310 I/PCSuite (11217): [StartReceiver]USB CONNECTED ver UsbManger : mtp - true, ptp - false
04-11 20:03:22.311 I/PCSuite (11217): [StartReceiver]isUsbPCSuiteMode : true
04-11 20:03:22.311 I/PCSuite (11217): [StartReceiver] USB CONNECTED ver UsbManger
04-11 20:03:22.311 D/PCSuite (11217): [StartReceiver][LGSW]true, [OBEXSERVICE]true
04-11 20:03:22.318 I/PhoneWindowManagerEx( 1891): [PWM] sIsDimming=true, isDimChanging = false
04-11 20:03:22.318 I/PhoneWindowManagerEx( 1891): [PWM][updateSystemUiVisibilityLw] tmpColorNavigationBar=0xff000000
04-11 20:03:22.318 I/PhoneWindowManagerEx( 1891): [PWM][updateSystemUiVisibilityLw] mLastColorNavigationBar=0xff000000
04-11 20:03:22.320 I/Adreno-EGL( 1891): <qeglDrvAPI_eglInitialize:379>: EGL 1.4 QUALCOMM build: Nondeterministic_AU_msm8916_32_LA.BR.1.2.6_RB1__release_AU (I5d4b06969f)
04-11 20:03:22.320 I/Adreno-EGL( 1891): OpenGL ES Shader Compiler Version: XE031.06.00.02
04-11 20:03:22.320 I/Adreno-EGL( 1891): Build Date: 11/12/15 Thu
04-11 20:03:22.320 I/Adreno-EGL( 1891): Local Branch: 
04-11 20:03:22.320 I/Adreno-EGL( 1891): Remote Branch: quic/LA.BR.1.2.6_rb1.3
04-11 20:03:22.320 I/Adreno-EGL( 1891): Local Patches: NONE
04-11 20:03:22.320 I/Adreno-EGL( 1891): Reconstruct Branch: NOTHING
04-11 20:03:22.320 I/OpenGLRenderer( 1891): Initialized EGL, version 1.4
04-11 20:03:22.323 V/MediaPlayer[Native]( 1891): message received msg=200, ext1=1, ext2=9120
04-11 20:03:22.323 W/MediaPlayer[Native]( 1891): info/warning (1, 9120)
04-11 20:03:22.323 V/MediaPlayer[Native]( 1891): callback application
04-11 20:03:22.324 V/MediaPlayer[Native]( 1891): back from callback
04-11 20:03:22.324 V/MediaPlayer[Native]( 1891): message received msg=1, ext1=0, ext2=0
04-11 20:03:22.324 V/MediaPlayer[Native]( 1891): prepared
04-11 20:03:22.324 V/MediaPlayer[Native]( 1891): signal application thread
04-11 20:03:22.324 V/MediaPlayer[Native]( 1891): callback application
04-11 20:03:22.324 V/MediaPlayer[Native]( 1891): back from callback
04-11 20:03:22.324 D/MediaPlayer( 1891): setSubtitleAnchor in MediaPlayer
04-11 20:03:22.324 V/MediaPlayer[Native]( 1891): prepare complete - status=0
04-11 20:03:22.324 D/MediaPlayer( 1891): setSubtitleAnchor in MediaPlayer
04-11 20:03:22.332 V/MediaPlayer[Native]( 1891): invoke 68
04-11 20:03:22.333 V/MediaPlayer[Native]( 1891): invoke 68
04-11 20:03:22.334 V/MediaPlayer[Native]( 1891): start
04-11 20:03:22.341 V/MediaPlayer[Native]( 1891): isPlaying: 1
04-11 20:03:22.347 I/PhoneWindowManagerEx( 1891): [PWM] sIsDimming=true, isDimChanging = false
04-11 20:03:22.347 I/PhoneWindowManagerEx( 1891): [PWM][updateSystemUiVisibilityLw] tmpColorNavigationBar=0xff000000
04-11 20:03:22.347 I/PhoneWindowManagerEx( 1891): [PWM][updateSystemUiVisibilityLw] mLastColorNavigationBar=0xff000000
04-11 20:03:22.353 I/PhoneWindowManagerEx( 1891): [PWM] sIsDimming=true, isDimChanging = false
04-11 20:03:22.353 I/PhoneWindowManagerEx( 1891): [PWM][updateSystemUiVisibilityLw] tmpColorNavigationBar=0xff000000
04-11 20:03:22.353 I/PhoneWindowManagerEx( 1891): [PWM][updateSystemUiVisibilityLw] mLastColorNavigationBar=0xff000000
04-11 20:03:22.364 V/ViewRootImpl( 1891): Contents drawing finished : 
04-11 20:03:22.377 V/MediaPlayer[Native]( 1891): message received msg=6, ext1=0, ext2=0
04-11 20:03:22.378 V/MediaPlayer[Native]( 1891): unrecognized message: (6, 0, 0)
04-11 20:03:22.378 V/MediaPlayer[Native]( 1891): callback application
04-11 20:03:22.378 V/MediaPlayer[Native]( 1891): back from callback
04-11 20:03:22.379 V/MediaPlayer[Native]( 1891): isPlaying: 1
04-11 20:03:22.600 I/PhoneWindowManagerEx( 1891): [PWM] sIsDimming=true, isDimChanging = false
04-11 20:03:22.600 I/PhoneWindowManagerEx( 1891): [PWM][updateSystemUiVisibilityLw] tmpColorNavigationBar=0xff000000
04-11 20:03:22.600 I/PhoneWindowManagerEx( 1891): [PWM][updateSystemUiVisibilityLw] mLastColorNavigationBar=0xff000000
04-11 20:03:22.790 V/MediaPlayer[Native]( 1891): message received msg=2, ext1=0, ext2=0
04-11 20:03:22.790 V/MediaPlayer[Native]( 1891): playback complete
04-11 20:03:22.790 V/MediaPlayer[Native]( 1891): callback application
04-11 20:03:22.790 V/MediaPlayer[Native]( 1891): back from callback
04-11 20:03:23.340 V/MediaPlayer[Native]( 1891): stop
04-11 20:03:23.340 V/MediaPlayer[Native]( 1891): setListener
04-11 20:03:23.340 V/MediaPlayer[Native]( 1891): message received msg=8, ext1=0, ext2=0
04-11 20:03:23.340 V/MediaPlayer[Native]( 1891): unrecognized message: (8, 0, 0)
04-11 20:03:23.341 V/MediaPlayer[Native]( 1891): callback application
04-11 20:03:23.341 V/MediaPlayer[Native]( 1891): disconnect
04-11 20:03:23.341 V/MediaPlayer[Native]( 1891): back from callback
04-11 20:03:23.341 W/MediaPlayer( 1891): mediaplayer went away with unhandled events
04-11 20:03:23.347 V/MediaPlayer[Native]( 1891): destructor
04-11 20:03:23.348 V/MediaPlayer[Native]( 1891): disconnect
04-11 20:03:23.439 D/InputDispatcher( 1891): notifyMotion - action=ACTION_DOWN(0), id=0, tooltype=1, deviceId=6, source=0x1002, policyFlags=0x0, flags=0x0, metaState=0x0, buttonState=0x0, edgeFlags=0x0, eventTime=702152468000, downTime=702152468000, 
04-11 20:03:23.440 D/InputTransport( 1891): channel '4fe2fa1  (server)' : action=ACTION_DOWN(0), id=0, tooltype=1, deviceId=6, source=0x1002, flags=0x0, edgeFlags=0x0, metaState=0x0, buttonState=0x0, downTime=702152468000, eventTime=702152468000, pointerCount=1
04-11 20:03:23.556 D/InputDispatcher( 1891): notifyMotion - action=ACTION_UP(0), id=0, tooltype=1, deviceId=6, source=0x1002, policyFlags=0x0, flags=0x0, metaState=0x0, buttonState=0x0, edgeFlags=0x0, eventTime=702269744000, downTime=702152468000, 
04-11 20:03:23.559 D/InputTransport( 1891): channel '4fe2fa1  (server)' : action=ACTION_UP(0), id=0, tooltype=1, deviceId=6, source=0x1002, flags=0x0, edgeFlags=0x0, metaState=0x0, buttonState=0x0, downTime=702152468000, eventTime=702269744000, pointerCount=1
04-11 20:03:23.562 V/SoundPool( 1891): play sampleID=1, leftVolume=1.000000, rightVolume=1.000000, priority=0, loop=0, rate=1.000000
04-11 20:03:23.562 V/SoundPool( 1891): Allocated recycled channel for same sampleID
04-11 20:03:23.562 V/SoundPool( 1891): play channel 0xb8f49578 state = 0
04-11 20:03:23.562 V/SoundPool( 1891): SoundChannel::play 0xb8f49578: sampleID=1, channelID=60, leftVolume=1.000000, rightVolume=1.000000, priority=0, loop=0, rate=1.000000
04-11 20:03:23.562 D/AudioSystem( 1891): getIoDescriptor: ioHandle = 2, index = 0, mIoDescriptors = 0xb81b5ac0
04-11 20:03:23.562 V/AudioSystem( 1891): getFrameCount() output 2, frameCount 960
04-11 20:03:23.564 D/AudioSystem( 1891): getIoDescriptor: ioHandle = 2, index = 0, mIoDescriptors = 0xb81b5ac0
04-11 20:03:23.564 V/AudioSystem( 1891): getSamplingRate() output 2, sampling rate 48000
04-11 20:03:23.564 V/SoundPool( 1891): reusing track 0xb922e968 for sample 1
04-11 20:03:23.564 V/AudioTrack( 1891): setLoop_l 0 0 0
04-11 20:03:23.564 D/AudioTrack( 1891): start(): 0xb922e968
04-11 20:03:23.569 V/SoundPool( 1891): delete oldTrack 0x0
04-11 20:03:23.621 E/Surface ( 1891): getSlotFromBufferLocked: unknown buffer: 0xb9479df8
04-11 20:03:23.631 I/PhoneWindowManagerEx( 1891): [PWM] sIsDimming=false, isDimChanging = true
04-11 20:03:23.631 I/PhoneWindowManagerEx( 1891): [PWM][updateSystemUiVisibilityLw] tmpColorNavigationBar=0xff000000
04-11 20:03:23.631 I/PhoneWindowManagerEx( 1891): [PWM][updateSystemUiVisibilityLw] mLastColorNavigationBar=0xff000000
04-11 20:03:23.631 D/PhoneWindowManagerEx( 1891): [PWM]1.notifyNavigationBarColor => mLastColorNavigationB ar=0xff000000
04-11 20:03:23.632 I/PhoneWindowManagerEx( 1891): [PWM] sIsDimming=false, isDimChanging = true
04-11 20:03:23.632 I/PhoneWindowManagerEx( 1891): [PWM][updateSystemUiVisibilityLw] tmpColorNavigationBar=0xff000000
04-11 20:03:23.632 I/PhoneWindowManagerEx( 1891): [PWM][updateSystemUiVisibilityLw] mLastColorNavigationBar=0xff000000
04-11 20:03:23.633 I/SystemUI[Framework]( 1891): PhoneWindowManager.updateSystemUiVisibilityLw() :visibility=0x8600, pkg=pl.tablica
04-11 20:03:23.634 D/InputDispatcher( 1891): Focus left window: Window{4fe2fa1 u0 android}
04-11 20:03:23.634 D/InputDispatcher( 1891): Focus entered window: Window{aa9d1b2 u0 pl.tablica/pl.olx.activities.OlxMainActivity}
04-11 20:03:23.634 D/InputDispatcher( 1891): Window went away: Window{4fe2fa1 u0 android}
04-11 20:03:23.635 I/SystemUI[Framework]( 1891): ==>disabledNaviBtn() what=0x0, token=android.os.Binder@a51467a,  pkg=Window{aa9d1b2 u0 pl.tablica/pl.olx.activities.OlxMainActivity}
04-11 20:03:23.635 I/SystemUI[Framework]( 1891): disableNaviBtn: mDisabledNaviBtn=0x0,  mDisableRecords.size=0
04-11 20:03:23.635 D/PhoneWindowManagerEx( 1891): [PWM]1.notifyNavigationBarColor => mLastColorNavigationB ar=0xff000000
04-11 20:03:23.639 I/[SystemUI]NavigationThemeResource( 2870): notify navigation bar color(0xff000000)
04-11 20:03:23.647 D/KeyguardUpdateMonitor( 2870): Intent.ACTION_BATTERYEX_CHANGED EXTRA_CHARGING_CURRENT : 0 / EXTRA_HVDCP_TYPE : false
04-11 20:03:23.647 I/[SystemUI]LGPowerUI( 2870): onReceive = com.lge.android.intent.action.BATTERYEX
04-11 20:03:23.647 I/[SystemUI]LGPowerUI( 2870): levelEx = 22, plugTypeEx = 2, chargingCurrent = 0
04-11 20:03:23.671 D/KeyguardUpdateMonitor( 2870): Intent.ACTION_BATTERYEX_CHANGED EXTRA_CHARGING_CURRENT : 0 / EXTRA_HVDCP_TYPE : false
04-11 20:03:23.671 I/[SystemUI]LGPowerUI( 2870): onReceive = com.lge.android.intent.action.BATTERYEX
04-11 20:03:23.671 I/[SystemUI]LGPowerUI( 2870): levelEx = 22, plugTypeEx = 2, chargingCurrent = 0
04-11 20:03:23.674 V/SoundPool( 1891): process 0xb8f49578 channel 60 event BUFFER_END
04-11 20:03:23.675 V/SoundPool( 1891): awake
04-11 20:03:23.675 V/SoundPool( 1891): Getting channel from stop list
04-11 20:03:23.675 V/SoundPool( 1891): stop
04-11 20:03:23.675 D/AudioTrack( 1891): stop(): 0xb922e968
04-11 20:03:23.675 V/AudioFlinger_Tracks(  372): stop(4097), calling pid 1891
04-11 20:03:23.675 V/AudioFlinger_Tracks(  372): not stopping/stopped => stopping/stopped (4097) on thread 0xb1743008
04-11 20:03:23.675 V/SoundPool( 1891): done_l(60)
04-11 20:03:23.675 V/SoundPool( 1891): move to front
04-11 20:03:23.676 D/KeyguardUpdateMonitor( 2870): Intent.ACTION_BATTERY_CHANGED status : 3 ,plugged : 0 ,level : 22 ,temperature : 324
04-11 20:03:23.676 I/[SystemUI]LGPowerUI( 2870): onReceive = android.intent.action.BATTERY_CHANGED
04-11 20:03:23.676 I/[SystemUI]LGPowerUI( 2870): level = 22, plugType = 0, plugged = false, mCharging = false, temperature = 324
04-11 20:03:23.680 E/qdlights( 3377): set_light_notifications : flashMode=0, pattern_id=0, onMS=0, offMS=0
04-11 20:03:23.680 D/Telephony( 3447): PhoneApp: onReceive: android.intent.action.BATTERY_CHANGED
04-11 20:03:23.681 E/qdlights( 3377): set_light_notifications : flashMode=0, pattern_id=0, onMS=0, offMS=0
04-11 20:03:23.688 I/[SystemUI]LGPowerUI( 2870): onReceive = android.intent.action.ACTION_POWER_DISCONNECTED
04-11 20:03:23.702 D/InCalAgent(11190): Battery: android.intent.action.ACTION_POWER_DISCONNECTED
04-11 20:03:23.702 D/InCalAgent(11190): Battery ACTION_POWER_DISCONNECTED
04-11 20:03:23.703 D/KeyguardUpdateMonitor( 2870): Intent.ACTION_BATTERYEX_CHANGED EXTRA_CHARGING_CURRENT : 0 / EXTRA_HVDCP_TYPE : false
04-11 20:03:23.703 I/[SystemUI]LGPowerUI( 2870): onReceive = com.lge.android.intent.action.BATTERYEX
04-11 20:03:23.703 I/[SystemUI]LGPowerUI( 2870): levelEx = 22, plugTypeEx = 0, chargingCurrent = 0
04-11 20:03:23.704 D/KeyguardUpdateMonitor( 2870): Intent.ACTION_BATTERY_CHANGED status : 3 ,plugged : 0 ,level : 22 ,temperature : 325
04-11 20:03:23.704 I/[SystemUI]LGPowerUI( 2870): onReceive = android.intent.action.BATTERY_CHANGED
04-11 20:03:23.704 I/[SystemUI]LGPowerUI( 2870): level = 22, plugType = 0, plugged = false, mCharging = false, temperature = 325
04-11 20:03:23.707 D/Telephony( 3447): PhoneApp: onReceive: android.intent.action.BATTERY_CHANGED
04-11 20:03:23.711 V/AudioFlinger_Tracks(  372): presentationComplete() mPresentationCompleteFrames 0 framesWritten 5760
04-11 20:03:23.711 V/AudioFlinger_Tracks(  372): presentationComplete() reset: mPresentationCompleteFrames 6240 audioHalFrames 480
04-11 20:03:23.719 I/iu.Environment( 9748): update battery state; isPlugged? false*
04-11 20:03:23.721 E/GooglePlayServicesUtil( 4493): The Google Play services resources were not found. Check your project configuration to ensure that the resources are included.
04-11 20:03:23.721 I/iu.UploadsManager( 9748): num queued entries: 0
04-11 20:03:23.723 I/iu.UploadsManager( 9748): num updated entries: 0
04-11 20:03:23.724 I/iu.SyncManager( 9748): NEXT; no task
04-11 20:03:23.726 I/GCoreUlr( 3760): Starting service, intent=Intent { act=com.google.android.location.reporting.ACTION_UPDATE_WORLD cmp=com.google.android.gms/com.google.android.location.reporting.service.DispatchingService (has extras) }, extras=Bundle[{receiverAction=android.intent.action.ACTION_POWER_DISCONNECTED}]
04-11 20:03:23.730 I/GCoreUlr( 3760): DispatchingService.onCreate()
04-11 20:03:23.731 V/AudioFlinger_Tracks(  372): presentationComplete() mPresentationCompleteFrames 6240 framesWritten 6720
04-11 20:03:23.733 E/CustomThreadFactory( 4493): UNCAUGHT in thread DataSyncServiceHelper-6
04-11 20:03:23.733 E/CustomThreadFactory( 4493): java.lang.IllegalStateException: could not connect to GoogleApiClient: ConnectionResult{statusCode=unknown status code 16, resolution=null}
04-11 20:03:23.733 E/CustomThreadFactory( 4493): 	at com.google.android.wearable.datatransfer.internal.DefaultPeerProvider.blockingConnect(DefaultPeerProvider.java:75)
04-11 20:03:23.733 E/CustomThreadFactory( 4493): 	at com.google.android.wearable.datatransfer.internal.DefaultPeerProvider.getConnectedPeers(DefaultPeerProvider.java:32)
04-11 20:03:23.733 E/CustomThreadFactory( 4493): 	at com.google.android.wearable.datatransfer.internal.DataSyncServiceHelper.processIntent(DataSyncServiceHelper.java:378)
04-11 20:03:23.733 E/CustomThreadFactory( 4493): 	at com.google.android.wearable.datatransfer.internal.DataSyncServiceHelper.access$000(DataSyncServiceHelper.java:50)
04-11 20:03:23.733 E/CustomThreadFactory( 4493): 	at com.google.android.wearable.datatransfer.internal.DataSyncServiceHelper$IntentProcessor.run(DataSyncServiceHelper.java:719)
04-11 20:03:23.733 E/CustomThreadFactory( 4493): 	at java.util.concurrent.ThreadPoolExecutor.runWorker(ThreadPoolExecutor.java:1113)
04-11 20:03:23.733 E/CustomThreadFactory( 4493): 	at java.util.concurrent.ThreadPoolExecutor$Worker.run(ThreadPoolExecutor.java:588)
04-11 20:03:23.733 E/CustomThreadFactory( 4493): 	at java.lang.Thread.run(Thread.java:818)
04-11 20:03:23.734 V/AudioFlinger_Threads(  372): removeTracks_l removing track on session 15
04-11 20:03:23.745 V/AudioPolicyService(  372): AudioCommandThread() adding stop output 4
04-11 20:03:23.745 V/AudioPolicyService(  372): inserting command: 5 at index 0, num commands 0
04-11 20:03:23.745 V/AudioPolicyService(  372): AudioCommandThread() processing stop output 4
04-11 20:03:23.745 V/APM::AudioPolicyManager(  372): stopOutput() output 4, stream 1, session 15
04-11 20:03:23.745 V/APM::AudioPolicyManager(  372): setBeaconMute(1) mBeaconMuteRefCount=0 mBeaconPlayingRefCount=0
04-11 20:03:23.745 V/APM::AudioOutputDescriptor(  372): changeRefCount() stream 1, count 0
04-11 20:03:23.745 V/APM::AudioPolicyManager(  372): getNewOutputDevice() selected device 0
04-11 20:03:23.745 V/APM::AudioPolicyManager(  372): setOutputDevice() device 0000 delayMs 100
04-11 20:03:23.745 V/APM::AudioPolicyManager(  372): setOutputDevice() prevDevice 0x0002
04-11 20:03:23.745 V/APM::AudioPolicyManager(  372): setOutputDevice() setting same device 0x0000 or null device
04-11 20:03:23.745 V/AudioPolicyService(  372): -AudioCommandThread 5
04-11 20:03:23.745 V/AudioPolicyService(  372): AudioCommandThread() going to sleep
04-11 20:03:23.775 I/GCoreUlr( 3760): WorldUpdater received intent Intent { act=com.google.android.location.reporting.ACTION_UPDATE_WORLD cmp=com.google.android.gms/com.google.android.location.reporting.service.DispatchingService (has extras) } with receiverAction android.intent.action.ACTION_POWER_DISCONNECTED
04-11 20:03:23.805 D/KeyguardUpdateMonitor( 2870): Intent.ACTION_BATTERYEX_CHANGED EXTRA_CHARGING_CURRENT : 0 / EXTRA_HVDCP_TYPE : false
04-11 20:03:23.805 I/[SystemUI]LGPowerUI( 2870): onReceive = com.lge.android.intent.action.BATTERYEX
04-11 20:03:23.805 I/[SystemUI]LGPowerUI( 2870): levelEx = 22, plugTypeEx = 0, chargingCurrent = 0
04-11 20:03:23.820 D/KeyguardUpdateMonitor( 2870): Intent.ACTION_BATTERY_CHANGED status : 2 ,plugged : 2 ,level : 22 ,temperature : 319
04-11 20:03:23.820 I/[SystemUI]LGPowerUI( 2870): onReceive = android.intent.action.BATTERY_CHANGED
04-11 20:03:23.820 I/[SystemUI]LGPowerUI( 2870): level = 22, plugType = 2, plugged = true, mCharging = true, temperature = 319
04-11 20:03:23.823 I/GCoreUlr( 3760): WorldUpdater:android.intent.action.ACTION_POWER_DISCONNECTED: Ensuring that reporting is stopped because of reasons: {account#14#=[InactiveReason{mVersionCode=0, mIdentifier=12, mName='LocationDisabled'}, InactiveReason{mVersionCode=0, mIdentifier=6, mName='ReportingNotEnabled'}, InactiveReason{mVersionCode=0, mIdentifier=14, mName='HistoryNotEnabled'}]}
04-11 20:03:23.826 D/Telephony( 3447): PhoneApp: onReceive: android.intent.action.BATTERY_CHANGED
04-11 20:03:23.827 E/qdlights( 3377): set_light_notifications : flashMode=0, pattern_id=0, onMS=0, offMS=0
04-11 20:03:23.828 E/qdlights( 3377): set_light_notifications : flashMode=0, pattern_id=0, onMS=0, offMS=0
04-11 20:03:23.851 D/InCalAgent(11190): Battery: android.intent.action.ACTION_POWER_CONNECTED
04-11 20:03:23.852 D/InCalAgent(11190): Battery ACTION_POWER_CONNECTED
04-11 20:03:23.860 D/KeyguardUpdateMonitor( 2870): Intent.ACTION_BATTERYEX_CHANGED EXTRA_CHARGING_CURRENT : 0 / EXTRA_HVDCP_TYPE : false
04-11 20:03:23.860 I/[SystemUI]LGPowerUI( 2870): onReceive = com.lge.android.intent.action.BATTERYEX
04-11 20:03:23.860 I/[SystemUI]LGPowerUI( 2870): levelEx = 22, plugTypeEx = 2, chargingCurrent = 0
04-11 20:03:23.861 I/GCoreUlr( 3760): Unbound from all location providers
04-11 20:03:23.862 I/GCoreUlr( 3760): Place inference reporting - stopped
04-11 20:03:23.870 I/iu.Environment( 9748): update battery state; isPlugged? true*
04-11 20:03:23.872 I/iu.UploadsManager( 9748): num queued entries: 0
04-11 20:03:23.872 E/GooglePlayServicesUtil( 4493): The Google Play services resources were not found. Check your project configuration to ensure that the resources are included.
04-11 20:03:23.872 I/iu.UploadsManager( 9748): num updated entries: 0
04-11 20:03:23.877 I/iu.SyncManager( 9748): NEXT; no task
04-11 20:03:23.877 E/NetworkScheduler.SchedulerReceiver( 3760): Invalid parameter app
04-11 20:03:23.877 E/NetworkScheduler.SchedulerReceiver( 3760): Invalid package name : Perhaps you didn't include a PendingIntent in the extras?
04-11 20:03:23.880 I/GCoreUlr( 3760): DispatchingService.onDestroy()
04-11 20:03:23.880 I/GCoreUlr( 3760): Stopping handler for UlrDispSvcFast
04-11 20:03:23.887 E/CustomThreadFactory( 4493): UNCAUGHT in thread DataSyncServiceHelper-7
04-11 20:03:23.887 E/CustomThreadFactory( 4493): java.lang.IllegalStateException: could not connect to GoogleApiClient: ConnectionResult{statusCode=unknown status code 16, resolution=null}
04-11 20:03:23.887 E/CustomThreadFactory( 4493): 	at com.google.android.wearable.datatransfer.internal.DefaultPeerProvider.blockingConnect(DefaultPeerProvider.java:75)
04-11 20:03:23.887 E/CustomThreadFactory( 4493): 	at com.google.android.wearable.datatransfer.internal.DefaultPeerProvider.getConnectedPeers(DefaultPeerProvider.java:32)
04-11 20:03:23.887 E/CustomThreadFactory( 4493): 	at com.google.android.wearable.datatransfer.internal.DataSyncServiceHelper.processIntent(DataSyncServiceHelper.java:378)
04-11 20:03:23.887 E/CustomThreadFactory( 4493): 	at com.google.android.wearable.datatransfer.internal.DataSyncServiceHelper.access$000(DataSyncServiceHelper.java:50)
04-11 20:03:23.887 E/CustomThreadFactory( 4493): 	at com.google.android.wearable.datatransfer.internal.DataSyncServiceHelper$IntentProcessor.run(DataSyncServiceHelper.java:719)
04-11 20:03:23.887 E/CustomThreadFactory( 4493): 	at java.util.concurrent.ThreadPoolExecutor.runWorker(ThreadPoolExecutor.java:1113)
04-11 20:03:23.887 E/CustomThreadFactory( 4493): 	at java.util.concurrent.ThreadPoolExecutor$Worker.run(ThreadPoolExecutor.java:588)
04-11 20:03:23.887 E/CustomThreadFactory( 4493): 	at java.lang.Thread.run(Thread.java:818)
04-11 20:03:23.890 I/iu.FingerprintManager( 9748): Start processing all media
04-11 20:03:23.891 D/KeyguardUpdateMonitor( 2870): Intent.ACTION_BATTERY_CHANGED status : 2 ,plugged : 2 ,level : 22 ,temperature : 322
04-11 20:03:23.891 I/[SystemUI]LGPowerUI( 2870): onReceive = android.intent.action.BATTERY_CHANGED
04-11 20:03:23.891 I/[SystemUI]LGPowerUI( 2870): level = 22, plugType = 2, plugged = true, mCharging = true, temperature = 322
04-11 20:03:23.891 I/iu.FingerprintManager( 9748): Start processing media store URI: content://media/external/images/media
04-11 20:03:23.894 D/Telephony( 3447): PhoneApp: onReceive: android.intent.action.BATTERY_CHANGED
04-11 20:03:23.894 I/GCoreUlr( 3760): Unbound from all location providers
04-11 20:03:23.894 I/GCoreUlr( 3760): Place inference reporting - stopped
04-11 20:03:23.894 D/KeyguardUpdateMonitor( 2870): Intent.ACTION_BATTERYEX_CHANGED EXTRA_CHARGING_CURRENT : 0 / EXTRA_HVDCP_TYPE : false
04-11 20:03:23.894 I/[SystemUI]LGPowerUI( 2870): onReceive = com.lge.android.intent.action.BATTERYEX
04-11 20:03:23.895 I/[SystemUI]LGPowerUI( 2870): levelEx = 22, plugTypeEx = 2, chargingCurrent = 0
04-11 20:03:23.896 I/GCoreUlr( 3760): Starting service, intent=Intent { act=com.google.android.location.reporting.ACTION_UPDATE_WORLD cmp=com.google.android.gms/com.google.android.location.reporting.service.DispatchingService (has extras) }, extras=Bundle[{receiverAction=android.intent.action.ACTION_POWER_CONNECTED}]
04-11 20:03:23.901 I/PhoneWindowManagerEx( 1891): [PWM] sIsDimming=false, isDimChanging = false
04-11 20:03:23.901 I/PhoneWindowManagerEx( 1891): [PWM][updateSystemUiVisibilityLw] tmpColorNavigationBar=0xff000000
04-11 20:03:23.901 I/PhoneWindowManagerEx( 1891): [PWM][updateSystemUiVisibilityLw] mLastColorNavigationBar=0xff000000
04-11 20:03:23.901 I/GCoreUlr( 3760): DispatchingService.onCreate()
04-11 20:03:23.904 I/PhoneWindowManagerEx( 1891): [PWM] sIsDimming=false, isDimChanging = false
04-11 20:03:23.904 I/PhoneWindowManagerEx( 1891): [PWM][updateSystemUiVisibilityLw] tmpColorNavigationBar=0xff000000
04-11 20:03:23.904 I/PhoneWindowManagerEx( 1891): [PWM][updateSystemUiVisibilityLw] mLastColorNavigationBar=0xff000000
04-11 20:03:23.912 I/iu.FingerprintManager( 9748): Start processing media store URI: content://media/external/video/media
04-11 20:03:23.925 I/iu.FingerprintManager( 9748): Start processing media store URI: content://media/phoneStorage/images/media
04-11 20:03:23.929 I/iu.FingerprintManager( 9748): Start processing media store URI: content://media/phoneStorage/video/media
04-11 20:03:23.931 I/iu.FingerprintManager( 9748): Finished generating fingerprints; 0,041 seconds
04-11 20:03:23.931 I/iu.FingerprintManager( 9748):   numSeen=8 numGenerated=0 numDeleted=0 numFailed=0
04-11 20:03:23.974 I/GCoreUlr( 3760): WorldUpdater received intent Intent { act=com.google.android.location.reporting.ACTION_UPDATE_WORLD cmp=com.google.android.gms/com.google.android.location.reporting.service.DispatchingService (has extras) } with receiverAction android.intent.action.ACTION_POWER_CONNECTED
04-11 20:03:24.017 I/GCoreUlr( 3760): WorldUpdater:android.intent.action.ACTION_POWER_CONNECTED: Ensuring that reporting is stopped because of reasons: {account#14#=[InactiveReason{mVersionCode=0, mIdentifier=12, mName='LocationDisabled'}, InactiveReason{mVersionCode=0, mIdentifier=6, mName='ReportingNotEnabled'}, InactiveReason{mVersionCode=0, mIdentifier=14, mName='HistoryNotEnabled'}]}
04-11 20:03:24.023 I/GCoreUlr( 3760): Unbound from all location providers
04-11 20:03:24.023 I/GCoreUlr( 3760): Place inference reporting - stopped
04-11 20:03:24.036 I/GCoreUlr( 3760): DispatchingService.onDestroy()
04-11 20:03:24.036 I/GCoreUlr( 3760): Stopping handler for UlrDispSvcFast
04-11 20:03:24.041 D/LGMediaProvider( 3688): [MediaScanner] delete() uri = content://media/none/mtp_connected, userWhere = null, callingPackage name = com.android.providers.media
04-11 20:03:24.046 D/UsbSettingsReceiver( 3574): [AUTORUN] onReceive() : action = android.hardware.usb.action.USB_STATE
04-11 20:03:24.046 D/UsbSettingsReceiver( 3574): [AUTORUN] sys.usb.config = mtp,adb
04-11 20:03:24.046 D/UsbSettingsReceiver( 3574): [AUTORUN] sys.usb.state = mtp,adb
04-11 20:03:24.046 D/UsbSettingsReceiver( 3574): [AUTORUN] persist.sys.usb.config = mtp,adb
04-11 20:03:24.047 I/GCoreUlr( 3760): Unbound from all location providers
04-11 20:03:24.047 I/GCoreUlr( 3760): Place inference reporting - stopped
04-11 20:03:24.047 D/UsbSettingsReceiver( 3574): [AUTORUN] onReceive() : app userid = 0, current userid = 0
04-11 20:03:24.048 D/UsbSettingsReceiver( 3574): [AUTORUN] onReceive() : getDefaultFunction = mtp
04-11 20:03:24.048 D/UsbSettingsReceiver( 3574): [AUTORUN] onReceive() : USB_FUNCTION_CDROM_STORAGE = false
04-11 20:03:24.048 D/UsbSettingsReceiver( 3574): [AUTORUN] onReceive() : mDirectAutorun = false
04-11 20:03:24.048 D/UsbSettingsReceiver( 3574): [AUTORUN] onReceive() : mActivityUsbModeChange = false
04-11 20:03:24.048 D/UsbSettingsReceiver( 3574): [AUTORUN] onReceive() : mActivityFinish = false
04-11 20:03:24.049 D/UsbSettingsReceiver( 3574): [AUTORUN] onReceive() : ===== USB Connected =====
04-11 20:03:24.049 D/UsbSettingsControl( 3574): [AUTORUN] setUsbConnected() : connected=true
04-11 20:03:24.054 I/PCSuite (11217): [StartReceiver]USB CONNECTED ver UsbManger : mtp - true, ptp - false
04-11 20:03:24.054 I/PCSuite (11217): [StartReceiver]isUsbPCSuiteMode : true
04-11 20:03:24.054 I/PCSuite (11217): [StartReceiver] USB CONNECTED ver UsbManger
04-11 20:03:24.054 D/PCSuite (11217): [StartReceiver][LGSW]true, [OBEXSERVICE]true
04-11 20:03:24.099 D/UsbSettingsReceiver( 3574): [AUTORUN] onReceive() : action = android.hardware.usb.action.USB_STATE
04-11 20:03:24.099 D/UsbSettingsReceiver( 3574): [AUTORUN] sys.usb.config = mtp,adb
04-11 20:03:24.099 D/UsbSettingsReceiver( 3574): [AUTORUN] sys.usb.state = mtp,adb
04-11 20:03:24.099 D/UsbSettingsReceiver( 3574): [AUTORUN] persist.sys.usb.config = mtp,adb
04-11 20:03:24.100 D/UsbSettingsReceiver( 3574): [AUTORUN] onReceive() : app userid = 0, current userid = 0
04-11 20:03:24.101 D/UsbSettingsReceiver( 3574): [AUTORUN] onReceive() : getDefaultFunction = mtp
04-11 20:03:24.101 D/UsbSettingsReceiver( 3574): [AUTORUN] onReceive() : USB_FUNCTION_CDROM_STORAGE = false
04-11 20:03:24.101 D/UsbSettingsReceiver( 3574): [AUTORUN] onReceive() : mDirectAutorun = false
04-11 20:03:24.101 D/UsbSettingsReceiver( 3574): [AUTORUN] onReceive() : mActivityUsbModeChange = false
04-11 20:03:24.101 D/UsbSettingsReceiver( 3574): [AUTORUN] onReceive() : mActivityFinish = false
04-11 20:03:24.101 D/UsbSettingsReceiver( 3574): [AUTORUN] onReceive() : ===== USB Configured =====
04-11 20:03:24.102 D/UsbSettingsControl( 3574): [AUTORUN] setUsbConnected() : connected=true
04-11 20:03:24.105 I/PCSuite (11217): [StartReceiver]USB CONNECTED ver UsbManger : mtp - true, ptp - false
04-11 20:03:24.106 I/PCSuite (11217): [StartReceiver]isUsbPCSuiteMode : true
04-11 20:03:24.106 I/PCSuite (11217): [StartReceiver] USB CONNECTED ver UsbManger
04-11 20:03:24.106 D/PCSuite (11217): [StartReceiver][LGSW]true, [OBEXSERVICE]true
04-11 20:03:24.118 E/LGMtpDatabaseJNI( 3688): android_mtp_LGMtpDatabase_setup
04-11 20:03:24.125 D/MtpService( 3688): starting MTP server in MTP mode
04-11 20:03:24.125 D/LGMtpServer( 3688): LGMtpServer
04-11 20:03:24.125 D/LGMtpServerJNI( 3688): android_mtp_LGMtpServer_setup
04-11 20:03:24.129 D/MtpService( 3688): Adding MTP storage 0x68a0001 at /storage/9016-4EF8
04-11 20:03:24.131 E/MtpStorageEx( 3688): setAccessCapability false
04-11 20:03:24.131 D/MtpServerEx( 3688): ANR FIX - addStorage!
04-11 20:03:24.131 D/MtpService( 3688): Adding MTP storage 0x10001 at /storage/emulated/0
04-11 20:03:24.133 E/MtpStorageEx( 3688): setAccessCapability false
04-11 20:03:24.133 D/MtpServerEx( 3688): ANR FIX - addStorage!
04-11 20:03:24.136 D/LGMtpServerJNI( 3688): android_mtp_LGMtpServer_run
04-11 20:03:24.137 I/LGMtpDatabase( 3688): com.lge.remote.lgairdrive is not installed
04-11 20:03:24.311 I/LGMtpDatabase( 3688): com.lge.remote.lgairdrive is not installed
04-11 20:03:25.669 V/AudioFlinger_Threads(  372): Audio hardware entering standby, mixer 0xb18ca008, suspend count 0
04-11 20:03:25.669 D/audio_hw_primary(  372): out_standby: enter: stream (0xb8b6e1c8) usecase(0: deep-buffer-playback)
04-11 20:03:25.798 D/Telephony( 3447): PhoneInterfaceManager: [PhoneIntfMgr] mSigLevel = 5
04-11 20:03:25.801 I/[SystemUI]NetworkController( 2870): Change in state from: connected=true,enabled=true,level=4,inetCondition=1,iconGroup=IconGroup(Default),activityIn=false,activityOut=false,rssi=0,lastModified=04-11 08:03:21,dataSim=true,networkName=Orange,networkNameData=Orange,dataConnected=true,isDefault=true,isEmergency=false,airplaneMode=false,carrierNetworkChangeMode=false,activity=0,isSimIcon=false,networkIcon=HSPAP,selectedSim=false,twoStage=false,voiceRatType=0,dataRatType=0,voiceLevel=0,dataLevel=0,hasVoiceService=false,hasDataService=false,mCBInfo=null,isDataEnabled=false,callState=0,internetConnectStatus=0
04-11 20:03:25.801 I/[SystemUI]NetworkController( 2870): 	to: connected=true,enabled=true,level=5,inetCondition=1,iconGroup=IconGroup(Default),activityIn=false,activityOut=false,rssi=0,lastModified=04-11 08:03:21,dataSim=true,networkName=Orange,networkNameData=Orange,dataConnected=true,isDefault=true,isEmergency=false,airplaneMode=false,carrierNetworkChangeMode=false,activity=0,isSimIcon=false,networkIcon=HSPAP,selectedSim=false,twoStage=false,voiceRatType=0,dataRatType=0,voiceLevel=0,dataLevel=0,hasVoiceService=false,hasDataService=false,mCBInfo=null,isDataEnabled=false,callState=0,internetConnectStatus=0
04-11 20:03:25.804 D/Telephony( 3447): PhoneInterfaceManager: [PhoneIntfMgr] getDataEnabled: subId=2 phoneId=0
04-11 20:03:25.804 D/Telephony( 3447): PhoneInterfaceManager: [PhoneIntfMgr] getDataEnabled: subId=2 retVal=true
04-11 20:03:25.805 D/TelephonyManager( 2870): getDataEnabled: retVal=true
04-11 20:03:25.806 I/[SystemUI]NetworkController( 2870): onReceive: intent=Intent { act=android.intent.action.SIG_STR flg=0x20000010 (has extras) }
04-11 20:03:25.835 V/audio_hw_primary(  372): stop_output_stream: enter: usecase(0: deep-buffer-playback)
04-11 20:03:25.835 V/audio_hw_primary(  372): disable_audio_route: enter: usecase(0)
04-11 20:03:25.835 V/msm8974_platform_lge(  372): LGE_platform_add_backend_name: enter: 2
04-11 20:03:25.835 V/audio_hw_primary(  372): disable_audio_route: reset and update mixer path: deep-buffer-playback
04-11 20:03:25.836 V/audio_hw_primary(  372): disable_audio_route: exit
04-11 20:03:25.836 D/audio_hw_primary(  372): disable_snd_device: enter 2
04-11 20:03:25.836 D/hardware_info(  372): hw_info_append_hw_type : device_name = speaker
04-11 20:03:25.837 V/audio_hw_primary(  372): stop_output_stream: exit: status(0)
04-11 20:03:25.837 V/audio_hw_primary(  372): out_standby: exit
04-11 20:03:25.838 V/AudioFlinger_Threads(  372): thread 0xb18ca008 type 0 TID 1266 going to sleep
04-11 20:03:26.724 V/AudioFlinger_Threads(  372): Audio hardware entering standby, mixer 0xb1743008, suspend count 0
04-11 20:03:26.724 D/audio_hw_primary(  372): out_standby: enter: stream (0xb8b73e18) usecase(1: low-latency-playback)
04-11 20:03:26.769 V/audio_hw_primary(  372): stop_output_stream: enter: usecase(1: low-latency-playback)
04-11 20:03:26.769 V/audio_hw_primary(  372): disable_audio_route: enter: usecase(1)
04-11 20:03:26.769 V/msm8974_platform_lge(  372): LGE_platform_add_backend_name: enter: 2
04-11 20:03:26.769 V/audio_hw_primary(  372): disable_audio_route: reset and update mixer path: low-latency-playback
04-11 20:03:26.770 V/audio_hw_primary(  372): disable_audio_route: exit
04-11 20:03:26.770 D/audio_hw_primary(  372): disable_snd_device: enter 2
04-11 20:03:26.770 D/hardware_info(  372): hw_info_append_hw_type : device_name = speaker
04-11 20:03:26.770 V/audio_hw_primary(  372): disable_snd_device: snd_device(2: speaker)
04-11 20:03:26.773 V/audio_hw_primary(  372): stop_output_stream: exit: status(0)
04-11 20:03:26.773 V/audio_hw_primary(  372): out_standby: exit
04-11 20:03:26.774 V/AudioFlinger_Threads(  372): thread 0xb1743008 type 0 TID 1268 going to sleep
04-11 20:03:27.382 V/LGSettingsProvider( 1891): call_put(system:radio.data.stall.recovery.action=0)  calling package = com.android.phone  callingUserId : 0
