04-11 19:51:34.749 W/LGSignalStrength( 1891): getNumSignalStrength: mRssiLevel = -1
04-11 19:51:46.402 D/SubscriptionManager( 1891): SubscriptionManager created
04-11 19:51:46.748 D/SubscriptionManager( 1891): SubscriptionManager created
04-11 19:51:48.083 D/TelephonyRegistry( 1891): listen oscl: hasNotifySubscriptionInfoChangedOccurred==false no callback
04-11 19:51:49.772 D/TelephonyRegistry( 1891): listen oscl: hasNotifySubscriptionInfoChangedOccurred==false no callback
04-11 19:51:49.872 D/SubscriptionManager( 1891): register OnSubscriptionsChangedListener pkgForDebug=android listener=com.android.server.location.GpsLocationProvider$3@1ae828a
04-11 19:51:49.872 D/TelephonyRegistry( 1891): listen oscl: hasNotifySubscriptionInfoChangedOccurred==false no callback
04-11 19:51:49.967 D/TelephonyRegistry( 1891): systemRunning register for intents
04-11 19:51:50.708 D/SubscriptionManager( 3384): SubscriptionManager created
04-11 19:51:51.812 D/SubscriptionManager( 1891): SubscriptionManager created
04-11 19:51:52.440 D/TelephonyRegistry( 1891): listen oscl: hasNotifySubscriptionInfoChangedOccurred==false no callback
04-11 19:51:52.495 D/TelephonyRegistry( 1891): listen oscl: hasNotifySubscriptionInfoChangedOccurred==false no callback
04-11 19:51:52.776 D/SubscriptionManager( 3377): SubscriptionManager created
04-11 19:51:52.843 D/TelephonyRegistry( 1891): listen oscl: hasNotifySubscriptionInfoChangedOccurred==false no callback
04-11 19:51:53.216 D/TelephonyRegistry( 1891): listen oscl: hasNotifySubscriptionInfoChangedOccurred==false no callback
04-11 19:51:53.274 D/TelephonyRegistry( 1891): notifySubscriptionInfoChanged: first invocation mRecords.size=24
04-11 19:51:53.274 D/SubscriptionManager( 1891): callback: received, sendEmptyMessage(0) to handler
04-11 19:51:53.291 D/SubscriptionManager( 1891): getSimStateForSubscriber: simState=6 slotIdx=0
04-11 19:51:53.314 D/TelephonyRegistry( 1891): broadcastPreciseDataConnectionStateChanged():state=0, apnType=default, smCause=(0), reason=radioTurnedOff
04-11 19:51:53.324 D/TelephonyRegistry( 1891): broadcastPreciseDataConnectionStateChanged():state=0, apnType=mms, smCause=(0), reason=radioTurnedOff
04-11 19:51:53.331 D/TelephonyRegistry( 1891): broadcastPreciseDataConnectionStateChanged():state=0, apnType=xcap, smCause=(0), reason=radioTurnedOff
04-11 19:51:53.337 D/TelephonyRegistry( 1891): broadcastPreciseDataConnectionStateChanged():state=0, apnType=cbs, smCause=(0), reason=radioTurnedOff
04-11 19:51:53.342 D/TelephonyRegistry( 1891): broadcastPreciseDataConnectionStateChanged():state=0, apnType=fota, smCause=(0), reason=radioTurnedOff
04-11 19:51:53.351 D/TelephonyRegistry( 1891): broadcastPreciseDataConnectionStateChanged():state=0, apnType=supl, smCause=(0), reason=radioTurnedOff
04-11 19:51:53.357 D/TelephonyRegistry( 1891): broadcastPreciseDataConnectionStateChanged():state=0, apnType=ia, smCause=(0), reason=radioTurnedOff
04-11 19:51:53.361 D/TelephonyRegistry( 1891): broadcastPreciseDataConnectionStateChanged():state=0, apnType=emergency, smCause=(0), reason=radioTurnedOff
04-11 19:51:53.412 D/TelephonyRegistry( 1891): broadcastPreciseDataConnectionStateChanged():state=0, apnType=dun, smCause=(0), reason=radioTurnedOff
04-11 19:51:53.500 D/TelephonyRegistry( 1891): broadcastPreciseDataConnectionStateChanged():state=0, apnType=hipri, smCause=(0), reason=radioTurnedOff
04-11 19:51:53.518 D/TelephonyRegistry( 1891): broadcastPreciseDataConnectionStateChanged():state=0, apnType=ims, smCause=(0), reason=radioTurnedOff
04-11 19:51:53.526 D/TelephonyRegistry( 1891): broadcastPreciseDataConnectionStateChanged():state=0, apnType=default, smCause=(0), reason=radioTurnedOff
04-11 19:51:53.535 D/TelephonyRegistry( 1891): broadcastPreciseDataConnectionStateChanged():state=0, apnType=mms, smCause=(0), reason=radioTurnedOff
04-11 19:51:53.542 D/TelephonyRegistry( 1891): broadcastPreciseDataConnectionStateChanged():state=0, apnType=xcap, smCause=(0), reason=radioTurnedOff
04-11 19:51:53.549 D/TelephonyRegistry( 1891): broadcastPreciseDataConnectionStateChanged():state=0, apnType=cbs, smCause=(0), reason=radioTurnedOff
04-11 19:51:53.559 D/TelephonyRegistry( 1891): broadcastPreciseDataConnectionStateChanged():state=0, apnType=fota, smCause=(0), reason=radioTurnedOff
04-11 19:51:53.569 D/TelephonyRegistry( 1891): broadcastPreciseDataConnectionStateChanged():state=0, apnType=supl, smCause=(0), reason=radioTurnedOff
04-11 19:51:53.579 D/TelephonyRegistry( 1891): broadcastPreciseDataConnectionStateChanged():state=0, apnType=ia, smCause=(0), reason=radioTurnedOff
04-11 19:51:53.585 D/TelephonyRegistry( 1891): broadcastPreciseDataConnectionStateChanged():state=0, apnType=emergency, smCause=(0), reason=radioTurnedOff
04-11 19:51:53.642 D/TelephonyRegistry( 1891): broadcastPreciseDataConnectionStateChanged():state=0, apnType=dun, smCause=(0), reason=radioTurnedOff
04-11 19:51:53.646 D/TelephonyRegistry( 1891): broadcastPreciseDataConnectionStateChanged():state=0, apnType=hipri, smCause=(0), reason=radioTurnedOff
04-11 19:51:53.653 D/TelephonyRegistry( 1891): broadcastPreciseDataConnectionStateChanged():state=0, apnType=ims, smCause=(0), reason=radioTurnedOff
04-11 19:51:53.663 D/TelephonyRegistry( 1891): broadcastPreciseDataConnectionStateChanged():state=0, apnType=default, smCause=(0), reason=dataDetached
04-11 19:51:53.668 D/TelephonyRegistry( 1891): broadcastPreciseDataConnectionStateChanged():state=0, apnType=mms, smCause=(0), reason=dataDetached
04-11 19:51:53.672 D/TelephonyRegistry( 1891): broadcastPreciseDataConnectionStateChanged():state=0, apnType=xcap, smCause=(0), reason=dataDetached
04-11 19:51:53.677 D/TelephonyRegistry( 1891): broadcastPreciseDataConnectionStateChanged():state=0, apnType=cbs, smCause=(0), reason=dataDetached
04-11 19:51:53.682 D/TelephonyRegistry( 1891): broadcastPreciseDataConnectionStateChanged():state=0, apnType=fota, smCause=(0), reason=dataDetached
04-11 19:51:53.704 D/TelephonyRegistry( 1891): broadcastPreciseDataConnectionStateChanged():state=0, apnType=supl, smCause=(0), reason=dataDetached
04-11 19:51:53.711 D/TelephonyRegistry( 1891): broadcastPreciseDataConnectionStateChanged():state=0, apnType=ia, smCause=(0), reason=dataDetached
04-11 19:51:53.714 D/TelephonyRegistry( 1891): broadcastPreciseDataConnectionStateChanged():state=0, apnType=emergency, smCause=(0), reason=dataDetached
04-11 19:51:53.763 D/TelephonyRegistry( 1891): broadcastPreciseDataConnectionStateChanged():state=0, apnType=dun, smCause=(0), reason=dataDetached
04-11 19:51:53.772 D/TelephonyRegistry( 1891): broadcastPreciseDataConnectionStateChanged():state=0, apnType=hipri, smCause=(0), reason=dataDetached
04-11 19:51:53.779 D/TelephonyRegistry( 1891): broadcastPreciseDataConnectionStateChanged():state=0, apnType=ims, smCause=(0), reason=dataDetached
04-11 19:51:54.127 D/SubscriptionManager( 1891): handleMessage: invoke the overriden onSubscriptionsChanged()
04-11 19:51:54.146 D/TelephonyRegistry( 1891): notifyCellLocationForSubscriber: subId=0 cellLocation=Bundle[{cid=-1, lac=-1, psc=-1}]
04-11 19:51:55.280 D/SubscriptionManager( 1891): getSimStateForSubscriber: simState=6 slotIdx=0
04-11 19:51:56.011 D/SubscriptionManager( 1891): [getPhoneId]- fail
04-11 19:51:56.215 D/SubscriptionManager( 1891): callback: received, sendEmptyMessage(0) to handler
04-11 19:51:56.215 D/SubscriptionManager( 1891): handleMessage: invoke the overriden onSubscriptionsChanged()
04-11 19:51:56.431 D/SubscriptionManager( 1891): callback: received, sendEmptyMessage(0) to handler
04-11 19:51:56.431 D/SubscriptionManager( 1891): handleMessage: invoke the overriden onSubscriptionsChanged()
04-11 19:52:01.144 D/SubscriptionManager( 1891): callback: received, sendEmptyMessage(0) to handler
04-11 19:52:01.144 D/SubscriptionManager( 1891): handleMessage: invoke the overriden onSubscriptionsChanged()
04-11 19:52:01.184 D/SubscriptionManager( 1891): getSimStateForSubscriber: simState=2 slotIdx=0
04-11 19:52:01.188 D/TelephonyRegistry( 1891): notifyCellLocationForSubscriber: subId=2 cellLocation=Bundle[mParcelledData.dataSize=64]
04-11 19:52:02.451 D/SubscriptionManager( 1891): callback: received, sendEmptyMessage(0) to handler
04-11 19:52:02.454 D/SubscriptionManager( 1891): handleMessage: invoke the overriden onSubscriptionsChanged()
04-11 19:52:02.542 D/SubscriptionManager( 1891): callback: received, sendEmptyMessage(0) to handler
04-11 19:52:02.545 D/SubscriptionManager( 1891): handleMessage: invoke the overriden onSubscriptionsChanged()
04-11 19:52:02.944 D/TelephonyRegistry( 1891): broadcastPreciseDataConnectionStateChanged():state=0, apnType=default, smCause=(0), reason=simLoaded
04-11 19:52:02.967 D/TelephonyRegistry( 1891): broadcastPreciseDataConnectionStateChanged():state=0, apnType=mms, smCause=(0), reason=simLoaded
04-11 19:52:02.997 D/TelephonyRegistry( 1891): broadcastPreciseDataConnectionStateChanged():state=0, apnType=xcap, smCause=(0), reason=simLoaded
04-11 19:52:03.014 D/TelephonyRegistry( 1891): broadcastPreciseDataConnectionStateChanged():state=0, apnType=cbs, smCause=(0), reason=simLoaded
04-11 19:52:03.041 D/TelephonyRegistry( 1891): broadcastPreciseDataConnectionStateChanged():state=0, apnType=fota, smCause=(0), reason=simLoaded
04-11 19:52:03.056 D/TelephonyRegistry( 1891): broadcastPreciseDataConnectionStateChanged():state=0, apnType=supl, smCause=(0), reason=simLoaded
04-11 19:52:03.085 D/TelephonyRegistry( 1891): broadcastPreciseDataConnectionStateChanged():state=0, apnType=ia, smCause=(0), reason=simLoaded
04-11 19:52:03.099 D/TelephonyRegistry( 1891): broadcastPreciseDataConnectionStateChanged():state=0, apnType=emergency, smCause=(0), reason=simLoaded
04-11 19:52:03.182 D/TelephonyRegistry( 1891): broadcastPreciseDataConnectionStateChanged():state=0, apnType=dun, smCause=(0), reason=simLoaded
04-11 19:52:03.209 D/TelephonyRegistry( 1891): broadcastPreciseDataConnectionStateChanged():state=0, apnType=hipri, smCause=(0), reason=simLoaded
04-11 19:52:03.236 D/TelephonyRegistry( 1891): broadcastPreciseDataConnectionStateChanged():state=0, apnType=ims, smCause=(0), reason=simLoaded
04-11 19:52:05.825 D/SubscriptionManager( 1891): callback: received, sendEmptyMessage(0) to handler
04-11 19:52:05.827 D/SubscriptionManager( 1891): handleMessage: invoke the overriden onSubscriptionsChanged()
04-11 19:52:05.925 D/SubscriptionManager( 1891): callback: received, sendEmptyMessage(0) to handler
04-11 19:52:05.926 D/SubscriptionManager( 1891): handleMessage: invoke the overriden onSubscriptionsChanged()
04-11 19:52:04.826 D/SubscriptionManager( 1891): callback: received, sendEmptyMessage(0) to handler
04-11 19:52:04.929 D/SubscriptionManager( 1891): getSimStateForSubscriber: simState=5 slotIdx=0
04-11 19:52:04.944 D/TelephonyRegistry( 1891): notifyCellLocationForSubscriber: subId=2 cellLocation=Bundle[mParcelledData.dataSize=64]
04-11 19:52:05.102 D/SubscriptionManager( 1891): handleMessage: invoke the overriden onSubscriptionsChanged()
04-11 19:52:09.256 D/SubscriptionManager( 1891): getSimStateForSubscriber: simState=5 slotIdx=0
04-11 19:52:09.448 D/TelephonyRegistry( 1891): Notify data connection state changed on sub: 2
04-11 19:52:09.448 D/TelephonyRegistry( 1891): Notify data connection state changed on sub: 2
04-11 19:52:09.449 D/TelephonyRegistry( 1891): Notify data connection state changed on sub: 2
04-11 19:52:09.449 D/TelephonyRegistry( 1891): Notify data connection state changed on sub: 2
04-11 19:52:09.450 D/TelephonyRegistry( 1891): broadcastPreciseDataConnectionStateChanged():state=0, apnType=default, smCause=(0), reason=dataAttached
04-11 19:52:09.468 D/TelephonyRegistry( 1891): broadcastPreciseDataConnectionStateChanged():state=0, apnType=mms, smCause=(0), reason=dataAttached
04-11 19:52:09.490 D/TelephonyRegistry( 1891): broadcastPreciseDataConnectionStateChanged():state=0, apnType=xcap, smCause=(0), reason=dataAttached
04-11 19:52:09.504 D/TelephonyRegistry( 1891): broadcastPreciseDataConnectionStateChanged():state=0, apnType=cbs, smCause=(0), reason=dataAttached
04-11 19:52:09.526 D/TelephonyRegistry( 1891): broadcastPreciseDataConnectionStateChanged():state=0, apnType=fota, smCause=(0), reason=dataAttached
04-11 19:52:09.543 D/TelephonyRegistry( 1891): broadcastPreciseDataConnectionStateChanged():state=0, apnType=supl, smCause=(0), reason=dataAttached
04-11 19:52:09.556 D/TelephonyRegistry( 1891): broadcastPreciseDataConnectionStateChanged():state=0, apnType=ia, smCause=(0), reason=dataAttached
04-11 19:52:09.566 D/TelephonyRegistry( 1891): broadcastPreciseDataConnectionStateChanged():state=0, apnType=emergency, smCause=(0), reason=dataAttached
04-11 19:52:09.622 D/TelephonyRegistry( 1891): broadcastPreciseDataConnectionStateChanged():state=0, apnType=dun, smCause=(0), reason=dataAttached
04-11 19:52:09.634 D/TelephonyRegistry( 1891): broadcastPreciseDataConnectionStateChanged():state=0, apnType=hipri, smCause=(0), reason=dataAttached
04-11 19:52:09.643 D/TelephonyRegistry( 1891): broadcastPreciseDataConnectionStateChanged():state=0, apnType=ims, smCause=(0), reason=dataAttached
04-11 19:52:09.686 D/TelephonyRegistry( 1891): broadcastPreciseDataConnectionStateChanged():state=0, apnType=mms, smCause=(0), reason=dataEnabled
04-11 19:52:09.699 D/TelephonyRegistry( 1891): broadcastPreciseDataConnectionStateChanged():state=0, apnType=xcap, smCause=(0), reason=dataEnabled
04-11 19:52:09.707 D/TelephonyRegistry( 1891): broadcastPreciseDataConnectionStateChanged():state=0, apnType=cbs, smCause=(0), reason=dataEnabled
04-11 19:52:09.725 D/TelephonyRegistry( 1891): broadcastPreciseDataConnectionStateChanged():state=0, apnType=fota, smCause=(0), reason=dataEnabled
04-11 19:52:09.741 D/TelephonyRegistry( 1891): broadcastPreciseDataConnectionStateChanged():state=0, apnType=supl, smCause=(0), reason=dataEnabled
04-11 19:52:09.757 D/TelephonyRegistry( 1891): broadcastPreciseDataConnectionStateChanged():state=0, apnType=ia, smCause=(0), reason=dataEnabled
04-11 19:52:09.773 D/TelephonyRegistry( 1891): broadcastPreciseDataConnectionStateChanged():state=0, apnType=emergency, smCause=(0), reason=dataEnabled
04-11 19:52:09.865 D/TelephonyRegistry( 1891): broadcastPreciseDataConnectionStateChanged():state=0, apnType=dun, smCause=(0), reason=dataEnabled
04-11 19:52:09.873 D/TelephonyRegistry( 1891): broadcastPreciseDataConnectionStateChanged():state=0, apnType=hipri, smCause=(0), reason=dataEnabled
04-11 19:52:09.879 D/TelephonyRegistry( 1891): broadcastPreciseDataConnectionStateChanged():state=0, apnType=ims, smCause=(0), reason=dataEnabled
04-11 19:52:13.639 D/SubscriptionManager( 3574): SubscriptionManager created
04-11 19:52:15.006 D/SubscriptionManager( 5864): SubscriptionManager created
04-11 19:52:20.610 D/SubscriptionManager( 6352): SubscriptionManager created
04-11 19:52:28.678 D/SubscriptionManager( 3479): SubscriptionManager created
04-11 19:52:28.713 D/SubscriptionManager( 6724): SubscriptionManager created
04-11 19:52:28.766 W/LGSignalStrength( 3479): getNumSignalStrength: mRssiLevel = -1
04-11 19:52:38.079 D/SubscriptionManager( 1891): getSimStateForSubscriber: simState=5 slotIdx=0
04-11 19:52:38.093 D/TelephonyRegistry( 1891): Notify data connection state changed on sub: 2
04-11 19:52:38.093 D/TelephonyRegistry( 1891): Notify data connection state changed on sub: 2
04-11 19:52:38.093 D/TelephonyRegistry( 1891): Notify data connection state changed on sub: 2
04-11 19:52:38.093 D/TelephonyRegistry( 1891): Notify data connection state changed on sub: 2
04-11 19:52:38.093 D/TelephonyRegistry( 1891): Notify data connection state changed on sub: 2
04-11 19:52:38.094 D/TelephonyRegistry( 1891): broadcastPreciseDataConnectionStateChanged():state=0, apnType=default, smCause=(0), reason=dataDetached
04-11 19:52:38.101 D/TelephonyRegistry( 1891): broadcastPreciseDataConnectionStateChanged():state=0, apnType=mms, smCause=(0), reason=dataDetached
04-11 19:52:38.108 D/TelephonyRegistry( 1891): broadcastPreciseDataConnectionStateChanged():state=0, apnType=xcap, smCause=(0), reason=dataDetached
04-11 19:52:38.114 D/TelephonyRegistry( 1891): broadcastPreciseDataConnectionStateChanged():state=0, apnType=cbs, smCause=(0), reason=dataDetached
04-11 19:52:38.122 D/TelephonyRegistry( 1891): broadcastPreciseDataConnectionStateChanged():state=0, apnType=fota, smCause=(0), reason=dataDetached
04-11 19:52:38.128 D/TelephonyRegistry( 1891): broadcastPreciseDataConnectionStateChanged():state=0, apnType=supl, smCause=(0), reason=dataDetached
04-11 19:52:38.133 D/TelephonyRegistry( 1891): broadcastPreciseDataConnectionStateChanged():state=0, apnType=ia, smCause=(0), reason=dataDetached
04-11 19:52:38.138 D/TelephonyRegistry( 1891): broadcastPreciseDataConnectionStateChanged():state=0, apnType=emergency, smCause=(0), reason=dataDetached
04-11 19:52:38.178 D/TelephonyRegistry( 1891): broadcastPreciseDataConnectionStateChanged():state=0, apnType=dun, smCause=(0), reason=dataDetached
04-11 19:52:38.184 D/TelephonyRegistry( 1891): broadcastPreciseDataConnectionStateChanged():state=0, apnType=hipri, smCause=(0), reason=dataDetached
04-11 19:52:38.190 D/TelephonyRegistry( 1891): broadcastPreciseDataConnectionStateChanged():state=0, apnType=ims, smCause=(0), reason=dataDetached
04-11 19:52:38.065 D/SubscriptionManager( 1891): getSimStateForSubscriber: simState=5 slotIdx=0
04-11 19:52:38.152 D/TelephonyRegistry( 1891): Notify data connection state changed on sub: 2
04-11 19:52:38.152 D/TelephonyRegistry( 1891): Notify data connection state changed on sub: 2
04-11 19:52:38.152 D/TelephonyRegistry( 1891): Notify data connection state changed on sub: 2
04-11 19:52:38.152 D/TelephonyRegistry( 1891): Notify data connection state changed on sub: 2
04-11 19:52:38.152 D/TelephonyRegistry( 1891): Notify data connection state changed on sub: 2
04-11 19:52:38.153 D/TelephonyRegistry( 1891): broadcastPreciseDataConnectionStateChanged():state=0, apnType=default, smCause=(0), reason=dataAttached
04-11 19:52:38.159 D/TelephonyRegistry( 1891): broadcastPreciseDataConnectionStateChanged():state=0, apnType=mms, smCause=(0), reason=dataAttached
04-11 19:52:38.168 D/TelephonyRegistry( 1891): broadcastPreciseDataConnectionStateChanged():state=0, apnType=xcap, smCause=(0), reason=dataAttached
04-11 19:52:38.174 D/TelephonyRegistry( 1891): broadcastPreciseDataConnectionStateChanged():state=0, apnType=cbs, smCause=(0), reason=dataAttached
04-11 19:52:38.183 D/TelephonyRegistry( 1891): broadcastPreciseDataConnectionStateChanged():state=0, apnType=fota, smCause=(0), reason=dataAttached
04-11 19:52:38.189 D/TelephonyRegistry( 1891): broadcastPreciseDataConnectionStateChanged():state=0, apnType=supl, smCause=(0), reason=dataAttached
04-11 19:52:38.194 D/TelephonyRegistry( 1891): broadcastPreciseDataConnectionStateChanged():state=0, apnType=ia, smCause=(0), reason=dataAttached
04-11 19:52:38.200 D/TelephonyRegistry( 1891): broadcastPreciseDataConnectionStateChanged():state=0, apnType=emergency, smCause=(0), reason=dataAttached
04-11 19:52:38.263 D/TelephonyRegistry( 1891): broadcastPreciseDataConnectionStateChanged():state=0, apnType=dun, smCause=(0), reason=dataAttached
04-11 19:52:38.269 D/TelephonyRegistry( 1891): broadcastPreciseDataConnectionStateChanged():state=0, apnType=hipri, smCause=(0), reason=dataAttached
04-11 19:52:38.275 D/TelephonyRegistry( 1891): broadcastPreciseDataConnectionStateChanged():state=0, apnType=ims, smCause=(0), reason=dataAttached
04-11 19:52:43.927 D/SubscriptionManager( 7728): SubscriptionManager created
04-11 19:52:44.209 D/SubscriptionManager( 1891): SubscriptionManager created
04-11 19:52:44.457 D/SubscriptionManager( 7787): SubscriptionManager created
04-11 19:52:46.817 D/SubscriptionManager( 7758): SubscriptionManager created
04-11 19:52:49.712 D/SubscriptionManager( 8213): SubscriptionManager created
04-11 19:53:37.003 D/TelephonyRegistry( 1891): notifyCellLocationForSubscriber: subId=2 cellLocation=Bundle[mParcelledData.dataSize=64]
04-11 19:54:20.768 D/TelephonyRegistry( 1891): notifyCellLocationForSubscriber: subId=2 cellLocation=Bundle[mParcelledData.dataSize=64]
04-11 19:54:51.690 D/TelephonyRegistry( 1891): broadcastPreciseDataConnectionStateChanged():state=0, apnType=mms, smCause=(0), reason=dataEnabled
04-11 19:54:51.706 D/TelephonyRegistry( 1891): broadcastPreciseDataConnectionStateChanged():state=0, apnType=xcap, smCause=(0), reason=dataEnabled
04-11 19:54:51.712 D/TelephonyRegistry( 1891): broadcastPreciseDataConnectionStateChanged():state=0, apnType=cbs, smCause=(0), reason=dataEnabled
04-11 19:54:51.719 D/TelephonyRegistry( 1891): broadcastPreciseDataConnectionStateChanged():state=0, apnType=fota, smCause=(0), reason=dataEnabled
04-11 19:54:51.727 D/TelephonyRegistry( 1891): broadcastPreciseDataConnectionStateChanged():state=0, apnType=supl, smCause=(0), reason=dataEnabled
04-11 19:54:51.733 D/TelephonyRegistry( 1891): broadcastPreciseDataConnectionStateChanged():state=0, apnType=ia, smCause=(0), reason=dataEnabled
04-11 19:54:51.738 D/TelephonyRegistry( 1891): broadcastPreciseDataConnectionStateChanged():state=0, apnType=emergency, smCause=(0), reason=dataEnabled
04-11 19:54:51.774 D/SubscriptionManager( 9468): SubscriptionManager created
04-11 19:54:51.786 D/TelephonyRegistry( 1891): broadcastPreciseDataConnectionStateChanged():state=0, apnType=dun, smCause=(0), reason=dataEnabled
04-11 19:54:51.797 D/TelephonyRegistry( 1891): broadcastPreciseDataConnectionStateChanged():state=0, apnType=hipri, smCause=(0), reason=dataEnabled
04-11 19:54:51.853 D/TelephonyRegistry( 1891): broadcastPreciseDataConnectionStateChanged():state=0, apnType=ims, smCause=(0), reason=dataEnabled
04-11 19:54:54.461 D/TelephonyRegistry( 1891): broadcastPreciseDataConnectionStateChanged():state=1, apnType=default, smCause=(0), reason=dataEnabled
04-11 19:54:54.487 D/TelephonyRegistry( 1891): broadcastPreciseDataConnectionStateChanged():state=0, apnType=mms, smCause=(0), reason=dataEnabled
04-11 19:54:54.494 D/TelephonyRegistry( 1891): broadcastPreciseDataConnectionStateChanged():state=0, apnType=xcap, smCause=(0), reason=dataEnabled
04-11 19:54:54.505 D/TelephonyRegistry( 1891): broadcastPreciseDataConnectionStateChanged():state=0, apnType=cbs, smCause=(0), reason=dataEnabled
04-11 19:54:54.514 D/TelephonyRegistry( 1891): broadcastPreciseDataConnectionStateChanged():state=0, apnType=fota, smCause=(0), reason=dataEnabled
04-11 19:54:54.523 D/TelephonyRegistry( 1891): broadcastPreciseDataConnectionStateChanged():state=0, apnType=supl, smCause=(0), reason=dataEnabled
04-11 19:54:54.533 D/TelephonyRegistry( 1891): broadcastPreciseDataConnectionStateChanged():state=0, apnType=ia, smCause=(0), reason=dataEnabled
04-11 19:54:54.543 D/TelephonyRegistry( 1891): broadcastPreciseDataConnectionStateChanged():state=0, apnType=emergency, smCause=(0), reason=dataEnabled
04-11 19:54:54.604 D/TelephonyRegistry( 1891): broadcastPreciseDataConnectionStateChanged():state=0, apnType=dun, smCause=(0), reason=dataEnabled
04-11 19:54:54.610 D/TelephonyRegistry( 1891): broadcastPreciseDataConnectionStateChanged():state=0, apnType=hipri, smCause=(0), reason=dataEnabled
04-11 19:54:54.620 D/TelephonyRegistry( 1891): broadcastPreciseDataConnectionStateChanged():state=0, apnType=ims, smCause=(0), reason=dataEnabled
04-11 19:54:55.907 D/SubscriptionManager( 9808): SubscriptionManager created
04-11 19:54:56.615 D/SubscriptionManager( 1891): getSimStateForSubscriber: simState=5 slotIdx=0
04-11 19:54:56.627 D/TelephonyRegistry( 1891): Notify data connection state changed on sub: 2
04-11 19:54:56.627 D/TelephonyRegistry( 1891): Notify data connection state changed on sub: 2
04-11 19:54:56.627 D/TelephonyRegistry( 1891): Notify data connection state changed on sub: 2
04-11 19:54:56.627 D/TelephonyRegistry( 1891): Notify data connection state changed on sub: 2
04-11 19:54:56.628 D/TelephonyRegistry( 1891): Notify data connection state changed on sub: 2
04-11 19:54:56.628 D/TelephonyRegistry( 1891): Notify data connection state changed on sub: 2
04-11 19:54:56.629 D/TelephonyRegistry( 1891): broadcastPreciseDataConnectionStateChanged():state=1, apnType=default, smCause=(0), reason=null
04-11 19:54:57.989 D/TelephonyRegistry( 1891): Notify data connection state changed on sub: 2
04-11 19:54:57.989 D/TelephonyRegistry( 1891): Notify data connection state changed on sub: 2
04-11 19:54:57.990 D/TelephonyRegistry( 1891): Notify data connection state changed on sub: 2
04-11 19:54:57.990 D/TelephonyRegistry( 1891): Notify data connection state changed on sub: 2
04-11 19:54:57.990 D/TelephonyRegistry( 1891): Notify data connection state changed on sub: 2
04-11 19:54:57.990 D/TelephonyRegistry( 1891): Notify data connection state changed on sub: 2
04-11 19:54:57.992 D/TelephonyRegistry( 1891): broadcastPreciseDataConnectionStateChanged():state=2, apnType=default, smCause=(0), reason=connected
04-11 19:54:58.406 D/SubscriptionManager( 9551): SubscriptionManager created
04-11 19:55:13.070 D/SubscriptionManager( 1891): getSimStateForSubscriber: simState=5 slotIdx=0
04-11 19:55:13.157 D/TelephonyRegistry( 1891): Notify data connection state changed on sub: 2
04-11 19:55:13.157 D/TelephonyRegistry( 1891): Notify data connection state changed on sub: 2
04-11 19:55:13.157 D/TelephonyRegistry( 1891): Notify data connection state changed on sub: 2
04-11 19:55:13.157 D/TelephonyRegistry( 1891): Notify data connection state changed on sub: 2
04-11 19:55:13.157 D/TelephonyRegistry( 1891): Notify data connection state changed on sub: 2
04-11 19:55:13.162 D/TelephonyRegistry( 1891): Notify data connection state changed on sub: 2
04-11 19:55:13.166 D/TelephonyRegistry( 1891): broadcastPreciseDataConnectionStateChanged():state=2, apnType=default, smCause=(0), reason=null
04-11 19:55:15.481 D/TelephonyRegistry( 1891): notifyCellLocationForSubscriber: subId=2 cellLocation=Bundle[mParcelledData.dataSize=64]
04-11 19:55:17.238 D/SubscriptionManager( 1891): getSimStateForSubscriber: simState=5 slotIdx=0
04-11 19:55:17.333 D/TelephonyRegistry( 1891): Notify data connection state changed on sub: 2
04-11 19:55:17.334 D/TelephonyRegistry( 1891): Notify data connection state changed on sub: 2
04-11 19:55:17.334 D/TelephonyRegistry( 1891): Notify data connection state changed on sub: 2
04-11 19:55:17.334 D/TelephonyRegistry( 1891): Notify data connection state changed on sub: 2
04-11 19:55:17.334 D/TelephonyRegistry( 1891): Notify data connection state changed on sub: 2
04-11 19:55:17.335 D/TelephonyRegistry( 1891): broadcastPreciseDataConnectionStateChanged():state=2, apnType=default, smCause=(0), reason=null
04-11 19:55:50.748 D/SubscriptionManager( 1891): getSimStateForSubscriber: simState=5 slotIdx=0
04-11 19:55:50.820 D/TelephonyRegistry( 1891): Notify data connection state changed on sub: 2
04-11 19:55:50.820 D/TelephonyRegistry( 1891): Notify data connection state changed on sub: 2
04-11 19:55:50.820 D/TelephonyRegistry( 1891): Notify data connection state changed on sub: 2
04-11 19:55:50.820 D/TelephonyRegistry( 1891): Notify data connection state changed on sub: 2
04-11 19:55:50.820 D/TelephonyRegistry( 1891): Notify data connection state changed on sub: 2
04-11 19:55:50.821 D/TelephonyRegistry( 1891): broadcastPreciseDataConnectionStateChanged():state=2, apnType=default, smCause=(0), reason=null
04-11 19:55:53.158 D/TelephonyRegistry( 1891): notifyCellLocationForSubscriber: subId=2 cellLocation=Bundle[mParcelledData.dataSize=64]
04-11 19:55:54.235 D/SubscriptionManager( 1891): getSimStateForSubscriber: simState=5 slotIdx=0
04-11 19:55:54.301 D/TelephonyRegistry( 1891): Notify data connection state changed on sub: 2
04-11 19:55:54.301 D/TelephonyRegistry( 1891): Notify data connection state changed on sub: 2
04-11 19:55:54.301 D/TelephonyRegistry( 1891): Notify data connection state changed on sub: 2
04-11 19:55:54.301 D/TelephonyRegistry( 1891): Notify data connection state changed on sub: 2
04-11 19:55:54.301 D/TelephonyRegistry( 1891): Notify data connection state changed on sub: 2
04-11 19:55:54.302 D/TelephonyRegistry( 1891): broadcastPreciseDataConnectionStateChanged():state=2, apnType=default, smCause=(0), reason=null
04-11 19:56:07.829 D/SubscriptionManager( 1891): getSimStateForSubscriber: simState=5 slotIdx=0
04-11 19:56:07.908 D/TelephonyRegistry( 1891): Notify data connection state changed on sub: 2
04-11 19:56:07.908 D/TelephonyRegistry( 1891): Notify data connection state changed on sub: 2
04-11 19:56:07.908 D/TelephonyRegistry( 1891): Notify data connection state changed on sub: 2
04-11 19:56:07.908 D/TelephonyRegistry( 1891): Notify data connection state changed on sub: 2
04-11 19:56:07.908 D/TelephonyRegistry( 1891): Notify data connection state changed on sub: 2
04-11 19:56:07.908 D/TelephonyRegistry( 1891): broadcastPreciseDataConnectionStateChanged():state=2, apnType=default, smCause=(0), reason=null
04-11 19:56:13.730 D/SubscriptionManager( 1891): getSimStateForSubscriber: simState=5 slotIdx=0
04-11 19:56:13.811 D/TelephonyRegistry( 1891): Notify data connection state changed on sub: 2
04-11 19:56:13.811 D/TelephonyRegistry( 1891): Notify data connection state changed on sub: 2
04-11 19:56:13.811 D/TelephonyRegistry( 1891): Notify data connection state changed on sub: 2
04-11 19:56:13.811 D/TelephonyRegistry( 1891): Notify data connection state changed on sub: 2
04-11 19:56:13.811 D/TelephonyRegistry( 1891): Notify data connection state changed on sub: 2
04-11 19:56:13.812 D/TelephonyRegistry( 1891): broadcastPreciseDataConnectionStateChanged():state=2, apnType=default, smCause=(0), reason=null
04-11 19:56:35.171 D/SubscriptionManager( 1891): getSimStateForSubscriber: simState=5 slotIdx=0
04-11 19:56:35.246 D/TelephonyRegistry( 1891): Notify data connection state changed on sub: 2
04-11 19:56:35.246 D/TelephonyRegistry( 1891): Notify data connection state changed on sub: 2
04-11 19:56:35.246 D/TelephonyRegistry( 1891): Notify data connection state changed on sub: 2
04-11 19:56:35.246 D/TelephonyRegistry( 1891): Notify data connection state changed on sub: 2
04-11 19:56:35.246 D/TelephonyRegistry( 1891): Notify data connection state changed on sub: 2
04-11 19:56:35.247 D/TelephonyRegistry( 1891): broadcastPreciseDataConnectionStateChanged():state=2, apnType=default, smCause=(0), reason=null
04-11 19:56:52.566 D/SubscriptionManager( 1891): getSimStateForSubscriber: simState=5 slotIdx=0
04-11 19:56:52.643 D/TelephonyRegistry( 1891): Notify data connection state changed on sub: 2
04-11 19:56:52.643 D/TelephonyRegistry( 1891): Notify data connection state changed on sub: 2
04-11 19:56:52.643 D/TelephonyRegistry( 1891): Notify data connection state changed on sub: 2
04-11 19:56:52.643 D/TelephonyRegistry( 1891): Notify data connection state changed on sub: 2
04-11 19:56:52.643 D/TelephonyRegistry( 1891): Notify data connection state changed on sub: 2
04-11 19:56:52.644 D/TelephonyRegistry( 1891): broadcastPreciseDataConnectionStateChanged():state=2, apnType=default, smCause=(0), reason=null
04-11 19:57:06.250 D/SubscriptionManager( 1891): getSimStateForSubscriber: simState=5 slotIdx=0
04-11 19:57:06.335 D/TelephonyRegistry( 1891): Notify data connection state changed on sub: 2
04-11 19:57:06.336 D/TelephonyRegistry( 1891): Notify data connection state changed on sub: 2
04-11 19:57:06.336 D/TelephonyRegistry( 1891): Notify data connection state changed on sub: 2
04-11 19:57:06.336 D/TelephonyRegistry( 1891): Notify data connection state changed on sub: 2
04-11 19:57:06.336 D/TelephonyRegistry( 1891): Notify data connection state changed on sub: 2
04-11 19:57:06.337 D/TelephonyRegistry( 1891): broadcastPreciseDataConnectionStateChanged():state=2, apnType=default, smCause=(0), reason=null
04-11 19:57:09.801 D/SubscriptionManager( 1891): getSimStateForSubscriber: simState=5 slotIdx=0
04-11 19:57:09.877 D/TelephonyRegistry( 1891): Notify data connection state changed on sub: 2
04-11 19:57:09.877 D/TelephonyRegistry( 1891): Notify data connection state changed on sub: 2
04-11 19:57:09.877 D/TelephonyRegistry( 1891): Notify data connection state changed on sub: 2
04-11 19:57:09.877 D/TelephonyRegistry( 1891): Notify data connection state changed on sub: 2
04-11 19:57:09.877 D/TelephonyRegistry( 1891): Notify data connection state changed on sub: 2
04-11 19:57:09.878 D/TelephonyRegistry( 1891): broadcastPreciseDataConnectionStateChanged():state=2, apnType=default, smCause=(0), reason=null
04-11 19:57:23.330 D/SubscriptionManager( 1891): getSimStateForSubscriber: simState=5 slotIdx=0
04-11 19:57:23.411 D/TelephonyRegistry( 1891): Notify data connection state changed on sub: 2
04-11 19:57:23.411 D/TelephonyRegistry( 1891): Notify data connection state changed on sub: 2
04-11 19:57:23.412 D/TelephonyRegistry( 1891): Notify data connection state changed on sub: 2
04-11 19:57:23.412 D/TelephonyRegistry( 1891): Notify data connection state changed on sub: 2
04-11 19:57:23.412 D/TelephonyRegistry( 1891): Notify data connection state changed on sub: 2
04-11 19:57:23.412 D/TelephonyRegistry( 1891): broadcastPreciseDataConnectionStateChanged():state=2, apnType=default, smCause=(0), reason=null
04-11 19:57:25.410 D/SubscriptionManager( 1891): getSimStateForSubscriber: simState=5 slotIdx=0
04-11 19:57:25.485 D/TelephonyRegistry( 1891): Notify data connection state changed on sub: 2
04-11 19:57:25.485 D/TelephonyRegistry( 1891): Notify data connection state changed on sub: 2
04-11 19:57:25.485 D/TelephonyRegistry( 1891): Notify data connection state changed on sub: 2
04-11 19:57:25.485 D/TelephonyRegistry( 1891): Notify data connection state changed on sub: 2
04-11 19:57:25.485 D/TelephonyRegistry( 1891): Notify data connection state changed on sub: 2
04-11 19:57:25.486 D/TelephonyRegistry( 1891): broadcastPreciseDataConnectionStateChanged():state=2, apnType=default, smCause=(0), reason=null
04-11 19:57:39.373 D/SubscriptionManager( 1891): getSimStateForSubscriber: simState=5 slotIdx=0
04-11 19:57:39.457 D/TelephonyRegistry( 1891): Notify data connection state changed on sub: 2
04-11 19:57:39.457 D/TelephonyRegistry( 1891): Notify data connection state changed on sub: 2
04-11 19:57:39.457 D/TelephonyRegistry( 1891): Notify data connection state changed on sub: 2
04-11 19:57:39.457 D/TelephonyRegistry( 1891): Notify data connection state changed on sub: 2
04-11 19:57:39.457 D/TelephonyRegistry( 1891): Notify data connection state changed on sub: 2
04-11 19:57:39.458 D/TelephonyRegistry( 1891): broadcastPreciseDataConnectionStateChanged():state=2, apnType=default, smCause=(0), reason=null
04-11 19:57:44.025 D/SubscriptionManager( 1891): getSimStateForSubscriber: simState=5 slotIdx=0
04-11 19:57:44.096 D/TelephonyRegistry( 1891): Notify data connection state changed on sub: 2
04-11 19:57:44.096 D/TelephonyRegistry( 1891): Notify data connection state changed on sub: 2
04-11 19:57:44.096 D/TelephonyRegistry( 1891): Notify data connection state changed on sub: 2
04-11 19:57:44.096 D/TelephonyRegistry( 1891): Notify data connection state changed on sub: 2
04-11 19:57:44.096 D/TelephonyRegistry( 1891): Notify data connection state changed on sub: 2
04-11 19:57:44.097 D/TelephonyRegistry( 1891): broadcastPreciseDataConnectionStateChanged():state=2, apnType=default, smCause=(0), reason=null
04-11 19:59:09.159 D/QtiGsmDCT( 3447): [0]updateDataActivity: sent=2 received=2
04-11 19:59:09.440 V/LG-FASTDORMANCY( 3447): [DCH/FACH] FDCount : 0 intent received :com.android.internal.telephony.ACTION_CHECK_NETSTAT
04-11 19:59:09.443 V/LG-FASTDORMANCY( 3447): [DCH/FACH] FDCount : 0 prev: TxPkts(5599), RxPkts(6174)
04-11 19:59:09.443 V/LG-FASTDORMANCY( 3447): [DCH/FACH] FDCount : 0 curr: TxPkts(5601), RxPkts(6176)
04-11 19:59:09.444 I/LG-FASTDORMANCY( 3447): [DCH/FACH] FDCount : 0 Scheduling checkNetStat for 1000msec, current state is [DCH/FACH] FDCount : 0 
04-11 19:59:10.164 D/QtiGsmDCT( 3447): [0]updateDataActivity: curTxRxSum={txSum=5601 rxSum=6176} preTxRxSum={txSum=5601 rxSum=6176}
04-11 19:59:10.164 D/QtiGsmDCT( 3447): [0]updateDataActivity: sent=0 received=0
04-11 19:59:10.165 D/QtiGsmDCT( 3447): [0]updateDataActivity: newActivity=NONE
04-11 19:59:10.172 D/QtiGsmDCT( 3447): [0]getDataEnabled: getIntWithSubId retVal=true
04-11 19:59:10.450 V/LG-FASTDORMANCY( 3447): [DCH/FACH] FDCount : 0 intent received :com.android.internal.telephony.ACTION_CHECK_NETSTAT
04-11 19:59:10.454 V/LG-FASTDORMANCY( 3447): [DCH/FACH] FDCount : 0 prev: TxPkts(5601), RxPkts(6176)
04-11 19:59:10.454 V/LG-FASTDORMANCY( 3447): [DCH/FACH] FDCount : 0 curr: TxPkts(5623), RxPkts(6198)
04-11 19:59:10.455 I/LG-FASTDORMANCY( 3447): [DCH/FACH] FDCount : 0 Scheduling checkNetStat for 1000msec, current state is [DCH/FACH] FDCount : 0 
04-11 19:59:11.171 D/QtiGsmDCT( 3447): [0]updateDataActivity: curTxRxSum={txSum=5708 rxSum=6385} preTxRxSum={txSum=5601 rxSum=6176}
04-11 19:59:11.171 D/QtiGsmDCT( 3447): [0]updateDataActivity: sent=107 received=209
04-11 19:59:11.171 D/QtiGsmDCT( 3447): [0]updateDataActivity: newActivity=DATAINANDOUT
04-11 19:59:11.183 D/QtiGsmDCT( 3447): [0]getDataEnabled: getIntWithSubId retVal=true
04-11 19:59:11.461 V/LG-FASTDORMANCY( 3447): [DCH/FACH] FDCount : 0 intent received :com.android.internal.telephony.ACTION_CHECK_NETSTAT
04-11 19:59:11.465 V/LG-FASTDORMANCY( 3447): [DCH/FACH] FDCount : 0 prev: TxPkts(5623), RxPkts(6198)
04-11 19:59:11.465 V/LG-FASTDORMANCY( 3447): [DCH/FACH] FDCount : 0 curr: TxPkts(5708), RxPkts(6387)
04-11 19:59:11.466 I/LG-FASTDORMANCY( 3447): [DCH/FACH] FDCount : 0 Scheduling checkNetStat for 1000msec, current state is [DCH/FACH] FDCount : 0 
04-11 19:59:12.181 D/QtiGsmDCT( 3447): [0]updateDataActivity: curTxRxSum={txSum=5708 rxSum=6387} preTxRxSum={txSum=5708 rxSum=6385}
04-11 19:59:12.181 D/QtiGsmDCT( 3447): [0]updateDataActivity: sent=0 received=2
04-11 19:59:12.181 D/QtiGsmDCT( 3447): [0]updateDataActivity: newActivity=DATAIN
04-11 19:59:12.190 D/QtiGsmDCT( 3447): [0]getDataEnabled: getIntWithSubId retVal=true
04-11 19:59:12.471 V/LG-FASTDORMANCY( 3447): [DCH/FACH] FDCount : 0 intent received :com.android.internal.telephony.ACTION_CHECK_NETSTAT
04-11 19:59:12.476 V/LG-FASTDORMANCY( 3447): [DCH/FACH] FDCount : 0 prev: TxPkts(5708), RxPkts(6387)
04-11 19:59:12.476 V/LG-FASTDORMANCY( 3447): [DCH/FACH] FDCount : 0 curr: TxPkts(5729), RxPkts(6407)
04-11 19:59:12.477 I/LG-FASTDORMANCY( 3447): [DCH/FACH] FDCount : 0 Scheduling checkNetStat for 1000msec, current state is [DCH/FACH] FDCount : 0 
04-11 19:59:13.187 D/QtiGsmDCT( 3447): [0]updateDataActivity: curTxRxSum={txSum=5915 rxSum=6593} preTxRxSum={txSum=5708 rxSum=6387}
04-11 19:59:13.187 D/QtiGsmDCT( 3447): [0]updateDataActivity: sent=207 received=206
04-11 19:59:13.187 D/QtiGsmDCT( 3447): [0]updateDataActivity: newActivity=DATAINANDOUT
04-11 19:59:13.201 D/QtiGsmDCT( 3447): [0]getDataEnabled: getIntWithSubId retVal=true
04-11 19:59:13.481 V/LG-FASTDORMANCY( 3447): [DCH/FACH] FDCount : 0 intent received :com.android.internal.telephony.ACTION_CHECK_NETSTAT
04-11 19:59:13.484 V/LG-FASTDORMANCY( 3447): [DCH/FACH] FDCount : 0 prev: TxPkts(5729), RxPkts(6407)
04-11 19:59:13.485 V/LG-FASTDORMANCY( 3447): [DCH/FACH] FDCount : 0 curr: TxPkts(5915), RxPkts(6593)
04-11 19:59:13.487 I/LG-FASTDORMANCY( 3447): [DCH/FACH] FDCount : 0 Scheduling checkNetStat for 1000msec, current state is [DCH/FACH] FDCount : 0 
04-11 19:59:14.194 D/QtiGsmDCT( 3447): [0]updateDataActivity: curTxRxSum={txSum=5923 rxSum=6601} preTxRxSum={txSum=5915 rxSum=6593}
04-11 19:59:14.194 D/QtiGsmDCT( 3447): [0]updateDataActivity: sent=8 received=8
04-11 19:59:14.491 V/LG-FASTDORMANCY( 3447): [DCH/FACH] FDCount : 0 intent received :com.android.internal.telephony.ACTION_CHECK_NETSTAT
04-11 19:59:14.495 V/LG-FASTDORMANCY( 3447): [DCH/FACH] FDCount : 0 prev: TxPkts(5915), RxPkts(6593)
04-11 19:59:14.495 V/LG-FASTDORMANCY( 3447): [DCH/FACH] FDCount : 0 curr: TxPkts(6023), RxPkts(6797)
04-11 19:59:14.496 I/LG-FASTDORMANCY( 3447): [DCH/FACH] FDCount : 0 Scheduling checkNetStat for 1000msec, current state is [DCH/FACH] FDCount : 0 
04-11 19:59:15.200 D/QtiGsmDCT( 3447): [0]updateDataActivity: curTxRxSum={txSum=6023 rxSum=6797} preTxRxSum={txSum=5923 rxSum=6601}
04-11 19:59:15.200 D/QtiGsmDCT( 3447): [0]updateDataActivity: sent=100 received=196
04-11 19:59:15.501 V/LG-FASTDORMANCY( 3447): [DCH/FACH] FDCount : 0 intent received :com.android.internal.telephony.ACTION_CHECK_NETSTAT
04-11 19:59:15.505 V/LG-FASTDORMANCY( 3447): [DCH/FACH] FDCount : 0 prev: TxPkts(6023), RxPkts(6797)
04-11 19:59:15.505 V/LG-FASTDORMANCY( 3447): [DCH/FACH] FDCount : 0 curr: TxPkts(6025), RxPkts(6799)
04-11 19:59:15.506 I/LG-FASTDORMANCY( 3447): [DCH/FACH] FDCount : 0 Scheduling checkNetStat for 1000msec, current state is [DCH/FACH] FDCount : 0 
04-11 19:59:16.204 D/QtiGsmDCT( 3447): [0]updateDataActivity: curTxRxSum={txSum=6025 rxSum=6799} preTxRxSum={txSum=6023 rxSum=6797}
04-11 19:59:16.204 D/QtiGsmDCT( 3447): [0]updateDataActivity: sent=2 received=2
04-11 19:59:16.510 V/LG-FASTDORMANCY( 3447): [DCH/FACH] FDCount : 0 intent received :com.android.internal.telephony.ACTION_CHECK_NETSTAT
04-11 19:59:16.514 V/LG-FASTDORMANCY( 3447): [DCH/FACH] FDCount : 0 prev: TxPkts(6025), RxPkts(6799)
04-11 19:59:16.514 V/LG-FASTDORMANCY( 3447): [DCH/FACH] FDCount : 0 curr: TxPkts(6099), RxPkts(6931)
04-11 19:59:16.514 I/LG-FASTDORMANCY( 3447): [DCH/FACH] FDCount : 0 Scheduling checkNetStat for 1000msec, current state is [DCH/FACH] FDCount : 0 
04-11 19:59:17.209 D/QtiGsmDCT( 3447): [0]updateDataActivity: curTxRxSum={txSum=6099 rxSum=6931} preTxRxSum={txSum=6025 rxSum=6799}
04-11 19:59:17.209 D/QtiGsmDCT( 3447): [0]updateDataActivity: sent=74 received=132
04-11 19:59:17.517 V/LG-FASTDORMANCY( 3447): [DCH/FACH] FDCount : 0 intent received :com.android.internal.telephony.ACTION_CHECK_NETSTAT
04-11 19:59:17.521 V/LG-FASTDORMANCY( 3447): [DCH/FACH] FDCount : 0 prev: TxPkts(6099), RxPkts(6931)
04-11 19:59:17.521 V/LG-FASTDORMANCY( 3447): [DCH/FACH] FDCount : 0 curr: TxPkts(6099), RxPkts(6931)
04-11 19:59:17.521 I/LG-FASTDORMANCY( 3447): [DCH/FACH] FDCount : 1 Scheduling checkNetStat for 1000msec, current state is [DCH/FACH] FDCount : 1 
04-11 19:59:18.215 D/QtiGsmDCT( 3447): [0]updateDataActivity: curTxRxSum={txSum=6101 rxSum=6933} preTxRxSum={txSum=6099 rxSum=6931}
04-11 19:59:18.215 D/QtiGsmDCT( 3447): [0]updateDataActivity: sent=2 received=2
04-11 19:59:18.526 V/LG-FASTDORMANCY( 3447): [DCH/FACH] FDCount : 1 intent received :com.android.internal.telephony.ACTION_CHECK_NETSTAT
04-11 19:59:18.530 V/LG-FASTDORMANCY( 3447): [DCH/FACH] FDCount : 1 prev: TxPkts(6099), RxPkts(6931)
04-11 19:59:18.530 V/LG-FASTDORMANCY( 3447): [DCH/FACH] FDCount : 1 curr: TxPkts(6103), RxPkts(6937)
04-11 19:59:18.531 I/LG-FASTDORMANCY( 3447): [DCH/FACH] FDCount : 0 Scheduling checkNetStat for 1000msec, current state is [DCH/FACH] FDCount : 0 
04-11 19:59:19.218 D/QtiGsmDCT( 3447): [0]updateDataActivity: curTxRxSum={txSum=6105 rxSum=6937} preTxRxSum={txSum=6101 rxSum=6933}
04-11 19:59:19.218 D/QtiGsmDCT( 3447): [0]updateDataActivity: sent=4 received=4
04-11 19:59:19.538 V/LG-FASTDORMANCY( 3447): [DCH/FACH] FDCount : 0 intent received :com.android.internal.telephony.ACTION_CHECK_NETSTAT
04-11 19:59:19.544 V/LG-FASTDORMANCY( 3447): [DCH/FACH] FDCount : 0 prev: TxPkts(6103), RxPkts(6937)
04-11 19:59:19.544 V/LG-FASTDORMANCY( 3447): [DCH/FACH] FDCount : 0 curr: TxPkts(6146), RxPkts(6976)
04-11 19:59:19.544 I/LG-FASTDORMANCY( 3447): [DCH/FACH] FDCount : 0 Scheduling checkNetStat for 1000msec, current state is [DCH/FACH] FDCount : 0 
04-11 19:59:19.734 I/RILC    (  370): RIL_SOCKET_1 UNSOLICITED: UNSOL_SIGNAL_STRENGTH length:68
04-11 19:59:19.735 E/RILC    (  370): Send Response to RIL_SOCKET_1
04-11 19:59:19.735 E/RILC    (  370): RIL Response bytes written:4
04-11 19:59:19.735 E/RILC    (  370): RIL Response bytes written:68
04-11 19:59:19.737 D/GsmSST  ( 3447): [GsmSST] ServiceStateTrackerEx:onSignalStrengthResult() isGsm=true DataRadioTech=15
04-11 19:59:19.737 W/LGSignalStrength( 3447): setDataRadioTechnology: dataRadioTechnology = 15
04-11 19:59:19.737 D/DefaultPhoneNotifier( 3447): notifySignalStrength: mRegistry=com.android.internal.telephony.ITelephonyRegistry$Stub$Proxy@ced2ad0 ss=SignalStrength: 10 0 -93 -70 -120 -1 -1 99 2147483647 2147483647 2147483647 2147483647 2147483647 gsm|lte 15 0 -93 -70 sender=Handler (com.qti.internal.telephony.gsm.QtiGSMPhone) {560d91e}
04-11 19:59:19.762 D/QtiGsmDCT( 3447): [0]getDataEnabled: getIntWithSubId retVal=true
04-11 19:59:20.221 D/QtiGsmDCT( 3447): [0]updateDataActivity: curTxRxSum={txSum=6542 rxSum=7382} preTxRxSum={txSum=6105 rxSum=6937}
04-11 19:59:20.221 D/QtiGsmDCT( 3447): [0]updateDataActivity: sent=437 received=445
04-11 19:59:20.549 V/LG-FASTDORMANCY( 3447): [DCH/FACH] FDCount : 0 intent received :com.android.internal.telephony.ACTION_CHECK_NETSTAT
04-11 19:59:20.554 V/LG-FASTDORMANCY( 3447): [DCH/FACH] FDCount : 0 prev: TxPkts(6146), RxPkts(6976)
04-11 19:59:20.554 V/LG-FASTDORMANCY( 3447): [DCH/FACH] FDCount : 0 curr: TxPkts(6542), RxPkts(7382)
04-11 19:59:20.555 I/LG-FASTDORMANCY( 3447): [DCH/FACH] FDCount : 0 Scheduling checkNetStat for 1000msec, current state is [DCH/FACH] FDCount : 0 
04-11 19:59:21.225 D/QtiGsmDCT( 3447): [0]updateDataActivity: curTxRxSum={txSum=6544 rxSum=7382} preTxRxSum={txSum=6542 rxSum=7382}
04-11 19:59:21.225 D/QtiGsmDCT( 3447): [0]updateDataActivity: sent=2 received=0
04-11 19:59:21.225 D/QtiGsmDCT( 3447): [0]updateDataActivity: newActivity=DATAOUT
04-11 19:59:21.231 D/QtiGsmDCT( 3447): [0]getDataEnabled: getIntWithSubId retVal=true
04-11 19:59:21.558 V/LG-FASTDORMANCY( 3447): [DCH/FACH] FDCount : 0 intent received :com.android.internal.telephony.ACTION_CHECK_NETSTAT
04-11 19:59:21.563 V/LG-FASTDORMANCY( 3447): [DCH/FACH] FDCount : 0 prev: TxPkts(6542), RxPkts(7382)
04-11 19:59:21.563 V/LG-FASTDORMANCY( 3447): [DCH/FACH] FDCount : 0 curr: TxPkts(6645), RxPkts(7548)
04-11 19:59:21.564 I/LG-FASTDORMANCY( 3447): [DCH/FACH] FDCount : 0 Scheduling checkNetStat for 1000msec, current state is [DCH/FACH] FDCount : 0 
04-11 19:59:22.231 D/QtiGsmDCT( 3447): [0]updateDataActivity: curTxRxSum={txSum=6658 rxSum=7570} preTxRxSum={txSum=6544 rxSum=7382}
04-11 19:59:22.231 D/QtiGsmDCT( 3447): [0]updateDataActivity: sent=114 received=188
04-11 19:59:22.231 D/QtiGsmDCT( 3447): [0]updateDataActivity: newActivity=DATAINANDOUT
04-11 19:59:22.237 D/QtiGsmDCT( 3447): [0]getDataEnabled: getIntWithSubId retVal=true
04-11 19:59:22.570 V/LG-FASTDORMANCY( 3447): [DCH/FACH] FDCount : 0 intent received :com.android.internal.telephony.ACTION_CHECK_NETSTAT
04-11 19:59:22.574 V/LG-FASTDORMANCY( 3447): [DCH/FACH] FDCount : 0 prev: TxPkts(6645), RxPkts(7548)
04-11 19:59:22.574 V/LG-FASTDORMANCY( 3447): [DCH/FACH] FDCount : 0 curr: TxPkts(6662), RxPkts(7575)
04-11 19:59:22.574 I/LG-FASTDORMANCY( 3447): [DCH/FACH] FDCount : 0 Scheduling checkNetStat for 1000msec, current state is [DCH/FACH] FDCount : 0 
04-11 19:59:22.734 I/RILC    (  370): RIL_SOCKET_1 UNSOLICITED: UNSOL_SIGNAL_STRENGTH length:68
04-11 19:59:22.734 E/RILC    (  370): Send Response to RIL_SOCKET_1
04-11 19:59:22.734 E/RILC    (  370): RIL Response bytes written:4
04-11 19:59:22.734 E/RILC    (  370): RIL Response bytes written:68
04-11 19:59:22.734 D/GsmSST  ( 3447): [GsmSST] ServiceStateTrackerEx:onSignalStrengthResult() isGsm=true DataRadioTech=15
04-11 19:59:22.734 W/LGSignalStrength( 3447): setDataRadioTechnology: dataRadioTechnology = 15
04-11 19:59:22.735 D/DefaultPhoneNotifier( 3447): notifySignalStrength: mRegistry=com.android.internal.telephony.ITelephonyRegistry$Stub$Proxy@ced2ad0 ss=SignalStrength: 8 0 -97 -110 -120 -1 -1 99 2147483647 2147483647 2147483647 2147483647 2147483647 gsm|lte 15 0 -97 -110 sender=Handler (com.qti.internal.telephony.gsm.QtiGSMPhone) {560d91e}
04-11 19:59:22.746 D/QtiGsmDCT( 3447): [0]getDataEnabled: getIntWithSubId retVal=true
04-11 19:59:23.238 D/QtiGsmDCT( 3447): [0]updateDataActivity: curTxRxSum={txSum=6662 rxSum=7575} preTxRxSum={txSum=6658 rxSum=7570}
04-11 19:59:23.238 D/QtiGsmDCT( 3447): [0]updateDataActivity: sent=4 received=5
04-11 19:59:23.579 V/LG-FASTDORMANCY( 3447): [DCH/FACH] FDCount : 0 intent received :com.android.internal.telephony.ACTION_CHECK_NETSTAT
04-11 19:59:23.584 V/LG-FASTDORMANCY( 3447): [DCH/FACH] FDCount : 0 prev: TxPkts(6662), RxPkts(7575)
04-11 19:59:23.584 V/LG-FASTDORMANCY( 3447): [DCH/FACH] FDCount : 0 curr: TxPkts(6662), RxPkts(7575)
04-11 19:59:23.585 I/LG-FASTDORMANCY( 3447): [DCH/FACH] FDCount : 1 Scheduling checkNetStat for 1000msec, current state is [DCH/FACH] FDCount : 1 
04-11 19:59:24.243 D/QtiGsmDCT( 3447): [0]updateDataActivity: curTxRxSum={txSum=6700 rxSum=7605} preTxRxSum={txSum=6662 rxSum=7575}
04-11 19:59:24.243 D/QtiGsmDCT( 3447): [0]updateDataActivity: sent=38 received=30
04-11 19:59:24.588 V/LG-FASTDORMANCY( 3447): [DCH/FACH] FDCount : 1 intent received :com.android.internal.telephony.ACTION_CHECK_NETSTAT
04-11 19:59:24.591 V/LG-FASTDORMANCY( 3447): [DCH/FACH] FDCount : 1 prev: TxPkts(6662), RxPkts(7575)
04-11 19:59:24.591 V/LG-FASTDORMANCY( 3447): [DCH/FACH] FDCount : 1 curr: TxPkts(6714), RxPkts(7627)
04-11 19:59:24.592 I/LG-FASTDORMANCY( 3447): [DCH/FACH] FDCount : 0 Scheduling checkNetStat for 1000msec, current state is [DCH/FACH] FDCount : 0 
04-11 19:59:25.250 D/QtiGsmDCT( 3447): [0]updateDataActivity: curTxRxSum={txSum=6871 rxSum=7783} preTxRxSum={txSum=6700 rxSum=7605}
04-11 19:59:25.250 D/QtiGsmDCT( 3447): [0]updateDataActivity: sent=171 received=178
04-11 19:59:25.595 V/LG-FASTDORMANCY( 3447): [DCH/FACH] FDCount : 0 intent received :com.android.internal.telephony.ACTION_CHECK_NETSTAT
04-11 19:59:25.601 V/LG-FASTDORMANCY( 3447): [DCH/FACH] FDCount : 0 prev: TxPkts(6714), RxPkts(7627)
04-11 19:59:25.602 V/LG-FASTDORMANCY( 3447): [DCH/FACH] FDCount : 0 curr: TxPkts(6882), RxPkts(7793)
04-11 19:59:25.603 I/LG-FASTDORMANCY( 3447): [DCH/FACH] FDCount : 0 Scheduling checkNetStat for 1000msec, current state is [DCH/FACH] FDCount : 0 
04-11 19:59:26.253 D/QtiGsmDCT( 3447): [0]updateDataActivity: curTxRxSum={txSum=6882 rxSum=7793} preTxRxSum={txSum=6871 rxSum=7783}
