04-11 19:59:26.254 D/QtiGsmDCT( 3447): [0]updateDataActivity: sent=11 received=10
04-11 19:59:26.610 V/LG-FASTDORMANCY( 3447): [DCH/FACH] FDCount : 0 intent received :com.android.internal.telephony.ACTION_CHECK_NETSTAT
04-11 19:59:26.617 V/LG-FASTDORMANCY( 3447): [DCH/FACH] FDCount : 0 prev: TxPkts(6882), RxPkts(7793)
04-11 19:59:26.617 V/LG-FASTDORMANCY( 3447): [DCH/FACH] FDCount : 0 curr: TxPkts(6882), RxPkts(7793)
04-11 19:59:26.618 I/LG-FASTDORMANCY( 3447): [DCH/FACH] FDCount : 1 Scheduling checkNetStat for 1000msec, current state is [DCH/FACH] FDCount : 1 
04-11 19:59:27.258 D/QtiGsmDCT( 3447): [0]updateDataActivity: curTxRxSum={txSum=6882 rxSum=7793} preTxRxSum={txSum=6882 rxSum=7793}
04-11 19:59:27.258 D/QtiGsmDCT( 3447): [0]updateDataActivity: sent=0 received=0
04-11 19:59:27.258 D/QtiGsmDCT( 3447): [0]updateDataActivity: newActivity=NONE
04-11 19:59:27.267 D/QtiGsmDCT( 3447): [0]getDataEnabled: getIntWithSubId retVal=true
04-11 19:59:27.304 D/QtiGsmDCT( 3447): [0]onReceive: action=com.android.internal.telephony.data-stall
04-11 19:59:27.306 D/QtiGsmDCT( 3447): [0]QtiDcTracker handleMessage msg={ when=-2ms what=270353 arg1=32182 obj=com.android.internal.telephony.data-stall target=com.qti.internal.telephony.dataconnection.QtiDcTracker }
04-11 19:59:27.306 D/QtiGsmDCT( 3447): [0]handleMessage msg={ when=-2ms what=270353 arg1=32182 obj=com.android.internal.telephony.data-stall target=com.qti.internal.telephony.dataconnection.QtiDcTracker }
04-11 19:59:27.313 D/QtiGsmDCT( 3447): [0]overall state is CONNECTED
04-11 19:59:27.623 V/LG-FASTDORMANCY( 3447): [DCH/FACH] FDCount : 1 intent received :com.android.internal.telephony.ACTION_CHECK_NETSTAT
04-11 19:59:27.628 V/LG-FASTDORMANCY( 3447): [DCH/FACH] FDCount : 1 prev: TxPkts(6882), RxPkts(7793)
04-11 19:59:27.628 V/LG-FASTDORMANCY( 3447): [DCH/FACH] FDCount : 1 curr: TxPkts(6882), RxPkts(7793)
04-11 19:59:27.628 I/LG-FASTDORMANCY( 3447): [DCH/FACH] FDCount : 2 Scheduling checkNetStat for 1000msec, current state is [DCH/FACH] FDCount : 2 
04-11 19:59:28.264 D/QtiGsmDCT( 3447): [0]updateDataActivity: curTxRxSum={txSum=6882 rxSum=7793} preTxRxSum={txSum=6882 rxSum=7793}
04-11 19:59:28.264 D/QtiGsmDCT( 3447): [0]updateDataActivity: sent=0 received=0
04-11 19:59:28.632 V/LG-FASTDORMANCY( 3447): [DCH/FACH] FDCount : 2 intent received :com.android.internal.telephony.ACTION_CHECK_NETSTAT
04-11 19:59:28.636 V/LG-FASTDORMANCY( 3447): [DCH/FACH] FDCount : 2 prev: TxPkts(6882), RxPkts(7793)
04-11 19:59:28.636 V/LG-FASTDORMANCY( 3447): [DCH/FACH] FDCount : 2 curr: TxPkts(6882), RxPkts(7793)
04-11 19:59:28.637 I/LG-FASTDORMANCY( 3447): [DCH/FACH] FDCount : 3 Scheduling checkNetStat for 1000msec, current state is [DCH/FACH] FDCount : 3 
04-11 19:59:29.269 D/QtiGsmDCT( 3447): [0]updateDataActivity: curTxRxSum={txSum=6892 rxSum=7801} preTxRxSum={txSum=6882 rxSum=7793}
04-11 19:59:29.269 D/QtiGsmDCT( 3447): [0]updateDataActivity: sent=10 received=8
04-11 19:59:29.269 D/QtiGsmDCT( 3447): [0]updateDataActivity: newActivity=DATAINANDOUT
04-11 19:59:29.281 D/QtiGsmDCT( 3447): [0]getDataEnabled: getIntWithSubId retVal=true
04-11 19:59:29.642 V/LG-FASTDORMANCY( 3447): [DCH/FACH] FDCount : 3 intent received :com.android.internal.telephony.ACTION_CHECK_NETSTAT
04-11 19:59:29.646 V/LG-FASTDORMANCY( 3447): [DCH/FACH] FDCount : 3 prev: TxPkts(6882), RxPkts(7793)
04-11 19:59:29.646 V/LG-FASTDORMANCY( 3447): [DCH/FACH] FDCount : 3 curr: TxPkts(6902), RxPkts(7809)
04-11 19:59:29.646 I/LG-FASTDORMANCY( 3447): [DCH/FACH] FDCount : 0 Scheduling checkNetStat for 1000msec, current state is [DCH/FACH] FDCount : 0 
04-11 19:59:30.278 D/QtiGsmDCT( 3447): [0]updateDataActivity: curTxRxSum={txSum=6904 rxSum=7813} preTxRxSum={txSum=6892 rxSum=7801}
04-11 19:59:30.278 D/QtiGsmDCT( 3447): [0]updateDataActivity: sent=12 received=12
04-11 19:59:30.650 V/LG-FASTDORMANCY( 3447): [DCH/FACH] FDCount : 0 intent received :com.android.internal.telephony.ACTION_CHECK_NETSTAT
04-11 19:59:30.653 V/LG-FASTDORMANCY( 3447): [DCH/FACH] FDCount : 0 prev: TxPkts(6902), RxPkts(7809)
04-11 19:59:30.653 V/LG-FASTDORMANCY( 3447): [DCH/FACH] FDCount : 0 curr: TxPkts(6904), RxPkts(7813)
04-11 19:59:30.654 I/LG-FASTDORMANCY( 3447): [DCH/FACH] FDCount : 0 Scheduling checkNetStat for 1000msec, current state is [DCH/FACH] FDCount : 0 
04-11 19:59:31.283 D/QtiGsmDCT( 3447): [0]updateDataActivity: curTxRxSum={txSum=6904 rxSum=7813} preTxRxSum={txSum=6904 rxSum=7813}
04-11 19:59:31.283 D/QtiGsmDCT( 3447): [0]updateDataActivity: sent=0 received=0
04-11 19:59:31.284 D/QtiGsmDCT( 3447): [0]updateDataActivity: newActivity=NONE
04-11 19:59:31.293 D/QtiGsmDCT( 3447): [0]getDataEnabled: getIntWithSubId retVal=true
04-11 19:59:31.658 V/LG-FASTDORMANCY( 3447): [DCH/FACH] FDCount : 0 intent received :com.android.internal.telephony.ACTION_CHECK_NETSTAT
04-11 19:59:31.665 V/LG-FASTDORMANCY( 3447): [DCH/FACH] FDCount : 0 prev: TxPkts(6904), RxPkts(7813)
04-11 19:59:31.665 V/LG-FASTDORMANCY( 3447): [DCH/FACH] FDCount : 0 curr: TxPkts(6906), RxPkts(7815)
04-11 19:59:31.667 I/LG-FASTDORMANCY( 3447): [DCH/FACH] FDCount : 0 Scheduling checkNetStat for 1000msec, current state is [DCH/FACH] FDCount : 0 
04-11 19:59:32.292 D/QtiGsmDCT( 3447): [0]updateDataActivity: curTxRxSum={txSum=6906 rxSum=7815} preTxRxSum={txSum=6904 rxSum=7813}
04-11 19:59:32.292 D/QtiGsmDCT( 3447): [0]updateDataActivity: sent=2 received=2
04-11 19:59:32.292 D/QtiGsmDCT( 3447): [0]updateDataActivity: newActivity=DATAINANDOUT
04-11 19:59:32.298 D/QtiGsmDCT( 3447): [0]getDataEnabled: getIntWithSubId retVal=true
04-11 19:59:32.672 V/LG-FASTDORMANCY( 3447): [DCH/FACH] FDCount : 0 intent received :com.android.internal.telephony.ACTION_CHECK_NETSTAT
04-11 19:59:32.676 V/LG-FASTDORMANCY( 3447): [DCH/FACH] FDCount : 0 prev: TxPkts(6906), RxPkts(7815)
04-11 19:59:32.676 V/LG-FASTDORMANCY( 3447): [DCH/FACH] FDCount : 0 curr: TxPkts(6910), RxPkts(7818)
04-11 19:59:32.677 I/LG-FASTDORMANCY( 3447): [DCH/FACH] FDCount : 0 Scheduling checkNetStat for 1000msec, current state is [DCH/FACH] FDCount : 0 
04-11 19:59:33.299 D/QtiGsmDCT( 3447): [0]updateDataActivity: curTxRxSum={txSum=6911 rxSum=7819} preTxRxSum={txSum=6906 rxSum=7815}
04-11 19:59:33.299 D/QtiGsmDCT( 3447): [0]updateDataActivity: sent=5 received=4
04-11 19:59:33.681 V/LG-FASTDORMANCY( 3447): [DCH/FACH] FDCount : 0 intent received :com.android.internal.telephony.ACTION_CHECK_NETSTAT
04-11 19:59:33.685 V/LG-FASTDORMANCY( 3447): [DCH/FACH] FDCount : 0 prev: TxPkts(6910), RxPkts(7818)
04-11 19:59:33.685 V/LG-FASTDORMANCY( 3447): [DCH/FACH] FDCount : 0 curr: TxPkts(6911), RxPkts(7819)
04-11 19:59:33.686 I/LG-FASTDORMANCY( 3447): [DCH/FACH] FDCount : 0 Scheduling checkNetStat for 1000msec, current state is [DCH/FACH] FDCount : 0 
04-11 19:59:34.305 D/QtiGsmDCT( 3447): [0]updateDataActivity: curTxRxSum={txSum=6911 rxSum=7819} preTxRxSum={txSum=6911 rxSum=7819}
04-11 19:59:34.305 D/QtiGsmDCT( 3447): [0]updateDataActivity: sent=0 received=0
04-11 19:59:34.305 D/QtiGsmDCT( 3447): [0]updateDataActivity: newActivity=NONE
04-11 19:59:34.310 D/QtiGsmDCT( 3447): [0]getDataEnabled: getIntWithSubId retVal=true
04-11 19:59:34.692 V/LG-FASTDORMANCY( 3447): [DCH/FACH] FDCount : 0 intent received :com.android.internal.telephony.ACTION_CHECK_NETSTAT
04-11 19:59:34.696 V/LG-FASTDORMANCY( 3447): [DCH/FACH] FDCount : 0 prev: TxPkts(6911), RxPkts(7819)
04-11 19:59:34.696 V/LG-FASTDORMANCY( 3447): [DCH/FACH] FDCount : 0 curr: TxPkts(6913), RxPkts(7821)
04-11 19:59:34.697 I/LG-FASTDORMANCY( 3447): [DCH/FACH] FDCount : 0 Scheduling checkNetStat for 1000msec, current state is [DCH/FACH] FDCount : 0 
04-11 19:59:35.314 D/QtiGsmDCT( 3447): [0]updateDataActivity: curTxRxSum={txSum=6915 rxSum=7823} preTxRxSum={txSum=6911 rxSum=7819}
04-11 19:59:35.314 D/QtiGsmDCT( 3447): [0]updateDataActivity: sent=4 received=4
04-11 19:59:35.314 D/QtiGsmDCT( 3447): [0]updateDataActivity: newActivity=DATAINANDOUT
04-11 19:59:35.325 D/QtiGsmDCT( 3447): [0]getDataEnabled: getIntWithSubId retVal=true
04-11 19:59:35.702 V/LG-FASTDORMANCY( 3447): [DCH/FACH] FDCount : 0 intent received :com.android.internal.telephony.ACTION_CHECK_NETSTAT
04-11 19:59:35.705 V/LG-FASTDORMANCY( 3447): [DCH/FACH] FDCount : 0 prev: TxPkts(6913), RxPkts(7821)
04-11 19:59:35.705 V/LG-FASTDORMANCY( 3447): [DCH/FACH] FDCount : 0 curr: TxPkts(6915), RxPkts(7823)
04-11 19:59:35.706 I/LG-FASTDORMANCY( 3447): [DCH/FACH] FDCount : 0 Scheduling checkNetStat for 1000msec, current state is [DCH/FACH] FDCount : 0 
04-11 19:59:36.324 D/QtiGsmDCT( 3447): [0]updateDataActivity: curTxRxSum={txSum=6917 rxSum=7825} preTxRxSum={txSum=6915 rxSum=7823}
04-11 19:59:36.324 D/QtiGsmDCT( 3447): [0]updateDataActivity: sent=2 received=2
04-11 19:59:36.712 V/LG-FASTDORMANCY( 3447): [DCH/FACH] FDCount : 0 intent received :com.android.internal.telephony.ACTION_CHECK_NETSTAT
04-11 19:59:36.715 V/LG-FASTDORMANCY( 3447): [DCH/FACH] FDCount : 0 prev: TxPkts(6915), RxPkts(7823)
04-11 19:59:36.715 V/LG-FASTDORMANCY( 3447): [DCH/FACH] FDCount : 0 curr: TxPkts(6917), RxPkts(7825)
04-11 19:59:36.716 I/LG-FASTDORMANCY( 3447): [DCH/FACH] FDCount : 0 Scheduling checkNetStat for 1000msec, current state is [DCH/FACH] FDCount : 0 
04-11 19:59:37.328 D/QtiGsmDCT( 3447): [0]updateDataActivity: curTxRxSum={txSum=6917 rxSum=7825} preTxRxSum={txSum=6917 rxSum=7825}
04-11 19:59:37.328 D/QtiGsmDCT( 3447): [0]updateDataActivity: sent=0 received=0
04-11 19:59:37.328 D/QtiGsmDCT( 3447): [0]updateDataActivity: newActivity=NONE
04-11 19:59:37.334 D/QtiGsmDCT( 3447): [0]getDataEnabled: getIntWithSubId retVal=true
04-11 19:59:37.721 V/LG-FASTDORMANCY( 3447): [DCH/FACH] FDCount : 0 intent received :com.android.internal.telephony.ACTION_CHECK_NETSTAT
04-11 19:59:37.724 V/LG-FASTDORMANCY( 3447): [DCH/FACH] FDCount : 0 prev: TxPkts(6917), RxPkts(7825)
04-11 19:59:37.724 V/LG-FASTDORMANCY( 3447): [DCH/FACH] FDCount : 0 curr: TxPkts(6917), RxPkts(7831)
04-11 19:59:37.725 I/LG-FASTDORMANCY( 3447): [DCH/FACH] FDCount : 0 Scheduling checkNetStat for 1000msec, current state is [DCH/FACH] FDCount : 0 
04-11 19:59:38.335 D/QtiGsmDCT( 3447): [0]updateDataActivity: curTxRxSum={txSum=6917 rxSum=7831} preTxRxSum={txSum=6917 rxSum=7825}
04-11 19:59:38.335 D/QtiGsmDCT( 3447): [0]updateDataActivity: sent=0 received=6
04-11 19:59:38.335 D/QtiGsmDCT( 3447): [0]updateDataActivity: newActivity=DATAIN
04-11 19:59:38.341 D/QtiGsmDCT( 3447): [0]getDataEnabled: getIntWithSubId retVal=true
04-11 19:59:38.730 V/LG-FASTDORMANCY( 3447): [DCH/FACH] FDCount : 0 intent received :com.android.internal.telephony.ACTION_CHECK_NETSTAT
04-11 19:59:38.733 V/LG-FASTDORMANCY( 3447): [DCH/FACH] FDCount : 0 prev: TxPkts(6917), RxPkts(7831)
04-11 19:59:38.733 V/LG-FASTDORMANCY( 3447): [DCH/FACH] FDCount : 0 curr: TxPkts(6917), RxPkts(7831)
04-11 19:59:38.734 I/LG-FASTDORMANCY( 3447): [DCH/FACH] FDCount : 1 Scheduling checkNetStat for 1000msec, current state is [DCH/FACH] FDCount : 1 
04-11 19:59:39.342 D/QtiGsmDCT( 3447): [0]updateDataActivity: curTxRxSum={txSum=6917 rxSum=7831} preTxRxSum={txSum=6917 rxSum=7831}
04-11 19:59:39.342 D/QtiGsmDCT( 3447): [0]updateDataActivity: sent=0 received=0
04-11 19:59:39.342 D/QtiGsmDCT( 3447): [0]updateDataActivity: newActivity=NONE
04-11 19:59:39.348 D/QtiGsmDCT( 3447): [0]getDataEnabled: getIntWithSubId retVal=true
04-11 19:59:39.738 V/LG-FASTDORMANCY( 3447): [DCH/FACH] FDCount : 1 intent received :com.android.internal.telephony.ACTION_CHECK_NETSTAT
04-11 19:59:39.742 V/LG-FASTDORMANCY( 3447): [DCH/FACH] FDCount : 1 prev: TxPkts(6917), RxPkts(7831)
04-11 19:59:39.742 V/LG-FASTDORMANCY( 3447): [DCH/FACH] FDCount : 1 curr: TxPkts(6917), RxPkts(7831)
04-11 19:59:39.743 I/LG-FASTDORMANCY( 3447): [DCH/FACH] FDCount : 2 Scheduling checkNetStat for 1000msec, current state is [DCH/FACH] FDCount : 2 
04-11 19:59:40.350 D/QtiGsmDCT( 3447): [0]updateDataActivity: curTxRxSum={txSum=6917 rxSum=7831} preTxRxSum={txSum=6917 rxSum=7831}
04-11 19:59:40.350 D/QtiGsmDCT( 3447): [0]updateDataActivity: sent=0 received=0
04-11 19:59:40.747 V/LG-FASTDORMANCY( 3447): [DCH/FACH] FDCount : 2 intent received :com.android.internal.telephony.ACTION_CHECK_NETSTAT
04-11 19:59:40.752 V/LG-FASTDORMANCY( 3447): [DCH/FACH] FDCount : 2 prev: TxPkts(6917), RxPkts(7831)
04-11 19:59:40.752 V/LG-FASTDORMANCY( 3447): [DCH/FACH] FDCount : 2 curr: TxPkts(6917), RxPkts(7831)
04-11 19:59:40.752 I/LG-FASTDORMANCY( 3447): [DCH/FACH] FDCount : 3 Scheduling checkNetStat for 1000msec, current state is [DCH/FACH] FDCount : 3 
04-11 19:59:41.355 D/QtiGsmDCT( 3447): [0]updateDataActivity: curTxRxSum={txSum=6917 rxSum=7831} preTxRxSum={txSum=6917 rxSum=7831}
04-11 19:59:41.355 D/QtiGsmDCT( 3447): [0]updateDataActivity: sent=0 received=0
04-11 19:59:41.758 V/LG-FASTDORMANCY( 3447): [DCH/FACH] FDCount : 3 intent received :com.android.internal.telephony.ACTION_CHECK_NETSTAT
04-11 19:59:41.762 V/LG-FASTDORMANCY( 3447): [DCH/FACH] FDCount : 3 prev: TxPkts(6917), RxPkts(7831)
04-11 19:59:41.762 V/LG-FASTDORMANCY( 3447): [DCH/FACH] FDCount : 3 curr: TxPkts(6917), RxPkts(7831)
04-11 19:59:41.763 I/LG-FASTDORMANCY( 3447): [DCH/FACH] FDCount : 4 Scheduling checkNetStat for 1000msec, current state is [DCH/FACH] FDCount : 4 
04-11 19:59:42.360 D/QtiGsmDCT( 3447): [0]updateDataActivity: curTxRxSum={txSum=6917 rxSum=7831} preTxRxSum={txSum=6917 rxSum=7831}
04-11 19:59:42.360 D/QtiGsmDCT( 3447): [0]updateDataActivity: sent=0 received=0
04-11 19:59:42.768 V/LG-FASTDORMANCY( 3447): [DCH/FACH] FDCount : 4 intent received :com.android.internal.telephony.ACTION_CHECK_NETSTAT
04-11 19:59:42.772 V/LG-FASTDORMANCY( 3447): [DCH/FACH] FDCount : 4 prev: TxPkts(6917), RxPkts(7831)
04-11 19:59:42.773 V/LG-FASTDORMANCY( 3447): [DCH/FACH] FDCount : 4 curr: TxPkts(6917), RxPkts(7831)
04-11 19:59:42.773 I/LG-FASTDORMANCY( 3447): [DCH/FACH] FDCount : 5 Scheduling checkNetStat for 1000msec, current state is [DCH/FACH] FDCount : 5 
04-11 19:59:43.365 D/QtiGsmDCT( 3447): [0]updateDataActivity: curTxRxSum={txSum=6917 rxSum=7831} preTxRxSum={txSum=6917 rxSum=7831}
04-11 19:59:43.365 D/QtiGsmDCT( 3447): [0]updateDataActivity: sent=0 received=0
04-11 19:59:43.777 V/LG-FASTDORMANCY( 3447): [DCH/FACH] FDCount : 5 intent received :com.android.internal.telephony.ACTION_CHECK_NETSTAT
04-11 19:59:43.781 V/LG-FASTDORMANCY( 3447): [DCH/FACH] FDCount : 5 prev: TxPkts(6917), RxPkts(7831)
04-11 19:59:43.781 V/LG-FASTDORMANCY( 3447): [DCH/FACH] FDCount : 5 curr: TxPkts(6917), RxPkts(7831)
04-11 19:59:43.782 I/LG-FASTDORMANCY( 3447): [DCH/FACH] FDCount : 6 Scheduling checkNetStat for 1000msec, current state is [DCH/FACH] FDCount : 6 
04-11 19:59:44.370 D/QtiGsmDCT( 3447): [0]updateDataActivity: curTxRxSum={txSum=6921 rxSum=7835} preTxRxSum={txSum=6917 rxSum=7831}
04-11 19:59:44.370 D/QtiGsmDCT( 3447): [0]updateDataActivity: sent=4 received=4
04-11 19:59:44.370 D/QtiGsmDCT( 3447): [0]updateDataActivity: newActivity=DATAINANDOUT
04-11 19:59:44.376 D/QtiGsmDCT( 3447): [0]getDataEnabled: getIntWithSubId retVal=true
04-11 19:59:44.786 V/LG-FASTDORMANCY( 3447): [DCH/FACH] FDCount : 6 intent received :com.android.internal.telephony.ACTION_CHECK_NETSTAT
04-11 19:59:44.789 V/LG-FASTDORMANCY( 3447): [DCH/FACH] FDCount : 6 prev: TxPkts(6917), RxPkts(7831)
04-11 19:59:44.789 V/LG-FASTDORMANCY( 3447): [DCH/FACH] FDCount : 6 curr: TxPkts(6921), RxPkts(7835)
04-11 19:59:44.790 I/LG-FASTDORMANCY( 3447): [DCH/FACH] FDCount : 0 Scheduling checkNetStat for 1000msec, current state is [DCH/FACH] FDCount : 0 
04-11 19:59:45.377 D/QtiGsmDCT( 3447): [0]updateDataActivity: curTxRxSum={txSum=6923 rxSum=7836} preTxRxSum={txSum=6921 rxSum=7835}
04-11 19:59:45.377 D/QtiGsmDCT( 3447): [0]updateDataActivity: sent=2 received=1
04-11 19:59:45.794 V/LG-FASTDORMANCY( 3447): [DCH/FACH] FDCount : 0 intent received :com.android.internal.telephony.ACTION_CHECK_NETSTAT
04-11 19:59:45.799 V/LG-FASTDORMANCY( 3447): [DCH/FACH] FDCount : 0 prev: TxPkts(6921), RxPkts(7835)
04-11 19:59:45.799 V/LG-FASTDORMANCY( 3447): [DCH/FACH] FDCount : 0 curr: TxPkts(6945), RxPkts(7859)
04-11 19:59:45.800 I/LG-FASTDORMANCY( 3447): [DCH/FACH] FDCount : 0 Scheduling checkNetStat for 1000msec, current state is [DCH/FACH] FDCount : 0 
04-11 19:59:46.382 D/QtiGsmDCT( 3447): [0]updateDataActivity: curTxRxSum={txSum=6945 rxSum=7859} preTxRxSum={txSum=6923 rxSum=7836}
04-11 19:59:46.382 D/QtiGsmDCT( 3447): [0]updateDataActivity: sent=22 received=23
04-11 19:59:46.807 V/LG-FASTDORMANCY( 3447): [DCH/FACH] FDCount : 0 intent received :com.android.internal.telephony.ACTION_CHECK_NETSTAT
04-11 19:59:46.818 V/LG-FASTDORMANCY( 3447): [DCH/FACH] FDCount : 0 prev: TxPkts(6945), RxPkts(7859)
04-11 19:59:46.818 V/LG-FASTDORMANCY( 3447): [DCH/FACH] FDCount : 0 curr: TxPkts(6952), RxPkts(7864)
04-11 19:59:46.819 I/LG-FASTDORMANCY( 3447): [DCH/FACH] FDCount : 0 Scheduling checkNetStat for 1000msec, current state is [DCH/FACH] FDCount : 0 
04-11 19:59:47.385 D/QtiGsmDCT( 3447): [0]updateDataActivity: curTxRxSum={txSum=6980 rxSum=7891} preTxRxSum={txSum=6945 rxSum=7859}
04-11 19:59:47.385 D/QtiGsmDCT( 3447): [0]updateDataActivity: sent=35 received=32
04-11 19:59:47.824 V/LG-FASTDORMANCY( 3447): [DCH/FACH] FDCount : 0 intent received :com.android.internal.telephony.ACTION_CHECK_NETSTAT
04-11 19:59:47.828 V/LG-FASTDORMANCY( 3447): [DCH/FACH] FDCount : 0 prev: TxPkts(6952), RxPkts(7864)
04-11 19:59:47.829 V/LG-FASTDORMANCY( 3447): [DCH/FACH] FDCount : 0 curr: TxPkts(6980), RxPkts(7891)
04-11 19:59:47.829 I/LG-FASTDORMANCY( 3447): [DCH/FACH] FDCount : 0 Scheduling checkNetStat for 1000msec, current state is [DCH/FACH] FDCount : 0 
04-11 19:59:48.182 I/RILC    (  370): RIL_SOCKET_1 UNSOLICITED: RIL_UNSOL_LTE_REJECT_CAUSE length:16
04-11 19:59:48.182 E/RILC    (  370): Send Response to RIL_SOCKET_1
04-11 19:59:48.183 E/RILC    (  370): RIL Response bytes written:4
04-11 19:59:48.183 D/RILJ    ( 3447): [UNSL]< RIL_UNSOL_LTE_REJECT_CAUSE {15} [SUB0]
04-11 19:59:48.183 E/RILC    (  370): RIL Response bytes written:16
04-11 19:59:48.187 I/RILC    (  370): RIL_SOCKET_1 UNSOLICITED: UNSOL_OEM_HOOK_RAW length:32
04-11 19:59:48.187 E/RILC    (  370): Send Response to RIL_SOCKET_1
04-11 19:59:48.187 E/RILC    (  370): RIL Response bytes written:4
04-11 19:59:48.187 V/RILJ    ( 3447): [UNSL]< UNSOL_OEM_HOOK_RAW 514f454d484f4f4bef0308000100000002 [SUB0]
04-11 19:59:48.187 D/RILJ    ( 3447): Oem ID in RIL_UNSOL_OEM_HOOK_RAW is QOEMHOOK
04-11 19:59:48.187 D/RILJ    ( 3447): OEM ID check Passed
04-11 19:59:48.188 D/RILJ    ( 3447): Response ID in RIL_UNSOL_OEM_HOOK_RAW is 525295
04-11 19:59:48.188 D/RILJ    ( 3447): Response ID 525295 is not served in this process.
04-11 19:59:48.188 E/RILC    (  370): RIL Response bytes written:32
04-11 19:59:48.190 I/RILC    (  370): RIL_SOCKET_1 UNSOLICITED: UNSOL_RESPONSE_VOICE_NETWORK_STATE_CHANGED length:8
04-11 19:59:48.190 E/RILC    (  370): Send Response to RIL_SOCKET_1
04-11 19:59:48.190 E/RILC    (  370): RIL Response bytes written:4
04-11 19:59:48.190 D/RILJ    ( 3447): [UNSL]< UNSOL_RESPONSE_VOICE_NETWORK_STATE_CHANGED [SUB0]
04-11 19:59:48.190 E/RILC    (  370): RIL Response bytes written:8
04-11 19:59:48.191 I/RILQ    (  370): (0/370):RIL[0][event] qcril_arb_set_dsd_sys_status: old_pref_data 1 - new_data_pref 1
04-11 19:59:48.191 I/RILQ    (  370): (0/370):RIL[0][event] qcril_arb_set_dsd_sys_status: preferred dsd_sys_status nw=0x0, rat_value=0x1, so_mask=0x0000000000000007
04-11 19:59:48.191 I/RILQ    (  370): (0/370):RIL[0][event] qcril_arb_set_dsd_sys_status: preferred 1 - dsd_sys_status nw=0x0, rat_value=0x1, so_mask=0x0000000000000007
04-11 19:59:48.191 I/RILQ    (  370): (0/370):RIL[0][event] qcril_arb_set_dsd_sys_status: is_wwan_available 0
04-11 19:59:48.194 I/RILC    (  370): RIL_SOCKET_1 UNSOLICITED: UNSOL_OEM_HOOK_RAW length:32
04-11 19:59:48.194 E/RILC    (  370): Send Response to RIL_SOCKET_1
04-11 19:59:48.195 D/RILJ    ( 3447): [4493]> OPERATOR [SUB0]
04-11 19:59:48.195 E/RILC    (  370): RIL Response bytes written:4
04-11 19:59:48.195 V/RILJ    ( 3447): [UNSL]< UNSOL_OEM_HOOK_RAW 514f454d484f4f4bfa0308000100000000 [SUB0]
04-11 19:59:48.195 D/RILJ    ( 3447): Oem ID in RIL_UNSOL_OEM_HOOK_RAW is QOEMHOOK
04-11 19:59:48.195 D/RILJ    ( 3447): OEM ID check Passed
04-11 19:59:48.195 D/RILJ    ( 3447): Response ID in RIL_UNSOL_OEM_HOOK_RAW is 525306
04-11 19:59:48.195 D/RILJ    ( 3447): WWAN, IWLAN coexistence notified to registrants
04-11 19:59:48.195 E/RILC    (  370): RIL Response bytes written:32
04-11 19:59:48.198 D/RILC    (  370): SOCKET RIL_SOCKET_1 REQUEST: OPERATOR length:8
04-11 19:59:48.198 D/RILJ    ( 3447): [4494]> DATA_REGISTRATION_STATE [SUB0]
04-11 19:59:48.198 I/RILC    (  370): RIL_SOCKET_1 UNSOLICITED: RIL_UNSOL_LTE_REJECT_CAUSE length:16
04-11 19:59:48.198 E/RILC    (  370): Send Response to RIL_SOCKET_1
04-11 19:59:48.198 E/RILC    (  370): RIL Response bytes written:4
04-11 19:59:48.199 D/RILJ    ( 3447): [UNSL]< RIL_UNSOL_LTE_REJECT_CAUSE {15} [SUB0]
04-11 19:59:48.199 E/RILC    (  370): RIL Response bytes written:16
04-11 19:59:48.200 D/RILJ    ( 3447): [4495]> VOICE_REGISTRATION_STATE [SUB0]
04-11 19:59:48.201 D/RILJ    ( 3447): [4496]> QUERY_NETWORK_SELECTION_MODE [SUB0]
04-11 19:59:48.201 D/RILC    (  370): SOCKET RIL_SOCKET_1 REQUEST: DATA_REGISTRATION_STATE length:8
04-11 19:59:48.202 D/RILC    (  370): SOCKET RIL_SOCKET_1 REQUEST: VOICE_REGISTRATION_STATE length:8
04-11 19:59:48.204 D/RILC    (  370): SOCKET RIL_SOCKET_1 REQUEST: QUERY_NETWORK_SELECTION_MODE length:8
04-11 19:59:48.216 D/RILC    (  370): RequestComplete, RIL_SOCKET_1
04-11 19:59:48.217 E/RILC    (  370): Send Response to RIL_SOCKET_1
04-11 19:59:48.217 E/RILC    (  370): RIL Response bytes written:4
04-11 19:59:48.217 E/RILC    (  370): RIL Response bytes written:120
04-11 19:59:48.217 D/RILJ    ( 3447): [4494]< DATA_REGISTRATION_STATE {1, dff2, 02bec826, 11, null, 20, null, null, null, null, null, 0} [SUB0]
04-11 19:59:48.217 D/GsmSST  ( 3447): isSFROperators result = false
04-11 19:59:48.217 D/PHONE   ( 3447): [ServiceState] setDataRegState=0
04-11 19:59:48.218 D/PHONE   ( 3447): [ServiceState] setDataRadioTechnology=11
04-11 19:59:48.218 D/RILC    (  370): RequestComplete, RIL_SOCKET_1
04-11 19:59:48.218 D/GsmSST  ( 3447): [GsmSST] LOGRadioInfo : In Service
04-11 19:59:48.218 E/RILC    (  370): Send Response to RIL_SOCKET_1
04-11 19:59:48.218 D/GsmSST  ( 3447): [GsmSST] handlPollStateResultMessage: GsmSST setDataRegState=0 regState=1 dataRadioTechnology=11
04-11 19:59:48.218 E/RILC    (  370): RIL Response bytes written:4
04-11 19:59:48.218 E/RILC    (  370): RIL Response bytes written:72
04-11 19:59:48.218 D/RILJ    ( 3447): [4493]< OPERATOR {Orange, Orange, 26003} [SUB0]
04-11 19:59:48.219 D/RILC    (  370): RequestComplete, RIL_SOCKET_1
04-11 19:59:48.219 E/RILC    (  370): Send Response to RIL_SOCKET_1
04-11 19:59:48.219 E/RILC    (  370): RIL Response bytes written:4
04-11 19:59:48.219 E/RILC    (  370): RIL Response bytes written:136
04-11 19:59:48.219 D/RILJ    ( 3447): [4495]< VOICE_REGISTRATION_STATE {1, dff2, 02bec826, 3, null, null, null, 0, null, null, 1, null, null, 0, 1d8} [SUB0]
04-11 19:59:48.219 D/PHONE   ( 3447): [ServiceState] setVoiceRegState=0
04-11 19:59:48.219 E/PHONE   ( 3447): [ServiceState] setState deprecated use setVoiceRegState()
04-11 19:59:48.219 D/GsmSST  ( 3447): [GsmSST] LOGRadioInfo : In Service
04-11 19:59:48.219 I/RILC    (  370): RIL_SOCKET_1 UNSOLICITED: UNSOL_RESPONSE_VOICE_NETWORK_STATE_CHANGED length:8
04-11 19:59:48.219 E/RILC    (  370): Send Response to RIL_SOCKET_1
04-11 19:59:48.219 E/RILC    (  370): RIL Response bytes written:4
04-11 19:59:48.219 E/RILC    (  370): RIL Response bytes written:8
04-11 19:59:48.219 D/RILJ    ( 3447): [UNSL]< UNSOL_RESPONSE_VOICE_NETWORK_STATE_CHANGED [SUB0]
04-11 19:59:48.219 D/RILJ    ( 3447): [4497]> OPERATOR [SUB0]
04-11 19:59:48.220 D/RILC    (  370): RequestComplete, RIL_SOCKET_1
04-11 19:59:48.220 E/RILC    (  370): Send Response to RIL_SOCKET_1
04-11 19:59:48.220 E/RILC    (  370): RIL Response bytes written:4
04-11 19:59:48.220 E/RILC    (  370): RIL Response bytes written:20
04-11 19:59:48.220 D/RILJ    ( 3447): [4496]< QUERY_NETWORK_SELECTION_MODE {0} [SUB0]
04-11 19:59:48.221 D/RILJ    ( 3447): [4498]> DATA_REGISTRATION_STATE [SUB0]
04-11 19:59:48.221 D/RILC    (  370): SOCKET RIL_SOCKET_1 REQUEST: OPERATOR length:8
04-11 19:59:48.222 D/RILC    (  370): SOCKET RIL_SOCKET_1 REQUEST: DATA_REGISTRATION_STATE length:8
04-11 19:59:48.222 D/RILJ    ( 3447): [4499]> VOICE_REGISTRATION_STATE [SUB0]
04-11 19:59:48.223 D/RILJ    ( 3447): [4500]> QUERY_NETWORK_SELECTION_MODE [SUB0]
04-11 19:59:48.223 D/RILC    (  370): SOCKET RIL_SOCKET_1 REQUEST: VOICE_REGISTRATION_STATE length:8
04-11 19:59:48.224 D/RILC    (  370): SOCKET RIL_SOCKET_1 REQUEST: QUERY_NETWORK_SELECTION_MODE length:8
04-11 19:59:48.228 D/RILC    (  370): RequestComplete, RIL_SOCKET_1
04-11 19:59:48.228 E/RILC    (  370): Send Response to RIL_SOCKET_1
04-11 19:59:48.228 E/RILC    (  370): RIL Response bytes written:4
04-11 19:59:48.228 E/RILC    (  370): RIL Response bytes written:136
04-11 19:59:48.229 D/RILJ    ( 3447): [4499]< VOICE_REGISTRATION_STATE {1, dff2, 02bec826, 3, null, null, null, 0, null, null, 1, null, null, 0, 1d8} [SUB0]
04-11 19:59:48.229 D/PHONE   ( 3447): [ServiceState] setVoiceRegState=0
04-11 19:59:48.229 E/PHONE   ( 3447): [ServiceState] setState deprecated use setVoiceRegState()
04-11 19:59:48.229 D/GsmSST  ( 3447): [GsmSST] LOGRadioInfo : In Service
04-11 19:59:48.231 D/RILC    (  370): RequestComplete, RIL_SOCKET_1
04-11 19:59:48.231 E/RILC    (  370): Send Response to RIL_SOCKET_1
04-11 19:59:48.231 E/RILC    (  370): RIL Response bytes written:4
04-11 19:59:48.231 D/RILJ    ( 3447): [4497]< OPERATOR {Orange, Orange, 26003} [SUB0]
04-11 19:59:48.231 E/RILC    (  370): RIL Response bytes written:72
04-11 19:59:48.232 D/RILC    (  370): RequestComplete, RIL_SOCKET_1
04-11 19:59:48.232 E/RILC    (  370): Send Response to RIL_SOCKET_1
04-11 19:59:48.232 E/RILC    (  370): RIL Response bytes written:4
04-11 19:59:48.232 D/RILJ    ( 3447): [4498]< DATA_REGISTRATION_STATE {1, dff2, 02bec826, 11, null, 20, null, null, null, null, null, 0} [SUB0]
04-11 19:59:48.232 E/RILC    (  370): RIL Response bytes written:120
04-11 19:59:48.233 D/GsmSST  ( 3447): isSFROperators result = false
04-11 19:59:48.233 D/PHONE   ( 3447): [ServiceState] setDataRegState=0
04-11 19:59:48.233 D/PHONE   ( 3447): [ServiceState] setDataRadioTechnology=11
04-11 19:59:48.233 D/GsmSST  ( 3447): [GsmSST] LOGRadioInfo : In Service
04-11 19:59:48.233 D/GsmSST  ( 3447): [GsmSST] handlPollStateResultMessage: GsmSST setDataRegState=0 regState=1 dataRadioTechnology=11
04-11 19:59:48.234 D/RILC    (  370): RequestComplete, RIL_SOCKET_1
04-11 19:59:48.234 E/RILC    (  370): Send Response to RIL_SOCKET_1
04-11 19:59:48.234 E/RILC    (  370): RIL Response bytes written:4
04-11 19:59:48.234 D/RILJ    ( 3447): [4500]< QUERY_NETWORK_SELECTION_MODE {0} [SUB0]
04-11 19:59:48.234 E/RILC    (  370): RIL Response bytes written:20
04-11 19:59:48.236 D/GsmSST  ( 3447): [GsmSST] Poll ServiceState done:  oldSS=[0 0 voice home data home Orange Orange 26003 Orange Orange 26003  UMTS HSPAP CSS not supported -1 -1 RoamInd=-1 DefRoamInd=-1 EmergOnly=false IsDataRoamingFromRegistration=false mIsVoiceSearching=false mIsDataSearching=false mVoiceNetworkName=null mDataNetworkName=null Check64QAM0 Dual carrier0] newSS=[0 0 voice home data home Orange Orange 26003 Orange Orange 26003  UMTS HSPA CSS not supported -1 -1 RoamInd=-1 DefRoamInd=-1 EmergOnly=false IsDataRoamingFromRegistration=false mIsVoiceSearching=false mIsDataSearching=false mVoiceNetworkName=null mDataNetworkName=null Check64QAM0 Dual carrier0] oldMaxDataCalls=20 mNewMaxDataCalls=20 oldReasonDataDenied=-1 mNewReasonDataDenied=-1
04-11 19:59:48.236 D/PHONE   ( 3447): [ServiceState] setNullState=1
04-11 19:59:48.237 D/TelephonyManager( 3447): setTelephonyProperty: success phoneId=0 property=gsm.network.type value: UMTS propVal=UMTS
04-11 19:59:48.238 D/SIMRecords( 3447): [SIMRecords] getServiceProviderName: no brandOverride
04-11 19:59:48.238 D/SIMRecords( 3447): [SIMRecords] getServiceProviderName: providerName=Orange
04-11 19:59:48.238 D/SIMRecords( 3447): [SIMRecords] getServiceProviderName: no brandOverride
04-11 19:59:48.238 D/SIMRecords( 3447): [SIMRecords] getServiceProviderName: providerName=Orange
04-11 19:59:48.238 D/GSMPhoneEx( 3447): grandblue SpnMvno = Orange operator = 26003 simMcc  = 260 simMnc  = 03
04-11 19:59:48.238 D/GSMPhoneEx( 3447): grandblue after SpnMvno = Orange operator = 26003 simMcc  = 260 simMnc  = 03
04-11 19:59:48.238 D/TelephonyManager( 3447): setTelephonyProperty: success phoneId=0 property=gsm.operator.alpha value: Orange propVal=Orange
04-11 19:59:48.239 D/TelephonyManager( 3447): setTelephonyProperty: success phoneId=0 property=gsm.operator.numeric value: 26003 propVal=26003
04-11 19:59:48.239 D/TelephonyManager( 3447): setTelephonyProperty: success phoneId=0 property=gsm.operator.iso-country value: pl propVal=pl
04-11 19:59:48.240 D/GsmSST  ( 3447): [GsmSST] shouldFixTimeZoneNow: retVal=false iccCardExist=true operatorNumeric=26003 mcc=260 prevOperatorNumeric=26003 prevMcc=260 needToFixTimeZone=false ltod=04-11 19:59:48.240
04-11 19:59:48.240 D/TelephonyManager( 3447): setTelephonyProperty: success phoneId=0 property=gsm.operator.isroaming value: false propVal=false
04-11 19:59:48.240 D/TelephonyManager( 3447): setTelephonyProperty: success phoneId=0 property=ril.cdma.voiceinservice value: true propVal=true
04-11 19:59:48.241 D/GsmSST  ( 3447): [GsmSST] Broadcasting ServiceState : 0 0 voice home data home Orange Orange 26003 Orange Orange 26003  UMTS HSPA CSS not supported -1 -1 RoamInd=-1 DefRoamInd=-1 EmergOnly=false IsDataRoamingFromRegistration=false mIsVoiceSearching=false mIsDataSearching=false mVoiceNetworkName=null mDataNetworkName=null Check64QAM0 Dual carrier0
04-11 19:59:48.241 D/DefaultPhoneNotifier( 3447): nofityServiceState: mRegistry=com.android.internal.telephony.ITelephonyRegistry$Stub$Proxy@ced2ad0 ss=0 0 voice home data home Orange Orange 26003 Orange Orange 26003  UMTS HSPA CSS not supported -1 -1 RoamInd=-1 DefRoamInd=-1 EmergOnly=false IsDataRoamingFromRegistration=false mIsVoiceSearching=false mIsDataSearching=false mVoiceNetworkName=null mDataNetworkName=null Check64QAM0 Dual carrier0 sender=Handler (com.qti.internal.telephony.gsm.QtiGSMPhone) {560d91e} phondId=0 subId=2
04-11 19:59:48.246 D/SubscriptionManager( 1891): getSimStateForSubscriber: simState=5 slotIdx=0
04-11 19:59:48.247 D/GsmSST  ( 3447): [GsmSST] notifyDataRegStateRilRadioTechnologyChanged: drs=0 rat=11
04-11 19:59:48.247 D/TelephonyManager( 3447): setTelephonyProperty: success phoneId=0 property=gsm.network.type value: HSPA propVal=HSPA
04-11 19:59:48.248 D/QtiGsmDCT( 3447): [0]get all active apn types
04-11 19:59:48.248 D/DC-1    ( 3447): DcActiveState not handled msg.what=EVENT_DATA_CONNECTION_DRS_OR_RAT_CHANGED
04-11 19:59:48.248 D/DC-1    ( 3447): DcDefault msg=EVENT_DATA_CONNECTION_DRS_OR_RAT_CHANGED RefCount=1
04-11 19:59:48.248 D/DC-1    ( 3447): DcDefaultState: EVENT_DATA_CONNECTION_DRS_OR_RAT_CHANGED drs=0 mRilRat=11
04-11 19:59:48.249 D/QtiGsmDCT( 3447): [0]fetchDunApn: Ignore the dun apn in settings.db
04-11 19:59:48.250 D/QtiGsmDCT( 3447): [0]return link properites for default
04-11 19:59:48.252 D/QtiGsmDCT( 3447): [0]getDataEnabled: getIntWithSubId retVal=true
04-11 19:59:48.274 D/QtiGsmDCT( 3447): [0]fetchDunApn: config_tether_apndata dunSetting=null
04-11 19:59:48.274 D/DC-1    ( 3447): isInternetRequested = true
04-11 19:59:48.275 D/DC-1    ( 3447): DcActiveState not handled msg.what=REQ_GET_LINK_PROPERTIES
04-11 19:59:48.275 D/DC-1    ( 3447): DcDefault msg=REQ_GET_LINK_PROPERTIES RefCount=1
04-11 19:59:48.275 D/DC-1    ( 3447): REQ_GET_LINK_PROPERTIES linkProperties{InterfaceName: rmnet_data0 LinkAddresses: [2a00:f41:509d:3c49:86de:75f7:213a:3588/64,]  Routes: [::/0 -> fe80::88b0:3588:9bd1:5a35 rmnet_data0,] DnsAddresses: [2a01:1700:3:ffff::9822,2a01:1700:2:ffff::9f01,] Domains: null MTU: 1500 TcpBufferSizes: 40778,244668,3461120,16777,140625,3461120}
04-11 19:59:48.276 D/QtiGsmDCT( 3447): [0]get active pdp is not null, return NetworkCapabilities for default
04-11 19:59:48.276 D/DC-1    ( 3447): DcActiveState not handled msg.what=REQ_GET_NETWORK_CAPABILITIES
04-11 19:59:48.276 D/DC-1    ( 3447): DcDefault msg=REQ_GET_NETWORK_CAPABILITIES RefCount=1
04-11 19:59:48.276 D/QtiGsmDCT( 3447): [0]fetchDunApn: Ignore the dun apn in settings.db
04-11 19:59:48.302 D/QtiGsmDCT( 3447): [0]fetchDunApn: config_tether_apndata dunSetting=null
04-11 19:59:48.302 D/DC-1    ( 3447): isInternetRequested = true
04-11 19:59:48.303 D/DC-1    ( 3447): REQ_GET_NETWORK_CAPABILITIES networkCapabilities[ Transports: CELLULAR Capabilities: SUPL&DUN&INTERNET&NOT_RESTRICTED&TRUSTED&NOT_VPN LinkUpBandwidth>=5898Kbps LinkDnBandwidth>=14336Kbps Specifier: <2>]
04-11 19:59:48.304 D/QtiGsmDCT( 3447): [0]isDataPossible(default): possible=true isDataAllowed=true apnTypePossible=true apnContextisEnabled=true apnContextState()=CONNECTED
04-11 19:59:48.304 D/QtiGsmDCT( 3447): [0]get active apn string for type:default
04-11 19:59:48.304 D/DCT     ( 3447): [ApnContext:default] getApnSetting: apnSetting=[ApnSettingV3] Orange Internet, 695, 26003, internetipv6, , , , , , 1, default | dun | hipri | supl, IPV6, IP, true, 0, 0, 1, false, 0, 0, 0, 0, , , 0, , 
04-11 19:59:48.307 D/TelephonyRegistry( 1891): Notify data connection state changed on sub: 2
04-11 19:59:48.307 D/TelephonyRegistry( 1891): Notify data connection state changed on sub: 2
04-11 19:59:48.307 D/TelephonyRegistry( 1891): Notify data connection state changed on sub: 2
04-11 19:59:48.307 D/TelephonyRegistry( 1891): Notify data connection state changed on sub: 2
04-11 19:59:48.307 D/TelephonyRegistry( 1891): Notify data connection state changed on sub: 2
04-11 19:59:48.308 D/TelephonyRegistry( 1891): broadcastPreciseDataConnectionStateChanged():state=2, apnType=default, smCause=(0), reason=null
04-11 19:59:48.311 D/QtiGsmDCT( 3447): [0]QtiDcTracker handleMessage msg={ when=-63ms what=270377 obj=android.os.AsyncResult@ee01b00 target=com.qti.internal.telephony.dataconnection.QtiDcTracker }
04-11 19:59:48.311 D/QtiGsmDCT( 3447): [0]handleMessage msg={ when=-64ms what=270377 obj=android.os.AsyncResult@ee01b00 target=com.qti.internal.telephony.dataconnection.QtiDcTracker }
04-11 19:59:48.311 D/QtiGsmDCT( 3447): [0]onUpdateIcc: newIccRecords com.android.internal.telephony.uicc.SIMRecords
04-11 19:59:48.313 V/LG-FASTDORMANCY( 3447): [DCH/FACH] FDCount : 0 intent received :android.intent.action.SERVICE_STATE
04-11 19:59:48.313 E/PHONE   ( 3447): ServiceState.getRadioTechnology() DEPRECATED will be removed *******
04-11 19:59:48.314 I/LG-FASTDORMANCY( 3447): [DCH/FACH] FDCount : 0 Service State is changed : 0 0 voice home data home Orange Orange 26003 Orange Orange 26003  UMTS HSPA CSS not supported -1 -1 RoamInd=-1 DefRoamInd=-1 EmergOnly=false IsDataRoamingFromRegistration=false mIsVoiceSearching=false mIsDataSearching=false mVoiceNetworkName=null mDataNetworkName=null Check64QAM0 Dual carrier0
04-11 19:59:48.314 I/LG-FASTDORMANCY( 3447): [DCH/FACH] FDCount : 0 radioTech changed!! currenRT = 11 isChange?? true
04-11 19:59:48.316 I/LG-FASTDORMANCY( 3447): [DCH/FACH] FDCount : 0 Radio Tech changed.
04-11 19:59:48.317 D/LG-FASTDORMANCY( 3447): [DCH/FACH] FDCount : 0 isUMTS(): RadioTech(10)
04-11 19:59:48.319 D/GsmSST  ( 3447): [GsmSST] getCellLocation(): X good mCellLoc=[57330,46057510,472]
04-11 19:59:48.322 D/QtiGsmDCT( 3447): [0]getDataOnRoamingEnabled: phoneSubId=2 isDataRoamingEnabled=false
04-11 19:59:48.322 D/QtiGsmDCT( 3447): [0]getDataEnabled: getIntWithSubId retVal=true
04-11 19:59:48.327 D/QtiGsmDCT( 3447): [0]getDataEnabled: getIntWithSubId retVal=true
04-11 19:59:48.334 D/RILJ    ( 3447): [4501]> REQUEST_GET_NEIGHBORING_CELL_IDS [SUB0]
04-11 19:59:48.335 D/RILC    (  370): SOCKET RIL_SOCKET_1 REQUEST: GET_NEIGHBORING_CELL_IDS length:8
04-11 19:59:48.335 I/RILQ    (  370): (0/370):RIL[0][main] qcril_qmi_nas_get_neighboring_cell_ids: completed with 0
04-11 19:59:48.338 I/RILQ    (  370): (0/370):RIL[0][qmi_cb] qcril_qmi_nas_get_neighboring_cells_cb: .. qmi error 0, resultqmi  0, qmi transp_err 0, ril res 0
04-11 19:59:48.339 D/RILC    (  370): RequestComplete, RIL_SOCKET_1
04-11 19:59:48.339 E/RILC    (  370): Send Response to RIL_SOCKET_1
04-11 19:59:48.339 E/RILC    (  370): RIL Response bytes written:4
04-11 19:59:48.339 E/RILC    (  370): RIL Response bytes written:128
04-11 19:59:48.339 I/RILQ    (  370): (0/370):RIL[0][qmi_cb] qcril_qmi_nas_get_neighboring_cells_cb: completed with 0 with 4 entries
04-11 19:59:48.341 D/RILJ    ( 3447): [4501]< REQUEST_GET_NEIGHBORING_CELL_IDS {[[126@-101]] [[128@-102]] [[1d8@-101]] [[1d8@-93]] } [SUB0]
04-11 19:59:48.349 D/RILJ    ( 3447): [4502]> RIL_REQUEST_GET_CELL_INFO_LIST [SUB0]
04-11 19:59:48.350 D/RILC    (  370): SOCKET RIL_SOCKET_1 REQUEST: GET_CELL_INFO_LIST length:8
04-11 19:59:48.353 D/RILC    (  370): RequestComplete, RIL_SOCKET_1
04-11 19:59:48.353 E/RILC    (  370): Send Response to RIL_SOCKET_1
04-11 19:59:48.353 E/RILC    (  370): RIL Response bytes written:4
04-11 19:59:48.354 D/RILJ    ( 3447): [4502]< RIL_REQUEST_GET_CELL_INFO_LIST [CellInfoWcdma:{mRegistered=YES mTimeStampType=oem_ril mTimeStamp=487066124392ns CellIdentityWcdma:{ mMcc=260 mMnc=3 mLac=57330 mCid=46057510 mPsc=472} CellSignalStrengthWcdma: ss=11 ber=99}, CellInfoWcdma:{mRegistered=NO mTimeStampType=oem_ril mTimeStamp=487066124392ns CellIdentityWcdma:{ mMcc=2147483647 mMnc=2147483647 mLac=2147483647 mCid=2147483647 mPsc=294} CellSignalStrengthWcdma: ss=6 ber=99}, CellInfoWcdma:{mRegistered=NO mTimeStampType=oem_ril mTimeStamp=487066124392ns CellIdentityWcdma:{ mMcc=2147483647 mMnc=2147483647 mLac=2147483647 mCid=2147483647 mPsc=296} CellSignalStrengthWcdma: ss=6 ber=99}, CellInfoWcdma:{mRegistered=NO mTimeStampType=oem_ril mTimeStamp=487066124392ns CellIdentityWcdma:{ mMcc=2147483647 mMnc=2147483647 mLac=2147483647 mCid=2147483647 mPsc=472} CellSignalStrengthWcdma: ss=6 ber=99}, CellInfoWcdma:{mRegistered=NO mTimeStampType=oem_ril mTimeStamp=487066124392ns CellIdentityWcdma:{ mMcc=2147483647 mMnc=2147483647 mLac=2147483647 mCid=2147483647 mPsc=472} CellSignalStrengthWcdma: ss=10 ber=99}] [SUB0]
04-11 19:59:48.354 E/RILC    (  370): RIL Response bytes written:256
04-11 19:59:48.356 D/GsmSST  ( 3447): [GsmSST] SST.getAllCellInfo(): X size=5 list=[CellInfoWcdma:{mRegistered=YES mTimeStampType=oem_ril mTimeStamp=487066124392ns CellIdentityWcdma:{ mMcc=260 mMnc=3 mLac=57330 mCid=46057510 mPsc=472} CellSignalStrengthWcdma: ss=11 ber=99}, CellInfoWcdma:{mRegistered=NO mTimeStampType=oem_ril mTimeStamp=487066124392ns CellIdentityWcdma:{ mMcc=2147483647 mMnc=2147483647 mLac=2147483647 mCid=2147483647 mPsc=294} CellSignalStrengthWcdma: ss=6 ber=99}, CellInfoWcdma:{mRegistered=NO mTimeStampType=oem_ril mTimeStamp=487066124392ns CellIdentityWcdma:{ mMcc=2147483647 mMnc=2147483647 mLac=2147483647 mCid=2147483647 mPsc=296} CellSignalStrengthWcdma: ss=6 ber=99}, CellInfoWcdma:{mRegistered=NO mTimeStampType=oem_ril mTimeStamp=487066124392ns CellIdentityWcdma:{ mMcc=2147483647 mMnc=2147483647 mLac=2147483647 mCid=2147483647 mPsc=472} CellSignalStrengthWcdma: ss=6 ber=99}, CellInfoWcdma:{mRegistered=NO mTimeStampType=oem_ril mTimeStamp=487066124392ns CellIdentityWcdma:{ mMcc=2147483647 mMnc=2147483647 mLac=2147483647 mCid=2147483647 mPsc=472} CellSignalStrengthWcdma: ss=10 ber=99}]
04-11 19:59:48.358 D/GsmSST  ( 3447): [GsmSST] getCellLocation(): X good mCellLoc=[57330,46057510,472]
04-11 19:59:48.388 D/QtiGsmDCT( 3447): [0]updateDataActivity: curTxRxSum={txSum=6980 rxSum=7891} preTxRxSum={txSum=6980 rxSum=7891}
04-11 19:59:48.388 D/QtiGsmDCT( 3447): [0]updateDataActivity: sent=0 received=0
04-11 19:59:48.388 D/QtiGsmDCT( 3447): [0]updateDataActivity: newActivity=NONE
04-11 19:59:48.393 D/QtiGsmDCT( 3447): [0]getDataEnabled: getIntWithSubId retVal=true
04-11 19:59:48.835 V/LG-FASTDORMANCY( 3447): [DCH/FACH] FDCount : 0 intent received :com.android.internal.telephony.ACTION_CHECK_NETSTAT
04-11 19:59:48.839 V/LG-FASTDORMANCY( 3447): [DCH/FACH] FDCount : 0 prev: TxPkts(6980), RxPkts(7891)
04-11 19:59:48.839 V/LG-FASTDORMANCY( 3447): [DCH/FACH] FDCount : 0 curr: TxPkts(6980), RxPkts(7891)
04-11 19:59:48.840 I/LG-FASTDORMANCY( 3447): [DCH/FACH] FDCount : 1 Scheduling checkNetStat for 1000msec, current state is [DCH/FACH] FDCount : 1 
04-11 19:59:49.393 D/QtiGsmDCT( 3447): [0]updateDataActivity: curTxRxSum={txSum=6980 rxSum=7891} preTxRxSum={txSum=6980 rxSum=7891}
04-11 19:59:49.393 D/QtiGsmDCT( 3447): [0]updateDataActivity: sent=0 received=0
04-11 19:59:49.529 I/RILC    (  370): RIL_SOCKET_1 UNSOLICITED: RIL_UNSOL_LTE_REJECT_CAUSE length:16
04-11 19:59:49.529 E/RILC    (  370): Send Response to RIL_SOCKET_1
04-11 19:59:49.529 E/RILC    (  370): RIL Response bytes written:4
04-11 19:59:49.529 D/RILJ    ( 3447): [UNSL]< RIL_UNSOL_LTE_REJECT_CAUSE {15} [SUB0]
04-11 19:59:49.529 E/RILC    (  370): RIL Response bytes written:16
04-11 19:59:49.533 I/RILC    (  370): RIL_SOCKET_1 UNSOLICITED: UNSOL_OEM_HOOK_RAW length:32
04-11 19:59:49.533 E/RILC    (  370): Send Response to RIL_SOCKET_1
04-11 19:59:49.533 E/RILC    (  370): RIL Response bytes written:4
04-11 19:59:49.533 V/RILJ    ( 3447): [UNSL]< UNSOL_OEM_HOOK_RAW 514f454d484f4f4bef0308000100000002 [SUB0]
04-11 19:59:49.533 D/RILJ    ( 3447): Oem ID in RIL_UNSOL_OEM_HOOK_RAW is QOEMHOOK
04-11 19:59:49.533 D/RILJ    ( 3447): OEM ID check Passed
04-11 19:59:49.533 D/RILJ    ( 3447): Response ID in RIL_UNSOL_OEM_HOOK_RAW is 525295
04-11 19:59:49.533 D/RILJ    ( 3447): Response ID 525295 is not served in this process.
04-11 19:59:49.533 E/RILC    (  370): RIL Response bytes written:32
04-11 19:59:49.536 I/RILC    (  370): RIL_SOCKET_1 UNSOLICITED: UNSOL_RESPONSE_VOICE_NETWORK_STATE_CHANGED length:8
04-11 19:59:49.536 E/RILC    (  370): Send Response to RIL_SOCKET_1
04-11 19:59:49.536 E/RILC    (  370): RIL Response bytes written:4
04-11 19:59:49.536 D/RILJ    ( 3447): [UNSL]< UNSOL_RESPONSE_VOICE_NETWORK_STATE_CHANGED [SUB0]
04-11 19:59:49.536 E/RILC    (  370): RIL Response bytes written:8
04-11 19:59:49.537 D/RILJ    ( 3447): [4503]> OPERATOR [SUB0]
04-11 19:59:49.539 D/RILJ    ( 3447): [4504]> DATA_REGISTRATION_STATE [SUB0]
04-11 19:59:49.539 D/RILC    (  370): SOCKET RIL_SOCKET_1 REQUEST: OPERATOR length:8
04-11 19:59:49.543 D/RILJ    ( 3447): [4505]> VOICE_REGISTRATION_STATE [SUB0]
04-11 19:59:49.544 D/RILC    (  370): SOCKET RIL_SOCKET_1 REQUEST: DATA_REGISTRATION_STATE length:8
04-11 19:59:49.545 D/RILJ    ( 3447): [4506]> QUERY_NETWORK_SELECTION_MODE [SUB0]
04-11 19:59:49.545 D/RILC    (  370): SOCKET RIL_SOCKET_1 REQUEST: VOICE_REGISTRATION_STATE length:8
04-11 19:59:49.547 D/RILC    (  370): SOCKET RIL_SOCKET_1 REQUEST: QUERY_NETWORK_SELECTION_MODE length:8
04-11 19:59:49.549 D/RILC    (  370): RequestComplete, RIL_SOCKET_1
04-11 19:59:49.549 E/RILC    (  370): Send Response to RIL_SOCKET_1
04-11 19:59:49.550 E/RILC    (  370): RIL Response bytes written:4
04-11 19:59:49.550 D/RILJ    ( 3447): [4503]< OPERATOR {Orange, Orange, 26003} [SUB0]
04-11 19:59:49.550 E/RILC    (  370): RIL Response bytes written:72
04-11 19:59:49.553 D/RILC    (  370): RequestComplete, RIL_SOCKET_1
04-11 19:59:49.553 E/RILC    (  370): Send Response to RIL_SOCKET_1
04-11 19:59:49.554 E/RILC    (  370): RIL Response bytes written:4
04-11 19:59:49.555 D/RILJ    ( 3447): [4504]< DATA_REGISTRATION_STATE {1, dff2, 02be3801, 11, null, 20, null, null, null, null, null, 0} [SUB0]
04-11 19:59:49.555 E/RILC    (  370): RIL Response bytes written:120
04-11 19:59:49.555 D/GsmSST  ( 3447): isSFROperators result = false
04-11 19:59:49.555 D/PHONE   ( 3447): [ServiceState] setDataRegState=0
04-11 19:59:49.555 D/PHONE   ( 3447): [ServiceState] setDataRadioTechnology=11
04-11 19:59:49.555 D/GsmSST  ( 3447): [GsmSST] LOGRadioInfo : In Service
04-11 19:59:49.555 D/GsmSST  ( 3447): [GsmSST] handlPollStateResultMessage: GsmSST setDataRegState=0 regState=1 dataRadioTechnology=11
04-11 19:59:49.555 D/RILC    (  370): RequestComplete, RIL_SOCKET_1
04-11 19:59:49.555 E/RILC    (  370): Send Response to RIL_SOCKET_1
04-11 19:59:49.556 E/RILC    (  370): RIL Response bytes written:4
04-11 19:59:49.556 D/RILJ    ( 3447): [4506]< QUERY_NETWORK_SELECTION_MODE {0} [SUB0]
04-11 19:59:49.556 E/RILC    (  370): RIL Response bytes written:20
04-11 19:59:49.558 D/RILC    (  370): RequestComplete, RIL_SOCKET_1
04-11 19:59:49.558 E/RILC    (  370): Send Response to RIL_SOCKET_1
04-11 19:59:49.558 E/RILC    (  370): RIL Response bytes written:4
04-11 19:59:49.558 D/RILJ    ( 3447): [4505]< VOICE_REGISTRATION_STATE {1, dff2, 02be3801, 3, null, null, null, 0, null, null, 1, null, null, 0, 3e} [SUB0]
04-11 19:59:49.559 E/RILC    (  370): RIL Response bytes written:136
04-11 19:59:49.560 D/PHONE   ( 3447): [ServiceState] setVoiceRegState=0
04-11 19:59:49.560 E/PHONE   ( 3447): [ServiceState] setState deprecated use setVoiceRegState()
04-11 19:59:49.560 D/GsmSST  ( 3447): [GsmSST] LOGRadioInfo : In Service
04-11 19:59:49.562 D/GsmSST  ( 3447): [GsmSST] Poll ServiceState done:  oldSS=[0 0 voice home data home Orange Orange 26003 Orange Orange 26003  UMTS HSPA CSS not supported -1 -1 RoamInd=-1 DefRoamInd=-1 EmergOnly=false IsDataRoamingFromRegistration=false mIsVoiceSearching=false mIsDataSearching=false mVoiceNetworkName=null mDataNetworkName=null Check64QAM0 Dual carrier0] newSS=[0 0 voice home data home Orange Orange 26003 Orange Orange 26003  UMTS HSPA CSS not supported -1 -1 RoamInd=-1 DefRoamInd=-1 EmergOnly=false IsDataRoamingFromRegistration=false mIsVoiceSearching=false mIsDataSearching=false mVoiceNetworkName=null mDataNetworkName=null Check64QAM0 Dual carrier0] oldMaxDataCalls=20 mNewMaxDataCalls=20 oldReasonDataDenied=-1 mNewReasonDataDenied=-1
04-11 19:59:49.562 D/PHONE   ( 3447): [ServiceState] setNullState=1
04-11 19:59:49.562 D/GsmSST  ( 3447): [GsmSST] getCellLocation(): X good mCellLoc=[57330,46020609,62]
04-11 19:59:49.562 D/TelephonyRegistry( 1891): notifyCellLocationForSubscriber: subId=2 cellLocation=Bundle[mParcelledData.dataSize=64]
04-11 19:59:49.583 D/GsmSST  ( 3447): [GsmSST] getCellLocation(): X good mCellLoc=[57330,46020609,62]
04-11 19:59:49.595 D/RILJ    ( 3447): [4507]> REQUEST_GET_NEIGHBORING_CELL_IDS [SUB0]
04-11 19:59:49.596 D/RILC    (  370): SOCKET RIL_SOCKET_1 REQUEST: GET_NEIGHBORING_CELL_IDS length:8
04-11 19:59:49.597 I/RILQ    (  370): (0/370):RIL[0][main] qcril_qmi_nas_get_neighboring_cell_ids: completed with 0
04-11 19:59:49.600 I/RILQ    (  370): (0/370):RIL[0][qmi_cb] qcril_qmi_nas_get_neighboring_cells_cb: .. qmi error 0, resultqmi  0, qmi transp_err 0, ril res 0
04-11 19:59:49.602 D/RILC    (  370): RequestComplete, RIL_SOCKET_1
04-11 19:59:49.602 E/RILC    (  370): Send Response to RIL_SOCKET_1
04-11 19:59:49.602 E/RILC    (  370): RIL Response bytes written:4
04-11 19:59:49.602 E/RILC    (  370): RIL Response bytes written:128
04-11 19:59:49.602 I/RILQ    (  370): (0/370):RIL[0][qmi_cb] qcril_qmi_nas_get_neighboring_cells_cb: completed with 0 with 4 entries
04-11 19:59:49.604 D/RILJ    ( 3447): [4507]< REQUEST_GET_NEIGHBORING_CELL_IDS {[[126@-101]] [[128@-102]] [[1d8@-101]] [[1d8@-93]] } [SUB0]
04-11 19:59:49.609 D/GsmSST  ( 3447): [GsmSST] SST.getAllCellInfo(): return last, back to back calls
04-11 19:59:49.609 D/GsmSST  ( 3447): [GsmSST] SST.getAllCellInfo(): X size=5 list=[CellInfoWcdma:{mRegistered=YES mTimeStampType=oem_ril mTimeStamp=487066124392ns CellIdentityWcdma:{ mMcc=260 mMnc=3 mLac=57330 mCid=46057510 mPsc=472} CellSignalStrengthWcdma: ss=11 ber=99}, CellInfoWcdma:{mRegistered=NO mTimeStampType=oem_ril mTimeStamp=487066124392ns CellIdentityWcdma:{ mMcc=2147483647 mMnc=2147483647 mLac=2147483647 mCid=2147483647 mPsc=294} CellSignalStrengthWcdma: ss=6 ber=99}, CellInfoWcdma:{mRegistered=NO mTimeStampType=oem_ril mTimeStamp=487066124392ns CellIdentityWcdma:{ mMcc=2147483647 mMnc=2147483647 mLac=2147483647 mCid=2147483647 mPsc=296} CellSignalStrengthWcdma: ss=6 ber=99}, CellInfoWcdma:{mRegistered=NO mTimeStampType=oem_ril mTimeStamp=487066124392ns CellIdentityWcdma:{ mMcc=2147483647 mMnc=2147483647 mLac=2147483647 mCid=2147483647 mPsc=472} CellSignalStrengthWcdma: ss=6 ber=99}, CellInfoWcdma:{mRegistered=NO mTimeStampType=oem_ril mTimeStamp=487066124392ns CellIdentityWcdma:{ mMcc=2147483647 mMnc=2147483647 mLac=2147483647 mCid=2147483647 mPsc=472} CellSignalStrengthWcdma: ss=10 ber=99}]
04-11 19:59:49.612 D/GsmSST  ( 3447): [GsmSST] getCellLocation(): X good mCellLoc=[57330,46020609,62]
04-11 19:59:49.844 V/LG-FASTDORMANCY( 3447): [DCH/FACH] FDCount : 1 intent received :com.android.internal.telephony.ACTION_CHECK_NETSTAT
04-11 19:59:49.848 V/LG-FASTDORMANCY( 3447): [DCH/FACH] FDCount : 1 prev: TxPkts(6980), RxPkts(7891)
04-11 19:59:49.848 V/LG-FASTDORMANCY( 3447): [DCH/FACH] FDCount : 1 curr: TxPkts(6980), RxPkts(7891)
04-11 19:59:49.849 I/LG-FASTDORMANCY( 3447): [DCH/FACH] FDCount : 2 Scheduling checkNetStat for 1000msec, current state is [DCH/FACH] FDCount : 2 
04-11 19:59:50.404 D/QtiGsmDCT( 3447): [0]updateDataActivity: curTxRxSum={txSum=6980 rxSum=7891} preTxRxSum={txSum=6980 rxSum=7891}
04-11 19:59:50.404 D/QtiGsmDCT( 3447): [0]updateDataActivity: sent=0 received=0
04-11 19:59:50.852 V/LG-FASTDORMANCY( 3447): [DCH/FACH] FDCount : 2 intent received :com.android.internal.telephony.ACTION_CHECK_NETSTAT
04-11 19:59:50.857 V/LG-FASTDORMANCY( 3447): [DCH/FACH] FDCount : 2 prev: TxPkts(6980), RxPkts(7891)
04-11 19:59:50.857 V/LG-FASTDORMANCY( 3447): [DCH/FACH] FDCount : 2 curr: TxPkts(6980), RxPkts(7891)
04-11 19:59:50.858 I/LG-FASTDORMANCY( 3447): [DCH/FACH] FDCount : 3 Scheduling checkNetStat for 1000msec, current state is [DCH/FACH] FDCount : 3 
04-11 19:59:51.410 D/QtiGsmDCT( 3447): [0]updateDataActivity: curTxRxSum={txSum=6980 rxSum=7891} preTxRxSum={txSum=6980 rxSum=7891}
04-11 19:59:51.410 D/QtiGsmDCT( 3447): [0]updateDataActivity: sent=0 received=0
