04-11 19:59:51.863 V/LG-FASTDORMANCY( 3447): [DCH/FACH] FDCount : 3 intent received :com.android.internal.telephony.ACTION_CHECK_NETSTAT
04-11 19:59:51.867 V/LG-FASTDORMANCY( 3447): [DCH/FACH] FDCount : 3 prev: TxPkts(6980), RxPkts(7891)
04-11 19:59:51.867 V/LG-FASTDORMANCY( 3447): [DCH/FACH] FDCount : 3 curr: TxPkts(6980), RxPkts(7891)
04-11 19:59:51.868 I/LG-FASTDORMANCY( 3447): [DCH/FACH] FDCount : 4 Scheduling checkNetStat for 1000msec, current state is [DCH/FACH] FDCount : 4 
04-11 19:59:52.415 D/QtiGsmDCT( 3447): [0]updateDataActivity: curTxRxSum={txSum=6980 rxSum=7891} preTxRxSum={txSum=6980 rxSum=7891}
04-11 19:59:52.415 D/QtiGsmDCT( 3447): [0]updateDataActivity: sent=0 received=0
04-11 19:59:52.641 I/RILC    (  370): RIL_SOCKET_1 UNSOLICITED: RIL_UNSOL_LTE_REJECT_CAUSE length:16
04-11 19:59:52.641 E/RILC    (  370): Send Response to RIL_SOCKET_1
04-11 19:59:52.642 E/RILC    (  370): RIL Response bytes written:4
04-11 19:59:52.642 D/RILJ    ( 3447): [UNSL]< RIL_UNSOL_LTE_REJECT_CAUSE {15} [SUB0]
04-11 19:59:52.642 E/RILC    (  370): RIL Response bytes written:16
04-11 19:59:52.646 I/RILC    (  370): RIL_SOCKET_1 UNSOLICITED: UNSOL_OEM_HOOK_RAW length:32
04-11 19:59:52.646 E/RILC    (  370): Send Response to RIL_SOCKET_1
04-11 19:59:52.647 E/RILC    (  370): RIL Response bytes written:4
04-11 19:59:52.647 V/RILJ    ( 3447): [UNSL]< UNSOL_OEM_HOOK_RAW 514f454d484f4f4bef0308000100000002 [SUB0]
04-11 19:59:52.648 D/RILJ    ( 3447): Oem ID in RIL_UNSOL_OEM_HOOK_RAW is QOEMHOOK
04-11 19:59:52.648 D/RILJ    ( 3447): OEM ID check Passed
04-11 19:59:52.648 D/RILJ    ( 3447): Response ID in RIL_UNSOL_OEM_HOOK_RAW is 525295
04-11 19:59:52.648 D/RILJ    ( 3447): Response ID 525295 is not served in this process.
04-11 19:59:52.648 E/RILC    (  370): RIL Response bytes written:32
04-11 19:59:52.650 I/RILC    (  370): RIL_SOCKET_1 UNSOLICITED: UNSOL_RESPONSE_VOICE_NETWORK_STATE_CHANGED length:8
04-11 19:59:52.651 E/RILC    (  370): Send Response to RIL_SOCKET_1
04-11 19:59:52.651 E/RILC    (  370): RIL Response bytes written:4
04-11 19:59:52.651 D/RILJ    ( 3447): [UNSL]< UNSOL_RESPONSE_VOICE_NETWORK_STATE_CHANGED [SUB0]
04-11 19:59:52.651 D/RILJ    ( 3447): [4508]> OPERATOR [SUB0]
04-11 19:59:52.652 D/RILJ    ( 3447): [4509]> DATA_REGISTRATION_STATE [SUB0]
04-11 19:59:52.653 D/RILC    (  370): SOCKET RIL_SOCKET_1 REQUEST: OPERATOR length:8
04-11 19:59:52.654 D/RILJ    ( 3447): [4510]> VOICE_REGISTRATION_STATE [SUB0]
04-11 19:59:52.654 D/RILC    (  370): SOCKET RIL_SOCKET_1 REQUEST: DATA_REGISTRATION_STATE length:8
04-11 19:59:52.656 D/RILJ    ( 3447): [4511]> QUERY_NETWORK_SELECTION_MODE [SUB0]
04-11 19:59:52.656 D/RILC    (  370): SOCKET RIL_SOCKET_1 REQUEST: VOICE_REGISTRATION_STATE length:8
04-11 19:59:52.657 E/RILC    (  370): RIL Response bytes written:8
04-11 19:59:52.658 D/RILC    (  370): SOCKET RIL_SOCKET_1 REQUEST: QUERY_NETWORK_SELECTION_MODE length:8
04-11 19:59:52.667 D/RILC    (  370): RequestComplete, RIL_SOCKET_1
04-11 19:59:52.667 E/RILC    (  370): Send Response to RIL_SOCKET_1
04-11 19:59:52.668 E/RILC    (  370): RIL Response bytes written:4
04-11 19:59:52.668 E/RILC    (  370): RIL Response bytes written:72
04-11 19:59:52.668 D/RILJ    ( 3447): [4508]< OPERATOR {Orange, Orange, 26003} [SUB0]
04-11 19:59:52.672 D/RILC    (  370): RequestComplete, RIL_SOCKET_1
04-11 19:59:52.672 E/RILC    (  370): Send Response to RIL_SOCKET_1
04-11 19:59:52.672 E/RILC    (  370): RIL Response bytes written:4
04-11 19:59:52.672 D/RILJ    ( 3447): [4511]< QUERY_NETWORK_SELECTION_MODE {0} [SUB0]
04-11 19:59:52.672 E/RILC    (  370): RIL Response bytes written:20
04-11 19:59:52.673 D/RILC    (  370): RequestComplete, RIL_SOCKET_1
04-11 19:59:52.673 E/RILC    (  370): Send Response to RIL_SOCKET_1
04-11 19:59:52.673 E/RILC    (  370): RIL Response bytes written:4
04-11 19:59:52.673 D/RILJ    ( 3447): [4509]< DATA_REGISTRATION_STATE {1, dff2, 02bec826, 11, null, 20, null, null, null, null, null, 0} [SUB0]
04-11 19:59:52.673 D/GsmSST  ( 3447): isSFROperators result = false
04-11 19:59:52.674 D/PHONE   ( 3447): [ServiceState] setDataRegState=0
04-11 19:59:52.674 D/PHONE   ( 3447): [ServiceState] setDataRadioTechnology=11
04-11 19:59:52.674 D/GsmSST  ( 3447): [GsmSST] LOGRadioInfo : In Service
04-11 19:59:52.674 D/GsmSST  ( 3447): [GsmSST] handlPollStateResultMessage: GsmSST setDataRegState=0 regState=1 dataRadioTechnology=11
04-11 19:59:52.674 E/RILC    (  370): RIL Response bytes written:120
04-11 19:59:52.675 D/RILC    (  370): RequestComplete, RIL_SOCKET_1
04-11 19:59:52.675 E/RILC    (  370): Send Response to RIL_SOCKET_1
04-11 19:59:52.675 E/RILC    (  370): RIL Response bytes written:4
04-11 19:59:52.675 D/RILJ    ( 3447): [4510]< VOICE_REGISTRATION_STATE {1, dff2, 02bec826, 3, null, null, null, 0, null, null, 1, null, null, 0, 1d8} [SUB0]
04-11 19:59:52.675 E/RILC    (  370): RIL Response bytes written:136
04-11 19:59:52.675 D/PHONE   ( 3447): [ServiceState] setVoiceRegState=0
04-11 19:59:52.675 E/PHONE   ( 3447): [ServiceState] setState deprecated use setVoiceRegState()
04-11 19:59:52.675 D/GsmSST  ( 3447): [GsmSST] LOGRadioInfo : In Service
04-11 19:59:52.678 D/GsmSST  ( 3447): [GsmSST] Poll ServiceState done:  oldSS=[0 0 voice home data home Orange Orange 26003 Orange Orange 26003  UMTS HSPA CSS not supported -1 -1 RoamInd=-1 DefRoamInd=-1 EmergOnly=false IsDataRoamingFromRegistration=false mIsVoiceSearching=false mIsDataSearching=false mVoiceNetworkName=null mDataNetworkName=null Check64QAM0 Dual carrier0] newSS=[0 0 voice home data home Orange Orange 26003 Orange Orange 26003  UMTS HSPA CSS not supported -1 -1 RoamInd=-1 DefRoamInd=-1 EmergOnly=false IsDataRoamingFromRegistration=false mIsVoiceSearching=false mIsDataSearching=false mVoiceNetworkName=null mDataNetworkName=null Check64QAM0 Dual carrier0] oldMaxDataCalls=20 mNewMaxDataCalls=20 oldReasonDataDenied=-1 mNewReasonDataDenied=-1
04-11 19:59:52.678 D/PHONE   ( 3447): [ServiceState] setNullState=1
04-11 19:59:52.678 D/GsmSST  ( 3447): [GsmSST] getCellLocation(): X good mCellLoc=[57330,46057510,472]
04-11 19:59:52.678 D/TelephonyRegistry( 1891): notifyCellLocationForSubscriber: subId=2 cellLocation=Bundle[mParcelledData.dataSize=64]
04-11 19:59:52.696 D/GsmSST  ( 3447): [GsmSST] getCellLocation(): X good mCellLoc=[57330,46057510,472]
04-11 19:59:52.704 D/RILJ    ( 3447): [4512]> REQUEST_GET_NEIGHBORING_CELL_IDS [SUB0]
04-11 19:59:52.706 D/RILC    (  370): SOCKET RIL_SOCKET_1 REQUEST: GET_NEIGHBORING_CELL_IDS length:8
04-11 19:59:52.706 I/RILQ    (  370): (0/370):RIL[0][main] qcril_qmi_nas_get_neighboring_cell_ids: completed with 0
04-11 19:59:52.710 I/RILQ    (  370): (0/370):RIL[0][qmi_cb] qcril_qmi_nas_get_neighboring_cells_cb: .. qmi error 0, resultqmi  0, qmi transp_err 0, ril res 0
04-11 19:59:52.712 D/RILC    (  370): RequestComplete, RIL_SOCKET_1
04-11 19:59:52.712 E/RILC    (  370): Send Response to RIL_SOCKET_1
04-11 19:59:52.712 E/RILC    (  370): RIL Response bytes written:4
04-11 19:59:52.712 E/RILC    (  370): RIL Response bytes written:128
04-11 19:59:52.712 I/RILQ    (  370): (0/370):RIL[0][qmi_cb] qcril_qmi_nas_get_neighboring_cells_cb: completed with 0 with 4 entries
04-11 19:59:52.714 D/RILJ    ( 3447): [4512]< REQUEST_GET_NEIGHBORING_CELL_IDS {[[1d8@-100]] [[14@-102]] [[126@-103]] [[128@-108]] } [SUB0]
04-11 19:59:52.717 D/RILJ    ( 3447): [4513]> RIL_REQUEST_GET_CELL_INFO_LIST [SUB0]
04-11 19:59:52.719 D/RILC    (  370): SOCKET RIL_SOCKET_1 REQUEST: GET_CELL_INFO_LIST length:8
04-11 19:59:52.721 D/RILC    (  370): RequestComplete, RIL_SOCKET_1
04-11 19:59:52.721 E/RILC    (  370): Send Response to RIL_SOCKET_1
04-11 19:59:52.722 E/RILC    (  370): RIL Response bytes written:4
04-11 19:59:52.722 D/RILJ    ( 3447): [4513]< RIL_REQUEST_GET_CELL_INFO_LIST [CellInfoWcdma:{mRegistered=YES mTimeStampType=oem_ril mTimeStamp=491434383973ns CellIdentityWcdma:{ mMcc=260 mMnc=3 mLac=57330 mCid=46057510 mPsc=472} CellSignalStrengthWcdma: ss=0 ber=99}, CellInfoWcdma:{mRegistered=NO mTimeStampType=oem_ril mTimeStamp=491434383973ns CellIdentityWcdma:{ mMcc=2147483647 mMnc=2147483647 mLac=2147483647 mCid=2147483647 mPsc=472} CellSignalStrengthWcdma: ss=7 ber=99}, CellInfoWcdma:{mRegistered=NO mTimeStampType=oem_ril mTimeStamp=491434383973ns CellIdentityWcdma:{ mMcc=2147483647 mMnc=2147483647 mLac=2147483647 mCid=2147483647 mPsc=20} CellSignalStrengthWcdma: ss=6 ber=99}, CellInfoWcdma:{mRegistered=NO mTimeStampType=oem_ril mTimeStamp=491434383973ns CellIdentityWcdma:{ mMcc=2147483647 mMnc=2147483647 mLac=2147483647 mCid=2147483647 mPsc=294} CellSignalStrengthWcdma: ss=5 ber=99}, CellInfoWcdma:{mRegistered=NO mTimeStampType=oem_ril mTimeStamp=491434383973ns CellIdentityWcdma:{ mMcc=2147483647 mMnc=2147483647 mLac=2147483647 mCid=2147483647 mPsc=296} CellSignalStrengthWcdma: ss=3 ber=99}] [SUB0]
04-11 19:59:52.722 E/RILC    (  370): RIL Response bytes written:256
04-11 19:59:52.724 D/GsmSST  ( 3447): [GsmSST] SST.getAllCellInfo(): X size=5 list=[CellInfoWcdma:{mRegistered=YES mTimeStampType=oem_ril mTimeStamp=491434383973ns CellIdentityWcdma:{ mMcc=260 mMnc=3 mLac=57330 mCid=46057510 mPsc=472} CellSignalStrengthWcdma: ss=0 ber=99}, CellInfoWcdma:{mRegistered=NO mTimeStampType=oem_ril mTimeStamp=491434383973ns CellIdentityWcdma:{ mMcc=2147483647 mMnc=2147483647 mLac=2147483647 mCid=2147483647 mPsc=472} CellSignalStrengthWcdma: ss=7 ber=99}, CellInfoWcdma:{mRegistered=NO mTimeStampType=oem_ril mTimeStamp=491434383973ns CellIdentityWcdma:{ mMcc=2147483647 mMnc=2147483647 mLac=2147483647 mCid=2147483647 mPsc=20} CellSignalStrengthWcdma: ss=6 ber=99}, CellInfoWcdma:{mRegistered=NO mTimeStampType=oem_ril mTimeStamp=491434383973ns CellIdentityWcdma:{ mMcc=2147483647 mMnc=2147483647 mLac=2147483647 mCid=2147483647 mPsc=294} CellSignalStrengthWcdma: ss=5 ber=99}, CellInfoWcdma:{mRegistered=NO mTimeStampType=oem_ril mTimeStamp=491434383973ns CellIdentityWcdma:{ mMcc=2147483647 mMnc=2147483647 mLac=2147483647 mCid=2147483647 mPsc=296} CellSignalStrengthWcdma: ss=3 ber=99}]
04-11 19:59:52.727 D/GsmSST  ( 3447): [GsmSST] getCellLocation(): X good mCellLoc=[57330,46057510,472]
04-11 19:59:52.741 I/RILC    (  370): RIL_SOCKET_1 UNSOLICITED: UNSOL_SIGNAL_STRENGTH length:68
04-11 19:59:52.741 E/RILC    (  370): Send Response to RIL_SOCKET_1
04-11 19:59:52.741 E/RILC    (  370): RIL Response bytes written:4
04-11 19:59:52.742 E/RILC    (  370): RIL Response bytes written:68
04-11 19:59:52.742 D/GsmSST  ( 3447): [GsmSST] ServiceStateTrackerEx:onSignalStrengthResult() isGsm=true DataRadioTech=11
04-11 19:59:52.742 W/LGSignalStrength( 3447): setDataRadioTechnology: dataRadioTechnology = 11
04-11 19:59:52.743 D/DefaultPhoneNotifier( 3447): notifySignalStrength: mRegistry=com.android.internal.telephony.ITelephonyRegistry$Stub$Proxy@ced2ad0 ss=SignalStrength: 6 0 -101 -150 -120 -1 -1 99 2147483647 2147483647 2147483647 2147483647 2147483647 gsm|lte 11 0 -101 -150 sender=Handler (com.qti.internal.telephony.gsm.QtiGSMPhone) {560d91e}
04-11 19:59:52.758 D/QtiGsmDCT( 3447): [0]getDataEnabled: getIntWithSubId retVal=true
04-11 19:59:52.872 V/LG-FASTDORMANCY( 3447): [DCH/FACH] FDCount : 4 intent received :com.android.internal.telephony.ACTION_CHECK_NETSTAT
04-11 19:59:52.876 V/LG-FASTDORMANCY( 3447): [DCH/FACH] FDCount : 4 prev: TxPkts(6980), RxPkts(7891)
04-11 19:59:52.876 V/LG-FASTDORMANCY( 3447): [DCH/FACH] FDCount : 4 curr: TxPkts(6980), RxPkts(7891)
04-11 19:59:52.877 I/LG-FASTDORMANCY( 3447): [DCH/FACH] FDCount : 5 Scheduling checkNetStat for 1000msec, current state is [DCH/FACH] FDCount : 5 
04-11 19:59:53.419 D/QtiGsmDCT( 3447): [0]updateDataActivity: curTxRxSum={txSum=6980 rxSum=7891} preTxRxSum={txSum=6980 rxSum=7891}
04-11 19:59:53.419 D/QtiGsmDCT( 3447): [0]updateDataActivity: sent=0 received=0
04-11 19:59:53.881 V/LG-FASTDORMANCY( 3447): [DCH/FACH] FDCount : 5 intent received :com.android.internal.telephony.ACTION_CHECK_NETSTAT
04-11 19:59:53.885 V/LG-FASTDORMANCY( 3447): [DCH/FACH] FDCount : 5 prev: TxPkts(6980), RxPkts(7891)
04-11 19:59:53.885 V/LG-FASTDORMANCY( 3447): [DCH/FACH] FDCount : 5 curr: TxPkts(6980), RxPkts(7891)
04-11 19:59:53.886 I/LG-FASTDORMANCY( 3447): [DCH/FACH] FDCount : 6 Scheduling checkNetStat for 1000msec, current state is [DCH/FACH] FDCount : 6 
04-11 19:59:54.424 D/QtiGsmDCT( 3447): [0]updateDataActivity: curTxRxSum={txSum=6980 rxSum=7891} preTxRxSum={txSum=6980 rxSum=7891}
04-11 19:59:54.424 D/QtiGsmDCT( 3447): [0]updateDataActivity: sent=0 received=0
04-11 19:59:54.891 V/LG-FASTDORMANCY( 3447): [DCH/FACH] FDCount : 6 intent received :com.android.internal.telephony.ACTION_CHECK_NETSTAT
04-11 19:59:54.895 V/LG-FASTDORMANCY( 3447): [DCH/FACH] FDCount : 6 prev: TxPkts(6980), RxPkts(7891)
04-11 19:59:54.895 V/LG-FASTDORMANCY( 3447): [DCH/FACH] FDCount : 6 curr: TxPkts(6980), RxPkts(7891)
04-11 19:59:54.896 I/LG-FASTDORMANCY( 3447): [DCH/FACH] FDCount : 7 Scheduling checkNetStat for 1000msec, current state is [DCH/FACH] FDCount : 7 
04-11 19:59:55.429 D/QtiGsmDCT( 3447): [0]updateDataActivity: curTxRxSum={txSum=6980 rxSum=7891} preTxRxSum={txSum=6980 rxSum=7891}
04-11 19:59:55.429 D/QtiGsmDCT( 3447): [0]updateDataActivity: sent=0 received=0
04-11 19:59:55.900 V/LG-FASTDORMANCY( 3447): [DCH/FACH] FDCount : 7 intent received :com.android.internal.telephony.ACTION_CHECK_NETSTAT
04-11 19:59:55.904 V/LG-FASTDORMANCY( 3447): [DCH/FACH] FDCount : 7 prev: TxPkts(6980), RxPkts(7891)
04-11 19:59:55.904 V/LG-FASTDORMANCY( 3447): [DCH/FACH] FDCount : 7 curr: TxPkts(6980), RxPkts(7891)
04-11 19:59:55.905 I/LG-FASTDORMANCY( 3447): [DCH/FACH] FDCount : 8 Scheduling checkNetStat for 1000msec, current state is [DCH/FACH] FDCount : 8 
04-11 19:59:56.434 D/QtiGsmDCT( 3447): [0]updateDataActivity: curTxRxSum={txSum=6980 rxSum=7891} preTxRxSum={txSum=6980 rxSum=7891}
04-11 19:59:56.434 D/QtiGsmDCT( 3447): [0]updateDataActivity: sent=0 received=0
04-11 19:59:56.910 V/LG-FASTDORMANCY( 3447): [DCH/FACH] FDCount : 8 intent received :com.android.internal.telephony.ACTION_CHECK_NETSTAT
04-11 19:59:56.913 V/LG-FASTDORMANCY( 3447): [DCH/FACH] FDCount : 8 prev: TxPkts(6980), RxPkts(7891)
04-11 19:59:56.913 V/LG-FASTDORMANCY( 3447): [DCH/FACH] FDCount : 8 curr: TxPkts(6980), RxPkts(7891)
04-11 19:59:56.914 I/LG-FASTDORMANCY( 3447): [DCH/FACH] FDCount : 9 Scheduling checkNetStat for 1000msec, current state is [DCH/FACH] FDCount : 9 
04-11 19:59:57.438 D/QtiGsmDCT( 3447): [0]updateDataActivity: curTxRxSum={txSum=6980 rxSum=7891} preTxRxSum={txSum=6980 rxSum=7891}
04-11 19:59:57.439 D/QtiGsmDCT( 3447): [0]updateDataActivity: sent=0 received=0
04-11 19:59:57.919 V/LG-FASTDORMANCY( 3447): [DCH/FACH] FDCount : 9 intent received :com.android.internal.telephony.ACTION_CHECK_NETSTAT
04-11 19:59:57.923 V/LG-FASTDORMANCY( 3447): [DCH/FACH] FDCount : 9 prev: TxPkts(6980), RxPkts(7891)
04-11 19:59:57.923 V/LG-FASTDORMANCY( 3447): [DCH/FACH] FDCount : 9 curr: TxPkts(6981), RxPkts(7891)
04-11 19:59:57.923 I/LG-FASTDORMANCY( 3447): [DCH/FACH] FDCount : 0 Scheduling checkNetStat for 1000msec, current state is [DCH/FACH] FDCount : 0 
04-11 19:59:58.132 I/RILC    (  370): RIL_SOCKET_1 UNSOLICITED: RIL_UNSOL_LTE_REJECT_CAUSE length:16
04-11 19:59:58.133 E/RILC    (  370): Send Response to RIL_SOCKET_1
04-11 19:59:58.133 E/RILC    (  370): RIL Response bytes written:4
04-11 19:59:58.133 D/RILJ    ( 3447): [UNSL]< RIL_UNSOL_LTE_REJECT_CAUSE {15} [SUB0]
04-11 19:59:58.133 E/RILC    (  370): RIL Response bytes written:16
04-11 19:59:58.136 I/RILC    (  370): RIL_SOCKET_1 UNSOLICITED: UNSOL_OEM_HOOK_RAW length:32
04-11 19:59:58.136 E/RILC    (  370): Send Response to RIL_SOCKET_1
04-11 19:59:58.136 E/RILC    (  370): RIL Response bytes written:4
04-11 19:59:58.136 V/RILJ    ( 3447): [UNSL]< UNSOL_OEM_HOOK_RAW 514f454d484f4f4bef0308000100000001 [SUB0]
04-11 19:59:58.137 D/RILJ    ( 3447): Oem ID in RIL_UNSOL_OEM_HOOK_RAW is QOEMHOOK
04-11 19:59:58.137 D/RILJ    ( 3447): OEM ID check Passed
04-11 19:59:58.137 D/RILJ    ( 3447): Response ID in RIL_UNSOL_OEM_HOOK_RAW is 525295
04-11 19:59:58.137 D/RILJ    ( 3447): Response ID 525295 is not served in this process.
04-11 19:59:58.137 E/RILC    (  370): RIL Response bytes written:32
04-11 19:59:58.139 I/RILC    (  370): RIL_SOCKET_1 UNSOLICITED: UNSOL_RESPONSE_VOICE_NETWORK_STATE_CHANGED length:8
04-11 19:59:58.139 E/RILC    (  370): Send Response to RIL_SOCKET_1
04-11 19:59:58.140 E/RILC    (  370): RIL Response bytes written:4
04-11 19:59:58.140 D/RILJ    ( 3447): [UNSL]< UNSOL_RESPONSE_VOICE_NETWORK_STATE_CHANGED [SUB0]
04-11 19:59:58.140 E/RILC    (  370): RIL Response bytes written:8
04-11 19:59:58.140 D/RILJ    ( 3447): [4514]> OPERATOR [SUB0]
04-11 19:59:58.141 D/RILJ    ( 3447): [4515]> DATA_REGISTRATION_STATE [SUB0]
04-11 19:59:58.141 I/RILQ    (  370): (0/370):RIL[0][event] qcril_arb_set_dsd_sys_status: old_pref_data 1 - new_data_pref 1
04-11 19:59:58.141 I/RILQ    (  370): (0/370):RIL[0][event] qcril_arb_set_dsd_sys_status: preferred dsd_sys_status nw=0x0, rat_value=0x1, so_mask=0x0000000000000015
04-11 19:59:58.141 I/RILQ    (  370): (0/370):RIL[0][event] qcril_arb_set_dsd_sys_status: preferred 1 - dsd_sys_status nw=0x0, rat_value=0x1, so_mask=0x0000000000000015
04-11 19:59:58.141 I/RILQ    (  370): (0/370):RIL[0][event] qcril_arb_set_dsd_sys_status: is_wwan_available 0
04-11 19:59:58.142 D/RILC    (  370): SOCKET RIL_SOCKET_1 REQUEST: OPERATOR length:8
04-11 19:59:58.143 I/RILC    (  370): RIL_SOCKET_1 UNSOLICITED: UNSOL_OEM_HOOK_RAW length:32
04-11 19:59:58.143 E/RILC    (  370): Send Response to RIL_SOCKET_1
04-11 19:59:58.143 E/RILC    (  370): RIL Response bytes written:4
04-11 19:59:58.143 V/RILJ    ( 3447): [UNSL]< UNSOL_OEM_HOOK_RAW 514f454d484f4f4bfa0308000100000000 [SUB0]
04-11 19:59:58.143 D/RILJ    ( 3447): Oem ID in RIL_UNSOL_OEM_HOOK_RAW is QOEMHOOK
04-11 19:59:58.143 D/RILJ    ( 3447): OEM ID check Passed
04-11 19:59:58.143 D/RILJ    ( 3447): Response ID in RIL_UNSOL_OEM_HOOK_RAW is 525306
04-11 19:59:58.143 D/RILJ    ( 3447): WWAN, IWLAN coexistence notified to registrants
04-11 19:59:58.144 E/RILC    (  370): RIL Response bytes written:32
04-11 19:59:58.145 D/RILC    (  370): SOCKET RIL_SOCKET_1 REQUEST: DATA_REGISTRATION_STATE length:8
04-11 19:59:58.145 D/RILJ    ( 3447): [4516]> VOICE_REGISTRATION_STATE [SUB0]
04-11 19:59:58.146 D/RILJ    ( 3447): [4517]> QUERY_NETWORK_SELECTION_MODE [SUB0]
04-11 19:59:58.147 D/RILC    (  370): SOCKET RIL_SOCKET_1 REQUEST: VOICE_REGISTRATION_STATE length:8
04-11 19:59:58.148 D/RILC    (  370): SOCKET RIL_SOCKET_1 REQUEST: QUERY_NETWORK_SELECTION_MODE length:8
04-11 19:59:58.158 D/RILC    (  370): RequestComplete, RIL_SOCKET_1
04-11 19:59:58.158 E/RILC    (  370): Send Response to RIL_SOCKET_1
04-11 19:59:58.158 E/RILC    (  370): RIL Response bytes written:4
04-11 19:59:58.158 E/RILC    (  370): RIL Response bytes written:72
04-11 19:59:58.159 D/RILJ    ( 3447): [4514]< OPERATOR {Orange, Orange, 26003} [SUB0]
04-11 19:59:58.163 I/RILC    (  370): RIL_SOCKET_1 UNSOLICITED: RIL_UNSOL_LTE_REJECT_CAUSE length:16
04-11 19:59:58.163 E/RILC    (  370): Send Response to RIL_SOCKET_1
04-11 19:59:58.163 E/RILC    (  370): RIL Response bytes written:4
04-11 19:59:58.164 D/RILJ    ( 3447): [UNSL]< RIL_UNSOL_LTE_REJECT_CAUSE {15} [SUB0]
04-11 19:59:58.164 E/RILC    (  370): RIL Response bytes written:16
04-11 19:59:58.166 D/RILC    (  370): RequestComplete, RIL_SOCKET_1
04-11 19:59:58.166 E/RILC    (  370): Send Response to RIL_SOCKET_1
04-11 19:59:58.166 E/RILC    (  370): RIL Response bytes written:4
04-11 19:59:58.166 E/RILC    (  370): RIL Response bytes written:20
04-11 19:59:58.167 D/RILJ    ( 3447): [4517]< QUERY_NETWORK_SELECTION_MODE {0} [SUB0]
04-11 19:59:58.169 D/RILC    (  370): RequestComplete, RIL_SOCKET_1
04-11 19:59:58.169 E/RILC    (  370): Send Response to RIL_SOCKET_1
04-11 19:59:58.169 E/RILC    (  370): RIL Response bytes written:4
04-11 19:59:58.169 E/RILC    (  370): RIL Response bytes written:136
04-11 19:59:58.172 D/RILC    (  370): RequestComplete, RIL_SOCKET_1
04-11 19:59:58.172 E/RILC    (  370): Send Response to RIL_SOCKET_1
04-11 19:59:58.172 E/RILC    (  370): RIL Response bytes written:4
04-11 19:59:58.172 E/RILC    (  370): RIL Response bytes written:120
04-11 19:59:58.173 I/RILC    (  370): RIL_SOCKET_1 UNSOLICITED: UNSOL_RESPONSE_VOICE_NETWORK_STATE_CHANGED length:8
04-11 19:59:58.173 E/RILC    (  370): Send Response to RIL_SOCKET_1
04-11 19:59:58.173 E/RILC    (  370): RIL Response bytes written:4
04-11 19:59:58.173 E/RILC    (  370): RIL Response bytes written:8
04-11 19:59:58.174 D/RILJ    ( 3447): [4516]< VOICE_REGISTRATION_STATE {1, dff2, 02bec826, 3, null, null, null, 0, null, null, 1, null, null, 0, 1d8} [SUB0]
04-11 19:59:58.175 D/RILJ    ( 3447): [4515]< DATA_REGISTRATION_STATE {1, dff2, 02bec826, 15, null, 20, null, null, null, null, null, 0} [SUB0]
04-11 19:59:58.175 D/PHONE   ( 3447): [ServiceState] setVoiceRegState=0
04-11 19:59:58.175 E/PHONE   ( 3447): [ServiceState] setState deprecated use setVoiceRegState()
04-11 19:59:58.175 D/GsmSST  ( 3447): [GsmSST] LOGRadioInfo : In Service
04-11 19:59:58.175 D/GsmSST  ( 3447): isSFROperators result = false
04-11 19:59:58.175 D/PHONE   ( 3447): [ServiceState] setDataRegState=0
04-11 19:59:58.175 D/PHONE   ( 3447): [ServiceState] setDataRadioTechnology=15
04-11 19:59:58.175 D/GsmSST  ( 3447): [GsmSST] LOGRadioInfo : In Service
04-11 19:59:58.175 D/GsmSST  ( 3447): [GsmSST] handlPollStateResultMessage: GsmSST setDataRegState=0 regState=1 dataRadioTechnology=15
04-11 19:59:58.178 D/GsmSST  ( 3447): [GsmSST] Poll ServiceState done:  oldSS=[0 0 voice home data home Orange Orange 26003 Orange Orange 26003  UMTS HSPA CSS not supported -1 -1 RoamInd=-1 DefRoamInd=-1 EmergOnly=false IsDataRoamingFromRegistration=false mIsVoiceSearching=false mIsDataSearching=false mVoiceNetworkName=null mDataNetworkName=null Check64QAM0 Dual carrier0] newSS=[0 0 voice home data home Orange Orange 26003 Orange Orange 26003  UMTS HSPAP CSS not supported -1 -1 RoamInd=-1 DefRoamInd=-1 EmergOnly=false IsDataRoamingFromRegistration=false mIsVoiceSearching=false mIsDataSearching=false mVoiceNetworkName=null mDataNetworkName=null Check64QAM0 Dual carrier0] oldMaxDataCalls=20 mNewMaxDataCalls=20 oldReasonDataDenied=-1 mNewReasonDataDenied=-1
04-11 19:59:58.179 D/PHONE   ( 3447): [ServiceState] setNullState=1
04-11 19:59:58.179 D/TelephonyManager( 3447): setTelephonyProperty: success phoneId=0 property=gsm.network.type value: UMTS propVal=UMTS
04-11 19:59:58.180 D/RILJ    ( 3447): [UNSL]< UNSOL_RESPONSE_VOICE_NETWORK_STATE_CHANGED [SUB0]
04-11 19:59:58.180 D/SIMRecords( 3447): [SIMRecords] getServiceProviderName: no brandOverride
04-11 19:59:58.180 D/SIMRecords( 3447): [SIMRecords] getServiceProviderName: providerName=Orange
04-11 19:59:58.180 D/SIMRecords( 3447): [SIMRecords] getServiceProviderName: no brandOverride
04-11 19:59:58.180 D/SIMRecords( 3447): [SIMRecords] getServiceProviderName: providerName=Orange
04-11 19:59:58.180 D/GSMPhoneEx( 3447): grandblue SpnMvno = Orange operator = 26003 simMcc  = 260 simMnc  = 03
04-11 19:59:58.180 D/GSMPhoneEx( 3447): grandblue after SpnMvno = Orange operator = 26003 simMcc  = 260 simMnc  = 03
04-11 19:59:58.181 D/TelephonyManager( 3447): setTelephonyProperty: success phoneId=0 property=gsm.operator.alpha value: Orange propVal=Orange
04-11 19:59:58.181 D/TelephonyManager( 3447): setTelephonyProperty: success phoneId=0 property=gsm.operator.numeric value: 26003 propVal=26003
04-11 19:59:58.182 D/TelephonyManager( 3447): setTelephonyProperty: success phoneId=0 property=gsm.operator.iso-country value: pl propVal=pl
04-11 19:59:58.183 D/GsmSST  ( 3447): [GsmSST] shouldFixTimeZoneNow: retVal=false iccCardExist=true operatorNumeric=26003 mcc=260 prevOperatorNumeric=26003 prevMcc=260 needToFixTimeZone=false ltod=04-11 19:59:58.182
04-11 19:59:58.183 D/TelephonyManager( 3447): setTelephonyProperty: success phoneId=0 property=gsm.operator.isroaming value: false propVal=false
04-11 19:59:58.183 D/TelephonyManager( 3447): setTelephonyProperty: success phoneId=0 property=ril.cdma.voiceinservice value: true propVal=true
04-11 19:59:58.184 D/GsmSST  ( 3447): [GsmSST] Broadcasting ServiceState : 0 0 voice home data home Orange Orange 26003 Orange Orange 26003  UMTS HSPAP CSS not supported -1 -1 RoamInd=-1 DefRoamInd=-1 EmergOnly=false IsDataRoamingFromRegistration=false mIsVoiceSearching=false mIsDataSearching=false mVoiceNetworkName=null mDataNetworkName=null Check64QAM0 Dual carrier0
04-11 19:59:58.184 D/DefaultPhoneNotifier( 3447): nofityServiceState: mRegistry=com.android.internal.telephony.ITelephonyRegistry$Stub$Proxy@ced2ad0 ss=0 0 voice home data home Orange Orange 26003 Orange Orange 26003  UMTS HSPAP CSS not supported -1 -1 RoamInd=-1 DefRoamInd=-1 EmergOnly=false IsDataRoamingFromRegistration=false mIsVoiceSearching=false mIsDataSearching=false mVoiceNetworkName=null mDataNetworkName=null Check64QAM0 Dual carrier0 sender=Handler (com.qti.internal.telephony.gsm.QtiGSMPhone) {560d91e} phondId=0 subId=2
04-11 19:59:58.194 D/SubscriptionManager( 1891): getSimStateForSubscriber: simState=5 slotIdx=0
04-11 19:59:58.196 D/GsmSST  ( 3447): [GsmSST] notifyDataRegStateRilRadioTechnologyChanged: drs=0 rat=15
04-11 19:59:58.196 D/TelephonyManager( 3447): setTelephonyProperty: success phoneId=0 property=gsm.network.type value: HSPAP propVal=HSPAP
04-11 19:59:58.198 D/QtiGsmDCT( 3447): [0]get all active apn types
04-11 19:59:58.198 D/DC-1    ( 3447): DcActiveState not handled msg.what=EVENT_DATA_CONNECTION_DRS_OR_RAT_CHANGED
04-11 19:59:58.198 D/DC-1    ( 3447): DcDefault msg=EVENT_DATA_CONNECTION_DRS_OR_RAT_CHANGED RefCount=1
04-11 19:59:58.198 D/DC-1    ( 3447): DcDefaultState: EVENT_DATA_CONNECTION_DRS_OR_RAT_CHANGED drs=0 mRilRat=15
04-11 19:59:58.199 D/QtiGsmDCT( 3447): [0]fetchDunApn: Ignore the dun apn in settings.db
04-11 19:59:58.200 D/QtiGsmDCT( 3447): [0]return link properites for default
04-11 19:59:58.203 D/QtiGsmDCT( 3447): [0]getDataEnabled: getIntWithSubId retVal=true
04-11 19:59:58.237 D/QtiGsmDCT( 3447): [0]fetchDunApn: config_tether_apndata dunSetting=null
04-11 19:59:58.237 D/DC-1    ( 3447): isInternetRequested = true
04-11 19:59:58.239 D/DC-1    ( 3447): DcActiveState not handled msg.what=REQ_GET_LINK_PROPERTIES
04-11 19:59:58.239 D/DC-1    ( 3447): DcDefault msg=REQ_GET_LINK_PROPERTIES RefCount=1
04-11 19:59:58.239 D/DC-1    ( 3447): REQ_GET_LINK_PROPERTIES linkProperties{InterfaceName: rmnet_data0 LinkAddresses: [2a00:f41:509d:3c49:86de:75f7:213a:3588/64,]  Routes: [::/0 -> fe80::88b0:3588:9bd1:5a35 rmnet_data0,] DnsAddresses: [2a01:1700:3:ffff::9822,2a01:1700:2:ffff::9f01,] Domains: null MTU: 1500 TcpBufferSizes: 122334,734003,3461120,32040,192239,3461120}
04-11 19:59:58.240 D/QtiGsmDCT( 3447): [0]get active pdp is not null, return NetworkCapabilities for default
04-11 19:59:58.240 D/DC-1    ( 3447): DcActiveState not handled msg.what=REQ_GET_NETWORK_CAPABILITIES
04-11 19:59:58.240 D/DC-1    ( 3447): DcDefault msg=REQ_GET_NETWORK_CAPABILITIES RefCount=1
04-11 19:59:58.240 D/QtiGsmDCT( 3447): [0]fetchDunApn: Ignore the dun apn in settings.db
04-11 19:59:58.269 D/QtiGsmDCT( 3447): [0]fetchDunApn: config_tether_apndata dunSetting=null
04-11 19:59:58.269 D/DC-1    ( 3447): isInternetRequested = true
04-11 19:59:58.269 D/DC-1    ( 3447): REQ_GET_NETWORK_CAPABILITIES networkCapabilities[ Transports: CELLULAR Capabilities: SUPL&DUN&INTERNET&NOT_RESTRICTED&TRUSTED&NOT_VPN LinkUpBandwidth>=11264Kbps LinkDnBandwidth>=43008Kbps Specifier: <2>]
04-11 19:59:58.271 D/QtiGsmDCT( 3447): [0]isDataPossible(default): possible=true isDataAllowed=true apnTypePossible=true apnContextisEnabled=true apnContextState()=CONNECTED
04-11 19:59:58.271 D/QtiGsmDCT( 3447): [0]get active apn string for type:default
04-11 19:59:58.271 D/DCT     ( 3447): [ApnContext:default] getApnSetting: apnSetting=[ApnSettingV3] Orange Internet, 695, 26003, internetipv6, , , , , , 1, default | dun | hipri | supl, IPV6, IP, true, 0, 0, 1, false, 0, 0, 0, 0, , , 0, , 
04-11 19:59:58.273 D/TelephonyRegistry( 1891): Notify data connection state changed on sub: 2
04-11 19:59:58.273 D/TelephonyRegistry( 1891): Notify data connection state changed on sub: 2
04-11 19:59:58.273 D/TelephonyRegistry( 1891): Notify data connection state changed on sub: 2
04-11 19:59:58.273 D/TelephonyRegistry( 1891): Notify data connection state changed on sub: 2
04-11 19:59:58.273 D/TelephonyRegistry( 1891): Notify data connection state changed on sub: 2
04-11 19:59:58.274 D/TelephonyRegistry( 1891): broadcastPreciseDataConnectionStateChanged():state=2, apnType=default, smCause=(0), reason=null
04-11 19:59:58.275 D/RILJ    ( 3447): [4518]> OPERATOR [SUB0]
04-11 19:59:58.276 D/RILC    (  370): SOCKET RIL_SOCKET_1 REQUEST: OPERATOR length:8
04-11 19:59:58.277 D/RILJ    ( 3447): [4519]> DATA_REGISTRATION_STATE [SUB0]
04-11 19:59:58.278 D/RILJ    ( 3447): [4520]> VOICE_REGISTRATION_STATE [SUB0]
04-11 19:59:58.278 D/RILC    (  370): SOCKET RIL_SOCKET_1 REQUEST: DATA_REGISTRATION_STATE length:8
04-11 19:59:58.279 D/RILJ    ( 3447): [4521]> QUERY_NETWORK_SELECTION_MODE [SUB0]
04-11 19:59:58.280 D/RILC    (  370): SOCKET RIL_SOCKET_1 REQUEST: VOICE_REGISTRATION_STATE length:8
04-11 19:59:58.280 D/GsmSST  ( 3447): [GsmSST] getCellLocation(): X good mCellLoc=[57330,46057510,472]
04-11 19:59:58.281 D/RILC    (  370): RequestComplete, RIL_SOCKET_1
04-11 19:59:58.281 E/RILC    (  370): Send Response to RIL_SOCKET_1
04-11 19:59:58.282 E/RILC    (  370): RIL Response bytes written:4
04-11 19:59:58.282 D/RILC    (  370): SOCKET RIL_SOCKET_1 REQUEST: QUERY_NETWORK_SELECTION_MODE length:8
04-11 19:59:58.282 D/RILJ    ( 3447): [4518]< OPERATOR {Orange, Orange, 26003} [SUB0]
04-11 19:59:58.282 D/QtiGsmDCT( 3447): [0]QtiDcTracker handleMessage msg={ when=-84ms what=270377 obj=android.os.AsyncResult@fa5af39 target=com.qti.internal.telephony.dataconnection.QtiDcTracker }
04-11 19:59:58.282 D/QtiGsmDCT( 3447): [0]handleMessage msg={ when=-84ms what=270377 obj=android.os.AsyncResult@fa5af39 target=com.qti.internal.telephony.dataconnection.QtiDcTracker }
04-11 19:59:58.282 E/RILC    (  370): RIL Response bytes written:72
04-11 19:59:58.282 D/QtiGsmDCT( 3447): [0]onUpdateIcc: newIccRecords com.android.internal.telephony.uicc.SIMRecords
04-11 19:59:58.282 V/LG-FASTDORMANCY( 3447): [DCH/FACH] FDCount : 0 intent received :android.intent.action.SERVICE_STATE
04-11 19:59:58.282 E/PHONE   ( 3447): ServiceState.getRadioTechnology() DEPRECATED will be removed *******
04-11 19:59:58.282 I/LG-FASTDORMANCY( 3447): [DCH/FACH] FDCount : 0 Service State is changed : 0 0 voice home data home Orange Orange 26003 Orange Orange 26003  UMTS HSPAP CSS not supported -1 -1 RoamInd=-1 DefRoamInd=-1 EmergOnly=false IsDataRoamingFromRegistration=false mIsVoiceSearching=false mIsDataSearching=false mVoiceNetworkName=null mDataNetworkName=null Check64QAM0 Dual carrier0
04-11 19:59:58.282 I/LG-FASTDORMANCY( 3447): [DCH/FACH] FDCount : 0 radioTech changed!! currenRT = 15 isChange?? true
04-11 19:59:58.283 I/LG-FASTDORMANCY( 3447): [DCH/FACH] FDCount : 0 Radio Tech changed.
04-11 19:59:58.284 D/LG-FASTDORMANCY( 3447): [DCH/FACH] FDCount : 0 isUMTS(): RadioTech(15)
04-11 19:59:58.286 D/QtiGsmDCT( 3447): [0]getDataEnabled: getIntWithSubId retVal=true
04-11 19:59:58.289 D/RILC    (  370): RequestComplete, RIL_SOCKET_1
04-11 19:59:58.289 E/RILC    (  370): Send Response to RIL_SOCKET_1
04-11 19:59:58.289 E/RILC    (  370): RIL Response bytes written:4
04-11 19:59:58.289 E/RILC    (  370): RIL Response bytes written:120
04-11 19:59:58.289 D/RILJ    ( 3447): [4519]< DATA_REGISTRATION_STATE {1, dff2, 02bec826, 15, null, 20, null, null, null, null, null, 0} [SUB0]
04-11 19:59:58.289 D/QtiGsmDCT( 3447): [0]getDataOnRoamingEnabled: phoneSubId=2 isDataRoamingEnabled=false
04-11 19:59:58.290 D/QtiGsmDCT( 3447): [0]getDataEnabled: getIntWithSubId retVal=true
04-11 19:59:58.290 D/GsmSST  ( 3447): isSFROperators result = false
04-11 19:59:58.290 D/PHONE   ( 3447): [ServiceState] setDataRegState=0
04-11 19:59:58.290 D/PHONE   ( 3447): [ServiceState] setDataRadioTechnology=15
04-11 19:59:58.290 D/GsmSST  ( 3447): [GsmSST] LOGRadioInfo : In Service
04-11 19:59:58.290 D/GsmSST  ( 3447): [GsmSST] handlPollStateResultMessage: GsmSST setDataRegState=0 regState=1 dataRadioTechnology=15
04-11 19:59:58.291 D/RILC    (  370): RequestComplete, RIL_SOCKET_1
04-11 19:59:58.291 E/RILC    (  370): Send Response to RIL_SOCKET_1
04-11 19:59:58.291 E/RILC    (  370): RIL Response bytes written:4
04-11 19:59:58.291 D/RILJ    ( 3447): [4520]< VOICE_REGISTRATION_STATE {1, dff2, 02bec826, 3, null, null, null, 0, null, null, 1, null, null, 0, 1d8} [SUB0]
04-11 19:59:58.291 E/RILC    (  370): RIL Response bytes written:136
04-11 19:59:58.292 D/PHONE   ( 3447): [ServiceState] setVoiceRegState=0
04-11 19:59:58.292 E/PHONE   ( 3447): [ServiceState] setState deprecated use setVoiceRegState()
04-11 19:59:58.292 D/GsmSST  ( 3447): [GsmSST] LOGRadioInfo : In Service
04-11 19:59:58.296 D/RILC    (  370): RequestComplete, RIL_SOCKET_1
04-11 19:59:58.296 E/RILC    (  370): Send Response to RIL_SOCKET_1
04-11 19:59:58.296 E/RILC    (  370): RIL Response bytes written:4
04-11 19:59:58.296 E/RILC    (  370): RIL Response bytes written:20
04-11 19:59:58.296 D/RILJ    ( 3447): [4521]< QUERY_NETWORK_SELECTION_MODE {0} [SUB0]
04-11 19:59:58.299 D/GsmSST  ( 3447): [GsmSST] Poll ServiceState done:  oldSS=[0 0 voice home data home Orange Orange 26003 Orange Orange 26003  UMTS HSPAP CSS not supported -1 -1 RoamInd=-1 DefRoamInd=-1 EmergOnly=false IsDataRoamingFromRegistration=false mIsVoiceSearching=false mIsDataSearching=false mVoiceNetworkName=null mDataNetworkName=null Check64QAM0 Dual carrier0] newSS=[0 0 voice home data home Orange Orange 26003 Orange Orange 26003  UMTS HSPAP CSS not supported -1 -1 RoamInd=-1 DefRoamInd=-1 EmergOnly=false IsDataRoamingFromRegistration=false mIsVoiceSearching=false mIsDataSearching=false mVoiceNetworkName=null mDataNetworkName=null Check64QAM0 Dual carrier0] oldMaxDataCalls=20 mNewMaxDataCalls=20 oldReasonDataDenied=-1 mNewReasonDataDenied=-1
04-11 19:59:58.299 D/PHONE   ( 3447): [ServiceState] setNullState=1
04-11 19:59:58.299 D/RILJ    ( 3447): [4522]> REQUEST_GET_NEIGHBORING_CELL_IDS [SUB0]
04-11 19:59:58.301 D/RILC    (  370): SOCKET RIL_SOCKET_1 REQUEST: GET_NEIGHBORING_CELL_IDS length:8
04-11 19:59:58.301 I/RILQ    (  370): (0/370):RIL[0][main] qcril_qmi_nas_get_neighboring_cell_ids: completed with 0
04-11 19:59:58.304 I/RILQ    (  370): (0/370):RIL[0][qmi_cb] qcril_qmi_nas_get_neighboring_cells_cb: .. qmi error 0, resultqmi  0, qmi transp_err 0, ril res 0
04-11 19:59:58.305 D/RILC    (  370): RequestComplete, RIL_SOCKET_1
04-11 19:59:58.305 E/RILC    (  370): Send Response to RIL_SOCKET_1
04-11 19:59:58.305 E/RILC    (  370): RIL Response bytes written:4
04-11 19:59:58.305 E/RILC    (  370): RIL Response bytes written:156
04-11 19:59:58.305 I/RILQ    (  370): (0/370):RIL[0][qmi_cb] qcril_qmi_nas_get_neighboring_cells_cb: completed with 0 with 5 entries
04-11 19:59:58.307 D/RILJ    ( 3447): [4522]< REQUEST_GET_NEIGHBORING_CELL_IDS {[[]] [[]] [[]] [[]] [[]] } [SUB0]
04-11 19:59:58.310 D/RILJ    ( 3447): [4523]> RIL_REQUEST_GET_CELL_INFO_LIST [SUB0]
04-11 19:59:58.311 D/RILC    (  370): SOCKET RIL_SOCKET_1 REQUEST: GET_CELL_INFO_LIST length:8
04-11 19:59:58.314 D/RILC    (  370): RequestComplete, RIL_SOCKET_1
04-11 19:59:58.315 E/RILC    (  370): Send Response to RIL_SOCKET_1
04-11 19:59:58.315 E/RILC    (  370): RIL Response bytes written:4
04-11 19:59:58.316 D/RILJ    ( 3447): [4523]< RIL_REQUEST_GET_CELL_INFO_LIST [CellInfoWcdma:{mRegistered=YES mTimeStampType=oem_ril mTimeStamp=497027351680ns CellIdentityWcdma:{ mMcc=260 mMnc=3 mLac=57330 mCid=46057510 mPsc=472} CellSignalStrengthWcdma: ss=0 ber=99}, CellInfoWcdma:{mRegistered=NO mTimeStampType=oem_ril mTimeStamp=497027351680ns CellIdentityWcdma:{ mMcc=2147483647 mMnc=2147483647 mLac=2147483647 mCid=2147483647 mPsc=20} CellSignalStrengthWcdma: ss=6 ber=99}, CellInfoWcdma:{mRegistered=NO mTimeStampType=oem_ril mTimeStamp=497027351680ns CellIdentityWcdma:{ mMcc=2147483647 mMnc=2147483647 mLac=2147483647 mCid=2147483647 mPsc=62} CellSignalStrengthWcdma: ss=5 ber=99}, CellInfoWcdma:{mRegistered=NO mTimeStampType=oem_ril mTimeStamp=497027351680ns CellIdentityWcdma:{ mMcc=2147483647 mMnc=2147483647 mLac=2147483647 mCid=2147483647 mPsc=294} CellSignalStrengthWcdma: ss=4 ber=99}, CellInfoWcdma:{mRegistered=NO mTimeStampType=oem_ril mTimeStamp=497027351680ns CellIdentityWcdma:{ mMcc=2147483647 mMnc=2147483647 mLac=2147483647 mCid=2147483647 mPsc=296} CellSignalStrengthWcdma: ss=4 ber=99}, CellInfoWcdma:{mRegistered=NO mTimeStampType=oem_ril mTimeStamp=497027351680ns CellIdentityWcdma:{ mMcc=2147483647 mMnc=2147483647 mLac=2147483647 mCid=2147483647 mPsc=472} CellSignalStrengthWcdma: ss=9 ber=99}, CellInfoGsm:{mRegistered=NO mTimeStampType=oem_ril mTimeStamp=497027351680ns CellIdentityGsm:{ mMcc=2147483647 mMnc=2147483647 mLac=2147483647 mCid=2147483647} CellSignalStrengthGsm: ss=18 ber=99}, CellInfoGsm:{mRegistered=NO mTimeStampType=oem_ril mTimeStamp=497027351680ns CellIdentityGsm:{ mMcc=2147483647 mMnc=2147483647 mLac=2147483647 mCid=2147483647} CellSignalStrengthGsm: ss=18 ber=99}, CellInfoGsm:{mRegistered=NO mTimeStampType=oem_ril mTimeStamp=497027351680ns CellIdentityGsm:{ mMcc=2147483647 mMnc=2147483647 mLac=2147483647 mCid=2147483647} CellSignalStrengthGsm: ss=17 ber=99}, CellInfoGsm:{mRegistered=NO mTimeStampType=oem_ril mTimeStamp=497027351680ns CellIdentityGsm:{ mMcc=2147483647 mMnc=2147483647 mLac=2147483647 mCid=2147483647} CellSignalStrengthGsm: ss=14 ber=99}, CellInfoGsm:{mRegistered=NO mTimeStampType=oem_ril mTimeStamp=497027351680ns CellIdentityGsm:{ mMcc=2147483647 mMnc=2147483647 mLac=2147483647 mCid=2147483647} CellSignalStrengthGsm: ss=12 ber=99}, CellInfoGsm:{mRegistered=NO mTimeStampType=oem_ril mTimeStamp=497027351680ns CellIdentityGsm:{ mMcc=2147483647 mMnc=2147483647 mLac=2147483647 mCid=2147483647} CellSignalStrengthGsm: ss=12 ber=99}, CellInfoGsm:{mRegistered=NO mTimeStampType=oem_ril mTimeStamp=497027351680ns CellIdentityGsm:{ mMcc=2147483647 mMnc=2147483647 mLac=2147483647 mCid=2147483647} CellSignalStrengthGsm: ss=11 ber=99}, CellInfoGsm:{mRegistered=NO mTimeStampType=oem_ril mTimeStamp=497027351680ns CellIdentityGsm:{ mMcc=2147483647 mMnc=2147483647 mLac=2147483647 mCid=2147483647} CellSignalStrengthGsm: ss=9 ber=99}] [SUB0]
04-11 19:59:58.316 E/RILC    (  370): RIL Response bytes written:656
04-11 19:59:58.317 D/GsmSST  ( 3447): [GsmSST] SST.getAllCellInfo(): X size=14 list=[CellInfoWcdma:{mRegistered=YES mTimeStampType=oem_ril mTimeStamp=497027351680ns CellIdentityWcdma:{ mMcc=260 mMnc=3 mLac=57330 mCid=46057510 mPsc=472} CellSignalStrengthWcdma: ss=0 ber=99}, CellInfoWcdma:{mRegistered=NO mTimeStampType=oem_ril mTimeStamp=497027351680ns CellIdentityWcdma:{ mMcc=2147483647 mMnc=2147483647 mLac=2147483647 mCid=2147483647 mPsc=20} CellSignalStrengthWcdma: ss=6 ber=99}, CellInfoWcdma:{mRegistered=NO mTimeStampType=oem_ril mTimeStamp=497027351680ns CellIdentityWcdma:{ mMcc=2147483647 mMnc=2147483647 mLac=2147483647 mCid=2147483647 mPsc=62} CellSignalStrengthWcdma: ss=5 ber=99}, CellInfoWcdma:{mRegistered=NO mTimeStampType=oem_ril mTimeStamp=497027351680ns CellIdentityWcdma:{ mMcc=2147483647 mMnc=2147483647 mLac=2147483647 mCid=2147483647 mPsc=294} CellSignalStrengthWcdma: ss=4 ber=99}, CellInfoWcdma:{mRegistered=NO mTimeStampType=oem_ril mTimeStamp=497027351680ns CellIdentityWcdma:{ mMcc=2147483647 mMnc=2147483647 mLac=2147483647 mCid=2147483647 mPsc=296} CellSignalStrengthWcdma: ss=4 ber=99}, CellInfoWcdma:{mRegistered=NO mTimeStampType=oem_ril mTimeStamp=497027351680ns CellIdentityWcdma:{ mMcc=2147483647 mMnc=2147483647 mLac=2147483647 mCid=2147483647 mPsc=472} CellSignalStrengthWcdma: ss=9 ber=99}, CellInfoGsm:{mRegistered=NO mTimeStampType=oem_ril mTimeStamp=497027351680ns CellIdentityGsm:{ mMcc=2147483647 mMnc=2147483647 mLac=2147483647 mCid=2147483647} CellSignalStrengthGsm: ss=18 ber=99}, CellInfoGsm:{mRegistered=NO mTimeStampType=oem_ril mTimeStamp=497027351680ns CellIdentityGsm:{ mMcc=2147483647 mMnc=2147483647 mLac=2147483647 mCid=2147483647} CellSignalStrengthGsm: ss=18 ber=99}, CellInfoGsm:{mRegistered=NO mTimeStampType=oem_ril mTimeStamp=497027351680ns CellIdentityGsm:{ mMcc=2147483647 mMnc=2147483647 mLac=2147483647 mCid=2147483647} CellSignalStrengthGsm: ss=17 ber=99}, CellInfoGsm:{mRegistered=NO mTimeStampType=oem_ril mTimeStamp=497027351680ns CellIdentityGsm:{ mMcc=2147483647 mMnc=2147483647 mLac=2147483647 mCid=2147483647} CellSignalStrengthGsm: ss=14 ber=99}, CellInfoGsm:{mRegistered=NO mTimeStampType=oem_ril mTimeStamp=497027351680ns CellIdentityGsm:{ mMcc=2147483647 mMnc=2147483647 mLac=2147483647 mCid=2147483647} CellSignalStrengthGsm: ss=12 ber=99}, CellInfoGsm:{mRegistered=NO mTimeStampType=oem_ril mTimeStamp=497027351680ns CellIdentityGsm:{ mMcc=2147483647 mMnc=2147483647 mLac=2147483647 mCid=2147483647} CellSignalStrengthGsm: ss=12 ber=99}, CellInfoGsm:{mRegistered=NO mTimeStampType=oem_ril mTimeStamp=497027351680ns CellIdentityGsm:{ mMcc=2147483647 mMnc=2147483647 mLac=2147483647 mCid=2147483647} CellSignalStrengthGsm: ss=11 ber=99}, CellInfoGsm:{mRegistered=NO mTimeStampType=oem_ril mTimeStamp=497027351680ns CellIdentityGsm:{ mMcc=2147483647 mMnc=2147483647 mLac=2147483647 mCid=2147483647} CellSignalStrengthGsm: ss=9 ber=99}]
04-11 19:59:58.320 D/GsmSST  ( 3447): [GsmSST] getCellLocation(): X good mCellLoc=[57330,46057510,472]
04-11 19:59:58.442 D/QtiGsmDCT( 3447): [0]updateDataActivity: curTxRxSum={txSum=6981 rxSum=7892} preTxRxSum={txSum=6980 rxSum=7891}
04-11 19:59:58.442 D/QtiGsmDCT( 3447): [0]updateDataActivity: sent=1 received=1
04-11 19:59:58.442 D/QtiGsmDCT( 3447): [0]updateDataActivity: newActivity=DATAINANDOUT
04-11 19:59:58.448 D/QtiGsmDCT( 3447): [0]getDataEnabled: getIntWithSubId retVal=true
04-11 19:59:58.929 V/LG-FASTDORMANCY( 3447): [DCH/FACH] FDCount : 0 intent received :com.android.internal.telephony.ACTION_CHECK_NETSTAT
04-11 19:59:58.931 V/LG-FASTDORMANCY( 3447): [DCH/FACH] FDCount : 0 prev: TxPkts(6981), RxPkts(7891)
04-11 19:59:58.931 V/LG-FASTDORMANCY( 3447): [DCH/FACH] FDCount : 0 curr: TxPkts(6981), RxPkts(7892)
04-11 19:59:58.932 I/LG-FASTDORMANCY( 3447): [DCH/FACH] FDCount : 0 Scheduling checkNetStat for 1000msec, current state is [DCH/FACH] FDCount : 0 
04-11 19:59:59.449 D/QtiGsmDCT( 3447): [0]updateDataActivity: curTxRxSum={txSum=6981 rxSum=7892} preTxRxSum={txSum=6981 rxSum=7892}
04-11 19:59:59.449 D/QtiGsmDCT( 3447): [0]updateDataActivity: sent=0 received=0
04-11 19:59:59.449 D/QtiGsmDCT( 3447): [0]updateDataActivity: newActivity=NONE
04-11 19:59:59.454 D/QtiGsmDCT( 3447): [0]getDataEnabled: getIntWithSubId retVal=true
04-11 19:59:59.937 V/LG-FASTDORMANCY( 3447): [DCH/FACH] FDCount : 0 intent received :com.android.internal.telephony.ACTION_CHECK_NETSTAT
04-11 19:59:59.941 V/LG-FASTDORMANCY( 3447): [DCH/FACH] FDCount : 0 prev: TxPkts(6981), RxPkts(7892)
04-11 19:59:59.941 V/LG-FASTDORMANCY( 3447): [DCH/FACH] FDCount : 0 curr: TxPkts(6981), RxPkts(7892)
04-11 19:59:59.942 I/LG-FASTDORMANCY( 3447): [DCH/FACH] FDCount : 1 Scheduling checkNetStat for 1000msec, current state is [DCH/FACH] FDCount : 1 
04-11 20:00:00.455 D/QtiGsmDCT( 3447): [0]updateDataActivity: curTxRxSum={txSum=6981 rxSum=7892} preTxRxSum={txSum=6981 rxSum=7892}
04-11 20:00:00.455 D/QtiGsmDCT( 3447): [0]updateDataActivity: sent=0 received=0
04-11 20:00:00.945 V/LG-FASTDORMANCY( 3447): [DCH/FACH] FDCount : 1 intent received :com.android.internal.telephony.ACTION_CHECK_NETSTAT
04-11 20:00:00.950 V/LG-FASTDORMANCY( 3447): [DCH/FACH] FDCount : 1 prev: TxPkts(6981), RxPkts(7892)
04-11 20:00:00.950 V/LG-FASTDORMANCY( 3447): [DCH/FACH] FDCount : 1 curr: TxPkts(6981), RxPkts(7892)
04-11 20:00:00.951 I/LG-FASTDORMANCY( 3447): [DCH/FACH] FDCount : 2 Scheduling checkNetStat for 1000msec, current state is [DCH/FACH] FDCount : 2 
04-11 20:00:01.463 D/QtiGsmDCT( 3447): [0]updateDataActivity: curTxRxSum={txSum=6981 rxSum=7892} preTxRxSum={txSum=6981 rxSum=7892}
04-11 20:00:01.463 D/QtiGsmDCT( 3447): [0]updateDataActivity: sent=0 received=0
04-11 20:00:01.743 I/RILC    (  370): RIL_SOCKET_1 UNSOLICITED: UNSOL_SIGNAL_STRENGTH length:68
04-11 20:00:01.744 E/RILC    (  370): Send Response to RIL_SOCKET_1
04-11 20:00:01.744 E/RILC    (  370): RIL Response bytes written:4
04-11 20:00:01.744 E/RILC    (  370): RIL Response bytes written:68
04-11 20:00:01.744 D/GsmSST  ( 3447): [GsmSST] ServiceStateTrackerEx:onSignalStrengthResult() isGsm=true DataRadioTech=15
04-11 20:00:01.744 W/LGSignalStrength( 3447): setDataRadioTechnology: dataRadioTechnology = 15
04-11 20:00:01.745 D/DefaultPhoneNotifier( 3447): notifySignalStrength: mRegistry=com.android.internal.telephony.ITelephonyRegistry$Stub$Proxy@ced2ad0 ss=SignalStrength: 9 0 -96 -90 -120 -1 -1 99 2147483647 2147483647 2147483647 2147483647 2147483647 gsm|lte 15 0 -96 -90 sender=Handler (com.qti.internal.telephony.gsm.QtiGSMPhone) {560d91e}
04-11 20:00:01.762 D/QtiGsmDCT( 3447): [0]getDataEnabled: getIntWithSubId retVal=true
04-11 20:00:01.955 V/LG-FASTDORMANCY( 3447): [DCH/FACH] FDCount : 2 intent received :com.android.internal.telephony.ACTION_CHECK_NETSTAT
04-11 20:00:01.964 V/LG-FASTDORMANCY( 3447): [DCH/FACH] FDCount : 2 prev: TxPkts(6981), RxPkts(7892)
04-11 20:00:01.964 V/LG-FASTDORMANCY( 3447): [DCH/FACH] FDCount : 2 curr: TxPkts(6981), RxPkts(7892)
04-11 20:00:01.965 I/LG-FASTDORMANCY( 3447): [DCH/FACH] FDCount : 3 Scheduling checkNetStat for 1000msec, current state is [DCH/FACH] FDCount : 3 
04-11 20:00:02.469 D/QtiGsmDCT( 3447): [0]updateDataActivity: curTxRxSum={txSum=6981 rxSum=7892} preTxRxSum={txSum=6981 rxSum=7892}
04-11 20:00:02.469 D/QtiGsmDCT( 3447): [0]updateDataActivity: sent=0 received=0
04-11 20:00:02.970 V/LG-FASTDORMANCY( 3447): [DCH/FACH] FDCount : 3 intent received :com.android.internal.telephony.ACTION_CHECK_NETSTAT
04-11 20:00:02.974 V/LG-FASTDORMANCY( 3447): [DCH/FACH] FDCount : 3 prev: TxPkts(6981), RxPkts(7892)
04-11 20:00:02.974 V/LG-FASTDORMANCY( 3447): [DCH/FACH] FDCount : 3 curr: TxPkts(6981), RxPkts(7892)
04-11 20:00:02.975 I/LG-FASTDORMANCY( 3447): [DCH/FACH] FDCount : 4 Scheduling checkNetStat for 1000msec, current state is [DCH/FACH] FDCount : 4 
04-11 20:00:03.472 D/QtiGsmDCT( 3447): [0]updateDataActivity: curTxRxSum={txSum=6981 rxSum=7892} preTxRxSum={txSum=6981 rxSum=7892}
04-11 20:00:03.472 D/QtiGsmDCT( 3447): [0]updateDataActivity: sent=0 received=0
04-11 20:00:03.980 V/LG-FASTDORMANCY( 3447): [DCH/FACH] FDCount : 4 intent received :com.android.internal.telephony.ACTION_CHECK_NETSTAT
04-11 20:00:03.985 V/LG-FASTDORMANCY( 3447): [DCH/FACH] FDCount : 4 prev: TxPkts(6981), RxPkts(7892)
04-11 20:00:03.985 V/LG-FASTDORMANCY( 3447): [DCH/FACH] FDCount : 4 curr: TxPkts(6981), RxPkts(7892)
04-11 20:00:03.986 I/LG-FASTDORMANCY( 3447): [DCH/FACH] FDCount : 5 Scheduling checkNetStat for 1000msec, current state is [DCH/FACH] FDCount : 5 
04-11 20:00:04.477 D/QtiGsmDCT( 3447): [0]updateDataActivity: curTxRxSum={txSum=7088 rxSum=7999} preTxRxSum={txSum=6981 rxSum=7892}
04-11 20:00:04.478 D/QtiGsmDCT( 3447): [0]updateDataActivity: sent=107 received=107
04-11 20:00:04.478 D/QtiGsmDCT( 3447): [0]updateDataActivity: newActivity=DATAINANDOUT
04-11 20:00:04.483 D/QtiGsmDCT( 3447): [0]getDataEnabled: getIntWithSubId retVal=true
04-11 20:00:04.991 V/LG-FASTDORMANCY( 3447): [DCH/FACH] FDCount : 5 intent received :com.android.internal.telephony.ACTION_CHECK_NETSTAT
04-11 20:00:04.994 V/LG-FASTDORMANCY( 3447): [DCH/FACH] FDCount : 5 prev: TxPkts(6981), RxPkts(7892)
04-11 20:00:04.995 V/LG-FASTDORMANCY( 3447): [DCH/FACH] FDCount : 5 curr: TxPkts(7088), RxPkts(7999)
04-11 20:00:04.996 I/LG-FASTDORMANCY( 3447): [DCH/FACH] FDCount : 0 Scheduling checkNetStat for 1000msec, current state is [DCH/FACH] FDCount : 0 
04-11 20:00:05.484 D/QtiGsmDCT( 3447): [0]updateDataActivity: curTxRxSum={txSum=7126 rxSum=8039} preTxRxSum={txSum=7088 rxSum=7999}
04-11 20:00:05.484 D/QtiGsmDCT( 3447): [0]updateDataActivity: sent=38 received=40
04-11 20:00:06.003 V/LG-FASTDORMANCY( 3447): [DCH/FACH] FDCount : 0 intent received :com.android.internal.telephony.ACTION_CHECK_NETSTAT
04-11 20:00:06.007 V/LG-FASTDORMANCY( 3447): [DCH/FACH] FDCount : 0 prev: TxPkts(7088), RxPkts(7999)
04-11 20:00:06.008 V/LG-FASTDORMANCY( 3447): [DCH/FACH] FDCount : 0 curr: TxPkts(7236), RxPkts(8147)
04-11 20:00:06.008 I/LG-FASTDORMANCY( 3447): [DCH/FACH] FDCount : 0 Scheduling checkNetStat for 1000msec, current state is [DCH/FACH] FDCount : 0 
04-11 20:00:06.488 D/QtiGsmDCT( 3447): [0]updateDataActivity: curTxRxSum={txSum=7242 rxSum=8149} preTxRxSum={txSum=7126 rxSum=8039}
04-11 20:00:06.488 D/QtiGsmDCT( 3447): [0]updateDataActivity: sent=116 received=110
04-11 20:00:07.013 V/LG-FASTDORMANCY( 3447): [DCH/FACH] FDCount : 0 intent received :com.android.internal.telephony.ACTION_CHECK_NETSTAT
04-11 20:00:07.017 V/LG-FASTDORMANCY( 3447): [DCH/FACH] FDCount : 0 prev: TxPkts(7236), RxPkts(8147)
04-11 20:00:07.017 V/LG-FASTDORMANCY( 3447): [DCH/FACH] FDCount : 0 curr: TxPkts(7400), RxPkts(8311)
04-11 20:00:07.018 I/LG-FASTDORMANCY( 3447): [DCH/FACH] FDCount : 0 Scheduling checkNetStat for 1000msec, current state is [DCH/FACH] FDCount : 0 
04-11 20:00:07.493 D/QtiGsmDCT( 3447): [0]updateDataActivity: curTxRxSum={txSum=7400 rxSum=8311} preTxRxSum={txSum=7242 rxSum=8149}
04-11 20:00:07.493 D/QtiGsmDCT( 3447): [0]updateDataActivity: sent=158 received=162
04-11 20:00:08.021 V/LG-FASTDORMANCY( 3447): [DCH/FACH] FDCount : 0 intent received :com.android.internal.telephony.ACTION_CHECK_NETSTAT
04-11 20:00:08.028 V/LG-FASTDORMANCY( 3447): [DCH/FACH] FDCount : 0 prev: TxPkts(7400), RxPkts(8311)
04-11 20:00:08.029 V/LG-FASTDORMANCY( 3447): [DCH/FACH] FDCount : 0 curr: TxPkts(7510), RxPkts(8419)
04-11 20:00:08.030 I/LG-FASTDORMANCY( 3447): [DCH/FACH] FDCount : 0 Scheduling checkNetStat for 1000msec, current state is [DCH/FACH] FDCount : 0 
